
Note: Compatibility modes selected: hs a


Circuit: * tmds-final-mux-eye @ sf_-40c_3.30v_742p5mbps -- generated by sim/harness, do not edit

Doing analysis at TEMP = -40.000000 and TNOM = 27.000000

Using SPARSE 1.3 as Direct Linear Solver

Initial Transient Solution
--------------------------

Node                                   Voltage
----                                   -------
vdd                                        3.3
avcc                                       3.3
clkp                                      1.98
clkn                                      0.99
d0p                                      2.805
d0n                                      1.815
d1p                                      2.805
d1n                                      1.815
d0ps                                     1.815
d0ns                                     2.805
d1ps                                     1.815
d1ns                                     2.805
ckref                                     0.99
win                                          0
winr                                         0
winc                                         0
xmux_m.top                             2.82471
xmux_m.xrc.11                          2.85407
xmux_m.xrc.21                          3.27064
outp_m                                 1.83851
xmux_m.xrlp.11                         1.86787
xmux_m.xrlp.21                         2.79535
outn_m                                 2.82471
xmux_m.xrln.11                         2.82471
xmux_m.xrln.21                         2.82471
xmux_m.ibias                            1.2063
xmux_m.xrref.11                        1.22183
xmux_m.xrref.21                        3.28447
xmux_m.sa                              1.25244
xmux_m.sb                              1.83851
xmux_m.tail                           0.646315
dop_m                                      3.3
xdrv_m.tail                            1.27877
don_m                                  2.79885
ib_m                                   1.22493
vd_m                                  0.986196
vdn_m                                 0.996158
vdg_m                                        0
xmux_s.top                             2.82471
xmux_s.xrc.11                          2.85407
xmux_s.xrc.21                          3.27064
outp_s                                 2.82471
xmux_s.xrlp.11                         2.82471
xmux_s.xrlp.21                         2.82471
outn_s                                 1.83851
xmux_s.xrln.11                         1.86787
xmux_s.xrln.21                         2.79535
xmux_s.ibias                            1.2063
xmux_s.xrref.11                        1.22183
xmux_s.xrref.21                        3.28447
xmux_s.sa                              1.25244
xmux_s.sb                              1.83851
xmux_s.tail                           0.646315
dop_s                                  2.79885
xdrv_s.tail                            1.27877
don_s                                      3.3
ib_s                                   1.22493
vd_s                                 -0.986196
vdn_s                                -0.996158
vdg_s                                        0
xmux_n.top                             2.82471
xmux_n.xrc.11                          2.85407
xmux_n.xrc.21                          3.27064
outp_n                                 1.83851
xmux_n.xrlp.11                         1.86787
xmux_n.xrlp.21                         2.79535
outn_n                                 2.82471
xmux_n.xrln.11                         2.82471
xmux_n.xrln.21                         2.82471
xmux_n.ibias                            1.2063
xmux_n.xrref.11                        1.22183
xmux_n.xrref.21                        3.28447
xmux_n.sa                              1.25244
xmux_n.sb                              1.83851
xmux_n.tail                           0.646315
vd_n                                  0.986196
vdn_n                                 0.996158
vdg_n                                        0
d0pz                                     2.805
d0nz                                     1.815
clkpz                                     1.98
clknz                                     0.99
vdd_z                                      3.3
xmux_z.top                             2.82471
xmux_z.xrc.11                          2.85407
xmux_z.xrc.21                          3.27064
outp_z                                 1.83851
xmux_z.xrlp.11                         1.86787
xmux_z.xrlp.21                         2.79535
outn_z                                 2.82471
xmux_z.xrln.11                         2.82471
xmux_z.xrln.21                         2.82471
xmux_z.ibias                            1.2063
xmux_z.xrref.11                        1.22183
xmux_z.xrref.21                        3.28447
xmux_z.sa                              1.25244
xmux_z.sb                              2.20396
xmux_z.tail                           0.646315
dop_z                                      3.3
xdrv_z.tail                            1.27877
don_z                                  2.79885
ib_z                                   1.22493
bvdg_n#branch                                0
bvdg_s#branch                                0
bvdg_m#branch                                0
envd_n#branch                                0
emux_n#branch                                0
envd_s#branch                                0
emux_s#branch                                0
envd_m#branch                                0
emux_m#branch                                0
eckref#branch                                0
vsens_z#branch                     -0.00934088
vclknz#branch                                0
vclkpz#branch                                0
vd0nz#branch                                 0
vd0pz#branch                                 0
vwinc#branch                                 0
vwinr#branch                                 0
vwin#branch                                  0
vd1ns#branch                                 0
vd1ps#branch                                 0
vd0ns#branch                                 0
vd0ps#branch                                 0
vd1n#branch                                  0
vd1p#branch                                  0
vd0n#branch                                  0
vd0p#branch                                  0
vclkn#branch                                 0
vclkp#branch                                 0
vavcc#branch                        -0.0300692
vvdd#branch                         -0.0280226

 Reference value :  0.00000e+00
 Reference value :  2.82303e-09
 Reference value :  5.45585e-09
 Reference value :  8.08095e-09
 Reference value :  9.99329e-09
 Reference value :  1.23152e-08
 Reference value :  1.48827e-08
 Reference value :  1.69824e-08
 Reference value :  1.90552e-08
 Reference value :  2.15896e-08
 Reference value :  2.42424e-08
 Reference value :  2.62227e-08
 Reference value :  2.84158e-08
 Reference value :  3.10283e-08
 Reference value :  3.36700e-08
 Reference value :  3.57081e-08
 Reference value :  3.79298e-08
 Reference value :  4.05628e-08
 Reference value :  4.31991e-08
 Reference value :  4.58463e-08
 Reference value :  4.83882e-08
 Reference value :  5.02573e-08
 Reference value :  5.27030e-08
 Reference value :  5.52190e-08
 Reference value :  5.68995e-08
 Reference value :  5.94599e-08
No. of Data Rows : 7506
m_ui_ref            =  1.34680e-09 targ=  1.35430e-08 trig=  1.21962e-08
m_spa_in            =  5.38721e-09 targ=  1.75834e-08 trig=  1.21962e-08
m_spb_in            =  4.04040e-09 targ=  1.62366e-08 trig=  1.21962e-08
m_spa_m             =  5.38725e-09 targ=  1.76370e-08 trig=  1.22498e-08
m_spb_m             =  4.04044e-09 targ=  1.62902e-08 trig=  1.22498e-08
m_trise_m           =  6.63828e-11 targ=  1.63239e-08 trig=  1.62575e-08
m_tfall_m           =  6.63628e-11 targ=  1.49771e-08 trig=  1.49107e-08
m_trise_n           =  5.23221e-11 targ=  1.63041e-08 trig=  1.62518e-08
m_dj_ui_m = 2.9700007647e-05
m_vih_m = 2.8198570330e+00
m_vil_m = 1.8080375633e+00
m_vswing_m = 1.0118194697e+00
m_vih_m_frac = 8.5450213123e-01
m_vil_m_frac = 5.4789017071e-01
m_vcm_m_frac = 7.0119614100e-01
m_vswing_s = 1.0358768045e+00
m_vglitch_m = 4.6116772526e-01
m_vswing_n = 1.0118654697e+00
m_vswing_dc = 9.8619623778e-01
m_vcm_dc_frac = 7.0654807031e-01
m_icell_dc = 9.3408789348e-03
m_vgs_mu_max = 1.5864227671e+00
m_vds_mu_max = 1.3391208021e+00
m_vds_mt_max = 6.4597716065e-01
Note: Simulation executed from .control section 

Warning: m=xx on .subckt line will override multiplier m hierarchy!

Note: Starting dynamic gmin stepping
Note: Dynamic gmin stepping completed
