
Note: Compatibility modes selected: hs a


Circuit: * tmds-final-mux-eye @ sf_125c_2.97v_742p5mbps -- generated by sim/harness, do not edit

Doing analysis at TEMP = 125.000000 and TNOM = 27.000000

Using SPARSE 1.3 as Direct Linear Solver

Initial Transient Solution
--------------------------

Node                                   Voltage
----                                   -------
vdd                                       2.97
avcc                                       3.3
clkp                                     1.782
clkn                                     0.891
d0p                                     2.5245
d0n                                     1.6335
d1p                                     2.5245
d1n                                     1.6335
d0ps                                    1.6335
d0ns                                    2.5245
d1ps                                    1.6335
d1ns                                    2.5245
ckref                                    0.891
win                                          0
winr                                         0
winc                                         0
xmux_m.top                             2.57893
xmux_m.xrc.11                          2.59857
xmux_m.xrc.21                          2.95036
outp_m                                 1.75797
xmux_m.xrlp.11                         1.77757
xmux_m.xrlp.21                         2.55933
outn_m                                 2.57739
xmux_m.xrln.11                         2.57743
xmux_m.xrln.21                          2.5789
xmux_m.ibias                           1.15225
xmux_m.xrref.11                        1.16297
xmux_m.xrref.21                        2.95929
xmux_m.sa                               1.0085
xmux_m.sb                              1.75484
xmux_m.tail                           0.493298
dop_m                                  3.29022
xdrv_m.tail                            1.00242
don_m                                  2.81495
ib_m                                    1.2172
vd_m                                  0.819427
vdn_m                                 0.919671
vdg_m                                        0
xmux_s.top                             2.57893
xmux_s.xrc.11                          2.59857
xmux_s.xrc.21                          2.95036
outp_s                                 2.57739
xmux_s.xrlp.11                         2.57743
xmux_s.xrlp.21                          2.5789
outn_s                                 1.75797
xmux_s.xrln.11                         1.77757
xmux_s.xrln.21                         2.55933
xmux_s.ibias                           1.15225
xmux_s.xrref.11                        1.16297
xmux_s.xrref.21                        2.95929
xmux_s.sa                               1.0085
xmux_s.sb                              1.75484
xmux_s.tail                           0.493298
dop_s                                  2.81495
xdrv_s.tail                            1.00242
don_s                                  3.29022
ib_s                                    1.2172
vd_s                                 -0.819427
vdn_s                                -0.919671
vdg_s                                        0
xmux_n.top                             2.57893
xmux_n.xrc.11                          2.59857
xmux_n.xrc.21                          2.95036
outp_n                                 1.75797
xmux_n.xrlp.11                         1.77757
xmux_n.xrlp.21                         2.55933
outn_n                                 2.57739
xmux_n.xrln.11                         2.57743
xmux_n.xrln.21                          2.5789
xmux_n.ibias                           1.15225
xmux_n.xrref.11                        1.16297
xmux_n.xrref.21                        2.95929
xmux_n.sa                               1.0085
xmux_n.sb                              1.75484
xmux_n.tail                           0.493298
vd_n                                  0.819427
vdn_n                                 0.919671
vdg_n                                        0
d0pz                                    2.5245
d0nz                                    1.6335
clkpz                                    1.782
clknz                                    0.891
vdd_z                                     2.97
xmux_z.top                             2.57893
xmux_z.xrc.11                          2.59857
xmux_z.xrc.21                          2.95036
outp_z                                 1.75806
xmux_z.xrlp.11                         1.77766
xmux_z.xrlp.21                         2.55934
outn_z                                  2.5773
xmux_z.xrln.11                         2.57733
xmux_z.xrln.21                          2.5789
xmux_z.ibias                           1.15225
xmux_z.xrref.11                        1.16297
xmux_z.xrref.21                        2.95929
xmux_z.sa                              1.00851
xmux_z.sb                              1.89539
xmux_z.tail                           0.493303
dop_z                                  3.29019
xdrv_z.tail                            1.00236
don_z                                  2.81497
ib_z                                    1.2172
bvdg_n#branch                                0
bvdg_s#branch                                0
bvdg_m#branch                                0
envd_n#branch                                0
emux_n#branch                                0
envd_s#branch                                0
emux_s#branch                                0
envd_m#branch                                0
emux_m#branch                                0
eckref#branch                                0
vsens_z#branch                     -0.00798584
vclknz#branch                                0
vclkpz#branch                                0
vd0nz#branch                                 0
vd0pz#branch                                 0
vwinc#branch                                 0
vwinr#branch                                 0
vwin#branch                                  0
vd1ns#branch                                 0
vd1ps#branch                                 0
vd0ns#branch                                 0
vd0ps#branch                                 0
vd1n#branch                                  0
vd1p#branch                                  0
vd0n#branch                                  0
vd0p#branch                                  0
vclkn#branch                                 0
vclkp#branch                                 0
vavcc#branch                          -0.02969
vvdd#branch                         -0.0239575

 Reference value :  0.00000e+00
 Reference value :  2.89767e-09
 Reference value :  5.62162e-09
 Reference value :  8.41060e-09
 Reference value :  1.13098e-08
 Reference value :  1.39088e-08
 Reference value :  1.65033e-08
 Reference value :  1.90896e-08
 Reference value :  2.17131e-08
 Reference value :  2.44433e-08
 Reference value :  2.70762e-08
 Reference value :  2.97836e-08
 Reference value :  3.25233e-08
 Reference value :  3.52422e-08
 Reference value :  3.80230e-08
 Reference value :  4.10252e-08
 Reference value :  4.41195e-08
 Reference value :  4.71415e-08
 Reference value :  4.99217e-08
 Reference value :  5.26753e-08
 Reference value :  5.53052e-08
 Reference value :  5.80537e-08
 Reference value :  6.07635e-08
No. of Data Rows : 6880
m_ui_ref            =  1.34680e-09 targ=  1.35430e-08 trig=  1.21962e-08
m_spa_in            =  5.38721e-09 targ=  1.75834e-08 trig=  1.21962e-08
m_spb_in            =  4.04040e-09 targ=  1.62366e-08 trig=  1.21962e-08
m_spa_m             =  5.38725e-09 targ=  1.76535e-08 trig=  1.22662e-08
m_spb_m             =  4.04045e-09 targ=  1.63067e-08 trig=  1.22662e-08
m_trise_m           =  9.07542e-11 targ=  1.63548e-08 trig=  1.62641e-08
m_tfall_m           =  9.07516e-11 targ=  1.50080e-08 trig=  1.49173e-08
m_trise_n           =  7.49332e-11 targ=  1.63303e-08 trig=  1.62553e-08
m_dj_ui_m = 3.7125009560e-05
m_vih_m = 2.5719923730e+00
m_vil_m = 1.7442633744e+00
m_vswing_m = 8.2772899866e-01
m_vih_m_frac = 8.6599069798e-01
m_vil_m_frac = 5.8729406544e-01
m_vcm_m_frac = 7.2664251617e-01
m_vswing_s = 8.5745032444e-01
m_vglitch_m = 3.4285474312e-01
m_vswing_n = 8.3059253302e-01
m_vswing_dc = 8.1923501632e-01
m_vcm_dc_frac = 7.2985797648e-01
m_icell_dc = 7.9858429770e-03
m_vgs_mu_max = 1.5199928498e+00
m_vds_mu_max = 1.2731490675e+00
m_vds_mt_max = 4.9285217351e-01
Note: Simulation executed from .control section 

Warning: m=xx on .subckt line will override multiplier m hierarchy!

