
Note: Compatibility modes selected: hs a


Circuit: * tmds-final-mux-eye @ sf_27c_3.63v_742p5mbps -- generated by sim/harness, do not edit

Doing analysis at TEMP = 27.000000 and TNOM = 27.000000

Using SPARSE 1.3 as Direct Linear Solver

Initial Transient Solution
--------------------------

Node                                   Voltage
----                                   -------
vdd                                       3.63
avcc                                       3.3
clkp                                     2.178
clkn                                     1.089
d0p                                     3.0855
d0n                                     1.9965
d1p                                     3.0855
d1n                                     1.9965
d0ps                                    1.9965
d0ns                                    3.0855
d1ps                                    1.9965
d1ns                                    3.0855
ckref                                    1.089
win                                          0
winr                                         0
winc                                         0
xmux_m.top                             3.08811
xmux_m.xrc.11                          3.11907
xmux_m.xrc.21                          3.59904
outp_m                                 1.95759
xmux_m.xrlp.11                         1.98855
xmux_m.xrlp.21                         3.05715
outn_m                                  3.0881
xmux_m.xrln.11                          3.0881
xmux_m.xrln.21                         3.08811
xmux_m.ibias                           1.23831
xmux_m.xrref.11                        1.25457
xmux_m.xrref.21                        3.61374
xmux_m.sa                              1.38957
xmux_m.sb                              1.95759
xmux_m.tail                           0.762289
dop_m                                      3.3
xdrv_m.tail                            1.46905
don_m                                  2.79514
ib_m                                   1.22263
vd_m                                   1.13051
vdn_m                                  1.03811
vdg_m                                        0
xmux_s.top                             3.08811
xmux_s.xrc.11                          3.11907
xmux_s.xrc.21                          3.59904
outp_s                                  3.0881
xmux_s.xrlp.11                          3.0881
xmux_s.xrlp.21                         3.08811
outn_s                                 1.95759
xmux_s.xrln.11                         1.98855
xmux_s.xrln.21                         3.05715
xmux_s.ibias                           1.23831
xmux_s.xrref.11                        1.25457
xmux_s.xrref.21                        3.61374
xmux_s.sa                              1.38957
xmux_s.sb                              1.95759
xmux_s.tail                           0.762289
dop_s                                  2.79514
xdrv_s.tail                            1.46905
don_s                                      3.3
ib_s                                   1.22263
vd_s                                  -1.13051
vdn_s                                 -1.03811
vdg_s                                        0
xmux_n.top                             3.08811
xmux_n.xrc.11                          3.11907
xmux_n.xrc.21                          3.59904
outp_n                                 1.95759
xmux_n.xrlp.11                         1.98855
xmux_n.xrlp.21                         3.05715
outn_n                                  3.0881
xmux_n.xrln.11                          3.0881
xmux_n.xrln.21                         3.08811
xmux_n.ibias                           1.23831
xmux_n.xrref.11                        1.25457
xmux_n.xrref.21                        3.61374
xmux_n.sa                              1.38957
xmux_n.sb                              1.95759
xmux_n.tail                           0.762289
vd_n                                   1.13051
vdn_n                                  1.03811
vdg_n                                        0
d0pz                                    3.0855
d0nz                                    1.9965
clkpz                                    2.178
clknz                                    1.089
vdd_z                                     3.63
xmux_z.top                             3.08811
xmux_z.xrc.11                          3.11907
xmux_z.xrc.21                          3.59904
outp_z                                 1.95759
xmux_z.xrlp.11                         1.98855
xmux_z.xrlp.21                         3.05715
outn_z                                  3.0881
xmux_z.xrln.11                          3.0881
xmux_z.xrln.21                         3.08811
xmux_z.ibias                           1.23831
xmux_z.xrref.11                        1.25457
xmux_z.xrref.21                        3.61374
xmux_z.sa                              1.38957
xmux_z.sb                              2.50764
xmux_z.tail                           0.762289
dop_z                                      3.3
xdrv_z.tail                            1.46905
don_z                                  2.79514
ib_z                                   1.22263
bvdg_n#branch                                0
bvdg_s#branch                                0
bvdg_m#branch                                0
envd_n#branch                                0
emux_n#branch                                0
envd_s#branch                                0
emux_s#branch                                0
envd_m#branch                                0
emux_m#branch                                0
eckref#branch                                0
vsens_z#branch                       -0.010855
vclknz#branch                                0
vclkpz#branch                                0
vd0nz#branch                                 0
vd0pz#branch                                 0
vwinc#branch                                 0
vwinr#branch                                 0
vwin#branch                                  0
vd1ns#branch                                 0
vd1ps#branch                                 0
vd0ns#branch                                 0
vd0ps#branch                                 0
vd1n#branch                                  0
vd1p#branch                                  0
vd0n#branch                                  0
vd0p#branch                                  0
vclkn#branch                                 0
vclkp#branch                                 0
vavcc#branch                        -0.0302914
vvdd#branch                          -0.032565

 Reference value :  0.00000e+00
 Reference value :  2.84453e-09
 Reference value :  5.44592e-09
 Reference value :  7.87011e-09
 Reference value :  9.67075e-09
 Reference value :  1.22787e-08
 Reference value :  1.48394e-08
 Reference value :  1.65671e-08
 Reference value :  1.90016e-08
 Reference value :  2.13962e-08
 Reference value :  2.35673e-08
 Reference value :  2.59609e-08
 Reference value :  2.83421e-08
 Reference value :  3.09764e-08
 Reference value :  3.27823e-08
 Reference value :  3.51941e-08
 Reference value :  3.78583e-08
 Reference value :  4.04832e-08
 Reference value :  4.31273e-08
 Reference value :  4.57954e-08
 Reference value :  4.83697e-08
 Reference value :  5.05433e-08
 Reference value :  5.29169e-08
 Reference value :  5.52853e-08
 Reference value :  5.78474e-08
 Reference value :  5.95182e-08
No. of Data Rows : 7399
m_ui_ref            =  1.34680e-09 targ=  1.35430e-08 trig=  1.21962e-08
m_spa_in            =  5.38721e-09 targ=  1.75834e-08 trig=  1.21962e-08
m_spb_in            =  4.04040e-09 targ=  1.62366e-08 trig=  1.21962e-08
m_spa_m             =  5.38724e-09 targ=  1.76403e-08 trig=  1.22531e-08
m_spb_m             =  4.04043e-09 targ=  1.62935e-08 trig=  1.22531e-08
m_trise_m           =  6.55157e-11 targ=  1.63273e-08 trig=  1.62618e-08
m_tfall_m           =  6.55018e-11 targ=  1.49805e-08 trig=  1.49150e-08
m_trise_n           =  5.18531e-11 targ=  1.63078e-08 trig=  1.62559e-08
m_dj_ui_m = 2.2275005736e-05
m_vih_m = 3.0827013291e+00
m_vil_m = 1.9301243790e+00
m_vswing_m = 1.1525769500e+00
m_vih_m_frac = 8.4922901627e-01
m_vil_m_frac = 5.3171470496e-01
m_vcm_m_frac = 6.9047184880e-01
m_vswing_s = 1.1668772363e+00
m_vglitch_m = 5.4249015140e-01
m_vswing_n = 1.1550881856e+00
m_vswing_dc = 1.1305071273e+00
m_vcm_dc_frac = 6.9499827586e-01
m_icell_dc = 1.0855015994e-02
m_vgs_mu_max = 1.7102009392e+00
m_vds_mu_max = 1.3437155281e+00
m_vds_mt_max = 7.6180134791e-01
Note: Simulation executed from .control section 

Warning: m=xx on .subckt line will override multiplier m hierarchy!

