
Note: Compatibility modes selected: hs a


Circuit: * tmds-final-mux-eye @ ff_125c_2.97v_742p5mbps -- generated by sim/harness, do not edit

Doing analysis at TEMP = 125.000000 and TNOM = 27.000000

Using SPARSE 1.3 as Direct Linear Solver

Initial Transient Solution
--------------------------

Node                                   Voltage
----                                   -------
vdd                                       2.97
avcc                                       3.3
clkp                                     1.782
clkn                                     0.891
d0p                                     2.5245
d0n                                     1.6335
d1p                                     2.5245
d1n                                     1.6335
d0ps                                    1.6335
d0ns                                    2.5245
d1ps                                    1.6335
d1ns                                    2.5245
ckref                                    0.891
win                                          0
winr                                         0
winc                                         0
xmux_m.top                             2.52669
xmux_m.xrc.11                          2.55384
xmux_m.xrc.21                          2.94285
outp_m                                 1.65129
xmux_m.xrlp.11                         1.67813
xmux_m.xrlp.21                         2.49984
outn_m                                 2.51691
xmux_m.xrln.11                         2.51721
xmux_m.xrln.21                         2.52639
xmux_m.ibias                           1.00631
xmux_m.xrref.11                        1.02074
xmux_m.xrref.21                        2.95557
xmux_m.sa                              1.08151
xmux_m.sb                              1.65091
xmux_m.tail                           0.597312
dop_m                                  3.29848
xdrv_m.tail                            1.19498
don_m                                  2.79609
ib_m                                  0.980829
vd_m                                  0.865628
vdn_m                                 0.971524
vdg_m                                        0
xmux_s.top                             2.52669
xmux_s.xrc.11                          2.55384
xmux_s.xrc.21                          2.94285
outp_s                                 2.51691
xmux_s.xrlp.11                         2.51721
xmux_s.xrlp.21                         2.52639
outn_s                                 1.65129
xmux_s.xrln.11                         1.67813
xmux_s.xrln.21                         2.49984
xmux_s.ibias                           1.00631
xmux_s.xrref.11                        1.02074
xmux_s.xrref.21                        2.95557
xmux_s.sa                              1.08151
xmux_s.sb                              1.65091
xmux_s.tail                           0.597312
dop_s                                  2.79609
xdrv_s.tail                            1.19498
don_s                                  3.29848
ib_s                                  0.980829
vd_s                                 -0.865628
vdn_s                                -0.971524
vdg_s                                        0
xmux_n.top                             2.52669
xmux_n.xrc.11                          2.55384
xmux_n.xrc.21                          2.94285
outp_n                                 1.65129
xmux_n.xrlp.11                         1.67813
xmux_n.xrlp.21                         2.49984
outn_n                                 2.51691
xmux_n.xrln.11                         2.51721
xmux_n.xrln.21                         2.52639
xmux_n.ibias                           1.00631
xmux_n.xrref.11                        1.02074
xmux_n.xrref.21                        2.95557
xmux_n.sa                              1.08151
xmux_n.sb                              1.65091
xmux_n.tail                           0.597312
vd_n                                  0.865628
vdn_n                                 0.971524
vdg_n                                        0
d0pz                                    2.5245
d0nz                                    1.6335
clkpz                                    1.782
clknz                                    0.891
vdd_z                                     2.97
xmux_z.top                             2.52669
xmux_z.xrc.11                          2.55383
xmux_z.xrc.21                          2.94285
outp_z                                  1.6516
xmux_z.xrlp.11                         1.67844
xmux_z.xrlp.21                         2.49985
outn_z                                 2.51658
xmux_z.xrln.11                         2.51689
xmux_z.xrln.21                         2.52638
xmux_z.ibias                           1.00631
xmux_z.xrref.11                        1.02074
xmux_z.xrref.21                        2.95557
xmux_z.sa                              1.08164
xmux_z.sb                              2.00886
xmux_z.tail                           0.597371
dop_z                                  3.29846
xdrv_z.tail                            1.19472
don_z                                  2.79611
ib_z                                  0.980829
bvdg_n#branch                                0
bvdg_s#branch                                0
bvdg_m#branch                                0
envd_n#branch                                0
emux_n#branch                                0
envd_s#branch                                0
emux_s#branch                                0
envd_m#branch                                0
emux_m#branch                                0
eckref#branch                                0
vsens_z#branch                      -0.0110243
vclknz#branch                                0
vclkpz#branch                                0
vd0nz#branch                                 0
vd0pz#branch                                 0
vwinc#branch                                 0
vwinr#branch                                 0
vwin#branch                                  0
vd1ns#branch                                 0
vd1ps#branch                                 0
vd0ns#branch                                 0
vd0ps#branch                                 0
vd1n#branch                                  0
vd1p#branch                                  0
vd0n#branch                                  0
vd0p#branch                                  0
vclkn#branch                                 0
vclkp#branch                                 0
vavcc#branch                        -0.0303256
vvdd#branch                         -0.0330726

 Reference value :  0.00000e+00
 Reference value :  2.96792e-09
 Reference value :  5.71349e-09
 Reference value :  8.40523e-09
 Reference value :  1.10472e-08
 Reference value :  1.37265e-08
 Reference value :  1.63652e-08
 Reference value :  1.90052e-08
 Reference value :  2.15501e-08
 Reference value :  2.42469e-08
 Reference value :  2.69360e-08
 Reference value :  2.84446e-08
 Reference value :  3.11289e-08
 Reference value :  3.38317e-08
 Reference value :  3.65192e-08
 Reference value :  3.92096e-08
 Reference value :  4.19050e-08
 Reference value :  4.46047e-08
 Reference value :  4.73185e-08
 Reference value :  5.00190e-08
 Reference value :  5.27270e-08
 Reference value :  5.52189e-08
 Reference value :  5.79125e-08
 Reference value :  6.06061e-08
No. of Data Rows : 6913
m_ui_ref            =  1.34680e-09 targ=  1.35430e-08 trig=  1.21962e-08
m_spa_in            =  5.38721e-09 targ=  1.75834e-08 trig=  1.21962e-08
m_spb_in            =  4.04040e-09 targ=  1.62366e-08 trig=  1.21962e-08
m_spa_m             =  5.38723e-09 targ=  1.76354e-08 trig=  1.22482e-08
m_spb_m             =  4.04042e-09 targ=  1.62886e-08 trig=  1.22482e-08
m_trise_m           =  6.96535e-11 targ=  1.63250e-08 trig=  1.62553e-08
m_tfall_m           =  6.96140e-11 targ=  1.49782e-08 trig=  1.49085e-08
m_trise_n           =  6.08271e-11 targ=  1.63103e-08 trig=  1.62495e-08
m_dj_ui_m = 1.6335004207e-05
m_vih_m = 2.5131746428e+00
m_vil_m = 1.6418675217e+00
m_vswing_m = 8.7130712114e-01
m_vih_m_frac = 8.4618674842e-01
m_vil_m_frac = 5.5281734736e-01
m_vcm_m_frac = 6.9950229461e-01
m_vswing_s = 8.7877013669e-01
m_vglitch_m = 5.1333540504e-01
m_vswing_n = 8.7257250378e-01
m_vswing_dc = 8.6497502501e-01
m_vcm_dc_frac = 7.0171362300e-01
m_icell_dc = 1.1024316712e-02
m_vgs_mu_max = 1.4477339491e+00
m_vds_mu_max = 1.0115843075e+00
m_vds_mt_max = 5.9708234690e-01
Note: Simulation executed from .control section 

Warning: m=xx on .subckt line will override multiplier m hierarchy!

