
Note: No compatibility mode selected!


Circuit: * cml-driver-eye @ ff_-40c_2.97v_742p5mbps -- generated by sim/harness, do not edit

Doing analysis at TEMP = -40.000000 and TNOM = 27.000000

Using SPARSE 1.3 as Direct Linear Solver

Initial Transient Solution
--------------------------

Node                                   Voltage
----                                   -------
avcc                                       3.3
avcclo                                    2.97
avcchi                                    3.63
inp                                     2.5245
inn                                     1.6335
inpz                                    2.5245
innz                                    1.6335
inref                                    0.891
win                                          0
winc                                         0
xc0.tail                               1.25466
ib_c0                                   1.0045
outp_c0                                2.79379
outn_c0                                    3.3
vd_c0                                 0.506205
xc1.tail                               1.25466
ib_c1                                   1.0045
outp_c1                                2.79379
outn_c1                                    3.3
vd_c1                                 0.506205
xc2.tail                               1.25466
ib_c2                                   1.0045
outp_c2                                2.79379
outn_c2                                    3.3
vd_c2                                 0.506205
xcmis.tail                             1.25466
ib_cmis                                 1.0045
outp_cmis                              2.79379
outn_cmis                                  3.3
vd_cmis                               0.506205
xvlo.tail                              1.23813
ib_vlo                                  1.0045
outp_vlo                               2.46418
outn_vlo                                  2.97
xvhi.tail                              1.27056
ib_vhi                                  1.0045
outp_vhi                               3.12343
outn_vhi                                  3.63
xz.tail                                1.25466
ib_z                                    1.0045
vss_z                                        0
outp_z                                 2.79379
outn_z                                     3.3
xza.tail                               1.24504
ib_za                                   1.0045
outp_za                                    2.6
outn_za                                    3.3
xzb.tail                               1.26465
ib_zb                                   1.0045
outp_zb                                      3
outn_zb                                    3.3
ediff_cmis#branch                            0
ediff_c2#branch                              0
ediff_c1#branch                              0
ediff_c0#branch                              0
einref#branch                                0
vforce_zb#branch                    -0.0101287
vforce_za#branch                    -0.0101197
vsens_z#branch                       0.0106241
vwinc#branch                                 0
vwin#branch                                  0
vinnz#branch                                 0
vinpz#branch                                 0
vinn#branch                                  0
vinp#branch                                  0
vavcchi#branch                      -0.0101315
vavcclo#branch                      -0.0101165
vavcc#branch                        -0.0506205

 Reference value :  0.00000e+00
 Reference value :  4.00000e-13
 Reference value :  3.20000e-12
 Reference value :  2.56000e-11
 Reference value :  8.56000e-11
 Reference value :  1.45600e-10
 Reference value :  2.05600e-10
 Reference value :  2.65600e-10
 Reference value :  3.25600e-10
 Reference value :  3.85600e-10
 Reference value :  4.45600e-10
 Reference value :  5.05600e-10
 Reference value :  5.65600e-10
 Reference value :  6.25600e-10
 Reference value :  6.85600e-10
 Reference value :  7.45600e-10
 Reference value :  8.05600e-10
 Reference value :  8.65600e-10
 Reference value :  9.25600e-10
 Reference value :  9.85600e-10
 Reference value :  1.04560e-09
 Reference value :  1.10560e-09
 Reference value :  1.18560e-09
 Reference value :  1.24560e-09
 Reference value :  1.30560e-09
 Reference value :  1.36560e-09
 Reference value :  1.42560e-09
 Reference value :  1.48560e-09
 Reference value :  1.56560e-09
 Reference value :  1.62560e-09
 Reference value :  1.68560e-09
 Reference value :  1.74560e-09
 Reference value :  1.80560e-09
 Reference value :  1.88560e-09
 Reference value :  1.96560e-09
 Reference value :  2.02560e-09
 Reference value :  2.08560e-09
 Reference value :  2.14560e-09
 Reference value :  2.20560e-09
 Reference value :  2.26560e-09
 Reference value :  2.32560e-09
 Reference value :  2.40560e-09
 Reference value :  2.48560e-09
 Reference value :  2.54560e-09
 Reference value :  2.60560e-09
 Reference value :  2.66560e-09
 Reference value :  2.72560e-09
 Reference value :  2.78560e-09
 Reference value :  2.84560e-09
 Reference value :  2.90560e-09
 Reference value :  2.96560e-09
 Reference value :  3.02560e-09
 Reference value :  3.08560e-09
 Reference value :  3.14560e-09
 Reference value :  3.20560e-09
 Reference value :  3.28560e-09
 Reference value :  3.34560e-09
 Reference value :  3.40560e-09
 Reference value :  3.46560e-09
 Reference value :  3.52560e-09
 Reference value :  3.58560e-09
 Reference value :  3.64560e-09
 Reference value :  3.72560e-09
 Reference value :  3.78560e-09
 Reference value :  3.84560e-09
 Reference value :  3.90560e-09
 Reference value :  3.96560e-09
 Reference value :  4.04560e-09
 Reference value :  4.10560e-09
 Reference value :  4.16560e-09
 Reference value :  4.24560e-09
 Reference value :  4.30560e-09
 Reference value :  4.36560e-09
 Reference value :  4.42560e-09
 Reference value :  4.48560e-09
 Reference value :  4.54560e-09
 Reference value :  4.60560e-09
 Reference value :  4.68560e-09
 Reference value :  4.74560e-09
 Reference value :  4.80560e-09
 Reference value :  4.88560e-09
 Reference value :  4.94560e-09
 Reference value :  5.00560e-09
 Reference value :  5.06560e-09
 Reference value :  5.12560e-09
 Reference value :  5.18560e-09
 Reference value :  5.24560e-09
 Reference value :  5.30560e-09
 Reference value :  5.36560e-09
 Reference value :  5.42560e-09
 Reference value :  5.48560e-09
 Reference value :  5.54560e-09
 Reference value :  5.62560e-09
 Reference value :  5.68560e-09
 Reference value :  5.74560e-09
 Reference value :  5.80560e-09
 Reference value :  5.86560e-09
 Reference value :  5.92560e-09
 Reference value :  5.98560e-09
 Reference value :  6.04560e-09
 Reference value :  6.10560e-09
 Reference value :  6.16560e-09
 Reference value :  6.22560e-09
 Reference value :  6.28560e-09
 Reference value :  6.34560e-09
 Reference value :  6.40560e-09
 Reference value :  6.46560e-09
 Reference value :  6.52560e-09
 Reference value :  6.58560e-09
 Reference value :  6.64560e-09
 Reference value :  6.70560e-09
 Reference value :  6.76560e-09
 Reference value :  6.82560e-09
 Reference value :  6.90560e-09
 Reference value :  6.96560e-09
 Reference value :  7.02560e-09
 Reference value :  7.08560e-09
 Reference value :  7.14560e-09
 Reference value :  7.20560e-09
 Reference value :  7.26560e-09
 Reference value :  7.32560e-09
 Reference value :  7.40560e-09
 Reference value :  7.46560e-09
 Reference value :  7.52560e-09
 Reference value :  7.58560e-09
 Reference value :  7.64560e-09
 Reference value :  7.70560e-09
 Reference value :  7.76560e-09
 Reference value :  7.82560e-09
 Reference value :  7.88560e-09
 Reference value :  7.94560e-09
 Reference value :  8.02560e-09
 Reference value :  8.08560e-09
 Reference value :  8.14560e-09
 Reference value :  8.20560e-09
 Reference value :  8.26560e-09
 Reference value :  8.32560e-09
 Reference value :  8.38560e-09
 Reference value :  8.44560e-09
 Reference value :  8.50560e-09
 Reference value :  8.56560e-09
 Reference value :  8.62560e-09
 Reference value :  8.68560e-09
 Reference value :  8.74560e-09
 Reference value :  8.80560e-09
 Reference value :  8.86560e-09
 Reference value :  8.92560e-09
 Reference value :  8.98560e-09
 Reference value :  9.04560e-09
 Reference value :  9.10560e-09
 Reference value :  9.16560e-09
 Reference value :  9.22560e-09
 Reference value :  9.28560e-09
 Reference value :  9.34560e-09
 Reference value :  9.40560e-09
 Reference value :  9.46560e-09
 Reference value :  9.54560e-09
 Reference value :  9.62560e-09
 Reference value :  9.70560e-09
 Reference value :  9.76560e-09
 Reference value :  9.82560e-09
 Reference value :  9.90560e-09
 Reference value :  9.96560e-09
 Reference value :  1.00256e-08
 Reference value :  1.00856e-08
 Reference value :  1.01656e-08
 Reference value :  1.02256e-08
 Reference value :  1.02856e-08
 Reference value :  1.03456e-08
 Reference value :  1.04056e-08
 Reference value :  1.04856e-08
 Reference value :  1.05456e-08
 Reference value :  1.06056e-08
 Reference value :  1.06856e-08
 Reference value :  1.07456e-08
 Reference value :  1.08056e-08
 Reference value :  1.08656e-08
 Reference value :  1.09256e-08
 Reference value :  1.09856e-08
 Reference value :  1.10456e-08
 Reference value :  1.11056e-08
 Reference value :  1.11656e-08
 Reference value :  1.12256e-08
 Reference value :  1.12856e-08
 Reference value :  1.13456e-08
 Reference value :  1.14256e-08
 Reference value :  1.15056e-08
 Reference value :  1.15656e-08
 Reference value :  1.16256e-08
 Reference value :  1.16856e-08
 Reference value :  1.17456e-08
 Reference value :  1.18056e-08
 Reference value :  1.18656e-08
 Reference value :  1.19256e-08
 Reference value :  1.19856e-08
 Reference value :  1.20456e-08
 Reference value :  1.21034e-08
 Reference value :  1.21213e-08
 Reference value :  1.21221e-08
 Reference value :  1.21246e-08
 Reference value :  1.21281e-08
 Reference value :  1.21327e-08
 Reference value :  1.21391e-08
 Reference value :  1.21465e-08
 Reference value :  1.21566e-08
 Reference value :  1.21599e-08
 Reference value :  1.21673e-08
 Reference value :  1.21771e-08
 Reference value :  1.21817e-08
 Reference value :  1.21858e-08
 Reference value :  1.21895e-08
 Reference value :  1.21974e-08
 Reference value :  1.22013e-08
 Reference value :  1.22019e-08
 Reference value :  1.22041e-08
 Reference value :  1.22074e-08
 Reference value :  1.22116e-08
 Reference value :  1.22179e-08
 Reference value :  1.22285e-08
 Reference value :  1.22416e-08
 Reference value :  1.22581e-08
 Reference value :  1.22928e-08
 Reference value :  1.23433e-08
 Reference value :  1.23833e-08
 Reference value :  1.24233e-08
 Reference value :  1.24633e-08
 Reference value :  1.25233e-08
 Reference value :  1.25833e-08
 Reference value :  1.26433e-08
 Reference value :  1.27233e-08
 Reference value :  1.27833e-08
 Reference value :  1.28433e-08
 Reference value :  1.29033e-08
 Reference value :  1.29833e-08
 Reference value :  1.30633e-08
 Reference value :  1.31233e-08
 Reference value :  1.31833e-08
 Reference value :  1.32433e-08
 Reference value :  1.33033e-08
 Reference value :  1.33633e-08
 Reference value :  1.34433e-08
 Reference value :  1.34681e-08
 Reference value :  1.34687e-08
 Reference value :  1.34723e-08
 Reference value :  1.34784e-08
 Reference value :  1.34846e-08
 Reference value :  1.34918e-08
 Reference value :  1.34951e-08
 Reference value :  1.35015e-08
 Reference value :  1.35123e-08
 Reference value :  1.35212e-08
 Reference value :  1.35258e-08
 Reference value :  1.35301e-08
 Reference value :  1.35339e-08
 Reference value :  1.35376e-08
 Reference value :  1.35448e-08
 Reference value :  1.35481e-08
 Reference value :  1.35492e-08
 Reference value :  1.35521e-08
 Reference value :  1.35556e-08
 Reference value :  1.35637e-08
 Reference value :  1.35739e-08
 Reference value :  1.35867e-08
 Reference value :  1.36027e-08
 Reference value :  1.36237e-08
 Reference value :  1.36510e-08
 Reference value :  1.36855e-08
 Reference value :  1.37374e-08
 Reference value :  1.37384e-08
 Reference value :  1.37394e-08
 Reference value :  1.37562e-08
 Reference value :  1.38141e-08
 Reference value :  1.38722e-08
 Reference value :  1.38731e-08
 Reference value :  1.38735e-08
 Reference value :  1.38819e-08
 Reference value :  1.39488e-08
 Reference value :  1.40088e-08
 Reference value :  1.40888e-08
 Reference value :  1.41488e-08
 Reference value :  1.42088e-08
 Reference value :  1.42888e-08
 Reference value :  1.43688e-08
 Reference value :  1.44109e-08
 Reference value :  1.44118e-08
 Reference value :  1.44128e-08
 Reference value :  1.44207e-08
 Reference value :  1.44675e-08
 Reference value :  1.45275e-08
 Reference value :  1.45875e-08
 Reference value :  1.46475e-08
 Reference value :  1.47075e-08
 Reference value :  1.47875e-08
 Reference value :  1.48149e-08
 Reference value :  1.48163e-08
 Reference value :  1.48194e-08
 Reference value :  1.48231e-08
 Reference value :  1.48285e-08
 Reference value :  1.48317e-08
 Reference value :  1.48390e-08
 Reference value :  1.48423e-08
 Reference value :  1.48453e-08
 Reference value :  1.48522e-08
 Reference value :  1.48595e-08
 Reference value :  1.48686e-08
 Reference value :  1.48732e-08
 Reference value :  1.48775e-08
 Reference value :  1.48812e-08
 Reference value :  1.48850e-08
 Reference value :  1.48919e-08
 Reference value :  1.48949e-08
 Reference value :  1.48954e-08
 Reference value :  1.48987e-08
 Reference value :  1.49023e-08
 Reference value :  1.49070e-08
 Reference value :  1.49146e-08
 Reference value :  1.49261e-08
 Reference value :  1.49402e-08
 Reference value :  1.49583e-08
 Reference value :  1.49821e-08
 Reference value :  1.50125e-08
 Reference value :  1.50507e-08
 Reference value :  1.51107e-08
 Reference value :  1.51707e-08
 Reference value :  1.52190e-08
 Reference value :  1.52199e-08
 Reference value :  1.52203e-08
 Reference value :  1.52243e-08
 Reference value :  1.52556e-08
 Reference value :  1.53156e-08
 Reference value :  1.53756e-08
 Reference value :  1.54356e-08
 Reference value :  1.54956e-08
 Reference value :  1.55756e-08
 Reference value :  1.56356e-08
 Reference value :  1.57156e-08
 Reference value :  1.57576e-08
 Reference value :  1.57582e-08
 Reference value :  1.57591e-08
 Reference value :  1.57675e-08
 Reference value :  1.58343e-08
 Reference value :  1.59143e-08
 Reference value :  1.59743e-08
 Reference value :  1.60343e-08
 Reference value :  1.60943e-08
 Reference value :  1.61480e-08
 Reference value :  1.61617e-08
 Reference value :  1.61623e-08
 Reference value :  1.61662e-08
 Reference value :  1.61725e-08
 Reference value :  1.61785e-08
 Reference value :  1.61858e-08
 Reference value :  1.61891e-08
 Reference value :  1.61921e-08
 Reference value :  1.62026e-08
 Reference value :  1.62105e-08
 Reference value :  1.62200e-08
 Reference value :  1.62243e-08
 Reference value :  1.62280e-08
 Reference value :  1.62318e-08
 Reference value :  1.62387e-08
 Reference value :  1.62417e-08
 Reference value :  1.62422e-08
 Reference value :  1.62440e-08
 Reference value :  1.62472e-08
 Reference value :  1.62538e-08
 Reference value :  1.62614e-08
 Reference value :  1.62729e-08
 Reference value :  1.62870e-08
 Reference value :  1.63164e-08
 Reference value :  1.63593e-08
 Reference value :  1.64175e-08
 Reference value :  1.64575e-08
 Reference value :  1.64975e-08
 Reference value :  1.65516e-08
 Reference value :  1.65660e-08
 Reference value :  1.65669e-08
 Reference value :  1.65688e-08
 Reference value :  1.65845e-08
 Reference value :  1.66424e-08
 Reference value :  1.67024e-08
 Reference value :  1.67624e-08
 Reference value :  1.68224e-08
 Reference value :  1.69024e-08
 Reference value :  1.69624e-08
 Reference value :  1.70424e-08
 Reference value :  1.71044e-08
 Reference value :  1.71054e-08
 Reference value :  1.71059e-08
 Reference value :  1.71098e-08
 Reference value :  1.71411e-08
 Reference value :  1.72011e-08
 Reference value :  1.72811e-08
 Reference value :  1.73611e-08
 Reference value :  1.74211e-08
 Reference value :  1.74948e-08
 Reference value :  1.75085e-08
 Reference value :  1.75091e-08
 Reference value :  1.75115e-08
 Reference value :  1.75149e-08
 Reference value :  1.75193e-08
 Reference value :  1.75253e-08
 Reference value :  1.75326e-08
 Reference value :  1.75359e-08
 Reference value :  1.75389e-08
 Reference value :  1.75458e-08
 Reference value :  1.75531e-08
 Reference value :  1.75622e-08
 Reference value :  1.75669e-08
 Reference value :  1.75711e-08
 Reference value :  1.75748e-08
 Reference value :  1.75786e-08
 Reference value :  1.75855e-08
 Reference value :  1.75885e-08
 Reference value :  1.75890e-08
 Reference value :  1.75908e-08
 Reference value :  1.75940e-08
 Reference value :  1.75980e-08
 Reference value :  1.76038e-08
 Reference value :  1.76197e-08
 Reference value :  1.76338e-08
 Reference value :  1.76519e-08
 Reference value :  1.76757e-08
 Reference value :  1.77061e-08
 Reference value :  1.77443e-08
 Reference value :  1.78043e-08
 Reference value :  1.78643e-08
 Reference value :  1.79125e-08
 Reference value :  1.79131e-08
 Reference value :  1.79139e-08
 Reference value :  1.79179e-08
 Reference value :  1.79492e-08
 Reference value :  1.80092e-08
 Reference value :  1.80692e-08
 Reference value :  1.81292e-08
 Reference value :  1.81892e-08
 Reference value :  1.82492e-08
 Reference value :  1.83092e-08
 Reference value :  1.83692e-08
 Reference value :  1.84292e-08
 Reference value :  1.84513e-08
 Reference value :  1.84522e-08
 Reference value :  1.84543e-08
 Reference value :  1.84879e-08
 Reference value :  1.85679e-08
 Reference value :  1.86479e-08
 Reference value :  1.87079e-08
 Reference value :  1.87879e-08
 Reference value :  1.88552e-08
 Reference value :  1.88553e-08
 Reference value :  1.88567e-08
 Reference value :  1.88617e-08
 Reference value :  1.88689e-08
 Reference value :  1.88721e-08
 Reference value :  1.88794e-08
 Reference value :  1.88827e-08
 Reference value :  1.88857e-08
 Reference value :  1.88926e-08
 Reference value :  1.88999e-08
 Reference value :  1.89090e-08
 Reference value :  1.89137e-08
 Reference value :  1.89179e-08
 Reference value :  1.89216e-08
 Reference value :  1.89254e-08
 Reference value :  1.89323e-08
 Reference value :  1.89353e-08
 Reference value :  1.89358e-08
 Reference value :  1.89376e-08
 Reference value :  1.89408e-08
 Reference value :  1.89448e-08
 Reference value :  1.89506e-08
 Reference value :  1.89606e-08
 Reference value :  1.89806e-08
 Reference value :  1.89987e-08
 Reference value :  1.90225e-08
 Reference value :  1.90529e-08
 Reference value :  1.90911e-08
 Reference value :  1.91311e-08
 Reference value :  1.91711e-08
 Reference value :  1.92311e-08
 Reference value :  1.92594e-08
 Reference value :  1.92603e-08
 Reference value :  1.92607e-08
 Reference value :  1.92647e-08
 Reference value :  1.92960e-08
 Reference value :  1.93560e-08
 Reference value :  1.94160e-08
 Reference value :  1.94960e-08
 Reference value :  1.95560e-08
 Reference value :  1.96160e-08
 Reference value :  1.96760e-08
 Reference value :  1.97360e-08
 Reference value :  1.97870e-08
 Reference value :  1.97983e-08
 Reference value :  1.97990e-08
 Reference value :  1.98000e-08
 Reference value :  1.98079e-08
 Reference value :  1.98547e-08
 Reference value :  1.99147e-08
 Reference value :  1.99947e-08
 Reference value :  2.00547e-08
 Reference value :  2.01147e-08
 Reference value :  2.01747e-08
 Reference value :  2.02021e-08
 Reference value :  2.02027e-08
 Reference value :  2.02051e-08
 Reference value :  2.02085e-08
 Reference value :  2.02129e-08
 Reference value :  2.02189e-08
 Reference value :  2.02262e-08
 Reference value :  2.02295e-08
 Reference value :  2.02325e-08
 Reference value :  2.02394e-08
 Reference value :  2.02467e-08
 Reference value :  2.02558e-08
 Reference value :  2.02605e-08
 Reference value :  2.02647e-08
 Reference value :  2.02684e-08
 Reference value :  2.02722e-08
 Reference value :  2.02820e-08
 Reference value :  2.02821e-08
 Reference value :  2.02826e-08
 Reference value :  2.02860e-08
 Reference value :  2.02895e-08
 Reference value :  2.02942e-08
 Reference value :  2.03018e-08
 Reference value :  2.03133e-08
 Reference value :  2.03274e-08
 Reference value :  2.03568e-08
 Reference value :  2.03997e-08
 Reference value :  2.04379e-08
 Reference value :  2.04779e-08
 Reference value :  2.05179e-08
 Reference value :  2.05779e-08
 Reference value :  2.06062e-08
 Reference value :  2.06071e-08
 Reference value :  2.06076e-08
 Reference value :  2.06115e-08
 Reference value :  2.06428e-08
 Reference value :  2.07028e-08
 Reference value :  2.07628e-08
 Reference value :  2.08228e-08
 Reference value :  2.08828e-08
 Reference value :  2.09428e-08
 Reference value :  2.10028e-08
 Reference value :  2.10828e-08
 Reference value :  2.11448e-08
 Reference value :  2.11454e-08
 Reference value :  2.11463e-08
 Reference value :  2.11502e-08
 Reference value :  2.12016e-08
 Reference value :  2.12605e-08
 Reference value :  2.12798e-08
 Reference value :  2.12805e-08
 Reference value :  2.12815e-08
 Reference value :  2.12894e-08
 Reference value :  2.13362e-08
 Reference value :  2.13962e-08
 Reference value :  2.14525e-08
 Reference value :  2.14689e-08
 Reference value :  2.14706e-08
 Reference value :  2.14720e-08
 Reference value :  2.14755e-08
 Reference value :  2.14800e-08
 Reference value :  2.14862e-08
 Reference value :  2.14935e-08
 Reference value :  2.15004e-08
 Reference value :  2.15071e-08
 Reference value :  2.15144e-08
 Reference value :  2.15239e-08
 Reference value :  2.15285e-08
 Reference value :  2.15328e-08
 Reference value :  2.15364e-08
 Reference value :  2.15446e-08
 Reference value :  2.15489e-08
 Reference value :  2.15495e-08
 Reference value :  2.15533e-08
 Reference value :  2.15595e-08
 Reference value :  2.15708e-08
 Reference value :  2.15827e-08
 Reference value :  2.15975e-08
 Reference value :  2.16286e-08
 Reference value :  2.16569e-08
 Reference value :  2.16928e-08
 Reference value :  2.17328e-08
 Reference value :  2.17728e-08
 Reference value :  2.18128e-08
 Reference value :  2.18728e-08
 Reference value :  2.19528e-08
 Reference value :  2.20328e-08
 Reference value :  2.21128e-08
 Reference value :  2.21728e-08
 Reference value :  2.22328e-08
 Reference value :  2.22928e-08
 Reference value :  2.23528e-08
 Reference value :  2.24128e-08
 Reference value :  2.24728e-08
 Reference value :  2.25528e-08
 Reference value :  2.26128e-08
 Reference value :  2.26928e-08
 Reference value :  2.27528e-08
 Reference value :  2.28128e-08
 Reference value :  2.28728e-08
 Reference value :  2.29328e-08
 Reference value :  2.29928e-08
 Reference value :  2.30528e-08
 Reference value :  2.31328e-08
 Reference value :  2.31928e-08
 Reference value :  2.32528e-08
 Reference value :  2.33128e-08
 Reference value :  2.33728e-08
 Reference value :  2.34328e-08
 Reference value :  2.34928e-08
 Reference value :  2.35528e-08
 Reference value :  2.36128e-08
 Reference value :  2.36728e-08
 Reference value :  2.37328e-08
 Reference value :  2.37928e-08
 Reference value :  2.38528e-08
 Reference value :  2.39128e-08
 Reference value :  2.39728e-08
 Reference value :  2.40328e-08
 Reference value :  2.40928e-08
 Reference value :  2.41528e-08
 Reference value :  2.42128e-08
 Reference value :  2.42728e-08
 Reference value :  2.43328e-08
 Reference value :  2.43928e-08
 Reference value :  2.44528e-08
 Reference value :  2.45128e-08
 Reference value :  2.45728e-08
 Reference value :  2.46328e-08
 Reference value :  2.47128e-08
 Reference value :  2.47728e-08
 Reference value :  2.48528e-08
 Reference value :  2.49128e-08
 Reference value :  2.49728e-08
 Reference value :  2.50328e-08
 Reference value :  2.50928e-08
 Reference value :  2.51728e-08
 Reference value :  2.52528e-08
 Reference value :  2.53328e-08
 Reference value :  2.54128e-08
 Reference value :  2.54728e-08
 Reference value :  2.55328e-08
 Reference value :  2.56128e-08
 Reference value :  2.56928e-08
 Reference value :  2.57528e-08
 Reference value :  2.58328e-08
 Reference value :  2.59128e-08
 Reference value :  2.59728e-08
 Reference value :  2.60528e-08
 Reference value :  2.61128e-08
 Reference value :  2.61728e-08
 Reference value :  2.62328e-08
 Reference value :  2.62928e-08
 Reference value :  2.63528e-08
 Reference value :  2.64128e-08
 Reference value :  2.64728e-08
 Reference value :  2.65328e-08
 Reference value :  2.65928e-08
 Reference value :  2.66528e-08
 Reference value :  2.67128e-08
 Reference value :  2.67728e-08
 Reference value :  2.68528e-08
 Reference value :  2.69128e-08
 Reference value :  2.69928e-08
 Reference value :  2.70528e-08
 Reference value :  2.71128e-08
 Reference value :  2.71728e-08
 Reference value :  2.72528e-08
 Reference value :  2.73328e-08
 Reference value :  2.73928e-08
 Reference value :  2.74528e-08
 Reference value :  2.75128e-08
 Reference value :  2.75728e-08
 Reference value :  2.76328e-08
 Reference value :  2.77128e-08
 Reference value :  2.77728e-08
 Reference value :  2.78328e-08
 Reference value :  2.79128e-08
 Reference value :  2.79728e-08
 Reference value :  2.80328e-08
 Reference value :  2.80928e-08
 Reference value :  2.81528e-08
 Reference value :  2.82128e-08
 Reference value :  2.82928e-08
 Reference value :  2.83528e-08
 Reference value :  2.84128e-08
 Reference value :  2.84728e-08
 Reference value :  2.85328e-08
 Reference value :  2.85928e-08
 Reference value :  2.86528e-08
 Reference value :  2.87128e-08
 Reference value :  2.87728e-08
 Reference value :  2.88328e-08
 Reference value :  2.88928e-08
 Reference value :  2.89728e-08
 Reference value :  2.90328e-08
 Reference value :  2.91128e-08
 Reference value :  2.91728e-08
 Reference value :  2.92328e-08
 Reference value :  2.92928e-08
 Reference value :  2.93528e-08
 Reference value :  2.94128e-08
 Reference value :  2.94728e-08
 Reference value :  2.95328e-08
 Reference value :  2.95928e-08
 Reference value :  2.96528e-08
 Reference value :  2.97128e-08
 Reference value :  2.97728e-08
 Reference value :  2.98328e-08
 Reference value :  2.99128e-08
 Reference value :  2.99928e-08
 Reference value :  3.00528e-08
 Reference value :  3.01128e-08
 Reference value :  3.01728e-08
 Reference value :  3.02328e-08
 Reference value :  3.02928e-08
 Reference value :  3.03728e-08
 Reference value :  3.04328e-08
 Reference value :  3.05128e-08
 Reference value :  3.05928e-08
 Reference value :  3.06528e-08
 Reference value :  3.07128e-08
 Reference value :  3.07728e-08
 Reference value :  3.08328e-08
 Reference value :  3.08928e-08
 Reference value :  3.09528e-08
 Reference value :  3.10128e-08
 Reference value :  3.10728e-08
 Reference value :  3.11328e-08
 Reference value :  3.11928e-08
 Reference value :  3.12528e-08
 Reference value :  3.13328e-08
 Reference value :  3.13928e-08
 Reference value :  3.14528e-08
 Reference value :  3.15128e-08
 Reference value :  3.15728e-08
 Reference value :  3.16328e-08
 Reference value :  3.17128e-08
 Reference value :  3.17728e-08
 Reference value :  3.18328e-08
 Reference value :  3.18928e-08
 Reference value :  3.19728e-08
 Reference value :  3.20328e-08
 Reference value :  3.20928e-08
 Reference value :  3.21728e-08
 Reference value :  3.22328e-08
 Reference value :  3.22928e-08
 Reference value :  3.23528e-08
 Reference value :  3.24128e-08
 Reference value :  3.24728e-08
 Reference value :  3.25328e-08
 Reference value :  3.25928e-08
 Reference value :  3.26728e-08
 Reference value :  3.27528e-08
 Reference value :  3.28328e-08
 Reference value :  3.28928e-08
 Reference value :  3.29528e-08
 Reference value :  3.30128e-08
 Reference value :  3.30728e-08
 Reference value :  3.31328e-08
 Reference value :  3.31928e-08
 Reference value :  3.32528e-08
 Reference value :  3.33128e-08
 Reference value :  3.33728e-08
 Reference value :  3.34328e-08
 Reference value :  3.35128e-08
 Reference value :  3.35928e-08
 Reference value :  3.36514e-08
 Reference value :  3.36701e-08
 Reference value :  3.36710e-08
 Reference value :  3.36737e-08
 Reference value :  3.36792e-08
 Reference value :  3.36852e-08
 Reference value :  3.36920e-08
 Reference value :  3.36955e-08
 Reference value :  3.36986e-08
 Reference value :  3.37052e-08
 Reference value :  3.37085e-08
 Reference value :  3.37159e-08
 Reference value :  3.37255e-08
 Reference value :  3.37301e-08
 Reference value :  3.37344e-08
 Reference value :  3.37380e-08
 Reference value :  3.37462e-08
 Reference value :  3.37501e-08
 Reference value :  3.37507e-08
 Reference value :  3.37530e-08
 Reference value :  3.37563e-08
 Reference value :  3.37631e-08
 Reference value :  3.37774e-08
 Reference value :  3.37905e-08
 Reference value :  3.38071e-08
 Reference value :  3.38288e-08
 Reference value :  3.38569e-08
 Reference value :  3.39125e-08
 Reference value :  3.39725e-08
 Reference value :  3.40325e-08
 Reference value :  3.40925e-08
 Reference value :  3.41725e-08
 Reference value :  3.42525e-08
 Reference value :  3.43125e-08
 Reference value :  3.43725e-08
 Reference value :  3.44525e-08
 Reference value :  3.45125e-08
 Reference value :  3.45725e-08
 Reference value :  3.46325e-08
 Reference value :  3.47125e-08
 Reference value :  3.47725e-08
 Reference value :  3.48325e-08
 Reference value :  3.48925e-08
 Reference value :  3.49725e-08
 Reference value :  3.50169e-08
 Reference value :  3.50182e-08
 Reference value :  3.50229e-08
 Reference value :  3.50300e-08
 Reference value :  3.50334e-08
 Reference value :  3.50439e-08
 Reference value :  3.50470e-08
 Reference value :  3.50538e-08
 Reference value :  3.50611e-08
 Reference value :  3.50745e-08
 Reference value :  3.50826e-08
 Reference value :  3.50863e-08
 Reference value :  3.50936e-08
 Reference value :  3.50969e-08
 Reference value :  3.50974e-08
 Reference value :  3.50994e-08
 Reference value :  3.51026e-08
 Reference value :  3.51066e-08
 Reference value :  3.51126e-08
 Reference value :  3.51228e-08
 Reference value :  3.51356e-08
 Reference value :  3.51516e-08
 Reference value :  3.51726e-08
 Reference value :  3.51999e-08
 Reference value :  3.52345e-08
 Reference value :  3.52745e-08
 Reference value :  3.53145e-08
 Reference value :  3.53545e-08
 Reference value :  3.54145e-08
 Reference value :  3.54745e-08
 Reference value :  3.55345e-08
 Reference value :  3.55945e-08
 Reference value :  3.56545e-08
 Reference value :  3.57145e-08
 Reference value :  3.57745e-08
 Reference value :  3.58345e-08
 Reference value :  3.58945e-08
 Reference value :  3.59545e-08
 Reference value :  3.60345e-08
 Reference value :  3.60945e-08
 Reference value :  3.61545e-08
 Reference value :  3.62145e-08
 Reference value :  3.62745e-08
 Reference value :  3.63345e-08
 Reference value :  3.63637e-08
 Reference value :  3.63644e-08
 Reference value :  3.63667e-08
 Reference value :  3.63701e-08
 Reference value :  3.63745e-08
 Reference value :  3.63807e-08
 Reference value :  3.63879e-08
 Reference value :  3.63943e-08
 Reference value :  3.64013e-08
 Reference value :  3.64085e-08
 Reference value :  3.64177e-08
 Reference value :  3.64224e-08
 Reference value :  3.64267e-08
 Reference value :  3.64303e-08
 Reference value :  3.64384e-08
 Reference value :  3.64422e-08
 Reference value :  3.64437e-08
 Reference value :  3.64440e-08
 Reference value :  3.64452e-08
 Reference value :  3.64467e-08
 Reference value :  3.64500e-08
 Reference value :  3.64570e-08
 Reference value :  3.64657e-08
 Reference value :  3.64777e-08
 Reference value :  3.64924e-08
 Reference value :  3.65117e-08
 Reference value :  3.65518e-08
 Reference value :  3.65877e-08
 Reference value :  3.66277e-08
 Reference value :  3.66677e-08
 Reference value :  3.67277e-08
 Reference value :  3.67877e-08
 Reference value :  3.68477e-08
 Reference value :  3.69077e-08
 Reference value :  3.69677e-08
 Reference value :  3.70277e-08
 Reference value :  3.70877e-08
 Reference value :  3.71477e-08
 Reference value :  3.72077e-08
 Reference value :  3.72677e-08
 Reference value :  3.73477e-08
 Reference value :  3.74077e-08
 Reference value :  3.74677e-08
 Reference value :  3.75277e-08
 Reference value :  3.75877e-08
 Reference value :  3.76477e-08
 Reference value :  3.76990e-08
 Reference value :  3.77105e-08
 Reference value :  3.77111e-08
 Reference value :  3.77130e-08
 Reference value :  3.77164e-08
 Reference value :  3.77206e-08
 Reference value :  3.77271e-08
 Reference value :  3.77342e-08
 Reference value :  3.77413e-08
 Reference value :  3.77482e-08
 Reference value :  3.77554e-08
 Reference value :  3.77647e-08
 Reference value :  3.77694e-08
 Reference value :  3.77736e-08
 Reference value :  3.77773e-08
 Reference value :  3.77854e-08
 Reference value :  3.77904e-08
 Reference value :  3.77905e-08
 Reference value :  3.77912e-08
 Reference value :  3.77934e-08
 Reference value :  3.77967e-08
 Reference value :  3.78035e-08
 Reference value :  3.78119e-08
 Reference value :  3.78238e-08
 Reference value :  3.78384e-08
 Reference value :  3.78574e-08
 Reference value :  3.78821e-08
 Reference value :  3.79138e-08
 Reference value :  3.79527e-08
 Reference value :  3.79927e-08
 Reference value :  3.80527e-08
 Reference value :  3.81127e-08
 Reference value :  3.81727e-08
 Reference value :  3.82527e-08
 Reference value :  3.83127e-08
 Reference value :  3.83727e-08
 Reference value :  3.84527e-08
 Reference value :  3.85327e-08
 Reference value :  3.86127e-08
 Reference value :  3.86727e-08
 Reference value :  3.87327e-08
 Reference value :  3.87927e-08
 Reference value :  3.88527e-08
 Reference value :  3.89127e-08
 Reference value :  3.89727e-08
 Reference value :  3.90327e-08
 Reference value :  3.90573e-08
 Reference value :  3.90579e-08
 Reference value :  3.90600e-08
 Reference value :  3.90634e-08
 Reference value :  3.90705e-08
 Reference value :  3.90738e-08
 Reference value :  3.90810e-08
 Reference value :  3.90844e-08
 Reference value :  3.90907e-08
 Reference value :  3.90979e-08
 Reference value :  3.91104e-08
 Reference value :  3.91150e-08
 Reference value :  3.91192e-08
 Reference value :  3.91231e-08
 Reference value :  3.91268e-08
 Reference value :  3.91340e-08
 Reference value :  3.91373e-08
 Reference value :  3.91378e-08
 Reference value :  3.91398e-08
 Reference value :  3.91430e-08
 Reference value :  3.91496e-08
 Reference value :  3.91631e-08
 Reference value :  3.91759e-08
 Reference value :  3.91919e-08
 Reference value :  3.92256e-08
 Reference value :  3.92564e-08
 Reference value :  3.93148e-08
 Reference value :  3.93748e-08
 Reference value :  3.94348e-08
 Reference value :  3.94948e-08
 Reference value :  3.95548e-08
 Reference value :  3.96148e-08
 Reference value :  3.96748e-08
 Reference value :  3.97548e-08
 Reference value :  3.98148e-08
 Reference value :  3.98748e-08
 Reference value :  3.99348e-08
 Reference value :  3.99948e-08
 Reference value :  4.00548e-08
 Reference value :  4.01348e-08
 Reference value :  4.01948e-08
 Reference value :  4.02548e-08
 Reference value :  4.03148e-08
 Reference value :  4.03894e-08
 Reference value :  4.04041e-08
 Reference value :  4.04048e-08
 Reference value :  4.04071e-08
 Reference value :  4.04105e-08
 Reference value :  4.04149e-08
 Reference value :  4.04211e-08
 Reference value :  4.04284e-08
 Reference value :  4.04316e-08
 Reference value :  4.04380e-08
 Reference value :  4.04452e-08
 Reference value :  4.04531e-08
 Reference value :  4.04628e-08
 Reference value :  4.04671e-08
 Reference value :  4.04750e-08
 Reference value :  4.04826e-08
 Reference value :  4.04841e-08
 Reference value :  4.04844e-08
 Reference value :  4.04856e-08
 Reference value :  4.04887e-08
 Reference value :  4.04924e-08
 Reference value :  4.04976e-08
 Reference value :  4.05123e-08
 Reference value :  4.05257e-08
 Reference value :  4.05426e-08
 Reference value :  4.05649e-08
 Reference value :  4.05936e-08
 Reference value :  4.06298e-08
 Reference value :  4.06698e-08
 Reference value :  4.07098e-08
 Reference value :  4.07698e-08
 Reference value :  4.08298e-08
 Reference value :  4.08898e-08
 Reference value :  4.09498e-08
 Reference value :  4.10298e-08
 Reference value :  4.10898e-08
 Reference value :  4.11498e-08
 Reference value :  4.12298e-08
 Reference value :  4.12898e-08
 Reference value :  4.13498e-08
 Reference value :  4.14098e-08
 Reference value :  4.14698e-08
 Reference value :  4.15298e-08
 Reference value :  4.15898e-08
 Reference value :  4.16498e-08
 Reference value :  4.17098e-08
 Reference value :  4.17508e-08
 Reference value :  4.17509e-08
 Reference value :  4.17520e-08
 Reference value :  4.17549e-08
 Reference value :  4.17585e-08
 Reference value :  4.17635e-08
 Reference value :  4.17708e-08
 Reference value :  4.17776e-08
 Reference value :  4.17806e-08
 Reference value :  4.17874e-08
 Reference value :  4.17947e-08
 Reference value :  4.18035e-08
 Reference value :  4.18080e-08
 Reference value :  4.18122e-08
 Reference value :  4.18161e-08
 Reference value :  4.18198e-08
 Reference value :  4.18273e-08
 Reference value :  4.18309e-08
 Reference value :  4.18315e-08
 Reference value :  4.18336e-08
 Reference value :  4.18368e-08
 Reference value :  4.18409e-08
 Reference value :  4.18471e-08
 Reference value :  4.18574e-08
 Reference value :  4.18777e-08
 Reference value :  4.18964e-08
 Reference value :  4.19208e-08
 Reference value :  4.19520e-08
 Reference value :  4.19906e-08
 Reference value :  4.20306e-08
 Reference value :  4.20706e-08
 Reference value :  4.21306e-08
 Reference value :  4.21906e-08
 Reference value :  4.22706e-08
 Reference value :  4.23306e-08
 Reference value :  4.23906e-08
 Reference value :  4.24506e-08
 Reference value :  4.25106e-08
 Reference value :  4.25706e-08
 Reference value :  4.26306e-08
 Reference value :  4.26906e-08
 Reference value :  4.27506e-08
 Reference value :  4.28106e-08
 Reference value :  4.28906e-08
 Reference value :  4.29506e-08
 Reference value :  4.30041e-08
 Reference value :  4.30177e-08
 Reference value :  4.30184e-08
 Reference value :  4.30207e-08
 Reference value :  4.30241e-08
 Reference value :  4.30285e-08
 Reference value :  4.30345e-08
 Reference value :  4.30418e-08
 Reference value :  4.30451e-08
 Reference value :  4.30481e-08
 Reference value :  4.30586e-08
 Reference value :  4.30714e-08
 Reference value :  4.30803e-08
 Reference value :  4.30840e-08
 Reference value :  4.30878e-08
 Reference value :  4.30947e-08
 Reference value :  4.30977e-08
 Reference value :  4.30982e-08
 Reference value :  4.31000e-08
 Reference value :  4.31032e-08
 Reference value :  4.31072e-08
 Reference value :  4.31131e-08
 Reference value :  4.31231e-08
 Reference value :  4.31358e-08
 Reference value :  4.31516e-08
 Reference value :  4.31725e-08
 Reference value :  4.32155e-08
 Reference value :  4.32738e-08
 Reference value :  4.33338e-08
 Reference value :  4.33938e-08
 Reference value :  4.34538e-08
 Reference value :  4.35138e-08
 Reference value :  4.35738e-08
 Reference value :  4.36538e-08
 Reference value :  4.37138e-08
 Reference value :  4.37738e-08
 Reference value :  4.38538e-08
 Reference value :  4.39338e-08
 Reference value :  4.40138e-08
 Reference value :  4.40938e-08
 Reference value :  4.41738e-08
 Reference value :  4.42538e-08
 Reference value :  4.43338e-08
 Reference value :  4.43938e-08
 Reference value :  4.44538e-08
 Reference value :  4.45138e-08
 Reference value :  4.45738e-08
 Reference value :  4.46338e-08
 Reference value :  4.47138e-08
 Reference value :  4.47938e-08
 Reference value :  4.48738e-08
 Reference value :  4.49538e-08
 Reference value :  4.50338e-08
 Reference value :  4.50938e-08
 Reference value :  4.51538e-08
 Reference value :  4.52138e-08
 Reference value :  4.52738e-08
 Reference value :  4.53338e-08
 Reference value :  4.53938e-08
 Reference value :  4.54738e-08
 Reference value :  4.55338e-08
 Reference value :  4.56138e-08
 Reference value :  4.56738e-08
 Reference value :  4.57338e-08
 Reference value :  4.58138e-08
 Reference value :  4.58938e-08
 Reference value :  4.59738e-08
 Reference value :  4.60538e-08
 Reference value :  4.61338e-08
 Reference value :  4.62138e-08
 Reference value :  4.62938e-08
 Reference value :  4.63538e-08
 Reference value :  4.64138e-08
 Reference value :  4.64738e-08
 Reference value :  4.65338e-08
 Reference value :  4.65938e-08
 Reference value :  4.66538e-08
 Reference value :  4.67138e-08
 Reference value :  4.67938e-08
 Reference value :  4.68538e-08
 Reference value :  4.69138e-08
 Reference value :  4.69938e-08
 Reference value :  4.70738e-08
 Reference value :  4.71338e-08
 Reference value :  4.72138e-08
 Reference value :  4.72938e-08
 Reference value :  4.73538e-08
 Reference value :  4.74138e-08
 Reference value :  4.74938e-08
 Reference value :  4.75538e-08
 Reference value :  4.76338e-08
 Reference value :  4.76938e-08
 Reference value :  4.77538e-08
 Reference value :  4.78138e-08
 Reference value :  4.78738e-08
 Reference value :  4.79338e-08
 Reference value :  4.79938e-08
 Reference value :  4.80538e-08
 Reference value :  4.81138e-08
 Reference value :  4.81738e-08
 Reference value :  4.82338e-08
 Reference value :  4.82938e-08
 Reference value :  4.83538e-08
 Reference value :  4.84338e-08
 Reference value :  4.84938e-08
 Reference value :  4.85538e-08
 Reference value :  4.86138e-08
 Reference value :  4.86738e-08
 Reference value :  4.87338e-08
 Reference value :  4.87938e-08
 Reference value :  4.88538e-08
 Reference value :  4.89138e-08
 Reference value :  4.89738e-08
 Reference value :  4.90338e-08
 Reference value :  4.90938e-08
 Reference value :  4.91538e-08
 Reference value :  4.92338e-08
 Reference value :  4.92938e-08
 Reference value :  4.93538e-08
 Reference value :  4.94138e-08
 Reference value :  4.94738e-08
 Reference value :  4.95338e-08
 Reference value :  4.95938e-08
 Reference value :  4.96538e-08
 Reference value :  4.97138e-08
 Reference value :  4.97738e-08
 Reference value :  4.98338e-08
 Reference value :  4.98938e-08
 Reference value :  4.99538e-08
 Reference value :  5.00138e-08
 Reference value :  5.00738e-08
 Reference value :  5.01338e-08
 Reference value :  5.01938e-08
 Reference value :  5.02538e-08
 Reference value :  5.03138e-08
 Reference value :  5.03738e-08
 Reference value :  5.04338e-08
 Reference value :  5.04938e-08
 Reference value :  5.05738e-08
 Reference value :  5.06338e-08
 Reference value :  5.06938e-08
 Reference value :  5.07538e-08
 Reference value :  5.08138e-08
 Reference value :  5.08738e-08
 Reference value :  5.09538e-08
 Reference value :  5.10338e-08
 Reference value :  5.11138e-08
 Reference value :  5.11738e-08
 Reference value :  5.12338e-08
 Reference value :  5.12938e-08
 Reference value :  5.13538e-08
 Reference value :  5.14138e-08
 Reference value :  5.14738e-08
 Reference value :  5.15338e-08
 Reference value :  5.15938e-08
 Reference value :  5.16538e-08
 Reference value :  5.17138e-08
 Reference value :  5.17938e-08
 Reference value :  5.18538e-08
 Reference value :  5.19138e-08
 Reference value :  5.19738e-08
 Reference value :  5.20338e-08
 Reference value :  5.20938e-08
 Reference value :  5.21738e-08
 Reference value :  5.22538e-08
 Reference value :  5.23138e-08
 Reference value :  5.23738e-08
 Reference value :  5.24338e-08
 Reference value :  5.24938e-08
 Reference value :  5.25538e-08
 Reference value :  5.26138e-08
 Reference value :  5.26938e-08
 Reference value :  5.27538e-08
 Reference value :  5.28138e-08
 Reference value :  5.28938e-08
 Reference value :  5.29738e-08
 Reference value :  5.30338e-08
 Reference value :  5.31138e-08
 Reference value :  5.31738e-08
 Reference value :  5.32338e-08
 Reference value :  5.32938e-08
 Reference value :  5.33538e-08
 Reference value :  5.34138e-08
 Reference value :  5.34738e-08
 Reference value :  5.35338e-08
 Reference value :  5.35938e-08
 Reference value :  5.36538e-08
 Reference value :  5.37338e-08
 Reference value :  5.37938e-08
 Reference value :  5.38538e-08
 Reference value :  5.39138e-08
 Reference value :  5.39738e-08
 Reference value :  5.40338e-08
 Reference value :  5.40938e-08
 Reference value :  5.41738e-08
 Reference value :  5.42338e-08
 Reference value :  5.42938e-08
 Reference value :  5.43538e-08
 Reference value :  5.44138e-08
 Reference value :  5.44938e-08
 Reference value :  5.45538e-08
 Reference value :  5.46138e-08
 Reference value :  5.46738e-08
 Reference value :  5.47338e-08
 Reference value :  5.47938e-08
 Reference value :  5.48538e-08
 Reference value :  5.49138e-08
 Reference value :  5.49738e-08
 Reference value :  5.50338e-08
 Reference value :  5.50938e-08
 Reference value :  5.51538e-08
 Reference value :  5.52063e-08
 Reference value :  5.52189e-08
 Reference value :  5.52195e-08
 Reference value :  5.52232e-08
 Reference value :  5.52269e-08
 Reference value :  5.52322e-08
 Reference value :  5.52355e-08
 Reference value :  5.52427e-08
 Reference value :  5.52460e-08
 Reference value :  5.52491e-08
 Reference value :  5.52559e-08
 Reference value :  5.52632e-08
 Reference value :  5.52721e-08
 Reference value :  5.52767e-08
 Reference value :  5.52810e-08
 Reference value :  5.52848e-08
 Reference value :  5.52885e-08
 Reference value :  5.52989e-08
 Reference value :  5.52990e-08
 Reference value :  5.53001e-08
 Reference value :  5.53029e-08
 Reference value :  5.53064e-08
 Reference value :  5.53145e-08
 Reference value :  5.53247e-08
 Reference value :  5.53375e-08
 Reference value :  5.53535e-08
 Reference value :  5.53745e-08
 Reference value :  5.54017e-08
 Reference value :  5.54362e-08
 Reference value :  5.54762e-08
 Reference value :  5.55162e-08
 Reference value :  5.55762e-08
 Reference value :  5.56362e-08
 Reference value :  5.56962e-08
 Reference value :  5.57562e-08
 Reference value :  5.58162e-08
 Reference value :  5.58762e-08
 Reference value :  5.59362e-08
 Reference value :  5.59962e-08
 Reference value :  5.60562e-08
 Reference value :  5.61362e-08
 Reference value :  5.61962e-08
 Reference value :  5.62762e-08
 Reference value :  5.63362e-08
 Reference value :  5.63962e-08
 Reference value :  5.64562e-08
 Reference value :  5.65162e-08
 Reference value :  5.65657e-08
 Reference value :  5.65657e-08
 Reference value :  5.65664e-08
 Reference value :  5.65687e-08
 Reference value :  5.65721e-08
 Reference value :  5.65766e-08
 Reference value :  5.65827e-08
 Reference value :  5.65900e-08
 Reference value :  5.65933e-08
 Reference value :  5.65964e-08
 Reference value :  5.66033e-08
 Reference value :  5.66148e-08
 Reference value :  5.66245e-08
 Reference value :  5.66287e-08
 Reference value :  5.66324e-08
 Reference value :  5.66405e-08
 Reference value :  5.66442e-08
 Reference value :  5.66457e-08
 Reference value :  5.66460e-08
 Reference value :  5.66472e-08
 Reference value :  5.66502e-08
 Reference value :  5.66539e-08
 Reference value :  5.66591e-08
 Reference value :  5.66679e-08
 Reference value :  5.66799e-08
 Reference value :  5.66947e-08
 Reference value :  5.67140e-08
 Reference value :  5.67392e-08
 Reference value :  5.67713e-08
 Reference value :  5.68105e-08
 Reference value :  5.68505e-08
 Reference value :  5.69105e-08
 Reference value :  5.69705e-08
 Reference value :  5.70305e-08
 Reference value :  5.70905e-08
 Reference value :  5.71505e-08
 Reference value :  5.72105e-08
 Reference value :  5.72705e-08
 Reference value :  5.73305e-08
 Reference value :  5.73905e-08
 Reference value :  5.74505e-08
 Reference value :  5.75105e-08
 Reference value :  5.75705e-08
 Reference value :  5.76305e-08
 Reference value :  5.76905e-08
 Reference value :  5.77505e-08
 Reference value :  5.78105e-08
 Reference value :  5.78705e-08
 Reference value :  5.79125e-08
 Reference value :  5.79125e-08
 Reference value :  5.79131e-08
 Reference value :  5.79150e-08
 Reference value :  5.79183e-08
 Reference value :  5.79225e-08
 Reference value :  5.79290e-08
 Reference value :  5.79360e-08
 Reference value :  5.79432e-08
 Reference value :  5.79500e-08
 Reference value :  5.79573e-08
 Reference value :  5.79711e-08
 Reference value :  5.79754e-08
 Reference value :  5.79791e-08
 Reference value :  5.79871e-08
 Reference value :  5.79909e-08
 Reference value :  5.79925e-08
 Reference value :  5.79929e-08
 Reference value :  5.79941e-08
 Reference value :  5.79971e-08
 Reference value :  5.80008e-08
 Reference value :  5.80060e-08
 Reference value :  5.80205e-08
 Reference value :  5.80339e-08
 Reference value :  5.80507e-08
 Reference value :  5.80863e-08
 Reference value :  5.81185e-08
 Reference value :  5.81575e-08
 Reference value :  5.81975e-08
 Reference value :  5.82575e-08
 Reference value :  5.83175e-08
 Reference value :  5.83775e-08
 Reference value :  5.84375e-08
 Reference value :  5.84975e-08
 Reference value :  5.85575e-08
 Reference value :  5.86175e-08
 Reference value :  5.86775e-08
 Reference value :  5.87375e-08
 Reference value :  5.88175e-08
 Reference value :  5.88975e-08
 Reference value :  5.89775e-08
 Reference value :  5.90375e-08
 Reference value :  5.90975e-08
 Reference value :  5.91575e-08
 Reference value :  5.92375e-08
 Reference value :  5.92593e-08
 Reference value :  5.92599e-08
 Reference value :  5.92618e-08
 Reference value :  5.92651e-08
 Reference value :  5.92692e-08
 Reference value :  5.92757e-08
 Reference value :  5.92828e-08
 Reference value :  5.92931e-08
 Reference value :  5.93003e-08
 Reference value :  5.93081e-08
 Reference value :  5.93178e-08
 Reference value :  5.93221e-08
 Reference value :  5.93258e-08
 Reference value :  5.93338e-08
 Reference value :  5.93376e-08
 Reference value :  5.93393e-08
 Reference value :  5.93397e-08
 Reference value :  5.93410e-08
 Reference value :  5.93424e-08
 Reference value :  5.93457e-08
 Reference value :  5.93501e-08
 Reference value :  5.93566e-08
 Reference value :  5.93675e-08
 Reference value :  5.93809e-08
 Reference value :  5.93978e-08
 Reference value :  5.94201e-08
 Reference value :  5.94488e-08
 Reference value :  5.94850e-08
 Reference value :  5.95250e-08
 Reference value :  5.95650e-08
 Reference value :  5.96050e-08
 Reference value :  5.96650e-08
 Reference value :  5.97250e-08
 Reference value :  5.97850e-08
 Reference value :  5.98450e-08
 Reference value :  5.99050e-08
 Reference value :  5.99650e-08
 Reference value :  6.00250e-08
 Reference value :  6.01050e-08
 Reference value :  6.01650e-08
 Reference value :  6.02250e-08
 Reference value :  6.03050e-08
 Reference value :  6.03650e-08
 Reference value :  6.04250e-08
 Reference value :  6.04850e-08
 Reference value :  6.05450e-08
 Reference value :  6.05955e-08
 Reference value :  6.06061e-08
 Reference value :  6.06066e-08
 Reference value :  6.06085e-08
 Reference value :  6.06118e-08
 Reference value :  6.06159e-08
 Reference value :  6.06223e-08
 Reference value :  6.06328e-08
 Reference value :  6.06359e-08
 Reference value :  6.06426e-08
 Reference value :  6.06499e-08
 Reference value :  6.06587e-08
 Reference value :  6.06632e-08
 Reference value :  6.06674e-08
 Reference value :  6.06714e-08
 Reference value :  6.06790e-08
 Reference value :  6.06861e-08
 Reference value :  6.06862e-08
 Reference value :  6.06888e-08
 Reference value :  6.06920e-08
 Reference value :  6.06962e-08
 Reference value :  6.07023e-08
 Reference value :  6.07186e-08
 Reference value :  6.07330e-08
 Reference value :  6.07517e-08
 Reference value :  6.07760e-08
 Reference value :  6.08072e-08
 Reference value :  6.08459e-08
 Reference value :  6.08859e-08
 Reference value :  6.09459e-08
 Reference value :  6.10000e-08
No. of Data Rows : 4123
m_ui_ref            =  1.34680e-09 targ=  1.35080e-08 trig=  1.21612e-08
m_spa_in            =  5.38721e-09 targ=  1.75484e-08 trig=  1.21612e-08
m_spb_in            =  4.04040e-09 targ=  1.62016e-08 trig=  1.21612e-08
m_spa_c0            =  5.38720e-09 targ=  1.75542e-08 trig=  1.21670e-08
m_spb_c0            =  4.04040e-09 targ=  1.62074e-08 trig=  1.21670e-08
m_trise_c0          =  4.40243e-11 targ=  1.35322e-08 trig=  1.34882e-08
m_tfall_c0          =  4.40192e-11 targ=  1.48790e-08 trig=  1.48350e-08
m_spa_c1            =  5.38719e-09 targ=  1.75861e-08 trig=  1.21989e-08
m_spb_c1            =  4.04039e-09 targ=  1.62393e-08 trig=  1.21989e-08
m_trise_c1          =  1.12826e-10 targ=  1.36216e-08 trig=  1.35088e-08
m_tfall_c1          =  1.12774e-10 targ=  1.49683e-08 trig=  1.48555e-08
m_spa_c2            =  5.38725e-09 targ=  1.76161e-08 trig=  1.22289e-08
m_spb_c2            =  4.04045e-09 targ=  1.62693e-08 trig=  1.22289e-08
m_trise_c2          =  2.16845e-10 targ=  1.37346e-08 trig=  1.35177e-08
m_tfall_c2          =  2.17099e-10 targ=  1.50817e-08 trig=  1.48646e-08
m_spa_cmis          =  5.38721e-09 targ=  1.75960e-08 trig=  1.22088e-08
m_spb_cmis          =  4.04208e-09 targ=  1.62509e-08 trig=  1.22088e-08
m_dj_ui_c0 = 7.4250019143e-07
m_swing_c0 = 5.0846579520e-01
m_vpp_c0 = 6.3873678925e-01
m_vcm_c0 = 3.0457669902e+00
m_dj_ui_c1 = 8.1675021027e-06
m_swing_c1 = 5.0811683381e-01
m_vpp_c1 = 5.1266358201e-01
m_vcm_c1 = 3.0459414476e+00
m_dj_ui_c2 = 3.1185008031e-05
m_swing_c2 = 5.0658754985e-01
m_vpp_c2 = 5.0923467144e-01
m_vcm_c2 = 3.0466265139e+00
m_dj_ui_cmis = 1.2474003212e-03
m_swing_cmis = 5.0658737662e-01
m_swing_avcclo = 5.0770036142e-01
m_vcm_avcclo = 2.7161496666e+00
m_swing_avcchi = 5.0850535042e-01
m_vcm_avcchi = 3.3757472018e+00
m_vgs_sw_max = 1.3319908630e+00
m_vgd_sw_max = 1.9964999161e+00
m_vds_sw_max = 2.5149955335e+00
m_vgs_tail_max = 1.0063973128e+00
m_vds_tail_max = 1.2704689429e+00
m_swing_dc = 5.0620519044e-01
m_vcm_dc = 3.0468973197e+00
m_ioff_dc = 1.7016990839e-09
m_itail_dc = 1.0124107212e-02
m_icell_dc = 1.0624107213e-02
m_ro_leg = 4.4166743743e+04
Note: Simulation executed from .control section 

