
Note: No compatibility mode selected!


Circuit: * cml-driver-eye @ ff_125c_3.30v_270mbps -- generated by sim/harness, do not edit

Doing analysis at TEMP = 125.000000 and TNOM = 27.000000

Using SPARSE 1.3 as Direct Linear Solver

Initial Transient Solution
--------------------------

Node                                   Voltage
----                                   -------
avcc                                       3.3
avcclo                                    2.97
avcchi                                    3.63
inp                                      2.805
inn                                      1.815
inpz                                     2.805
innz                                     1.815
inref                                     0.99
win                                          0
winc                                         0
xc0.tail                               1.43544
ib_c0                                 0.980787
outp_c0                                2.78971
outn_c0                                3.29985
vd_c0                                 0.510139
xc1.tail                               1.43544
ib_c1                                 0.980787
outp_c1                                2.78971
outn_c1                                3.29985
vd_c1                                 0.510139
xc2.tail                               1.43544
ib_c2                                 0.980787
outp_c2                                2.78971
outn_c2                                3.29985
vd_c2                                 0.510139
xcmis.tail                             1.43544
ib_cmis                               0.980787
outp_cmis                              2.78971
outn_cmis                              3.29985
vd_cmis                               0.510139
xvlo.tail                              1.41441
ib_vlo                                0.980787
outp_vlo                               2.46015
outn_vlo                               2.96981
xvhi.tail                              1.45413
ib_vhi                                0.980787
outp_vhi                               3.11933
outn_vhi                               3.62986
xz.tail                                1.43544
ib_z                                  0.980787
vss_z                                        0
outp_z                                 2.78971
outn_z                                 3.29985
xza.tail                               1.42382
ib_za                                 0.980787
outp_za                                    2.6
outn_za                                3.29979
xzb.tail                                1.4475
ib_zb                                 0.980787
outp_zb                                      3
outn_zb                                3.29989
ediff_cmis#branch                            0
ediff_c2#branch                              0
ediff_c1#branch                              0
ediff_c0#branch                              0
einref#branch                                0
vforce_zb#branch                    -0.0102113
vforce_za#branch                    -0.0102003
vsens_z#branch                        0.010709
vwinc#branch                                 0
vwin#branch                                  0
vinnz#branch                                 0
vinpz#branch                                 0
vinn#branch                                  0
vinp#branch                                  0
vavcchi#branch                      -0.0102161
vavcclo#branch                      -0.0102008
vavcc#branch                        -0.0510512

 Reference value :  0.00000e+00
 Reference value :  4.00000e-13
 Reference value :  3.20000e-12
 Reference value :  2.56000e-11
 Reference value :  8.56000e-11
 Reference value :  1.45600e-10
 Reference value :  2.05600e-10
 Reference value :  2.85600e-10
 Reference value :  3.45600e-10
 Reference value :  4.05600e-10
 Reference value :  4.65600e-10
 Reference value :  5.25600e-10
 Reference value :  5.85600e-10
 Reference value :  6.45600e-10
 Reference value :  7.05600e-10
 Reference value :  7.65600e-10
 Reference value :  8.25600e-10
 Reference value :  8.85600e-10
 Reference value :  9.45600e-10
 Reference value :  1.00560e-09
 Reference value :  1.06560e-09
 Reference value :  1.10560e-09
 Reference value :  1.16560e-09
 Reference value :  1.22560e-09
 Reference value :  1.28560e-09
 Reference value :  1.34560e-09
 Reference value :  1.42560e-09
 Reference value :  1.50560e-09
 Reference value :  1.58560e-09
 Reference value :  1.66560e-09
 Reference value :  1.72560e-09
 Reference value :  1.78560e-09
 Reference value :  1.86560e-09
 Reference value :  1.92560e-09
 Reference value :  2.00560e-09
 Reference value :  2.06560e-09
 Reference value :  2.12560e-09
 Reference value :  2.18560e-09
 Reference value :  2.24560e-09
 Reference value :  2.30560e-09
 Reference value :  2.36560e-09
 Reference value :  2.42560e-09
 Reference value :  2.48560e-09
 Reference value :  2.54560e-09
 Reference value :  2.60560e-09
 Reference value :  2.66560e-09
 Reference value :  2.72560e-09
 Reference value :  2.78560e-09
 Reference value :  2.84560e-09
 Reference value :  2.90560e-09
 Reference value :  2.96560e-09
 Reference value :  3.02560e-09
 Reference value :  3.08560e-09
 Reference value :  3.14560e-09
 Reference value :  3.20560e-09
 Reference value :  3.26560e-09
 Reference value :  3.32560e-09
 Reference value :  3.38560e-09
 Reference value :  3.44560e-09
 Reference value :  3.50560e-09
 Reference value :  3.56560e-09
 Reference value :  3.62560e-09
 Reference value :  3.70560e-09
 Reference value :  3.76560e-09
 Reference value :  3.84560e-09
 Reference value :  3.92560e-09
 Reference value :  3.98560e-09
 Reference value :  4.04560e-09
 Reference value :  4.10560e-09
 Reference value :  4.16560e-09
 Reference value :  4.22560e-09
 Reference value :  4.28560e-09
 Reference value :  4.34560e-09
 Reference value :  4.40560e-09
 Reference value :  4.46560e-09
 Reference value :  4.52560e-09
 Reference value :  4.58560e-09
 Reference value :  4.64560e-09
 Reference value :  4.70560e-09
 Reference value :  4.76560e-09
 Reference value :  4.82560e-09
 Reference value :  4.88560e-09
 Reference value :  4.94560e-09
 Reference value :  5.00560e-09
 Reference value :  5.06560e-09
 Reference value :  5.14560e-09
 Reference value :  5.20560e-09
 Reference value :  5.26560e-09
 Reference value :  5.34560e-09
 Reference value :  5.42560e-09
 Reference value :  5.48560e-09
 Reference value :  5.54560e-09
 Reference value :  5.60560e-09
 Reference value :  5.66560e-09
 Reference value :  5.72560e-09
 Reference value :  5.78560e-09
 Reference value :  5.84560e-09
 Reference value :  5.90560e-09
 Reference value :  5.96560e-09
 Reference value :  6.02560e-09
 Reference value :  6.08560e-09
 Reference value :  6.14560e-09
 Reference value :  6.20560e-09
 Reference value :  6.26560e-09
 Reference value :  6.34560e-09
 Reference value :  6.40560e-09
 Reference value :  6.48560e-09
 Reference value :  6.54560e-09
 Reference value :  6.60560e-09
 Reference value :  6.66560e-09
 Reference value :  6.74560e-09
 Reference value :  6.80560e-09
 Reference value :  6.86560e-09
 Reference value :  6.94560e-09
 Reference value :  7.00560e-09
 Reference value :  7.06560e-09
 Reference value :  7.12560e-09
 Reference value :  7.18560e-09
 Reference value :  7.24560e-09
 Reference value :  7.30560e-09
 Reference value :  7.36560e-09
 Reference value :  7.42560e-09
 Reference value :  7.50560e-09
 Reference value :  7.56560e-09
 Reference value :  7.64560e-09
 Reference value :  7.70560e-09
 Reference value :  7.76560e-09
 Reference value :  7.82560e-09
 Reference value :  7.88560e-09
 Reference value :  7.94560e-09
 Reference value :  8.00560e-09
 Reference value :  8.06560e-09
 Reference value :  8.12560e-09
 Reference value :  8.18560e-09
 Reference value :  8.24560e-09
 Reference value :  8.30560e-09
 Reference value :  8.36560e-09
 Reference value :  8.42560e-09
 Reference value :  8.48560e-09
 Reference value :  8.54560e-09
 Reference value :  8.60560e-09
 Reference value :  8.66560e-09
 Reference value :  8.72560e-09
 Reference value :  8.78560e-09
 Reference value :  8.84560e-09
 Reference value :  8.90560e-09
 Reference value :  8.96560e-09
 Reference value :  9.02560e-09
 Reference value :  9.08560e-09
 Reference value :  9.14560e-09
 Reference value :  9.20560e-09
 Reference value :  9.26560e-09
 Reference value :  9.34560e-09
 Reference value :  9.40560e-09
 Reference value :  9.46560e-09
 Reference value :  9.52560e-09
 Reference value :  9.58560e-09
 Reference value :  9.64560e-09
 Reference value :  9.70560e-09
 Reference value :  9.76560e-09
 Reference value :  9.82560e-09
 Reference value :  9.88560e-09
 Reference value :  9.94560e-09
 Reference value :  1.00056e-08
 Reference value :  1.00656e-08
 Reference value :  1.01256e-08
 Reference value :  1.01856e-08
 Reference value :  1.02456e-08
 Reference value :  1.03056e-08
 Reference value :  1.03656e-08
 Reference value :  1.04256e-08
 Reference value :  1.04856e-08
 Reference value :  1.05456e-08
 Reference value :  1.06056e-08
 Reference value :  1.06656e-08
 Reference value :  1.07256e-08
 Reference value :  1.07856e-08
 Reference value :  1.08456e-08
 Reference value :  1.09056e-08
 Reference value :  1.09656e-08
 Reference value :  1.10256e-08
 Reference value :  1.10856e-08
 Reference value :  1.11656e-08
 Reference value :  1.12256e-08
 Reference value :  1.12856e-08
 Reference value :  1.13456e-08
 Reference value :  1.14056e-08
 Reference value :  1.14656e-08
 Reference value :  1.15256e-08
 Reference value :  1.15856e-08
 Reference value :  1.16456e-08
 Reference value :  1.17056e-08
 Reference value :  1.17656e-08
 Reference value :  1.18456e-08
 Reference value :  1.19056e-08
 Reference value :  1.19656e-08
 Reference value :  1.20256e-08
 Reference value :  1.20856e-08
 Reference value :  1.21656e-08
 Reference value :  1.22456e-08
 Reference value :  1.23256e-08
 Reference value :  1.23856e-08
 Reference value :  1.24656e-08
 Reference value :  1.25256e-08
 Reference value :  1.25856e-08
 Reference value :  1.26456e-08
 Reference value :  1.27056e-08
 Reference value :  1.27656e-08
 Reference value :  1.28256e-08
 Reference value :  1.29056e-08
 Reference value :  1.29656e-08
 Reference value :  1.30256e-08
 Reference value :  1.30856e-08
 Reference value :  1.31456e-08
 Reference value :  1.32056e-08
 Reference value :  1.32656e-08
 Reference value :  1.33256e-08
 Reference value :  1.33856e-08
 Reference value :  1.34456e-08
 Reference value :  1.35256e-08
 Reference value :  1.35856e-08
 Reference value :  1.36456e-08
 Reference value :  1.37056e-08
 Reference value :  1.37656e-08
 Reference value :  1.38256e-08
 Reference value :  1.38856e-08
 Reference value :  1.39456e-08
 Reference value :  1.40056e-08
 Reference value :  1.40656e-08
 Reference value :  1.41256e-08
 Reference value :  1.41856e-08
 Reference value :  1.42456e-08
 Reference value :  1.43056e-08
 Reference value :  1.43656e-08
 Reference value :  1.44256e-08
 Reference value :  1.44856e-08
 Reference value :  1.45456e-08
 Reference value :  1.46056e-08
 Reference value :  1.46656e-08
 Reference value :  1.47256e-08
 Reference value :  1.47856e-08
 Reference value :  1.48456e-08
 Reference value :  1.49256e-08
 Reference value :  1.49856e-08
 Reference value :  1.50456e-08
 Reference value :  1.51056e-08
 Reference value :  1.51656e-08
 Reference value :  1.52456e-08
 Reference value :  1.53056e-08
 Reference value :  1.53656e-08
 Reference value :  1.54256e-08
 Reference value :  1.55056e-08
 Reference value :  1.55656e-08
 Reference value :  1.56456e-08
 Reference value :  1.57056e-08
 Reference value :  1.57656e-08
 Reference value :  1.58256e-08
 Reference value :  1.59056e-08
 Reference value :  1.59656e-08
 Reference value :  1.60456e-08
 Reference value :  1.61056e-08
 Reference value :  1.61656e-08
 Reference value :  1.62456e-08
 Reference value :  1.63056e-08
 Reference value :  1.63656e-08
 Reference value :  1.64456e-08
 Reference value :  1.65256e-08
 Reference value :  1.66056e-08
 Reference value :  1.66656e-08
 Reference value :  1.67256e-08
 Reference value :  1.67856e-08
 Reference value :  1.68456e-08
 Reference value :  1.69056e-08
 Reference value :  1.69656e-08
 Reference value :  1.70256e-08
 Reference value :  1.70856e-08
 Reference value :  1.71456e-08
 Reference value :  1.72056e-08
 Reference value :  1.72656e-08
 Reference value :  1.73456e-08
 Reference value :  1.74056e-08
 Reference value :  1.74656e-08
 Reference value :  1.75256e-08
 Reference value :  1.75856e-08
 Reference value :  1.76456e-08
 Reference value :  1.77056e-08
 Reference value :  1.77656e-08
 Reference value :  1.78456e-08
 Reference value :  1.79056e-08
 Reference value :  1.79856e-08
 Reference value :  1.80456e-08
 Reference value :  1.81056e-08
 Reference value :  1.81656e-08
 Reference value :  1.82256e-08
 Reference value :  1.82856e-08
 Reference value :  1.83456e-08
 Reference value :  1.84056e-08
 Reference value :  1.84656e-08
 Reference value :  1.85256e-08
 Reference value :  1.85856e-08
 Reference value :  1.86456e-08
 Reference value :  1.87056e-08
 Reference value :  1.87656e-08
 Reference value :  1.88256e-08
 Reference value :  1.88856e-08
 Reference value :  1.89456e-08
 Reference value :  1.90056e-08
 Reference value :  1.90656e-08
 Reference value :  1.91256e-08
 Reference value :  1.92056e-08
 Reference value :  1.92656e-08
 Reference value :  1.93256e-08
 Reference value :  1.93856e-08
 Reference value :  1.94656e-08
 Reference value :  1.95456e-08
 Reference value :  1.96256e-08
 Reference value :  1.96856e-08
 Reference value :  1.97456e-08
 Reference value :  1.98256e-08
 Reference value :  1.98856e-08
 Reference value :  1.99456e-08
 Reference value :  2.00056e-08
 Reference value :  2.00656e-08
 Reference value :  2.01256e-08
 Reference value :  2.01856e-08
 Reference value :  2.02456e-08
 Reference value :  2.03056e-08
 Reference value :  2.03656e-08
 Reference value :  2.04256e-08
 Reference value :  2.04856e-08
 Reference value :  2.05456e-08
 Reference value :  2.06056e-08
 Reference value :  2.06656e-08
 Reference value :  2.07256e-08
 Reference value :  2.07856e-08
 Reference value :  2.08456e-08
 Reference value :  2.09256e-08
 Reference value :  2.09856e-08
 Reference value :  2.10456e-08
 Reference value :  2.11056e-08
 Reference value :  2.11656e-08
 Reference value :  2.12256e-08
 Reference value :  2.12856e-08
 Reference value :  2.13456e-08
 Reference value :  2.14056e-08
 Reference value :  2.14656e-08
 Reference value :  2.15256e-08
 Reference value :  2.15856e-08
 Reference value :  2.16656e-08
 Reference value :  2.17456e-08
 Reference value :  2.18056e-08
 Reference value :  2.18656e-08
 Reference value :  2.19256e-08
 Reference value :  2.19856e-08
 Reference value :  2.20456e-08
 Reference value :  2.21056e-08
 Reference value :  2.21656e-08
 Reference value :  2.22256e-08
 Reference value :  2.22856e-08
 Reference value :  2.23456e-08
 Reference value :  2.24056e-08
 Reference value :  2.24656e-08
 Reference value :  2.25256e-08
 Reference value :  2.25856e-08
 Reference value :  2.26456e-08
 Reference value :  2.27056e-08
 Reference value :  2.27656e-08
 Reference value :  2.28256e-08
 Reference value :  2.28856e-08
 Reference value :  2.29456e-08
 Reference value :  2.30056e-08
 Reference value :  2.30656e-08
 Reference value :  2.31256e-08
 Reference value :  2.31856e-08
 Reference value :  2.32456e-08
 Reference value :  2.33056e-08
 Reference value :  2.33856e-08
 Reference value :  2.34456e-08
 Reference value :  2.35056e-08
 Reference value :  2.35656e-08
 Reference value :  2.36256e-08
 Reference value :  2.36856e-08
 Reference value :  2.37456e-08
 Reference value :  2.38056e-08
 Reference value :  2.38656e-08
 Reference value :  2.39256e-08
 Reference value :  2.39856e-08
 Reference value :  2.40456e-08
 Reference value :  2.41056e-08
 Reference value :  2.41656e-08
 Reference value :  2.42256e-08
 Reference value :  2.43056e-08
 Reference value :  2.43856e-08
 Reference value :  2.44456e-08
 Reference value :  2.45256e-08
 Reference value :  2.45856e-08
 Reference value :  2.46656e-08
 Reference value :  2.47256e-08
 Reference value :  2.47856e-08
 Reference value :  2.48456e-08
 Reference value :  2.49056e-08
 Reference value :  2.49656e-08
 Reference value :  2.50256e-08
 Reference value :  2.50856e-08
 Reference value :  2.51456e-08
 Reference value :  2.52056e-08
 Reference value :  2.52856e-08
 Reference value :  2.53456e-08
 Reference value :  2.54056e-08
 Reference value :  2.54656e-08
 Reference value :  2.55256e-08
 Reference value :  2.55856e-08
 Reference value :  2.56456e-08
 Reference value :  2.57056e-08
 Reference value :  2.57656e-08
 Reference value :  2.58256e-08
 Reference value :  2.58856e-08
 Reference value :  2.59456e-08
 Reference value :  2.60056e-08
 Reference value :  2.60656e-08
 Reference value :  2.61256e-08
 Reference value :  2.62056e-08
 Reference value :  2.62656e-08
 Reference value :  2.63256e-08
 Reference value :  2.63856e-08
 Reference value :  2.64456e-08
 Reference value :  2.65056e-08
 Reference value :  2.65656e-08
 Reference value :  2.66256e-08
 Reference value :  2.66856e-08
 Reference value :  2.67456e-08
 Reference value :  2.68256e-08
 Reference value :  2.68856e-08
 Reference value :  2.69456e-08
 Reference value :  2.70256e-08
 Reference value :  2.71056e-08
 Reference value :  2.71856e-08
 Reference value :  2.72456e-08
 Reference value :  2.73256e-08
 Reference value :  2.74056e-08
 Reference value :  2.74656e-08
 Reference value :  2.75256e-08
 Reference value :  2.75856e-08
 Reference value :  2.76656e-08
 Reference value :  2.77456e-08
 Reference value :  2.78056e-08
 Reference value :  2.78656e-08
 Reference value :  2.79256e-08
 Reference value :  2.79856e-08
 Reference value :  2.80456e-08
 Reference value :  2.81056e-08
 Reference value :  2.81656e-08
 Reference value :  2.82256e-08
 Reference value :  2.82856e-08
 Reference value :  2.83456e-08
 Reference value :  2.84056e-08
 Reference value :  2.84856e-08
 Reference value :  2.85656e-08
 Reference value :  2.86456e-08
 Reference value :  2.87256e-08
 Reference value :  2.87856e-08
 Reference value :  2.88456e-08
 Reference value :  2.89056e-08
 Reference value :  2.89656e-08
 Reference value :  2.90256e-08
 Reference value :  2.90856e-08
 Reference value :  2.91456e-08
 Reference value :  2.92056e-08
 Reference value :  2.92656e-08
 Reference value :  2.93256e-08
 Reference value :  2.93856e-08
 Reference value :  2.94456e-08
 Reference value :  2.95056e-08
 Reference value :  2.95656e-08
 Reference value :  2.96256e-08
 Reference value :  2.96856e-08
 Reference value :  2.97456e-08
 Reference value :  2.98056e-08
 Reference value :  2.98856e-08
 Reference value :  2.99456e-08
 Reference value :  3.00056e-08
 Reference value :  3.00656e-08
 Reference value :  3.01256e-08
 Reference value :  3.01856e-08
 Reference value :  3.02456e-08
 Reference value :  3.03256e-08
 Reference value :  3.04056e-08
 Reference value :  3.04856e-08
 Reference value :  3.05456e-08
 Reference value :  3.06056e-08
 Reference value :  3.06656e-08
 Reference value :  3.07456e-08
 Reference value :  3.08056e-08
 Reference value :  3.08656e-08
 Reference value :  3.09456e-08
 Reference value :  3.10256e-08
 Reference value :  3.11256e-08
 Reference value :  3.12056e-08
 Reference value :  3.13056e-08
 Reference value :  3.14056e-08
 Reference value :  3.14656e-08
 Reference value :  3.15256e-08
 Reference value :  3.15856e-08
 Reference value :  3.16456e-08
 Reference value :  3.17056e-08
 Reference value :  3.17656e-08
 Reference value :  3.18456e-08
 Reference value :  3.19056e-08
 Reference value :  3.19656e-08
 Reference value :  3.20256e-08
 Reference value :  3.20856e-08
 Reference value :  3.21456e-08
 Reference value :  3.22056e-08
 Reference value :  3.22656e-08
 Reference value :  3.23256e-08
 Reference value :  3.23856e-08
 Reference value :  3.24456e-08
 Reference value :  3.25056e-08
 Reference value :  3.25656e-08
 Reference value :  3.26256e-08
 Reference value :  3.26856e-08
 Reference value :  3.27456e-08
 Reference value :  3.28056e-08
 Reference value :  3.28656e-08
 Reference value :  3.29456e-08
 Reference value :  3.30056e-08
 Reference value :  3.30656e-08
 Reference value :  3.31256e-08
 Reference value :  3.31856e-08
 Reference value :  3.32456e-08
 Reference value :  3.33056e-08
 Reference value :  3.33334e-08
 Reference value :  3.33340e-08
 Reference value :  3.33360e-08
 Reference value :  3.33395e-08
 Reference value :  3.33439e-08
 Reference value :  3.33505e-08
 Reference value :  3.33545e-08
 Reference value :  3.33628e-08
 Reference value :  3.33721e-08
 Reference value :  3.33823e-08
 Reference value :  3.33954e-08
 Reference value :  3.34012e-08
 Reference value :  3.34062e-08
 Reference value :  3.34133e-08
 Reference value :  3.34134e-08
 Reference value :  3.34139e-08
 Reference value :  3.34173e-08
 Reference value :  3.34210e-08
 Reference value :  3.34258e-08
 Reference value :  3.34329e-08
 Reference value :  3.34456e-08
 Reference value :  3.34608e-08
 Reference value :  3.34790e-08
 Reference value :  3.35016e-08
 Reference value :  3.35301e-08
 Reference value :  3.35664e-08
 Reference value :  3.36064e-08
 Reference value :  3.36464e-08
 Reference value :  3.37064e-08
 Reference value :  3.37664e-08
 Reference value :  3.38264e-08
 Reference value :  3.38864e-08
 Reference value :  3.39464e-08
 Reference value :  3.40064e-08
 Reference value :  3.40664e-08
 Reference value :  3.41264e-08
 Reference value :  3.41864e-08
 Reference value :  3.42464e-08
 Reference value :  3.43064e-08
 Reference value :  3.43664e-08
 Reference value :  3.44264e-08
 Reference value :  3.44864e-08
 Reference value :  3.45464e-08
 Reference value :  3.46064e-08
 Reference value :  3.46664e-08
 Reference value :  3.47464e-08
 Reference value :  3.48064e-08
 Reference value :  3.48664e-08
 Reference value :  3.49264e-08
 Reference value :  3.49864e-08
 Reference value :  3.50464e-08
 Reference value :  3.51064e-08
 Reference value :  3.51664e-08
 Reference value :  3.52264e-08
 Reference value :  3.52864e-08
 Reference value :  3.53464e-08
 Reference value :  3.54064e-08
 Reference value :  3.54664e-08
 Reference value :  3.55264e-08
 Reference value :  3.55864e-08
 Reference value :  3.56464e-08
 Reference value :  3.57064e-08
 Reference value :  3.57664e-08
 Reference value :  3.58264e-08
 Reference value :  3.58864e-08
 Reference value :  3.59464e-08
 Reference value :  3.60064e-08
 Reference value :  3.60664e-08
 Reference value :  3.61264e-08
 Reference value :  3.61864e-08
 Reference value :  3.62464e-08
 Reference value :  3.63064e-08
 Reference value :  3.63864e-08
 Reference value :  3.64464e-08
 Reference value :  3.65064e-08
 Reference value :  3.65664e-08
 Reference value :  3.66264e-08
 Reference value :  3.66864e-08
 Reference value :  3.67664e-08
 Reference value :  3.68464e-08
 Reference value :  3.69064e-08
 Reference value :  3.69664e-08
 Reference value :  3.70217e-08
 Reference value :  3.70371e-08
 Reference value :  3.70377e-08
 Reference value :  3.70400e-08
 Reference value :  3.70435e-08
 Reference value :  3.70480e-08
 Reference value :  3.70548e-08
 Reference value :  3.70634e-08
 Reference value :  3.70719e-08
 Reference value :  3.70872e-08
 Reference value :  3.70995e-08
 Reference value :  3.71099e-08
 Reference value :  3.71171e-08
 Reference value :  3.71176e-08
 Reference value :  3.71192e-08
 Reference value :  3.71227e-08
 Reference value :  3.71268e-08
 Reference value :  3.71325e-08
 Reference value :  3.71418e-08
 Reference value :  3.71561e-08
 Reference value :  3.71726e-08
 Reference value :  3.71929e-08
 Reference value :  3.72183e-08
 Reference value :  3.72504e-08
 Reference value :  3.72902e-08
 Reference value :  3.73502e-08
 Reference value :  3.73902e-08
 Reference value :  3.74502e-08
 Reference value :  3.75102e-08
 Reference value :  3.75702e-08
 Reference value :  3.76302e-08
 Reference value :  3.76902e-08
 Reference value :  3.77502e-08
 Reference value :  3.77779e-08
 Reference value :  3.77788e-08
 Reference value :  3.77798e-08
 Reference value :  3.77877e-08
 Reference value :  3.78345e-08
 Reference value :  3.78945e-08
 Reference value :  3.79745e-08
 Reference value :  3.80345e-08
 Reference value :  3.81145e-08
 Reference value :  3.81482e-08
 Reference value :  3.81491e-08
 Reference value :  3.81502e-08
 Reference value :  3.81580e-08
 Reference value :  3.82049e-08
 Reference value :  3.82649e-08
 Reference value :  3.83249e-08
 Reference value :  3.84049e-08
 Reference value :  3.84649e-08
 Reference value :  3.85449e-08
 Reference value :  3.86249e-08
 Reference value :  3.86849e-08
 Reference value :  3.87449e-08
 Reference value :  3.88049e-08
 Reference value :  3.88649e-08
 Reference value :  3.89249e-08
 Reference value :  3.89849e-08
 Reference value :  3.90449e-08
 Reference value :  3.91049e-08
 Reference value :  3.91649e-08
 Reference value :  3.92249e-08
 Reference value :  3.92849e-08
 Reference value :  3.93449e-08
 Reference value :  3.94049e-08
 Reference value :  3.94649e-08
 Reference value :  3.95249e-08
 Reference value :  3.95849e-08
 Reference value :  3.96296e-08
 Reference value :  3.96303e-08
 Reference value :  3.96308e-08
 Reference value :  3.96328e-08
 Reference value :  3.96485e-08
 Reference value :  3.97064e-08
 Reference value :  3.97664e-08
 Reference value :  3.98264e-08
 Reference value :  3.98864e-08
 Reference value :  3.99464e-08
 Reference value :  4.00064e-08
 Reference value :  4.00664e-08
 Reference value :  4.01264e-08
 Reference value :  4.01864e-08
 Reference value :  4.02464e-08
 Reference value :  4.03064e-08
 Reference value :  4.03664e-08
 Reference value :  4.04264e-08
 Reference value :  4.04864e-08
 Reference value :  4.05464e-08
 Reference value :  4.06064e-08
 Reference value :  4.06664e-08
 Reference value :  4.07236e-08
 Reference value :  4.07408e-08
 Reference value :  4.07415e-08
 Reference value :  4.07440e-08
 Reference value :  4.07476e-08
 Reference value :  4.07552e-08
 Reference value :  4.07636e-08
 Reference value :  4.07718e-08
 Reference value :  4.07812e-08
 Reference value :  4.07982e-08
 Reference value :  4.08043e-08
 Reference value :  4.08096e-08
 Reference value :  4.08180e-08
 Reference value :  4.08208e-08
 Reference value :  4.08212e-08
 Reference value :  4.08226e-08
 Reference value :  4.08242e-08
 Reference value :  4.08277e-08
 Reference value :  4.08323e-08
 Reference value :  4.08390e-08
 Reference value :  4.08510e-08
 Reference value :  4.08659e-08
 Reference value :  4.08836e-08
 Reference value :  4.09056e-08
 Reference value :  4.09331e-08
 Reference value :  4.09682e-08
 Reference value :  4.10082e-08
 Reference value :  4.10482e-08
 Reference value :  4.11082e-08
 Reference value :  4.11682e-08
 Reference value :  4.12282e-08
 Reference value :  4.12882e-08
 Reference value :  4.13482e-08
 Reference value :  4.14282e-08
 Reference value :  4.14882e-08
 Reference value :  4.15682e-08
 Reference value :  4.16282e-08
 Reference value :  4.16882e-08
 Reference value :  4.17482e-08
 Reference value :  4.18282e-08
 Reference value :  4.18520e-08
 Reference value :  4.18529e-08
 Reference value :  4.18533e-08
 Reference value :  4.18573e-08
 Reference value :  4.18886e-08
 Reference value :  4.19486e-08
 Reference value :  4.20086e-08
 Reference value :  4.20686e-08
 Reference value :  4.21286e-08
 Reference value :  4.21886e-08
 Reference value :  4.22486e-08
 Reference value :  4.23086e-08
 Reference value :  4.23686e-08
 Reference value :  4.24286e-08
 Reference value :  4.24886e-08
 Reference value :  4.25486e-08
 Reference value :  4.26086e-08
 Reference value :  4.26886e-08
 Reference value :  4.27486e-08
 Reference value :  4.28086e-08
 Reference value :  4.28686e-08
 Reference value :  4.29286e-08
 Reference value :  4.30086e-08
 Reference value :  4.30686e-08
 Reference value :  4.31286e-08
 Reference value :  4.31886e-08
 Reference value :  4.32486e-08
 Reference value :  4.33086e-08
 Reference value :  4.33334e-08
 Reference value :  4.33343e-08
 Reference value :  4.33348e-08
 Reference value :  4.33387e-08
 Reference value :  4.33701e-08
 Reference value :  4.34301e-08
 Reference value :  4.34901e-08
 Reference value :  4.35501e-08
 Reference value :  4.36101e-08
 Reference value :  4.36701e-08
 Reference value :  4.37301e-08
 Reference value :  4.37901e-08
 Reference value :  4.38501e-08
 Reference value :  4.39101e-08
 Reference value :  4.39701e-08
 Reference value :  4.40301e-08
 Reference value :  4.40901e-08
 Reference value :  4.41501e-08
 Reference value :  4.42101e-08
 Reference value :  4.42701e-08
 Reference value :  4.43301e-08
 Reference value :  4.43901e-08
 Reference value :  4.44444e-08
 Reference value :  4.44446e-08
 Reference value :  4.44460e-08
 Reference value :  4.44493e-08
 Reference value :  4.44533e-08
 Reference value :  4.44589e-08
 Reference value :  4.44673e-08
 Reference value :  4.44755e-08
 Reference value :  4.44849e-08
 Reference value :  4.44955e-08
 Reference value :  4.45080e-08
 Reference value :  4.45133e-08
 Reference value :  4.45217e-08
 Reference value :  4.45245e-08
 Reference value :  4.45249e-08
 Reference value :  4.45263e-08
 Reference value :  4.45279e-08
 Reference value :  4.45315e-08
 Reference value :  4.45390e-08
 Reference value :  4.45475e-08
 Reference value :  4.45614e-08
 Reference value :  4.45775e-08
 Reference value :  4.45972e-08
 Reference value :  4.46218e-08
 Reference value :  4.46528e-08
 Reference value :  4.46919e-08
 Reference value :  4.47319e-08
 Reference value :  4.47719e-08
 Reference value :  4.48119e-08
 Reference value :  4.48719e-08
 Reference value :  4.49319e-08
 Reference value :  4.49919e-08
 Reference value :  4.50519e-08
 Reference value :  4.51119e-08
 Reference value :  4.51719e-08
 Reference value :  4.52319e-08
 Reference value :  4.52919e-08
 Reference value :  4.53519e-08
 Reference value :  4.54119e-08
 Reference value :  4.54719e-08
 Reference value :  4.55319e-08
 Reference value :  4.55557e-08
 Reference value :  4.55566e-08
 Reference value :  4.55570e-08
 Reference value :  4.55610e-08
 Reference value :  4.55923e-08
 Reference value :  4.56523e-08
 Reference value :  4.57123e-08
 Reference value :  4.57723e-08
 Reference value :  4.58323e-08
 Reference value :  4.58923e-08
 Reference value :  4.59723e-08
 Reference value :  4.60323e-08
 Reference value :  4.60923e-08
 Reference value :  4.61523e-08
 Reference value :  4.62123e-08
 Reference value :  4.62723e-08
 Reference value :  4.63523e-08
 Reference value :  4.64123e-08
 Reference value :  4.64923e-08
 Reference value :  4.65523e-08
 Reference value :  4.66123e-08
 Reference value :  4.66723e-08
 Reference value :  4.67323e-08
 Reference value :  4.67923e-08
 Reference value :  4.68523e-08
 Reference value :  4.69123e-08
 Reference value :  4.69723e-08
 Reference value :  4.70247e-08
 Reference value :  4.70373e-08
 Reference value :  4.70381e-08
 Reference value :  4.70391e-08
 Reference value :  4.70469e-08
 Reference value :  4.70938e-08
 Reference value :  4.71538e-08
 Reference value :  4.72138e-08
 Reference value :  4.72938e-08
 Reference value :  4.73538e-08
 Reference value :  4.74338e-08
 Reference value :  4.75138e-08
 Reference value :  4.75738e-08
 Reference value :  4.76538e-08
 Reference value :  4.77138e-08
 Reference value :  4.77738e-08
 Reference value :  4.78338e-08
 Reference value :  4.78938e-08
 Reference value :  4.79538e-08
 Reference value :  4.80138e-08
 Reference value :  4.80738e-08
 Reference value :  4.81310e-08
 Reference value :  4.81482e-08
 Reference value :  4.81489e-08
 Reference value :  4.81514e-08
 Reference value :  4.81550e-08
 Reference value :  4.81596e-08
 Reference value :  4.81668e-08
 Reference value :  4.81752e-08
 Reference value :  4.81838e-08
 Reference value :  4.81936e-08
 Reference value :  4.82056e-08
 Reference value :  4.82117e-08
 Reference value :  4.82170e-08
 Reference value :  4.82254e-08
 Reference value :  4.82282e-08
 Reference value :  4.82286e-08
 Reference value :  4.82300e-08
 Reference value :  4.82316e-08
 Reference value :  4.82352e-08
 Reference value :  4.82427e-08
 Reference value :  4.82512e-08
 Reference value :  4.82733e-08
 Reference value :  4.83009e-08
 Reference value :  4.83255e-08
 Reference value :  4.83756e-08
 Reference value :  4.84156e-08
 Reference value :  4.84556e-08
 Reference value :  4.85156e-08
 Reference value :  4.85756e-08
 Reference value :  4.86356e-08
 Reference value :  4.86956e-08
 Reference value :  4.87556e-08
 Reference value :  4.88156e-08
 Reference value :  4.88956e-08
 Reference value :  4.89556e-08
 Reference value :  4.90156e-08
 Reference value :  4.90756e-08
 Reference value :  4.91356e-08
 Reference value :  4.91956e-08
 Reference value :  4.92474e-08
 Reference value :  4.92596e-08
 Reference value :  4.92603e-08
 Reference value :  4.92613e-08
 Reference value :  4.92691e-08
 Reference value :  4.93160e-08
 Reference value :  4.93760e-08
 Reference value :  4.94360e-08
 Reference value :  4.94960e-08
 Reference value :  4.95560e-08
 Reference value :  4.96160e-08
 Reference value :  4.96760e-08
 Reference value :  4.97360e-08
 Reference value :  4.97960e-08
 Reference value :  4.98560e-08
 Reference value :  4.99160e-08
 Reference value :  4.99760e-08
 Reference value :  5.00360e-08
 Reference value :  5.00960e-08
 Reference value :  5.01560e-08
 Reference value :  5.02160e-08
 Reference value :  5.02760e-08
 Reference value :  5.03360e-08
 Reference value :  5.03960e-08
 Reference value :  5.04560e-08
 Reference value :  5.05160e-08
 Reference value :  5.05760e-08
 Reference value :  5.06360e-08
 Reference value :  5.06960e-08
 Reference value :  5.07407e-08
 Reference value :  5.07414e-08
 Reference value :  5.07420e-08
 Reference value :  5.07439e-08
 Reference value :  5.07596e-08
 Reference value :  5.08375e-08
 Reference value :  5.08975e-08
 Reference value :  5.09575e-08
 Reference value :  5.10175e-08
 Reference value :  5.10775e-08
 Reference value :  5.11575e-08
 Reference value :  5.12375e-08
 Reference value :  5.12975e-08
 Reference value :  5.13575e-08
 Reference value :  5.14175e-08
 Reference value :  5.14775e-08
 Reference value :  5.15375e-08
 Reference value :  5.15975e-08
 Reference value :  5.16575e-08
 Reference value :  5.17175e-08
 Reference value :  5.17775e-08
 Reference value :  5.18519e-08
 Reference value :  5.18520e-08
 Reference value :  5.18534e-08
 Reference value :  5.18567e-08
 Reference value :  5.18633e-08
 Reference value :  5.18705e-08
 Reference value :  5.18789e-08
 Reference value :  5.18876e-08
 Reference value :  5.19029e-08
 Reference value :  5.19154e-08
 Reference value :  5.19207e-08
 Reference value :  5.19319e-08
 Reference value :  5.19319e-08
 Reference value :  5.19323e-08
 Reference value :  5.19338e-08
 Reference value :  5.19353e-08
 Reference value :  5.19389e-08
 Reference value :  5.19434e-08
 Reference value :  5.19501e-08
 Reference value :  5.19621e-08
 Reference value :  5.19770e-08
 Reference value :  5.19947e-08
 Reference value :  5.20167e-08
 Reference value :  5.20442e-08
 Reference value :  5.20793e-08
 Reference value :  5.21193e-08
 Reference value :  5.21593e-08
 Reference value :  5.21993e-08
 Reference value :  5.22593e-08
 Reference value :  5.23193e-08
 Reference value :  5.23793e-08
 Reference value :  5.24393e-08
 Reference value :  5.24993e-08
 Reference value :  5.25593e-08
 Reference value :  5.26193e-08
 Reference value :  5.26793e-08
 Reference value :  5.27393e-08
 Reference value :  5.27993e-08
 Reference value :  5.28593e-08
 Reference value :  5.29193e-08
 Reference value :  5.29630e-08
 Reference value :  5.29636e-08
 Reference value :  5.29642e-08
 Reference value :  5.29684e-08
 Reference value :  5.30197e-08
 Reference value :  5.30797e-08
 Reference value :  5.31397e-08
 Reference value :  5.31997e-08
 Reference value :  5.32597e-08
 Reference value :  5.33197e-08
 Reference value :  5.33997e-08
 Reference value :  5.34597e-08
 Reference value :  5.35197e-08
 Reference value :  5.35797e-08
 Reference value :  5.36397e-08
 Reference value :  5.37197e-08
 Reference value :  5.37797e-08
 Reference value :  5.38397e-08
 Reference value :  5.38997e-08
 Reference value :  5.39597e-08
 Reference value :  5.40197e-08
 Reference value :  5.40797e-08
 Reference value :  5.41397e-08
 Reference value :  5.41997e-08
 Reference value :  5.42597e-08
 Reference value :  5.43197e-08
 Reference value :  5.43797e-08
 Reference value :  5.44321e-08
 Reference value :  5.44447e-08
 Reference value :  5.44455e-08
 Reference value :  5.44465e-08
 Reference value :  5.44543e-08
 Reference value :  5.45012e-08
 Reference value :  5.45612e-08
 Reference value :  5.46212e-08
 Reference value :  5.46812e-08
 Reference value :  5.47612e-08
 Reference value :  5.48212e-08
 Reference value :  5.49012e-08
 Reference value :  5.49812e-08
 Reference value :  5.50412e-08
 Reference value :  5.51012e-08
 Reference value :  5.51612e-08
 Reference value :  5.52412e-08
 Reference value :  5.53012e-08
 Reference value :  5.53612e-08
 Reference value :  5.54212e-08
 Reference value :  5.54812e-08
 Reference value :  5.55384e-08
 Reference value :  5.55556e-08
 Reference value :  5.55563e-08
 Reference value :  5.55588e-08
 Reference value :  5.55624e-08
 Reference value :  5.55700e-08
 Reference value :  5.55784e-08
 Reference value :  5.55867e-08
 Reference value :  5.55960e-08
 Reference value :  5.56130e-08
 Reference value :  5.56191e-08
 Reference value :  5.56244e-08
 Reference value :  5.56328e-08
 Reference value :  5.56356e-08
 Reference value :  5.56365e-08
 Reference value :  5.56390e-08
 Reference value :  5.56426e-08
 Reference value :  5.56471e-08
 Reference value :  5.56538e-08
 Reference value :  5.56658e-08
 Reference value :  5.56807e-08
 Reference value :  5.56985e-08
 Reference value :  5.57204e-08
 Reference value :  5.57639e-08
 Reference value :  5.58230e-08
 Reference value :  5.58830e-08
 Reference value :  5.59430e-08
 Reference value :  5.60030e-08
 Reference value :  5.60630e-08
 Reference value :  5.61230e-08
 Reference value :  5.62030e-08
 Reference value :  5.62630e-08
 Reference value :  5.63230e-08
 Reference value :  5.63830e-08
 Reference value :  5.64630e-08
 Reference value :  5.65430e-08
 Reference value :  5.66030e-08
 Reference value :  5.66548e-08
 Reference value :  5.66670e-08
 Reference value :  5.66679e-08
 Reference value :  5.66721e-08
 Reference value :  5.67234e-08
 Reference value :  5.68034e-08
 Reference value :  5.68634e-08
 Reference value :  5.69234e-08
 Reference value :  5.69834e-08
 Reference value :  5.70434e-08
 Reference value :  5.71034e-08
 Reference value :  5.71634e-08
 Reference value :  5.72434e-08
 Reference value :  5.73234e-08
 Reference value :  5.73834e-08
 Reference value :  5.74434e-08
 Reference value :  5.75034e-08
 Reference value :  5.75634e-08
 Reference value :  5.76234e-08
 Reference value :  5.76834e-08
 Reference value :  5.77434e-08
 Reference value :  5.78034e-08
 Reference value :  5.78634e-08
 Reference value :  5.79234e-08
 Reference value :  5.80034e-08
 Reference value :  5.80634e-08
 Reference value :  5.81234e-08
 Reference value :  5.81482e-08
 Reference value :  5.81492e-08
 Reference value :  5.81502e-08
 Reference value :  5.81580e-08
 Reference value :  5.82049e-08
 Reference value :  5.82649e-08
 Reference value :  5.83249e-08
 Reference value :  5.83849e-08
 Reference value :  5.84449e-08
 Reference value :  5.85017e-08
 Reference value :  5.85188e-08
 Reference value :  5.85196e-08
 Reference value :  5.85206e-08
 Reference value :  5.85284e-08
 Reference value :  5.85753e-08
 Reference value :  5.86353e-08
 Reference value :  5.86953e-08
 Reference value :  5.87553e-08
 Reference value :  5.88153e-08
 Reference value :  5.88753e-08
 Reference value :  5.89353e-08
 Reference value :  5.89953e-08
 Reference value :  5.90553e-08
 Reference value :  5.91153e-08
 Reference value :  5.91673e-08
 Reference value :  5.91793e-08
 Reference value :  5.91798e-08
 Reference value :  5.91816e-08
 Reference value :  5.91851e-08
 Reference value :  5.91894e-08
 Reference value :  5.91996e-08
 Reference value :  5.92077e-08
 Reference value :  5.92213e-08
 Reference value :  5.92323e-08
 Reference value :  5.92452e-08
 Reference value :  5.92503e-08
 Reference value :  5.92593e-08
 Reference value :  5.92593e-08
 Reference value :  5.92599e-08
 Reference value :  5.92622e-08
 Reference value :  5.92656e-08
 Reference value :  5.92700e-08
 Reference value :  5.92762e-08
 Reference value :  5.92868e-08
 Reference value :  5.93012e-08
 Reference value :  5.93183e-08
 Reference value :  5.93393e-08
 Reference value :  5.93656e-08
 Reference value :  5.93990e-08
 Reference value :  5.94389e-08
 Reference value :  5.94789e-08
 Reference value :  5.95189e-08
 Reference value :  5.95789e-08
 Reference value :  5.96589e-08
 Reference value :  5.97389e-08
 Reference value :  5.97989e-08
 Reference value :  5.98589e-08
 Reference value :  5.99189e-08
 Reference value :  5.99789e-08
 Reference value :  6.00589e-08
 Reference value :  6.01389e-08
 Reference value :  6.01989e-08
 Reference value :  6.02589e-08
 Reference value :  6.03189e-08
 Reference value :  6.03789e-08
 Reference value :  6.04389e-08
 Reference value :  6.04989e-08
 Reference value :  6.05589e-08
 Reference value :  6.06189e-08
 Reference value :  6.06789e-08
 Reference value :  6.07589e-08
 Reference value :  6.08389e-08
 Reference value :  6.08989e-08
 Reference value :  6.09589e-08
 Reference value :  6.10000e-08
No. of Data Rows : 3537
m_ui_ref            =  3.70370e-09 targ=  3.70770e-08 trig=  3.33733e-08
m_spa_in            =  1.48148e-08 targ=  4.81881e-08 trig=  3.33733e-08
m_spb_in            =  1.11111e-08 targ=  4.44844e-08 trig=  3.33733e-08
m_spa_c0            =  1.48148e-08 targ=  4.81951e-08 trig=  3.33803e-08
m_spb_c0            =  1.11111e-08 targ=  4.44914e-08 trig=  3.33803e-08
m_trise_c0          =  4.82597e-11 targ=  3.71066e-08 trig=  3.70584e-08
m_tfall_c0          =  4.82581e-11 targ=  4.08103e-08 trig=  4.07621e-08
m_spa_c1            =  1.48148e-08 targ=  4.82290e-08 trig=  3.34142e-08
m_spb_c1            =  1.11111e-08 targ=  4.45253e-08 trig=  3.34142e-08
m_trise_c1          =  1.15312e-10 targ=  3.71933e-08 trig=  3.70779e-08
m_tfall_c1          =  1.15540e-10 targ=  4.08972e-08 trig=  4.07817e-08
m_spa_c2            =  1.48148e-08 targ=  4.82591e-08 trig=  3.34443e-08
m_spb_c2            =  1.11111e-08 targ=  4.45554e-08 trig=  3.34443e-08
m_trise_c2          =  2.17723e-10 targ=  3.73056e-08 trig=  3.70879e-08
m_tfall_c2          =  2.17416e-10 targ=  4.10090e-08 trig=  4.07916e-08
m_spa_cmis          =  1.48148e-08 targ=  4.82393e-08 trig=  3.34245e-08
m_spb_cmis          =  1.11126e-08 targ=  4.45372e-08 trig=  3.34245e-08
m_dj_ui_c0 = 2.6999997840e-06
m_swing_c0 = 5.1042801653e-01
m_vpp_c0 = 6.1181197108e-01
m_vcm_c0 = 3.0446311584e+00
m_dj_ui_c1 = 0.0000000000e+00
m_swing_c1 = 5.1042327801e-01
m_vpp_c1 = 5.1546850370e-01
m_vcm_c1 = 3.0446335295e+00
m_dj_ui_c2 = 8.0999993519e-06
m_swing_c2 = 5.1037667259e-01
m_vpp_c2 = 5.1308203557e-01
m_vcm_c2 = 3.0446568355e+00
m_dj_ui_cmis = 4.1579996674e-04
m_swing_cmis = 5.1037495179e-01
m_swing_avcclo = 5.0994132896e-01
m_vcm_avcclo = 2.7148436733e+00
m_swing_avcchi = 5.1082419071e-01
m_vcm_avcchi = 3.3744512910e+00
m_vgs_sw_max = 1.4364458976e+00
m_vgd_sw_max = 1.8148634238e+00
m_vds_sw_max = 2.2885254984e+00
m_vgs_tail_max = 9.8191651876e-01
m_vds_tail_max = 1.4543032341e+00
m_swing_dc = 5.1013859659e-01
m_vcm_dc = 3.0447759190e+00
m_ioff_dc = 3.0956537513e-06
m_itail_dc = 1.0208963239e-02
m_icell_dc = 1.0708963240e-02
m_ro_leg = 3.6443635036e+04
Note: Simulation executed from .control section 

