
Note: No compatibility mode selected!


Circuit: * cml-driver-eye @ ff_125c_2.97v_742p5mbps -- generated by sim/harness, do not edit

Doing analysis at TEMP = 125.000000 and TNOM = 27.000000

Using SPARSE 1.3 as Direct Linear Solver

Initial Transient Solution
--------------------------

Node                                   Voltage
----                                   -------
avcc                                       3.3
avcclo                                    2.97
avcchi                                    3.63
inp                                     2.5245
inn                                     1.6335
inpz                                    2.5245
innz                                    1.6335
inref                                    0.891
win                                          0
winc                                         0
xc0.tail                               1.20093
ib_c0                                 0.980787
outp_c0                                2.79538
outn_c0                                3.29905
vd_c0                                 0.503671
xc1.tail                               1.20093
ib_c1                                 0.980787
outp_c1                                2.79538
outn_c1                                3.29905
vd_c1                                 0.503671
xc2.tail                               1.20093
ib_c2                                 0.980787
outp_c2                                2.79538
outn_c2                                3.29905
vd_c2                                 0.503671
xcmis.tail                             1.20093
ib_cmis                               0.980787
outp_cmis                              2.79538
outn_cmis                              3.29905
vd_cmis                               0.503671
xvlo.tail                              1.18289
ib_vlo                                0.980787
outp_vlo                                2.4659
outn_vlo                               2.96894
xvhi.tail                              1.21782
ib_vhi                                0.980787
outp_vhi                               3.12492
outn_vhi                               3.62913
xz.tail                                1.20093
ib_z                                  0.980787
vss_z                                        0
outp_z                                 2.79538
outn_z                                 3.29905
xza.tail                               1.19058
ib_za                                 0.980787
outp_za                                    2.6
outn_za                                3.29881
xzb.tail                               1.21138
ib_zb                                 0.980787
outp_zb                                      3
outn_zb                                3.29925
ediff_cmis#branch                            0
ediff_c2#branch                              0
ediff_c1#branch                              0
ediff_c0#branch                              0
einref#branch                                0
vforce_zb#branch                    -0.0101011
vforce_za#branch                    -0.0100828
vsens_z#branch                       0.0106113
vwinc#branch                                 0
vwin#branch                                  0
vinnz#branch                                 0
vinpz#branch                                 0
vinn#branch                                  0
vinp#branch                                  0
vavcchi#branch                       -0.010119
vavcclo#branch                      -0.0101031
vavcc#branch                        -0.0505954

 Reference value :  0.00000e+00
 Reference value :  4.00000e-13
 Reference value :  3.20000e-12
 Reference value :  2.56000e-11
 Reference value :  8.56000e-11
 Reference value :  1.45600e-10
 Reference value :  2.05600e-10
 Reference value :  2.65600e-10
 Reference value :  3.25600e-10
 Reference value :  3.85600e-10
 Reference value :  4.45600e-10
 Reference value :  5.05600e-10
 Reference value :  5.65600e-10
 Reference value :  6.25600e-10
 Reference value :  6.85600e-10
 Reference value :  7.45600e-10
 Reference value :  8.05600e-10
 Reference value :  8.65600e-10
 Reference value :  9.25600e-10
 Reference value :  9.85600e-10
 Reference value :  1.06560e-09
 Reference value :  1.12560e-09
 Reference value :  1.18560e-09
 Reference value :  1.24560e-09
 Reference value :  1.30560e-09
 Reference value :  1.36560e-09
 Reference value :  1.42560e-09
 Reference value :  1.48560e-09
 Reference value :  1.54560e-09
 Reference value :  1.60560e-09
 Reference value :  1.66560e-09
 Reference value :  1.72560e-09
 Reference value :  1.78560e-09
 Reference value :  1.86560e-09
 Reference value :  1.92560e-09
 Reference value :  1.98560e-09
 Reference value :  2.04560e-09
 Reference value :  2.10560e-09
 Reference value :  2.16560e-09
 Reference value :  2.22560e-09
 Reference value :  2.28560e-09
 Reference value :  2.34560e-09
 Reference value :  2.40560e-09
 Reference value :  2.46560e-09
 Reference value :  2.52560e-09
 Reference value :  2.58560e-09
 Reference value :  2.64560e-09
 Reference value :  2.70560e-09
 Reference value :  2.76560e-09
 Reference value :  2.82560e-09
 Reference value :  2.88560e-09
 Reference value :  2.94560e-09
 Reference value :  3.00560e-09
 Reference value :  3.06560e-09
 Reference value :  3.12560e-09
 Reference value :  3.18560e-09
 Reference value :  3.24560e-09
 Reference value :  3.30560e-09
 Reference value :  3.36560e-09
 Reference value :  3.42560e-09
 Reference value :  3.48560e-09
 Reference value :  3.54560e-09
 Reference value :  3.60560e-09
 Reference value :  3.66560e-09
 Reference value :  3.74560e-09
 Reference value :  3.80560e-09
 Reference value :  3.86560e-09
 Reference value :  3.92560e-09
 Reference value :  3.98560e-09
 Reference value :  4.04560e-09
 Reference value :  4.10560e-09
 Reference value :  4.16560e-09
 Reference value :  4.22560e-09
 Reference value :  4.28560e-09
 Reference value :  4.34560e-09
 Reference value :  4.40560e-09
 Reference value :  4.46560e-09
 Reference value :  4.52560e-09
 Reference value :  4.58560e-09
 Reference value :  4.64560e-09
 Reference value :  4.70560e-09
 Reference value :  4.76560e-09
 Reference value :  4.82560e-09
 Reference value :  4.88560e-09
 Reference value :  4.94560e-09
 Reference value :  5.00560e-09
 Reference value :  5.06560e-09
 Reference value :  5.12560e-09
 Reference value :  5.18560e-09
 Reference value :  5.24560e-09
 Reference value :  5.30560e-09
 Reference value :  5.36560e-09
 Reference value :  5.42560e-09
 Reference value :  5.48560e-09
 Reference value :  5.54560e-09
 Reference value :  5.60560e-09
 Reference value :  5.66560e-09
 Reference value :  5.74560e-09
 Reference value :  5.80560e-09
 Reference value :  5.88560e-09
 Reference value :  5.94560e-09
 Reference value :  6.00560e-09
 Reference value :  6.06560e-09
 Reference value :  6.12560e-09
 Reference value :  6.18560e-09
 Reference value :  6.24560e-09
 Reference value :  6.30560e-09
 Reference value :  6.36560e-09
 Reference value :  6.42560e-09
 Reference value :  6.48560e-09
 Reference value :  6.54560e-09
 Reference value :  6.60560e-09
 Reference value :  6.66560e-09
 Reference value :  6.72560e-09
 Reference value :  6.78560e-09
 Reference value :  6.84560e-09
 Reference value :  6.90560e-09
 Reference value :  6.96560e-09
 Reference value :  7.04560e-09
 Reference value :  7.10560e-09
 Reference value :  7.16560e-09
 Reference value :  7.22560e-09
 Reference value :  7.28560e-09
 Reference value :  7.34560e-09
 Reference value :  7.40560e-09
 Reference value :  7.46560e-09
 Reference value :  7.54560e-09
 Reference value :  7.60560e-09
 Reference value :  7.66560e-09
 Reference value :  7.74560e-09
 Reference value :  7.80560e-09
 Reference value :  7.86560e-09
 Reference value :  7.92560e-09
 Reference value :  7.98560e-09
 Reference value :  8.04560e-09
 Reference value :  8.12560e-09
 Reference value :  8.20560e-09
 Reference value :  8.26560e-09
 Reference value :  8.32560e-09
 Reference value :  8.38560e-09
 Reference value :  8.44560e-09
 Reference value :  8.50560e-09
 Reference value :  8.56560e-09
 Reference value :  8.62560e-09
 Reference value :  8.68560e-09
 Reference value :  8.74560e-09
 Reference value :  8.80560e-09
 Reference value :  8.86560e-09
 Reference value :  8.92560e-09
 Reference value :  8.98560e-09
 Reference value :  9.04560e-09
 Reference value :  9.10560e-09
 Reference value :  9.16560e-09
 Reference value :  9.22560e-09
 Reference value :  9.28560e-09
 Reference value :  9.34560e-09
 Reference value :  9.40560e-09
 Reference value :  9.46560e-09
 Reference value :  9.52560e-09
 Reference value :  9.58560e-09
 Reference value :  9.64560e-09
 Reference value :  9.70560e-09
 Reference value :  9.76560e-09
 Reference value :  9.84560e-09
 Reference value :  9.92560e-09
 Reference value :  9.98560e-09
 Reference value :  1.00456e-08
 Reference value :  1.01056e-08
 Reference value :  1.01656e-08
 Reference value :  1.02256e-08
 Reference value :  1.02856e-08
 Reference value :  1.03456e-08
 Reference value :  1.04056e-08
 Reference value :  1.04656e-08
 Reference value :  1.05256e-08
 Reference value :  1.05856e-08
 Reference value :  1.06456e-08
 Reference value :  1.07056e-08
 Reference value :  1.07656e-08
 Reference value :  1.08256e-08
 Reference value :  1.08856e-08
 Reference value :  1.09456e-08
 Reference value :  1.10056e-08
 Reference value :  1.10656e-08
 Reference value :  1.11456e-08
 Reference value :  1.12056e-08
 Reference value :  1.12656e-08
 Reference value :  1.13256e-08
 Reference value :  1.13856e-08
 Reference value :  1.14456e-08
 Reference value :  1.15056e-08
 Reference value :  1.15656e-08
 Reference value :  1.16256e-08
 Reference value :  1.16856e-08
 Reference value :  1.17456e-08
 Reference value :  1.18056e-08
 Reference value :  1.18656e-08
 Reference value :  1.19256e-08
 Reference value :  1.19856e-08
 Reference value :  1.20456e-08
 Reference value :  1.21034e-08
 Reference value :  1.21213e-08
 Reference value :  1.21221e-08
 Reference value :  1.21246e-08
 Reference value :  1.21284e-08
 Reference value :  1.21334e-08
 Reference value :  1.21409e-08
 Reference value :  1.21498e-08
 Reference value :  1.21603e-08
 Reference value :  1.21788e-08
 Reference value :  1.21917e-08
 Reference value :  1.22013e-08
 Reference value :  1.22026e-08
 Reference value :  1.22057e-08
 Reference value :  1.22097e-08
 Reference value :  1.22150e-08
 Reference value :  1.22304e-08
 Reference value :  1.22544e-08
 Reference value :  1.22866e-08
 Reference value :  1.23145e-08
 Reference value :  1.23497e-08
 Reference value :  1.23897e-08
 Reference value :  1.24297e-08
 Reference value :  1.24897e-08
 Reference value :  1.25497e-08
 Reference value :  1.26097e-08
 Reference value :  1.26697e-08
 Reference value :  1.27297e-08
 Reference value :  1.27897e-08
 Reference value :  1.28497e-08
 Reference value :  1.29097e-08
 Reference value :  1.29697e-08
 Reference value :  1.30297e-08
 Reference value :  1.30897e-08
 Reference value :  1.31697e-08
 Reference value :  1.32297e-08
 Reference value :  1.32897e-08
 Reference value :  1.33497e-08
 Reference value :  1.34097e-08
 Reference value :  1.34680e-08
 Reference value :  1.34681e-08
 Reference value :  1.34689e-08
 Reference value :  1.34715e-08
 Reference value :  1.34753e-08
 Reference value :  1.34803e-08
 Reference value :  1.34878e-08
 Reference value :  1.34967e-08
 Reference value :  1.35072e-08
 Reference value :  1.35189e-08
 Reference value :  1.35327e-08
 Reference value :  1.35387e-08
 Reference value :  1.35480e-08
 Reference value :  1.35481e-08
 Reference value :  1.35487e-08
 Reference value :  1.35525e-08
 Reference value :  1.35564e-08
 Reference value :  1.35618e-08
 Reference value :  1.35770e-08
 Reference value :  1.35925e-08
 Reference value :  1.36211e-08
 Reference value :  1.36460e-08
 Reference value :  1.36959e-08
 Reference value :  1.37374e-08
 Reference value :  1.37380e-08
 Reference value :  1.37389e-08
 Reference value :  1.37473e-08
 Reference value :  1.37941e-08
 Reference value :  1.38531e-08
 Reference value :  1.38724e-08
 Reference value :  1.38733e-08
 Reference value :  1.38775e-08
 Reference value :  1.39088e-08
 Reference value :  1.39688e-08
 Reference value :  1.40288e-08
 Reference value :  1.40888e-08
 Reference value :  1.41488e-08
 Reference value :  1.42088e-08
 Reference value :  1.42688e-08
 Reference value :  1.43288e-08
 Reference value :  1.43998e-08
 Reference value :  1.44114e-08
 Reference value :  1.44120e-08
 Reference value :  1.44139e-08
 Reference value :  1.44296e-08
 Reference value :  1.44875e-08
 Reference value :  1.45675e-08
 Reference value :  1.46475e-08
 Reference value :  1.47075e-08
 Reference value :  1.47675e-08
 Reference value :  1.48148e-08
 Reference value :  1.48150e-08
 Reference value :  1.48162e-08
 Reference value :  1.48195e-08
 Reference value :  1.48261e-08
 Reference value :  1.48380e-08
 Reference value :  1.48472e-08
 Reference value :  1.48579e-08
 Reference value :  1.48706e-08
 Reference value :  1.48850e-08
 Reference value :  1.48948e-08
 Reference value :  1.48950e-08
 Reference value :  1.48962e-08
 Reference value :  1.48994e-08
 Reference value :  1.49034e-08
 Reference value :  1.49088e-08
 Reference value :  1.49173e-08
 Reference value :  1.49316e-08
 Reference value :  1.49483e-08
 Reference value :  1.49687e-08
 Reference value :  1.49938e-08
 Reference value :  1.50253e-08
 Reference value :  1.50643e-08
 Reference value :  1.51043e-08
 Reference value :  1.51643e-08
 Reference value :  1.52189e-08
 Reference value :  1.52195e-08
 Reference value :  1.52201e-08
 Reference value :  1.52220e-08
 Reference value :  1.52377e-08
 Reference value :  1.52956e-08
 Reference value :  1.53556e-08
 Reference value :  1.54156e-08
 Reference value :  1.54756e-08
 Reference value :  1.55356e-08
 Reference value :  1.55956e-08
 Reference value :  1.56556e-08
 Reference value :  1.57156e-08
 Reference value :  1.57576e-08
 Reference value :  1.57582e-08
 Reference value :  1.57588e-08
 Reference value :  1.57607e-08
 Reference value :  1.57764e-08
 Reference value :  1.58343e-08
 Reference value :  1.58943e-08
 Reference value :  1.59543e-08
 Reference value :  1.60143e-08
 Reference value :  1.60743e-08
 Reference value :  1.61343e-08
 Reference value :  1.61617e-08
 Reference value :  1.61623e-08
 Reference value :  1.61645e-08
 Reference value :  1.61682e-08
 Reference value :  1.61729e-08
 Reference value :  1.61803e-08
 Reference value :  1.61893e-08
 Reference value :  1.61994e-08
 Reference value :  1.62108e-08
 Reference value :  1.62254e-08
 Reference value :  1.62318e-08
 Reference value :  1.62416e-08
 Reference value :  1.62417e-08
 Reference value :  1.62423e-08
 Reference value :  1.62445e-08
 Reference value :  1.62481e-08
 Reference value :  1.62526e-08
 Reference value :  1.62593e-08
 Reference value :  1.62712e-08
 Reference value :  1.62868e-08
 Reference value :  1.63051e-08
 Reference value :  1.63277e-08
 Reference value :  1.63557e-08
 Reference value :  1.63911e-08
 Reference value :  1.64311e-08
 Reference value :  1.64711e-08
 Reference value :  1.65311e-08
 Reference value :  1.65658e-08
 Reference value :  1.65667e-08
 Reference value :  1.65671e-08
 Reference value :  1.65711e-08
 Reference value :  1.66024e-08
 Reference value :  1.66624e-08
 Reference value :  1.67224e-08
 Reference value :  1.67824e-08
 Reference value :  1.68424e-08
 Reference value :  1.69024e-08
 Reference value :  1.69624e-08
 Reference value :  1.70224e-08
 Reference value :  1.70824e-08
 Reference value :  1.71045e-08
 Reference value :  1.71054e-08
 Reference value :  1.71064e-08
 Reference value :  1.71232e-08
 Reference value :  1.71811e-08
 Reference value :  1.72411e-08
 Reference value :  1.73011e-08
 Reference value :  1.73611e-08
 Reference value :  1.74211e-08
 Reference value :  1.74811e-08
 Reference value :  1.75085e-08
 Reference value :  1.75091e-08
 Reference value :  1.75113e-08
 Reference value :  1.75150e-08
 Reference value :  1.75197e-08
 Reference value :  1.75271e-08
 Reference value :  1.75361e-08
 Reference value :  1.75462e-08
 Reference value :  1.75576e-08
 Reference value :  1.75722e-08
 Reference value :  1.75786e-08
 Reference value :  1.75884e-08
 Reference value :  1.75885e-08
 Reference value :  1.75891e-08
 Reference value :  1.75913e-08
 Reference value :  1.75949e-08
 Reference value :  1.75994e-08
 Reference value :  1.76061e-08
 Reference value :  1.76180e-08
 Reference value :  1.76419e-08
 Reference value :  1.76745e-08
 Reference value :  1.77189e-08
 Reference value :  1.77579e-08
 Reference value :  1.77979e-08
 Reference value :  1.78379e-08
 Reference value :  1.78952e-08
 Reference value :  1.79128e-08
 Reference value :  1.79135e-08
 Reference value :  1.79156e-08
 Reference value :  1.79313e-08
 Reference value :  1.79892e-08
 Reference value :  1.80492e-08
 Reference value :  1.81092e-08
 Reference value :  1.81692e-08
 Reference value :  1.82292e-08
 Reference value :  1.82892e-08
 Reference value :  1.83492e-08
 Reference value :  1.84092e-08
 Reference value :  1.84512e-08
 Reference value :  1.84518e-08
 Reference value :  1.84524e-08
 Reference value :  1.84566e-08
 Reference value :  1.84879e-08
 Reference value :  1.85479e-08
 Reference value :  1.86279e-08
 Reference value :  1.86879e-08
 Reference value :  1.87479e-08
 Reference value :  1.88079e-08
 Reference value :  1.88552e-08
 Reference value :  1.88554e-08
 Reference value :  1.88566e-08
 Reference value :  1.88599e-08
 Reference value :  1.88665e-08
 Reference value :  1.88784e-08
 Reference value :  1.88876e-08
 Reference value :  1.88983e-08
 Reference value :  1.89110e-08
 Reference value :  1.89254e-08
 Reference value :  1.89352e-08
 Reference value :  1.89353e-08
 Reference value :  1.89359e-08
 Reference value :  1.89381e-08
 Reference value :  1.89417e-08
 Reference value :  1.89462e-08
 Reference value :  1.89529e-08
 Reference value :  1.89648e-08
 Reference value :  1.89804e-08
 Reference value :  1.89987e-08
 Reference value :  1.90213e-08
 Reference value :  1.90493e-08
 Reference value :  1.90847e-08
 Reference value :  1.91247e-08
 Reference value :  1.91647e-08
 Reference value :  1.92047e-08
 Reference value :  1.92593e-08
 Reference value :  1.92599e-08
 Reference value :  1.92605e-08
 Reference value :  1.92624e-08
 Reference value :  1.92781e-08
 Reference value :  1.93360e-08
 Reference value :  1.93960e-08
 Reference value :  1.94560e-08
 Reference value :  1.95160e-08
 Reference value :  1.95760e-08
 Reference value :  1.96360e-08
 Reference value :  1.96960e-08
 Reference value :  1.97560e-08
 Reference value :  1.97980e-08
 Reference value :  1.97986e-08
 Reference value :  1.97992e-08
 Reference value :  1.98011e-08
 Reference value :  1.98168e-08
 Reference value :  1.98747e-08
 Reference value :  1.99547e-08
 Reference value :  2.00147e-08
 Reference value :  2.00747e-08
 Reference value :  2.01347e-08
 Reference value :  2.01884e-08
 Reference value :  2.02021e-08
 Reference value :  2.02027e-08
 Reference value :  2.02049e-08
 Reference value :  2.02086e-08
 Reference value :  2.02133e-08
 Reference value :  2.02207e-08
 Reference value :  2.02297e-08
 Reference value :  2.02398e-08
 Reference value :  2.02512e-08
 Reference value :  2.02658e-08
 Reference value :  2.02722e-08
 Reference value :  2.02820e-08
 Reference value :  2.02821e-08
 Reference value :  2.02827e-08
 Reference value :  2.02849e-08
 Reference value :  2.02885e-08
 Reference value :  2.02930e-08
 Reference value :  2.02997e-08
 Reference value :  2.03116e-08
 Reference value :  2.03272e-08
 Reference value :  2.03559e-08
 Reference value :  2.03810e-08
 Reference value :  2.04125e-08
 Reference value :  2.04515e-08
 Reference value :  2.04915e-08
 Reference value :  2.05315e-08
 Reference value :  2.05888e-08
 Reference value :  2.06064e-08
 Reference value :  2.06071e-08
 Reference value :  2.06081e-08
 Reference value :  2.06160e-08
 Reference value :  2.06628e-08
 Reference value :  2.07228e-08
 Reference value :  2.07828e-08
 Reference value :  2.08428e-08
 Reference value :  2.09028e-08
 Reference value :  2.09628e-08
 Reference value :  2.10228e-08
 Reference value :  2.11028e-08
 Reference value :  2.11448e-08
 Reference value :  2.11454e-08
 Reference value :  2.11460e-08
 Reference value :  2.11480e-08
 Reference value :  2.11636e-08
 Reference value :  2.12216e-08
 Reference value :  2.12795e-08
 Reference value :  2.12801e-08
 Reference value :  2.12807e-08
 Reference value :  2.12826e-08
 Reference value :  2.12983e-08
 Reference value :  2.13562e-08
 Reference value :  2.14162e-08
 Reference value :  2.14688e-08
 Reference value :  2.14689e-08
 Reference value :  2.14696e-08
 Reference value :  2.14722e-08
 Reference value :  2.14760e-08
 Reference value :  2.14809e-08
 Reference value :  2.14882e-08
 Reference value :  2.14972e-08
 Reference value :  2.15076e-08
 Reference value :  2.15192e-08
 Reference value :  2.15330e-08
 Reference value :  2.15391e-08
 Reference value :  2.15488e-08
 Reference value :  2.15489e-08
 Reference value :  2.15495e-08
 Reference value :  2.15517e-08
 Reference value :  2.15553e-08
 Reference value :  2.15599e-08
 Reference value :  2.15665e-08
 Reference value :  2.15784e-08
 Reference value :  2.15940e-08
 Reference value :  2.16123e-08
 Reference value :  2.16349e-08
 Reference value :  2.16630e-08
 Reference value :  2.16983e-08
 Reference value :  2.17383e-08
 Reference value :  2.17983e-08
 Reference value :  2.18583e-08
 Reference value :  2.19183e-08
 Reference value :  2.19783e-08
 Reference value :  2.20383e-08
 Reference value :  2.20983e-08
 Reference value :  2.21583e-08
 Reference value :  2.22383e-08
 Reference value :  2.22983e-08
 Reference value :  2.23583e-08
 Reference value :  2.24383e-08
 Reference value :  2.24983e-08
 Reference value :  2.25583e-08
 Reference value :  2.26183e-08
 Reference value :  2.26983e-08
 Reference value :  2.27783e-08
 Reference value :  2.28583e-08
 Reference value :  2.29183e-08
 Reference value :  2.29983e-08
 Reference value :  2.30583e-08
 Reference value :  2.31183e-08
 Reference value :  2.31783e-08
 Reference value :  2.32383e-08
 Reference value :  2.32983e-08
 Reference value :  2.33583e-08
 Reference value :  2.34183e-08
 Reference value :  2.34783e-08
 Reference value :  2.35383e-08
 Reference value :  2.35983e-08
 Reference value :  2.36583e-08
 Reference value :  2.37183e-08
 Reference value :  2.37783e-08
 Reference value :  2.38383e-08
 Reference value :  2.38983e-08
 Reference value :  2.39583e-08
 Reference value :  2.40183e-08
 Reference value :  2.40783e-08
 Reference value :  2.41383e-08
 Reference value :  2.41983e-08
 Reference value :  2.42583e-08
 Reference value :  2.43183e-08
 Reference value :  2.43783e-08
 Reference value :  2.44383e-08
 Reference value :  2.44983e-08
 Reference value :  2.45583e-08
 Reference value :  2.46183e-08
 Reference value :  2.46783e-08
 Reference value :  2.47383e-08
 Reference value :  2.48183e-08
 Reference value :  2.48783e-08
 Reference value :  2.49383e-08
 Reference value :  2.50183e-08
 Reference value :  2.50983e-08
 Reference value :  2.51783e-08
 Reference value :  2.52583e-08
 Reference value :  2.53183e-08
 Reference value :  2.53783e-08
 Reference value :  2.54383e-08
 Reference value :  2.54983e-08
 Reference value :  2.55583e-08
 Reference value :  2.56183e-08
 Reference value :  2.56783e-08
 Reference value :  2.57383e-08
 Reference value :  2.57983e-08
 Reference value :  2.58583e-08
 Reference value :  2.59383e-08
 Reference value :  2.59983e-08
 Reference value :  2.60783e-08
 Reference value :  2.61783e-08
 Reference value :  2.62583e-08
 Reference value :  2.63183e-08
 Reference value :  2.63783e-08
 Reference value :  2.64383e-08
 Reference value :  2.64983e-08
 Reference value :  2.65783e-08
 Reference value :  2.66583e-08
 Reference value :  2.67183e-08
 Reference value :  2.67783e-08
 Reference value :  2.68583e-08
 Reference value :  2.69183e-08
 Reference value :  2.69983e-08
 Reference value :  2.70783e-08
 Reference value :  2.71383e-08
 Reference value :  2.72183e-08
 Reference value :  2.72783e-08
 Reference value :  2.73383e-08
 Reference value :  2.73983e-08
 Reference value :  2.74583e-08
 Reference value :  2.75183e-08
 Reference value :  2.75783e-08
 Reference value :  2.76383e-08
 Reference value :  2.77183e-08
 Reference value :  2.77983e-08
 Reference value :  2.78583e-08
 Reference value :  2.79183e-08
 Reference value :  2.79783e-08
 Reference value :  2.80383e-08
 Reference value :  2.80983e-08
 Reference value :  2.81583e-08
 Reference value :  2.82183e-08
 Reference value :  2.82983e-08
 Reference value :  2.83583e-08
 Reference value :  2.84183e-08
 Reference value :  2.84783e-08
 Reference value :  2.85383e-08
 Reference value :  2.85983e-08
 Reference value :  2.86583e-08
 Reference value :  2.87183e-08
 Reference value :  2.87783e-08
 Reference value :  2.88383e-08
 Reference value :  2.88983e-08
 Reference value :  2.89583e-08
 Reference value :  2.90183e-08
 Reference value :  2.90783e-08
 Reference value :  2.91383e-08
 Reference value :  2.91983e-08
 Reference value :  2.92583e-08
 Reference value :  2.93183e-08
 Reference value :  2.93783e-08
 Reference value :  2.94383e-08
 Reference value :  2.94983e-08
 Reference value :  2.95783e-08
 Reference value :  2.96583e-08
 Reference value :  2.97183e-08
 Reference value :  2.97783e-08
 Reference value :  2.98383e-08
 Reference value :  2.98983e-08
 Reference value :  2.99583e-08
 Reference value :  3.00183e-08
 Reference value :  3.00783e-08
 Reference value :  3.01383e-08
 Reference value :  3.01983e-08
 Reference value :  3.02583e-08
 Reference value :  3.03383e-08
 Reference value :  3.03983e-08
 Reference value :  3.04583e-08
 Reference value :  3.05183e-08
 Reference value :  3.05783e-08
 Reference value :  3.06383e-08
 Reference value :  3.06983e-08
 Reference value :  3.07583e-08
 Reference value :  3.08183e-08
 Reference value :  3.08783e-08
 Reference value :  3.09383e-08
 Reference value :  3.09983e-08
 Reference value :  3.10583e-08
 Reference value :  3.11183e-08
 Reference value :  3.11783e-08
 Reference value :  3.12383e-08
 Reference value :  3.12983e-08
 Reference value :  3.13583e-08
 Reference value :  3.14183e-08
 Reference value :  3.14783e-08
 Reference value :  3.15383e-08
 Reference value :  3.15983e-08
 Reference value :  3.16583e-08
 Reference value :  3.17183e-08
 Reference value :  3.17783e-08
 Reference value :  3.18383e-08
 Reference value :  3.18983e-08
 Reference value :  3.19583e-08
 Reference value :  3.20183e-08
 Reference value :  3.20783e-08
 Reference value :  3.21383e-08
 Reference value :  3.21983e-08
 Reference value :  3.22583e-08
 Reference value :  3.23183e-08
 Reference value :  3.23783e-08
 Reference value :  3.24383e-08
 Reference value :  3.24983e-08
 Reference value :  3.25583e-08
 Reference value :  3.26183e-08
 Reference value :  3.26783e-08
 Reference value :  3.27383e-08
 Reference value :  3.27983e-08
 Reference value :  3.28583e-08
 Reference value :  3.29183e-08
 Reference value :  3.29783e-08
 Reference value :  3.30383e-08
 Reference value :  3.30983e-08
 Reference value :  3.31583e-08
 Reference value :  3.32383e-08
 Reference value :  3.32983e-08
 Reference value :  3.33583e-08
 Reference value :  3.34183e-08
 Reference value :  3.34783e-08
 Reference value :  3.35383e-08
 Reference value :  3.35983e-08
 Reference value :  3.36542e-08
 Reference value :  3.36701e-08
 Reference value :  3.36708e-08
 Reference value :  3.36734e-08
 Reference value :  3.36771e-08
 Reference value :  3.36820e-08
 Reference value :  3.36893e-08
 Reference value :  3.36983e-08
 Reference value :  3.37086e-08
 Reference value :  3.37202e-08
 Reference value :  3.37340e-08
 Reference value :  3.37402e-08
 Reference value :  3.37501e-08
 Reference value :  3.37507e-08
 Reference value :  3.37529e-08
 Reference value :  3.37566e-08
 Reference value :  3.37641e-08
 Reference value :  3.37799e-08
 Reference value :  3.37954e-08
 Reference value :  3.38138e-08
 Reference value :  3.38365e-08
 Reference value :  3.38647e-08
 Reference value :  3.39001e-08
 Reference value :  3.39401e-08
 Reference value :  3.39801e-08
 Reference value :  3.40401e-08
 Reference value :  3.41001e-08
 Reference value :  3.41601e-08
 Reference value :  3.42201e-08
 Reference value :  3.42801e-08
 Reference value :  3.43401e-08
 Reference value :  3.44001e-08
 Reference value :  3.44601e-08
 Reference value :  3.45201e-08
 Reference value :  3.45801e-08
 Reference value :  3.46401e-08
 Reference value :  3.47001e-08
 Reference value :  3.47601e-08
 Reference value :  3.48201e-08
 Reference value :  3.48801e-08
 Reference value :  3.49401e-08
 Reference value :  3.49985e-08
 Reference value :  3.50169e-08
 Reference value :  3.50177e-08
 Reference value :  3.50203e-08
 Reference value :  3.50241e-08
 Reference value :  3.50291e-08
 Reference value :  3.50366e-08
 Reference value :  3.50456e-08
 Reference value :  3.50560e-08
 Reference value :  3.50677e-08
 Reference value :  3.50815e-08
 Reference value :  3.50875e-08
 Reference value :  3.50968e-08
 Reference value :  3.50969e-08
 Reference value :  3.50975e-08
 Reference value :  3.51013e-08
 Reference value :  3.51053e-08
 Reference value :  3.51106e-08
 Reference value :  3.51259e-08
 Reference value :  3.51498e-08
 Reference value :  3.51699e-08
 Reference value :  3.51948e-08
 Reference value :  3.52260e-08
 Reference value :  3.52647e-08
 Reference value :  3.53047e-08
 Reference value :  3.53447e-08
 Reference value :  3.54047e-08
 Reference value :  3.54647e-08
 Reference value :  3.55247e-08
 Reference value :  3.55847e-08
 Reference value :  3.56447e-08
 Reference value :  3.57047e-08
 Reference value :  3.57647e-08
 Reference value :  3.58247e-08
 Reference value :  3.58847e-08
 Reference value :  3.59447e-08
 Reference value :  3.60047e-08
 Reference value :  3.60647e-08
 Reference value :  3.61247e-08
 Reference value :  3.61847e-08
 Reference value :  3.62447e-08
 Reference value :  3.63047e-08
 Reference value :  3.63636e-08
 Reference value :  3.63637e-08
 Reference value :  3.63646e-08
 Reference value :  3.63671e-08
 Reference value :  3.63709e-08
 Reference value :  3.63760e-08
 Reference value :  3.63835e-08
 Reference value :  3.63925e-08
 Reference value :  3.64029e-08
 Reference value :  3.64146e-08
 Reference value :  3.64285e-08
 Reference value :  3.64345e-08
 Reference value :  3.64436e-08
 Reference value :  3.64437e-08
 Reference value :  3.64443e-08
 Reference value :  3.64481e-08
 Reference value :  3.64520e-08
 Reference value :  3.64573e-08
 Reference value :  3.64657e-08
 Reference value :  3.64798e-08
 Reference value :  3.64964e-08
 Reference value :  3.65165e-08
 Reference value :  3.65413e-08
 Reference value :  3.65724e-08
 Reference value :  3.66110e-08
 Reference value :  3.66510e-08
 Reference value :  3.66910e-08
 Reference value :  3.67510e-08
 Reference value :  3.68110e-08
 Reference value :  3.68710e-08
 Reference value :  3.69310e-08
 Reference value :  3.69910e-08
 Reference value :  3.70510e-08
 Reference value :  3.71110e-08
 Reference value :  3.71710e-08
 Reference value :  3.72310e-08
 Reference value :  3.72910e-08
 Reference value :  3.73510e-08
 Reference value :  3.74110e-08
 Reference value :  3.74710e-08
 Reference value :  3.75310e-08
 Reference value :  3.76110e-08
 Reference value :  3.76710e-08
 Reference value :  3.77105e-08
 Reference value :  3.77114e-08
 Reference value :  3.77140e-08
 Reference value :  3.77178e-08
 Reference value :  3.77229e-08
 Reference value :  3.77304e-08
 Reference value :  3.77394e-08
 Reference value :  3.77499e-08
 Reference value :  3.77616e-08
 Reference value :  3.77755e-08
 Reference value :  3.77814e-08
 Reference value :  3.77904e-08
 Reference value :  3.77905e-08
 Reference value :  3.77911e-08
 Reference value :  3.77948e-08
 Reference value :  3.78011e-08
 Reference value :  3.78076e-08
 Reference value :  3.78190e-08
 Reference value :  3.78429e-08
 Reference value :  3.78630e-08
 Reference value :  3.78878e-08
 Reference value :  3.79187e-08
 Reference value :  3.79572e-08
 Reference value :  3.79972e-08
 Reference value :  3.80372e-08
 Reference value :  3.80772e-08
 Reference value :  3.81372e-08
 Reference value :  3.81972e-08
 Reference value :  3.82572e-08
 Reference value :  3.83172e-08
 Reference value :  3.83772e-08
 Reference value :  3.84572e-08
 Reference value :  3.85172e-08
 Reference value :  3.85772e-08
 Reference value :  3.86372e-08
 Reference value :  3.86972e-08
 Reference value :  3.87572e-08
 Reference value :  3.88172e-08
 Reference value :  3.88772e-08
 Reference value :  3.89372e-08
 Reference value :  3.89972e-08
 Reference value :  3.90472e-08
 Reference value :  3.90573e-08
 Reference value :  3.90578e-08
 Reference value :  3.90595e-08
 Reference value :  3.90631e-08
 Reference value :  3.90675e-08
 Reference value :  3.90742e-08
 Reference value :  3.90829e-08
 Reference value :  3.90925e-08
 Reference value :  3.91036e-08
 Reference value :  3.91172e-08
 Reference value :  3.91305e-08
 Reference value :  3.91373e-08
 Reference value :  3.91377e-08
 Reference value :  3.91410e-08
 Reference value :  3.91448e-08
 Reference value :  3.91498e-08
 Reference value :  3.91630e-08
 Reference value :  3.91781e-08
 Reference value :  3.92062e-08
 Reference value :  3.92437e-08
 Reference value :  3.92771e-08
 Reference value :  3.93171e-08
 Reference value :  3.93771e-08
 Reference value :  3.94371e-08
 Reference value :  3.95171e-08
 Reference value :  3.95971e-08
 Reference value :  3.96571e-08
 Reference value :  3.97171e-08
 Reference value :  3.97771e-08
 Reference value :  3.98371e-08
 Reference value :  3.98971e-08
 Reference value :  3.99571e-08
 Reference value :  4.00171e-08
 Reference value :  4.00771e-08
 Reference value :  4.01371e-08
 Reference value :  4.01971e-08
 Reference value :  4.02571e-08
 Reference value :  4.03171e-08
 Reference value :  4.03771e-08
 Reference value :  4.04041e-08
 Reference value :  4.04047e-08
 Reference value :  4.04069e-08
 Reference value :  4.04106e-08
 Reference value :  4.04153e-08
 Reference value :  4.04227e-08
 Reference value :  4.04316e-08
 Reference value :  4.04417e-08
 Reference value :  4.04531e-08
 Reference value :  4.04676e-08
 Reference value :  4.04741e-08
 Reference value :  4.04840e-08
 Reference value :  4.04841e-08
 Reference value :  4.04847e-08
 Reference value :  4.04887e-08
 Reference value :  4.04926e-08
 Reference value :  4.04981e-08
 Reference value :  4.05140e-08
 Reference value :  4.05296e-08
 Reference value :  4.05583e-08
 Reference value :  4.05989e-08
 Reference value :  4.06544e-08
 Reference value :  4.06944e-08
 Reference value :  4.07344e-08
 Reference value :  4.07944e-08
 Reference value :  4.08544e-08
 Reference value :  4.09344e-08
 Reference value :  4.10144e-08
 Reference value :  4.10944e-08
 Reference value :  4.11544e-08
 Reference value :  4.12144e-08
 Reference value :  4.12944e-08
 Reference value :  4.13744e-08
 Reference value :  4.14344e-08
 Reference value :  4.15144e-08
 Reference value :  4.15744e-08
 Reference value :  4.16344e-08
 Reference value :  4.16944e-08
 Reference value :  4.17509e-08
 Reference value :  4.17517e-08
 Reference value :  4.17543e-08
 Reference value :  4.17581e-08
 Reference value :  4.17631e-08
 Reference value :  4.17706e-08
 Reference value :  4.17796e-08
 Reference value :  4.17900e-08
 Reference value :  4.18017e-08
 Reference value :  4.18155e-08
 Reference value :  4.18215e-08
 Reference value :  4.18309e-08
 Reference value :  4.18322e-08
 Reference value :  4.18353e-08
 Reference value :  4.18417e-08
 Reference value :  4.18483e-08
 Reference value :  4.18599e-08
 Reference value :  4.18754e-08
 Reference value :  4.18936e-08
 Reference value :  4.19160e-08
 Reference value :  4.19438e-08
 Reference value :  4.19789e-08
 Reference value :  4.20189e-08
 Reference value :  4.20589e-08
 Reference value :  4.21189e-08
 Reference value :  4.21789e-08
 Reference value :  4.22389e-08
 Reference value :  4.22989e-08
 Reference value :  4.23589e-08
 Reference value :  4.24189e-08
 Reference value :  4.24789e-08
 Reference value :  4.25389e-08
 Reference value :  4.25989e-08
 Reference value :  4.26589e-08
 Reference value :  4.27189e-08
 Reference value :  4.27789e-08
 Reference value :  4.28389e-08
 Reference value :  4.28989e-08
 Reference value :  4.29589e-08
 Reference value :  4.30176e-08
 Reference value :  4.30177e-08
 Reference value :  4.30186e-08
 Reference value :  4.30211e-08
 Reference value :  4.30249e-08
 Reference value :  4.30299e-08
 Reference value :  4.30375e-08
 Reference value :  4.30465e-08
 Reference value :  4.30569e-08
 Reference value :  4.30686e-08
 Reference value :  4.30824e-08
 Reference value :  4.30884e-08
 Reference value :  4.30976e-08
 Reference value :  4.30977e-08
 Reference value :  4.30983e-08
 Reference value :  4.31004e-08
 Reference value :  4.31039e-08
 Reference value :  4.31084e-08
 Reference value :  4.31150e-08
 Reference value :  4.31265e-08
 Reference value :  4.31419e-08
 Reference value :  4.31601e-08
 Reference value :  4.31824e-08
 Reference value :  4.32102e-08
 Reference value :  4.32451e-08
 Reference value :  4.32851e-08
 Reference value :  4.33251e-08
 Reference value :  4.33651e-08
 Reference value :  4.34251e-08
 Reference value :  4.34851e-08
 Reference value :  4.35451e-08
 Reference value :  4.36051e-08
 Reference value :  4.36651e-08
 Reference value :  4.37251e-08
 Reference value :  4.37851e-08
 Reference value :  4.38451e-08
 Reference value :  4.39051e-08
 Reference value :  4.39851e-08
 Reference value :  4.40451e-08
 Reference value :  4.41051e-08
 Reference value :  4.41651e-08
 Reference value :  4.42251e-08
 Reference value :  4.42851e-08
 Reference value :  4.43451e-08
 Reference value :  4.44051e-08
 Reference value :  4.44651e-08
 Reference value :  4.45451e-08
 Reference value :  4.46051e-08
 Reference value :  4.46651e-08
 Reference value :  4.47251e-08
 Reference value :  4.47851e-08
 Reference value :  4.48451e-08
 Reference value :  4.49051e-08
 Reference value :  4.49651e-08
 Reference value :  4.50251e-08
 Reference value :  4.50851e-08
 Reference value :  4.51451e-08
 Reference value :  4.52051e-08
 Reference value :  4.52651e-08
 Reference value :  4.53251e-08
 Reference value :  4.53851e-08
 Reference value :  4.54451e-08
 Reference value :  4.55051e-08
 Reference value :  4.55651e-08
 Reference value :  4.56251e-08
 Reference value :  4.56851e-08
 Reference value :  4.57451e-08
 Reference value :  4.58051e-08
 Reference value :  4.58651e-08
 Reference value :  4.59251e-08
 Reference value :  4.59851e-08
 Reference value :  4.60451e-08
 Reference value :  4.61251e-08
 Reference value :  4.61851e-08
 Reference value :  4.62451e-08
 Reference value :  4.63051e-08
 Reference value :  4.63851e-08
 Reference value :  4.64451e-08
 Reference value :  4.65051e-08
 Reference value :  4.65651e-08
 Reference value :  4.66251e-08
 Reference value :  4.66851e-08
 Reference value :  4.67451e-08
 Reference value :  4.68251e-08
 Reference value :  4.69251e-08
 Reference value :  4.70251e-08
 Reference value :  4.70851e-08
 Reference value :  4.71651e-08
 Reference value :  4.72251e-08
 Reference value :  4.72851e-08
 Reference value :  4.73451e-08
 Reference value :  4.74051e-08
 Reference value :  4.74651e-08
 Reference value :  4.75251e-08
 Reference value :  4.75851e-08
 Reference value :  4.76451e-08
 Reference value :  4.77051e-08
 Reference value :  4.77651e-08
 Reference value :  4.78251e-08
 Reference value :  4.78851e-08
 Reference value :  4.79651e-08
 Reference value :  4.80251e-08
 Reference value :  4.80851e-08
 Reference value :  4.81451e-08
 Reference value :  4.82051e-08
 Reference value :  4.82651e-08
 Reference value :  4.83251e-08
 Reference value :  4.83851e-08
 Reference value :  4.84451e-08
 Reference value :  4.85251e-08
 Reference value :  4.86051e-08
 Reference value :  4.86651e-08
 Reference value :  4.87251e-08
 Reference value :  4.88051e-08
 Reference value :  4.88651e-08
 Reference value :  4.89251e-08
 Reference value :  4.89851e-08
 Reference value :  4.90451e-08
 Reference value :  4.91051e-08
 Reference value :  4.91851e-08
 Reference value :  4.92451e-08
 Reference value :  4.93051e-08
 Reference value :  4.93651e-08
 Reference value :  4.94251e-08
 Reference value :  4.94851e-08
 Reference value :  4.95451e-08
 Reference value :  4.96051e-08
 Reference value :  4.96651e-08
 Reference value :  4.97251e-08
 Reference value :  4.97851e-08
 Reference value :  4.98451e-08
 Reference value :  4.99051e-08
 Reference value :  4.99651e-08
 Reference value :  5.00451e-08
 Reference value :  5.01451e-08
 Reference value :  5.02251e-08
 Reference value :  5.02851e-08
 Reference value :  5.03651e-08
 Reference value :  5.04251e-08
 Reference value :  5.04851e-08
 Reference value :  5.05451e-08
 Reference value :  5.06051e-08
 Reference value :  5.06651e-08
 Reference value :  5.07251e-08
 Reference value :  5.07851e-08
 Reference value :  5.08451e-08
 Reference value :  5.09051e-08
 Reference value :  5.09651e-08
 Reference value :  5.10251e-08
 Reference value :  5.11051e-08
 Reference value :  5.11651e-08
 Reference value :  5.12251e-08
 Reference value :  5.13051e-08
 Reference value :  5.13651e-08
 Reference value :  5.14251e-08
 Reference value :  5.14851e-08
 Reference value :  5.15451e-08
 Reference value :  5.16051e-08
 Reference value :  5.16651e-08
 Reference value :  5.17251e-08
 Reference value :  5.17851e-08
 Reference value :  5.18651e-08
 Reference value :  5.19451e-08
 Reference value :  5.20051e-08
 Reference value :  5.20651e-08
 Reference value :  5.21251e-08
 Reference value :  5.21851e-08
 Reference value :  5.22451e-08
 Reference value :  5.23051e-08
 Reference value :  5.23651e-08
 Reference value :  5.24251e-08
 Reference value :  5.24851e-08
 Reference value :  5.25451e-08
 Reference value :  5.26051e-08
 Reference value :  5.26651e-08
 Reference value :  5.27451e-08
 Reference value :  5.28051e-08
 Reference value :  5.28651e-08
 Reference value :  5.29251e-08
 Reference value :  5.29851e-08
 Reference value :  5.30451e-08
 Reference value :  5.31051e-08
 Reference value :  5.31651e-08
 Reference value :  5.32251e-08
 Reference value :  5.32851e-08
 Reference value :  5.33451e-08
 Reference value :  5.34051e-08
 Reference value :  5.34651e-08
 Reference value :  5.35251e-08
 Reference value :  5.35851e-08
 Reference value :  5.36451e-08
 Reference value :  5.37051e-08
 Reference value :  5.37651e-08
 Reference value :  5.38251e-08
 Reference value :  5.38851e-08
 Reference value :  5.39451e-08
 Reference value :  5.40051e-08
 Reference value :  5.40651e-08
 Reference value :  5.41251e-08
 Reference value :  5.42051e-08
 Reference value :  5.42651e-08
 Reference value :  5.43251e-08
 Reference value :  5.43851e-08
 Reference value :  5.44451e-08
 Reference value :  5.45051e-08
 Reference value :  5.45651e-08
 Reference value :  5.46251e-08
 Reference value :  5.46851e-08
 Reference value :  5.47451e-08
 Reference value :  5.48051e-08
 Reference value :  5.48651e-08
 Reference value :  5.49251e-08
 Reference value :  5.49851e-08
 Reference value :  5.50451e-08
 Reference value :  5.51051e-08
 Reference value :  5.51651e-08
 Reference value :  5.52189e-08
 Reference value :  5.52189e-08
 Reference value :  5.52197e-08
 Reference value :  5.52240e-08
 Reference value :  5.52282e-08
 Reference value :  5.52344e-08
 Reference value :  5.52384e-08
 Reference value :  5.52473e-08
 Reference value :  5.52578e-08
 Reference value :  5.52694e-08
 Reference value :  5.52833e-08
 Reference value :  5.52893e-08
 Reference value :  5.52989e-08
 Reference value :  5.52989e-08
 Reference value :  5.53002e-08
 Reference value :  5.53034e-08
 Reference value :  5.53073e-08
 Reference value :  5.53127e-08
 Reference value :  5.53212e-08
 Reference value :  5.53354e-08
 Reference value :  5.53521e-08
 Reference value :  5.53723e-08
 Reference value :  5.53974e-08
 Reference value :  5.54287e-08
 Reference value :  5.54676e-08
 Reference value :  5.55076e-08
 Reference value :  5.55676e-08
 Reference value :  5.56476e-08
 Reference value :  5.57076e-08
 Reference value :  5.57676e-08
 Reference value :  5.58276e-08
 Reference value :  5.58876e-08
 Reference value :  5.59476e-08
 Reference value :  5.60076e-08
 Reference value :  5.60676e-08
 Reference value :  5.61276e-08
 Reference value :  5.61876e-08
 Reference value :  5.62476e-08
 Reference value :  5.63076e-08
 Reference value :  5.63676e-08
 Reference value :  5.64276e-08
 Reference value :  5.65076e-08
 Reference value :  5.65657e-08
 Reference value :  5.65665e-08
 Reference value :  5.65691e-08
 Reference value :  5.65729e-08
 Reference value :  5.65812e-08
 Reference value :  5.65854e-08
 Reference value :  5.65943e-08
 Reference value :  5.66048e-08
 Reference value :  5.66164e-08
 Reference value :  5.66303e-08
 Reference value :  5.66363e-08
 Reference value :  5.66457e-08
 Reference value :  5.66457e-08
 Reference value :  5.66463e-08
 Reference value :  5.66484e-08
 Reference value :  5.66520e-08
 Reference value :  5.66595e-08
 Reference value :  5.66748e-08
 Reference value :  5.66902e-08
 Reference value :  5.67085e-08
 Reference value :  5.67309e-08
 Reference value :  5.67587e-08
 Reference value :  5.67938e-08
 Reference value :  5.68338e-08
 Reference value :  5.68738e-08
 Reference value :  5.69138e-08
 Reference value :  5.69738e-08
 Reference value :  5.70338e-08
 Reference value :  5.70938e-08
 Reference value :  5.71538e-08
 Reference value :  5.72338e-08
 Reference value :  5.72938e-08
 Reference value :  5.73538e-08
 Reference value :  5.74138e-08
 Reference value :  5.74738e-08
 Reference value :  5.75338e-08
 Reference value :  5.75938e-08
 Reference value :  5.76538e-08
 Reference value :  5.77138e-08
 Reference value :  5.77738e-08
 Reference value :  5.78338e-08
 Reference value :  5.78938e-08
 Reference value :  5.79125e-08
 Reference value :  5.79134e-08
 Reference value :  5.79159e-08
 Reference value :  5.79197e-08
 Reference value :  5.79247e-08
 Reference value :  5.79323e-08
 Reference value :  5.79413e-08
 Reference value :  5.79517e-08
 Reference value :  5.79634e-08
 Reference value :  5.79772e-08
 Reference value :  5.79832e-08
 Reference value :  5.79925e-08
 Reference value :  5.79925e-08
 Reference value :  5.79931e-08
 Reference value :  5.79952e-08
 Reference value :  5.79988e-08
 Reference value :  5.80033e-08
 Reference value :  5.80146e-08
 Reference value :  5.80287e-08
 Reference value :  5.80453e-08
 Reference value :  5.80773e-08
 Reference value :  5.81051e-08
 Reference value :  5.81601e-08
 Reference value :  5.82001e-08
 Reference value :  5.82601e-08
 Reference value :  5.83201e-08
 Reference value :  5.83801e-08
 Reference value :  5.84401e-08
 Reference value :  5.85201e-08
 Reference value :  5.85801e-08
 Reference value :  5.86401e-08
 Reference value :  5.87001e-08
 Reference value :  5.87601e-08
 Reference value :  5.88201e-08
 Reference value :  5.89001e-08
 Reference value :  5.90201e-08
 Reference value :  5.90801e-08
 Reference value :  5.91601e-08
 Reference value :  5.92401e-08
 Reference value :  5.92593e-08
 Reference value :  5.92602e-08
 Reference value :  5.92628e-08
 Reference value :  5.92666e-08
 Reference value :  5.92751e-08
 Reference value :  5.92838e-08
 Reference value :  5.92932e-08
 Reference value :  5.93041e-08
 Reference value :  5.93173e-08
 Reference value :  5.93302e-08
 Reference value :  5.93393e-08
 Reference value :  5.93399e-08
 Reference value :  5.93419e-08
 Reference value :  5.93455e-08
 Reference value :  5.93500e-08
 Reference value :  5.93565e-08
 Reference value :  5.93680e-08
 Reference value :  5.93919e-08
 Reference value :  5.94119e-08
 Reference value :  5.94368e-08
 Reference value :  5.94863e-08
 Reference value :  5.95263e-08
 Reference value :  5.95663e-08
 Reference value :  5.96063e-08
 Reference value :  5.96663e-08
 Reference value :  5.97263e-08
 Reference value :  5.97863e-08
 Reference value :  5.98463e-08
 Reference value :  5.99063e-08
 Reference value :  5.99663e-08
 Reference value :  6.00263e-08
 Reference value :  6.00863e-08
 Reference value :  6.01463e-08
 Reference value :  6.02063e-08
 Reference value :  6.02663e-08
 Reference value :  6.03263e-08
 Reference value :  6.04063e-08
 Reference value :  6.04663e-08
 Reference value :  6.05263e-08
 Reference value :  6.05863e-08
 Reference value :  6.06061e-08
 Reference value :  6.06070e-08
 Reference value :  6.06097e-08
 Reference value :  6.06135e-08
 Reference value :  6.06186e-08
 Reference value :  6.06262e-08
 Reference value :  6.06351e-08
 Reference value :  6.06456e-08
 Reference value :  6.06573e-08
 Reference value :  6.06712e-08
 Reference value :  6.06816e-08
 Reference value :  6.06861e-08
 Reference value :  6.06867e-08
 Reference value :  6.06887e-08
 Reference value :  6.06944e-08
 Reference value :  6.07032e-08
 Reference value :  6.07145e-08
 Reference value :  6.07299e-08
 Reference value :  6.07480e-08
 Reference value :  6.07702e-08
 Reference value :  6.07978e-08
 Reference value :  6.08325e-08
 Reference value :  6.08725e-08
 Reference value :  6.09125e-08
 Reference value :  6.09725e-08
No. of Data Rows : 3979
m_ui_ref            =  1.34680e-09 targ=  1.35080e-08 trig=  1.21612e-08
m_spa_in            =  5.38721e-09 targ=  1.75484e-08 trig=  1.21612e-08
m_spb_in            =  4.04040e-09 targ=  1.62016e-08 trig=  1.21612e-08
m_spa_c0            =  5.38720e-09 targ=  1.75553e-08 trig=  1.21681e-08
m_spb_c0            =  4.04040e-09 targ=  1.62085e-08 trig=  1.21681e-08
m_trise_c0          =  5.18873e-11 targ=  1.35396e-08 trig=  1.34877e-08
m_tfall_c0          =  5.19679e-11 targ=  1.48864e-08 trig=  1.48345e-08
m_spa_c1            =  5.38721e-09 targ=  1.75899e-08 trig=  1.22027e-08
m_spb_c1            =  4.04041e-09 targ=  1.62431e-08 trig=  1.22027e-08
m_trise_c1          =  1.21733e-10 targ=  1.36291e-08 trig=  1.35073e-08
m_tfall_c1          =  1.21848e-10 targ=  1.49759e-08 trig=  1.48541e-08
m_spa_c2            =  5.38721e-09 targ=  1.76205e-08 trig=  1.22333e-08
m_spb_c2            =  4.04041e-09 targ=  1.62737e-08 trig=  1.22333e-08
m_trise_c2          =  2.24993e-10 targ=  1.37423e-08 trig=  1.35173e-08
m_tfall_c2          =  2.25214e-10 targ=  1.50894e-08 trig=  1.48642e-08
m_spa_cmis          =  5.38722e-09 targ=  1.76007e-08 trig=  1.22135e-08
m_spb_cmis          =  4.04177e-09 targ=  1.62552e-08 trig=  1.22135e-08
m_dj_ui_c0 = 2.2275005737e-06
m_swing_c0 = 5.0476284477e-01
m_vpp_c0 = 5.8395263774e-01
m_vcm_c0 = 3.0466635516e+00
m_dj_ui_c1 = 5.9400015296e-06
m_swing_c1 = 5.0444771603e-01
m_vpp_c1 = 5.0765193770e-01
m_vcm_c1 = 3.0468212426e+00
m_dj_ui_c2 = 4.4550011467e-06
m_swing_c2 = 5.0381353048e-01
m_vpp_c2 = 5.0591116405e-01
m_vcm_c2 = 3.0470569358e+00
m_dj_ui_cmis = 1.0172252619e-03
m_swing_cmis = 5.0381276428e-01
m_swing_avcclo = 5.0378089260e-01
m_vcm_avcclo = 2.7170446188e+00
m_swing_avcchi = 5.0500416907e-01
m_vcm_avcchi = 3.3766200352e+00
m_vgs_sw_max = 1.3740402757e+00
m_vgd_sw_max = 1.9956260010e+00
m_vds_sw_max = 2.4900167948e+00
m_vgs_tail_max = 9.8184206527e-01
m_vds_tail_max = 1.2181685852e+00
m_swing_dc = 5.0367095941e-01
m_vcm_dc = 3.0472170228e+00
m_ioff_dc = 1.8949949802e-05
m_itail_dc = 1.0111319088e-02
m_icell_dc = 1.0611319088e-02
m_ro_leg = 2.1823113078e+04
Note: Simulation executed from .control section 

