
Note: No compatibility mode selected!


Circuit: * cml-driver-eye @ ff_27c_3.30v_270mbps -- generated by sim/harness, do not edit

Doing analysis at TEMP = 27.000000 and TNOM = 27.000000

Using SPARSE 1.3 as Direct Linear Solver

Initial Transient Solution
--------------------------

Node                                   Voltage
----                                   -------
avcc                                       3.3
avcclo                                    2.97
avcchi                                    3.63
inp                                      2.805
inn                                      1.815
inpz                                     2.805
innz                                     1.815
inref                                     0.99
win                                          0
winc                                         0
xc0.tail                               1.47134
ib_c0                                 0.995769
outp_c0                                 2.7892
outn_c0                                    3.3
vd_c0                                 0.510804
xc1.tail                               1.47134
ib_c1                                 0.995769
outp_c1                                 2.7892
outn_c1                                    3.3
vd_c1                                 0.510804
xc2.tail                               1.47134
ib_c2                                 0.995769
outp_c2                                 2.7892
outn_c2                                    3.3
vd_c2                                 0.510804
xcmis.tail                             1.47134
ib_cmis                               0.995769
outp_cmis                               2.7892
outn_cmis                                  3.3
vd_cmis                               0.510804
xvlo.tail                                1.452
ib_vlo                                0.995769
outp_vlo                               2.45958
outn_vlo                                  2.97
xvhi.tail                               1.4891
ib_vhi                                0.995769
outp_vhi                               3.11884
outn_vhi                                  3.63
xz.tail                                1.47134
ib_z                                  0.995769
vss_z                                        0
outp_z                                  2.7892
outn_z                                     3.3
xza.tail                               1.46054
ib_za                                 0.995769
outp_za                                    2.6
outn_za                                    3.3
xzb.tail                               1.48281
ib_zb                                 0.995769
outp_zb                                      3
outn_zb                                    3.3
ediff_cmis#branch                            0
ediff_c2#branch                              0
ediff_c1#branch                              0
ediff_c0#branch                              0
einref#branch                                0
vforce_zb#branch                    -0.0102206
vforce_za#branch                    -0.0102118
vsens_z#branch                       0.0107161
vwinc#branch                                 0
vwin#branch                                  0
vinnz#branch                                 0
vinpz#branch                                 0
vinn#branch                                  0
vinp#branch                                  0
vavcchi#branch                      -0.0102231
vavcclo#branch                      -0.0102084
vavcc#branch                        -0.0510806

 Reference value :  0.00000e+00
 Reference value :  4.00000e-13
 Reference value :  3.20000e-12
 Reference value :  2.56000e-11
 Reference value :  8.56000e-11
 Reference value :  1.45600e-10
 Reference value :  2.05600e-10
 Reference value :  2.65600e-10
 Reference value :  3.45600e-10
 Reference value :  4.05600e-10
 Reference value :  4.65600e-10
 Reference value :  5.25600e-10
 Reference value :  5.85600e-10
 Reference value :  6.45600e-10
 Reference value :  7.25600e-10
 Reference value :  7.85600e-10
 Reference value :  8.65600e-10
 Reference value :  9.25600e-10
 Reference value :  1.00560e-09
 Reference value :  1.08560e-09
 Reference value :  1.14560e-09
 Reference value :  1.22560e-09
 Reference value :  1.28560e-09
 Reference value :  1.36560e-09
 Reference value :  1.42560e-09
 Reference value :  1.48560e-09
 Reference value :  1.54560e-09
 Reference value :  1.60560e-09
 Reference value :  1.66560e-09
 Reference value :  1.72560e-09
 Reference value :  1.78560e-09
 Reference value :  1.84560e-09
 Reference value :  1.90560e-09
 Reference value :  1.96560e-09
 Reference value :  2.02560e-09
 Reference value :  2.08560e-09
 Reference value :  2.14560e-09
 Reference value :  2.20560e-09
 Reference value :  2.26560e-09
 Reference value :  2.34560e-09
 Reference value :  2.40560e-09
 Reference value :  2.46560e-09
 Reference value :  2.52560e-09
 Reference value :  2.58560e-09
 Reference value :  2.64560e-09
 Reference value :  2.70560e-09
 Reference value :  2.76560e-09
 Reference value :  2.82560e-09
 Reference value :  2.88560e-09
 Reference value :  2.94560e-09
 Reference value :  3.00560e-09
 Reference value :  3.06560e-09
 Reference value :  3.12560e-09
 Reference value :  3.18560e-09
 Reference value :  3.24560e-09
 Reference value :  3.30560e-09
 Reference value :  3.36560e-09
 Reference value :  3.42560e-09
 Reference value :  3.48560e-09
 Reference value :  3.54560e-09
 Reference value :  3.60560e-09
 Reference value :  3.66560e-09
 Reference value :  3.72560e-09
 Reference value :  3.78560e-09
 Reference value :  3.84560e-09
 Reference value :  3.90560e-09
 Reference value :  3.98560e-09
 Reference value :  4.04560e-09
 Reference value :  4.10560e-09
 Reference value :  4.16560e-09
 Reference value :  4.22560e-09
 Reference value :  4.28560e-09
 Reference value :  4.34560e-09
 Reference value :  4.40560e-09
 Reference value :  4.46560e-09
 Reference value :  4.52560e-09
 Reference value :  4.60560e-09
 Reference value :  4.66560e-09
 Reference value :  4.72560e-09
 Reference value :  4.78560e-09
 Reference value :  4.84560e-09
 Reference value :  4.90560e-09
 Reference value :  4.96560e-09
 Reference value :  5.02560e-09
 Reference value :  5.08560e-09
 Reference value :  5.14560e-09
 Reference value :  5.20560e-09
 Reference value :  5.28560e-09
 Reference value :  5.34560e-09
 Reference value :  5.40560e-09
 Reference value :  5.46560e-09
 Reference value :  5.54560e-09
 Reference value :  5.60560e-09
 Reference value :  5.66560e-09
 Reference value :  5.72560e-09
 Reference value :  5.78560e-09
 Reference value :  5.84560e-09
 Reference value :  5.90560e-09
 Reference value :  5.96560e-09
 Reference value :  6.02560e-09
 Reference value :  6.10560e-09
 Reference value :  6.16560e-09
 Reference value :  6.22560e-09
 Reference value :  6.30560e-09
 Reference value :  6.36560e-09
 Reference value :  6.42560e-09
 Reference value :  6.48560e-09
 Reference value :  6.54560e-09
 Reference value :  6.60560e-09
 Reference value :  6.66560e-09
 Reference value :  6.72560e-09
 Reference value :  6.78560e-09
 Reference value :  6.84560e-09
 Reference value :  6.90560e-09
 Reference value :  6.98560e-09
 Reference value :  7.04560e-09
 Reference value :  7.12560e-09
 Reference value :  7.20560e-09
 Reference value :  7.28560e-09
 Reference value :  7.34560e-09
 Reference value :  7.42560e-09
 Reference value :  7.48560e-09
 Reference value :  7.54560e-09
 Reference value :  7.60560e-09
 Reference value :  7.68560e-09
 Reference value :  7.76560e-09
 Reference value :  7.82560e-09
 Reference value :  7.88560e-09
 Reference value :  7.94560e-09
 Reference value :  8.00560e-09
 Reference value :  8.06560e-09
 Reference value :  8.14560e-09
 Reference value :  8.20560e-09
 Reference value :  8.26560e-09
 Reference value :  8.32560e-09
 Reference value :  8.38560e-09
 Reference value :  8.44560e-09
 Reference value :  8.50560e-09
 Reference value :  8.56560e-09
 Reference value :  8.62560e-09
 Reference value :  8.68560e-09
 Reference value :  8.74560e-09
 Reference value :  8.80560e-09
 Reference value :  8.86560e-09
 Reference value :  8.92560e-09
 Reference value :  8.98560e-09
 Reference value :  9.04560e-09
 Reference value :  9.10560e-09
 Reference value :  9.16560e-09
 Reference value :  9.22560e-09
 Reference value :  9.28560e-09
 Reference value :  9.34560e-09
 Reference value :  9.40560e-09
 Reference value :  9.46560e-09
 Reference value :  9.52560e-09
 Reference value :  9.58560e-09
 Reference value :  9.64560e-09
 Reference value :  9.70560e-09
 Reference value :  9.76560e-09
 Reference value :  9.82560e-09
 Reference value :  9.88560e-09
 Reference value :  9.94560e-09
 Reference value :  1.00056e-08
 Reference value :  1.00656e-08
 Reference value :  1.01256e-08
 Reference value :  1.01856e-08
 Reference value :  1.02456e-08
 Reference value :  1.03056e-08
 Reference value :  1.03656e-08
 Reference value :  1.04256e-08
 Reference value :  1.04856e-08
 Reference value :  1.05456e-08
 Reference value :  1.06056e-08
 Reference value :  1.06656e-08
 Reference value :  1.07256e-08
 Reference value :  1.07856e-08
 Reference value :  1.08456e-08
 Reference value :  1.09056e-08
 Reference value :  1.09856e-08
 Reference value :  1.10456e-08
 Reference value :  1.11056e-08
 Reference value :  1.11656e-08
 Reference value :  1.12256e-08
 Reference value :  1.12856e-08
 Reference value :  1.13456e-08
 Reference value :  1.14056e-08
 Reference value :  1.14656e-08
 Reference value :  1.15256e-08
 Reference value :  1.15856e-08
 Reference value :  1.16456e-08
 Reference value :  1.17056e-08
 Reference value :  1.17656e-08
 Reference value :  1.18456e-08
 Reference value :  1.19056e-08
 Reference value :  1.19656e-08
 Reference value :  1.20256e-08
 Reference value :  1.20856e-08
 Reference value :  1.21456e-08
 Reference value :  1.22056e-08
 Reference value :  1.22656e-08
 Reference value :  1.23256e-08
 Reference value :  1.23856e-08
 Reference value :  1.24456e-08
 Reference value :  1.25056e-08
 Reference value :  1.25656e-08
 Reference value :  1.26256e-08
 Reference value :  1.26856e-08
 Reference value :  1.27456e-08
 Reference value :  1.28056e-08
 Reference value :  1.28656e-08
 Reference value :  1.29256e-08
 Reference value :  1.29856e-08
 Reference value :  1.30456e-08
 Reference value :  1.31056e-08
 Reference value :  1.31656e-08
 Reference value :  1.32256e-08
 Reference value :  1.32856e-08
 Reference value :  1.33456e-08
 Reference value :  1.34056e-08
 Reference value :  1.34656e-08
 Reference value :  1.35256e-08
 Reference value :  1.35856e-08
 Reference value :  1.36456e-08
 Reference value :  1.37056e-08
 Reference value :  1.37656e-08
 Reference value :  1.38256e-08
 Reference value :  1.38856e-08
 Reference value :  1.39456e-08
 Reference value :  1.40056e-08
 Reference value :  1.40656e-08
 Reference value :  1.41256e-08
 Reference value :  1.41856e-08
 Reference value :  1.42456e-08
 Reference value :  1.43056e-08
 Reference value :  1.43656e-08
 Reference value :  1.44256e-08
 Reference value :  1.44856e-08
 Reference value :  1.45456e-08
 Reference value :  1.46056e-08
 Reference value :  1.46856e-08
 Reference value :  1.47456e-08
 Reference value :  1.48056e-08
 Reference value :  1.48856e-08
 Reference value :  1.49456e-08
 Reference value :  1.50056e-08
 Reference value :  1.50656e-08
 Reference value :  1.51256e-08
 Reference value :  1.51856e-08
 Reference value :  1.52456e-08
 Reference value :  1.53056e-08
 Reference value :  1.53656e-08
 Reference value :  1.54256e-08
 Reference value :  1.54856e-08
 Reference value :  1.55456e-08
 Reference value :  1.56056e-08
 Reference value :  1.56656e-08
 Reference value :  1.57256e-08
 Reference value :  1.57856e-08
 Reference value :  1.58456e-08
 Reference value :  1.59056e-08
 Reference value :  1.59656e-08
 Reference value :  1.60256e-08
 Reference value :  1.60856e-08
 Reference value :  1.61456e-08
 Reference value :  1.62056e-08
 Reference value :  1.62656e-08
 Reference value :  1.63456e-08
 Reference value :  1.64056e-08
 Reference value :  1.64656e-08
 Reference value :  1.65256e-08
 Reference value :  1.65856e-08
 Reference value :  1.66456e-08
 Reference value :  1.67056e-08
 Reference value :  1.67656e-08
 Reference value :  1.68256e-08
 Reference value :  1.68856e-08
 Reference value :  1.69456e-08
 Reference value :  1.70056e-08
 Reference value :  1.70656e-08
 Reference value :  1.71256e-08
 Reference value :  1.71856e-08
 Reference value :  1.72456e-08
 Reference value :  1.73056e-08
 Reference value :  1.73656e-08
 Reference value :  1.74256e-08
 Reference value :  1.74856e-08
 Reference value :  1.75456e-08
 Reference value :  1.76056e-08
 Reference value :  1.76656e-08
 Reference value :  1.77256e-08
 Reference value :  1.77856e-08
 Reference value :  1.78456e-08
 Reference value :  1.79256e-08
 Reference value :  1.79856e-08
 Reference value :  1.80456e-08
 Reference value :  1.81056e-08
 Reference value :  1.81656e-08
 Reference value :  1.82256e-08
 Reference value :  1.82856e-08
 Reference value :  1.83456e-08
 Reference value :  1.84056e-08
 Reference value :  1.84656e-08
 Reference value :  1.85256e-08
 Reference value :  1.85856e-08
 Reference value :  1.86456e-08
 Reference value :  1.87056e-08
 Reference value :  1.87656e-08
 Reference value :  1.88256e-08
 Reference value :  1.88856e-08
 Reference value :  1.89456e-08
 Reference value :  1.90056e-08
 Reference value :  1.90656e-08
 Reference value :  1.91456e-08
 Reference value :  1.92056e-08
 Reference value :  1.92656e-08
 Reference value :  1.93256e-08
 Reference value :  1.93856e-08
 Reference value :  1.94456e-08
 Reference value :  1.95256e-08
 Reference value :  1.95856e-08
 Reference value :  1.96456e-08
 Reference value :  1.97256e-08
 Reference value :  1.97856e-08
 Reference value :  1.98456e-08
 Reference value :  1.99056e-08
 Reference value :  1.99656e-08
 Reference value :  2.00256e-08
 Reference value :  2.00856e-08
 Reference value :  2.01456e-08
 Reference value :  2.02256e-08
 Reference value :  2.02856e-08
 Reference value :  2.03456e-08
 Reference value :  2.04056e-08
 Reference value :  2.04656e-08
 Reference value :  2.05256e-08
 Reference value :  2.06056e-08
 Reference value :  2.06856e-08
 Reference value :  2.07656e-08
 Reference value :  2.08256e-08
 Reference value :  2.08856e-08
 Reference value :  2.09456e-08
 Reference value :  2.10056e-08
 Reference value :  2.10856e-08
 Reference value :  2.11456e-08
 Reference value :  2.12056e-08
 Reference value :  2.12656e-08
 Reference value :  2.13256e-08
 Reference value :  2.14056e-08
 Reference value :  2.14656e-08
 Reference value :  2.15256e-08
 Reference value :  2.15856e-08
 Reference value :  2.16456e-08
 Reference value :  2.17056e-08
 Reference value :  2.17656e-08
 Reference value :  2.18256e-08
 Reference value :  2.18856e-08
 Reference value :  2.19456e-08
 Reference value :  2.20056e-08
 Reference value :  2.20656e-08
 Reference value :  2.21256e-08
 Reference value :  2.21856e-08
 Reference value :  2.22456e-08
 Reference value :  2.23056e-08
 Reference value :  2.23656e-08
 Reference value :  2.24256e-08
 Reference value :  2.24856e-08
 Reference value :  2.25456e-08
 Reference value :  2.26056e-08
 Reference value :  2.26656e-08
 Reference value :  2.27256e-08
 Reference value :  2.27856e-08
 Reference value :  2.28456e-08
 Reference value :  2.29056e-08
 Reference value :  2.29656e-08
 Reference value :  2.30256e-08
 Reference value :  2.30856e-08
 Reference value :  2.31456e-08
 Reference value :  2.32056e-08
 Reference value :  2.32656e-08
 Reference value :  2.33256e-08
 Reference value :  2.33856e-08
 Reference value :  2.34656e-08
 Reference value :  2.35256e-08
 Reference value :  2.35856e-08
 Reference value :  2.36456e-08
 Reference value :  2.37056e-08
 Reference value :  2.37656e-08
 Reference value :  2.38256e-08
 Reference value :  2.38856e-08
 Reference value :  2.39456e-08
 Reference value :  2.40056e-08
 Reference value :  2.40656e-08
 Reference value :  2.41256e-08
 Reference value :  2.41856e-08
 Reference value :  2.42456e-08
 Reference value :  2.43056e-08
 Reference value :  2.43656e-08
 Reference value :  2.44256e-08
 Reference value :  2.44856e-08
 Reference value :  2.45456e-08
 Reference value :  2.46056e-08
 Reference value :  2.46656e-08
 Reference value :  2.47256e-08
 Reference value :  2.47856e-08
 Reference value :  2.48456e-08
 Reference value :  2.49056e-08
 Reference value :  2.49856e-08
 Reference value :  2.50656e-08
 Reference value :  2.51256e-08
 Reference value :  2.51856e-08
 Reference value :  2.52456e-08
 Reference value :  2.53056e-08
 Reference value :  2.53656e-08
 Reference value :  2.54256e-08
 Reference value :  2.54856e-08
 Reference value :  2.55456e-08
 Reference value :  2.56056e-08
 Reference value :  2.56856e-08
 Reference value :  2.57456e-08
 Reference value :  2.58056e-08
 Reference value :  2.58656e-08
 Reference value :  2.59256e-08
 Reference value :  2.59856e-08
 Reference value :  2.60456e-08
 Reference value :  2.61256e-08
 Reference value :  2.61856e-08
 Reference value :  2.62456e-08
 Reference value :  2.63056e-08
 Reference value :  2.63856e-08
 Reference value :  2.64456e-08
 Reference value :  2.65056e-08
 Reference value :  2.65656e-08
 Reference value :  2.66456e-08
 Reference value :  2.67056e-08
 Reference value :  2.67656e-08
 Reference value :  2.68256e-08
 Reference value :  2.68856e-08
 Reference value :  2.69456e-08
 Reference value :  2.70056e-08
 Reference value :  2.70656e-08
 Reference value :  2.71256e-08
 Reference value :  2.71856e-08
 Reference value :  2.72456e-08
 Reference value :  2.73056e-08
 Reference value :  2.73656e-08
 Reference value :  2.74256e-08
 Reference value :  2.75056e-08
 Reference value :  2.75656e-08
 Reference value :  2.76256e-08
 Reference value :  2.76856e-08
 Reference value :  2.77456e-08
 Reference value :  2.78056e-08
 Reference value :  2.78656e-08
 Reference value :  2.79256e-08
 Reference value :  2.79856e-08
 Reference value :  2.80456e-08
 Reference value :  2.81056e-08
 Reference value :  2.81656e-08
 Reference value :  2.82256e-08
 Reference value :  2.82856e-08
 Reference value :  2.83456e-08
 Reference value :  2.84056e-08
 Reference value :  2.84656e-08
 Reference value :  2.85256e-08
 Reference value :  2.85856e-08
 Reference value :  2.86456e-08
 Reference value :  2.87056e-08
 Reference value :  2.87656e-08
 Reference value :  2.88256e-08
 Reference value :  2.88856e-08
 Reference value :  2.89456e-08
 Reference value :  2.90056e-08
 Reference value :  2.90656e-08
 Reference value :  2.91256e-08
 Reference value :  2.91856e-08
 Reference value :  2.92456e-08
 Reference value :  2.93056e-08
 Reference value :  2.93856e-08
 Reference value :  2.94456e-08
 Reference value :  2.95056e-08
 Reference value :  2.95656e-08
 Reference value :  2.96256e-08
 Reference value :  2.96856e-08
 Reference value :  2.97456e-08
 Reference value :  2.98256e-08
 Reference value :  2.99056e-08
 Reference value :  2.99656e-08
 Reference value :  3.00256e-08
 Reference value :  3.01056e-08
 Reference value :  3.01656e-08
 Reference value :  3.02456e-08
 Reference value :  3.03056e-08
 Reference value :  3.03656e-08
 Reference value :  3.04256e-08
 Reference value :  3.05056e-08
 Reference value :  3.05656e-08
 Reference value :  3.06256e-08
 Reference value :  3.06856e-08
 Reference value :  3.07456e-08
 Reference value :  3.08056e-08
 Reference value :  3.08656e-08
 Reference value :  3.09256e-08
 Reference value :  3.09856e-08
 Reference value :  3.10456e-08
 Reference value :  3.11256e-08
 Reference value :  3.11856e-08
 Reference value :  3.12456e-08
 Reference value :  3.13056e-08
 Reference value :  3.13856e-08
 Reference value :  3.14456e-08
 Reference value :  3.15056e-08
 Reference value :  3.15856e-08
 Reference value :  3.16656e-08
 Reference value :  3.17456e-08
 Reference value :  3.18056e-08
 Reference value :  3.18656e-08
 Reference value :  3.19256e-08
 Reference value :  3.19856e-08
 Reference value :  3.20456e-08
 Reference value :  3.21056e-08
 Reference value :  3.21656e-08
 Reference value :  3.22256e-08
 Reference value :  3.23056e-08
 Reference value :  3.23856e-08
 Reference value :  3.24656e-08
 Reference value :  3.25256e-08
 Reference value :  3.25856e-08
 Reference value :  3.26656e-08
 Reference value :  3.27256e-08
 Reference value :  3.27856e-08
 Reference value :  3.28656e-08
 Reference value :  3.29256e-08
 Reference value :  3.30056e-08
 Reference value :  3.30656e-08
 Reference value :  3.31256e-08
 Reference value :  3.31856e-08
 Reference value :  3.32656e-08
 Reference value :  3.33195e-08
 Reference value :  3.33334e-08
 Reference value :  3.33340e-08
 Reference value :  3.33361e-08
 Reference value :  3.33394e-08
 Reference value :  3.33437e-08
 Reference value :  3.33500e-08
 Reference value :  3.33574e-08
 Reference value :  3.33607e-08
 Reference value :  3.33677e-08
 Reference value :  3.33754e-08
 Reference value :  3.33841e-08
 Reference value :  3.33946e-08
 Reference value :  3.33990e-08
 Reference value :  3.34028e-08
 Reference value :  3.34103e-08
 Reference value :  3.34134e-08
 Reference value :  3.34138e-08
 Reference value :  3.34153e-08
 Reference value :  3.34168e-08
 Reference value :  3.34202e-08
 Reference value :  3.34246e-08
 Reference value :  3.34310e-08
 Reference value :  3.34420e-08
 Reference value :  3.34557e-08
 Reference value :  3.34725e-08
 Reference value :  3.34938e-08
 Reference value :  3.35214e-08
 Reference value :  3.35767e-08
 Reference value :  3.36367e-08
 Reference value :  3.36967e-08
 Reference value :  3.37567e-08
 Reference value :  3.38167e-08
 Reference value :  3.38767e-08
 Reference value :  3.39367e-08
 Reference value :  3.39967e-08
 Reference value :  3.40567e-08
 Reference value :  3.41167e-08
 Reference value :  3.41767e-08
 Reference value :  3.42367e-08
 Reference value :  3.42967e-08
 Reference value :  3.43567e-08
 Reference value :  3.44167e-08
 Reference value :  3.44767e-08
 Reference value :  3.45367e-08
 Reference value :  3.45967e-08
 Reference value :  3.46567e-08
 Reference value :  3.47167e-08
 Reference value :  3.47767e-08
 Reference value :  3.48367e-08
 Reference value :  3.48967e-08
 Reference value :  3.49567e-08
 Reference value :  3.50367e-08
 Reference value :  3.50967e-08
 Reference value :  3.51567e-08
 Reference value :  3.52167e-08
 Reference value :  3.52767e-08
 Reference value :  3.53367e-08
 Reference value :  3.53967e-08
 Reference value :  3.54567e-08
 Reference value :  3.55167e-08
 Reference value :  3.55767e-08
 Reference value :  3.56367e-08
 Reference value :  3.57167e-08
 Reference value :  3.57767e-08
 Reference value :  3.58367e-08
 Reference value :  3.58967e-08
 Reference value :  3.59567e-08
 Reference value :  3.60167e-08
 Reference value :  3.60967e-08
 Reference value :  3.61567e-08
 Reference value :  3.62167e-08
 Reference value :  3.62767e-08
 Reference value :  3.63367e-08
 Reference value :  3.64167e-08
 Reference value :  3.64767e-08
 Reference value :  3.65567e-08
 Reference value :  3.66367e-08
 Reference value :  3.66967e-08
 Reference value :  3.67567e-08
 Reference value :  3.68167e-08
 Reference value :  3.68767e-08
 Reference value :  3.69567e-08
 Reference value :  3.70269e-08
 Reference value :  3.70371e-08
 Reference value :  3.70375e-08
 Reference value :  3.70391e-08
 Reference value :  3.70424e-08
 Reference value :  3.70464e-08
 Reference value :  3.70522e-08
 Reference value :  3.70602e-08
 Reference value :  3.70637e-08
 Reference value :  3.70670e-08
 Reference value :  3.70742e-08
 Reference value :  3.70821e-08
 Reference value :  3.70964e-08
 Reference value :  3.71009e-08
 Reference value :  3.71049e-08
 Reference value :  3.71089e-08
 Reference value :  3.71170e-08
 Reference value :  3.71171e-08
 Reference value :  3.71177e-08
 Reference value :  3.71197e-08
 Reference value :  3.71230e-08
 Reference value :  3.71270e-08
 Reference value :  3.71328e-08
 Reference value :  3.71431e-08
 Reference value :  3.71561e-08
 Reference value :  3.71721e-08
 Reference value :  3.71923e-08
 Reference value :  3.72184e-08
 Reference value :  3.72518e-08
 Reference value :  3.72913e-08
 Reference value :  3.73313e-08
 Reference value :  3.73713e-08
 Reference value :  3.74313e-08
 Reference value :  3.75113e-08
 Reference value :  3.75713e-08
 Reference value :  3.76313e-08
 Reference value :  3.76913e-08
 Reference value :  3.77513e-08
 Reference value :  3.77779e-08
 Reference value :  3.77788e-08
 Reference value :  3.77793e-08
 Reference value :  3.77832e-08
 Reference value :  3.78145e-08
 Reference value :  3.78745e-08
 Reference value :  3.79345e-08
 Reference value :  3.79945e-08
 Reference value :  3.80545e-08
 Reference value :  3.81145e-08
 Reference value :  3.81482e-08
 Reference value :  3.81491e-08
 Reference value :  3.81496e-08
 Reference value :  3.81536e-08
 Reference value :  3.81849e-08
 Reference value :  3.82449e-08
 Reference value :  3.83049e-08
 Reference value :  3.83649e-08
 Reference value :  3.84249e-08
 Reference value :  3.84849e-08
 Reference value :  3.85449e-08
 Reference value :  3.86049e-08
 Reference value :  3.86649e-08
 Reference value :  3.87249e-08
 Reference value :  3.87849e-08
 Reference value :  3.88449e-08
 Reference value :  3.89049e-08
 Reference value :  3.89649e-08
 Reference value :  3.90249e-08
 Reference value :  3.90849e-08
 Reference value :  3.91449e-08
 Reference value :  3.92049e-08
 Reference value :  3.92649e-08
 Reference value :  3.93249e-08
 Reference value :  3.93849e-08
 Reference value :  3.94449e-08
 Reference value :  3.95049e-08
 Reference value :  3.95649e-08
 Reference value :  3.96173e-08
 Reference value :  3.96299e-08
 Reference value :  3.96307e-08
 Reference value :  3.96317e-08
 Reference value :  3.96395e-08
 Reference value :  3.96864e-08
 Reference value :  3.97464e-08
 Reference value :  3.98064e-08
 Reference value :  3.98664e-08
 Reference value :  3.99264e-08
 Reference value :  3.99864e-08
 Reference value :  4.00464e-08
 Reference value :  4.01264e-08
 Reference value :  4.01864e-08
 Reference value :  4.02464e-08
 Reference value :  4.03064e-08
 Reference value :  4.03664e-08
 Reference value :  4.04264e-08
 Reference value :  4.05064e-08
 Reference value :  4.05864e-08
 Reference value :  4.06464e-08
 Reference value :  4.07236e-08
 Reference value :  4.07408e-08
 Reference value :  4.07415e-08
 Reference value :  4.07439e-08
 Reference value :  4.07473e-08
 Reference value :  4.07517e-08
 Reference value :  4.07585e-08
 Reference value :  4.07658e-08
 Reference value :  4.07690e-08
 Reference value :  4.07797e-08
 Reference value :  4.07925e-08
 Reference value :  4.08028e-08
 Reference value :  4.08109e-08
 Reference value :  4.08207e-08
 Reference value :  4.08208e-08
 Reference value :  4.08217e-08
 Reference value :  4.08242e-08
 Reference value :  4.08276e-08
 Reference value :  4.08320e-08
 Reference value :  4.08385e-08
 Reference value :  4.08495e-08
 Reference value :  4.08631e-08
 Reference value :  4.08799e-08
 Reference value :  4.09013e-08
 Reference value :  4.09288e-08
 Reference value :  4.09641e-08
 Reference value :  4.10241e-08
 Reference value :  4.10641e-08
 Reference value :  4.11441e-08
 Reference value :  4.12241e-08
 Reference value :  4.13041e-08
 Reference value :  4.13641e-08
 Reference value :  4.14441e-08
 Reference value :  4.15241e-08
 Reference value :  4.16041e-08
 Reference value :  4.16641e-08
 Reference value :  4.17241e-08
 Reference value :  4.17841e-08
 Reference value :  4.18380e-08
 Reference value :  4.18522e-08
 Reference value :  4.18529e-08
 Reference value :  4.18539e-08
 Reference value :  4.18617e-08
 Reference value :  4.19086e-08
 Reference value :  4.19686e-08
 Reference value :  4.20286e-08
 Reference value :  4.20886e-08
 Reference value :  4.21486e-08
 Reference value :  4.22086e-08
 Reference value :  4.22686e-08
 Reference value :  4.23486e-08
 Reference value :  4.24086e-08
 Reference value :  4.24886e-08
 Reference value :  4.25486e-08
 Reference value :  4.26086e-08
 Reference value :  4.26686e-08
 Reference value :  4.27486e-08
 Reference value :  4.28086e-08
 Reference value :  4.28886e-08
 Reference value :  4.29686e-08
 Reference value :  4.30286e-08
 Reference value :  4.30886e-08
 Reference value :  4.31486e-08
 Reference value :  4.32086e-08
 Reference value :  4.32686e-08
 Reference value :  4.33210e-08
 Reference value :  4.33336e-08
 Reference value :  4.33344e-08
 Reference value :  4.33354e-08
 Reference value :  4.33432e-08
 Reference value :  4.33901e-08
 Reference value :  4.34501e-08
 Reference value :  4.35101e-08
 Reference value :  4.35701e-08
 Reference value :  4.36301e-08
 Reference value :  4.36901e-08
 Reference value :  4.37701e-08
 Reference value :  4.38301e-08
 Reference value :  4.38901e-08
 Reference value :  4.39501e-08
 Reference value :  4.40101e-08
 Reference value :  4.40701e-08
 Reference value :  4.41301e-08
 Reference value :  4.41901e-08
 Reference value :  4.42501e-08
 Reference value :  4.43101e-08
 Reference value :  4.43701e-08
 Reference value :  4.44273e-08
 Reference value :  4.44445e-08
 Reference value :  4.44452e-08
 Reference value :  4.44476e-08
 Reference value :  4.44510e-08
 Reference value :  4.44554e-08
 Reference value :  4.44622e-08
 Reference value :  4.44695e-08
 Reference value :  4.44727e-08
 Reference value :  4.44798e-08
 Reference value :  4.44834e-08
 Reference value :  4.44914e-08
 Reference value :  4.45016e-08
 Reference value :  4.45065e-08
 Reference value :  4.45107e-08
 Reference value :  4.45146e-08
 Reference value :  4.45217e-08
 Reference value :  4.45245e-08
 Reference value :  4.45249e-08
 Reference value :  4.45264e-08
 Reference value :  4.45279e-08
 Reference value :  4.45313e-08
 Reference value :  4.45357e-08
 Reference value :  4.45422e-08
 Reference value :  4.45532e-08
 Reference value :  4.45668e-08
 Reference value :  4.45836e-08
 Reference value :  4.46050e-08
 Reference value :  4.46325e-08
 Reference value :  4.46678e-08
 Reference value :  4.47278e-08
 Reference value :  4.47678e-08
 Reference value :  4.48078e-08
 Reference value :  4.48678e-08
 Reference value :  4.49278e-08
 Reference value :  4.49878e-08
 Reference value :  4.50478e-08
 Reference value :  4.51078e-08
 Reference value :  4.51678e-08
 Reference value :  4.52278e-08
 Reference value :  4.52878e-08
 Reference value :  4.53478e-08
 Reference value :  4.54078e-08
 Reference value :  4.54678e-08
 Reference value :  4.55278e-08
 Reference value :  4.55557e-08
 Reference value :  4.55566e-08
 Reference value :  4.55570e-08
 Reference value :  4.55610e-08
 Reference value :  4.55923e-08
 Reference value :  4.56523e-08
 Reference value :  4.57123e-08
 Reference value :  4.57923e-08
 Reference value :  4.58523e-08
 Reference value :  4.59323e-08
 Reference value :  4.59923e-08
 Reference value :  4.60523e-08
 Reference value :  4.61123e-08
 Reference value :  4.61723e-08
 Reference value :  4.62323e-08
 Reference value :  4.62923e-08
 Reference value :  4.63523e-08
 Reference value :  4.64123e-08
 Reference value :  4.64723e-08
 Reference value :  4.65323e-08
 Reference value :  4.65923e-08
 Reference value :  4.66523e-08
 Reference value :  4.67123e-08
 Reference value :  4.67723e-08
 Reference value :  4.68323e-08
 Reference value :  4.68923e-08
 Reference value :  4.69523e-08
 Reference value :  4.70123e-08
 Reference value :  4.70371e-08
 Reference value :  4.70380e-08
 Reference value :  4.70385e-08
 Reference value :  4.70424e-08
 Reference value :  4.70738e-08
 Reference value :  4.71338e-08
 Reference value :  4.71938e-08
 Reference value :  4.72538e-08
 Reference value :  4.73138e-08
 Reference value :  4.73738e-08
 Reference value :  4.74338e-08
 Reference value :  4.74938e-08
 Reference value :  4.75538e-08
 Reference value :  4.76138e-08
 Reference value :  4.76738e-08
 Reference value :  4.77338e-08
 Reference value :  4.77938e-08
 Reference value :  4.78538e-08
 Reference value :  4.79138e-08
 Reference value :  4.79738e-08
 Reference value :  4.80338e-08
 Reference value :  4.80938e-08
 Reference value :  4.81481e-08
 Reference value :  4.81482e-08
 Reference value :  4.81489e-08
 Reference value :  4.81513e-08
 Reference value :  4.81547e-08
 Reference value :  4.81591e-08
 Reference value :  4.81659e-08
 Reference value :  4.81732e-08
 Reference value :  4.81764e-08
 Reference value :  4.81835e-08
 Reference value :  4.81871e-08
 Reference value :  4.81951e-08
 Reference value :  4.82053e-08
 Reference value :  4.82102e-08
 Reference value :  4.82144e-08
 Reference value :  4.82183e-08
 Reference value :  4.82254e-08
 Reference value :  4.82282e-08
 Reference value :  4.82286e-08
 Reference value :  4.82301e-08
 Reference value :  4.82316e-08
 Reference value :  4.82350e-08
 Reference value :  4.82394e-08
 Reference value :  4.82459e-08
 Reference value :  4.82569e-08
 Reference value :  4.82705e-08
 Reference value :  4.82873e-08
 Reference value :  4.83087e-08
 Reference value :  4.83362e-08
 Reference value :  4.83715e-08
 Reference value :  4.84115e-08
 Reference value :  4.84515e-08
 Reference value :  4.85115e-08
 Reference value :  4.85715e-08
 Reference value :  4.86315e-08
 Reference value :  4.86915e-08
 Reference value :  4.87515e-08
 Reference value :  4.88115e-08
 Reference value :  4.88715e-08
 Reference value :  4.89315e-08
 Reference value :  4.89915e-08
 Reference value :  4.90715e-08
 Reference value :  4.91315e-08
 Reference value :  4.92115e-08
 Reference value :  4.92593e-08
 Reference value :  4.92599e-08
 Reference value :  4.92605e-08
 Reference value :  4.92624e-08
 Reference value :  4.92781e-08
 Reference value :  4.93360e-08
 Reference value :  4.93960e-08
 Reference value :  4.94560e-08
 Reference value :  4.95160e-08
 Reference value :  4.95760e-08
 Reference value :  4.96360e-08
 Reference value :  4.96960e-08
 Reference value :  4.97560e-08
 Reference value :  4.98160e-08
 Reference value :  4.98760e-08
 Reference value :  4.99360e-08
 Reference value :  4.99960e-08
 Reference value :  5.00560e-08
 Reference value :  5.01160e-08
 Reference value :  5.01960e-08
 Reference value :  5.02760e-08
 Reference value :  5.03560e-08
 Reference value :  5.04160e-08
 Reference value :  5.04760e-08
 Reference value :  5.05560e-08
 Reference value :  5.06160e-08
 Reference value :  5.06760e-08
 Reference value :  5.07284e-08
 Reference value :  5.07410e-08
 Reference value :  5.07418e-08
 Reference value :  5.07428e-08
 Reference value :  5.07506e-08
 Reference value :  5.07975e-08
 Reference value :  5.08575e-08
 Reference value :  5.09175e-08
 Reference value :  5.09775e-08
 Reference value :  5.10375e-08
 Reference value :  5.10975e-08
 Reference value :  5.11575e-08
 Reference value :  5.12175e-08
 Reference value :  5.12775e-08
 Reference value :  5.13375e-08
 Reference value :  5.13975e-08
 Reference value :  5.14575e-08
 Reference value :  5.15175e-08
 Reference value :  5.15775e-08
 Reference value :  5.16375e-08
 Reference value :  5.16975e-08
 Reference value :  5.17575e-08
 Reference value :  5.18175e-08
 Reference value :  5.18519e-08
 Reference value :  5.18526e-08
 Reference value :  5.18550e-08
 Reference value :  5.18584e-08
 Reference value :  5.18628e-08
 Reference value :  5.18696e-08
 Reference value :  5.18769e-08
 Reference value :  5.18801e-08
 Reference value :  5.18872e-08
 Reference value :  5.18908e-08
 Reference value :  5.18988e-08
 Reference value :  5.19090e-08
 Reference value :  5.19139e-08
 Reference value :  5.19181e-08
 Reference value :  5.19220e-08
 Reference value :  5.19319e-08
 Reference value :  5.19319e-08
 Reference value :  5.19323e-08
 Reference value :  5.19338e-08
 Reference value :  5.19353e-08
 Reference value :  5.19387e-08
 Reference value :  5.19459e-08
 Reference value :  5.19606e-08
 Reference value :  5.19742e-08
 Reference value :  5.19910e-08
 Reference value :  5.20124e-08
 Reference value :  5.20399e-08
 Reference value :  5.20752e-08
 Reference value :  5.21152e-08
 Reference value :  5.21752e-08
 Reference value :  5.22352e-08
 Reference value :  5.22952e-08
 Reference value :  5.23552e-08
 Reference value :  5.24152e-08
 Reference value :  5.24752e-08
 Reference value :  5.25352e-08
 Reference value :  5.25952e-08
 Reference value :  5.26552e-08
 Reference value :  5.27152e-08
 Reference value :  5.27752e-08
 Reference value :  5.28352e-08
 Reference value :  5.28952e-08
 Reference value :  5.29491e-08
 Reference value :  5.29633e-08
 Reference value :  5.29640e-08
 Reference value :  5.29661e-08
 Reference value :  5.29818e-08
 Reference value :  5.30397e-08
 Reference value :  5.30997e-08
 Reference value :  5.31597e-08
 Reference value :  5.32197e-08
 Reference value :  5.32797e-08
 Reference value :  5.33397e-08
 Reference value :  5.33997e-08
 Reference value :  5.34597e-08
 Reference value :  5.35397e-08
 Reference value :  5.35997e-08
 Reference value :  5.36597e-08
 Reference value :  5.37197e-08
 Reference value :  5.37797e-08
 Reference value :  5.38397e-08
 Reference value :  5.38997e-08
 Reference value :  5.39597e-08
 Reference value :  5.40197e-08
 Reference value :  5.40797e-08
 Reference value :  5.41397e-08
 Reference value :  5.41997e-08
 Reference value :  5.42597e-08
 Reference value :  5.43197e-08
 Reference value :  5.43797e-08
 Reference value :  5.44321e-08
 Reference value :  5.44447e-08
 Reference value :  5.44455e-08
 Reference value :  5.44465e-08
 Reference value :  5.44543e-08
 Reference value :  5.45012e-08
 Reference value :  5.45612e-08
 Reference value :  5.46212e-08
 Reference value :  5.46812e-08
 Reference value :  5.47412e-08
 Reference value :  5.48012e-08
 Reference value :  5.48612e-08
 Reference value :  5.49212e-08
 Reference value :  5.49812e-08
 Reference value :  5.50412e-08
 Reference value :  5.51012e-08
 Reference value :  5.51612e-08
 Reference value :  5.52212e-08
 Reference value :  5.52812e-08
 Reference value :  5.53412e-08
 Reference value :  5.54012e-08
 Reference value :  5.54612e-08
 Reference value :  5.55212e-08
 Reference value :  5.55556e-08
 Reference value :  5.55572e-08
 Reference value :  5.55587e-08
 Reference value :  5.55621e-08
 Reference value :  5.55665e-08
 Reference value :  5.55733e-08
 Reference value :  5.55806e-08
 Reference value :  5.55838e-08
 Reference value :  5.55909e-08
 Reference value :  5.55945e-08
 Reference value :  5.56025e-08
 Reference value :  5.56127e-08
 Reference value :  5.56176e-08
 Reference value :  5.56218e-08
 Reference value :  5.56257e-08
 Reference value :  5.56328e-08
 Reference value :  5.56356e-08
 Reference value :  5.56360e-08
 Reference value :  5.56375e-08
 Reference value :  5.56390e-08
 Reference value :  5.56424e-08
 Reference value :  5.56468e-08
 Reference value :  5.56533e-08
 Reference value :  5.56643e-08
 Reference value :  5.56779e-08
 Reference value :  5.56947e-08
 Reference value :  5.57161e-08
 Reference value :  5.57436e-08
 Reference value :  5.57789e-08
 Reference value :  5.58189e-08
 Reference value :  5.58589e-08
 Reference value :  5.59189e-08
 Reference value :  5.59789e-08
 Reference value :  5.60389e-08
 Reference value :  5.60989e-08
 Reference value :  5.61589e-08
 Reference value :  5.62189e-08
 Reference value :  5.62789e-08
 Reference value :  5.63389e-08
 Reference value :  5.63989e-08
 Reference value :  5.64589e-08
 Reference value :  5.65189e-08
 Reference value :  5.65789e-08
 Reference value :  5.66389e-08
 Reference value :  5.66668e-08
 Reference value :  5.66677e-08
 Reference value :  5.66682e-08
 Reference value :  5.66721e-08
 Reference value :  5.67034e-08
 Reference value :  5.67834e-08
 Reference value :  5.68434e-08
 Reference value :  5.69034e-08
 Reference value :  5.69634e-08
 Reference value :  5.70234e-08
 Reference value :  5.70834e-08
 Reference value :  5.71434e-08
 Reference value :  5.72034e-08
 Reference value :  5.72634e-08
 Reference value :  5.73234e-08
 Reference value :  5.73834e-08
 Reference value :  5.74434e-08
 Reference value :  5.75034e-08
 Reference value :  5.75834e-08
 Reference value :  5.76434e-08
 Reference value :  5.77034e-08
 Reference value :  5.77634e-08
 Reference value :  5.78234e-08
 Reference value :  5.78834e-08
 Reference value :  5.79434e-08
 Reference value :  5.80034e-08
 Reference value :  5.80634e-08
 Reference value :  5.81234e-08
 Reference value :  5.81482e-08
 Reference value :  5.81492e-08
 Reference value :  5.81502e-08
 Reference value :  5.81580e-08
 Reference value :  5.82049e-08
 Reference value :  5.82649e-08
 Reference value :  5.83249e-08
 Reference value :  5.83849e-08
 Reference value :  5.84449e-08
 Reference value :  5.85017e-08
 Reference value :  5.85188e-08
 Reference value :  5.85196e-08
 Reference value :  5.85206e-08
 Reference value :  5.85284e-08
 Reference value :  5.85753e-08
 Reference value :  5.86353e-08
 Reference value :  5.86953e-08
 Reference value :  5.87553e-08
 Reference value :  5.88153e-08
 Reference value :  5.88953e-08
 Reference value :  5.89553e-08
 Reference value :  5.90353e-08
 Reference value :  5.90953e-08
 Reference value :  5.91553e-08
 Reference value :  5.91793e-08
 Reference value :  5.91805e-08
 Reference value :  5.91850e-08
 Reference value :  5.91891e-08
 Reference value :  5.91992e-08
 Reference value :  5.92104e-08
 Reference value :  5.92216e-08
 Reference value :  5.92358e-08
 Reference value :  5.92451e-08
 Reference value :  5.92533e-08
 Reference value :  5.92593e-08
 Reference value :  5.92593e-08
 Reference value :  5.92602e-08
 Reference value :  5.92627e-08
 Reference value :  5.92681e-08
 Reference value :  5.92770e-08
 Reference value :  5.92943e-08
 Reference value :  5.93184e-08
 Reference value :  5.93525e-08
 Reference value :  5.93837e-08
 Reference value :  5.94226e-08
 Reference value :  5.94626e-08
 Reference value :  5.95026e-08
 Reference value :  5.95426e-08
 Reference value :  5.96026e-08
 Reference value :  5.96626e-08
 Reference value :  5.97426e-08
 Reference value :  5.98026e-08
 Reference value :  5.98626e-08
 Reference value :  5.99226e-08
 Reference value :  5.99826e-08
 Reference value :  6.00426e-08
 Reference value :  6.01026e-08
 Reference value :  6.01626e-08
 Reference value :  6.02226e-08
 Reference value :  6.02826e-08
 Reference value :  6.03426e-08
 Reference value :  6.04026e-08
 Reference value :  6.04626e-08
 Reference value :  6.05226e-08
 Reference value :  6.05826e-08
 Reference value :  6.06426e-08
 Reference value :  6.07026e-08
 Reference value :  6.07626e-08
 Reference value :  6.08226e-08
 Reference value :  6.08826e-08
 Reference value :  6.09426e-08
 Reference value :  6.10000e-08
No. of Data Rows : 3562
m_ui_ref            =  3.70370e-09 targ=  3.70770e-08 trig=  3.33733e-08
m_spa_in            =  1.48148e-08 targ=  4.81881e-08 trig=  3.33733e-08
m_spb_in            =  1.11111e-08 targ=  4.44844e-08 trig=  3.33733e-08
m_spa_c0            =  1.48148e-08 targ=  4.81944e-08 trig=  3.33796e-08
m_spb_c0            =  1.11111e-08 targ=  4.44907e-08 trig=  3.33796e-08
m_trise_c0          =  4.40040e-11 targ=  3.71026e-08 trig=  3.70586e-08
m_tfall_c0          =  4.39001e-11 targ=  4.08062e-08 trig=  4.07623e-08
m_spa_c1            =  1.48148e-08 targ=  4.82268e-08 trig=  3.34119e-08
m_spb_c1            =  1.11111e-08 targ=  4.45231e-08 trig=  3.34119e-08
m_trise_c1          =  1.11082e-10 targ=  3.71896e-08 trig=  3.70785e-08
m_tfall_c1          =  1.11176e-10 targ=  4.08933e-08 trig=  4.07821e-08
m_spa_c2            =  1.48148e-08 targ=  4.82565e-08 trig=  3.34417e-08
m_spb_c2            =  1.11111e-08 targ=  4.45528e-08 trig=  3.34417e-08
m_trise_c2          =  2.14121e-10 targ=  3.73019e-08 trig=  3.70878e-08
m_tfall_c2          =  2.13724e-10 targ=  4.10052e-08 trig=  4.07915e-08
m_spa_cmis          =  1.48148e-08 targ=  4.82366e-08 trig=  3.34218e-08
m_spb_cmis          =  1.11128e-08 targ=  4.45347e-08 trig=  3.34218e-08
m_dj_ui_c0 = 2.6999997835e-06
m_swing_c0 = 5.1112302909e-01
m_vpp_c0 = 6.4416546703e-01
m_vcm_c0 = 3.0444376039e+00
m_dj_ui_c1 = 0.0000000000e+00
m_swing_c1 = 5.1113275640e-01
m_vpp_c1 = 5.1746381702e-01
m_vcm_c1 = 3.0444327418e+00
m_dj_ui_c2 = 0.0000000000e+00
m_swing_c2 = 5.1110415315e-01
m_vpp_c2 = 5.1418181072e-01
m_vcm_c2 = 3.0444470408e+00
m_dj_ui_cmis = 4.6439996285e-04
m_swing_cmis = 5.1110274656e-01
m_swing_avcclo = 5.1074159436e-01
m_vcm_avcclo = 2.7146281213e+00
m_swing_avcchi = 5.1148619452e-01
m_vcm_avcchi = 3.3742561463e+00
m_vgs_sw_max = 1.4082632314e+00
m_vgd_sw_max = 1.8149992393e+00
m_vds_sw_max = 2.3009613667e+00
m_vgs_tail_max = 9.9735522236e-01
m_vds_tail_max = 1.4891025626e+00
m_swing_dc = 5.1080380122e-01
m_vcm_dc = 3.0445972154e+00
m_ioff_dc = 1.7679843465e-08
m_itail_dc = 1.0216111384e-02
m_icell_dc = 1.0716111385e-02
m_ro_leg = 4.5301107015e+04
Note: Simulation executed from .control section 

