
Note: No compatibility mode selected!


Circuit: * cml-driver-eye @ fs_-40c_3.63v_270mbps -- generated by sim/harness, do not edit

Doing analysis at TEMP = -40.000000 and TNOM = 27.000000

Using SPARSE 1.3 as Direct Linear Solver

Initial Transient Solution
--------------------------

Node                                   Voltage
----                                   -------
avcc                                       3.3
avcclo                                    2.97
avcchi                                    3.63
inp                                     3.0855
inn                                     1.9965
inpz                                    3.0855
innz                                    1.9965
inref                                    1.089
win                                          0
winc                                         0
xc0.tail                               1.69619
ib_c0                                   1.0416
outp_c0                                 2.7856
outn_c0                                    3.3
vd_c0                                 0.514401
xc1.tail                               1.69619
ib_c1                                   1.0416
outp_c1                                 2.7856
outn_c1                                    3.3
vd_c1                                 0.514401
xc2.tail                               1.69619
ib_c2                                   1.0416
outp_c2                                 2.7856
outn_c2                                    3.3
vd_c2                                 0.514401
xcmis.tail                             1.69619
ib_cmis                                 1.0416
outp_cmis                               2.7856
outn_cmis                                  3.3
vd_cmis                               0.514401
xvlo.tail                              1.67549
ib_vlo                                  1.0416
outp_vlo                                 2.456
outn_vlo                                  2.97
xvhi.tail                              1.71449
ib_vhi                                  1.0416
outp_vhi                               3.11524
outn_vhi                                  3.63
xz.tail                                1.69619
ib_z                                    1.0416
vss_z                                        0
outp_z                                  2.7856
outn_z                                     3.3
xza.tail                               1.68504
ib_za                                   1.0416
outp_za                                    2.6
outn_za                                    3.3
xzb.tail                               1.70824
ib_zb                                   1.0416
outp_zb                                      3
outn_zb                                    3.3
ediff_cmis#branch                            0
ediff_c2#branch                              0
ediff_c1#branch                              0
ediff_c0#branch                              0
einref#branch                                0
vforce_zb#branch                    -0.0102927
vforce_za#branch                    -0.0102837
vsens_z#branch                        0.010788
vwinc#branch                                 0
vwin#branch                                  0
vinnz#branch                                 0
vinpz#branch                                 0
vinn#branch                                  0
vinp#branch                                  0
vavcchi#branch                      -0.0102951
vavcclo#branch                        -0.01028
vavcc#branch                        -0.0514401

 Reference value :  0.00000e+00
 Reference value :  8.00000e-13
 Reference value :  6.40000e-12
 Reference value :  4.56000e-11
 Reference value :  1.25600e-10
 Reference value :  1.85600e-10
 Reference value :  2.45600e-10
 Reference value :  3.05600e-10
 Reference value :  3.65600e-10
 Reference value :  4.25600e-10
 Reference value :  4.85600e-10
 Reference value :  5.45600e-10
 Reference value :  6.05600e-10
 Reference value :  6.65600e-10
 Reference value :  7.25600e-10
 Reference value :  7.85600e-10
 Reference value :  8.45600e-10
 Reference value :  9.05600e-10
 Reference value :  9.65600e-10
 Reference value :  1.02560e-09
 Reference value :  1.10560e-09
 Reference value :  1.16560e-09
 Reference value :  1.22560e-09
 Reference value :  1.28560e-09
 Reference value :  1.34560e-09
 Reference value :  1.40560e-09
 Reference value :  1.46560e-09
 Reference value :  1.52560e-09
 Reference value :  1.60560e-09
 Reference value :  1.66560e-09
 Reference value :  1.72560e-09
 Reference value :  1.78560e-09
 Reference value :  1.84560e-09
 Reference value :  1.90560e-09
 Reference value :  1.96560e-09
 Reference value :  2.02560e-09
 Reference value :  2.08560e-09
 Reference value :  2.16560e-09
 Reference value :  2.22560e-09
 Reference value :  2.28560e-09
 Reference value :  2.34560e-09
 Reference value :  2.40560e-09
 Reference value :  2.46560e-09
 Reference value :  2.52560e-09
 Reference value :  2.58560e-09
 Reference value :  2.64560e-09
 Reference value :  2.70560e-09
 Reference value :  2.76560e-09
 Reference value :  2.82560e-09
 Reference value :  2.88560e-09
 Reference value :  2.94560e-09
 Reference value :  3.00560e-09
 Reference value :  3.06560e-09
 Reference value :  3.12560e-09
 Reference value :  3.18560e-09
 Reference value :  3.24560e-09
 Reference value :  3.32560e-09
 Reference value :  3.38560e-09
 Reference value :  3.44560e-09
 Reference value :  3.50560e-09
 Reference value :  3.56560e-09
 Reference value :  3.62560e-09
 Reference value :  3.68560e-09
 Reference value :  3.74560e-09
 Reference value :  3.80560e-09
 Reference value :  3.86560e-09
 Reference value :  3.92560e-09
 Reference value :  3.98560e-09
 Reference value :  4.04560e-09
 Reference value :  4.10560e-09
 Reference value :  4.16560e-09
 Reference value :  4.22560e-09
 Reference value :  4.30560e-09
 Reference value :  4.36560e-09
 Reference value :  4.42560e-09
 Reference value :  4.48560e-09
 Reference value :  4.54560e-09
 Reference value :  4.60560e-09
 Reference value :  4.66560e-09
 Reference value :  4.74560e-09
 Reference value :  4.80560e-09
 Reference value :  4.86560e-09
 Reference value :  4.92560e-09
 Reference value :  4.98560e-09
 Reference value :  5.04560e-09
 Reference value :  5.10560e-09
 Reference value :  5.18560e-09
 Reference value :  5.24560e-09
 Reference value :  5.32560e-09
 Reference value :  5.38560e-09
 Reference value :  5.44560e-09
 Reference value :  5.50560e-09
 Reference value :  5.56560e-09
 Reference value :  5.62560e-09
 Reference value :  5.68560e-09
 Reference value :  5.74560e-09
 Reference value :  5.80560e-09
 Reference value :  5.86560e-09
 Reference value :  5.92560e-09
 Reference value :  5.98560e-09
 Reference value :  6.06560e-09
 Reference value :  6.12560e-09
 Reference value :  6.18560e-09
 Reference value :  6.24560e-09
 Reference value :  6.30560e-09
 Reference value :  6.36560e-09
 Reference value :  6.42560e-09
 Reference value :  6.48560e-09
 Reference value :  6.54560e-09
 Reference value :  6.60560e-09
 Reference value :  6.66560e-09
 Reference value :  6.72560e-09
 Reference value :  6.78560e-09
 Reference value :  6.84560e-09
 Reference value :  6.90560e-09
 Reference value :  6.96560e-09
 Reference value :  7.02560e-09
 Reference value :  7.08560e-09
 Reference value :  7.14560e-09
 Reference value :  7.20560e-09
 Reference value :  7.26560e-09
 Reference value :  7.32560e-09
 Reference value :  7.38560e-09
 Reference value :  7.44560e-09
 Reference value :  7.50560e-09
 Reference value :  7.56560e-09
 Reference value :  7.62560e-09
 Reference value :  7.68560e-09
 Reference value :  7.74560e-09
 Reference value :  7.80560e-09
 Reference value :  7.86560e-09
 Reference value :  7.92560e-09
 Reference value :  7.98560e-09
 Reference value :  8.04560e-09
 Reference value :  8.10560e-09
 Reference value :  8.16560e-09
 Reference value :  8.22560e-09
 Reference value :  8.28560e-09
 Reference value :  8.34560e-09
 Reference value :  8.40560e-09
 Reference value :  8.46560e-09
 Reference value :  8.52560e-09
 Reference value :  8.58560e-09
 Reference value :  8.64560e-09
 Reference value :  8.72560e-09
 Reference value :  8.78560e-09
 Reference value :  8.86560e-09
 Reference value :  8.92560e-09
 Reference value :  8.98560e-09
 Reference value :  9.04560e-09
 Reference value :  9.10560e-09
 Reference value :  9.16560e-09
 Reference value :  9.22560e-09
 Reference value :  9.28560e-09
 Reference value :  9.34560e-09
 Reference value :  9.40560e-09
 Reference value :  9.46560e-09
 Reference value :  9.52560e-09
 Reference value :  9.58560e-09
 Reference value :  9.64560e-09
 Reference value :  9.70560e-09
 Reference value :  9.76560e-09
 Reference value :  9.82560e-09
 Reference value :  9.88560e-09
 Reference value :  9.94560e-09
 Reference value :  1.00056e-08
 Reference value :  1.00656e-08
 Reference value :  1.01256e-08
 Reference value :  1.01856e-08
 Reference value :  1.02456e-08
 Reference value :  1.03056e-08
 Reference value :  1.03656e-08
 Reference value :  1.04256e-08
 Reference value :  1.05056e-08
 Reference value :  1.05656e-08
 Reference value :  1.06256e-08
 Reference value :  1.06856e-08
 Reference value :  1.07456e-08
 Reference value :  1.08056e-08
 Reference value :  1.08656e-08
 Reference value :  1.09256e-08
 Reference value :  1.09856e-08
 Reference value :  1.10456e-08
 Reference value :  1.11056e-08
 Reference value :  1.11656e-08
 Reference value :  1.12256e-08
 Reference value :  1.12856e-08
 Reference value :  1.13456e-08
 Reference value :  1.14056e-08
 Reference value :  1.14656e-08
 Reference value :  1.15256e-08
 Reference value :  1.15856e-08
 Reference value :  1.16456e-08
 Reference value :  1.17056e-08
 Reference value :  1.17656e-08
 Reference value :  1.18256e-08
 Reference value :  1.18856e-08
 Reference value :  1.19456e-08
 Reference value :  1.20056e-08
 Reference value :  1.20656e-08
 Reference value :  1.21256e-08
 Reference value :  1.21856e-08
 Reference value :  1.22456e-08
 Reference value :  1.23056e-08
 Reference value :  1.23656e-08
 Reference value :  1.24256e-08
 Reference value :  1.24856e-08
 Reference value :  1.25656e-08
 Reference value :  1.26256e-08
 Reference value :  1.26856e-08
 Reference value :  1.27456e-08
 Reference value :  1.28056e-08
 Reference value :  1.28656e-08
 Reference value :  1.29256e-08
 Reference value :  1.29856e-08
 Reference value :  1.30456e-08
 Reference value :  1.31056e-08
 Reference value :  1.31656e-08
 Reference value :  1.32256e-08
 Reference value :  1.33056e-08
 Reference value :  1.33656e-08
 Reference value :  1.34256e-08
 Reference value :  1.35056e-08
 Reference value :  1.35856e-08
 Reference value :  1.36456e-08
 Reference value :  1.37056e-08
 Reference value :  1.37656e-08
 Reference value :  1.38256e-08
 Reference value :  1.38856e-08
 Reference value :  1.39456e-08
 Reference value :  1.40056e-08
 Reference value :  1.40656e-08
 Reference value :  1.41456e-08
 Reference value :  1.42056e-08
 Reference value :  1.42656e-08
 Reference value :  1.43256e-08
 Reference value :  1.43856e-08
 Reference value :  1.44656e-08
 Reference value :  1.45256e-08
 Reference value :  1.45856e-08
 Reference value :  1.46456e-08
 Reference value :  1.47056e-08
 Reference value :  1.47656e-08
 Reference value :  1.48256e-08
 Reference value :  1.48856e-08
 Reference value :  1.49656e-08
 Reference value :  1.50256e-08
 Reference value :  1.50856e-08
 Reference value :  1.51456e-08
 Reference value :  1.52056e-08
 Reference value :  1.52656e-08
 Reference value :  1.53256e-08
 Reference value :  1.53856e-08
 Reference value :  1.54456e-08
 Reference value :  1.55256e-08
 Reference value :  1.56056e-08
 Reference value :  1.56656e-08
 Reference value :  1.57256e-08
 Reference value :  1.58056e-08
 Reference value :  1.58656e-08
 Reference value :  1.59456e-08
 Reference value :  1.60056e-08
 Reference value :  1.60656e-08
 Reference value :  1.61256e-08
 Reference value :  1.61856e-08
 Reference value :  1.62456e-08
 Reference value :  1.63056e-08
 Reference value :  1.63656e-08
 Reference value :  1.64256e-08
 Reference value :  1.64856e-08
 Reference value :  1.65456e-08
 Reference value :  1.66056e-08
 Reference value :  1.66656e-08
 Reference value :  1.67256e-08
 Reference value :  1.67856e-08
 Reference value :  1.68456e-08
 Reference value :  1.69056e-08
 Reference value :  1.69656e-08
 Reference value :  1.70256e-08
 Reference value :  1.70856e-08
 Reference value :  1.71456e-08
 Reference value :  1.72056e-08
 Reference value :  1.72656e-08
 Reference value :  1.73456e-08
 Reference value :  1.74056e-08
 Reference value :  1.74656e-08
 Reference value :  1.75256e-08
 Reference value :  1.75856e-08
 Reference value :  1.76456e-08
 Reference value :  1.77056e-08
 Reference value :  1.77656e-08
 Reference value :  1.78256e-08
 Reference value :  1.79056e-08
 Reference value :  1.79656e-08
 Reference value :  1.80256e-08
 Reference value :  1.80856e-08
 Reference value :  1.81456e-08
 Reference value :  1.82056e-08
 Reference value :  1.82656e-08
 Reference value :  1.83256e-08
 Reference value :  1.83856e-08
 Reference value :  1.84456e-08
 Reference value :  1.85056e-08
 Reference value :  1.85656e-08
 Reference value :  1.86256e-08
 Reference value :  1.86856e-08
 Reference value :  1.87656e-08
 Reference value :  1.88256e-08
 Reference value :  1.89056e-08
 Reference value :  1.89656e-08
 Reference value :  1.90256e-08
 Reference value :  1.90856e-08
 Reference value :  1.91456e-08
 Reference value :  1.92056e-08
 Reference value :  1.92856e-08
 Reference value :  1.93456e-08
 Reference value :  1.94056e-08
 Reference value :  1.94656e-08
 Reference value :  1.95256e-08
 Reference value :  1.95856e-08
 Reference value :  1.96456e-08
 Reference value :  1.97056e-08
 Reference value :  1.97656e-08
 Reference value :  1.98256e-08
 Reference value :  1.98856e-08
 Reference value :  1.99456e-08
 Reference value :  2.00056e-08
 Reference value :  2.00656e-08
 Reference value :  2.01256e-08
 Reference value :  2.01856e-08
 Reference value :  2.02456e-08
 Reference value :  2.03056e-08
 Reference value :  2.03656e-08
 Reference value :  2.04256e-08
 Reference value :  2.04856e-08
 Reference value :  2.05456e-08
 Reference value :  2.06256e-08
 Reference value :  2.06856e-08
 Reference value :  2.07456e-08
 Reference value :  2.08056e-08
 Reference value :  2.08656e-08
 Reference value :  2.09256e-08
 Reference value :  2.09856e-08
 Reference value :  2.10456e-08
 Reference value :  2.11056e-08
 Reference value :  2.11656e-08
 Reference value :  2.12256e-08
 Reference value :  2.12856e-08
 Reference value :  2.13656e-08
 Reference value :  2.14256e-08
 Reference value :  2.14856e-08
 Reference value :  2.15456e-08
 Reference value :  2.16056e-08
 Reference value :  2.16656e-08
 Reference value :  2.17256e-08
 Reference value :  2.18056e-08
 Reference value :  2.18656e-08
 Reference value :  2.19256e-08
 Reference value :  2.19856e-08
 Reference value :  2.20456e-08
 Reference value :  2.21056e-08
 Reference value :  2.21656e-08
 Reference value :  2.22256e-08
 Reference value :  2.22856e-08
 Reference value :  2.23456e-08
 Reference value :  2.24056e-08
 Reference value :  2.24656e-08
 Reference value :  2.25256e-08
 Reference value :  2.26056e-08
 Reference value :  2.26656e-08
 Reference value :  2.27256e-08
 Reference value :  2.27856e-08
 Reference value :  2.28456e-08
 Reference value :  2.29056e-08
 Reference value :  2.29656e-08
 Reference value :  2.30256e-08
 Reference value :  2.30856e-08
 Reference value :  2.31456e-08
 Reference value :  2.32056e-08
 Reference value :  2.32656e-08
 Reference value :  2.33256e-08
 Reference value :  2.33856e-08
 Reference value :  2.34456e-08
 Reference value :  2.35056e-08
 Reference value :  2.35656e-08
 Reference value :  2.36256e-08
 Reference value :  2.36856e-08
 Reference value :  2.37456e-08
 Reference value :  2.38056e-08
 Reference value :  2.38656e-08
 Reference value :  2.39256e-08
 Reference value :  2.39856e-08
 Reference value :  2.40456e-08
 Reference value :  2.41056e-08
 Reference value :  2.41656e-08
 Reference value :  2.42456e-08
 Reference value :  2.43056e-08
 Reference value :  2.43856e-08
 Reference value :  2.44656e-08
 Reference value :  2.45256e-08
 Reference value :  2.46056e-08
 Reference value :  2.46656e-08
 Reference value :  2.47456e-08
 Reference value :  2.48056e-08
 Reference value :  2.48656e-08
 Reference value :  2.49256e-08
 Reference value :  2.49856e-08
 Reference value :  2.50456e-08
 Reference value :  2.51056e-08
 Reference value :  2.51856e-08
 Reference value :  2.52456e-08
 Reference value :  2.53056e-08
 Reference value :  2.53656e-08
 Reference value :  2.54256e-08
 Reference value :  2.55056e-08
 Reference value :  2.55656e-08
 Reference value :  2.56256e-08
 Reference value :  2.56856e-08
 Reference value :  2.57456e-08
 Reference value :  2.58056e-08
 Reference value :  2.58656e-08
 Reference value :  2.59256e-08
 Reference value :  2.60056e-08
 Reference value :  2.60856e-08
 Reference value :  2.61656e-08
 Reference value :  2.62256e-08
 Reference value :  2.62856e-08
 Reference value :  2.63456e-08
 Reference value :  2.64056e-08
 Reference value :  2.64656e-08
 Reference value :  2.65256e-08
 Reference value :  2.65856e-08
 Reference value :  2.66656e-08
 Reference value :  2.67256e-08
 Reference value :  2.67856e-08
 Reference value :  2.68456e-08
 Reference value :  2.69056e-08
 Reference value :  2.69656e-08
 Reference value :  2.70256e-08
 Reference value :  2.70856e-08
 Reference value :  2.71456e-08
 Reference value :  2.72056e-08
 Reference value :  2.72656e-08
 Reference value :  2.73256e-08
 Reference value :  2.73856e-08
 Reference value :  2.74656e-08
 Reference value :  2.75256e-08
 Reference value :  2.75856e-08
 Reference value :  2.76456e-08
 Reference value :  2.77056e-08
 Reference value :  2.77656e-08
 Reference value :  2.78256e-08
 Reference value :  2.79056e-08
 Reference value :  2.79656e-08
 Reference value :  2.80256e-08
 Reference value :  2.80856e-08
 Reference value :  2.81656e-08
 Reference value :  2.82256e-08
 Reference value :  2.82856e-08
 Reference value :  2.83456e-08
 Reference value :  2.84256e-08
 Reference value :  2.84856e-08
 Reference value :  2.85456e-08
 Reference value :  2.86056e-08
 Reference value :  2.86656e-08
 Reference value :  2.87256e-08
 Reference value :  2.87856e-08
 Reference value :  2.88456e-08
 Reference value :  2.89056e-08
 Reference value :  2.89656e-08
 Reference value :  2.90256e-08
 Reference value :  2.90856e-08
 Reference value :  2.91456e-08
 Reference value :  2.92056e-08
 Reference value :  2.92656e-08
 Reference value :  2.93256e-08
 Reference value :  2.93856e-08
 Reference value :  2.94456e-08
 Reference value :  2.95256e-08
 Reference value :  2.96056e-08
 Reference value :  2.96856e-08
 Reference value :  2.97656e-08
 Reference value :  2.98456e-08
 Reference value :  2.99056e-08
 Reference value :  2.99856e-08
 Reference value :  3.00456e-08
 Reference value :  3.01256e-08
 Reference value :  3.01856e-08
 Reference value :  3.02656e-08
 Reference value :  3.03456e-08
 Reference value :  3.04056e-08
 Reference value :  3.04856e-08
 Reference value :  3.05656e-08
 Reference value :  3.06456e-08
 Reference value :  3.07056e-08
 Reference value :  3.07656e-08
 Reference value :  3.08256e-08
 Reference value :  3.08856e-08
 Reference value :  3.09456e-08
 Reference value :  3.10056e-08
 Reference value :  3.10856e-08
 Reference value :  3.11656e-08
 Reference value :  3.12256e-08
 Reference value :  3.12856e-08
 Reference value :  3.13456e-08
 Reference value :  3.14056e-08
 Reference value :  3.14656e-08
 Reference value :  3.15256e-08
 Reference value :  3.15856e-08
 Reference value :  3.16456e-08
 Reference value :  3.17056e-08
 Reference value :  3.17656e-08
 Reference value :  3.18456e-08
 Reference value :  3.19056e-08
 Reference value :  3.19656e-08
 Reference value :  3.20256e-08
 Reference value :  3.20856e-08
 Reference value :  3.21456e-08
 Reference value :  3.22056e-08
 Reference value :  3.22856e-08
 Reference value :  3.23656e-08
 Reference value :  3.24456e-08
 Reference value :  3.25256e-08
 Reference value :  3.26056e-08
 Reference value :  3.26856e-08
 Reference value :  3.27656e-08
 Reference value :  3.28456e-08
 Reference value :  3.29256e-08
 Reference value :  3.29856e-08
 Reference value :  3.30456e-08
 Reference value :  3.31056e-08
 Reference value :  3.31656e-08
 Reference value :  3.32256e-08
 Reference value :  3.32856e-08
 Reference value :  3.33333e-08
 Reference value :  3.33334e-08
 Reference value :  3.33339e-08
 Reference value :  3.33373e-08
 Reference value :  3.33407e-08
 Reference value :  3.33452e-08
 Reference value :  3.33517e-08
 Reference value :  3.33543e-08
 Reference value :  3.33569e-08
 Reference value :  3.33630e-08
 Reference value :  3.33656e-08
 Reference value :  3.33711e-08
 Reference value :  3.33740e-08
 Reference value :  3.33803e-08
 Reference value :  3.33885e-08
 Reference value :  3.33924e-08
 Reference value :  3.33955e-08
 Reference value :  3.33986e-08
 Reference value :  3.34055e-08
 Reference value :  3.34087e-08
 Reference value :  3.34133e-08
 Reference value :  3.34134e-08
 Reference value :  3.34138e-08
 Reference value :  3.34165e-08
 Reference value :  3.34196e-08
 Reference value :  3.34236e-08
 Reference value :  3.34295e-08
 Reference value :  3.34391e-08
 Reference value :  3.34510e-08
 Reference value :  3.34660e-08
 Reference value :  3.34857e-08
 Reference value :  3.35117e-08
 Reference value :  3.35451e-08
 Reference value :  3.35849e-08
 Reference value :  3.36249e-08
 Reference value :  3.36849e-08
 Reference value :  3.37449e-08
 Reference value :  3.38049e-08
 Reference value :  3.38649e-08
 Reference value :  3.39249e-08
 Reference value :  3.39849e-08
 Reference value :  3.40449e-08
 Reference value :  3.41049e-08
 Reference value :  3.41649e-08
 Reference value :  3.42249e-08
 Reference value :  3.42849e-08
 Reference value :  3.43449e-08
 Reference value :  3.44049e-08
 Reference value :  3.44649e-08
 Reference value :  3.45449e-08
 Reference value :  3.46049e-08
 Reference value :  3.46649e-08
 Reference value :  3.47249e-08
 Reference value :  3.47849e-08
 Reference value :  3.48449e-08
 Reference value :  3.49249e-08
 Reference value :  3.49849e-08
 Reference value :  3.50449e-08
 Reference value :  3.51049e-08
 Reference value :  3.51649e-08
 Reference value :  3.52249e-08
 Reference value :  3.52849e-08
 Reference value :  3.53449e-08
 Reference value :  3.54049e-08
 Reference value :  3.54649e-08
 Reference value :  3.55449e-08
 Reference value :  3.56049e-08
 Reference value :  3.56649e-08
 Reference value :  3.57249e-08
 Reference value :  3.57849e-08
 Reference value :  3.58449e-08
 Reference value :  3.59049e-08
 Reference value :  3.59649e-08
 Reference value :  3.60249e-08
 Reference value :  3.60849e-08
 Reference value :  3.61449e-08
 Reference value :  3.62049e-08
 Reference value :  3.62649e-08
 Reference value :  3.63449e-08
 Reference value :  3.64249e-08
 Reference value :  3.64849e-08
 Reference value :  3.65449e-08
 Reference value :  3.66049e-08
 Reference value :  3.66649e-08
 Reference value :  3.67249e-08
 Reference value :  3.67849e-08
 Reference value :  3.68449e-08
 Reference value :  3.69049e-08
 Reference value :  3.69649e-08
 Reference value :  3.70210e-08
 Reference value :  3.70371e-08
 Reference value :  3.70377e-08
 Reference value :  3.70413e-08
 Reference value :  3.70447e-08
 Reference value :  3.70494e-08
 Reference value :  3.70558e-08
 Reference value :  3.70584e-08
 Reference value :  3.70640e-08
 Reference value :  3.70668e-08
 Reference value :  3.70693e-08
 Reference value :  3.70777e-08
 Reference value :  3.70841e-08
 Reference value :  3.70923e-08
 Reference value :  3.70961e-08
 Reference value :  3.70993e-08
 Reference value :  3.71024e-08
 Reference value :  3.71092e-08
 Reference value :  3.71147e-08
 Reference value :  3.71171e-08
 Reference value :  3.71175e-08
 Reference value :  3.71202e-08
 Reference value :  3.71233e-08
 Reference value :  3.71273e-08
 Reference value :  3.71332e-08
 Reference value :  3.71428e-08
 Reference value :  3.71547e-08
 Reference value :  3.71697e-08
 Reference value :  3.71894e-08
 Reference value :  3.72154e-08
 Reference value :  3.72488e-08
 Reference value :  3.72886e-08
 Reference value :  3.73286e-08
 Reference value :  3.73886e-08
 Reference value :  3.74686e-08
 Reference value :  3.75486e-08
 Reference value :  3.76086e-08
 Reference value :  3.76686e-08
 Reference value :  3.77286e-08
 Reference value :  3.77778e-08
 Reference value :  3.77784e-08
 Reference value :  3.77790e-08
 Reference value :  3.77809e-08
 Reference value :  3.77966e-08
 Reference value :  3.78545e-08
 Reference value :  3.79145e-08
 Reference value :  3.79945e-08
 Reference value :  3.80545e-08
 Reference value :  3.81145e-08
 Reference value :  3.81482e-08
 Reference value :  3.81491e-08
 Reference value :  3.81502e-08
 Reference value :  3.81670e-08
 Reference value :  3.82249e-08
 Reference value :  3.82849e-08
 Reference value :  3.83649e-08
 Reference value :  3.84249e-08
 Reference value :  3.84849e-08
 Reference value :  3.85449e-08
 Reference value :  3.86049e-08
 Reference value :  3.86649e-08
 Reference value :  3.87249e-08
 Reference value :  3.87849e-08
 Reference value :  3.88449e-08
 Reference value :  3.89049e-08
 Reference value :  3.89649e-08
 Reference value :  3.90449e-08
 Reference value :  3.91049e-08
 Reference value :  3.91849e-08
 Reference value :  3.92449e-08
 Reference value :  3.93049e-08
 Reference value :  3.93649e-08
 Reference value :  3.94249e-08
 Reference value :  3.95049e-08
 Reference value :  3.95649e-08
 Reference value :  3.96296e-08
 Reference value :  3.96306e-08
 Reference value :  3.96311e-08
 Reference value :  3.96350e-08
 Reference value :  3.96664e-08
 Reference value :  3.97264e-08
 Reference value :  3.97864e-08
 Reference value :  3.98464e-08
 Reference value :  3.99064e-08
 Reference value :  3.99664e-08
 Reference value :  4.00264e-08
 Reference value :  4.00864e-08
 Reference value :  4.01464e-08
 Reference value :  4.02264e-08
 Reference value :  4.02864e-08
 Reference value :  4.03464e-08
 Reference value :  4.04064e-08
 Reference value :  4.04664e-08
 Reference value :  4.05264e-08
 Reference value :  4.05864e-08
 Reference value :  4.06464e-08
 Reference value :  4.07064e-08
 Reference value :  4.07408e-08
 Reference value :  4.07415e-08
 Reference value :  4.07451e-08
 Reference value :  4.07486e-08
 Reference value :  4.07534e-08
 Reference value :  4.07598e-08
 Reference value :  4.07623e-08
 Reference value :  4.07708e-08
 Reference value :  4.07733e-08
 Reference value :  4.07790e-08
 Reference value :  4.07819e-08
 Reference value :  4.07922e-08
 Reference value :  4.08009e-08
 Reference value :  4.08040e-08
 Reference value :  4.08108e-08
 Reference value :  4.08137e-08
 Reference value :  4.08190e-08
 Reference value :  4.08208e-08
 Reference value :  4.08212e-08
 Reference value :  4.08239e-08
 Reference value :  4.08270e-08
 Reference value :  4.08336e-08
 Reference value :  4.08411e-08
 Reference value :  4.08520e-08
 Reference value :  4.08654e-08
 Reference value :  4.08823e-08
 Reference value :  4.09051e-08
 Reference value :  4.09346e-08
 Reference value :  4.09923e-08
 Reference value :  4.10523e-08
 Reference value :  4.11123e-08
 Reference value :  4.11723e-08
 Reference value :  4.12323e-08
 Reference value :  4.12923e-08
 Reference value :  4.13523e-08
 Reference value :  4.14123e-08
 Reference value :  4.14723e-08
 Reference value :  4.15323e-08
 Reference value :  4.15923e-08
 Reference value :  4.16523e-08
 Reference value :  4.17123e-08
 Reference value :  4.17723e-08
 Reference value :  4.18323e-08
 Reference value :  4.18522e-08
 Reference value :  4.18529e-08
 Reference value :  4.18539e-08
 Reference value :  4.18617e-08
 Reference value :  4.19086e-08
 Reference value :  4.19686e-08
 Reference value :  4.20286e-08
 Reference value :  4.20886e-08
 Reference value :  4.21486e-08
 Reference value :  4.22086e-08
 Reference value :  4.22686e-08
 Reference value :  4.23286e-08
 Reference value :  4.23886e-08
 Reference value :  4.24486e-08
 Reference value :  4.25086e-08
 Reference value :  4.25686e-08
 Reference value :  4.26286e-08
 Reference value :  4.26886e-08
 Reference value :  4.27486e-08
 Reference value :  4.28086e-08
 Reference value :  4.28686e-08
 Reference value :  4.29486e-08
 Reference value :  4.30286e-08
 Reference value :  4.30886e-08
 Reference value :  4.31486e-08
 Reference value :  4.32086e-08
 Reference value :  4.32686e-08
 Reference value :  4.33210e-08
 Reference value :  4.33336e-08
 Reference value :  4.33344e-08
 Reference value :  4.33354e-08
 Reference value :  4.33432e-08
 Reference value :  4.33901e-08
 Reference value :  4.34501e-08
 Reference value :  4.35101e-08
 Reference value :  4.35701e-08
 Reference value :  4.36301e-08
 Reference value :  4.36901e-08
 Reference value :  4.37501e-08
 Reference value :  4.38101e-08
 Reference value :  4.38701e-08
 Reference value :  4.39301e-08
 Reference value :  4.39901e-08
 Reference value :  4.40501e-08
 Reference value :  4.41101e-08
 Reference value :  4.41701e-08
 Reference value :  4.42501e-08
 Reference value :  4.43301e-08
 Reference value :  4.43901e-08
 Reference value :  4.44444e-08
 Reference value :  4.44446e-08
 Reference value :  4.44459e-08
 Reference value :  4.44488e-08
 Reference value :  4.44523e-08
 Reference value :  4.44571e-08
 Reference value :  4.44635e-08
 Reference value :  4.44660e-08
 Reference value :  4.44719e-08
 Reference value :  4.44745e-08
 Reference value :  4.44770e-08
 Reference value :  4.44827e-08
 Reference value :  4.44856e-08
 Reference value :  4.44920e-08
 Reference value :  4.45005e-08
 Reference value :  4.45077e-08
 Reference value :  4.45145e-08
 Reference value :  4.45174e-08
 Reference value :  4.45244e-08
 Reference value :  4.45245e-08
 Reference value :  4.45249e-08
 Reference value :  4.45276e-08
 Reference value :  4.45307e-08
 Reference value :  4.45347e-08
 Reference value :  4.45406e-08
 Reference value :  4.45502e-08
 Reference value :  4.45621e-08
 Reference value :  4.45770e-08
 Reference value :  4.45968e-08
 Reference value :  4.46227e-08
 Reference value :  4.46562e-08
 Reference value :  4.46960e-08
 Reference value :  4.47560e-08
 Reference value :  4.48160e-08
 Reference value :  4.48760e-08
 Reference value :  4.49560e-08
 Reference value :  4.50160e-08
 Reference value :  4.50760e-08
 Reference value :  4.51360e-08
 Reference value :  4.51960e-08
 Reference value :  4.52560e-08
 Reference value :  4.53160e-08
 Reference value :  4.53760e-08
 Reference value :  4.54560e-08
 Reference value :  4.55160e-08
 Reference value :  4.55557e-08
 Reference value :  4.55566e-08
 Reference value :  4.55576e-08
 Reference value :  4.55744e-08
 Reference value :  4.56323e-08
 Reference value :  4.56923e-08
 Reference value :  4.57523e-08
 Reference value :  4.58123e-08
 Reference value :  4.58723e-08
 Reference value :  4.59323e-08
 Reference value :  4.59923e-08
 Reference value :  4.60523e-08
 Reference value :  4.61123e-08
 Reference value :  4.61723e-08
 Reference value :  4.62323e-08
 Reference value :  4.62923e-08
 Reference value :  4.63523e-08
 Reference value :  4.64123e-08
 Reference value :  4.64723e-08
 Reference value :  4.65323e-08
 Reference value :  4.65923e-08
 Reference value :  4.66523e-08
 Reference value :  4.67123e-08
 Reference value :  4.67723e-08
 Reference value :  4.68323e-08
 Reference value :  4.68923e-08
 Reference value :  4.69523e-08
 Reference value :  4.70247e-08
 Reference value :  4.70373e-08
 Reference value :  4.70382e-08
 Reference value :  4.70402e-08
 Reference value :  4.70559e-08
 Reference value :  4.71138e-08
 Reference value :  4.71738e-08
 Reference value :  4.72338e-08
 Reference value :  4.72938e-08
 Reference value :  4.73538e-08
 Reference value :  4.74138e-08
 Reference value :  4.74738e-08
 Reference value :  4.75338e-08
 Reference value :  4.75938e-08
 Reference value :  4.76538e-08
 Reference value :  4.77138e-08
 Reference value :  4.77738e-08
 Reference value :  4.78538e-08
 Reference value :  4.79138e-08
 Reference value :  4.79938e-08
 Reference value :  4.80538e-08
 Reference value :  4.81138e-08
 Reference value :  4.81482e-08
 Reference value :  4.81489e-08
 Reference value :  4.81525e-08
 Reference value :  4.81560e-08
 Reference value :  4.81608e-08
 Reference value :  4.81672e-08
 Reference value :  4.81697e-08
 Reference value :  4.81756e-08
 Reference value :  4.81782e-08
 Reference value :  4.81807e-08
 Reference value :  4.81864e-08
 Reference value :  4.81893e-08
 Reference value :  4.81957e-08
 Reference value :  4.82042e-08
 Reference value :  4.82114e-08
 Reference value :  4.82182e-08
 Reference value :  4.82211e-08
 Reference value :  4.82264e-08
 Reference value :  4.82282e-08
 Reference value :  4.82286e-08
 Reference value :  4.82313e-08
 Reference value :  4.82344e-08
 Reference value :  4.82384e-08
 Reference value :  4.82443e-08
 Reference value :  4.82539e-08
 Reference value :  4.82658e-08
 Reference value :  4.82807e-08
 Reference value :  4.83005e-08
 Reference value :  4.83264e-08
 Reference value :  4.83599e-08
 Reference value :  4.83997e-08
 Reference value :  4.84597e-08
 Reference value :  4.85197e-08
 Reference value :  4.85797e-08
 Reference value :  4.86397e-08
 Reference value :  4.86997e-08
 Reference value :  4.87597e-08
 Reference value :  4.88397e-08
 Reference value :  4.89197e-08
 Reference value :  4.89797e-08
 Reference value :  4.90397e-08
 Reference value :  4.90997e-08
 Reference value :  4.91597e-08
 Reference value :  4.92197e-08
 Reference value :  4.92594e-08
 Reference value :  4.92603e-08
 Reference value :  4.92607e-08
 Reference value :  4.92647e-08
 Reference value :  4.92960e-08
 Reference value :  4.93560e-08
 Reference value :  4.94160e-08
 Reference value :  4.94760e-08
 Reference value :  4.95360e-08
 Reference value :  4.95960e-08
 Reference value :  4.96560e-08
 Reference value :  4.97160e-08
 Reference value :  4.97960e-08
 Reference value :  4.98560e-08
 Reference value :  4.99360e-08
 Reference value :  4.99960e-08
 Reference value :  5.00560e-08
 Reference value :  5.01160e-08
 Reference value :  5.01760e-08
 Reference value :  5.02360e-08
 Reference value :  5.02960e-08
 Reference value :  5.03560e-08
 Reference value :  5.04160e-08
 Reference value :  5.04760e-08
 Reference value :  5.05360e-08
 Reference value :  5.05960e-08
 Reference value :  5.06560e-08
 Reference value :  5.07160e-08
 Reference value :  5.07408e-08
 Reference value :  5.07417e-08
 Reference value :  5.07422e-08
 Reference value :  5.07462e-08
 Reference value :  5.07775e-08
 Reference value :  5.08375e-08
 Reference value :  5.09175e-08
 Reference value :  5.09775e-08
 Reference value :  5.10575e-08
 Reference value :  5.11175e-08
 Reference value :  5.11775e-08
 Reference value :  5.12375e-08
 Reference value :  5.12975e-08
 Reference value :  5.13575e-08
 Reference value :  5.14375e-08
 Reference value :  5.15175e-08
 Reference value :  5.15775e-08
 Reference value :  5.16375e-08
 Reference value :  5.16975e-08
 Reference value :  5.17575e-08
 Reference value :  5.18347e-08
 Reference value :  5.18519e-08
 Reference value :  5.18533e-08
 Reference value :  5.18562e-08
 Reference value :  5.18621e-08
 Reference value :  5.18709e-08
 Reference value :  5.18735e-08
 Reference value :  5.18793e-08
 Reference value :  5.18844e-08
 Reference value :  5.18901e-08
 Reference value :  5.18930e-08
 Reference value :  5.18994e-08
 Reference value :  5.19079e-08
 Reference value :  5.19151e-08
 Reference value :  5.19219e-08
 Reference value :  5.19248e-08
 Reference value :  5.19319e-08
 Reference value :  5.19319e-08
 Reference value :  5.19327e-08
 Reference value :  5.19350e-08
 Reference value :  5.19381e-08
 Reference value :  5.19421e-08
 Reference value :  5.19480e-08
 Reference value :  5.19576e-08
 Reference value :  5.19695e-08
 Reference value :  5.19844e-08
 Reference value :  5.20042e-08
 Reference value :  5.20301e-08
 Reference value :  5.20636e-08
 Reference value :  5.21034e-08
 Reference value :  5.21434e-08
 Reference value :  5.22034e-08
 Reference value :  5.22634e-08
 Reference value :  5.23234e-08
 Reference value :  5.23834e-08
 Reference value :  5.24434e-08
 Reference value :  5.25034e-08
 Reference value :  5.25634e-08
 Reference value :  5.26434e-08
 Reference value :  5.27034e-08
 Reference value :  5.27634e-08
 Reference value :  5.28234e-08
 Reference value :  5.28834e-08
 Reference value :  5.29434e-08
 Reference value :  5.29636e-08
 Reference value :  5.29645e-08
 Reference value :  5.29684e-08
 Reference value :  5.30197e-08
 Reference value :  5.30997e-08
 Reference value :  5.31597e-08
 Reference value :  5.32197e-08
 Reference value :  5.32797e-08
 Reference value :  5.33397e-08
 Reference value :  5.33997e-08
 Reference value :  5.34597e-08
 Reference value :  5.35197e-08
 Reference value :  5.35797e-08
 Reference value :  5.36397e-08
 Reference value :  5.36997e-08
 Reference value :  5.37597e-08
 Reference value :  5.38197e-08
 Reference value :  5.38797e-08
 Reference value :  5.39397e-08
 Reference value :  5.39997e-08
 Reference value :  5.40597e-08
 Reference value :  5.41197e-08
 Reference value :  5.41797e-08
 Reference value :  5.42397e-08
 Reference value :  5.42997e-08
 Reference value :  5.43597e-08
 Reference value :  5.44321e-08
 Reference value :  5.44447e-08
 Reference value :  5.44455e-08
 Reference value :  5.44465e-08
 Reference value :  5.44633e-08
 Reference value :  5.45212e-08
 Reference value :  5.45812e-08
 Reference value :  5.46412e-08
 Reference value :  5.47012e-08
 Reference value :  5.47612e-08
 Reference value :  5.48212e-08
 Reference value :  5.48812e-08
 Reference value :  5.49412e-08
 Reference value :  5.50012e-08
 Reference value :  5.50612e-08
 Reference value :  5.51212e-08
 Reference value :  5.51812e-08
 Reference value :  5.52412e-08
 Reference value :  5.53012e-08
 Reference value :  5.53612e-08
 Reference value :  5.54212e-08
 Reference value :  5.54812e-08
 Reference value :  5.55384e-08
 Reference value :  5.55556e-08
 Reference value :  5.55563e-08
 Reference value :  5.55599e-08
 Reference value :  5.55635e-08
 Reference value :  5.55718e-08
 Reference value :  5.55746e-08
 Reference value :  5.55772e-08
 Reference value :  5.55830e-08
 Reference value :  5.55856e-08
 Reference value :  5.55881e-08
 Reference value :  5.55938e-08
 Reference value :  5.55967e-08
 Reference value :  5.56032e-08
 Reference value :  5.56116e-08
 Reference value :  5.56188e-08
 Reference value :  5.56256e-08
 Reference value :  5.56285e-08
 Reference value :  5.56338e-08
 Reference value :  5.56356e-08
 Reference value :  5.56360e-08
 Reference value :  5.56373e-08
 Reference value :  5.56402e-08
 Reference value :  5.56437e-08
 Reference value :  5.56484e-08
 Reference value :  5.56559e-08
 Reference value :  5.56668e-08
 Reference value :  5.56802e-08
 Reference value :  5.56972e-08
 Reference value :  5.57199e-08
 Reference value :  5.57494e-08
 Reference value :  5.57871e-08
 Reference value :  5.58271e-08
 Reference value :  5.58871e-08
 Reference value :  5.59471e-08
 Reference value :  5.60071e-08
 Reference value :  5.60671e-08
 Reference value :  5.61271e-08
 Reference value :  5.61871e-08
 Reference value :  5.62471e-08
 Reference value :  5.63071e-08
 Reference value :  5.63671e-08
 Reference value :  5.64271e-08
 Reference value :  5.64871e-08
 Reference value :  5.65471e-08
 Reference value :  5.66071e-08
 Reference value :  5.66667e-08
 Reference value :  5.66673e-08
 Reference value :  5.66679e-08
 Reference value :  5.66698e-08
 Reference value :  5.66855e-08
 Reference value :  5.67434e-08
 Reference value :  5.68034e-08
 Reference value :  5.68634e-08
 Reference value :  5.69234e-08
 Reference value :  5.69834e-08
 Reference value :  5.70434e-08
 Reference value :  5.71034e-08
 Reference value :  5.71834e-08
 Reference value :  5.72634e-08
 Reference value :  5.73434e-08
 Reference value :  5.74234e-08
 Reference value :  5.75034e-08
 Reference value :  5.75834e-08
 Reference value :  5.76634e-08
 Reference value :  5.77434e-08
 Reference value :  5.78034e-08
 Reference value :  5.78634e-08
 Reference value :  5.79234e-08
 Reference value :  5.79834e-08
 Reference value :  5.80434e-08
 Reference value :  5.81034e-08
 Reference value :  5.81481e-08
 Reference value :  5.81488e-08
 Reference value :  5.81494e-08
 Reference value :  5.81513e-08
 Reference value :  5.81670e-08
 Reference value :  5.82249e-08
 Reference value :  5.83049e-08
 Reference value :  5.83649e-08
 Reference value :  5.84449e-08
 Reference value :  5.85017e-08
 Reference value :  5.85188e-08
 Reference value :  5.85197e-08
 Reference value :  5.85217e-08
 Reference value :  5.85374e-08
 Reference value :  5.85953e-08
 Reference value :  5.86553e-08
 Reference value :  5.87153e-08
 Reference value :  5.87953e-08
 Reference value :  5.88753e-08
 Reference value :  5.89353e-08
 Reference value :  5.90153e-08
 Reference value :  5.90753e-08
 Reference value :  5.91553e-08
 Reference value :  5.91793e-08
 Reference value :  5.91798e-08
 Reference value :  5.91830e-08
 Reference value :  5.91863e-08
 Reference value :  5.91907e-08
 Reference value :  5.91975e-08
 Reference value :  5.92002e-08
 Reference value :  5.92058e-08
 Reference value :  5.92115e-08
 Reference value :  5.92170e-08
 Reference value :  5.92199e-08
 Reference value :  5.92262e-08
 Reference value :  5.92344e-08
 Reference value :  5.92383e-08
 Reference value :  5.92445e-08
 Reference value :  5.92514e-08
 Reference value :  5.92546e-08
 Reference value :  5.92593e-08
 Reference value :  5.92593e-08
 Reference value :  5.92597e-08
 Reference value :  5.92624e-08
 Reference value :  5.92656e-08
 Reference value :  5.92696e-08
 Reference value :  5.92754e-08
 Reference value :  5.92850e-08
 Reference value :  5.92970e-08
 Reference value :  5.93119e-08
 Reference value :  5.93317e-08
 Reference value :  5.93733e-08
 Reference value :  5.94310e-08
 Reference value :  5.94710e-08
 Reference value :  5.95310e-08
 Reference value :  5.95910e-08
 Reference value :  5.96510e-08
 Reference value :  5.97110e-08
 Reference value :  5.97710e-08
 Reference value :  5.98510e-08
 Reference value :  5.99110e-08
 Reference value :  5.99710e-08
 Reference value :  6.00310e-08
 Reference value :  6.00910e-08
 Reference value :  6.01510e-08
 Reference value :  6.02310e-08
 Reference value :  6.02910e-08
 Reference value :  6.03510e-08
 Reference value :  6.04110e-08
 Reference value :  6.04710e-08
 Reference value :  6.05310e-08
 Reference value :  6.06110e-08
 Reference value :  6.06910e-08
 Reference value :  6.07510e-08
 Reference value :  6.08110e-08
 Reference value :  6.08710e-08
 Reference value :  6.09310e-08
 Reference value :  6.09855e-08
No. of Data Rows : 3604
m_ui_ref            =  3.70370e-09 targ=  3.70770e-08 trig=  3.33733e-08
m_spa_in            =  1.48148e-08 targ=  4.81881e-08 trig=  3.33733e-08
m_spb_in            =  1.11111e-08 targ=  4.44844e-08 trig=  3.33733e-08
m_spa_c0            =  1.48148e-08 targ=  4.81943e-08 trig=  3.33794e-08
m_spb_c0            =  1.11111e-08 targ=  4.44906e-08 trig=  3.33794e-08
m_trise_c0          =  4.25443e-11 targ=  3.70994e-08 trig=  3.70568e-08
m_tfall_c0          =  4.25914e-11 targ=  4.08031e-08 trig=  4.07605e-08
m_spa_c1            =  1.48148e-08 targ=  4.82251e-08 trig=  3.34103e-08
m_spb_c1            =  1.11111e-08 targ=  4.45214e-08 trig=  3.34103e-08
m_trise_c1          =  1.05946e-10 targ=  3.71852e-08 trig=  3.70793e-08
m_tfall_c1          =  1.05943e-10 targ=  4.08889e-08 trig=  4.07830e-08
m_spa_c2            =  1.48148e-08 targ=  4.82545e-08 trig=  3.34397e-08
m_spb_c2            =  1.11111e-08 targ=  4.45508e-08 trig=  3.34397e-08
m_trise_c2          =  2.07981e-10 targ=  3.72962e-08 trig=  3.70882e-08
m_tfall_c2          =  2.07990e-10 targ=  4.09999e-08 trig=  4.07919e-08
m_spa_cmis          =  1.48148e-08 targ=  4.82347e-08 trig=  3.34199e-08
m_spb_cmis          =  1.11129e-08 targ=  4.45327e-08 trig=  3.34199e-08
m_dj_ui_c0 = 0.0000000000e+00
m_swing_c0 = 5.1477607508e-01
m_vpp_c0 = 6.7836475530e-01
m_vcm_c0 = 3.0426119611e+00
m_dj_ui_c1 = 2.6999997835e-06
m_swing_c1 = 5.1480028872e-01
m_vpp_c1 = 5.2364143977e-01
m_vcm_c1 = 3.0425998561e+00
m_dj_ui_c2 = 2.6999997840e-06
m_swing_c2 = 5.1478862581e-01
m_vpp_c2 = 5.1897149657e-01
m_vcm_c2 = 3.0426056843e+00
m_dj_ui_cmis = 4.7519996198e-04
m_swing_cmis = 5.1478730248e-01
m_swing_avcclo = 5.1438897110e-01
m_vcm_avcclo = 2.7128055160e+00
m_swing_avcchi = 5.1515781403e-01
m_vcm_avcchi = 3.3724210923e+00
m_vgs_sw_max = 1.4719636394e+00
m_vgd_sw_max = 1.6334999883e+00
m_vds_sw_max = 2.1393119113e+00
m_vgs_tail_max = 1.0438849262e+00
m_vds_tail_max = 1.7144856608e+00
m_swing_dc = 5.1440116516e-01
m_vcm_dc = 3.0427994068e+00
m_ioff_dc = 2.1279296547e-10
m_itail_dc = 1.0288023729e-02
m_icell_dc = 1.0788023730e-02
m_ro_leg = 4.4419943333e+04
Note: Simulation executed from .control section 

