
Note: No compatibility mode selected!


Circuit: * cml-driver-eye @ fs_125c_3.30v_270mbps -- generated by sim/harness, do not edit

Doing analysis at TEMP = 125.000000 and TNOM = 27.000000

Using SPARSE 1.3 as Direct Linear Solver

Initial Transient Solution
--------------------------

Node                                   Voltage
----                                   -------
avcc                                       3.3
avcclo                                    2.97
avcchi                                    3.63
inp                                      2.805
inn                                      1.815
inpz                                     2.805
innz                                     1.815
inref                                     0.99
win                                          0
winc                                         0
xc0.tail                               1.38945
ib_c0                                  1.02189
outp_c0                                2.79184
outn_c0                                3.29977
vd_c0                                 0.507925
xc1.tail                               1.38945
ib_c1                                  1.02189
outp_c1                                2.79184
outn_c1                                3.29977
vd_c1                                 0.507925
xc2.tail                               1.38945
ib_c2                                  1.02189
outp_c2                                2.79184
outn_c2                                3.29977
vd_c2                                 0.507925
xcmis.tail                             1.38945
ib_cmis                                1.02189
outp_cmis                              2.79184
outn_cmis                              3.29977
vd_cmis                               0.507925
xvlo.tail                              1.36922
ib_vlo                                 1.02189
outp_vlo                               2.46229
outn_vlo                               2.96972
xvhi.tail                              1.40754
ib_vhi                                 1.02189
outp_vhi                               3.12146
outn_vhi                               3.62979
xz.tail                                1.38945
ib_z                                   1.02189
vss_z                                        0
outp_z                                 2.79184
outn_z                                 3.29977
xza.tail                               1.37812
ib_za                                  1.02189
outp_za                                    2.6
outn_za                                3.29969
xzb.tail                               1.40099
ib_zb                                  1.02189
outp_zb                                      3
outn_zb                                3.29982
ediff_cmis#branch                            0
ediff_c2#branch                              0
ediff_c1#branch                              0
ediff_c0#branch                              0
einref#branch                                0
vforce_zb#branch                    -0.0101689
vforce_za#branch                    -0.0101572
vsens_z#branch                       0.0106679
vwinc#branch                                 0
vwin#branch                                  0
vinnz#branch                                 0
vinpz#branch                                 0
vinn#branch                                  0
vinp#branch                                  0
vavcchi#branch                       -0.010175
vavcclo#branch                      -0.0101598
vavcc#branch                        -0.0508491

 Reference value :  0.00000e+00
 Reference value :  4.00000e-13
 Reference value :  3.20000e-12
 Reference value :  2.56000e-11
 Reference value :  1.05600e-10
 Reference value :  1.85600e-10
 Reference value :  2.45600e-10
 Reference value :  3.05600e-10
 Reference value :  3.65600e-10
 Reference value :  4.25600e-10
 Reference value :  4.85600e-10
 Reference value :  5.45600e-10
 Reference value :  6.05600e-10
 Reference value :  6.65600e-10
 Reference value :  7.25600e-10
 Reference value :  7.85600e-10
 Reference value :  8.45600e-10
 Reference value :  9.05600e-10
 Reference value :  9.65600e-10
 Reference value :  1.02560e-09
 Reference value :  1.08560e-09
 Reference value :  1.14560e-09
 Reference value :  1.20560e-09
 Reference value :  1.26560e-09
 Reference value :  1.32560e-09
 Reference value :  1.38560e-09
 Reference value :  1.44560e-09
 Reference value :  1.50560e-09
 Reference value :  1.56560e-09
 Reference value :  1.62560e-09
 Reference value :  1.68560e-09
 Reference value :  1.74560e-09
 Reference value :  1.80560e-09
 Reference value :  1.88560e-09
 Reference value :  1.94560e-09
 Reference value :  2.00560e-09
 Reference value :  2.06560e-09
 Reference value :  2.12560e-09
 Reference value :  2.18560e-09
 Reference value :  2.24560e-09
 Reference value :  2.30560e-09
 Reference value :  2.36560e-09
 Reference value :  2.42560e-09
 Reference value :  2.48560e-09
 Reference value :  2.54560e-09
 Reference value :  2.60560e-09
 Reference value :  2.66560e-09
 Reference value :  2.72560e-09
 Reference value :  2.78560e-09
 Reference value :  2.84560e-09
 Reference value :  2.90560e-09
 Reference value :  2.96560e-09
 Reference value :  3.02560e-09
 Reference value :  3.10560e-09
 Reference value :  3.16560e-09
 Reference value :  3.22560e-09
 Reference value :  3.28560e-09
 Reference value :  3.34560e-09
 Reference value :  3.40560e-09
 Reference value :  3.46560e-09
 Reference value :  3.52560e-09
 Reference value :  3.58560e-09
 Reference value :  3.64560e-09
 Reference value :  3.70560e-09
 Reference value :  3.76560e-09
 Reference value :  3.82560e-09
 Reference value :  3.88560e-09
 Reference value :  3.96560e-09
 Reference value :  4.04560e-09
 Reference value :  4.10560e-09
 Reference value :  4.16560e-09
 Reference value :  4.22560e-09
 Reference value :  4.28560e-09
 Reference value :  4.34560e-09
 Reference value :  4.40560e-09
 Reference value :  4.46560e-09
 Reference value :  4.52560e-09
 Reference value :  4.58560e-09
 Reference value :  4.64560e-09
 Reference value :  4.70560e-09
 Reference value :  4.76560e-09
 Reference value :  4.82560e-09
 Reference value :  4.88560e-09
 Reference value :  4.94560e-09
 Reference value :  5.00560e-09
 Reference value :  5.06560e-09
 Reference value :  5.12560e-09
 Reference value :  5.18560e-09
 Reference value :  5.24560e-09
 Reference value :  5.30560e-09
 Reference value :  5.36560e-09
 Reference value :  5.42560e-09
 Reference value :  5.48560e-09
 Reference value :  5.54560e-09
 Reference value :  5.60560e-09
 Reference value :  5.66560e-09
 Reference value :  5.72560e-09
 Reference value :  5.78560e-09
 Reference value :  5.84560e-09
 Reference value :  5.90560e-09
 Reference value :  5.96560e-09
 Reference value :  6.02560e-09
 Reference value :  6.08560e-09
 Reference value :  6.14560e-09
 Reference value :  6.20560e-09
 Reference value :  6.26560e-09
 Reference value :  6.32560e-09
 Reference value :  6.38560e-09
 Reference value :  6.44560e-09
 Reference value :  6.52560e-09
 Reference value :  6.58560e-09
 Reference value :  6.64560e-09
 Reference value :  6.70560e-09
 Reference value :  6.78560e-09
 Reference value :  6.84560e-09
 Reference value :  6.90560e-09
 Reference value :  6.96560e-09
 Reference value :  7.02560e-09
 Reference value :  7.08560e-09
 Reference value :  7.14560e-09
 Reference value :  7.20560e-09
 Reference value :  7.26560e-09
 Reference value :  7.32560e-09
 Reference value :  7.40560e-09
 Reference value :  7.46560e-09
 Reference value :  7.52560e-09
 Reference value :  7.58560e-09
 Reference value :  7.64560e-09
 Reference value :  7.70560e-09
 Reference value :  7.76560e-09
 Reference value :  7.82560e-09
 Reference value :  7.88560e-09
 Reference value :  7.94560e-09
 Reference value :  8.02560e-09
 Reference value :  8.08560e-09
 Reference value :  8.14560e-09
 Reference value :  8.20560e-09
 Reference value :  8.28560e-09
 Reference value :  8.34560e-09
 Reference value :  8.40560e-09
 Reference value :  8.46560e-09
 Reference value :  8.52560e-09
 Reference value :  8.58560e-09
 Reference value :  8.64560e-09
 Reference value :  8.70560e-09
 Reference value :  8.76560e-09
 Reference value :  8.84560e-09
 Reference value :  8.90560e-09
 Reference value :  8.98560e-09
 Reference value :  9.06560e-09
 Reference value :  9.12560e-09
 Reference value :  9.20560e-09
 Reference value :  9.26560e-09
 Reference value :  9.32560e-09
 Reference value :  9.38560e-09
 Reference value :  9.44560e-09
 Reference value :  9.50560e-09
 Reference value :  9.58560e-09
 Reference value :  9.66560e-09
 Reference value :  9.72560e-09
 Reference value :  9.78560e-09
 Reference value :  9.84560e-09
 Reference value :  9.90560e-09
 Reference value :  9.96560e-09
 Reference value :  1.00256e-08
 Reference value :  1.00856e-08
 Reference value :  1.01456e-08
 Reference value :  1.02056e-08
 Reference value :  1.02656e-08
 Reference value :  1.03256e-08
 Reference value :  1.03856e-08
 Reference value :  1.04456e-08
 Reference value :  1.05056e-08
 Reference value :  1.05656e-08
 Reference value :  1.06256e-08
 Reference value :  1.06856e-08
 Reference value :  1.07456e-08
 Reference value :  1.08056e-08
 Reference value :  1.08656e-08
 Reference value :  1.09256e-08
 Reference value :  1.09856e-08
 Reference value :  1.10456e-08
 Reference value :  1.11056e-08
 Reference value :  1.11656e-08
 Reference value :  1.12256e-08
 Reference value :  1.12856e-08
 Reference value :  1.13456e-08
 Reference value :  1.14056e-08
 Reference value :  1.14656e-08
 Reference value :  1.15256e-08
 Reference value :  1.15856e-08
 Reference value :  1.16456e-08
 Reference value :  1.17056e-08
 Reference value :  1.17656e-08
 Reference value :  1.18256e-08
 Reference value :  1.18856e-08
 Reference value :  1.19456e-08
 Reference value :  1.20056e-08
 Reference value :  1.20656e-08
 Reference value :  1.21456e-08
 Reference value :  1.22056e-08
 Reference value :  1.22656e-08
 Reference value :  1.23256e-08
 Reference value :  1.23856e-08
 Reference value :  1.24456e-08
 Reference value :  1.25056e-08
 Reference value :  1.25656e-08
 Reference value :  1.26256e-08
 Reference value :  1.26856e-08
 Reference value :  1.27656e-08
 Reference value :  1.28256e-08
 Reference value :  1.28856e-08
 Reference value :  1.29456e-08
 Reference value :  1.30056e-08
 Reference value :  1.30656e-08
 Reference value :  1.31256e-08
 Reference value :  1.31856e-08
 Reference value :  1.32456e-08
 Reference value :  1.33056e-08
 Reference value :  1.33656e-08
 Reference value :  1.34256e-08
 Reference value :  1.34856e-08
 Reference value :  1.35456e-08
 Reference value :  1.36056e-08
 Reference value :  1.36656e-08
 Reference value :  1.37256e-08
 Reference value :  1.37856e-08
 Reference value :  1.38456e-08
 Reference value :  1.39056e-08
 Reference value :  1.39656e-08
 Reference value :  1.40256e-08
 Reference value :  1.40856e-08
 Reference value :  1.41456e-08
 Reference value :  1.42056e-08
 Reference value :  1.42656e-08
 Reference value :  1.43456e-08
 Reference value :  1.44256e-08
 Reference value :  1.45056e-08
 Reference value :  1.45656e-08
 Reference value :  1.46256e-08
 Reference value :  1.47056e-08
 Reference value :  1.47856e-08
 Reference value :  1.48456e-08
 Reference value :  1.49056e-08
 Reference value :  1.49856e-08
 Reference value :  1.50456e-08
 Reference value :  1.51056e-08
 Reference value :  1.51656e-08
 Reference value :  1.52256e-08
 Reference value :  1.53056e-08
 Reference value :  1.53656e-08
 Reference value :  1.54256e-08
 Reference value :  1.54856e-08
 Reference value :  1.55456e-08
 Reference value :  1.56056e-08
 Reference value :  1.56856e-08
 Reference value :  1.57456e-08
 Reference value :  1.58256e-08
 Reference value :  1.58856e-08
 Reference value :  1.59456e-08
 Reference value :  1.60056e-08
 Reference value :  1.60656e-08
 Reference value :  1.61456e-08
 Reference value :  1.62056e-08
 Reference value :  1.62656e-08
 Reference value :  1.63256e-08
 Reference value :  1.63856e-08
 Reference value :  1.64456e-08
 Reference value :  1.65056e-08
 Reference value :  1.65656e-08
 Reference value :  1.66256e-08
 Reference value :  1.66856e-08
 Reference value :  1.67456e-08
 Reference value :  1.68056e-08
 Reference value :  1.68656e-08
 Reference value :  1.69256e-08
 Reference value :  1.69856e-08
 Reference value :  1.70456e-08
 Reference value :  1.71056e-08
 Reference value :  1.71856e-08
 Reference value :  1.72456e-08
 Reference value :  1.73056e-08
 Reference value :  1.73656e-08
 Reference value :  1.74256e-08
 Reference value :  1.74856e-08
 Reference value :  1.75456e-08
 Reference value :  1.76056e-08
 Reference value :  1.76656e-08
 Reference value :  1.77256e-08
 Reference value :  1.78056e-08
 Reference value :  1.78856e-08
 Reference value :  1.79456e-08
 Reference value :  1.80056e-08
 Reference value :  1.80656e-08
 Reference value :  1.81256e-08
 Reference value :  1.82056e-08
 Reference value :  1.82856e-08
 Reference value :  1.83456e-08
 Reference value :  1.84056e-08
 Reference value :  1.84656e-08
 Reference value :  1.85256e-08
 Reference value :  1.85856e-08
 Reference value :  1.86456e-08
 Reference value :  1.87056e-08
 Reference value :  1.87656e-08
 Reference value :  1.88256e-08
 Reference value :  1.88856e-08
 Reference value :  1.89456e-08
 Reference value :  1.90056e-08
 Reference value :  1.90656e-08
 Reference value :  1.91256e-08
 Reference value :  1.92056e-08
 Reference value :  1.92656e-08
 Reference value :  1.93256e-08
 Reference value :  1.93856e-08
 Reference value :  1.94456e-08
 Reference value :  1.95056e-08
 Reference value :  1.95656e-08
 Reference value :  1.96256e-08
 Reference value :  1.96856e-08
 Reference value :  1.97456e-08
 Reference value :  1.98056e-08
 Reference value :  1.98856e-08
 Reference value :  1.99456e-08
 Reference value :  2.00256e-08
 Reference value :  2.00856e-08
 Reference value :  2.01456e-08
 Reference value :  2.02056e-08
 Reference value :  2.02656e-08
 Reference value :  2.03256e-08
 Reference value :  2.03856e-08
 Reference value :  2.04456e-08
 Reference value :  2.05056e-08
 Reference value :  2.05656e-08
 Reference value :  2.06256e-08
 Reference value :  2.06856e-08
 Reference value :  2.07456e-08
 Reference value :  2.08056e-08
 Reference value :  2.08656e-08
 Reference value :  2.09256e-08
 Reference value :  2.09856e-08
 Reference value :  2.10456e-08
 Reference value :  2.11056e-08
 Reference value :  2.11656e-08
 Reference value :  2.12256e-08
 Reference value :  2.12856e-08
 Reference value :  2.13456e-08
 Reference value :  2.14056e-08
 Reference value :  2.14856e-08
 Reference value :  2.15456e-08
 Reference value :  2.16056e-08
 Reference value :  2.16656e-08
 Reference value :  2.17256e-08
 Reference value :  2.17856e-08
 Reference value :  2.18456e-08
 Reference value :  2.19056e-08
 Reference value :  2.19656e-08
 Reference value :  2.20256e-08
 Reference value :  2.20856e-08
 Reference value :  2.21656e-08
 Reference value :  2.22256e-08
 Reference value :  2.22856e-08
 Reference value :  2.23456e-08
 Reference value :  2.24056e-08
 Reference value :  2.24656e-08
 Reference value :  2.25256e-08
 Reference value :  2.25856e-08
 Reference value :  2.26456e-08
 Reference value :  2.27256e-08
 Reference value :  2.27856e-08
 Reference value :  2.28456e-08
 Reference value :  2.29056e-08
 Reference value :  2.29856e-08
 Reference value :  2.30456e-08
 Reference value :  2.31056e-08
 Reference value :  2.31656e-08
 Reference value :  2.32256e-08
 Reference value :  2.32856e-08
 Reference value :  2.33456e-08
 Reference value :  2.34056e-08
 Reference value :  2.34656e-08
 Reference value :  2.35256e-08
 Reference value :  2.35856e-08
 Reference value :  2.36456e-08
 Reference value :  2.37056e-08
 Reference value :  2.37656e-08
 Reference value :  2.38256e-08
 Reference value :  2.38856e-08
 Reference value :  2.39456e-08
 Reference value :  2.40056e-08
 Reference value :  2.40656e-08
 Reference value :  2.41256e-08
 Reference value :  2.41856e-08
 Reference value :  2.42456e-08
 Reference value :  2.43256e-08
 Reference value :  2.43856e-08
 Reference value :  2.44656e-08
 Reference value :  2.45256e-08
 Reference value :  2.46056e-08
 Reference value :  2.46856e-08
 Reference value :  2.47456e-08
 Reference value :  2.48256e-08
 Reference value :  2.48856e-08
 Reference value :  2.49456e-08
 Reference value :  2.50056e-08
 Reference value :  2.50656e-08
 Reference value :  2.51256e-08
 Reference value :  2.51856e-08
 Reference value :  2.52656e-08
 Reference value :  2.53256e-08
 Reference value :  2.53856e-08
 Reference value :  2.54456e-08
 Reference value :  2.55056e-08
 Reference value :  2.55656e-08
 Reference value :  2.56256e-08
 Reference value :  2.56856e-08
 Reference value :  2.57456e-08
 Reference value :  2.58056e-08
 Reference value :  2.58656e-08
 Reference value :  2.59256e-08
 Reference value :  2.59856e-08
 Reference value :  2.60456e-08
 Reference value :  2.61256e-08
 Reference value :  2.61856e-08
 Reference value :  2.62456e-08
 Reference value :  2.63056e-08
 Reference value :  2.63656e-08
 Reference value :  2.64256e-08
 Reference value :  2.64856e-08
 Reference value :  2.65456e-08
 Reference value :  2.66056e-08
 Reference value :  2.66656e-08
 Reference value :  2.67256e-08
 Reference value :  2.67856e-08
 Reference value :  2.68456e-08
 Reference value :  2.69056e-08
 Reference value :  2.69656e-08
 Reference value :  2.70256e-08
 Reference value :  2.70856e-08
 Reference value :  2.71456e-08
 Reference value :  2.72056e-08
 Reference value :  2.72656e-08
 Reference value :  2.73256e-08
 Reference value :  2.73856e-08
 Reference value :  2.74456e-08
 Reference value :  2.75056e-08
 Reference value :  2.75656e-08
 Reference value :  2.76256e-08
 Reference value :  2.77056e-08
 Reference value :  2.77656e-08
 Reference value :  2.78256e-08
 Reference value :  2.78856e-08
 Reference value :  2.79456e-08
 Reference value :  2.80056e-08
 Reference value :  2.80656e-08
 Reference value :  2.81256e-08
 Reference value :  2.81856e-08
 Reference value :  2.82456e-08
 Reference value :  2.83056e-08
 Reference value :  2.83656e-08
 Reference value :  2.84256e-08
 Reference value :  2.84856e-08
 Reference value :  2.85456e-08
 Reference value :  2.86056e-08
 Reference value :  2.86656e-08
 Reference value :  2.87256e-08
 Reference value :  2.87856e-08
 Reference value :  2.88456e-08
 Reference value :  2.89056e-08
 Reference value :  2.89656e-08
 Reference value :  2.90256e-08
 Reference value :  2.90856e-08
 Reference value :  2.91656e-08
 Reference value :  2.92256e-08
 Reference value :  2.92856e-08
 Reference value :  2.93456e-08
 Reference value :  2.94056e-08
 Reference value :  2.94656e-08
 Reference value :  2.95256e-08
 Reference value :  2.95856e-08
 Reference value :  2.96456e-08
 Reference value :  2.97056e-08
 Reference value :  2.97656e-08
 Reference value :  2.98256e-08
 Reference value :  2.98856e-08
 Reference value :  2.99456e-08
 Reference value :  3.00056e-08
 Reference value :  3.00656e-08
 Reference value :  3.01256e-08
 Reference value :  3.01856e-08
 Reference value :  3.02456e-08
 Reference value :  3.03056e-08
 Reference value :  3.03656e-08
 Reference value :  3.04256e-08
 Reference value :  3.04856e-08
 Reference value :  3.05456e-08
 Reference value :  3.06256e-08
 Reference value :  3.06856e-08
 Reference value :  3.07656e-08
 Reference value :  3.08256e-08
 Reference value :  3.09056e-08
 Reference value :  3.09656e-08
 Reference value :  3.10256e-08
 Reference value :  3.10856e-08
 Reference value :  3.11656e-08
 Reference value :  3.12256e-08
 Reference value :  3.12856e-08
 Reference value :  3.13456e-08
 Reference value :  3.14056e-08
 Reference value :  3.14656e-08
 Reference value :  3.15256e-08
 Reference value :  3.15856e-08
 Reference value :  3.16456e-08
 Reference value :  3.17056e-08
 Reference value :  3.17656e-08
 Reference value :  3.18256e-08
 Reference value :  3.18856e-08
 Reference value :  3.19456e-08
 Reference value :  3.20056e-08
 Reference value :  3.20656e-08
 Reference value :  3.21256e-08
 Reference value :  3.21856e-08
 Reference value :  3.22456e-08
 Reference value :  3.23056e-08
 Reference value :  3.23656e-08
 Reference value :  3.24256e-08
 Reference value :  3.24856e-08
 Reference value :  3.25456e-08
 Reference value :  3.26056e-08
 Reference value :  3.26656e-08
 Reference value :  3.27256e-08
 Reference value :  3.27856e-08
 Reference value :  3.28456e-08
 Reference value :  3.29056e-08
 Reference value :  3.29656e-08
 Reference value :  3.30256e-08
 Reference value :  3.30856e-08
 Reference value :  3.31456e-08
 Reference value :  3.32056e-08
 Reference value :  3.32656e-08
 Reference value :  3.33195e-08
 Reference value :  3.33334e-08
 Reference value :  3.33340e-08
 Reference value :  3.33359e-08
 Reference value :  3.33395e-08
 Reference value :  3.33439e-08
 Reference value :  3.33503e-08
 Reference value :  3.33543e-08
 Reference value :  3.33673e-08
 Reference value :  3.33773e-08
 Reference value :  3.33891e-08
 Reference value :  3.34024e-08
 Reference value :  3.34133e-08
 Reference value :  3.34134e-08
 Reference value :  3.34141e-08
 Reference value :  3.34167e-08
 Reference value :  3.34203e-08
 Reference value :  3.34248e-08
 Reference value :  3.34313e-08
 Reference value :  3.34426e-08
 Reference value :  3.34576e-08
 Reference value :  3.34753e-08
 Reference value :  3.34970e-08
 Reference value :  3.35241e-08
 Reference value :  3.35584e-08
 Reference value :  3.36184e-08
 Reference value :  3.36584e-08
 Reference value :  3.37184e-08
 Reference value :  3.37784e-08
 Reference value :  3.38384e-08
 Reference value :  3.38984e-08
 Reference value :  3.39584e-08
 Reference value :  3.40184e-08
 Reference value :  3.40784e-08
 Reference value :  3.41384e-08
 Reference value :  3.41984e-08
 Reference value :  3.42584e-08
 Reference value :  3.43184e-08
 Reference value :  3.43784e-08
 Reference value :  3.44384e-08
 Reference value :  3.44984e-08
 Reference value :  3.45584e-08
 Reference value :  3.46184e-08
 Reference value :  3.46784e-08
 Reference value :  3.47384e-08
 Reference value :  3.47984e-08
 Reference value :  3.48584e-08
 Reference value :  3.49184e-08
 Reference value :  3.49784e-08
 Reference value :  3.50384e-08
 Reference value :  3.50984e-08
 Reference value :  3.51584e-08
 Reference value :  3.52184e-08
 Reference value :  3.52784e-08
 Reference value :  3.53384e-08
 Reference value :  3.53984e-08
 Reference value :  3.54584e-08
 Reference value :  3.55184e-08
 Reference value :  3.55784e-08
 Reference value :  3.56384e-08
 Reference value :  3.56984e-08
 Reference value :  3.57584e-08
 Reference value :  3.58184e-08
 Reference value :  3.58784e-08
 Reference value :  3.59384e-08
 Reference value :  3.59984e-08
 Reference value :  3.60584e-08
 Reference value :  3.61184e-08
 Reference value :  3.61784e-08
 Reference value :  3.62384e-08
 Reference value :  3.62984e-08
 Reference value :  3.63584e-08
 Reference value :  3.64184e-08
 Reference value :  3.64784e-08
 Reference value :  3.65384e-08
 Reference value :  3.65984e-08
 Reference value :  3.66584e-08
 Reference value :  3.67184e-08
 Reference value :  3.67784e-08
 Reference value :  3.68384e-08
 Reference value :  3.68984e-08
 Reference value :  3.69584e-08
 Reference value :  3.70184e-08
 Reference value :  3.70371e-08
 Reference value :  3.70378e-08
 Reference value :  3.70404e-08
 Reference value :  3.70441e-08
 Reference value :  3.70488e-08
 Reference value :  3.70561e-08
 Reference value :  3.70645e-08
 Reference value :  3.70736e-08
 Reference value :  3.70838e-08
 Reference value :  3.70964e-08
 Reference value :  3.71024e-08
 Reference value :  3.71077e-08
 Reference value :  3.71170e-08
 Reference value :  3.71171e-08
 Reference value :  3.71177e-08
 Reference value :  3.71199e-08
 Reference value :  3.71234e-08
 Reference value :  3.71305e-08
 Reference value :  3.71381e-08
 Reference value :  3.71514e-08
 Reference value :  3.71672e-08
 Reference value :  3.71971e-08
 Reference value :  3.72233e-08
 Reference value :  3.72565e-08
 Reference value :  3.72964e-08
 Reference value :  3.73364e-08
 Reference value :  3.73764e-08
 Reference value :  3.74364e-08
 Reference value :  3.74964e-08
 Reference value :  3.75564e-08
 Reference value :  3.76164e-08
 Reference value :  3.76764e-08
 Reference value :  3.77364e-08
 Reference value :  3.77778e-08
 Reference value :  3.77788e-08
 Reference value :  3.77793e-08
 Reference value :  3.77832e-08
 Reference value :  3.78345e-08
 Reference value :  3.78945e-08
 Reference value :  3.79545e-08
 Reference value :  3.80145e-08
 Reference value :  3.80745e-08
 Reference value :  3.81313e-08
 Reference value :  3.81484e-08
 Reference value :  3.81492e-08
 Reference value :  3.81502e-08
 Reference value :  3.81580e-08
 Reference value :  3.82049e-08
 Reference value :  3.82849e-08
 Reference value :  3.83649e-08
 Reference value :  3.84249e-08
 Reference value :  3.85049e-08
 Reference value :  3.85649e-08
 Reference value :  3.86449e-08
 Reference value :  3.87049e-08
 Reference value :  3.87649e-08
 Reference value :  3.88249e-08
 Reference value :  3.88849e-08
 Reference value :  3.89449e-08
 Reference value :  3.90049e-08
 Reference value :  3.90649e-08
 Reference value :  3.91249e-08
 Reference value :  3.92049e-08
 Reference value :  3.92649e-08
 Reference value :  3.93249e-08
 Reference value :  3.93849e-08
 Reference value :  3.94449e-08
 Reference value :  3.95049e-08
 Reference value :  3.95649e-08
 Reference value :  3.96173e-08
 Reference value :  3.96299e-08
 Reference value :  3.96307e-08
 Reference value :  3.96317e-08
 Reference value :  3.96395e-08
 Reference value :  3.97064e-08
 Reference value :  3.97664e-08
 Reference value :  3.98264e-08
 Reference value :  3.98864e-08
 Reference value :  3.99464e-08
 Reference value :  4.00064e-08
 Reference value :  4.00664e-08
 Reference value :  4.01264e-08
 Reference value :  4.01864e-08
 Reference value :  4.02464e-08
 Reference value :  4.03064e-08
 Reference value :  4.03664e-08
 Reference value :  4.04264e-08
 Reference value :  4.04864e-08
 Reference value :  4.05464e-08
 Reference value :  4.06064e-08
 Reference value :  4.06664e-08
 Reference value :  4.07407e-08
 Reference value :  4.07408e-08
 Reference value :  4.07415e-08
 Reference value :  4.07439e-08
 Reference value :  4.07475e-08
 Reference value :  4.07521e-08
 Reference value :  4.07591e-08
 Reference value :  4.07676e-08
 Reference value :  4.07765e-08
 Reference value :  4.07866e-08
 Reference value :  4.07990e-08
 Reference value :  4.08052e-08
 Reference value :  4.08106e-08
 Reference value :  4.08207e-08
 Reference value :  4.08209e-08
 Reference value :  4.08223e-08
 Reference value :  4.08274e-08
 Reference value :  4.08319e-08
 Reference value :  4.08382e-08
 Reference value :  4.08490e-08
 Reference value :  4.08639e-08
 Reference value :  4.08814e-08
 Reference value :  4.09028e-08
 Reference value :  4.09294e-08
 Reference value :  4.09632e-08
 Reference value :  4.10232e-08
 Reference value :  4.10632e-08
 Reference value :  4.11232e-08
 Reference value :  4.12032e-08
 Reference value :  4.12832e-08
 Reference value :  4.13432e-08
 Reference value :  4.14232e-08
 Reference value :  4.14832e-08
 Reference value :  4.15432e-08
 Reference value :  4.16032e-08
 Reference value :  4.16632e-08
 Reference value :  4.17232e-08
 Reference value :  4.17832e-08
 Reference value :  4.18375e-08
 Reference value :  4.18522e-08
 Reference value :  4.18529e-08
 Reference value :  4.18539e-08
 Reference value :  4.18617e-08
 Reference value :  4.19086e-08
 Reference value :  4.19686e-08
 Reference value :  4.20286e-08
 Reference value :  4.20886e-08
 Reference value :  4.21686e-08
 Reference value :  4.22286e-08
 Reference value :  4.22886e-08
 Reference value :  4.23686e-08
 Reference value :  4.24286e-08
 Reference value :  4.24886e-08
 Reference value :  4.25486e-08
 Reference value :  4.26086e-08
 Reference value :  4.26686e-08
 Reference value :  4.27486e-08
 Reference value :  4.28286e-08
 Reference value :  4.29086e-08
 Reference value :  4.29686e-08
 Reference value :  4.30286e-08
 Reference value :  4.31086e-08
 Reference value :  4.31886e-08
 Reference value :  4.32486e-08
 Reference value :  4.33086e-08
 Reference value :  4.33334e-08
 Reference value :  4.33343e-08
 Reference value :  4.33348e-08
 Reference value :  4.33387e-08
 Reference value :  4.33701e-08
 Reference value :  4.34301e-08
 Reference value :  4.34901e-08
 Reference value :  4.35501e-08
 Reference value :  4.36101e-08
 Reference value :  4.36701e-08
 Reference value :  4.37301e-08
 Reference value :  4.37901e-08
 Reference value :  4.38501e-08
 Reference value :  4.39101e-08
 Reference value :  4.39701e-08
 Reference value :  4.40501e-08
 Reference value :  4.41301e-08
 Reference value :  4.41901e-08
 Reference value :  4.42501e-08
 Reference value :  4.43101e-08
 Reference value :  4.43701e-08
 Reference value :  4.44273e-08
 Reference value :  4.44445e-08
 Reference value :  4.44452e-08
 Reference value :  4.44492e-08
 Reference value :  4.44558e-08
 Reference value :  4.44672e-08
 Reference value :  4.44756e-08
 Reference value :  4.44852e-08
 Reference value :  4.44962e-08
 Reference value :  4.45089e-08
 Reference value :  4.45143e-08
 Reference value :  4.45244e-08
 Reference value :  4.45246e-08
 Reference value :  4.45260e-08
 Reference value :  4.45292e-08
 Reference value :  4.45331e-08
 Reference value :  4.45383e-08
 Reference value :  4.45463e-08
 Reference value :  4.45598e-08
 Reference value :  4.45758e-08
 Reference value :  4.45951e-08
 Reference value :  4.46189e-08
 Reference value :  4.46489e-08
 Reference value :  4.46869e-08
 Reference value :  4.47269e-08
 Reference value :  4.47869e-08
 Reference value :  4.48469e-08
 Reference value :  4.49269e-08
 Reference value :  4.50069e-08
 Reference value :  4.50669e-08
 Reference value :  4.51269e-08
 Reference value :  4.51869e-08
 Reference value :  4.52469e-08
 Reference value :  4.53069e-08
 Reference value :  4.53669e-08
 Reference value :  4.54269e-08
 Reference value :  4.54869e-08
 Reference value :  4.55412e-08
 Reference value :  4.55559e-08
 Reference value :  4.55566e-08
 Reference value :  4.55576e-08
 Reference value :  4.55654e-08
 Reference value :  4.56123e-08
 Reference value :  4.56723e-08
 Reference value :  4.57323e-08
 Reference value :  4.57923e-08
 Reference value :  4.58723e-08
 Reference value :  4.59323e-08
 Reference value :  4.60123e-08
 Reference value :  4.60723e-08
 Reference value :  4.61323e-08
 Reference value :  4.61923e-08
 Reference value :  4.62523e-08
 Reference value :  4.63123e-08
 Reference value :  4.63723e-08
 Reference value :  4.64323e-08
 Reference value :  4.64923e-08
 Reference value :  4.65523e-08
 Reference value :  4.66123e-08
 Reference value :  4.66723e-08
 Reference value :  4.67323e-08
 Reference value :  4.67923e-08
 Reference value :  4.68523e-08
 Reference value :  4.69123e-08
 Reference value :  4.69723e-08
 Reference value :  4.70247e-08
 Reference value :  4.70377e-08
 Reference value :  4.70382e-08
 Reference value :  4.70402e-08
 Reference value :  4.70559e-08
 Reference value :  4.71138e-08
 Reference value :  4.71738e-08
 Reference value :  4.72538e-08
 Reference value :  4.73138e-08
 Reference value :  4.73738e-08
 Reference value :  4.74338e-08
 Reference value :  4.74938e-08
 Reference value :  4.75538e-08
 Reference value :  4.76138e-08
 Reference value :  4.76738e-08
 Reference value :  4.77338e-08
 Reference value :  4.77938e-08
 Reference value :  4.78538e-08
 Reference value :  4.79138e-08
 Reference value :  4.79738e-08
 Reference value :  4.80338e-08
 Reference value :  4.80938e-08
 Reference value :  4.81481e-08
 Reference value :  4.81482e-08
 Reference value :  4.81489e-08
 Reference value :  4.81513e-08
 Reference value :  4.81569e-08
 Reference value :  4.81624e-08
 Reference value :  4.81709e-08
 Reference value :  4.81839e-08
 Reference value :  4.81941e-08
 Reference value :  4.82065e-08
 Reference value :  4.82126e-08
 Reference value :  4.82180e-08
 Reference value :  4.82282e-08
 Reference value :  4.82297e-08
 Reference value :  4.82329e-08
 Reference value :  4.82368e-08
 Reference value :  4.82420e-08
 Reference value :  4.82500e-08
 Reference value :  4.82635e-08
 Reference value :  4.82795e-08
 Reference value :  4.82988e-08
 Reference value :  4.83226e-08
 Reference value :  4.83526e-08
 Reference value :  4.83906e-08
 Reference value :  4.84306e-08
 Reference value :  4.84706e-08
 Reference value :  4.85306e-08
 Reference value :  4.86106e-08
 Reference value :  4.86906e-08
 Reference value :  4.87506e-08
 Reference value :  4.88306e-08
 Reference value :  4.88906e-08
 Reference value :  4.89506e-08
 Reference value :  4.90306e-08
 Reference value :  4.91106e-08
 Reference value :  4.91706e-08
 Reference value :  4.92306e-08
 Reference value :  4.92594e-08
 Reference value :  4.92603e-08
 Reference value :  4.92607e-08
 Reference value :  4.92647e-08
 Reference value :  4.92960e-08
 Reference value :  4.93560e-08
 Reference value :  4.94160e-08
 Reference value :  4.94760e-08
 Reference value :  4.95360e-08
 Reference value :  4.95960e-08
 Reference value :  4.96560e-08
 Reference value :  4.97160e-08
 Reference value :  4.97760e-08
 Reference value :  4.98360e-08
 Reference value :  4.98960e-08
 Reference value :  4.99560e-08
 Reference value :  5.00160e-08
 Reference value :  5.00760e-08
 Reference value :  5.01560e-08
 Reference value :  5.02160e-08
 Reference value :  5.02760e-08
 Reference value :  5.03360e-08
 Reference value :  5.03960e-08
 Reference value :  5.04560e-08
 Reference value :  5.05160e-08
 Reference value :  5.05960e-08
 Reference value :  5.06560e-08
 Reference value :  5.07160e-08
 Reference value :  5.07408e-08
 Reference value :  5.07417e-08
 Reference value :  5.07422e-08
 Reference value :  5.07462e-08
 Reference value :  5.07775e-08
 Reference value :  5.08375e-08
 Reference value :  5.08975e-08
 Reference value :  5.09575e-08
 Reference value :  5.10175e-08
 Reference value :  5.10775e-08
 Reference value :  5.11375e-08
 Reference value :  5.11975e-08
 Reference value :  5.12575e-08
 Reference value :  5.13375e-08
 Reference value :  5.13975e-08
 Reference value :  5.14575e-08
 Reference value :  5.15175e-08
 Reference value :  5.15775e-08
 Reference value :  5.16375e-08
 Reference value :  5.16975e-08
 Reference value :  5.17575e-08
 Reference value :  5.18175e-08
 Reference value :  5.18519e-08
 Reference value :  5.18526e-08
 Reference value :  5.18550e-08
 Reference value :  5.18586e-08
 Reference value :  5.18632e-08
 Reference value :  5.18702e-08
 Reference value :  5.18787e-08
 Reference value :  5.18876e-08
 Reference value :  5.19036e-08
 Reference value :  5.19163e-08
 Reference value :  5.19217e-08
 Reference value :  5.19319e-08
 Reference value :  5.19319e-08
 Reference value :  5.19326e-08
 Reference value :  5.19350e-08
 Reference value :  5.19385e-08
 Reference value :  5.19457e-08
 Reference value :  5.19537e-08
 Reference value :  5.19672e-08
 Reference value :  5.19832e-08
 Reference value :  5.20025e-08
 Reference value :  5.20406e-08
 Reference value :  5.20743e-08
 Reference value :  5.21143e-08
 Reference value :  5.21743e-08
 Reference value :  5.22343e-08
 Reference value :  5.23143e-08
 Reference value :  5.23943e-08
 Reference value :  5.24743e-08
 Reference value :  5.25343e-08
 Reference value :  5.25943e-08
 Reference value :  5.26743e-08
 Reference value :  5.27543e-08
 Reference value :  5.28143e-08
 Reference value :  5.28743e-08
 Reference value :  5.29343e-08
 Reference value :  5.29633e-08
 Reference value :  5.29642e-08
 Reference value :  5.29661e-08
 Reference value :  5.29818e-08
 Reference value :  5.30597e-08
 Reference value :  5.31197e-08
 Reference value :  5.31997e-08
 Reference value :  5.32797e-08
 Reference value :  5.33397e-08
 Reference value :  5.33997e-08
 Reference value :  5.34797e-08
 Reference value :  5.35397e-08
 Reference value :  5.36197e-08
 Reference value :  5.36797e-08
 Reference value :  5.37597e-08
 Reference value :  5.38397e-08
 Reference value :  5.39197e-08
 Reference value :  5.39997e-08
 Reference value :  5.40597e-08
 Reference value :  5.41197e-08
 Reference value :  5.41797e-08
 Reference value :  5.42597e-08
 Reference value :  5.43397e-08
 Reference value :  5.44197e-08
 Reference value :  5.44447e-08
 Reference value :  5.44457e-08
 Reference value :  5.44476e-08
 Reference value :  5.44633e-08
 Reference value :  5.45212e-08
 Reference value :  5.45812e-08
 Reference value :  5.46612e-08
 Reference value :  5.47412e-08
 Reference value :  5.48212e-08
 Reference value :  5.48812e-08
 Reference value :  5.49412e-08
 Reference value :  5.50012e-08
 Reference value :  5.50612e-08
 Reference value :  5.51212e-08
 Reference value :  5.51812e-08
 Reference value :  5.52412e-08
 Reference value :  5.53012e-08
 Reference value :  5.53612e-08
 Reference value :  5.54212e-08
 Reference value :  5.55012e-08
 Reference value :  5.55556e-08
 Reference value :  5.55556e-08
 Reference value :  5.55571e-08
 Reference value :  5.55603e-08
 Reference value :  5.55669e-08
 Reference value :  5.55783e-08
 Reference value :  5.55913e-08
 Reference value :  5.56015e-08
 Reference value :  5.56139e-08
 Reference value :  5.56200e-08
 Reference value :  5.56305e-08
 Reference value :  5.56356e-08
 Reference value :  5.56363e-08
 Reference value :  5.56387e-08
 Reference value :  5.56422e-08
 Reference value :  5.56467e-08
 Reference value :  5.56531e-08
 Reference value :  5.56638e-08
 Reference value :  5.56787e-08
 Reference value :  5.56962e-08
 Reference value :  5.57176e-08
 Reference value :  5.57443e-08
 Reference value :  5.57780e-08
 Reference value :  5.58180e-08
 Reference value :  5.58580e-08
 Reference value :  5.59180e-08
 Reference value :  5.59980e-08
 Reference value :  5.60580e-08
 Reference value :  5.61180e-08
 Reference value :  5.61780e-08
 Reference value :  5.62380e-08
 Reference value :  5.62980e-08
 Reference value :  5.63580e-08
 Reference value :  5.64180e-08
 Reference value :  5.64780e-08
 Reference value :  5.65380e-08
 Reference value :  5.65980e-08
 Reference value :  5.66523e-08
 Reference value :  5.66670e-08
 Reference value :  5.66677e-08
 Reference value :  5.66687e-08
 Reference value :  5.66766e-08
 Reference value :  5.67434e-08
 Reference value :  5.68034e-08
 Reference value :  5.68634e-08
 Reference value :  5.69234e-08
 Reference value :  5.69834e-08
 Reference value :  5.70434e-08
 Reference value :  5.71034e-08
 Reference value :  5.71634e-08
 Reference value :  5.72234e-08
 Reference value :  5.73034e-08
 Reference value :  5.73634e-08
 Reference value :  5.74434e-08
 Reference value :  5.75034e-08
 Reference value :  5.75634e-08
 Reference value :  5.76434e-08
 Reference value :  5.77034e-08
 Reference value :  5.77634e-08
 Reference value :  5.78234e-08
 Reference value :  5.78834e-08
 Reference value :  5.79434e-08
 Reference value :  5.80034e-08
 Reference value :  5.80634e-08
 Reference value :  5.81358e-08
 Reference value :  5.81484e-08
 Reference value :  5.81492e-08
 Reference value :  5.81502e-08
 Reference value :  5.81580e-08
 Reference value :  5.82049e-08
 Reference value :  5.82849e-08
 Reference value :  5.83649e-08
 Reference value :  5.84249e-08
 Reference value :  5.84849e-08
 Reference value :  5.85186e-08
 Reference value :  5.85195e-08
 Reference value :  5.85200e-08
 Reference value :  5.85239e-08
 Reference value :  5.85553e-08
 Reference value :  5.86153e-08
 Reference value :  5.86753e-08
 Reference value :  5.87353e-08
 Reference value :  5.88153e-08
 Reference value :  5.88753e-08
 Reference value :  5.89353e-08
 Reference value :  5.89953e-08
 Reference value :  5.90553e-08
 Reference value :  5.91153e-08
 Reference value :  5.91673e-08
 Reference value :  5.91793e-08
 Reference value :  5.91798e-08
 Reference value :  5.91816e-08
 Reference value :  5.91851e-08
 Reference value :  5.91894e-08
 Reference value :  5.91956e-08
 Reference value :  5.92034e-08
 Reference value :  5.92119e-08
 Reference value :  5.92218e-08
 Reference value :  5.92332e-08
 Reference value :  5.92464e-08
 Reference value :  5.92554e-08
 Reference value :  5.92593e-08
 Reference value :  5.92604e-08
 Reference value :  5.92633e-08
 Reference value :  5.92670e-08
 Reference value :  5.92719e-08
 Reference value :  5.92791e-08
 Reference value :  5.92910e-08
 Reference value :  5.93065e-08
 Reference value :  5.93248e-08
 Reference value :  5.93473e-08
 Reference value :  5.93756e-08
 Reference value :  5.94114e-08
 Reference value :  5.94514e-08
 Reference value :  5.94914e-08
 Reference value :  5.95314e-08
 Reference value :  5.95914e-08
 Reference value :  5.96514e-08
 Reference value :  5.97114e-08
 Reference value :  5.97714e-08
 Reference value :  5.98314e-08
 Reference value :  5.98914e-08
 Reference value :  5.99514e-08
 Reference value :  6.00114e-08
 Reference value :  6.00714e-08
 Reference value :  6.01314e-08
 Reference value :  6.01914e-08
 Reference value :  6.02514e-08
 Reference value :  6.03114e-08
 Reference value :  6.03714e-08
 Reference value :  6.04314e-08
 Reference value :  6.04914e-08
 Reference value :  6.05514e-08
 Reference value :  6.06114e-08
 Reference value :  6.06714e-08
 Reference value :  6.07314e-08
 Reference value :  6.07914e-08
 Reference value :  6.08714e-08
 Reference value :  6.09314e-08
 Reference value :  6.10000e-08
No. of Data Rows : 3524
m_ui_ref            =  3.70370e-09 targ=  3.70770e-08 trig=  3.33733e-08
m_spa_in            =  1.48148e-08 targ=  4.81881e-08 trig=  3.33733e-08
m_spb_in            =  1.11111e-08 targ=  4.44844e-08 trig=  3.33733e-08
m_spa_c0            =  1.48148e-08 targ=  4.81954e-08 trig=  3.33805e-08
m_spb_c0            =  1.11111e-08 targ=  4.44917e-08 trig=  3.33805e-08
m_trise_c0          =  4.92883e-11 targ=  3.71076e-08 trig=  3.70583e-08
m_tfall_c0          =  4.93200e-11 targ=  4.08113e-08 trig=  4.07620e-08
m_spa_c1            =  1.48148e-08 targ=  4.82295e-08 trig=  3.34147e-08
m_spb_c1            =  1.11111e-08 targ=  4.45258e-08 trig=  3.34147e-08
m_trise_c1          =  1.17314e-10 targ=  3.71951e-08 trig=  3.70778e-08
m_tfall_c1          =  1.17383e-10 targ=  4.08989e-08 trig=  4.07816e-08
m_spa_c2            =  1.48148e-08 targ=  4.82599e-08 trig=  3.34450e-08
m_spb_c2            =  1.11111e-08 targ=  4.45562e-08 trig=  3.34450e-08
m_trise_c2          =  2.20327e-10 targ=  3.73080e-08 trig=  3.70877e-08
m_tfall_c2          =  2.20293e-10 targ=  4.10117e-08 trig=  4.07914e-08
m_spa_cmis          =  1.48148e-08 targ=  4.82400e-08 trig=  3.34252e-08
m_spb_cmis          =  1.11126e-08 targ=  4.45378e-08 trig=  3.34252e-08
m_dj_ui_c0 = 2.6999997840e-06
m_swing_c0 = 5.0824670647e-01
m_vpp_c0 = 6.0415744171e-01
m_vcm_c0 = 3.0456418495e+00
m_dj_ui_c1 = 2.6999997835e-06
m_swing_c1 = 5.0824058165e-01
m_vpp_c1 = 5.1344388867e-01
m_vcm_c1 = 3.0456449126e+00
m_dj_ui_c2 = 2.6999997835e-06
m_swing_c2 = 5.0819097665e-01
m_vpp_c2 = 5.1100253412e-01
m_vcm_c2 = 3.0456697214e+00
m_dj_ui_cmis = 3.9149996868e-04
m_swing_cmis = 5.0818898698e-01
m_swing_avcclo = 5.0774066340e-01
m_vcm_avcclo = 2.7158521494e+00
m_swing_avcchi = 5.0865407576e-01
m_vcm_avcchi = 3.3754641494e+00
m_vgs_sw_max = 1.4808919665e+00
m_vgd_sw_max = 1.8147912706e+00
m_vds_sw_max = 2.3273997671e+00
m_vgs_tail_max = 1.0230766230e+00
m_vds_tail_max = 1.4075417839e+00
m_swing_dc = 5.0792454226e-01
m_vcm_dc = 3.0458030368e+00
m_ioff_dc = 4.6938405373e-06
m_itail_dc = 1.0167878526e-02
m_icell_dc = 1.0667878527e-02
m_ro_leg = 3.4305192147e+04
Note: Simulation executed from .control section 

