
Note: No compatibility mode selected!


Circuit: * cml-driver-eye @ fs_125c_2.97v_742p5mbps -- generated by sim/harness, do not edit

Doing analysis at TEMP = 125.000000 and TNOM = 27.000000

Using SPARSE 1.3 as Direct Linear Solver

Initial Transient Solution
--------------------------

Node                                   Voltage
----                                   -------
avcc                                       3.3
avcclo                                    2.97
avcchi                                    3.63
inp                                     2.5245
inn                                     1.6335
inpz                                    2.5245
innz                                    1.6335
inref                                    0.891
win                                          0
winc                                         0
xc0.tail                                1.1561
ib_c0                                  1.02189
outp_c0                                2.79795
outn_c0                                3.29866
vd_c0                                 0.500709
xc1.tail                                1.1561
ib_c1                                  1.02189
outp_c1                                2.79795
outn_c1                                3.29866
vd_c1                                 0.500709
xc2.tail                                1.1561
ib_c2                                  1.02189
outp_c2                                2.79795
outn_c2                                3.29866
vd_c2                                 0.500709
xcmis.tail                              1.1561
ib_cmis                                1.02189
outp_cmis                              2.79795
outn_cmis                              3.29866
vd_cmis                               0.500709
xvlo.tail                              1.13868
ib_vlo                                 1.02189
outp_vlo                               2.46851
outn_vlo                               2.96852
xvhi.tail                              1.17244
ib_vhi                                 1.02189
outp_vhi                               3.12747
outn_vhi                               3.62876
xz.tail                                 1.1561
ib_z                                   1.02189
vss_z                                        0
outp_z                                 2.79795
outn_z                                 3.29866
xza.tail                               1.14603
ib_za                                  1.02189
outp_za                                    2.6
outn_za                                3.29834
xzb.tail                               1.16604
ib_zb                                  1.02189
outp_zb                                      3
outn_zb                                3.29892
ediff_cmis#branch                            0
ediff_c2#branch                              0
ediff_c1#branch                              0
ediff_c0#branch                              0
einref#branch                                0
vforce_zb#branch                    -0.0100509
vforce_za#branch                    -0.0100298
vsens_z#branch                       0.0105678
vwinc#branch                                 0
vwin#branch                                  0
vinnz#branch                                 0
vinpz#branch                                 0
vinn#branch                                  0
vinp#branch                                  0
vavcchi#branch                      -0.0100755
vavcclo#branch                      -0.0100595
vavcc#branch                        -0.0503937

 Reference value :  0.00000e+00
 Reference value :  4.00000e-13
 Reference value :  6.40000e-12
 Reference value :  4.56000e-11
 Reference value :  1.05600e-10
 Reference value :  1.65600e-10
 Reference value :  2.25600e-10
 Reference value :  2.85600e-10
 Reference value :  3.45600e-10
 Reference value :  4.25600e-10
 Reference value :  4.85600e-10
 Reference value :  5.65600e-10
 Reference value :  6.25600e-10
 Reference value :  6.85600e-10
 Reference value :  7.45600e-10
 Reference value :  8.05600e-10
 Reference value :  8.65600e-10
 Reference value :  9.45600e-10
 Reference value :  1.00560e-09
 Reference value :  1.06560e-09
 Reference value :  1.14560e-09
 Reference value :  1.22560e-09
 Reference value :  1.28560e-09
 Reference value :  1.34560e-09
 Reference value :  1.40560e-09
 Reference value :  1.46560e-09
 Reference value :  1.52560e-09
 Reference value :  1.58560e-09
 Reference value :  1.64560e-09
 Reference value :  1.70560e-09
 Reference value :  1.76560e-09
 Reference value :  1.82560e-09
 Reference value :  1.88560e-09
 Reference value :  1.94560e-09
 Reference value :  2.00560e-09
 Reference value :  2.06560e-09
 Reference value :  2.12560e-09
 Reference value :  2.18560e-09
 Reference value :  2.24560e-09
 Reference value :  2.32560e-09
 Reference value :  2.38560e-09
 Reference value :  2.44560e-09
 Reference value :  2.50560e-09
 Reference value :  2.58560e-09
 Reference value :  2.64560e-09
 Reference value :  2.70560e-09
 Reference value :  2.78560e-09
 Reference value :  2.84560e-09
 Reference value :  2.90560e-09
 Reference value :  2.96560e-09
 Reference value :  3.02560e-09
 Reference value :  3.10560e-09
 Reference value :  3.16560e-09
 Reference value :  3.22560e-09
 Reference value :  3.28560e-09
 Reference value :  3.34560e-09
 Reference value :  3.42560e-09
 Reference value :  3.48560e-09
 Reference value :  3.54560e-09
 Reference value :  3.60560e-09
 Reference value :  3.66560e-09
 Reference value :  3.72560e-09
 Reference value :  3.80560e-09
 Reference value :  3.86560e-09
 Reference value :  3.92560e-09
 Reference value :  3.98560e-09
 Reference value :  4.04560e-09
 Reference value :  4.10560e-09
 Reference value :  4.16560e-09
 Reference value :  4.22560e-09
 Reference value :  4.28560e-09
 Reference value :  4.36560e-09
 Reference value :  4.42560e-09
 Reference value :  4.48560e-09
 Reference value :  4.54560e-09
 Reference value :  4.60560e-09
 Reference value :  4.66560e-09
 Reference value :  4.72560e-09
 Reference value :  4.80560e-09
 Reference value :  4.86560e-09
 Reference value :  4.92560e-09
 Reference value :  4.98560e-09
 Reference value :  5.04560e-09
 Reference value :  5.10560e-09
 Reference value :  5.16560e-09
 Reference value :  5.22560e-09
 Reference value :  5.30560e-09
 Reference value :  5.36560e-09
 Reference value :  5.42560e-09
 Reference value :  5.48560e-09
 Reference value :  5.54560e-09
 Reference value :  5.60560e-09
 Reference value :  5.66560e-09
 Reference value :  5.72560e-09
 Reference value :  5.78560e-09
 Reference value :  5.84560e-09
 Reference value :  5.90560e-09
 Reference value :  5.96560e-09
 Reference value :  6.02560e-09
 Reference value :  6.08560e-09
 Reference value :  6.14560e-09
 Reference value :  6.20560e-09
 Reference value :  6.26560e-09
 Reference value :  6.32560e-09
 Reference value :  6.38560e-09
 Reference value :  6.44560e-09
 Reference value :  6.50560e-09
 Reference value :  6.56560e-09
 Reference value :  6.62560e-09
 Reference value :  6.68560e-09
 Reference value :  6.74560e-09
 Reference value :  6.80560e-09
 Reference value :  6.86560e-09
 Reference value :  6.92560e-09
 Reference value :  6.98560e-09
 Reference value :  7.04560e-09
 Reference value :  7.10560e-09
 Reference value :  7.16560e-09
 Reference value :  7.22560e-09
 Reference value :  7.28560e-09
 Reference value :  7.34560e-09
 Reference value :  7.40560e-09
 Reference value :  7.46560e-09
 Reference value :  7.52560e-09
 Reference value :  7.58560e-09
 Reference value :  7.64560e-09
 Reference value :  7.70560e-09
 Reference value :  7.78560e-09
 Reference value :  7.86560e-09
 Reference value :  7.92560e-09
 Reference value :  7.98560e-09
 Reference value :  8.04560e-09
 Reference value :  8.10560e-09
 Reference value :  8.16560e-09
 Reference value :  8.22560e-09
 Reference value :  8.28560e-09
 Reference value :  8.34560e-09
 Reference value :  8.40560e-09
 Reference value :  8.46560e-09
 Reference value :  8.52560e-09
 Reference value :  8.58560e-09
 Reference value :  8.64560e-09
 Reference value :  8.70560e-09
 Reference value :  8.76560e-09
 Reference value :  8.82560e-09
 Reference value :  8.88560e-09
 Reference value :  8.94560e-09
 Reference value :  9.00560e-09
 Reference value :  9.06560e-09
 Reference value :  9.12560e-09
 Reference value :  9.18560e-09
 Reference value :  9.24560e-09
 Reference value :  9.30560e-09
 Reference value :  9.36560e-09
 Reference value :  9.42560e-09
 Reference value :  9.48560e-09
 Reference value :  9.54560e-09
 Reference value :  9.60560e-09
 Reference value :  9.66560e-09
 Reference value :  9.74560e-09
 Reference value :  9.80560e-09
 Reference value :  9.86560e-09
 Reference value :  9.92560e-09
 Reference value :  9.98560e-09
 Reference value :  1.00456e-08
 Reference value :  1.01056e-08
 Reference value :  1.01656e-08
 Reference value :  1.02256e-08
 Reference value :  1.02856e-08
 Reference value :  1.03456e-08
 Reference value :  1.04256e-08
 Reference value :  1.04856e-08
 Reference value :  1.05456e-08
 Reference value :  1.06056e-08
 Reference value :  1.06856e-08
 Reference value :  1.07456e-08
 Reference value :  1.08056e-08
 Reference value :  1.08656e-08
 Reference value :  1.09256e-08
 Reference value :  1.10056e-08
 Reference value :  1.10656e-08
 Reference value :  1.11256e-08
 Reference value :  1.11856e-08
 Reference value :  1.12456e-08
 Reference value :  1.13256e-08
 Reference value :  1.13856e-08
 Reference value :  1.14456e-08
 Reference value :  1.15056e-08
 Reference value :  1.15656e-08
 Reference value :  1.16256e-08
 Reference value :  1.16856e-08
 Reference value :  1.17456e-08
 Reference value :  1.18056e-08
 Reference value :  1.18656e-08
 Reference value :  1.19256e-08
 Reference value :  1.19856e-08
 Reference value :  1.20456e-08
 Reference value :  1.21034e-08
 Reference value :  1.21213e-08
 Reference value :  1.21221e-08
 Reference value :  1.21248e-08
 Reference value :  1.21286e-08
 Reference value :  1.21369e-08
 Reference value :  1.21410e-08
 Reference value :  1.21502e-08
 Reference value :  1.21609e-08
 Reference value :  1.21731e-08
 Reference value :  1.21873e-08
 Reference value :  1.21977e-08
 Reference value :  1.22012e-08
 Reference value :  1.22017e-08
 Reference value :  1.22033e-08
 Reference value :  1.22049e-08
 Reference value :  1.22087e-08
 Reference value :  1.22137e-08
 Reference value :  1.22211e-08
 Reference value :  1.22347e-08
 Reference value :  1.22512e-08
 Reference value :  1.22707e-08
 Reference value :  1.22947e-08
 Reference value :  1.23245e-08
 Reference value :  1.23617e-08
 Reference value :  1.24017e-08
 Reference value :  1.24417e-08
 Reference value :  1.25017e-08
 Reference value :  1.25617e-08
 Reference value :  1.26217e-08
 Reference value :  1.26817e-08
 Reference value :  1.27417e-08
 Reference value :  1.28017e-08
 Reference value :  1.28617e-08
 Reference value :  1.29217e-08
 Reference value :  1.29817e-08
 Reference value :  1.30417e-08
 Reference value :  1.31017e-08
 Reference value :  1.31617e-08
 Reference value :  1.32217e-08
 Reference value :  1.33017e-08
 Reference value :  1.33617e-08
 Reference value :  1.34217e-08
 Reference value :  1.34680e-08
 Reference value :  1.34681e-08
 Reference value :  1.34687e-08
 Reference value :  1.34708e-08
 Reference value :  1.34744e-08
 Reference value :  1.34791e-08
 Reference value :  1.34910e-08
 Reference value :  1.35004e-08
 Reference value :  1.35115e-08
 Reference value :  1.35246e-08
 Reference value :  1.35391e-08
 Reference value :  1.35480e-08
 Reference value :  1.35481e-08
 Reference value :  1.35486e-08
 Reference value :  1.35504e-08
 Reference value :  1.35540e-08
 Reference value :  1.35584e-08
 Reference value :  1.35648e-08
 Reference value :  1.35754e-08
 Reference value :  1.35911e-08
 Reference value :  1.36093e-08
 Reference value :  1.36315e-08
 Reference value :  1.36589e-08
 Reference value :  1.36933e-08
 Reference value :  1.37253e-08
 Reference value :  1.37375e-08
 Reference value :  1.37384e-08
 Reference value :  1.37389e-08
 Reference value :  1.37428e-08
 Reference value :  1.37741e-08
 Reference value :  1.38141e-08
 Reference value :  1.38721e-08
 Reference value :  1.38727e-08
 Reference value :  1.38733e-08
 Reference value :  1.38752e-08
 Reference value :  1.38909e-08
 Reference value :  1.39488e-08
 Reference value :  1.40088e-08
 Reference value :  1.40888e-08
 Reference value :  1.41488e-08
 Reference value :  1.42088e-08
 Reference value :  1.42688e-08
 Reference value :  1.43288e-08
 Reference value :  1.43888e-08
 Reference value :  1.44109e-08
 Reference value :  1.44118e-08
 Reference value :  1.44123e-08
 Reference value :  1.44207e-08
 Reference value :  1.44675e-08
 Reference value :  1.45275e-08
 Reference value :  1.45875e-08
 Reference value :  1.46475e-08
 Reference value :  1.47075e-08
 Reference value :  1.47675e-08
 Reference value :  1.48148e-08
 Reference value :  1.48149e-08
 Reference value :  1.48155e-08
 Reference value :  1.48176e-08
 Reference value :  1.48213e-08
 Reference value :  1.48260e-08
 Reference value :  1.48333e-08
 Reference value :  1.48424e-08
 Reference value :  1.48529e-08
 Reference value :  1.48648e-08
 Reference value :  1.48798e-08
 Reference value :  1.48863e-08
 Reference value :  1.48948e-08
 Reference value :  1.48949e-08
 Reference value :  1.48954e-08
 Reference value :  1.48971e-08
 Reference value :  1.49007e-08
 Reference value :  1.49051e-08
 Reference value :  1.49113e-08
 Reference value :  1.49218e-08
 Reference value :  1.49374e-08
 Reference value :  1.49555e-08
 Reference value :  1.49776e-08
 Reference value :  1.50049e-08
 Reference value :  1.50391e-08
 Reference value :  1.50791e-08
 Reference value :  1.51191e-08
 Reference value :  1.51791e-08
 Reference value :  1.52190e-08
 Reference value :  1.52199e-08
 Reference value :  1.52203e-08
 Reference value :  1.52243e-08
 Reference value :  1.52556e-08
 Reference value :  1.53156e-08
 Reference value :  1.53756e-08
 Reference value :  1.54356e-08
 Reference value :  1.54956e-08
 Reference value :  1.55756e-08
 Reference value :  1.56356e-08
 Reference value :  1.56956e-08
 Reference value :  1.57466e-08
 Reference value :  1.57579e-08
 Reference value :  1.57588e-08
 Reference value :  1.57607e-08
 Reference value :  1.57764e-08
 Reference value :  1.58343e-08
 Reference value :  1.58943e-08
 Reference value :  1.59543e-08
 Reference value :  1.60343e-08
 Reference value :  1.61143e-08
 Reference value :  1.61617e-08
 Reference value :  1.61630e-08
 Reference value :  1.61681e-08
 Reference value :  1.61759e-08
 Reference value :  1.61892e-08
 Reference value :  1.61997e-08
 Reference value :  1.62116e-08
 Reference value :  1.62266e-08
 Reference value :  1.62374e-08
 Reference value :  1.62417e-08
 Reference value :  1.62422e-08
 Reference value :  1.62439e-08
 Reference value :  1.62475e-08
 Reference value :  1.62519e-08
 Reference value :  1.62581e-08
 Reference value :  1.62686e-08
 Reference value :  1.62842e-08
 Reference value :  1.63133e-08
 Reference value :  1.63517e-08
 Reference value :  1.63859e-08
 Reference value :  1.64259e-08
 Reference value :  1.64659e-08
 Reference value :  1.65059e-08
 Reference value :  1.65657e-08
 Reference value :  1.65663e-08
 Reference value :  1.65669e-08
 Reference value :  1.65711e-08
 Reference value :  1.66024e-08
 Reference value :  1.66624e-08
 Reference value :  1.67224e-08
 Reference value :  1.67824e-08
 Reference value :  1.68424e-08
 Reference value :  1.69024e-08
 Reference value :  1.69624e-08
 Reference value :  1.70224e-08
 Reference value :  1.70824e-08
 Reference value :  1.71045e-08
 Reference value :  1.71054e-08
 Reference value :  1.71059e-08
 Reference value :  1.71098e-08
 Reference value :  1.71411e-08
 Reference value :  1.72011e-08
 Reference value :  1.72611e-08
 Reference value :  1.73211e-08
 Reference value :  1.73811e-08
 Reference value :  1.74611e-08
 Reference value :  1.75084e-08
 Reference value :  1.75086e-08
 Reference value :  1.75112e-08
 Reference value :  1.75171e-08
 Reference value :  1.75269e-08
 Reference value :  1.75410e-08
 Reference value :  1.75521e-08
 Reference value :  1.75653e-08
 Reference value :  1.75799e-08
 Reference value :  1.75884e-08
 Reference value :  1.75885e-08
 Reference value :  1.75890e-08
 Reference value :  1.75907e-08
 Reference value :  1.75943e-08
 Reference value :  1.75987e-08
 Reference value :  1.76049e-08
 Reference value :  1.76154e-08
 Reference value :  1.76310e-08
 Reference value :  1.76601e-08
 Reference value :  1.76846e-08
 Reference value :  1.77151e-08
 Reference value :  1.77727e-08
 Reference value :  1.78327e-08
 Reference value :  1.79125e-08
 Reference value :  1.79135e-08
 Reference value :  1.79145e-08
 Reference value :  1.79313e-08
 Reference value :  1.80092e-08
 Reference value :  1.80692e-08
 Reference value :  1.81292e-08
 Reference value :  1.81892e-08
 Reference value :  1.82492e-08
 Reference value :  1.83292e-08
 Reference value :  1.83892e-08
 Reference value :  1.84402e-08
 Reference value :  1.84515e-08
 Reference value :  1.84522e-08
 Reference value :  1.84532e-08
 Reference value :  1.84611e-08
 Reference value :  1.85079e-08
 Reference value :  1.85679e-08
 Reference value :  1.86279e-08
 Reference value :  1.86879e-08
 Reference value :  1.87479e-08
 Reference value :  1.88079e-08
 Reference value :  1.88552e-08
 Reference value :  1.88553e-08
 Reference value :  1.88559e-08
 Reference value :  1.88580e-08
 Reference value :  1.88617e-08
 Reference value :  1.88695e-08
 Reference value :  1.88783e-08
 Reference value :  1.88878e-08
 Reference value :  1.88989e-08
 Reference value :  1.89121e-08
 Reference value :  1.89267e-08
 Reference value :  1.89352e-08
 Reference value :  1.89353e-08
 Reference value :  1.89363e-08
 Reference value :  1.89394e-08
 Reference value :  1.89433e-08
 Reference value :  1.89517e-08
 Reference value :  1.89622e-08
 Reference value :  1.89778e-08
 Reference value :  1.89959e-08
 Reference value :  1.90180e-08
 Reference value :  1.90453e-08
 Reference value :  1.90795e-08
 Reference value :  1.91195e-08
 Reference value :  1.91595e-08
 Reference value :  1.91995e-08
 Reference value :  1.92593e-08
 Reference value :  1.92599e-08
 Reference value :  1.92605e-08
 Reference value :  1.92624e-08
 Reference value :  1.92781e-08
 Reference value :  1.93360e-08
 Reference value :  1.93960e-08
 Reference value :  1.94760e-08
 Reference value :  1.95560e-08
 Reference value :  1.96160e-08
 Reference value :  1.96960e-08
 Reference value :  1.97560e-08
 Reference value :  1.97980e-08
 Reference value :  1.97986e-08
 Reference value :  1.97992e-08
 Reference value :  1.98011e-08
 Reference value :  1.98347e-08
 Reference value :  1.98947e-08
 Reference value :  1.99747e-08
 Reference value :  2.00347e-08
 Reference value :  2.00947e-08
 Reference value :  2.01547e-08
 Reference value :  2.02020e-08
 Reference value :  2.02021e-08
 Reference value :  2.02027e-08
 Reference value :  2.02048e-08
 Reference value :  2.02085e-08
 Reference value :  2.02132e-08
 Reference value :  2.02205e-08
 Reference value :  2.02296e-08
 Reference value :  2.02401e-08
 Reference value :  2.02520e-08
 Reference value :  2.02670e-08
 Reference value :  2.02735e-08
 Reference value :  2.02820e-08
 Reference value :  2.02821e-08
 Reference value :  2.02826e-08
 Reference value :  2.02843e-08
 Reference value :  2.02879e-08
 Reference value :  2.02923e-08
 Reference value :  2.02985e-08
 Reference value :  2.03090e-08
 Reference value :  2.03246e-08
 Reference value :  2.03537e-08
 Reference value :  2.03782e-08
 Reference value :  2.04087e-08
 Reference value :  2.04463e-08
 Reference value :  2.04863e-08
 Reference value :  2.05463e-08
 Reference value :  2.06062e-08
 Reference value :  2.06071e-08
 Reference value :  2.06076e-08
 Reference value :  2.06115e-08
 Reference value :  2.06628e-08
 Reference value :  2.07228e-08
 Reference value :  2.07828e-08
 Reference value :  2.08428e-08
 Reference value :  2.09228e-08
 Reference value :  2.09828e-08
 Reference value :  2.10428e-08
 Reference value :  2.11228e-08
 Reference value :  2.11449e-08
 Reference value :  2.11458e-08
 Reference value :  2.11463e-08
 Reference value :  2.11547e-08
 Reference value :  2.12016e-08
 Reference value :  2.12605e-08
 Reference value :  2.12798e-08
 Reference value :  2.12805e-08
 Reference value :  2.12815e-08
 Reference value :  2.12983e-08
 Reference value :  2.13562e-08
 Reference value :  2.14162e-08
 Reference value :  2.14688e-08
 Reference value :  2.14689e-08
 Reference value :  2.14704e-08
 Reference value :  2.14759e-08
 Reference value :  2.14808e-08
 Reference value :  2.14887e-08
 Reference value :  2.14978e-08
 Reference value :  2.15085e-08
 Reference value :  2.15207e-08
 Reference value :  2.15345e-08
 Reference value :  2.15409e-08
 Reference value :  2.15489e-08
 Reference value :  2.15493e-08
 Reference value :  2.15510e-08
 Reference value :  2.15526e-08
 Reference value :  2.15565e-08
 Reference value :  2.15615e-08
 Reference value :  2.15690e-08
 Reference value :  2.15827e-08
 Reference value :  2.15992e-08
 Reference value :  2.16188e-08
 Reference value :  2.16566e-08
 Reference value :  2.16902e-08
 Reference value :  2.17302e-08
 Reference value :  2.17702e-08
 Reference value :  2.18302e-08
 Reference value :  2.19102e-08
 Reference value :  2.19902e-08
 Reference value :  2.20702e-08
 Reference value :  2.21302e-08
 Reference value :  2.21902e-08
 Reference value :  2.22502e-08
 Reference value :  2.23302e-08
 Reference value :  2.23902e-08
 Reference value :  2.24502e-08
 Reference value :  2.25102e-08
 Reference value :  2.25702e-08
 Reference value :  2.26302e-08
 Reference value :  2.26902e-08
 Reference value :  2.27702e-08
 Reference value :  2.28302e-08
 Reference value :  2.29102e-08
 Reference value :  2.29902e-08
 Reference value :  2.30502e-08
 Reference value :  2.31102e-08
 Reference value :  2.31702e-08
 Reference value :  2.32302e-08
 Reference value :  2.32902e-08
 Reference value :  2.33502e-08
 Reference value :  2.34102e-08
 Reference value :  2.34702e-08
 Reference value :  2.35302e-08
 Reference value :  2.35902e-08
 Reference value :  2.36502e-08
 Reference value :  2.37302e-08
 Reference value :  2.38102e-08
 Reference value :  2.38902e-08
 Reference value :  2.39502e-08
 Reference value :  2.40102e-08
 Reference value :  2.40902e-08
 Reference value :  2.41502e-08
 Reference value :  2.42102e-08
 Reference value :  2.42702e-08
 Reference value :  2.43302e-08
 Reference value :  2.43902e-08
 Reference value :  2.44502e-08
 Reference value :  2.45102e-08
 Reference value :  2.45702e-08
 Reference value :  2.46302e-08
 Reference value :  2.46902e-08
 Reference value :  2.47702e-08
 Reference value :  2.48502e-08
 Reference value :  2.49102e-08
 Reference value :  2.49902e-08
 Reference value :  2.50702e-08
 Reference value :  2.51302e-08
 Reference value :  2.51902e-08
 Reference value :  2.52502e-08
 Reference value :  2.53102e-08
 Reference value :  2.53702e-08
 Reference value :  2.54302e-08
 Reference value :  2.54902e-08
 Reference value :  2.55502e-08
 Reference value :  2.56102e-08
 Reference value :  2.56702e-08
 Reference value :  2.57502e-08
 Reference value :  2.58102e-08
 Reference value :  2.58702e-08
 Reference value :  2.59302e-08
 Reference value :  2.59902e-08
 Reference value :  2.60502e-08
 Reference value :  2.61102e-08
 Reference value :  2.61702e-08
 Reference value :  2.62302e-08
 Reference value :  2.62902e-08
 Reference value :  2.63502e-08
 Reference value :  2.64102e-08
 Reference value :  2.64702e-08
 Reference value :  2.65302e-08
 Reference value :  2.65902e-08
 Reference value :  2.66502e-08
 Reference value :  2.67102e-08
 Reference value :  2.67702e-08
 Reference value :  2.68302e-08
 Reference value :  2.68902e-08
 Reference value :  2.69702e-08
 Reference value :  2.70502e-08
 Reference value :  2.71102e-08
 Reference value :  2.71702e-08
 Reference value :  2.72302e-08
 Reference value :  2.72902e-08
 Reference value :  2.73502e-08
 Reference value :  2.74102e-08
 Reference value :  2.74702e-08
 Reference value :  2.75302e-08
 Reference value :  2.75902e-08
 Reference value :  2.76502e-08
 Reference value :  2.77102e-08
 Reference value :  2.77702e-08
 Reference value :  2.78302e-08
 Reference value :  2.78902e-08
 Reference value :  2.79502e-08
 Reference value :  2.80102e-08
 Reference value :  2.80702e-08
 Reference value :  2.81302e-08
 Reference value :  2.81902e-08
 Reference value :  2.82502e-08
 Reference value :  2.83102e-08
 Reference value :  2.83702e-08
 Reference value :  2.84302e-08
 Reference value :  2.84902e-08
 Reference value :  2.85702e-08
 Reference value :  2.86302e-08
 Reference value :  2.86902e-08
 Reference value :  2.87502e-08
 Reference value :  2.88102e-08
 Reference value :  2.88702e-08
 Reference value :  2.89302e-08
 Reference value :  2.89902e-08
 Reference value :  2.90502e-08
 Reference value :  2.91102e-08
 Reference value :  2.91702e-08
 Reference value :  2.92302e-08
 Reference value :  2.92902e-08
 Reference value :  2.93502e-08
 Reference value :  2.94102e-08
 Reference value :  2.94702e-08
 Reference value :  2.95302e-08
 Reference value :  2.95902e-08
 Reference value :  2.96502e-08
 Reference value :  2.97102e-08
 Reference value :  2.97702e-08
 Reference value :  2.98302e-08
 Reference value :  2.98902e-08
 Reference value :  2.99502e-08
 Reference value :  3.00102e-08
 Reference value :  3.00702e-08
 Reference value :  3.01302e-08
 Reference value :  3.01902e-08
 Reference value :  3.02502e-08
 Reference value :  3.03102e-08
 Reference value :  3.03702e-08
 Reference value :  3.04302e-08
 Reference value :  3.04902e-08
 Reference value :  3.05502e-08
 Reference value :  3.06102e-08
 Reference value :  3.06702e-08
 Reference value :  3.07302e-08
 Reference value :  3.07902e-08
 Reference value :  3.08502e-08
 Reference value :  3.09102e-08
 Reference value :  3.09702e-08
 Reference value :  3.10302e-08
 Reference value :  3.10902e-08
 Reference value :  3.11502e-08
 Reference value :  3.12102e-08
 Reference value :  3.12702e-08
 Reference value :  3.13302e-08
 Reference value :  3.13902e-08
 Reference value :  3.14502e-08
 Reference value :  3.15102e-08
 Reference value :  3.15702e-08
 Reference value :  3.16302e-08
 Reference value :  3.16902e-08
 Reference value :  3.17502e-08
 Reference value :  3.18102e-08
 Reference value :  3.18702e-08
 Reference value :  3.19302e-08
 Reference value :  3.19902e-08
 Reference value :  3.20502e-08
 Reference value :  3.21102e-08
 Reference value :  3.21702e-08
 Reference value :  3.22302e-08
 Reference value :  3.22902e-08
 Reference value :  3.23502e-08
 Reference value :  3.24102e-08
 Reference value :  3.24702e-08
 Reference value :  3.25302e-08
 Reference value :  3.25902e-08
 Reference value :  3.26502e-08
 Reference value :  3.27102e-08
 Reference value :  3.27702e-08
 Reference value :  3.28302e-08
 Reference value :  3.29102e-08
 Reference value :  3.29702e-08
 Reference value :  3.30302e-08
 Reference value :  3.30902e-08
 Reference value :  3.31702e-08
 Reference value :  3.32302e-08
 Reference value :  3.32902e-08
 Reference value :  3.33702e-08
 Reference value :  3.34302e-08
 Reference value :  3.34902e-08
 Reference value :  3.35502e-08
 Reference value :  3.36102e-08
 Reference value :  3.36701e-08
 Reference value :  3.36710e-08
 Reference value :  3.36736e-08
 Reference value :  3.36774e-08
 Reference value :  3.36825e-08
 Reference value :  3.36902e-08
 Reference value :  3.37045e-08
 Reference value :  3.37159e-08
 Reference value :  3.37297e-08
 Reference value :  3.37366e-08
 Reference value :  3.37467e-08
 Reference value :  3.37501e-08
 Reference value :  3.37505e-08
 Reference value :  3.37537e-08
 Reference value :  3.37576e-08
 Reference value :  3.37625e-08
 Reference value :  3.37755e-08
 Reference value :  3.37909e-08
 Reference value :  3.38087e-08
 Reference value :  3.38304e-08
 Reference value :  3.38571e-08
 Reference value :  3.38905e-08
 Reference value :  3.39505e-08
 Reference value :  3.39905e-08
 Reference value :  3.40505e-08
 Reference value :  3.41305e-08
 Reference value :  3.42105e-08
 Reference value :  3.42905e-08
 Reference value :  3.43505e-08
 Reference value :  3.44105e-08
 Reference value :  3.44705e-08
 Reference value :  3.45305e-08
 Reference value :  3.45905e-08
 Reference value :  3.46505e-08
 Reference value :  3.47105e-08
 Reference value :  3.47705e-08
 Reference value :  3.48305e-08
 Reference value :  3.48905e-08
 Reference value :  3.49705e-08
 Reference value :  3.50169e-08
 Reference value :  3.50182e-08
 Reference value :  3.50233e-08
 Reference value :  3.50279e-08
 Reference value :  3.50351e-08
 Reference value :  3.50442e-08
 Reference value :  3.50546e-08
 Reference value :  3.50734e-08
 Reference value :  3.50879e-08
 Reference value :  3.50968e-08
 Reference value :  3.50969e-08
 Reference value :  3.50974e-08
 Reference value :  3.50992e-08
 Reference value :  3.51028e-08
 Reference value :  3.51073e-08
 Reference value :  3.51136e-08
 Reference value :  3.51243e-08
 Reference value :  3.51399e-08
 Reference value :  3.51581e-08
 Reference value :  3.51803e-08
 Reference value :  3.52077e-08
 Reference value :  3.52421e-08
 Reference value :  3.52821e-08
 Reference value :  3.53221e-08
 Reference value :  3.53621e-08
 Reference value :  3.54221e-08
 Reference value :  3.54821e-08
 Reference value :  3.55421e-08
 Reference value :  3.56021e-08
 Reference value :  3.56621e-08
 Reference value :  3.57421e-08
 Reference value :  3.58021e-08
 Reference value :  3.58621e-08
 Reference value :  3.59221e-08
 Reference value :  3.59821e-08
 Reference value :  3.60421e-08
 Reference value :  3.61021e-08
 Reference value :  3.61621e-08
 Reference value :  3.62221e-08
 Reference value :  3.62821e-08
 Reference value :  3.63421e-08
 Reference value :  3.63637e-08
 Reference value :  3.63642e-08
 Reference value :  3.63659e-08
 Reference value :  3.63696e-08
 Reference value :  3.63741e-08
 Reference value :  3.63808e-08
 Reference value :  3.63850e-08
 Reference value :  3.63943e-08
 Reference value :  3.64052e-08
 Reference value :  3.64178e-08
 Reference value :  3.64322e-08
 Reference value :  3.64436e-08
 Reference value :  3.64437e-08
 Reference value :  3.64444e-08
 Reference value :  3.64469e-08
 Reference value :  3.64506e-08
 Reference value :  3.64553e-08
 Reference value :  3.64623e-08
 Reference value :  3.64750e-08
 Reference value :  3.64911e-08
 Reference value :  3.65101e-08
 Reference value :  3.65334e-08
 Reference value :  3.65623e-08
 Reference value :  3.65985e-08
 Reference value :  3.66385e-08
 Reference value :  3.66785e-08
 Reference value :  3.67385e-08
 Reference value :  3.67985e-08
 Reference value :  3.68585e-08
 Reference value :  3.69185e-08
 Reference value :  3.69785e-08
 Reference value :  3.70385e-08
 Reference value :  3.70985e-08
 Reference value :  3.71585e-08
 Reference value :  3.72185e-08
 Reference value :  3.72985e-08
 Reference value :  3.73585e-08
 Reference value :  3.74185e-08
 Reference value :  3.74785e-08
 Reference value :  3.75385e-08
 Reference value :  3.75985e-08
 Reference value :  3.76585e-08
 Reference value :  3.77104e-08
 Reference value :  3.77105e-08
 Reference value :  3.77112e-08
 Reference value :  3.77137e-08
 Reference value :  3.77174e-08
 Reference value :  3.77223e-08
 Reference value :  3.77301e-08
 Reference value :  3.77392e-08
 Reference value :  3.77499e-08
 Reference value :  3.77621e-08
 Reference value :  3.77760e-08
 Reference value :  3.77823e-08
 Reference value :  3.77904e-08
 Reference value :  3.77905e-08
 Reference value :  3.77910e-08
 Reference value :  3.77926e-08
 Reference value :  3.77943e-08
 Reference value :  3.77982e-08
 Reference value :  3.78032e-08
 Reference value :  3.78109e-08
 Reference value :  3.78246e-08
 Reference value :  3.78411e-08
 Reference value :  3.78608e-08
 Reference value :  3.78850e-08
 Reference value :  3.79151e-08
 Reference value :  3.79525e-08
 Reference value :  3.79925e-08
 Reference value :  3.80525e-08
 Reference value :  3.81325e-08
 Reference value :  3.81925e-08
 Reference value :  3.82525e-08
 Reference value :  3.83325e-08
 Reference value :  3.83925e-08
 Reference value :  3.84525e-08
 Reference value :  3.85125e-08
 Reference value :  3.85725e-08
 Reference value :  3.86325e-08
 Reference value :  3.86925e-08
 Reference value :  3.87525e-08
 Reference value :  3.88125e-08
 Reference value :  3.88725e-08
 Reference value :  3.89325e-08
 Reference value :  3.89925e-08
 Reference value :  3.90449e-08
 Reference value :  3.90573e-08
 Reference value :  3.90579e-08
 Reference value :  3.90598e-08
 Reference value :  3.90657e-08
 Reference value :  3.90712e-08
 Reference value :  3.90794e-08
 Reference value :  3.90888e-08
 Reference value :  3.90998e-08
 Reference value :  3.91127e-08
 Reference value :  3.91273e-08
 Reference value :  3.91372e-08
 Reference value :  3.91373e-08
 Reference value :  3.91379e-08
 Reference value :  3.91400e-08
 Reference value :  3.91436e-08
 Reference value :  3.91482e-08
 Reference value :  3.91548e-08
 Reference value :  3.91661e-08
 Reference value :  3.91819e-08
 Reference value :  3.92003e-08
 Reference value :  3.92229e-08
 Reference value :  3.92508e-08
 Reference value :  3.92858e-08
 Reference value :  3.93258e-08
 Reference value :  3.93658e-08
 Reference value :  3.94258e-08
 Reference value :  3.94858e-08
 Reference value :  3.95458e-08
 Reference value :  3.96058e-08
 Reference value :  3.96658e-08
 Reference value :  3.97258e-08
 Reference value :  3.97858e-08
 Reference value :  3.98458e-08
 Reference value :  3.99058e-08
 Reference value :  3.99658e-08
 Reference value :  4.00258e-08
 Reference value :  4.00858e-08
 Reference value :  4.01658e-08
 Reference value :  4.02258e-08
 Reference value :  4.02858e-08
 Reference value :  4.03458e-08
 Reference value :  4.04040e-08
 Reference value :  4.04041e-08
 Reference value :  4.04049e-08
 Reference value :  4.04075e-08
 Reference value :  4.04113e-08
 Reference value :  4.04163e-08
 Reference value :  4.04239e-08
 Reference value :  4.04330e-08
 Reference value :  4.04438e-08
 Reference value :  4.04560e-08
 Reference value :  4.04701e-08
 Reference value :  4.04806e-08
 Reference value :  4.04841e-08
 Reference value :  4.04845e-08
 Reference value :  4.04861e-08
 Reference value :  4.04877e-08
 Reference value :  4.04916e-08
 Reference value :  4.04965e-08
 Reference value :  4.05040e-08
 Reference value :  4.05176e-08
 Reference value :  4.05340e-08
 Reference value :  4.05535e-08
 Reference value :  4.05775e-08
 Reference value :  4.06074e-08
 Reference value :  4.06645e-08
 Reference value :  4.07245e-08
 Reference value :  4.07845e-08
 Reference value :  4.08645e-08
 Reference value :  4.09445e-08
 Reference value :  4.10045e-08
 Reference value :  4.10645e-08
 Reference value :  4.11445e-08
 Reference value :  4.12045e-08
 Reference value :  4.12845e-08
 Reference value :  4.13445e-08
 Reference value :  4.14045e-08
 Reference value :  4.14645e-08
 Reference value :  4.15245e-08
 Reference value :  4.16045e-08
 Reference value :  4.16645e-08
 Reference value :  4.17245e-08
 Reference value :  4.17509e-08
 Reference value :  4.17515e-08
 Reference value :  4.17536e-08
 Reference value :  4.17573e-08
 Reference value :  4.17619e-08
 Reference value :  4.17691e-08
 Reference value :  4.17782e-08
 Reference value :  4.17886e-08
 Reference value :  4.18005e-08
 Reference value :  4.18155e-08
 Reference value :  4.18220e-08
 Reference value :  4.18308e-08
 Reference value :  4.18309e-08
 Reference value :  4.18314e-08
 Reference value :  4.18333e-08
 Reference value :  4.18369e-08
 Reference value :  4.18413e-08
 Reference value :  4.18476e-08
 Reference value :  4.18583e-08
 Reference value :  4.18739e-08
 Reference value :  4.18921e-08
 Reference value :  4.19143e-08
 Reference value :  4.19417e-08
 Reference value :  4.19761e-08
 Reference value :  4.20161e-08
 Reference value :  4.20761e-08
 Reference value :  4.21361e-08
 Reference value :  4.21961e-08
 Reference value :  4.22561e-08
 Reference value :  4.23161e-08
 Reference value :  4.23761e-08
 Reference value :  4.24361e-08
 Reference value :  4.24961e-08
 Reference value :  4.25561e-08
 Reference value :  4.26161e-08
 Reference value :  4.26761e-08
 Reference value :  4.27361e-08
 Reference value :  4.27961e-08
 Reference value :  4.28561e-08
 Reference value :  4.29161e-08
 Reference value :  4.29761e-08
 Reference value :  4.30176e-08
 Reference value :  4.30177e-08
 Reference value :  4.30182e-08
 Reference value :  4.30200e-08
 Reference value :  4.30236e-08
 Reference value :  4.30281e-08
 Reference value :  4.30348e-08
 Reference value :  4.30390e-08
 Reference value :  4.30483e-08
 Reference value :  4.30592e-08
 Reference value :  4.30718e-08
 Reference value :  4.30862e-08
 Reference value :  4.30976e-08
 Reference value :  4.30977e-08
 Reference value :  4.30992e-08
 Reference value :  4.31046e-08
 Reference value :  4.31093e-08
 Reference value :  4.31163e-08
 Reference value :  4.31290e-08
 Reference value :  4.31451e-08
 Reference value :  4.31641e-08
 Reference value :  4.31873e-08
 Reference value :  4.32162e-08
 Reference value :  4.32525e-08
 Reference value :  4.32925e-08
 Reference value :  4.33325e-08
 Reference value :  4.33925e-08
 Reference value :  4.34525e-08
 Reference value :  4.35125e-08
 Reference value :  4.35725e-08
 Reference value :  4.36325e-08
 Reference value :  4.36925e-08
 Reference value :  4.37525e-08
 Reference value :  4.38125e-08
 Reference value :  4.38725e-08
 Reference value :  4.39325e-08
 Reference value :  4.39925e-08
 Reference value :  4.40525e-08
 Reference value :  4.41325e-08
 Reference value :  4.42125e-08
 Reference value :  4.42725e-08
 Reference value :  4.43325e-08
 Reference value :  4.43925e-08
 Reference value :  4.44525e-08
 Reference value :  4.45125e-08
 Reference value :  4.45725e-08
 Reference value :  4.46325e-08
 Reference value :  4.46925e-08
 Reference value :  4.47525e-08
 Reference value :  4.48125e-08
 Reference value :  4.48725e-08
 Reference value :  4.49325e-08
 Reference value :  4.49925e-08
 Reference value :  4.50525e-08
 Reference value :  4.51125e-08
 Reference value :  4.51725e-08
 Reference value :  4.52325e-08
 Reference value :  4.52925e-08
 Reference value :  4.53725e-08
 Reference value :  4.54325e-08
 Reference value :  4.54925e-08
 Reference value :  4.55525e-08
 Reference value :  4.56125e-08
 Reference value :  4.56925e-08
 Reference value :  4.57525e-08
 Reference value :  4.58125e-08
 Reference value :  4.58725e-08
 Reference value :  4.59325e-08
 Reference value :  4.59925e-08
 Reference value :  4.60525e-08
 Reference value :  4.61125e-08
 Reference value :  4.61725e-08
 Reference value :  4.62325e-08
 Reference value :  4.62925e-08
 Reference value :  4.63525e-08
 Reference value :  4.64125e-08
 Reference value :  4.64725e-08
 Reference value :  4.65325e-08
 Reference value :  4.65925e-08
 Reference value :  4.66725e-08
 Reference value :  4.67325e-08
 Reference value :  4.67925e-08
 Reference value :  4.68525e-08
 Reference value :  4.69125e-08
 Reference value :  4.69725e-08
 Reference value :  4.70325e-08
 Reference value :  4.70925e-08
 Reference value :  4.71525e-08
 Reference value :  4.72325e-08
 Reference value :  4.72925e-08
 Reference value :  4.73725e-08
 Reference value :  4.74325e-08
 Reference value :  4.74925e-08
 Reference value :  4.75525e-08
 Reference value :  4.76125e-08
 Reference value :  4.76925e-08
 Reference value :  4.77525e-08
 Reference value :  4.78325e-08
 Reference value :  4.78925e-08
 Reference value :  4.79525e-08
 Reference value :  4.80125e-08
 Reference value :  4.80725e-08
 Reference value :  4.81325e-08
 Reference value :  4.81925e-08
 Reference value :  4.82525e-08
 Reference value :  4.83125e-08
 Reference value :  4.83725e-08
 Reference value :  4.84325e-08
 Reference value :  4.84925e-08
 Reference value :  4.85525e-08
 Reference value :  4.86125e-08
 Reference value :  4.86725e-08
 Reference value :  4.87325e-08
 Reference value :  4.87925e-08
 Reference value :  4.88525e-08
 Reference value :  4.89125e-08
 Reference value :  4.89725e-08
 Reference value :  4.90325e-08
 Reference value :  4.90925e-08
 Reference value :  4.91525e-08
 Reference value :  4.92125e-08
 Reference value :  4.92725e-08
 Reference value :  4.93325e-08
 Reference value :  4.93925e-08
 Reference value :  4.94525e-08
 Reference value :  4.95125e-08
 Reference value :  4.95725e-08
 Reference value :  4.96325e-08
 Reference value :  4.96925e-08
 Reference value :  4.97525e-08
 Reference value :  4.98125e-08
 Reference value :  4.98725e-08
 Reference value :  4.99325e-08
 Reference value :  4.99925e-08
 Reference value :  5.00525e-08
 Reference value :  5.01325e-08
 Reference value :  5.01925e-08
 Reference value :  5.02525e-08
 Reference value :  5.03125e-08
 Reference value :  5.03725e-08
 Reference value :  5.04325e-08
 Reference value :  5.04925e-08
 Reference value :  5.05525e-08
 Reference value :  5.06125e-08
 Reference value :  5.06925e-08
 Reference value :  5.07525e-08
 Reference value :  5.08125e-08
 Reference value :  5.08725e-08
 Reference value :  5.09325e-08
 Reference value :  5.09925e-08
 Reference value :  5.10525e-08
 Reference value :  5.11125e-08
 Reference value :  5.11725e-08
 Reference value :  5.12325e-08
 Reference value :  5.12925e-08
 Reference value :  5.13525e-08
 Reference value :  5.14125e-08
 Reference value :  5.14725e-08
 Reference value :  5.15325e-08
 Reference value :  5.15925e-08
 Reference value :  5.16525e-08
 Reference value :  5.17125e-08
 Reference value :  5.17725e-08
 Reference value :  5.18525e-08
 Reference value :  5.19125e-08
 Reference value :  5.19725e-08
 Reference value :  5.20325e-08
 Reference value :  5.20925e-08
 Reference value :  5.21525e-08
 Reference value :  5.22125e-08
 Reference value :  5.22725e-08
 Reference value :  5.23325e-08
 Reference value :  5.23925e-08
 Reference value :  5.24525e-08
 Reference value :  5.25125e-08
 Reference value :  5.25725e-08
 Reference value :  5.26325e-08
 Reference value :  5.26925e-08
 Reference value :  5.27525e-08
 Reference value :  5.28125e-08
 Reference value :  5.28725e-08
 Reference value :  5.29325e-08
 Reference value :  5.29925e-08
 Reference value :  5.30525e-08
 Reference value :  5.31125e-08
 Reference value :  5.31725e-08
 Reference value :  5.32325e-08
 Reference value :  5.32925e-08
 Reference value :  5.33525e-08
 Reference value :  5.34125e-08
 Reference value :  5.34725e-08
 Reference value :  5.35525e-08
 Reference value :  5.36325e-08
 Reference value :  5.37125e-08
 Reference value :  5.37725e-08
 Reference value :  5.38325e-08
 Reference value :  5.38925e-08
 Reference value :  5.39525e-08
 Reference value :  5.40125e-08
 Reference value :  5.40725e-08
 Reference value :  5.41325e-08
 Reference value :  5.41925e-08
 Reference value :  5.42525e-08
 Reference value :  5.43325e-08
 Reference value :  5.44125e-08
 Reference value :  5.44925e-08
 Reference value :  5.45525e-08
 Reference value :  5.46325e-08
 Reference value :  5.46925e-08
 Reference value :  5.47525e-08
 Reference value :  5.48125e-08
 Reference value :  5.48725e-08
 Reference value :  5.49325e-08
 Reference value :  5.49925e-08
 Reference value :  5.50525e-08
 Reference value :  5.51325e-08
 Reference value :  5.51925e-08
 Reference value :  5.52189e-08
 Reference value :  5.52195e-08
 Reference value :  5.52216e-08
 Reference value :  5.52253e-08
 Reference value :  5.52331e-08
 Reference value :  5.52418e-08
 Reference value :  5.52567e-08
 Reference value :  5.52685e-08
 Reference value :  5.52835e-08
 Reference value :  5.52900e-08
 Reference value :  5.52989e-08
 Reference value :  5.52989e-08
 Reference value :  5.52994e-08
 Reference value :  5.53031e-08
 Reference value :  5.53093e-08
 Reference value :  5.53156e-08
 Reference value :  5.53263e-08
 Reference value :  5.53419e-08
 Reference value :  5.53710e-08
 Reference value :  5.53956e-08
 Reference value :  5.54263e-08
 Reference value :  5.54641e-08
 Reference value :  5.55241e-08
 Reference value :  5.55841e-08
 Reference value :  5.56641e-08
 Reference value :  5.57441e-08
 Reference value :  5.58241e-08
 Reference value :  5.59041e-08
 Reference value :  5.59841e-08
 Reference value :  5.60641e-08
 Reference value :  5.61441e-08
 Reference value :  5.62241e-08
 Reference value :  5.63041e-08
 Reference value :  5.63641e-08
 Reference value :  5.64241e-08
 Reference value :  5.64841e-08
 Reference value :  5.65441e-08
 Reference value :  5.65657e-08
 Reference value :  5.65662e-08
 Reference value :  5.65680e-08
 Reference value :  5.65716e-08
 Reference value :  5.65792e-08
 Reference value :  5.65870e-08
 Reference value :  5.66017e-08
 Reference value :  5.66132e-08
 Reference value :  5.66276e-08
 Reference value :  5.66342e-08
 Reference value :  5.66457e-08
 Reference value :  5.66457e-08
 Reference value :  5.66464e-08
 Reference value :  5.66506e-08
 Reference value :  5.66547e-08
 Reference value :  5.66603e-08
 Reference value :  5.66692e-08
 Reference value :  5.66842e-08
 Reference value :  5.67016e-08
 Reference value :  5.67226e-08
 Reference value :  5.67485e-08
 Reference value :  5.67808e-08
 Reference value :  5.68205e-08
 Reference value :  5.68605e-08
 Reference value :  5.69005e-08
 Reference value :  5.69805e-08
 Reference value :  5.70405e-08
 Reference value :  5.71005e-08
 Reference value :  5.71605e-08
 Reference value :  5.72205e-08
 Reference value :  5.72805e-08
 Reference value :  5.73405e-08
 Reference value :  5.74005e-08
 Reference value :  5.74605e-08
 Reference value :  5.75205e-08
 Reference value :  5.75805e-08
 Reference value :  5.76405e-08
 Reference value :  5.77005e-08
 Reference value :  5.77605e-08
 Reference value :  5.78205e-08
 Reference value :  5.78805e-08
 Reference value :  5.79125e-08
 Reference value :  5.79141e-08
 Reference value :  5.79174e-08
 Reference value :  5.79244e-08
 Reference value :  5.79321e-08
 Reference value :  5.79461e-08
 Reference value :  5.79575e-08
 Reference value :  5.79711e-08
 Reference value :  5.79780e-08
 Reference value :  5.79844e-08
 Reference value :  5.79925e-08
 Reference value :  5.79925e-08
 Reference value :  5.79930e-08
 Reference value :  5.79947e-08
 Reference value :  5.79981e-08
 Reference value :  5.80025e-08
 Reference value :  5.80085e-08
 Reference value :  5.80186e-08
 Reference value :  5.80341e-08
 Reference value :  5.80520e-08
 Reference value :  5.80738e-08
 Reference value :  5.81008e-08
 Reference value :  5.81345e-08
 Reference value :  5.81745e-08
 Reference value :  5.82145e-08
 Reference value :  5.82745e-08
 Reference value :  5.83345e-08
 Reference value :  5.83945e-08
 Reference value :  5.84545e-08
 Reference value :  5.85345e-08
 Reference value :  5.86145e-08
 Reference value :  5.86745e-08
 Reference value :  5.87345e-08
 Reference value :  5.87945e-08
 Reference value :  5.88545e-08
 Reference value :  5.89345e-08
 Reference value :  5.89945e-08
 Reference value :  5.90545e-08
 Reference value :  5.91145e-08
 Reference value :  5.91745e-08
 Reference value :  5.92345e-08
 Reference value :  5.92593e-08
 Reference value :  5.92599e-08
 Reference value :  5.92637e-08
 Reference value :  5.92677e-08
 Reference value :  5.92732e-08
 Reference value :  5.92815e-08
 Reference value :  5.92963e-08
 Reference value :  5.93080e-08
 Reference value :  5.93228e-08
 Reference value :  5.93293e-08
 Reference value :  5.93393e-08
 Reference value :  5.93399e-08
 Reference value :  5.93438e-08
 Reference value :  5.93477e-08
 Reference value :  5.93531e-08
 Reference value :  5.93615e-08
 Reference value :  5.93757e-08
 Reference value :  5.93927e-08
 Reference value :  5.94130e-08
 Reference value :  5.94380e-08
 Reference value :  5.94692e-08
 Reference value :  5.95077e-08
 Reference value :  5.95477e-08
 Reference value :  5.96077e-08
 Reference value :  5.96677e-08
 Reference value :  5.97277e-08
 Reference value :  5.97877e-08
 Reference value :  5.98677e-08
 Reference value :  5.99277e-08
 Reference value :  5.99877e-08
 Reference value :  6.00477e-08
 Reference value :  6.01077e-08
 Reference value :  6.01877e-08
 Reference value :  6.02477e-08
 Reference value :  6.03077e-08
 Reference value :  6.03677e-08
 Reference value :  6.04277e-08
 Reference value :  6.04877e-08
 Reference value :  6.05477e-08
 Reference value :  6.06061e-08
 Reference value :  6.06061e-08
 Reference value :  6.06069e-08
 Reference value :  6.06095e-08
 Reference value :  6.06133e-08
 Reference value :  6.06183e-08
 Reference value :  6.06259e-08
 Reference value :  6.06401e-08
 Reference value :  6.06515e-08
 Reference value :  6.06652e-08
 Reference value :  6.06721e-08
 Reference value :  6.06861e-08
 Reference value :  6.06861e-08
 Reference value :  6.06866e-08
 Reference value :  6.06898e-08
 Reference value :  6.06936e-08
 Reference value :  6.06986e-08
 Reference value :  6.07060e-08
 Reference value :  6.07196e-08
 Reference value :  6.07360e-08
 Reference value :  6.07556e-08
 Reference value :  6.07796e-08
 Reference value :  6.08265e-08
 Reference value :  6.08665e-08
 Reference value :  6.09265e-08
 Reference value :  6.09833e-08
No. of Data Rows : 3984
m_ui_ref            =  1.34680e-09 targ=  1.35080e-08 trig=  1.21612e-08
m_spa_in            =  5.38721e-09 targ=  1.75484e-08 trig=  1.21612e-08
m_spb_in            =  4.04040e-09 targ=  1.62016e-08 trig=  1.21612e-08
m_spa_c0            =  5.38720e-09 targ=  1.75555e-08 trig=  1.21683e-08
m_spb_c0            =  4.04040e-09 targ=  1.62087e-08 trig=  1.21683e-08
m_trise_c0          =  5.32126e-11 targ=  1.35407e-08 trig=  1.34875e-08
m_tfall_c0          =  5.31904e-11 targ=  1.48875e-08 trig=  1.48343e-08
m_spa_c1            =  5.38721e-09 targ=  1.75904e-08 trig=  1.22032e-08
m_spb_c1            =  4.04041e-09 targ=  1.62436e-08 trig=  1.22032e-08
m_trise_c1          =  1.23960e-10 targ=  1.36309e-08 trig=  1.35070e-08
m_tfall_c1          =  1.23889e-10 targ=  1.49777e-08 trig=  1.48538e-08
m_spa_c2            =  5.38726e-09 targ=  1.76212e-08 trig=  1.22339e-08
m_spb_c2            =  4.04045e-09 targ=  1.62744e-08 trig=  1.22339e-08
m_trise_c2          =  2.28280e-10 targ=  1.37453e-08 trig=  1.35170e-08
m_tfall_c2          =  2.28634e-10 targ=  1.50925e-08 trig=  1.48638e-08
m_spa_cmis          =  5.38721e-09 targ=  1.76013e-08 trig=  1.22141e-08
m_spb_cmis          =  4.04172e-09 targ=  1.62558e-08 trig=  1.22141e-08
m_dj_ui_c0 = 4.4550011474e-06
m_swing_c0 = 5.0184085465e-01
m_vpp_c0 = 5.7564278554e-01
m_vcm_c0 = 3.0477280927e+00
m_dj_ui_c1 = 5.1975013382e-06
m_swing_c1 = 5.0152138888e-01
m_vpp_c1 = 5.0482601211e-01
m_vcm_c1 = 3.0478880705e+00
m_dj_ui_c2 = 3.7867509751e-05
m_swing_c2 = 5.0087665088e-01
m_vpp_c2 = 5.0303323370e-01
m_vcm_c2 = 3.0481295178e+00
m_dj_ui_cmis = 9.7564525123e-04
m_swing_cmis = 5.0087506061e-01
m_swing_avcclo = 5.0078743022e-01
m_vcm_avcclo = 2.7181134031e+00
m_swing_avcchi = 5.0212930814e-01
m_vcm_avcchi = 3.3776843415e+00
m_vgs_sw_max = 1.4167636140e+00
m_vgd_sw_max = 1.9952546959e+00
m_vds_sw_max = 2.5283459829e+00
m_vgs_tail_max = 1.0229960700e+00
m_vds_tail_max = 1.1725808004e+00
m_swing_dc = 5.0070868474e-01
m_vcm_dc = 3.0483055417e+00
m_ioff_dc = 2.6802318387e-05
m_itail_dc = 1.0067778332e-02
m_icell_dc = 1.0567778332e-02
m_ro_leg = 1.8939714513e+04
Note: Simulation executed from .control section 

