
Note: No compatibility mode selected!


Circuit: * cml-driver-eye @ fs_27c_2.97v_742p5mbps -- generated by sim/harness, do not edit

Doing analysis at TEMP = 27.000000 and TNOM = 27.000000

Using SPARSE 1.3 as Direct Linear Solver

Initial Transient Solution
--------------------------

Node                                   Voltage
----                                   -------
avcc                                       3.3
avcclo                                    2.97
avcchi                                    3.63
inp                                     2.5245
inn                                     1.6335
inpz                                    2.5245
innz                                    1.6335
inref                                    0.891
win                                          0
winc                                         0
xc0.tail                               1.18993
ib_c0                                  1.03449
outp_c0                                2.79624
outn_c0                                3.29998
vd_c0                                 0.503735
xc1.tail                               1.18993
ib_c1                                  1.03449
outp_c1                                2.79624
outn_c1                                3.29998
vd_c1                                 0.503735
xc2.tail                               1.18993
ib_c2                                  1.03449
outp_c2                                2.79624
outn_c2                                3.29998
vd_c2                                 0.503735
xcmis.tail                             1.18993
ib_cmis                                1.03449
outp_cmis                              2.79624
outn_cmis                              3.29998
vd_cmis                               0.503735
xvlo.tail                              1.17332
ib_vlo                                 1.03449
outp_vlo                               2.46663
outn_vlo                               2.96997
xvhi.tail                              1.20575
ib_vhi                                 1.03449
outp_vhi                               3.12588
outn_vhi                               3.62998
xz.tail                                1.18993
ib_z                                   1.03449
vss_z                                        0
outp_z                                 2.79624
outn_z                                 3.29998
xza.tail                               1.18018
ib_za                                  1.03449
outp_za                                    2.6
outn_za                                3.29997
xzb.tail                               1.19977
ib_zb                                  1.03449
outp_zb                                      3
outn_zb                                3.29998
ediff_cmis#branch                            0
ediff_c2#branch                              0
ediff_c1#branch                              0
ediff_c0#branch                              0
einref#branch                                0
vforce_zb#branch                    -0.0100798
vforce_za#branch                    -0.0100705
vsens_z#branch                       0.0105756
vwinc#branch                                 0
vwin#branch                                  0
vinnz#branch                                 0
vinpz#branch                                 0
vinn#branch                                  0
vinp#branch                                  0
vavcchi#branch                      -0.0100829
vavcclo#branch                       -0.010068
vavcc#branch                        -0.0503792

 Reference value :  0.00000e+00
 Reference value :  4.00000e-13
 Reference value :  3.20000e-12
 Reference value :  2.56000e-11
 Reference value :  8.56000e-11
 Reference value :  1.45600e-10
 Reference value :  2.05600e-10
 Reference value :  2.65600e-10
 Reference value :  3.25600e-10
 Reference value :  3.85600e-10
 Reference value :  4.45600e-10
 Reference value :  5.05600e-10
 Reference value :  5.65600e-10
 Reference value :  6.25600e-10
 Reference value :  6.85600e-10
 Reference value :  7.45600e-10
 Reference value :  8.05600e-10
 Reference value :  8.65600e-10
 Reference value :  9.25600e-10
 Reference value :  9.85600e-10
 Reference value :  1.04560e-09
 Reference value :  1.10560e-09
 Reference value :  1.18560e-09
 Reference value :  1.24560e-09
 Reference value :  1.30560e-09
 Reference value :  1.36560e-09
 Reference value :  1.42560e-09
 Reference value :  1.48560e-09
 Reference value :  1.54560e-09
 Reference value :  1.60560e-09
 Reference value :  1.68560e-09
 Reference value :  1.76560e-09
 Reference value :  1.82560e-09
 Reference value :  1.88560e-09
 Reference value :  1.94560e-09
 Reference value :  2.00560e-09
 Reference value :  2.06560e-09
 Reference value :  2.12560e-09
 Reference value :  2.18560e-09
 Reference value :  2.24560e-09
 Reference value :  2.30560e-09
 Reference value :  2.36560e-09
 Reference value :  2.42560e-09
 Reference value :  2.48560e-09
 Reference value :  2.54560e-09
 Reference value :  2.60560e-09
 Reference value :  2.66560e-09
 Reference value :  2.74560e-09
 Reference value :  2.80560e-09
 Reference value :  2.86560e-09
 Reference value :  2.92560e-09
 Reference value :  3.00560e-09
 Reference value :  3.06560e-09
 Reference value :  3.12560e-09
 Reference value :  3.20560e-09
 Reference value :  3.28560e-09
 Reference value :  3.34560e-09
 Reference value :  3.40560e-09
 Reference value :  3.46560e-09
 Reference value :  3.52560e-09
 Reference value :  3.60560e-09
 Reference value :  3.68560e-09
 Reference value :  3.74560e-09
 Reference value :  3.82560e-09
 Reference value :  3.90560e-09
 Reference value :  3.98560e-09
 Reference value :  4.06560e-09
 Reference value :  4.14560e-09
 Reference value :  4.22560e-09
 Reference value :  4.28560e-09
 Reference value :  4.34560e-09
 Reference value :  4.40560e-09
 Reference value :  4.46560e-09
 Reference value :  4.52560e-09
 Reference value :  4.58560e-09
 Reference value :  4.64560e-09
 Reference value :  4.70560e-09
 Reference value :  4.76560e-09
 Reference value :  4.82560e-09
 Reference value :  4.88560e-09
 Reference value :  4.94560e-09
 Reference value :  5.00560e-09
 Reference value :  5.06560e-09
 Reference value :  5.12560e-09
 Reference value :  5.18560e-09
 Reference value :  5.24560e-09
 Reference value :  5.30560e-09
 Reference value :  5.36560e-09
 Reference value :  5.42560e-09
 Reference value :  5.48560e-09
 Reference value :  5.54560e-09
 Reference value :  5.60560e-09
 Reference value :  5.66560e-09
 Reference value :  5.72560e-09
 Reference value :  5.78560e-09
 Reference value :  5.84560e-09
 Reference value :  5.90560e-09
 Reference value :  5.96560e-09
 Reference value :  6.02560e-09
 Reference value :  6.08560e-09
 Reference value :  6.14560e-09
 Reference value :  6.20560e-09
 Reference value :  6.26560e-09
 Reference value :  6.32560e-09
 Reference value :  6.38560e-09
 Reference value :  6.44560e-09
 Reference value :  6.50560e-09
 Reference value :  6.56560e-09
 Reference value :  6.62560e-09
 Reference value :  6.68560e-09
 Reference value :  6.76560e-09
 Reference value :  6.82560e-09
 Reference value :  6.88560e-09
 Reference value :  6.96560e-09
 Reference value :  7.04560e-09
 Reference value :  7.10560e-09
 Reference value :  7.16560e-09
 Reference value :  7.22560e-09
 Reference value :  7.30560e-09
 Reference value :  7.38560e-09
 Reference value :  7.44560e-09
 Reference value :  7.50560e-09
 Reference value :  7.56560e-09
 Reference value :  7.64560e-09
 Reference value :  7.70560e-09
 Reference value :  7.78560e-09
 Reference value :  7.84560e-09
 Reference value :  7.92560e-09
 Reference value :  8.00560e-09
 Reference value :  8.08560e-09
 Reference value :  8.14560e-09
 Reference value :  8.20560e-09
 Reference value :  8.26560e-09
 Reference value :  8.32560e-09
 Reference value :  8.38560e-09
 Reference value :  8.44560e-09
 Reference value :  8.50560e-09
 Reference value :  8.56560e-09
 Reference value :  8.62560e-09
 Reference value :  8.70560e-09
 Reference value :  8.76560e-09
 Reference value :  8.82560e-09
 Reference value :  8.90560e-09
 Reference value :  8.98560e-09
 Reference value :  9.06560e-09
 Reference value :  9.12560e-09
 Reference value :  9.18560e-09
 Reference value :  9.26560e-09
 Reference value :  9.32560e-09
 Reference value :  9.40560e-09
 Reference value :  9.48560e-09
 Reference value :  9.54560e-09
 Reference value :  9.62560e-09
 Reference value :  9.70560e-09
 Reference value :  9.78560e-09
 Reference value :  9.86560e-09
 Reference value :  9.94560e-09
 Reference value :  1.00056e-08
 Reference value :  1.00656e-08
 Reference value :  1.01256e-08
 Reference value :  1.01856e-08
 Reference value :  1.02456e-08
 Reference value :  1.03056e-08
 Reference value :  1.03656e-08
 Reference value :  1.04256e-08
 Reference value :  1.04856e-08
 Reference value :  1.05656e-08
 Reference value :  1.06456e-08
 Reference value :  1.07256e-08
 Reference value :  1.07856e-08
 Reference value :  1.08456e-08
 Reference value :  1.09056e-08
 Reference value :  1.09856e-08
 Reference value :  1.10456e-08
 Reference value :  1.11056e-08
 Reference value :  1.11656e-08
 Reference value :  1.12256e-08
 Reference value :  1.12856e-08
 Reference value :  1.13456e-08
 Reference value :  1.14056e-08
 Reference value :  1.14656e-08
 Reference value :  1.15256e-08
 Reference value :  1.15856e-08
 Reference value :  1.16456e-08
 Reference value :  1.17056e-08
 Reference value :  1.17656e-08
 Reference value :  1.18256e-08
 Reference value :  1.19056e-08
 Reference value :  1.19656e-08
 Reference value :  1.20256e-08
 Reference value :  1.20856e-08
 Reference value :  1.21213e-08
 Reference value :  1.21221e-08
 Reference value :  1.21246e-08
 Reference value :  1.21282e-08
 Reference value :  1.21330e-08
 Reference value :  1.21407e-08
 Reference value :  1.21485e-08
 Reference value :  1.21566e-08
 Reference value :  1.21655e-08
 Reference value :  1.21763e-08
 Reference value :  1.21819e-08
 Reference value :  1.21870e-08
 Reference value :  1.21964e-08
 Reference value :  1.22012e-08
 Reference value :  1.22012e-08
 Reference value :  1.22017e-08
 Reference value :  1.22051e-08
 Reference value :  1.22088e-08
 Reference value :  1.22136e-08
 Reference value :  1.22209e-08
 Reference value :  1.22333e-08
 Reference value :  1.22483e-08
 Reference value :  1.22667e-08
 Reference value :  1.22900e-08
 Reference value :  1.23195e-08
 Reference value :  1.23568e-08
 Reference value :  1.24168e-08
 Reference value :  1.24768e-08
 Reference value :  1.25568e-08
 Reference value :  1.26168e-08
 Reference value :  1.26968e-08
 Reference value :  1.27568e-08
 Reference value :  1.28168e-08
 Reference value :  1.28768e-08
 Reference value :  1.29368e-08
 Reference value :  1.29968e-08
 Reference value :  1.30568e-08
 Reference value :  1.31368e-08
 Reference value :  1.32168e-08
 Reference value :  1.32968e-08
 Reference value :  1.33568e-08
 Reference value :  1.34168e-08
 Reference value :  1.34680e-08
 Reference value :  1.34681e-08
 Reference value :  1.34688e-08
 Reference value :  1.34713e-08
 Reference value :  1.34769e-08
 Reference value :  1.34826e-08
 Reference value :  1.34867e-08
 Reference value :  1.34951e-08
 Reference value :  1.35030e-08
 Reference value :  1.35120e-08
 Reference value :  1.35226e-08
 Reference value :  1.35283e-08
 Reference value :  1.35335e-08
 Reference value :  1.35431e-08
 Reference value :  1.35480e-08
 Reference value :  1.35480e-08
 Reference value :  1.35485e-08
 Reference value :  1.35501e-08
 Reference value :  1.35535e-08
 Reference value :  1.35576e-08
 Reference value :  1.35634e-08
 Reference value :  1.35732e-08
 Reference value :  1.35870e-08
 Reference value :  1.36035e-08
 Reference value :  1.36242e-08
 Reference value :  1.36504e-08
 Reference value :  1.36836e-08
 Reference value :  1.37205e-08
 Reference value :  1.37377e-08
 Reference value :  1.37384e-08
 Reference value :  1.37394e-08
 Reference value :  1.37473e-08
 Reference value :  1.37941e-08
 Reference value :  1.38531e-08
 Reference value :  1.38724e-08
 Reference value :  1.38731e-08
 Reference value :  1.38741e-08
 Reference value :  1.38819e-08
 Reference value :  1.39288e-08
 Reference value :  1.39888e-08
 Reference value :  1.40488e-08
 Reference value :  1.41088e-08
 Reference value :  1.41688e-08
 Reference value :  1.42288e-08
 Reference value :  1.42888e-08
 Reference value :  1.43488e-08
 Reference value :  1.43998e-08
 Reference value :  1.44111e-08
 Reference value :  1.44118e-08
 Reference value :  1.44128e-08
 Reference value :  1.44207e-08
 Reference value :  1.44675e-08
 Reference value :  1.45275e-08
 Reference value :  1.45875e-08
 Reference value :  1.46475e-08
 Reference value :  1.47075e-08
 Reference value :  1.47875e-08
 Reference value :  1.48149e-08
 Reference value :  1.48155e-08
 Reference value :  1.48177e-08
 Reference value :  1.48213e-08
 Reference value :  1.48258e-08
 Reference value :  1.48329e-08
 Reference value :  1.48409e-08
 Reference value :  1.48488e-08
 Reference value :  1.48530e-08
 Reference value :  1.48622e-08
 Reference value :  1.48796e-08
 Reference value :  1.48845e-08
 Reference value :  1.48890e-08
 Reference value :  1.48948e-08
 Reference value :  1.48948e-08
 Reference value :  1.48953e-08
 Reference value :  1.48969e-08
 Reference value :  1.49003e-08
 Reference value :  1.49044e-08
 Reference value :  1.49102e-08
 Reference value :  1.49199e-08
 Reference value :  1.49338e-08
 Reference value :  1.49503e-08
 Reference value :  1.49835e-08
 Reference value :  1.50131e-08
 Reference value :  1.50504e-08
 Reference value :  1.50904e-08
 Reference value :  1.51304e-08
 Reference value :  1.51904e-08
 Reference value :  1.52192e-08
 Reference value :  1.52199e-08
 Reference value :  1.52209e-08
 Reference value :  1.52377e-08
 Reference value :  1.53156e-08
 Reference value :  1.53756e-08
 Reference value :  1.54356e-08
 Reference value :  1.55156e-08
 Reference value :  1.55756e-08
 Reference value :  1.56356e-08
 Reference value :  1.57156e-08
 Reference value :  1.57576e-08
 Reference value :  1.57582e-08
 Reference value :  1.57591e-08
 Reference value :  1.57630e-08
 Reference value :  1.57943e-08
 Reference value :  1.58543e-08
 Reference value :  1.59143e-08
 Reference value :  1.59743e-08
 Reference value :  1.60343e-08
 Reference value :  1.60943e-08
 Reference value :  1.61480e-08
 Reference value :  1.61617e-08
 Reference value :  1.61623e-08
 Reference value :  1.61645e-08
 Reference value :  1.61681e-08
 Reference value :  1.61726e-08
 Reference value :  1.61797e-08
 Reference value :  1.61877e-08
 Reference value :  1.61956e-08
 Reference value :  1.61998e-08
 Reference value :  1.62090e-08
 Reference value :  1.62209e-08
 Reference value :  1.62313e-08
 Reference value :  1.62358e-08
 Reference value :  1.62416e-08
 Reference value :  1.62421e-08
 Reference value :  1.62437e-08
 Reference value :  1.62471e-08
 Reference value :  1.62540e-08
 Reference value :  1.62613e-08
 Reference value :  1.62806e-08
 Reference value :  1.62971e-08
 Reference value :  1.63178e-08
 Reference value :  1.63439e-08
 Reference value :  1.63772e-08
 Reference value :  1.64172e-08
 Reference value :  1.64572e-08
 Reference value :  1.64972e-08
 Reference value :  1.65514e-08
 Reference value :  1.65660e-08
 Reference value :  1.65667e-08
 Reference value :  1.65677e-08
 Reference value :  1.65755e-08
 Reference value :  1.66224e-08
 Reference value :  1.66824e-08
 Reference value :  1.67424e-08
 Reference value :  1.68024e-08
 Reference value :  1.68624e-08
 Reference value :  1.69224e-08
 Reference value :  1.70024e-08
 Reference value :  1.70824e-08
 Reference value :  1.71045e-08
 Reference value :  1.71054e-08
 Reference value :  1.71059e-08
 Reference value :  1.71098e-08
 Reference value :  1.71411e-08
 Reference value :  1.72011e-08
 Reference value :  1.72611e-08
 Reference value :  1.73411e-08
 Reference value :  1.74011e-08
 Reference value :  1.74611e-08
 Reference value :  1.75084e-08
 Reference value :  1.75085e-08
 Reference value :  1.75091e-08
 Reference value :  1.75113e-08
 Reference value :  1.75149e-08
 Reference value :  1.75194e-08
 Reference value :  1.75265e-08
 Reference value :  1.75345e-08
 Reference value :  1.75424e-08
 Reference value :  1.75466e-08
 Reference value :  1.75558e-08
 Reference value :  1.75677e-08
 Reference value :  1.75732e-08
 Reference value :  1.75781e-08
 Reference value :  1.75826e-08
 Reference value :  1.75885e-08
 Reference value :  1.75889e-08
 Reference value :  1.75905e-08
 Reference value :  1.75939e-08
 Reference value :  1.75980e-08
 Reference value :  1.76038e-08
 Reference value :  1.76135e-08
 Reference value :  1.76274e-08
 Reference value :  1.76439e-08
 Reference value :  1.76646e-08
 Reference value :  1.76907e-08
 Reference value :  1.77240e-08
 Reference value :  1.77640e-08
 Reference value :  1.78040e-08
 Reference value :  1.78440e-08
 Reference value :  1.78982e-08
 Reference value :  1.79128e-08
 Reference value :  1.79135e-08
 Reference value :  1.79145e-08
 Reference value :  1.79223e-08
 Reference value :  1.79692e-08
 Reference value :  1.80292e-08
 Reference value :  1.80892e-08
 Reference value :  1.81492e-08
 Reference value :  1.82092e-08
 Reference value :  1.82692e-08
 Reference value :  1.83292e-08
 Reference value :  1.83892e-08
 Reference value :  1.84402e-08
 Reference value :  1.84515e-08
 Reference value :  1.84522e-08
 Reference value :  1.84543e-08
 Reference value :  1.84700e-08
 Reference value :  1.85479e-08
 Reference value :  1.86279e-08
 Reference value :  1.86879e-08
 Reference value :  1.87479e-08
 Reference value :  1.88079e-08
 Reference value :  1.88552e-08
 Reference value :  1.88553e-08
 Reference value :  1.88567e-08
 Reference value :  1.88617e-08
 Reference value :  1.88692e-08
 Reference value :  1.88776e-08
 Reference value :  1.88813e-08
 Reference value :  1.88892e-08
 Reference value :  1.88978e-08
 Reference value :  1.89145e-08
 Reference value :  1.89200e-08
 Reference value :  1.89249e-08
 Reference value :  1.89294e-08
 Reference value :  1.89352e-08
 Reference value :  1.89353e-08
 Reference value :  1.89357e-08
 Reference value :  1.89391e-08
 Reference value :  1.89428e-08
 Reference value :  1.89476e-08
 Reference value :  1.89549e-08
 Reference value :  1.89673e-08
 Reference value :  1.89823e-08
 Reference value :  1.90007e-08
 Reference value :  1.90375e-08
 Reference value :  1.90708e-08
 Reference value :  1.91108e-08
 Reference value :  1.91508e-08
 Reference value :  1.91908e-08
 Reference value :  1.92450e-08
 Reference value :  1.92596e-08
 Reference value :  1.92603e-08
 Reference value :  1.92613e-08
 Reference value :  1.92691e-08
 Reference value :  1.93160e-08
 Reference value :  1.93760e-08
 Reference value :  1.94360e-08
 Reference value :  1.94960e-08
 Reference value :  1.95560e-08
 Reference value :  1.96160e-08
 Reference value :  1.96760e-08
 Reference value :  1.97360e-08
 Reference value :  1.97870e-08
 Reference value :  1.97983e-08
 Reference value :  1.97990e-08
 Reference value :  1.98000e-08
 Reference value :  1.98079e-08
 Reference value :  1.98547e-08
 Reference value :  1.99147e-08
 Reference value :  1.99747e-08
 Reference value :  2.00347e-08
 Reference value :  2.01147e-08
 Reference value :  2.01747e-08
 Reference value :  2.02021e-08
 Reference value :  2.02027e-08
 Reference value :  2.02049e-08
 Reference value :  2.02085e-08
 Reference value :  2.02130e-08
 Reference value :  2.02201e-08
 Reference value :  2.02281e-08
 Reference value :  2.02360e-08
 Reference value :  2.02402e-08
 Reference value :  2.02549e-08
 Reference value :  2.02668e-08
 Reference value :  2.02717e-08
 Reference value :  2.02762e-08
 Reference value :  2.02820e-08
 Reference value :  2.02821e-08
 Reference value :  2.02825e-08
 Reference value :  2.02841e-08
 Reference value :  2.02875e-08
 Reference value :  2.02916e-08
 Reference value :  2.02974e-08
 Reference value :  2.03072e-08
 Reference value :  2.03210e-08
 Reference value :  2.03375e-08
 Reference value :  2.03582e-08
 Reference value :  2.03843e-08
 Reference value :  2.04176e-08
 Reference value :  2.04576e-08
 Reference value :  2.04976e-08
 Reference value :  2.05576e-08
 Reference value :  2.06061e-08
 Reference value :  2.06071e-08
 Reference value :  2.06076e-08
 Reference value :  2.06115e-08
 Reference value :  2.06428e-08
 Reference value :  2.07028e-08
 Reference value :  2.07628e-08
 Reference value :  2.08428e-08
 Reference value :  2.09028e-08
 Reference value :  2.09628e-08
 Reference value :  2.10228e-08
 Reference value :  2.10828e-08
 Reference value :  2.11448e-08
 Reference value :  2.11458e-08
 Reference value :  2.11463e-08
 Reference value :  2.11502e-08
 Reference value :  2.11816e-08
 Reference value :  2.12605e-08
 Reference value :  2.12798e-08
 Reference value :  2.12805e-08
 Reference value :  2.12815e-08
 Reference value :  2.12894e-08
 Reference value :  2.13362e-08
 Reference value :  2.13962e-08
 Reference value :  2.14525e-08
 Reference value :  2.14689e-08
 Reference value :  2.14696e-08
 Reference value :  2.14722e-08
 Reference value :  2.14759e-08
 Reference value :  2.14806e-08
 Reference value :  2.14876e-08
 Reference value :  2.14916e-08
 Reference value :  2.14953e-08
 Reference value :  2.15033e-08
 Reference value :  2.15074e-08
 Reference value :  2.15167e-08
 Reference value :  2.15288e-08
 Reference value :  2.15343e-08
 Reference value :  2.15391e-08
 Reference value :  2.15464e-08
 Reference value :  2.15489e-08
 Reference value :  2.15493e-08
 Reference value :  2.15509e-08
 Reference value :  2.15543e-08
 Reference value :  2.15584e-08
 Reference value :  2.15642e-08
 Reference value :  2.15740e-08
 Reference value :  2.15878e-08
 Reference value :  2.16043e-08
 Reference value :  2.16376e-08
 Reference value :  2.16844e-08
 Reference value :  2.17244e-08
 Reference value :  2.17644e-08
 Reference value :  2.18044e-08
 Reference value :  2.18644e-08
 Reference value :  2.19244e-08
 Reference value :  2.19844e-08
 Reference value :  2.20444e-08
 Reference value :  2.21044e-08
 Reference value :  2.21844e-08
 Reference value :  2.22444e-08
 Reference value :  2.23244e-08
 Reference value :  2.24044e-08
 Reference value :  2.24844e-08
 Reference value :  2.25644e-08
 Reference value :  2.26444e-08
 Reference value :  2.27244e-08
 Reference value :  2.28044e-08
 Reference value :  2.28844e-08
 Reference value :  2.29644e-08
 Reference value :  2.30444e-08
 Reference value :  2.31244e-08
 Reference value :  2.32044e-08
 Reference value :  2.32844e-08
 Reference value :  2.33644e-08
 Reference value :  2.34444e-08
 Reference value :  2.35244e-08
 Reference value :  2.35844e-08
 Reference value :  2.36644e-08
 Reference value :  2.37444e-08
 Reference value :  2.38044e-08
 Reference value :  2.38844e-08
 Reference value :  2.39444e-08
 Reference value :  2.40044e-08
 Reference value :  2.40644e-08
 Reference value :  2.41244e-08
 Reference value :  2.41844e-08
 Reference value :  2.42444e-08
 Reference value :  2.43044e-08
 Reference value :  2.43644e-08
 Reference value :  2.44244e-08
 Reference value :  2.44844e-08
 Reference value :  2.45444e-08
 Reference value :  2.46044e-08
 Reference value :  2.46644e-08
 Reference value :  2.47244e-08
 Reference value :  2.47844e-08
 Reference value :  2.48444e-08
 Reference value :  2.49044e-08
 Reference value :  2.49644e-08
 Reference value :  2.50244e-08
 Reference value :  2.50844e-08
 Reference value :  2.51444e-08
 Reference value :  2.52044e-08
 Reference value :  2.52644e-08
 Reference value :  2.53244e-08
 Reference value :  2.53844e-08
 Reference value :  2.54444e-08
 Reference value :  2.55044e-08
 Reference value :  2.55644e-08
 Reference value :  2.56444e-08
 Reference value :  2.57044e-08
 Reference value :  2.57644e-08
 Reference value :  2.58244e-08
 Reference value :  2.58844e-08
 Reference value :  2.59444e-08
 Reference value :  2.60044e-08
 Reference value :  2.60644e-08
 Reference value :  2.61244e-08
 Reference value :  2.61844e-08
 Reference value :  2.62644e-08
 Reference value :  2.63444e-08
 Reference value :  2.64044e-08
 Reference value :  2.64644e-08
 Reference value :  2.65244e-08
 Reference value :  2.65844e-08
 Reference value :  2.66444e-08
 Reference value :  2.67044e-08
 Reference value :  2.67644e-08
 Reference value :  2.68244e-08
 Reference value :  2.68844e-08
 Reference value :  2.69644e-08
 Reference value :  2.70244e-08
 Reference value :  2.70844e-08
 Reference value :  2.71444e-08
 Reference value :  2.72044e-08
 Reference value :  2.72644e-08
 Reference value :  2.73244e-08
 Reference value :  2.73844e-08
 Reference value :  2.74644e-08
 Reference value :  2.75244e-08
 Reference value :  2.75844e-08
 Reference value :  2.76444e-08
 Reference value :  2.77044e-08
 Reference value :  2.77644e-08
 Reference value :  2.78244e-08
 Reference value :  2.78844e-08
 Reference value :  2.79444e-08
 Reference value :  2.80044e-08
 Reference value :  2.80644e-08
 Reference value :  2.81244e-08
 Reference value :  2.81844e-08
 Reference value :  2.82444e-08
 Reference value :  2.83044e-08
 Reference value :  2.83644e-08
 Reference value :  2.84244e-08
 Reference value :  2.84844e-08
 Reference value :  2.85444e-08
 Reference value :  2.86044e-08
 Reference value :  2.86644e-08
 Reference value :  2.87244e-08
 Reference value :  2.87844e-08
 Reference value :  2.88444e-08
 Reference value :  2.89044e-08
 Reference value :  2.89644e-08
 Reference value :  2.90444e-08
 Reference value :  2.91044e-08
 Reference value :  2.91644e-08
 Reference value :  2.92244e-08
 Reference value :  2.92844e-08
 Reference value :  2.93444e-08
 Reference value :  2.94044e-08
 Reference value :  2.94644e-08
 Reference value :  2.95244e-08
 Reference value :  2.95844e-08
 Reference value :  2.96444e-08
 Reference value :  2.97044e-08
 Reference value :  2.97644e-08
 Reference value :  2.98244e-08
 Reference value :  2.98844e-08
 Reference value :  2.99444e-08
 Reference value :  3.00044e-08
 Reference value :  3.00644e-08
 Reference value :  3.01244e-08
 Reference value :  3.01844e-08
 Reference value :  3.02444e-08
 Reference value :  3.03044e-08
 Reference value :  3.03644e-08
 Reference value :  3.04244e-08
 Reference value :  3.04844e-08
 Reference value :  3.05444e-08
 Reference value :  3.06044e-08
 Reference value :  3.06644e-08
 Reference value :  3.07444e-08
 Reference value :  3.08044e-08
 Reference value :  3.08644e-08
 Reference value :  3.09244e-08
 Reference value :  3.10044e-08
 Reference value :  3.10844e-08
 Reference value :  3.11644e-08
 Reference value :  3.12444e-08
 Reference value :  3.13244e-08
 Reference value :  3.14044e-08
 Reference value :  3.14644e-08
 Reference value :  3.15244e-08
 Reference value :  3.15844e-08
 Reference value :  3.16444e-08
 Reference value :  3.17244e-08
 Reference value :  3.17844e-08
 Reference value :  3.18444e-08
 Reference value :  3.19044e-08
 Reference value :  3.19644e-08
 Reference value :  3.20244e-08
 Reference value :  3.20844e-08
 Reference value :  3.21444e-08
 Reference value :  3.22044e-08
 Reference value :  3.22644e-08
 Reference value :  3.23244e-08
 Reference value :  3.23844e-08
 Reference value :  3.24444e-08
 Reference value :  3.25044e-08
 Reference value :  3.25644e-08
 Reference value :  3.26244e-08
 Reference value :  3.27044e-08
 Reference value :  3.27844e-08
 Reference value :  3.28444e-08
 Reference value :  3.29044e-08
 Reference value :  3.29644e-08
 Reference value :  3.30244e-08
 Reference value :  3.30844e-08
 Reference value :  3.31444e-08
 Reference value :  3.32044e-08
 Reference value :  3.32644e-08
 Reference value :  3.33244e-08
 Reference value :  3.33844e-08
 Reference value :  3.34444e-08
 Reference value :  3.35044e-08
 Reference value :  3.35644e-08
 Reference value :  3.36244e-08
 Reference value :  3.36700e-08
 Reference value :  3.36701e-08
 Reference value :  3.36707e-08
 Reference value :  3.36728e-08
 Reference value :  3.36763e-08
 Reference value :  3.36808e-08
 Reference value :  3.36877e-08
 Reference value :  3.36959e-08
 Reference value :  3.37037e-08
 Reference value :  3.37079e-08
 Reference value :  3.37170e-08
 Reference value :  3.37288e-08
 Reference value :  3.37343e-08
 Reference value :  3.37392e-08
 Reference value :  3.37436e-08
 Reference value :  3.37500e-08
 Reference value :  3.37501e-08
 Reference value :  3.37506e-08
 Reference value :  3.37523e-08
 Reference value :  3.37557e-08
 Reference value :  3.37598e-08
 Reference value :  3.37657e-08
 Reference value :  3.37757e-08
 Reference value :  3.37895e-08
 Reference value :  3.38061e-08
 Reference value :  3.38270e-08
 Reference value :  3.38533e-08
 Reference value :  3.38868e-08
 Reference value :  3.39268e-08
 Reference value :  3.39668e-08
 Reference value :  3.40268e-08
 Reference value :  3.40868e-08
 Reference value :  3.41468e-08
 Reference value :  3.42068e-08
 Reference value :  3.42668e-08
 Reference value :  3.43268e-08
 Reference value :  3.43868e-08
 Reference value :  3.44468e-08
 Reference value :  3.45068e-08
 Reference value :  3.45668e-08
 Reference value :  3.46268e-08
 Reference value :  3.46868e-08
 Reference value :  3.47468e-08
 Reference value :  3.48068e-08
 Reference value :  3.48668e-08
 Reference value :  3.49268e-08
 Reference value :  3.49868e-08
 Reference value :  3.50169e-08
 Reference value :  3.50176e-08
 Reference value :  3.50200e-08
 Reference value :  3.50256e-08
 Reference value :  3.50312e-08
 Reference value :  3.50398e-08
 Reference value :  3.50435e-08
 Reference value :  3.50515e-08
 Reference value :  3.50557e-08
 Reference value :  3.50650e-08
 Reference value :  3.50771e-08
 Reference value :  3.50880e-08
 Reference value :  3.50968e-08
 Reference value :  3.50969e-08
 Reference value :  3.50977e-08
 Reference value :  3.51001e-08
 Reference value :  3.51036e-08
 Reference value :  3.51081e-08
 Reference value :  3.51148e-08
 Reference value :  3.51266e-08
 Reference value :  3.51412e-08
 Reference value :  3.51589e-08
 Reference value :  3.51812e-08
 Reference value :  3.52096e-08
 Reference value :  3.52455e-08
 Reference value :  3.52855e-08
 Reference value :  3.53255e-08
 Reference value :  3.53655e-08
 Reference value :  3.54255e-08
 Reference value :  3.54855e-08
 Reference value :  3.55455e-08
 Reference value :  3.56055e-08
 Reference value :  3.56655e-08
 Reference value :  3.57255e-08
 Reference value :  3.57855e-08
 Reference value :  3.58455e-08
 Reference value :  3.59055e-08
 Reference value :  3.59655e-08
 Reference value :  3.60255e-08
 Reference value :  3.60855e-08
 Reference value :  3.61455e-08
 Reference value :  3.62055e-08
 Reference value :  3.62655e-08
 Reference value :  3.63455e-08
 Reference value :  3.63637e-08
 Reference value :  3.63645e-08
 Reference value :  3.63670e-08
 Reference value :  3.63707e-08
 Reference value :  3.63754e-08
 Reference value :  3.63828e-08
 Reference value :  3.63911e-08
 Reference value :  3.63992e-08
 Reference value :  3.64081e-08
 Reference value :  3.64189e-08
 Reference value :  3.64245e-08
 Reference value :  3.64296e-08
 Reference value :  3.64342e-08
 Reference value :  3.64413e-08
 Reference value :  3.64437e-08
 Reference value :  3.64441e-08
 Reference value :  3.64458e-08
 Reference value :  3.64491e-08
 Reference value :  3.64532e-08
 Reference value :  3.64590e-08
 Reference value :  3.64688e-08
 Reference value :  3.64907e-08
 Reference value :  3.65091e-08
 Reference value :  3.65324e-08
 Reference value :  3.65619e-08
 Reference value :  3.65992e-08
 Reference value :  3.66392e-08
 Reference value :  3.66792e-08
 Reference value :  3.67392e-08
 Reference value :  3.67992e-08
 Reference value :  3.68592e-08
 Reference value :  3.69192e-08
 Reference value :  3.69792e-08
 Reference value :  3.70392e-08
 Reference value :  3.70992e-08
 Reference value :  3.71592e-08
 Reference value :  3.72192e-08
 Reference value :  3.72792e-08
 Reference value :  3.73392e-08
 Reference value :  3.73992e-08
 Reference value :  3.74592e-08
 Reference value :  3.75192e-08
 Reference value :  3.75792e-08
 Reference value :  3.76392e-08
 Reference value :  3.76948e-08
 Reference value :  3.77105e-08
 Reference value :  3.77112e-08
 Reference value :  3.77137e-08
 Reference value :  3.77173e-08
 Reference value :  3.77220e-08
 Reference value :  3.77291e-08
 Reference value :  3.77413e-08
 Reference value :  3.77500e-08
 Reference value :  3.77650e-08
 Reference value :  3.77759e-08
 Reference value :  3.77806e-08
 Reference value :  3.77880e-08
 Reference value :  3.77905e-08
 Reference value :  3.77909e-08
 Reference value :  3.77943e-08
 Reference value :  3.77980e-08
 Reference value :  3.78028e-08
 Reference value :  3.78101e-08
 Reference value :  3.78225e-08
 Reference value :  3.78375e-08
 Reference value :  3.78559e-08
 Reference value :  3.78792e-08
 Reference value :  3.79087e-08
 Reference value :  3.79460e-08
 Reference value :  3.79860e-08
 Reference value :  3.80260e-08
 Reference value :  3.80860e-08
 Reference value :  3.81460e-08
 Reference value :  3.82060e-08
 Reference value :  3.82660e-08
 Reference value :  3.83460e-08
 Reference value :  3.84060e-08
 Reference value :  3.84660e-08
 Reference value :  3.85260e-08
 Reference value :  3.85860e-08
 Reference value :  3.86460e-08
 Reference value :  3.87060e-08
 Reference value :  3.87660e-08
 Reference value :  3.88460e-08
 Reference value :  3.89060e-08
 Reference value :  3.89660e-08
 Reference value :  3.90260e-08
 Reference value :  3.90573e-08
 Reference value :  3.90580e-08
 Reference value :  3.90605e-08
 Reference value :  3.90641e-08
 Reference value :  3.90688e-08
 Reference value :  3.90759e-08
 Reference value :  3.90843e-08
 Reference value :  3.90923e-08
 Reference value :  3.91012e-08
 Reference value :  3.91118e-08
 Reference value :  3.91175e-08
 Reference value :  3.91227e-08
 Reference value :  3.91274e-08
 Reference value :  3.91348e-08
 Reference value :  3.91373e-08
 Reference value :  3.91383e-08
 Reference value :  3.91427e-08
 Reference value :  3.91496e-08
 Reference value :  3.91569e-08
 Reference value :  3.91693e-08
 Reference value :  3.91843e-08
 Reference value :  3.92027e-08
 Reference value :  3.92260e-08
 Reference value :  3.92555e-08
 Reference value :  3.92928e-08
 Reference value :  3.93328e-08
 Reference value :  3.93728e-08
 Reference value :  3.94328e-08
 Reference value :  3.94928e-08
 Reference value :  3.95528e-08
 Reference value :  3.96128e-08
 Reference value :  3.96728e-08
 Reference value :  3.97328e-08
 Reference value :  3.97928e-08
 Reference value :  3.98528e-08
 Reference value :  3.99128e-08
 Reference value :  3.99928e-08
 Reference value :  4.00528e-08
 Reference value :  4.01328e-08
 Reference value :  4.02128e-08
 Reference value :  4.02728e-08
 Reference value :  4.03328e-08
 Reference value :  4.03884e-08
 Reference value :  4.04041e-08
 Reference value :  4.04057e-08
 Reference value :  4.04089e-08
 Reference value :  4.04156e-08
 Reference value :  4.04227e-08
 Reference value :  4.04349e-08
 Reference value :  4.04437e-08
 Reference value :  4.04586e-08
 Reference value :  4.04643e-08
 Reference value :  4.04742e-08
 Reference value :  4.04816e-08
 Reference value :  4.04841e-08
 Reference value :  4.04845e-08
 Reference value :  4.04862e-08
 Reference value :  4.04895e-08
 Reference value :  4.04964e-08
 Reference value :  4.05037e-08
 Reference value :  4.05161e-08
 Reference value :  4.05311e-08
 Reference value :  4.05602e-08
 Reference value :  4.06023e-08
 Reference value :  4.06396e-08
 Reference value :  4.06796e-08
 Reference value :  4.07196e-08
 Reference value :  4.07796e-08
 Reference value :  4.08396e-08
 Reference value :  4.08996e-08
 Reference value :  4.09596e-08
 Reference value :  4.10196e-08
 Reference value :  4.10796e-08
 Reference value :  4.11396e-08
 Reference value :  4.11996e-08
 Reference value :  4.12596e-08
 Reference value :  4.13396e-08
 Reference value :  4.14196e-08
 Reference value :  4.14996e-08
 Reference value :  4.15596e-08
 Reference value :  4.16196e-08
 Reference value :  4.16796e-08
 Reference value :  4.17352e-08
 Reference value :  4.17509e-08
 Reference value :  4.17516e-08
 Reference value :  4.17541e-08
 Reference value :  4.17577e-08
 Reference value :  4.17624e-08
 Reference value :  4.17695e-08
 Reference value :  4.17779e-08
 Reference value :  4.17859e-08
 Reference value :  4.17948e-08
 Reference value :  4.18111e-08
 Reference value :  4.18163e-08
 Reference value :  4.18259e-08
 Reference value :  4.18308e-08
 Reference value :  4.18309e-08
 Reference value :  4.18319e-08
 Reference value :  4.18363e-08
 Reference value :  4.18404e-08
 Reference value :  4.18462e-08
 Reference value :  4.18560e-08
 Reference value :  4.18779e-08
 Reference value :  4.19070e-08
 Reference value :  4.19332e-08
 Reference value :  4.19664e-08
 Reference value :  4.20064e-08
 Reference value :  4.20464e-08
 Reference value :  4.20864e-08
 Reference value :  4.21464e-08
 Reference value :  4.22064e-08
 Reference value :  4.22664e-08
 Reference value :  4.23264e-08
 Reference value :  4.24064e-08
 Reference value :  4.24664e-08
 Reference value :  4.25264e-08
 Reference value :  4.25864e-08
 Reference value :  4.26464e-08
 Reference value :  4.27064e-08
 Reference value :  4.27664e-08
 Reference value :  4.28264e-08
 Reference value :  4.28864e-08
 Reference value :  4.29464e-08
 Reference value :  4.30020e-08
 Reference value :  4.30177e-08
 Reference value :  4.30184e-08
 Reference value :  4.30209e-08
 Reference value :  4.30245e-08
 Reference value :  4.30292e-08
 Reference value :  4.30363e-08
 Reference value :  4.30447e-08
 Reference value :  4.30527e-08
 Reference value :  4.30667e-08
 Reference value :  4.30779e-08
 Reference value :  4.30831e-08
 Reference value :  4.30878e-08
 Reference value :  4.30952e-08
 Reference value :  4.30977e-08
 Reference value :  4.30981e-08
 Reference value :  4.30998e-08
 Reference value :  4.31052e-08
 Reference value :  4.31100e-08
 Reference value :  4.31173e-08
 Reference value :  4.31297e-08
 Reference value :  4.31447e-08
 Reference value :  4.31631e-08
 Reference value :  4.32000e-08
 Reference value :  4.32332e-08
 Reference value :  4.32732e-08
 Reference value :  4.33132e-08
 Reference value :  4.33532e-08
 Reference value :  4.34132e-08
 Reference value :  4.34732e-08
 Reference value :  4.35332e-08
 Reference value :  4.35932e-08
 Reference value :  4.36532e-08
 Reference value :  4.37132e-08
 Reference value :  4.37732e-08
 Reference value :  4.38332e-08
 Reference value :  4.38932e-08
 Reference value :  4.39532e-08
 Reference value :  4.40132e-08
 Reference value :  4.40732e-08
 Reference value :  4.41332e-08
 Reference value :  4.41932e-08
 Reference value :  4.42532e-08
 Reference value :  4.43132e-08
 Reference value :  4.43732e-08
 Reference value :  4.44332e-08
 Reference value :  4.44932e-08
 Reference value :  4.45532e-08
 Reference value :  4.46132e-08
 Reference value :  4.46732e-08
 Reference value :  4.47332e-08
 Reference value :  4.47932e-08
 Reference value :  4.48532e-08
 Reference value :  4.49132e-08
 Reference value :  4.49732e-08
 Reference value :  4.50332e-08
 Reference value :  4.50932e-08
 Reference value :  4.51532e-08
 Reference value :  4.52132e-08
 Reference value :  4.52732e-08
 Reference value :  4.53332e-08
 Reference value :  4.53932e-08
 Reference value :  4.54532e-08
 Reference value :  4.55132e-08
 Reference value :  4.55732e-08
 Reference value :  4.56532e-08
 Reference value :  4.57132e-08
 Reference value :  4.57732e-08
 Reference value :  4.58332e-08
 Reference value :  4.58932e-08
 Reference value :  4.59532e-08
 Reference value :  4.60132e-08
 Reference value :  4.60732e-08
 Reference value :  4.61532e-08
 Reference value :  4.62132e-08
 Reference value :  4.62732e-08
 Reference value :  4.63332e-08
 Reference value :  4.63932e-08
 Reference value :  4.64532e-08
 Reference value :  4.65132e-08
 Reference value :  4.65732e-08
 Reference value :  4.66332e-08
 Reference value :  4.66932e-08
 Reference value :  4.67732e-08
 Reference value :  4.68332e-08
 Reference value :  4.69132e-08
 Reference value :  4.69732e-08
 Reference value :  4.70332e-08
 Reference value :  4.70932e-08
 Reference value :  4.71532e-08
 Reference value :  4.72132e-08
 Reference value :  4.72732e-08
 Reference value :  4.73332e-08
 Reference value :  4.73932e-08
 Reference value :  4.74532e-08
 Reference value :  4.75132e-08
 Reference value :  4.75732e-08
 Reference value :  4.76332e-08
 Reference value :  4.76932e-08
 Reference value :  4.77532e-08
 Reference value :  4.78132e-08
 Reference value :  4.78732e-08
 Reference value :  4.79332e-08
 Reference value :  4.79932e-08
 Reference value :  4.80532e-08
 Reference value :  4.81132e-08
 Reference value :  4.81732e-08
 Reference value :  4.82332e-08
 Reference value :  4.82932e-08
 Reference value :  4.83532e-08
 Reference value :  4.84132e-08
 Reference value :  4.84732e-08
 Reference value :  4.85332e-08
 Reference value :  4.85932e-08
 Reference value :  4.86532e-08
 Reference value :  4.87332e-08
 Reference value :  4.87932e-08
 Reference value :  4.88532e-08
 Reference value :  4.89132e-08
 Reference value :  4.89732e-08
 Reference value :  4.90332e-08
 Reference value :  4.90932e-08
 Reference value :  4.91732e-08
 Reference value :  4.92332e-08
 Reference value :  4.92932e-08
 Reference value :  4.93532e-08
 Reference value :  4.94132e-08
 Reference value :  4.94732e-08
 Reference value :  4.95332e-08
 Reference value :  4.95932e-08
 Reference value :  4.96532e-08
 Reference value :  4.97332e-08
 Reference value :  4.97932e-08
 Reference value :  4.98532e-08
 Reference value :  4.99132e-08
 Reference value :  4.99732e-08
 Reference value :  5.00332e-08
 Reference value :  5.00932e-08
 Reference value :  5.01532e-08
 Reference value :  5.02132e-08
 Reference value :  5.02732e-08
 Reference value :  5.03532e-08
 Reference value :  5.04332e-08
 Reference value :  5.04932e-08
 Reference value :  5.05532e-08
 Reference value :  5.06132e-08
 Reference value :  5.06732e-08
 Reference value :  5.07332e-08
 Reference value :  5.07932e-08
 Reference value :  5.08532e-08
 Reference value :  5.09132e-08
 Reference value :  5.09732e-08
 Reference value :  5.10332e-08
 Reference value :  5.10932e-08
 Reference value :  5.11532e-08
 Reference value :  5.12132e-08
 Reference value :  5.12732e-08
 Reference value :  5.13332e-08
 Reference value :  5.13932e-08
 Reference value :  5.14532e-08
 Reference value :  5.15132e-08
 Reference value :  5.15732e-08
 Reference value :  5.16332e-08
 Reference value :  5.16932e-08
 Reference value :  5.17532e-08
 Reference value :  5.18132e-08
 Reference value :  5.18732e-08
 Reference value :  5.19332e-08
 Reference value :  5.19932e-08
 Reference value :  5.20532e-08
 Reference value :  5.21132e-08
 Reference value :  5.21732e-08
 Reference value :  5.22332e-08
 Reference value :  5.22932e-08
 Reference value :  5.23532e-08
 Reference value :  5.24132e-08
 Reference value :  5.24732e-08
 Reference value :  5.25332e-08
 Reference value :  5.26132e-08
 Reference value :  5.26732e-08
 Reference value :  5.27332e-08
 Reference value :  5.27932e-08
 Reference value :  5.28532e-08
 Reference value :  5.29132e-08
 Reference value :  5.29732e-08
 Reference value :  5.30332e-08
 Reference value :  5.30932e-08
 Reference value :  5.31532e-08
 Reference value :  5.32132e-08
 Reference value :  5.32732e-08
 Reference value :  5.33332e-08
 Reference value :  5.33932e-08
 Reference value :  5.34532e-08
 Reference value :  5.35132e-08
 Reference value :  5.35732e-08
 Reference value :  5.36332e-08
 Reference value :  5.36932e-08
 Reference value :  5.37532e-08
 Reference value :  5.38132e-08
 Reference value :  5.38732e-08
 Reference value :  5.39332e-08
 Reference value :  5.39932e-08
 Reference value :  5.40532e-08
 Reference value :  5.41332e-08
 Reference value :  5.42132e-08
 Reference value :  5.42732e-08
 Reference value :  5.43332e-08
 Reference value :  5.43932e-08
 Reference value :  5.44532e-08
 Reference value :  5.45132e-08
 Reference value :  5.45732e-08
 Reference value :  5.46332e-08
 Reference value :  5.46932e-08
 Reference value :  5.47532e-08
 Reference value :  5.48132e-08
 Reference value :  5.48932e-08
 Reference value :  5.49732e-08
 Reference value :  5.50332e-08
 Reference value :  5.50932e-08
 Reference value :  5.51532e-08
 Reference value :  5.52060e-08
 Reference value :  5.52189e-08
 Reference value :  5.52195e-08
 Reference value :  5.52216e-08
 Reference value :  5.52251e-08
 Reference value :  5.52325e-08
 Reference value :  5.52409e-08
 Reference value :  5.52447e-08
 Reference value :  5.52526e-08
 Reference value :  5.52567e-08
 Reference value :  5.52713e-08
 Reference value :  5.52831e-08
 Reference value :  5.52880e-08
 Reference value :  5.52956e-08
 Reference value :  5.52989e-08
 Reference value :  5.53000e-08
 Reference value :  5.53045e-08
 Reference value :  5.53114e-08
 Reference value :  5.53245e-08
 Reference value :  5.53464e-08
 Reference value :  5.53649e-08
 Reference value :  5.53883e-08
 Reference value :  5.54356e-08
 Reference value :  5.54956e-08
 Reference value :  5.55356e-08
 Reference value :  5.55956e-08
 Reference value :  5.56556e-08
 Reference value :  5.57156e-08
 Reference value :  5.57756e-08
 Reference value :  5.58356e-08
 Reference value :  5.58956e-08
 Reference value :  5.59556e-08
 Reference value :  5.60156e-08
 Reference value :  5.60756e-08
 Reference value :  5.61356e-08
 Reference value :  5.61956e-08
 Reference value :  5.62556e-08
 Reference value :  5.63156e-08
 Reference value :  5.63756e-08
 Reference value :  5.64356e-08
 Reference value :  5.64956e-08
 Reference value :  5.65506e-08
 Reference value :  5.65657e-08
 Reference value :  5.65664e-08
 Reference value :  5.65688e-08
 Reference value :  5.65724e-08
 Reference value :  5.65771e-08
 Reference value :  5.65845e-08
 Reference value :  5.65923e-08
 Reference value :  5.66045e-08
 Reference value :  5.66138e-08
 Reference value :  5.66259e-08
 Reference value :  5.66368e-08
 Reference value :  5.66457e-08
 Reference value :  5.66458e-08
 Reference value :  5.66465e-08
 Reference value :  5.66489e-08
 Reference value :  5.66524e-08
 Reference value :  5.66569e-08
 Reference value :  5.66636e-08
 Reference value :  5.66755e-08
 Reference value :  5.66900e-08
 Reference value :  5.67077e-08
 Reference value :  5.67301e-08
 Reference value :  5.67584e-08
 Reference value :  5.67943e-08
 Reference value :  5.68343e-08
 Reference value :  5.68743e-08
 Reference value :  5.69143e-08
 Reference value :  5.69743e-08
 Reference value :  5.70343e-08
 Reference value :  5.70943e-08
 Reference value :  5.71543e-08
 Reference value :  5.72143e-08
 Reference value :  5.72743e-08
 Reference value :  5.73343e-08
 Reference value :  5.74143e-08
 Reference value :  5.74743e-08
 Reference value :  5.75343e-08
 Reference value :  5.75943e-08
 Reference value :  5.76543e-08
 Reference value :  5.77143e-08
 Reference value :  5.77743e-08
 Reference value :  5.78343e-08
 Reference value :  5.78943e-08
 Reference value :  5.79125e-08
 Reference value :  5.79134e-08
 Reference value :  5.79158e-08
 Reference value :  5.79195e-08
 Reference value :  5.79242e-08
 Reference value :  5.79316e-08
 Reference value :  5.79399e-08
 Reference value :  5.79480e-08
 Reference value :  5.79569e-08
 Reference value :  5.79677e-08
 Reference value :  5.79733e-08
 Reference value :  5.79784e-08
 Reference value :  5.79831e-08
 Reference value :  5.79901e-08
 Reference value :  5.79925e-08
 Reference value :  5.79930e-08
 Reference value :  5.79946e-08
 Reference value :  5.79980e-08
 Reference value :  5.80020e-08
 Reference value :  5.80078e-08
 Reference value :  5.80176e-08
 Reference value :  5.80314e-08
 Reference value :  5.80479e-08
 Reference value :  5.80686e-08
 Reference value :  5.80948e-08
 Reference value :  5.81281e-08
 Reference value :  5.81681e-08
 Reference value :  5.82081e-08
 Reference value :  5.82681e-08
 Reference value :  5.83281e-08
 Reference value :  5.83881e-08
 Reference value :  5.84681e-08
 Reference value :  5.85281e-08
 Reference value :  5.85881e-08
 Reference value :  5.86481e-08
 Reference value :  5.87081e-08
 Reference value :  5.87681e-08
 Reference value :  5.88281e-08
 Reference value :  5.88881e-08
 Reference value :  5.89481e-08
 Reference value :  5.90081e-08
 Reference value :  5.90681e-08
 Reference value :  5.91281e-08
 Reference value :  5.91881e-08
 Reference value :  5.92437e-08
 Reference value :  5.92593e-08
 Reference value :  5.92600e-08
 Reference value :  5.92641e-08
 Reference value :  5.92681e-08
 Reference value :  5.92739e-08
 Reference value :  5.92779e-08
 Reference value :  5.92863e-08
 Reference value :  5.92943e-08
 Reference value :  5.93032e-08
 Reference value :  5.93139e-08
 Reference value :  5.93247e-08
 Reference value :  5.93344e-08
 Reference value :  5.93393e-08
 Reference value :  5.93393e-08
 Reference value :  5.93403e-08
 Reference value :  5.93432e-08
 Reference value :  5.93468e-08
 Reference value :  5.93546e-08
 Reference value :  5.93713e-08
 Reference value :  5.93947e-08
 Reference value :  5.94280e-08
 Reference value :  5.94575e-08
 Reference value :  5.95149e-08
 Reference value :  5.95749e-08
 Reference value :  5.96349e-08
 Reference value :  5.97149e-08
 Reference value :  5.97949e-08
 Reference value :  5.98749e-08
 Reference value :  5.99349e-08
 Reference value :  5.99949e-08
 Reference value :  6.00549e-08
 Reference value :  6.01149e-08
 Reference value :  6.01949e-08
 Reference value :  6.02549e-08
 Reference value :  6.03349e-08
 Reference value :  6.03949e-08
 Reference value :  6.04549e-08
 Reference value :  6.05149e-08
 Reference value :  6.05749e-08
 Reference value :  6.06061e-08
 Reference value :  6.06068e-08
 Reference value :  6.06093e-08
 Reference value :  6.06130e-08
 Reference value :  6.06177e-08
 Reference value :  6.06247e-08
 Reference value :  6.06331e-08
 Reference value :  6.06457e-08
 Reference value :  6.06551e-08
 Reference value :  6.06664e-08
 Reference value :  6.06715e-08
 Reference value :  6.06763e-08
 Reference value :  6.06836e-08
 Reference value :  6.06861e-08
 Reference value :  6.06866e-08
 Reference value :  6.06882e-08
 Reference value :  6.06936e-08
 Reference value :  6.06984e-08
 Reference value :  6.07057e-08
 Reference value :  6.07181e-08
 Reference value :  6.07331e-08
 Reference value :  6.07515e-08
 Reference value :  6.07748e-08
 Reference value :  6.08043e-08
 Reference value :  6.08417e-08
 Reference value :  6.08817e-08
 Reference value :  6.09217e-08
 Reference value :  6.09817e-08
No. of Data Rows : 4054
m_ui_ref            =  1.34680e-09 targ=  1.35080e-08 trig=  1.21612e-08
m_spa_in            =  5.38721e-09 targ=  1.75484e-08 trig=  1.21612e-08
m_spb_in            =  4.04040e-09 targ=  1.62016e-08 trig=  1.21612e-08
m_spa_c0            =  5.38721e-09 targ=  1.75549e-08 trig=  1.21677e-08
m_spb_c0            =  4.04040e-09 targ=  1.62081e-08 trig=  1.21677e-08
m_trise_c0          =  4.74172e-11 targ=  1.35362e-08 trig=  1.34888e-08
m_tfall_c0          =  4.73945e-11 targ=  1.48830e-08 trig=  1.48356e-08
m_spa_c1            =  5.38721e-09 targ=  1.75883e-08 trig=  1.22011e-08
m_spb_c1            =  4.04041e-09 targ=  1.62415e-08 trig=  1.22011e-08
m_trise_c1          =  1.17582e-10 targ=  1.36258e-08 trig=  1.35082e-08
m_tfall_c1          =  1.17636e-10 targ=  1.49726e-08 trig=  1.48550e-08
m_spa_c2            =  5.38722e-09 targ=  1.76186e-08 trig=  1.22313e-08
m_spb_c2            =  4.04041e-09 targ=  1.62718e-08 trig=  1.22313e-08
m_trise_c2          =  2.21811e-10 targ=  1.37395e-08 trig=  1.35177e-08
m_tfall_c2          =  2.22133e-10 targ=  1.50866e-08 trig=  1.48645e-08
m_spa_cmis          =  5.38722e-09 targ=  1.75986e-08 trig=  1.22114e-08
m_spb_cmis          =  4.04194e-09 targ=  1.62533e-08 trig=  1.22114e-08
m_dj_ui_c0 = 7.4250019143e-07
m_swing_c0 = 5.0559198532e-01
m_vpp_c0 = 6.1132725191e-01
m_vcm_c0 = 3.0471801774e+00
m_dj_ui_c1 = 5.1975013382e-06
m_swing_c1 = 5.0520043192e-01
m_vpp_c1 = 5.0947937639e-01
m_vcm_c1 = 3.0473759174e+00
m_dj_ui_c2 = 8.1675021039e-06
m_swing_c2 = 5.0408901211e-01
m_vpp_c2 = 5.0670758440e-01
m_vcm_c2 = 3.0478496000e+00
m_dj_ui_cmis = 1.1382527931e-03
m_swing_cmis = 5.0409113960e-01
m_swing_avcclo = 5.0477510034e-01
m_vcm_avcclo = 2.7175849167e+00
m_swing_avcchi = 5.0559039977e-01
m_vcm_avcchi = 3.3771835758e+00
m_vgs_sw_max = 1.3961290350e+00
m_vgd_sw_max = 1.9964790966e+00
m_vds_sw_max = 2.5401585539e+00
m_vgs_tail_max = 1.0360861891e+00
m_vds_tail_max = 1.2056059958e+00
m_swing_dc = 5.0373539733e-01
m_vcm_dc = 3.0481089931e+00
m_ioff_dc = 4.6616401580e-07
m_itail_dc = 1.0075640275e-02
m_icell_dc = 1.0575640275e-02
m_ro_leg = 4.2980410324e+04
Note: Simulation executed from .control section 

