
Note: No compatibility mode selected!


Circuit: * cml-driver-eye @ fs_27c_2.97v_270mbps -- generated by sim/harness, do not edit

Doing analysis at TEMP = 27.000000 and TNOM = 27.000000

Using SPARSE 1.3 as Direct Linear Solver

Initial Transient Solution
--------------------------

Node                                   Voltage
----                                   -------
avcc                                       3.3
avcclo                                    2.97
avcchi                                    3.63
inp                                     2.5245
inn                                     1.6335
inpz                                    2.5245
innz                                    1.6335
inref                                    0.891
win                                          0
winc                                         0
xc0.tail                               1.18993
ib_c0                                  1.03449
outp_c0                                2.79624
outn_c0                                3.29998
vd_c0                                 0.503735
xc1.tail                               1.18993
ib_c1                                  1.03449
outp_c1                                2.79624
outn_c1                                3.29998
vd_c1                                 0.503735
xc2.tail                               1.18993
ib_c2                                  1.03449
outp_c2                                2.79624
outn_c2                                3.29998
vd_c2                                 0.503735
xcmis.tail                             1.18993
ib_cmis                                1.03449
outp_cmis                              2.79624
outn_cmis                              3.29998
vd_cmis                               0.503735
xvlo.tail                              1.17332
ib_vlo                                 1.03449
outp_vlo                               2.46663
outn_vlo                               2.96997
xvhi.tail                              1.20575
ib_vhi                                 1.03449
outp_vhi                               3.12588
outn_vhi                               3.62998
xz.tail                                1.18993
ib_z                                   1.03449
vss_z                                        0
outp_z                                 2.79624
outn_z                                 3.29998
xza.tail                               1.18018
ib_za                                  1.03449
outp_za                                    2.6
outn_za                                3.29997
xzb.tail                               1.19977
ib_zb                                  1.03449
outp_zb                                      3
outn_zb                                3.29998
ediff_cmis#branch                            0
ediff_c2#branch                              0
ediff_c1#branch                              0
ediff_c0#branch                              0
einref#branch                                0
vforce_zb#branch                    -0.0100798
vforce_za#branch                    -0.0100705
vsens_z#branch                       0.0105756
vwinc#branch                                 0
vwin#branch                                  0
vinnz#branch                                 0
vinpz#branch                                 0
vinn#branch                                  0
vinp#branch                                  0
vavcchi#branch                      -0.0100829
vavcclo#branch                       -0.010068
vavcc#branch                        -0.0503792

 Reference value :  0.00000e+00
 Reference value :  4.00000e-13
 Reference value :  6.40000e-12
 Reference value :  4.56000e-11
 Reference value :  1.05600e-10
 Reference value :  1.65600e-10
 Reference value :  2.25600e-10
 Reference value :  2.85600e-10
 Reference value :  3.45600e-10
 Reference value :  4.05600e-10
 Reference value :  4.65600e-10
 Reference value :  5.25600e-10
 Reference value :  5.85600e-10
 Reference value :  6.65600e-10
 Reference value :  7.25600e-10
 Reference value :  7.85600e-10
 Reference value :  8.45600e-10
 Reference value :  9.05600e-10
 Reference value :  9.85600e-10
 Reference value :  1.04560e-09
 Reference value :  1.10560e-09
 Reference value :  1.16560e-09
 Reference value :  1.22560e-09
 Reference value :  1.28560e-09
 Reference value :  1.34560e-09
 Reference value :  1.40560e-09
 Reference value :  1.46560e-09
 Reference value :  1.52560e-09
 Reference value :  1.58560e-09
 Reference value :  1.66560e-09
 Reference value :  1.72560e-09
 Reference value :  1.78560e-09
 Reference value :  1.84560e-09
 Reference value :  1.92560e-09
 Reference value :  1.98560e-09
 Reference value :  2.04560e-09
 Reference value :  2.10560e-09
 Reference value :  2.16560e-09
 Reference value :  2.22560e-09
 Reference value :  2.28560e-09
 Reference value :  2.34560e-09
 Reference value :  2.40560e-09
 Reference value :  2.46560e-09
 Reference value :  2.52560e-09
 Reference value :  2.58560e-09
 Reference value :  2.64560e-09
 Reference value :  2.72560e-09
 Reference value :  2.80560e-09
 Reference value :  2.86560e-09
 Reference value :  2.94560e-09
 Reference value :  3.02560e-09
 Reference value :  3.08560e-09
 Reference value :  3.16560e-09
 Reference value :  3.22560e-09
 Reference value :  3.30560e-09
 Reference value :  3.36560e-09
 Reference value :  3.42560e-09
 Reference value :  3.50560e-09
 Reference value :  3.56560e-09
 Reference value :  3.62560e-09
 Reference value :  3.68560e-09
 Reference value :  3.74560e-09
 Reference value :  3.82560e-09
 Reference value :  3.90560e-09
 Reference value :  3.96560e-09
 Reference value :  4.02560e-09
 Reference value :  4.08560e-09
 Reference value :  4.16560e-09
 Reference value :  4.24560e-09
 Reference value :  4.30560e-09
 Reference value :  4.38560e-09
 Reference value :  4.44560e-09
 Reference value :  4.50560e-09
 Reference value :  4.56560e-09
 Reference value :  4.62560e-09
 Reference value :  4.70560e-09
 Reference value :  4.76560e-09
 Reference value :  4.84560e-09
 Reference value :  4.92560e-09
 Reference value :  5.00560e-09
 Reference value :  5.06560e-09
 Reference value :  5.14560e-09
 Reference value :  5.20560e-09
 Reference value :  5.26560e-09
 Reference value :  5.32560e-09
 Reference value :  5.38560e-09
 Reference value :  5.46560e-09
 Reference value :  5.54560e-09
 Reference value :  5.62560e-09
 Reference value :  5.70560e-09
 Reference value :  5.78560e-09
 Reference value :  5.86560e-09
 Reference value :  5.94560e-09
 Reference value :  6.02560e-09
 Reference value :  6.08560e-09
 Reference value :  6.18560e-09
 Reference value :  6.28560e-09
 Reference value :  6.38560e-09
 Reference value :  6.50560e-09
 Reference value :  6.60560e-09
 Reference value :  6.70560e-09
 Reference value :  6.82560e-09
 Reference value :  6.92560e-09
 Reference value :  7.02560e-09
 Reference value :  7.08560e-09
 Reference value :  7.16560e-09
 Reference value :  7.24560e-09
 Reference value :  7.30560e-09
 Reference value :  7.38560e-09
 Reference value :  7.44560e-09
 Reference value :  7.50560e-09
 Reference value :  7.58560e-09
 Reference value :  7.66560e-09
 Reference value :  7.72560e-09
 Reference value :  7.80560e-09
 Reference value :  7.86560e-09
 Reference value :  7.92560e-09
 Reference value :  7.98560e-09
 Reference value :  8.06560e-09
 Reference value :  8.14560e-09
 Reference value :  8.20560e-09
 Reference value :  8.26560e-09
 Reference value :  8.32560e-09
 Reference value :  8.38560e-09
 Reference value :  8.44560e-09
 Reference value :  8.50560e-09
 Reference value :  8.56560e-09
 Reference value :  8.64560e-09
 Reference value :  8.70560e-09
 Reference value :  8.76560e-09
 Reference value :  8.82560e-09
 Reference value :  8.88560e-09
 Reference value :  8.96560e-09
 Reference value :  9.02560e-09
 Reference value :  9.08560e-09
 Reference value :  9.14560e-09
 Reference value :  9.20560e-09
 Reference value :  9.26560e-09
 Reference value :  9.32560e-09
 Reference value :  9.38560e-09
 Reference value :  9.44560e-09
 Reference value :  9.50560e-09
 Reference value :  9.56560e-09
 Reference value :  9.62560e-09
 Reference value :  9.68560e-09
 Reference value :  9.74560e-09
 Reference value :  9.80560e-09
 Reference value :  9.86560e-09
 Reference value :  9.94560e-09
 Reference value :  1.00056e-08
 Reference value :  1.00656e-08
 Reference value :  1.01256e-08
 Reference value :  1.01856e-08
 Reference value :  1.02456e-08
 Reference value :  1.03056e-08
 Reference value :  1.03656e-08
 Reference value :  1.04256e-08
 Reference value :  1.04856e-08
 Reference value :  1.05456e-08
 Reference value :  1.06056e-08
 Reference value :  1.06656e-08
 Reference value :  1.07256e-08
 Reference value :  1.07856e-08
 Reference value :  1.08456e-08
 Reference value :  1.09056e-08
 Reference value :  1.09656e-08
 Reference value :  1.10256e-08
 Reference value :  1.10856e-08
 Reference value :  1.11456e-08
 Reference value :  1.12256e-08
 Reference value :  1.12856e-08
 Reference value :  1.13456e-08
 Reference value :  1.14056e-08
 Reference value :  1.14856e-08
 Reference value :  1.15656e-08
 Reference value :  1.16456e-08
 Reference value :  1.17056e-08
 Reference value :  1.17656e-08
 Reference value :  1.18256e-08
 Reference value :  1.18856e-08
 Reference value :  1.19456e-08
 Reference value :  1.20056e-08
 Reference value :  1.20656e-08
 Reference value :  1.21256e-08
 Reference value :  1.21856e-08
 Reference value :  1.22456e-08
 Reference value :  1.23056e-08
 Reference value :  1.23656e-08
 Reference value :  1.24256e-08
 Reference value :  1.25056e-08
 Reference value :  1.25656e-08
 Reference value :  1.26256e-08
 Reference value :  1.26856e-08
 Reference value :  1.27456e-08
 Reference value :  1.28056e-08
 Reference value :  1.28656e-08
 Reference value :  1.29256e-08
 Reference value :  1.29856e-08
 Reference value :  1.30456e-08
 Reference value :  1.31056e-08
 Reference value :  1.31656e-08
 Reference value :  1.32256e-08
 Reference value :  1.32856e-08
 Reference value :  1.33456e-08
 Reference value :  1.34056e-08
 Reference value :  1.34656e-08
 Reference value :  1.35256e-08
 Reference value :  1.35856e-08
 Reference value :  1.36456e-08
 Reference value :  1.37056e-08
 Reference value :  1.37656e-08
 Reference value :  1.38256e-08
 Reference value :  1.38856e-08
 Reference value :  1.39456e-08
 Reference value :  1.40056e-08
 Reference value :  1.40656e-08
 Reference value :  1.41256e-08
 Reference value :  1.41856e-08
 Reference value :  1.42456e-08
 Reference value :  1.43056e-08
 Reference value :  1.43656e-08
 Reference value :  1.44256e-08
 Reference value :  1.44856e-08
 Reference value :  1.45656e-08
 Reference value :  1.46456e-08
 Reference value :  1.47056e-08
 Reference value :  1.47856e-08
 Reference value :  1.48456e-08
 Reference value :  1.49056e-08
 Reference value :  1.49656e-08
 Reference value :  1.50256e-08
 Reference value :  1.50856e-08
 Reference value :  1.51456e-08
 Reference value :  1.52056e-08
 Reference value :  1.52656e-08
 Reference value :  1.53256e-08
 Reference value :  1.53856e-08
 Reference value :  1.54456e-08
 Reference value :  1.55256e-08
 Reference value :  1.55856e-08
 Reference value :  1.56456e-08
 Reference value :  1.57056e-08
 Reference value :  1.57656e-08
 Reference value :  1.58256e-08
 Reference value :  1.58856e-08
 Reference value :  1.59456e-08
 Reference value :  1.60056e-08
 Reference value :  1.60656e-08
 Reference value :  1.61256e-08
 Reference value :  1.61856e-08
 Reference value :  1.62456e-08
 Reference value :  1.63056e-08
 Reference value :  1.63656e-08
 Reference value :  1.64256e-08
 Reference value :  1.64856e-08
 Reference value :  1.65456e-08
 Reference value :  1.66256e-08
 Reference value :  1.66856e-08
 Reference value :  1.67456e-08
 Reference value :  1.68056e-08
 Reference value :  1.68856e-08
 Reference value :  1.69456e-08
 Reference value :  1.70256e-08
 Reference value :  1.70856e-08
 Reference value :  1.71456e-08
 Reference value :  1.72056e-08
 Reference value :  1.72656e-08
 Reference value :  1.73256e-08
 Reference value :  1.73856e-08
 Reference value :  1.74456e-08
 Reference value :  1.75056e-08
 Reference value :  1.75656e-08
 Reference value :  1.76256e-08
 Reference value :  1.76856e-08
 Reference value :  1.77456e-08
 Reference value :  1.78056e-08
 Reference value :  1.78656e-08
 Reference value :  1.79256e-08
 Reference value :  1.79856e-08
 Reference value :  1.80456e-08
 Reference value :  1.81056e-08
 Reference value :  1.81656e-08
 Reference value :  1.82256e-08
 Reference value :  1.82856e-08
 Reference value :  1.83656e-08
 Reference value :  1.84256e-08
 Reference value :  1.84856e-08
 Reference value :  1.85656e-08
 Reference value :  1.86456e-08
 Reference value :  1.87056e-08
 Reference value :  1.87856e-08
 Reference value :  1.88456e-08
 Reference value :  1.89056e-08
 Reference value :  1.89856e-08
 Reference value :  1.90456e-08
 Reference value :  1.91256e-08
 Reference value :  1.91856e-08
 Reference value :  1.92456e-08
 Reference value :  1.93056e-08
 Reference value :  1.93656e-08
 Reference value :  1.94256e-08
 Reference value :  1.95056e-08
 Reference value :  1.95656e-08
 Reference value :  1.96256e-08
 Reference value :  1.96856e-08
 Reference value :  1.97656e-08
 Reference value :  1.98256e-08
 Reference value :  1.98856e-08
 Reference value :  1.99456e-08
 Reference value :  2.00056e-08
 Reference value :  2.00656e-08
 Reference value :  2.01256e-08
 Reference value :  2.01856e-08
 Reference value :  2.02456e-08
 Reference value :  2.03056e-08
 Reference value :  2.03656e-08
 Reference value :  2.04256e-08
 Reference value :  2.04856e-08
 Reference value :  2.05456e-08
 Reference value :  2.06056e-08
 Reference value :  2.06656e-08
 Reference value :  2.07256e-08
 Reference value :  2.07856e-08
 Reference value :  2.08456e-08
 Reference value :  2.09056e-08
 Reference value :  2.09656e-08
 Reference value :  2.10456e-08
 Reference value :  2.11256e-08
 Reference value :  2.11856e-08
 Reference value :  2.12656e-08
 Reference value :  2.13456e-08
 Reference value :  2.14056e-08
 Reference value :  2.14656e-08
 Reference value :  2.15256e-08
 Reference value :  2.15856e-08
 Reference value :  2.16456e-08
 Reference value :  2.17056e-08
 Reference value :  2.17856e-08
 Reference value :  2.18456e-08
 Reference value :  2.19056e-08
 Reference value :  2.19656e-08
 Reference value :  2.20256e-08
 Reference value :  2.20856e-08
 Reference value :  2.21656e-08
 Reference value :  2.22256e-08
 Reference value :  2.22856e-08
 Reference value :  2.23456e-08
 Reference value :  2.24056e-08
 Reference value :  2.24656e-08
 Reference value :  2.25256e-08
 Reference value :  2.25856e-08
 Reference value :  2.26456e-08
 Reference value :  2.27056e-08
 Reference value :  2.27656e-08
 Reference value :  2.28256e-08
 Reference value :  2.28856e-08
 Reference value :  2.29456e-08
 Reference value :  2.30056e-08
 Reference value :  2.30656e-08
 Reference value :  2.31256e-08
 Reference value :  2.31856e-08
 Reference value :  2.32456e-08
 Reference value :  2.33056e-08
 Reference value :  2.33656e-08
 Reference value :  2.34256e-08
 Reference value :  2.34856e-08
 Reference value :  2.35456e-08
 Reference value :  2.36056e-08
 Reference value :  2.36656e-08
 Reference value :  2.37256e-08
 Reference value :  2.37856e-08
 Reference value :  2.38456e-08
 Reference value :  2.39056e-08
 Reference value :  2.39656e-08
 Reference value :  2.40256e-08
 Reference value :  2.40856e-08
 Reference value :  2.41656e-08
 Reference value :  2.42256e-08
 Reference value :  2.42856e-08
 Reference value :  2.43456e-08
 Reference value :  2.44056e-08
 Reference value :  2.44656e-08
 Reference value :  2.45256e-08
 Reference value :  2.45856e-08
 Reference value :  2.46456e-08
 Reference value :  2.47056e-08
 Reference value :  2.47656e-08
 Reference value :  2.48256e-08
 Reference value :  2.48856e-08
 Reference value :  2.49456e-08
 Reference value :  2.50056e-08
 Reference value :  2.50656e-08
 Reference value :  2.51456e-08
 Reference value :  2.52056e-08
 Reference value :  2.52856e-08
 Reference value :  2.53456e-08
 Reference value :  2.54056e-08
 Reference value :  2.54656e-08
 Reference value :  2.55256e-08
 Reference value :  2.55856e-08
 Reference value :  2.56456e-08
 Reference value :  2.57056e-08
 Reference value :  2.57656e-08
 Reference value :  2.58256e-08
 Reference value :  2.58856e-08
 Reference value :  2.59456e-08
 Reference value :  2.60056e-08
 Reference value :  2.60856e-08
 Reference value :  2.61456e-08
 Reference value :  2.62056e-08
 Reference value :  2.62656e-08
 Reference value :  2.63256e-08
 Reference value :  2.63856e-08
 Reference value :  2.64456e-08
 Reference value :  2.65056e-08
 Reference value :  2.65656e-08
 Reference value :  2.66256e-08
 Reference value :  2.66856e-08
 Reference value :  2.67456e-08
 Reference value :  2.68056e-08
 Reference value :  2.68656e-08
 Reference value :  2.69256e-08
 Reference value :  2.69856e-08
 Reference value :  2.70456e-08
 Reference value :  2.71056e-08
 Reference value :  2.71656e-08
 Reference value :  2.72456e-08
 Reference value :  2.73056e-08
 Reference value :  2.73656e-08
 Reference value :  2.74256e-08
 Reference value :  2.74856e-08
 Reference value :  2.75456e-08
 Reference value :  2.76056e-08
 Reference value :  2.76656e-08
 Reference value :  2.77256e-08
 Reference value :  2.77856e-08
 Reference value :  2.78456e-08
 Reference value :  2.79056e-08
 Reference value :  2.79656e-08
 Reference value :  2.80256e-08
 Reference value :  2.80856e-08
 Reference value :  2.81456e-08
 Reference value :  2.82056e-08
 Reference value :  2.82656e-08
 Reference value :  2.83256e-08
 Reference value :  2.83856e-08
 Reference value :  2.84456e-08
 Reference value :  2.85056e-08
 Reference value :  2.85656e-08
 Reference value :  2.86256e-08
 Reference value :  2.86856e-08
 Reference value :  2.87456e-08
 Reference value :  2.88056e-08
 Reference value :  2.88656e-08
 Reference value :  2.89256e-08
 Reference value :  2.89856e-08
 Reference value :  2.90456e-08
 Reference value :  2.91056e-08
 Reference value :  2.91656e-08
 Reference value :  2.92256e-08
 Reference value :  2.92856e-08
 Reference value :  2.93456e-08
 Reference value :  2.94056e-08
 Reference value :  2.94656e-08
 Reference value :  2.95256e-08
 Reference value :  2.95856e-08
 Reference value :  2.96456e-08
 Reference value :  2.97056e-08
 Reference value :  2.97656e-08
 Reference value :  2.98256e-08
 Reference value :  2.98856e-08
 Reference value :  2.99456e-08
 Reference value :  3.00056e-08
 Reference value :  3.00656e-08
 Reference value :  3.01456e-08
 Reference value :  3.02056e-08
 Reference value :  3.02656e-08
 Reference value :  3.03256e-08
 Reference value :  3.03856e-08
 Reference value :  3.04456e-08
 Reference value :  3.05056e-08
 Reference value :  3.05656e-08
 Reference value :  3.06256e-08
 Reference value :  3.06856e-08
 Reference value :  3.07656e-08
 Reference value :  3.08456e-08
 Reference value :  3.09056e-08
 Reference value :  3.09856e-08
 Reference value :  3.10656e-08
 Reference value :  3.11456e-08
 Reference value :  3.12256e-08
 Reference value :  3.12856e-08
 Reference value :  3.13456e-08
 Reference value :  3.14056e-08
 Reference value :  3.14656e-08
 Reference value :  3.15456e-08
 Reference value :  3.16056e-08
 Reference value :  3.16656e-08
 Reference value :  3.17256e-08
 Reference value :  3.17856e-08
 Reference value :  3.18656e-08
 Reference value :  3.19256e-08
 Reference value :  3.19856e-08
 Reference value :  3.20656e-08
 Reference value :  3.21256e-08
 Reference value :  3.22056e-08
 Reference value :  3.22656e-08
 Reference value :  3.23256e-08
 Reference value :  3.23856e-08
 Reference value :  3.24456e-08
 Reference value :  3.25056e-08
 Reference value :  3.25656e-08
 Reference value :  3.26256e-08
 Reference value :  3.26856e-08
 Reference value :  3.27456e-08
 Reference value :  3.28256e-08
 Reference value :  3.29056e-08
 Reference value :  3.29656e-08
 Reference value :  3.30256e-08
 Reference value :  3.30856e-08
 Reference value :  3.31456e-08
 Reference value :  3.32056e-08
 Reference value :  3.32656e-08
 Reference value :  3.33195e-08
 Reference value :  3.33334e-08
 Reference value :  3.33340e-08
 Reference value :  3.33363e-08
 Reference value :  3.33418e-08
 Reference value :  3.33474e-08
 Reference value :  3.33558e-08
 Reference value :  3.33595e-08
 Reference value :  3.33675e-08
 Reference value :  3.33716e-08
 Reference value :  3.33808e-08
 Reference value :  3.33927e-08
 Reference value :  3.33982e-08
 Reference value :  3.34031e-08
 Reference value :  3.34076e-08
 Reference value :  3.34133e-08
 Reference value :  3.34134e-08
 Reference value :  3.34138e-08
 Reference value :  3.34154e-08
 Reference value :  3.34188e-08
 Reference value :  3.34229e-08
 Reference value :  3.34287e-08
 Reference value :  3.34385e-08
 Reference value :  3.34523e-08
 Reference value :  3.34688e-08
 Reference value :  3.34895e-08
 Reference value :  3.35157e-08
 Reference value :  3.35489e-08
 Reference value :  3.35889e-08
 Reference value :  3.36289e-08
 Reference value :  3.36889e-08
 Reference value :  3.37489e-08
 Reference value :  3.38089e-08
 Reference value :  3.38689e-08
 Reference value :  3.39289e-08
 Reference value :  3.39889e-08
 Reference value :  3.40489e-08
 Reference value :  3.41089e-08
 Reference value :  3.41689e-08
 Reference value :  3.42289e-08
 Reference value :  3.42889e-08
 Reference value :  3.43489e-08
 Reference value :  3.44089e-08
 Reference value :  3.44689e-08
 Reference value :  3.45289e-08
 Reference value :  3.45889e-08
 Reference value :  3.46489e-08
 Reference value :  3.47089e-08
 Reference value :  3.47689e-08
 Reference value :  3.48289e-08
 Reference value :  3.48889e-08
 Reference value :  3.49489e-08
 Reference value :  3.50089e-08
 Reference value :  3.50689e-08
 Reference value :  3.51289e-08
 Reference value :  3.51889e-08
 Reference value :  3.52489e-08
 Reference value :  3.53089e-08
 Reference value :  3.53689e-08
 Reference value :  3.54289e-08
 Reference value :  3.54889e-08
 Reference value :  3.55489e-08
 Reference value :  3.56089e-08
 Reference value :  3.56689e-08
 Reference value :  3.57289e-08
 Reference value :  3.57889e-08
 Reference value :  3.58489e-08
 Reference value :  3.59089e-08
 Reference value :  3.59689e-08
 Reference value :  3.60289e-08
 Reference value :  3.60889e-08
 Reference value :  3.61489e-08
 Reference value :  3.62089e-08
 Reference value :  3.62689e-08
 Reference value :  3.63289e-08
 Reference value :  3.63889e-08
 Reference value :  3.64689e-08
 Reference value :  3.65289e-08
 Reference value :  3.65889e-08
 Reference value :  3.66489e-08
 Reference value :  3.67089e-08
 Reference value :  3.67689e-08
 Reference value :  3.68489e-08
 Reference value :  3.69289e-08
 Reference value :  3.69889e-08
 Reference value :  3.70370e-08
 Reference value :  3.70371e-08
 Reference value :  3.70377e-08
 Reference value :  3.70400e-08
 Reference value :  3.70436e-08
 Reference value :  3.70511e-08
 Reference value :  3.70596e-08
 Reference value :  3.70633e-08
 Reference value :  3.70712e-08
 Reference value :  3.70754e-08
 Reference value :  3.70846e-08
 Reference value :  3.70966e-08
 Reference value :  3.71021e-08
 Reference value :  3.71069e-08
 Reference value :  3.71114e-08
 Reference value :  3.71170e-08
 Reference value :  3.71171e-08
 Reference value :  3.71181e-08
 Reference value :  3.71209e-08
 Reference value :  3.71246e-08
 Reference value :  3.71294e-08
 Reference value :  3.71367e-08
 Reference value :  3.71491e-08
 Reference value :  3.71641e-08
 Reference value :  3.71825e-08
 Reference value :  3.72194e-08
 Reference value :  3.72526e-08
 Reference value :  3.72926e-08
 Reference value :  3.73326e-08
 Reference value :  3.73726e-08
 Reference value :  3.74326e-08
 Reference value :  3.74926e-08
 Reference value :  3.75526e-08
 Reference value :  3.76126e-08
 Reference value :  3.76926e-08
 Reference value :  3.77652e-08
 Reference value :  3.77781e-08
 Reference value :  3.77788e-08
 Reference value :  3.77798e-08
 Reference value :  3.77877e-08
 Reference value :  3.78345e-08
 Reference value :  3.78945e-08
 Reference value :  3.79545e-08
 Reference value :  3.80345e-08
 Reference value :  3.80945e-08
 Reference value :  3.81481e-08
 Reference value :  3.81488e-08
 Reference value :  3.81496e-08
 Reference value :  3.81580e-08
 Reference value :  3.82049e-08
 Reference value :  3.82649e-08
 Reference value :  3.83249e-08
 Reference value :  3.83849e-08
 Reference value :  3.84449e-08
 Reference value :  3.85049e-08
 Reference value :  3.85649e-08
 Reference value :  3.86249e-08
 Reference value :  3.86849e-08
 Reference value :  3.87449e-08
 Reference value :  3.88049e-08
 Reference value :  3.88649e-08
 Reference value :  3.89249e-08
 Reference value :  3.89849e-08
 Reference value :  3.90449e-08
 Reference value :  3.91249e-08
 Reference value :  3.91849e-08
 Reference value :  3.92449e-08
 Reference value :  3.93049e-08
 Reference value :  3.93849e-08
 Reference value :  3.94649e-08
 Reference value :  3.95249e-08
 Reference value :  3.95849e-08
 Reference value :  3.96296e-08
 Reference value :  3.96303e-08
 Reference value :  3.96308e-08
 Reference value :  3.96328e-08
 Reference value :  3.96485e-08
 Reference value :  3.97264e-08
 Reference value :  3.97864e-08
 Reference value :  3.98464e-08
 Reference value :  3.99064e-08
 Reference value :  3.99664e-08
 Reference value :  4.00264e-08
 Reference value :  4.01064e-08
 Reference value :  4.01664e-08
 Reference value :  4.02264e-08
 Reference value :  4.02864e-08
 Reference value :  4.03464e-08
 Reference value :  4.04064e-08
 Reference value :  4.04664e-08
 Reference value :  4.05264e-08
 Reference value :  4.05864e-08
 Reference value :  4.06464e-08
 Reference value :  4.07236e-08
 Reference value :  4.07408e-08
 Reference value :  4.07416e-08
 Reference value :  4.07440e-08
 Reference value :  4.07477e-08
 Reference value :  4.07524e-08
 Reference value :  4.07601e-08
 Reference value :  4.07679e-08
 Reference value :  4.07759e-08
 Reference value :  4.07849e-08
 Reference value :  4.07956e-08
 Reference value :  4.08063e-08
 Reference value :  4.08159e-08
 Reference value :  4.08208e-08
 Reference value :  4.08212e-08
 Reference value :  4.08246e-08
 Reference value :  4.08283e-08
 Reference value :  4.08331e-08
 Reference value :  4.08404e-08
 Reference value :  4.08528e-08
 Reference value :  4.08678e-08
 Reference value :  4.08862e-08
 Reference value :  4.09095e-08
 Reference value :  4.09390e-08
 Reference value :  4.09763e-08
 Reference value :  4.10163e-08
 Reference value :  4.10563e-08
 Reference value :  4.11163e-08
 Reference value :  4.11763e-08
 Reference value :  4.12363e-08
 Reference value :  4.12963e-08
 Reference value :  4.13563e-08
 Reference value :  4.14163e-08
 Reference value :  4.14763e-08
 Reference value :  4.15363e-08
 Reference value :  4.16163e-08
 Reference value :  4.16763e-08
 Reference value :  4.17363e-08
 Reference value :  4.17963e-08
 Reference value :  4.18519e-08
 Reference value :  4.18525e-08
 Reference value :  4.18531e-08
 Reference value :  4.18550e-08
 Reference value :  4.18886e-08
 Reference value :  4.19486e-08
 Reference value :  4.20286e-08
 Reference value :  4.20886e-08
 Reference value :  4.21686e-08
 Reference value :  4.22286e-08
 Reference value :  4.22886e-08
 Reference value :  4.23486e-08
 Reference value :  4.24086e-08
 Reference value :  4.24686e-08
 Reference value :  4.25286e-08
 Reference value :  4.25886e-08
 Reference value :  4.26486e-08
 Reference value :  4.27086e-08
 Reference value :  4.27686e-08
 Reference value :  4.28286e-08
 Reference value :  4.28886e-08
 Reference value :  4.29486e-08
 Reference value :  4.30086e-08
 Reference value :  4.30686e-08
 Reference value :  4.31286e-08
 Reference value :  4.31886e-08
 Reference value :  4.32486e-08
 Reference value :  4.33086e-08
 Reference value :  4.33334e-08
 Reference value :  4.33343e-08
 Reference value :  4.33348e-08
 Reference value :  4.33387e-08
 Reference value :  4.33701e-08
 Reference value :  4.34301e-08
 Reference value :  4.34901e-08
 Reference value :  4.35701e-08
 Reference value :  4.36301e-08
 Reference value :  4.36901e-08
 Reference value :  4.37501e-08
 Reference value :  4.38101e-08
 Reference value :  4.38701e-08
 Reference value :  4.39301e-08
 Reference value :  4.39901e-08
 Reference value :  4.40501e-08
 Reference value :  4.41101e-08
 Reference value :  4.41701e-08
 Reference value :  4.42301e-08
 Reference value :  4.43101e-08
 Reference value :  4.43701e-08
 Reference value :  4.44273e-08
 Reference value :  4.44445e-08
 Reference value :  4.44453e-08
 Reference value :  4.44478e-08
 Reference value :  4.44514e-08
 Reference value :  4.44561e-08
 Reference value :  4.44638e-08
 Reference value :  4.44716e-08
 Reference value :  4.44796e-08
 Reference value :  4.44886e-08
 Reference value :  4.44993e-08
 Reference value :  4.45049e-08
 Reference value :  4.45100e-08
 Reference value :  4.45147e-08
 Reference value :  4.45220e-08
 Reference value :  4.45245e-08
 Reference value :  4.45255e-08
 Reference value :  4.45283e-08
 Reference value :  4.45320e-08
 Reference value :  4.45368e-08
 Reference value :  4.45441e-08
 Reference value :  4.45565e-08
 Reference value :  4.45715e-08
 Reference value :  4.45899e-08
 Reference value :  4.46132e-08
 Reference value :  4.46427e-08
 Reference value :  4.46801e-08
 Reference value :  4.47401e-08
 Reference value :  4.48001e-08
 Reference value :  4.48801e-08
 Reference value :  4.49401e-08
 Reference value :  4.50001e-08
 Reference value :  4.50601e-08
 Reference value :  4.51401e-08
 Reference value :  4.52001e-08
 Reference value :  4.52601e-08
 Reference value :  4.53401e-08
 Reference value :  4.54001e-08
 Reference value :  4.54601e-08
 Reference value :  4.55201e-08
 Reference value :  4.55557e-08
 Reference value :  4.55566e-08
 Reference value :  4.55570e-08
 Reference value :  4.55610e-08
 Reference value :  4.55923e-08
 Reference value :  4.56523e-08
 Reference value :  4.57123e-08
 Reference value :  4.57723e-08
 Reference value :  4.58323e-08
 Reference value :  4.58923e-08
 Reference value :  4.59523e-08
 Reference value :  4.60123e-08
 Reference value :  4.60723e-08
 Reference value :  4.61323e-08
 Reference value :  4.61923e-08
 Reference value :  4.62523e-08
 Reference value :  4.63123e-08
 Reference value :  4.63723e-08
 Reference value :  4.64323e-08
 Reference value :  4.64923e-08
 Reference value :  4.65523e-08
 Reference value :  4.66123e-08
 Reference value :  4.66723e-08
 Reference value :  4.67323e-08
 Reference value :  4.67923e-08
 Reference value :  4.68523e-08
 Reference value :  4.69323e-08
 Reference value :  4.69923e-08
 Reference value :  4.70370e-08
 Reference value :  4.70377e-08
 Reference value :  4.70382e-08
 Reference value :  4.70402e-08
 Reference value :  4.70559e-08
 Reference value :  4.71138e-08
 Reference value :  4.71738e-08
 Reference value :  4.72338e-08
 Reference value :  4.72938e-08
 Reference value :  4.73538e-08
 Reference value :  4.74338e-08
 Reference value :  4.74938e-08
 Reference value :  4.75538e-08
 Reference value :  4.76338e-08
 Reference value :  4.77138e-08
 Reference value :  4.77738e-08
 Reference value :  4.78538e-08
 Reference value :  4.79338e-08
 Reference value :  4.80138e-08
 Reference value :  4.80738e-08
 Reference value :  4.81310e-08
 Reference value :  4.81482e-08
 Reference value :  4.81490e-08
 Reference value :  4.81515e-08
 Reference value :  4.81551e-08
 Reference value :  4.81598e-08
 Reference value :  4.81675e-08
 Reference value :  4.81753e-08
 Reference value :  4.81834e-08
 Reference value :  4.81923e-08
 Reference value :  4.82030e-08
 Reference value :  4.82086e-08
 Reference value :  4.82137e-08
 Reference value :  4.82184e-08
 Reference value :  4.82257e-08
 Reference value :  4.82282e-08
 Reference value :  4.82287e-08
 Reference value :  4.82303e-08
 Reference value :  4.82336e-08
 Reference value :  4.82377e-08
 Reference value :  4.82435e-08
 Reference value :  4.82533e-08
 Reference value :  4.82671e-08
 Reference value :  4.82836e-08
 Reference value :  4.83043e-08
 Reference value :  4.83305e-08
 Reference value :  4.83638e-08
 Reference value :  4.84038e-08
 Reference value :  4.84438e-08
 Reference value :  4.85038e-08
 Reference value :  4.85638e-08
 Reference value :  4.86238e-08
 Reference value :  4.86838e-08
 Reference value :  4.87438e-08
 Reference value :  4.88038e-08
 Reference value :  4.88638e-08
 Reference value :  4.89238e-08
 Reference value :  4.90038e-08
 Reference value :  4.90838e-08
 Reference value :  4.91438e-08
 Reference value :  4.92038e-08
 Reference value :  4.92593e-08
 Reference value :  4.92599e-08
 Reference value :  4.92605e-08
 Reference value :  4.92624e-08
 Reference value :  4.92781e-08
 Reference value :  4.93360e-08
 Reference value :  4.93960e-08
 Reference value :  4.94560e-08
 Reference value :  4.95160e-08
 Reference value :  4.95760e-08
 Reference value :  4.96560e-08
 Reference value :  4.97160e-08
 Reference value :  4.97760e-08
 Reference value :  4.98360e-08
 Reference value :  4.98960e-08
 Reference value :  4.99560e-08
 Reference value :  5.00160e-08
 Reference value :  5.00760e-08
 Reference value :  5.01360e-08
 Reference value :  5.01960e-08
 Reference value :  5.02560e-08
 Reference value :  5.03160e-08
 Reference value :  5.03760e-08
 Reference value :  5.04360e-08
 Reference value :  5.04960e-08
 Reference value :  5.05560e-08
 Reference value :  5.06160e-08
 Reference value :  5.06760e-08
 Reference value :  5.07284e-08
 Reference value :  5.07410e-08
 Reference value :  5.07418e-08
 Reference value :  5.07428e-08
 Reference value :  5.07596e-08
 Reference value :  5.08175e-08
 Reference value :  5.08775e-08
 Reference value :  5.09375e-08
 Reference value :  5.09975e-08
 Reference value :  5.10575e-08
 Reference value :  5.11175e-08
 Reference value :  5.11775e-08
 Reference value :  5.12375e-08
 Reference value :  5.12975e-08
 Reference value :  5.13575e-08
 Reference value :  5.14175e-08
 Reference value :  5.14975e-08
 Reference value :  5.15575e-08
 Reference value :  5.16175e-08
 Reference value :  5.16775e-08
 Reference value :  5.17375e-08
 Reference value :  5.17975e-08
 Reference value :  5.18519e-08
 Reference value :  5.18519e-08
 Reference value :  5.18527e-08
 Reference value :  5.18552e-08
 Reference value :  5.18588e-08
 Reference value :  5.18635e-08
 Reference value :  5.18712e-08
 Reference value :  5.18790e-08
 Reference value :  5.18871e-08
 Reference value :  5.18960e-08
 Reference value :  5.19067e-08
 Reference value :  5.19123e-08
 Reference value :  5.19221e-08
 Reference value :  5.19319e-08
 Reference value :  5.19319e-08
 Reference value :  5.19329e-08
 Reference value :  5.19357e-08
 Reference value :  5.19394e-08
 Reference value :  5.19442e-08
 Reference value :  5.19515e-08
 Reference value :  5.19639e-08
 Reference value :  5.19789e-08
 Reference value :  5.19973e-08
 Reference value :  5.20206e-08
 Reference value :  5.20501e-08
 Reference value :  5.20875e-08
 Reference value :  5.21275e-08
 Reference value :  5.21675e-08
 Reference value :  5.22075e-08
 Reference value :  5.22675e-08
 Reference value :  5.23275e-08
 Reference value :  5.23875e-08
 Reference value :  5.24475e-08
 Reference value :  5.25075e-08
 Reference value :  5.25875e-08
 Reference value :  5.26675e-08
 Reference value :  5.27275e-08
 Reference value :  5.27875e-08
 Reference value :  5.28475e-08
 Reference value :  5.29075e-08
 Reference value :  5.29631e-08
 Reference value :  5.29640e-08
 Reference value :  5.29645e-08
 Reference value :  5.29684e-08
 Reference value :  5.29997e-08
 Reference value :  5.30597e-08
 Reference value :  5.31197e-08
 Reference value :  5.31797e-08
 Reference value :  5.32397e-08
 Reference value :  5.33197e-08
 Reference value :  5.33797e-08
 Reference value :  5.34397e-08
 Reference value :  5.34997e-08
 Reference value :  5.35597e-08
 Reference value :  5.36197e-08
 Reference value :  5.36797e-08
 Reference value :  5.37397e-08
 Reference value :  5.37997e-08
 Reference value :  5.38597e-08
 Reference value :  5.39197e-08
 Reference value :  5.39997e-08
 Reference value :  5.40597e-08
 Reference value :  5.41197e-08
 Reference value :  5.41797e-08
 Reference value :  5.42397e-08
 Reference value :  5.42997e-08
 Reference value :  5.43797e-08
 Reference value :  5.44444e-08
 Reference value :  5.44451e-08
 Reference value :  5.44457e-08
 Reference value :  5.44476e-08
 Reference value :  5.44633e-08
 Reference value :  5.45212e-08
 Reference value :  5.45812e-08
 Reference value :  5.46412e-08
 Reference value :  5.47012e-08
 Reference value :  5.47612e-08
 Reference value :  5.48212e-08
 Reference value :  5.48812e-08
 Reference value :  5.49412e-08
 Reference value :  5.50012e-08
 Reference value :  5.50612e-08
 Reference value :  5.51212e-08
 Reference value :  5.51812e-08
 Reference value :  5.52412e-08
 Reference value :  5.53012e-08
 Reference value :  5.53612e-08
 Reference value :  5.54212e-08
 Reference value :  5.54812e-08
 Reference value :  5.55556e-08
 Reference value :  5.55556e-08
 Reference value :  5.55564e-08
 Reference value :  5.55589e-08
 Reference value :  5.55646e-08
 Reference value :  5.55704e-08
 Reference value :  5.55790e-08
 Reference value :  5.55827e-08
 Reference value :  5.55908e-08
 Reference value :  5.55997e-08
 Reference value :  5.56104e-08
 Reference value :  5.56212e-08
 Reference value :  5.56259e-08
 Reference value :  5.56331e-08
 Reference value :  5.56356e-08
 Reference value :  5.56361e-08
 Reference value :  5.56377e-08
 Reference value :  5.56410e-08
 Reference value :  5.56451e-08
 Reference value :  5.56509e-08
 Reference value :  5.56607e-08
 Reference value :  5.56745e-08
 Reference value :  5.56910e-08
 Reference value :  5.57117e-08
 Reference value :  5.57379e-08
 Reference value :  5.57712e-08
 Reference value :  5.58112e-08
 Reference value :  5.58512e-08
 Reference value :  5.59112e-08
 Reference value :  5.59712e-08
 Reference value :  5.60312e-08
 Reference value :  5.60912e-08
 Reference value :  5.61512e-08
 Reference value :  5.62112e-08
 Reference value :  5.62712e-08
 Reference value :  5.63312e-08
 Reference value :  5.63912e-08
 Reference value :  5.64512e-08
 Reference value :  5.65112e-08
 Reference value :  5.65712e-08
 Reference value :  5.66312e-08
 Reference value :  5.66668e-08
 Reference value :  5.66677e-08
 Reference value :  5.66682e-08
 Reference value :  5.66721e-08
 Reference value :  5.67034e-08
 Reference value :  5.67634e-08
 Reference value :  5.68234e-08
 Reference value :  5.68834e-08
 Reference value :  5.69434e-08
 Reference value :  5.70034e-08
 Reference value :  5.70634e-08
 Reference value :  5.71234e-08
 Reference value :  5.71834e-08
 Reference value :  5.72434e-08
 Reference value :  5.73034e-08
 Reference value :  5.73634e-08
 Reference value :  5.74234e-08
 Reference value :  5.74834e-08
 Reference value :  5.75434e-08
 Reference value :  5.76034e-08
 Reference value :  5.76634e-08
 Reference value :  5.77234e-08
 Reference value :  5.77834e-08
 Reference value :  5.78434e-08
 Reference value :  5.79034e-08
 Reference value :  5.79634e-08
 Reference value :  5.80234e-08
 Reference value :  5.80834e-08
 Reference value :  5.81358e-08
 Reference value :  5.81488e-08
 Reference value :  5.81494e-08
 Reference value :  5.81513e-08
 Reference value :  5.81670e-08
 Reference value :  5.82249e-08
 Reference value :  5.82849e-08
 Reference value :  5.83449e-08
 Reference value :  5.84049e-08
 Reference value :  5.84849e-08
 Reference value :  5.85186e-08
 Reference value :  5.85195e-08
 Reference value :  5.85200e-08
 Reference value :  5.85239e-08
 Reference value :  5.85553e-08
 Reference value :  5.86153e-08
 Reference value :  5.86753e-08
 Reference value :  5.87353e-08
 Reference value :  5.88153e-08
 Reference value :  5.88753e-08
 Reference value :  5.89353e-08
 Reference value :  5.89953e-08
 Reference value :  5.90553e-08
 Reference value :  5.91153e-08
 Reference value :  5.91673e-08
 Reference value :  5.91793e-08
 Reference value :  5.91799e-08
 Reference value :  5.91819e-08
 Reference value :  5.91854e-08
 Reference value :  5.91898e-08
 Reference value :  5.91965e-08
 Reference value :  5.92053e-08
 Reference value :  5.92131e-08
 Reference value :  5.92219e-08
 Reference value :  5.92322e-08
 Reference value :  5.92449e-08
 Reference value :  5.92498e-08
 Reference value :  5.92569e-08
 Reference value :  5.92593e-08
 Reference value :  5.92598e-08
 Reference value :  5.92632e-08
 Reference value :  5.92668e-08
 Reference value :  5.92716e-08
 Reference value :  5.92789e-08
 Reference value :  5.92982e-08
 Reference value :  5.93147e-08
 Reference value :  5.93354e-08
 Reference value :  5.93616e-08
 Reference value :  5.93949e-08
 Reference value :  5.94349e-08
 Reference value :  5.94749e-08
 Reference value :  5.95149e-08
 Reference value :  5.95749e-08
 Reference value :  5.96349e-08
 Reference value :  5.97149e-08
 Reference value :  5.97949e-08
 Reference value :  5.98749e-08
 Reference value :  5.99349e-08
 Reference value :  5.99949e-08
 Reference value :  6.00549e-08
 Reference value :  6.01149e-08
 Reference value :  6.01749e-08
 Reference value :  6.02349e-08
 Reference value :  6.02949e-08
 Reference value :  6.03749e-08
 Reference value :  6.04349e-08
 Reference value :  6.04949e-08
 Reference value :  6.05749e-08
 Reference value :  6.06349e-08
 Reference value :  6.06949e-08
 Reference value :  6.07549e-08
 Reference value :  6.08149e-08
 Reference value :  6.08749e-08
 Reference value :  6.09349e-08
 Reference value :  6.09874e-08
No. of Data Rows : 3540
m_ui_ref            =  3.70370e-09 targ=  3.70770e-08 trig=  3.33733e-08
m_spa_in            =  1.48148e-08 targ=  4.81881e-08 trig=  3.33733e-08
m_spb_in            =  1.11111e-08 targ=  4.44844e-08 trig=  3.33733e-08
m_spa_c0            =  1.48148e-08 targ=  4.81946e-08 trig=  3.33798e-08
m_spb_c0            =  1.11111e-08 targ=  4.44909e-08 trig=  3.33798e-08
m_trise_c0          =  4.74274e-11 targ=  3.71052e-08 trig=  3.70578e-08
m_tfall_c0          =  4.74238e-11 targ=  4.08089e-08 trig=  4.07615e-08
m_spa_c1            =  1.48148e-08 targ=  4.82280e-08 trig=  3.34132e-08
m_spb_c1            =  1.11111e-08 targ=  4.45243e-08 trig=  3.34132e-08
m_trise_c1          =  1.17705e-10 targ=  3.71949e-08 trig=  3.70772e-08
m_tfall_c1          =  1.17636e-10 targ=  4.08986e-08 trig=  4.07809e-08
m_spa_c2            =  1.48148e-08 targ=  4.82583e-08 trig=  3.34435e-08
m_spb_c2            =  1.11111e-08 targ=  4.45546e-08 trig=  3.34435e-08
m_trise_c2          =  2.22218e-10 targ=  3.73089e-08 trig=  3.70867e-08
m_tfall_c2          =  2.22150e-10 targ=  4.10126e-08 trig=  4.07904e-08
m_spa_cmis          =  1.48148e-08 targ=  4.82383e-08 trig=  3.34235e-08
m_spb_cmis          =  1.11126e-08 targ=  4.45362e-08 trig=  3.34235e-08
m_dj_ui_c0 = 0.0000000000e+00
m_swing_c0 = 5.0407622392e-01
m_vpp_c0 = 6.1153797041e-01
m_vcm_c0 = 3.0479385693e+00
m_dj_ui_c1 = 0.0000000000e+00
m_swing_c1 = 5.0408216226e-01
m_vpp_c1 = 5.0948470368e-01
m_vcm_c1 = 3.0479355998e+00
m_dj_ui_c2 = 0.0000000000e+00
m_swing_c2 = 5.0404645763e-01
m_vpp_c2 = 5.0658987733e-01
m_vcm_c2 = 3.0479534526e+00
m_dj_ui_cmis = 4.1039996717e-04
m_swing_cmis = 5.0404470258e-01
m_swing_avcclo = 5.0368817000e-01
m_vcm_avcclo = 2.7181289921e+00
m_swing_avcchi = 5.0445283803e-01
m_vcm_avcchi = 3.3777528564e+00
m_vgs_sw_max = 1.3960356120e+00
m_vgd_sw_max = 1.9964792845e+00
m_vds_sw_max = 2.5400684985e+00
m_vgs_tail_max = 1.0360254460e+00
m_vds_tail_max = 1.2057494122e+00
m_swing_dc = 5.0373539733e-01
m_vcm_dc = 3.0481089931e+00
m_ioff_dc = 4.6616401576e-07
m_itail_dc = 1.0075640275e-02
m_icell_dc = 1.0575640275e-02
m_ro_leg = 4.2980410296e+04
Note: Simulation executed from .control section 

