
Note: No compatibility mode selected!


Circuit: * cml-driver-eye @ fs_27c_3.63v_742p5mbps -- generated by sim/harness, do not edit

Doing analysis at TEMP = 27.000000 and TNOM = 27.000000

Using SPARSE 1.3 as Direct Linear Solver

Initial Transient Solution
--------------------------

Node                                   Voltage
----                                   -------
avcc                                       3.3
avcclo                                    2.97
avcchi                                    3.63
inp                                     3.0855
inn                                     1.9965
inpz                                    3.0855
innz                                    1.9965
inref                                    1.089
win                                          0
winc                                         0
xc0.tail                               1.66709
ib_c0                                  1.03449
outp_c0                                2.78658
outn_c0                                    3.3
vd_c0                                 0.513416
xc1.tail                               1.66709
ib_c1                                  1.03449
outp_c1                                2.78658
outn_c1                                    3.3
vd_c1                                 0.513416
xc2.tail                               1.66709
ib_c2                                  1.03449
outp_c2                                2.78658
outn_c2                                    3.3
vd_c2                                 0.513416
xcmis.tail                             1.66709
ib_cmis                                1.03449
outp_cmis                              2.78658
outn_cmis                                  3.3
vd_cmis                               0.513416
xvlo.tail                              1.64463
ib_vlo                                 1.03449
outp_vlo                               2.45699
outn_vlo                                  2.97
xvhi.tail                               1.6862
ib_vhi                                 1.03449
outp_vhi                               3.11624
outn_vhi                                  3.63
xz.tail                                1.66709
ib_z                                   1.03449
vss_z                                        0
outp_z                                 2.78658
outn_z                                     3.3
xza.tail                               1.65509
ib_za                                  1.03449
outp_za                                    2.6
outn_za                                    3.3
xzb.tail                               1.67966
ib_zb                                  1.03449
outp_zb                                      3
outn_zb                                    3.3
ediff_cmis#branch                            0
ediff_c2#branch                              0
ediff_c1#branch                              0
ediff_c0#branch                              0
einref#branch                                0
vforce_zb#branch                    -0.0102729
vforce_za#branch                    -0.0102639
vsens_z#branch                       0.0107683
vwinc#branch                                 0
vwin#branch                                  0
vinnz#branch                                 0
vinpz#branch                                 0
vinn#branch                                  0
vinp#branch                                  0
vavcchi#branch                      -0.0102753
vavcclo#branch                      -0.0102601
vavcc#branch                        -0.0513417

 Reference value :  0.00000e+00
 Reference value :  4.00000e-13
 Reference value :  3.20000e-12
 Reference value :  2.56000e-11
 Reference value :  8.56000e-11
 Reference value :  1.45600e-10
 Reference value :  2.05600e-10
 Reference value :  2.65600e-10
 Reference value :  3.45600e-10
 Reference value :  4.05600e-10
 Reference value :  4.65600e-10
 Reference value :  5.25600e-10
 Reference value :  5.85600e-10
 Reference value :  6.65600e-10
 Reference value :  7.45600e-10
 Reference value :  8.05600e-10
 Reference value :  8.65600e-10
 Reference value :  9.25600e-10
 Reference value :  9.85600e-10
 Reference value :  1.04560e-09
 Reference value :  1.10560e-09
 Reference value :  1.16560e-09
 Reference value :  1.24560e-09
 Reference value :  1.32560e-09
 Reference value :  1.38560e-09
 Reference value :  1.44560e-09
 Reference value :  1.50560e-09
 Reference value :  1.56560e-09
 Reference value :  1.62560e-09
 Reference value :  1.68560e-09
 Reference value :  1.74560e-09
 Reference value :  1.80560e-09
 Reference value :  1.86560e-09
 Reference value :  1.92560e-09
 Reference value :  1.98560e-09
 Reference value :  2.04560e-09
 Reference value :  2.10560e-09
 Reference value :  2.16560e-09
 Reference value :  2.22560e-09
 Reference value :  2.28560e-09
 Reference value :  2.34560e-09
 Reference value :  2.40560e-09
 Reference value :  2.46560e-09
 Reference value :  2.52560e-09
 Reference value :  2.58560e-09
 Reference value :  2.64560e-09
 Reference value :  2.70560e-09
 Reference value :  2.76560e-09
 Reference value :  2.82560e-09
 Reference value :  2.88560e-09
 Reference value :  2.96560e-09
 Reference value :  3.02560e-09
 Reference value :  3.08560e-09
 Reference value :  3.14560e-09
 Reference value :  3.20560e-09
 Reference value :  3.26560e-09
 Reference value :  3.32560e-09
 Reference value :  3.38560e-09
 Reference value :  3.44560e-09
 Reference value :  3.50560e-09
 Reference value :  3.56560e-09
 Reference value :  3.62560e-09
 Reference value :  3.68560e-09
 Reference value :  3.74560e-09
 Reference value :  3.80560e-09
 Reference value :  3.86560e-09
 Reference value :  3.92560e-09
 Reference value :  3.98560e-09
 Reference value :  4.04560e-09
 Reference value :  4.10560e-09
 Reference value :  4.16560e-09
 Reference value :  4.22560e-09
 Reference value :  4.28560e-09
 Reference value :  4.34560e-09
 Reference value :  4.40560e-09
 Reference value :  4.46560e-09
 Reference value :  4.52560e-09
 Reference value :  4.58560e-09
 Reference value :  4.64560e-09
 Reference value :  4.70560e-09
 Reference value :  4.76560e-09
 Reference value :  4.84560e-09
 Reference value :  4.92560e-09
 Reference value :  5.00560e-09
 Reference value :  5.10560e-09
 Reference value :  5.16560e-09
 Reference value :  5.22560e-09
 Reference value :  5.30560e-09
 Reference value :  5.36560e-09
 Reference value :  5.42560e-09
 Reference value :  5.48560e-09
 Reference value :  5.54560e-09
 Reference value :  5.60560e-09
 Reference value :  5.66560e-09
 Reference value :  5.72560e-09
 Reference value :  5.80560e-09
 Reference value :  5.88560e-09
 Reference value :  5.94560e-09
 Reference value :  6.00560e-09
 Reference value :  6.06560e-09
 Reference value :  6.12560e-09
 Reference value :  6.18560e-09
 Reference value :  6.24560e-09
 Reference value :  6.30560e-09
 Reference value :  6.36560e-09
 Reference value :  6.42560e-09
 Reference value :  6.48560e-09
 Reference value :  6.54560e-09
 Reference value :  6.60560e-09
 Reference value :  6.68560e-09
 Reference value :  6.74560e-09
 Reference value :  6.80560e-09
 Reference value :  6.86560e-09
 Reference value :  6.92560e-09
 Reference value :  6.98560e-09
 Reference value :  7.04560e-09
 Reference value :  7.10560e-09
 Reference value :  7.16560e-09
 Reference value :  7.22560e-09
 Reference value :  7.28560e-09
 Reference value :  7.34560e-09
 Reference value :  7.42560e-09
 Reference value :  7.48560e-09
 Reference value :  7.54560e-09
 Reference value :  7.60560e-09
 Reference value :  7.66560e-09
 Reference value :  7.72560e-09
 Reference value :  7.78560e-09
 Reference value :  7.84560e-09
 Reference value :  7.90560e-09
 Reference value :  7.96560e-09
 Reference value :  8.02560e-09
 Reference value :  8.10560e-09
 Reference value :  8.18560e-09
 Reference value :  8.24560e-09
 Reference value :  8.32560e-09
 Reference value :  8.38560e-09
 Reference value :  8.44560e-09
 Reference value :  8.50560e-09
 Reference value :  8.56560e-09
 Reference value :  8.62560e-09
 Reference value :  8.68560e-09
 Reference value :  8.74560e-09
 Reference value :  8.80560e-09
 Reference value :  8.86560e-09
 Reference value :  8.92560e-09
 Reference value :  8.98560e-09
 Reference value :  9.04560e-09
 Reference value :  9.10560e-09
 Reference value :  9.16560e-09
 Reference value :  9.22560e-09
 Reference value :  9.30560e-09
 Reference value :  9.36560e-09
 Reference value :  9.42560e-09
 Reference value :  9.50560e-09
 Reference value :  9.56560e-09
 Reference value :  9.62560e-09
 Reference value :  9.68560e-09
 Reference value :  9.74560e-09
 Reference value :  9.80560e-09
 Reference value :  9.86560e-09
 Reference value :  9.92560e-09
 Reference value :  9.98560e-09
 Reference value :  1.00456e-08
 Reference value :  1.01056e-08
 Reference value :  1.01656e-08
 Reference value :  1.02256e-08
 Reference value :  1.02856e-08
 Reference value :  1.03456e-08
 Reference value :  1.04056e-08
 Reference value :  1.04656e-08
 Reference value :  1.05456e-08
 Reference value :  1.06256e-08
 Reference value :  1.06856e-08
 Reference value :  1.07456e-08
 Reference value :  1.08056e-08
 Reference value :  1.08656e-08
 Reference value :  1.09256e-08
 Reference value :  1.09856e-08
 Reference value :  1.10456e-08
 Reference value :  1.11056e-08
 Reference value :  1.11656e-08
 Reference value :  1.12256e-08
 Reference value :  1.12856e-08
 Reference value :  1.13656e-08
 Reference value :  1.14256e-08
 Reference value :  1.15056e-08
 Reference value :  1.15656e-08
 Reference value :  1.16256e-08
 Reference value :  1.16856e-08
 Reference value :  1.17456e-08
 Reference value :  1.18056e-08
 Reference value :  1.18856e-08
 Reference value :  1.19456e-08
 Reference value :  1.20056e-08
 Reference value :  1.20656e-08
 Reference value :  1.21212e-08
 Reference value :  1.21213e-08
 Reference value :  1.21219e-08
 Reference value :  1.21257e-08
 Reference value :  1.21294e-08
 Reference value :  1.21344e-08
 Reference value :  1.21416e-08
 Reference value :  1.21487e-08
 Reference value :  1.21518e-08
 Reference value :  1.21584e-08
 Reference value :  1.21618e-08
 Reference value :  1.21695e-08
 Reference value :  1.21843e-08
 Reference value :  1.21881e-08
 Reference value :  1.21960e-08
 Reference value :  1.22000e-08
 Reference value :  1.22012e-08
 Reference value :  1.22017e-08
 Reference value :  1.22050e-08
 Reference value :  1.22084e-08
 Reference value :  1.22128e-08
 Reference value :  1.22193e-08
 Reference value :  1.22301e-08
 Reference value :  1.22434e-08
 Reference value :  1.22599e-08
 Reference value :  1.22808e-08
 Reference value :  1.23078e-08
 Reference value :  1.23426e-08
 Reference value :  1.23826e-08
 Reference value :  1.24426e-08
 Reference value :  1.25026e-08
 Reference value :  1.25826e-08
 Reference value :  1.26426e-08
 Reference value :  1.27226e-08
 Reference value :  1.28026e-08
 Reference value :  1.28626e-08
 Reference value :  1.29226e-08
 Reference value :  1.30026e-08
 Reference value :  1.30826e-08
 Reference value :  1.31626e-08
 Reference value :  1.32226e-08
 Reference value :  1.33026e-08
 Reference value :  1.33626e-08
 Reference value :  1.34226e-08
 Reference value :  1.34680e-08
 Reference value :  1.34680e-08
 Reference value :  1.34686e-08
 Reference value :  1.34719e-08
 Reference value :  1.34754e-08
 Reference value :  1.34800e-08
 Reference value :  1.34862e-08
 Reference value :  1.34936e-08
 Reference value :  1.35003e-08
 Reference value :  1.35072e-08
 Reference value :  1.35146e-08
 Reference value :  1.35239e-08
 Reference value :  1.35285e-08
 Reference value :  1.35324e-08
 Reference value :  1.35360e-08
 Reference value :  1.35441e-08
 Reference value :  1.35480e-08
 Reference value :  1.35486e-08
 Reference value :  1.35503e-08
 Reference value :  1.35534e-08
 Reference value :  1.35572e-08
 Reference value :  1.35625e-08
 Reference value :  1.35709e-08
 Reference value :  1.35832e-08
 Reference value :  1.35979e-08
 Reference value :  1.36165e-08
 Reference value :  1.36403e-08
 Reference value :  1.36710e-08
 Reference value :  1.37098e-08
 Reference value :  1.37375e-08
 Reference value :  1.37384e-08
 Reference value :  1.37389e-08
 Reference value :  1.37428e-08
 Reference value :  1.37741e-08
 Reference value :  1.38341e-08
 Reference value :  1.38722e-08
 Reference value :  1.38731e-08
 Reference value :  1.38735e-08
 Reference value :  1.38775e-08
 Reference value :  1.39088e-08
 Reference value :  1.39688e-08
 Reference value :  1.40288e-08
 Reference value :  1.40888e-08
 Reference value :  1.41488e-08
 Reference value :  1.42088e-08
 Reference value :  1.42688e-08
 Reference value :  1.43288e-08
 Reference value :  1.43888e-08
 Reference value :  1.44109e-08
 Reference value :  1.44118e-08
 Reference value :  1.44123e-08
 Reference value :  1.44162e-08
 Reference value :  1.44475e-08
 Reference value :  1.45075e-08
 Reference value :  1.45675e-08
 Reference value :  1.46275e-08
 Reference value :  1.46875e-08
 Reference value :  1.47475e-08
 Reference value :  1.48012e-08
 Reference value :  1.48149e-08
 Reference value :  1.48154e-08
 Reference value :  1.48188e-08
 Reference value :  1.48223e-08
 Reference value :  1.48270e-08
 Reference value :  1.48334e-08
 Reference value :  1.48403e-08
 Reference value :  1.48434e-08
 Reference value :  1.48499e-08
 Reference value :  1.48610e-08
 Reference value :  1.48702e-08
 Reference value :  1.48788e-08
 Reference value :  1.48864e-08
 Reference value :  1.48948e-08
 Reference value :  1.48949e-08
 Reference value :  1.48960e-08
 Reference value :  1.48987e-08
 Reference value :  1.49021e-08
 Reference value :  1.49066e-08
 Reference value :  1.49131e-08
 Reference value :  1.49240e-08
 Reference value :  1.49374e-08
 Reference value :  1.49540e-08
 Reference value :  1.49751e-08
 Reference value :  1.50023e-08
 Reference value :  1.50373e-08
 Reference value :  1.50773e-08
 Reference value :  1.51373e-08
 Reference value :  1.51973e-08
 Reference value :  1.52190e-08
 Reference value :  1.52199e-08
 Reference value :  1.52203e-08
 Reference value :  1.52243e-08
 Reference value :  1.52556e-08
 Reference value :  1.53156e-08
 Reference value :  1.53756e-08
 Reference value :  1.54556e-08
 Reference value :  1.55156e-08
 Reference value :  1.55756e-08
 Reference value :  1.56356e-08
 Reference value :  1.56956e-08
 Reference value :  1.57466e-08
 Reference value :  1.57579e-08
 Reference value :  1.57586e-08
 Reference value :  1.57596e-08
 Reference value :  1.57675e-08
 Reference value :  1.58143e-08
 Reference value :  1.58743e-08
 Reference value :  1.59343e-08
 Reference value :  1.59943e-08
 Reference value :  1.60543e-08
 Reference value :  1.61143e-08
 Reference value :  1.61616e-08
 Reference value :  1.61617e-08
 Reference value :  1.61622e-08
 Reference value :  1.61656e-08
 Reference value :  1.61691e-08
 Reference value :  1.61738e-08
 Reference value :  1.61802e-08
 Reference value :  1.61871e-08
 Reference value :  1.61936e-08
 Reference value :  1.62004e-08
 Reference value :  1.62078e-08
 Reference value :  1.62170e-08
 Reference value :  1.62215e-08
 Reference value :  1.62256e-08
 Reference value :  1.62291e-08
 Reference value :  1.62372e-08
 Reference value :  1.62417e-08
 Reference value :  1.62422e-08
 Reference value :  1.62455e-08
 Reference value :  1.62489e-08
 Reference value :  1.62534e-08
 Reference value :  1.62599e-08
 Reference value :  1.62708e-08
 Reference value :  1.62919e-08
 Reference value :  1.63219e-08
 Reference value :  1.63491e-08
 Reference value :  1.63841e-08
 Reference value :  1.64441e-08
 Reference value :  1.65041e-08
 Reference value :  1.65549e-08
 Reference value :  1.65660e-08
 Reference value :  1.65667e-08
 Reference value :  1.65677e-08
 Reference value :  1.65755e-08
 Reference value :  1.66224e-08
 Reference value :  1.66824e-08
 Reference value :  1.67424e-08
 Reference value :  1.68024e-08
 Reference value :  1.68624e-08
 Reference value :  1.69224e-08
 Reference value :  1.69824e-08
 Reference value :  1.70424e-08
 Reference value :  1.70934e-08
 Reference value :  1.71047e-08
 Reference value :  1.71054e-08
 Reference value :  1.71064e-08
 Reference value :  1.71143e-08
 Reference value :  1.71611e-08
 Reference value :  1.72211e-08
 Reference value :  1.72811e-08
 Reference value :  1.73411e-08
 Reference value :  1.74011e-08
 Reference value :  1.74611e-08
 Reference value :  1.75084e-08
 Reference value :  1.75085e-08
 Reference value :  1.75096e-08
 Reference value :  1.75141e-08
 Reference value :  1.75206e-08
 Reference value :  1.75270e-08
 Reference value :  1.75339e-08
 Reference value :  1.75370e-08
 Reference value :  1.75435e-08
 Reference value :  1.75507e-08
 Reference value :  1.75587e-08
 Reference value :  1.75683e-08
 Reference value :  1.75724e-08
 Reference value :  1.75759e-08
 Reference value :  1.75840e-08
 Reference value :  1.75885e-08
 Reference value :  1.75890e-08
 Reference value :  1.75907e-08
 Reference value :  1.75939e-08
 Reference value :  1.75977e-08
 Reference value :  1.76030e-08
 Reference value :  1.76116e-08
 Reference value :  1.76239e-08
 Reference value :  1.76387e-08
 Reference value :  1.76687e-08
 Reference value :  1.76959e-08
 Reference value :  1.77309e-08
 Reference value :  1.77709e-08
 Reference value :  1.78309e-08
 Reference value :  1.78909e-08
 Reference value :  1.79126e-08
 Reference value :  1.79135e-08
 Reference value :  1.79139e-08
 Reference value :  1.79179e-08
 Reference value :  1.79492e-08
 Reference value :  1.80092e-08
 Reference value :  1.80692e-08
 Reference value :  1.81292e-08
 Reference value :  1.81892e-08
 Reference value :  1.82492e-08
 Reference value :  1.83092e-08
 Reference value :  1.83692e-08
 Reference value :  1.84292e-08
 Reference value :  1.84513e-08
 Reference value :  1.84522e-08
 Reference value :  1.84527e-08
 Reference value :  1.84566e-08
 Reference value :  1.84879e-08
 Reference value :  1.85479e-08
 Reference value :  1.86079e-08
 Reference value :  1.86679e-08
 Reference value :  1.87279e-08
 Reference value :  1.88079e-08
 Reference value :  1.88552e-08
 Reference value :  1.88553e-08
 Reference value :  1.88558e-08
 Reference value :  1.88592e-08
 Reference value :  1.88628e-08
 Reference value :  1.88674e-08
 Reference value :  1.88738e-08
 Reference value :  1.88807e-08
 Reference value :  1.88838e-08
 Reference value :  1.88903e-08
 Reference value :  1.89014e-08
 Reference value :  1.89106e-08
 Reference value :  1.89151e-08
 Reference value :  1.89192e-08
 Reference value :  1.89227e-08
 Reference value :  1.89308e-08
 Reference value :  1.89353e-08
 Reference value :  1.89358e-08
 Reference value :  1.89375e-08
 Reference value :  1.89407e-08
 Reference value :  1.89445e-08
 Reference value :  1.89535e-08
 Reference value :  1.89644e-08
 Reference value :  1.89778e-08
 Reference value :  1.89944e-08
 Reference value :  1.90155e-08
 Reference value :  1.90427e-08
 Reference value :  1.90777e-08
 Reference value :  1.91177e-08
 Reference value :  1.91777e-08
 Reference value :  1.92377e-08
 Reference value :  1.92594e-08
 Reference value :  1.92603e-08
 Reference value :  1.92607e-08
 Reference value :  1.92647e-08
 Reference value :  1.92960e-08
 Reference value :  1.93560e-08
 Reference value :  1.94160e-08
 Reference value :  1.94760e-08
 Reference value :  1.95360e-08
 Reference value :  1.95960e-08
 Reference value :  1.96560e-08
 Reference value :  1.97160e-08
 Reference value :  1.97760e-08
 Reference value :  1.97981e-08
 Reference value :  1.97990e-08
 Reference value :  1.97995e-08
 Reference value :  1.98034e-08
 Reference value :  1.98347e-08
 Reference value :  1.98947e-08
 Reference value :  1.99547e-08
 Reference value :  2.00147e-08
 Reference value :  2.00747e-08
 Reference value :  2.01347e-08
 Reference value :  2.01884e-08
 Reference value :  2.02021e-08
 Reference value :  2.02026e-08
 Reference value :  2.02044e-08
 Reference value :  2.02096e-08
 Reference value :  2.02142e-08
 Reference value :  2.02206e-08
 Reference value :  2.02275e-08
 Reference value :  2.02306e-08
 Reference value :  2.02408e-08
 Reference value :  2.02523e-08
 Reference value :  2.02619e-08
 Reference value :  2.02660e-08
 Reference value :  2.02695e-08
 Reference value :  2.02776e-08
 Reference value :  2.02821e-08
 Reference value :  2.02826e-08
 Reference value :  2.02844e-08
 Reference value :  2.02875e-08
 Reference value :  2.02913e-08
 Reference value :  2.02966e-08
 Reference value :  2.03052e-08
 Reference value :  2.03246e-08
 Reference value :  2.03412e-08
 Reference value :  2.03623e-08
 Reference value :  2.03895e-08
 Reference value :  2.04245e-08
 Reference value :  2.04645e-08
 Reference value :  2.05245e-08
 Reference value :  2.05953e-08
 Reference value :  2.06067e-08
 Reference value :  2.06073e-08
 Reference value :  2.06092e-08
 Reference value :  2.06249e-08
 Reference value :  2.06828e-08
 Reference value :  2.07428e-08
 Reference value :  2.08028e-08
 Reference value :  2.08628e-08
 Reference value :  2.09228e-08
 Reference value :  2.09828e-08
 Reference value :  2.10428e-08
 Reference value :  2.11028e-08
 Reference value :  2.11449e-08
 Reference value :  2.11459e-08
 Reference value :  2.11480e-08
 Reference value :  2.11816e-08
 Reference value :  2.12416e-08
 Reference value :  2.12796e-08
 Reference value :  2.12805e-08
 Reference value :  2.12815e-08
 Reference value :  2.12894e-08
 Reference value :  2.13362e-08
 Reference value :  2.13962e-08
 Reference value :  2.14525e-08
 Reference value :  2.14689e-08
 Reference value :  2.14695e-08
 Reference value :  2.14732e-08
 Reference value :  2.14768e-08
 Reference value :  2.14817e-08
 Reference value :  2.14887e-08
 Reference value :  2.14954e-08
 Reference value :  2.15017e-08
 Reference value :  2.15083e-08
 Reference value :  2.15202e-08
 Reference value :  2.15298e-08
 Reference value :  2.15372e-08
 Reference value :  2.15488e-08
 Reference value :  2.15489e-08
 Reference value :  2.15499e-08
 Reference value :  2.15542e-08
 Reference value :  2.15580e-08
 Reference value :  2.15632e-08
 Reference value :  2.15716e-08
 Reference value :  2.15910e-08
 Reference value :  2.16075e-08
 Reference value :  2.16284e-08
 Reference value :  2.16554e-08
 Reference value :  2.16902e-08
 Reference value :  2.17302e-08
 Reference value :  2.17702e-08
 Reference value :  2.18302e-08
 Reference value :  2.19102e-08
 Reference value :  2.19702e-08
 Reference value :  2.20502e-08
 Reference value :  2.21102e-08
 Reference value :  2.21702e-08
 Reference value :  2.22502e-08
 Reference value :  2.23102e-08
 Reference value :  2.23702e-08
 Reference value :  2.24302e-08
 Reference value :  2.24902e-08
 Reference value :  2.25502e-08
 Reference value :  2.26102e-08
 Reference value :  2.26702e-08
 Reference value :  2.27302e-08
 Reference value :  2.27902e-08
 Reference value :  2.28502e-08
 Reference value :  2.29102e-08
 Reference value :  2.29702e-08
 Reference value :  2.30502e-08
 Reference value :  2.31102e-08
 Reference value :  2.31702e-08
 Reference value :  2.32302e-08
 Reference value :  2.32902e-08
 Reference value :  2.33502e-08
 Reference value :  2.34102e-08
 Reference value :  2.34702e-08
 Reference value :  2.35302e-08
 Reference value :  2.35902e-08
 Reference value :  2.36502e-08
 Reference value :  2.37102e-08
 Reference value :  2.37702e-08
 Reference value :  2.38302e-08
 Reference value :  2.38902e-08
 Reference value :  2.39502e-08
 Reference value :  2.40102e-08
 Reference value :  2.40702e-08
 Reference value :  2.41502e-08
 Reference value :  2.42102e-08
 Reference value :  2.42702e-08
 Reference value :  2.43302e-08
 Reference value :  2.43902e-08
 Reference value :  2.44502e-08
 Reference value :  2.45102e-08
 Reference value :  2.45702e-08
 Reference value :  2.46302e-08
 Reference value :  2.46902e-08
 Reference value :  2.47502e-08
 Reference value :  2.48102e-08
 Reference value :  2.48702e-08
 Reference value :  2.49302e-08
 Reference value :  2.49902e-08
 Reference value :  2.50502e-08
 Reference value :  2.51102e-08
 Reference value :  2.51702e-08
 Reference value :  2.52302e-08
 Reference value :  2.52902e-08
 Reference value :  2.53502e-08
 Reference value :  2.54102e-08
 Reference value :  2.54702e-08
 Reference value :  2.55302e-08
 Reference value :  2.55902e-08
 Reference value :  2.56502e-08
 Reference value :  2.57102e-08
 Reference value :  2.57902e-08
 Reference value :  2.58502e-08
 Reference value :  2.59102e-08
 Reference value :  2.59702e-08
 Reference value :  2.60302e-08
 Reference value :  2.60902e-08
 Reference value :  2.61502e-08
 Reference value :  2.62102e-08
 Reference value :  2.62702e-08
 Reference value :  2.63302e-08
 Reference value :  2.63902e-08
 Reference value :  2.64502e-08
 Reference value :  2.65102e-08
 Reference value :  2.65702e-08
 Reference value :  2.66302e-08
 Reference value :  2.66902e-08
 Reference value :  2.67502e-08
 Reference value :  2.68102e-08
 Reference value :  2.68702e-08
 Reference value :  2.69302e-08
 Reference value :  2.69902e-08
 Reference value :  2.70502e-08
 Reference value :  2.71102e-08
 Reference value :  2.71702e-08
 Reference value :  2.72302e-08
 Reference value :  2.72902e-08
 Reference value :  2.73502e-08
 Reference value :  2.74102e-08
 Reference value :  2.74702e-08
 Reference value :  2.75302e-08
 Reference value :  2.75902e-08
 Reference value :  2.76502e-08
 Reference value :  2.77102e-08
 Reference value :  2.77702e-08
 Reference value :  2.78302e-08
 Reference value :  2.78902e-08
 Reference value :  2.79502e-08
 Reference value :  2.80102e-08
 Reference value :  2.80702e-08
 Reference value :  2.81302e-08
 Reference value :  2.81902e-08
 Reference value :  2.82502e-08
 Reference value :  2.83102e-08
 Reference value :  2.83702e-08
 Reference value :  2.84302e-08
 Reference value :  2.85102e-08
 Reference value :  2.85702e-08
 Reference value :  2.86302e-08
 Reference value :  2.86902e-08
 Reference value :  2.87502e-08
 Reference value :  2.88102e-08
 Reference value :  2.88702e-08
 Reference value :  2.89302e-08
 Reference value :  2.89902e-08
 Reference value :  2.90502e-08
 Reference value :  2.91102e-08
 Reference value :  2.91702e-08
 Reference value :  2.92302e-08
 Reference value :  2.92902e-08
 Reference value :  2.93502e-08
 Reference value :  2.94102e-08
 Reference value :  2.94902e-08
 Reference value :  2.95702e-08
 Reference value :  2.96302e-08
 Reference value :  2.96902e-08
 Reference value :  2.97502e-08
 Reference value :  2.98102e-08
 Reference value :  2.98702e-08
 Reference value :  2.99302e-08
 Reference value :  2.99902e-08
 Reference value :  3.00502e-08
 Reference value :  3.01102e-08
 Reference value :  3.01702e-08
 Reference value :  3.02302e-08
 Reference value :  3.02902e-08
 Reference value :  3.03502e-08
 Reference value :  3.04102e-08
 Reference value :  3.04902e-08
 Reference value :  3.05502e-08
 Reference value :  3.06102e-08
 Reference value :  3.06702e-08
 Reference value :  3.07302e-08
 Reference value :  3.08102e-08
 Reference value :  3.08702e-08
 Reference value :  3.09502e-08
 Reference value :  3.10302e-08
 Reference value :  3.11102e-08
 Reference value :  3.11702e-08
 Reference value :  3.12302e-08
 Reference value :  3.12902e-08
 Reference value :  3.13502e-08
 Reference value :  3.14302e-08
 Reference value :  3.14902e-08
 Reference value :  3.15502e-08
 Reference value :  3.16102e-08
 Reference value :  3.16702e-08
 Reference value :  3.17502e-08
 Reference value :  3.18102e-08
 Reference value :  3.18702e-08
 Reference value :  3.19302e-08
 Reference value :  3.19902e-08
 Reference value :  3.20502e-08
 Reference value :  3.21302e-08
 Reference value :  3.22102e-08
 Reference value :  3.22902e-08
 Reference value :  3.23502e-08
 Reference value :  3.24302e-08
 Reference value :  3.24902e-08
 Reference value :  3.25702e-08
 Reference value :  3.26302e-08
 Reference value :  3.26902e-08
 Reference value :  3.27502e-08
 Reference value :  3.28102e-08
 Reference value :  3.28702e-08
 Reference value :  3.29302e-08
 Reference value :  3.29902e-08
 Reference value :  3.30502e-08
 Reference value :  3.31102e-08
 Reference value :  3.31702e-08
 Reference value :  3.32302e-08
 Reference value :  3.32902e-08
 Reference value :  3.33502e-08
 Reference value :  3.34102e-08
 Reference value :  3.34702e-08
 Reference value :  3.35302e-08
 Reference value :  3.35902e-08
 Reference value :  3.36502e-08
 Reference value :  3.36701e-08
 Reference value :  3.36708e-08
 Reference value :  3.36731e-08
 Reference value :  3.36765e-08
 Reference value :  3.36807e-08
 Reference value :  3.36905e-08
 Reference value :  3.37011e-08
 Reference value :  3.37076e-08
 Reference value :  3.37150e-08
 Reference value :  3.37237e-08
 Reference value :  3.37284e-08
 Reference value :  3.37326e-08
 Reference value :  3.37363e-08
 Reference value :  3.37400e-08
 Reference value :  3.37470e-08
 Reference value :  3.37501e-08
 Reference value :  3.37505e-08
 Reference value :  3.37533e-08
 Reference value :  3.37566e-08
 Reference value :  3.37634e-08
 Reference value :  3.37772e-08
 Reference value :  3.37902e-08
 Reference value :  3.38152e-08
 Reference value :  3.38380e-08
 Reference value :  3.38675e-08
 Reference value :  3.39055e-08
 Reference value :  3.39455e-08
 Reference value :  3.40055e-08
 Reference value :  3.40655e-08
 Reference value :  3.41255e-08
 Reference value :  3.41855e-08
 Reference value :  3.42455e-08
 Reference value :  3.43055e-08
 Reference value :  3.43655e-08
 Reference value :  3.44255e-08
 Reference value :  3.44855e-08
 Reference value :  3.45455e-08
 Reference value :  3.46055e-08
 Reference value :  3.46655e-08
 Reference value :  3.47255e-08
 Reference value :  3.47855e-08
 Reference value :  3.48455e-08
 Reference value :  3.49055e-08
 Reference value :  3.49655e-08
 Reference value :  3.50168e-08
 Reference value :  3.50169e-08
 Reference value :  3.50182e-08
 Reference value :  3.50211e-08
 Reference value :  3.50247e-08
 Reference value :  3.50295e-08
 Reference value :  3.50362e-08
 Reference value :  3.50430e-08
 Reference value :  3.50461e-08
 Reference value :  3.50526e-08
 Reference value :  3.50560e-08
 Reference value :  3.50635e-08
 Reference value :  3.50728e-08
 Reference value :  3.50773e-08
 Reference value :  3.50812e-08
 Reference value :  3.50848e-08
 Reference value :  3.50929e-08
 Reference value :  3.50969e-08
 Reference value :  3.50974e-08
 Reference value :  3.51007e-08
 Reference value :  3.51041e-08
 Reference value :  3.51085e-08
 Reference value :  3.51150e-08
 Reference value :  3.51320e-08
 Reference value :  3.51468e-08
 Reference value :  3.51654e-08
 Reference value :  3.51892e-08
 Reference value :  3.52199e-08
 Reference value :  3.52587e-08
 Reference value :  3.53187e-08
 Reference value :  3.53787e-08
 Reference value :  3.54387e-08
 Reference value :  3.54987e-08
 Reference value :  3.55587e-08
 Reference value :  3.56187e-08
 Reference value :  3.56787e-08
 Reference value :  3.57587e-08
 Reference value :  3.58187e-08
 Reference value :  3.58987e-08
 Reference value :  3.59587e-08
 Reference value :  3.60187e-08
 Reference value :  3.60787e-08
 Reference value :  3.61387e-08
 Reference value :  3.61987e-08
 Reference value :  3.62787e-08
 Reference value :  3.63512e-08
 Reference value :  3.63637e-08
 Reference value :  3.63642e-08
 Reference value :  3.63675e-08
 Reference value :  3.63710e-08
 Reference value :  3.63756e-08
 Reference value :  3.63818e-08
 Reference value :  3.63891e-08
 Reference value :  3.63958e-08
 Reference value :  3.64062e-08
 Reference value :  3.64142e-08
 Reference value :  3.64239e-08
 Reference value :  3.64279e-08
 Reference value :  3.64314e-08
 Reference value :  3.64395e-08
 Reference value :  3.64437e-08
 Reference value :  3.64442e-08
 Reference value :  3.64459e-08
 Reference value :  3.64509e-08
 Reference value :  3.64553e-08
 Reference value :  3.64619e-08
 Reference value :  3.64727e-08
 Reference value :  3.64861e-08
 Reference value :  3.65027e-08
 Reference value :  3.65237e-08
 Reference value :  3.65508e-08
 Reference value :  3.65858e-08
 Reference value :  3.66258e-08
 Reference value :  3.66858e-08
 Reference value :  3.67458e-08
 Reference value :  3.68258e-08
 Reference value :  3.68858e-08
 Reference value :  3.69458e-08
 Reference value :  3.70058e-08
 Reference value :  3.70658e-08
 Reference value :  3.71258e-08
 Reference value :  3.71858e-08
 Reference value :  3.72458e-08
 Reference value :  3.73058e-08
 Reference value :  3.73858e-08
 Reference value :  3.74458e-08
 Reference value :  3.75058e-08
 Reference value :  3.75658e-08
 Reference value :  3.76258e-08
 Reference value :  3.76858e-08
 Reference value :  3.77105e-08
 Reference value :  3.77110e-08
 Reference value :  3.77126e-08
 Reference value :  3.77178e-08
 Reference value :  3.77224e-08
 Reference value :  3.77285e-08
 Reference value :  3.77358e-08
 Reference value :  3.77426e-08
 Reference value :  3.77494e-08
 Reference value :  3.77568e-08
 Reference value :  3.77660e-08
 Reference value :  3.77706e-08
 Reference value :  3.77746e-08
 Reference value :  3.77781e-08
 Reference value :  3.77862e-08
 Reference value :  3.77905e-08
 Reference value :  3.77910e-08
 Reference value :  3.77927e-08
 Reference value :  3.77959e-08
 Reference value :  3.77997e-08
 Reference value :  3.78050e-08
 Reference value :  3.78136e-08
 Reference value :  3.78258e-08
 Reference value :  3.78406e-08
 Reference value :  3.78592e-08
 Reference value :  3.78831e-08
 Reference value :  3.79140e-08
 Reference value :  3.79527e-08
 Reference value :  3.79927e-08
 Reference value :  3.80527e-08
 Reference value :  3.81127e-08
 Reference value :  3.81727e-08
 Reference value :  3.82327e-08
 Reference value :  3.82927e-08
 Reference value :  3.83527e-08
 Reference value :  3.84127e-08
 Reference value :  3.84727e-08
 Reference value :  3.85327e-08
 Reference value :  3.85927e-08
 Reference value :  3.86527e-08
 Reference value :  3.87127e-08
 Reference value :  3.87727e-08
 Reference value :  3.88327e-08
 Reference value :  3.89127e-08
 Reference value :  3.89727e-08
 Reference value :  3.90327e-08
 Reference value :  3.90573e-08
 Reference value :  3.90583e-08
 Reference value :  3.90611e-08
 Reference value :  3.90666e-08
 Reference value :  3.90721e-08
 Reference value :  3.90753e-08
 Reference value :  3.90860e-08
 Reference value :  3.90962e-08
 Reference value :  3.91036e-08
 Reference value :  3.91128e-08
 Reference value :  3.91173e-08
 Reference value :  3.91213e-08
 Reference value :  3.91249e-08
 Reference value :  3.91329e-08
 Reference value :  3.91373e-08
 Reference value :  3.91384e-08
 Reference value :  3.91411e-08
 Reference value :  3.91465e-08
 Reference value :  3.91555e-08
 Reference value :  3.91664e-08
 Reference value :  3.91798e-08
 Reference value :  3.91964e-08
 Reference value :  3.92174e-08
 Reference value :  3.92446e-08
 Reference value :  3.92996e-08
 Reference value :  3.93396e-08
 Reference value :  3.94196e-08
 Reference value :  3.94996e-08
 Reference value :  3.95596e-08
 Reference value :  3.96196e-08
 Reference value :  3.96796e-08
 Reference value :  3.97396e-08
 Reference value :  3.97996e-08
 Reference value :  3.98596e-08
 Reference value :  3.99196e-08
 Reference value :  3.99796e-08
 Reference value :  4.00396e-08
 Reference value :  4.01196e-08
 Reference value :  4.01996e-08
 Reference value :  4.02796e-08
 Reference value :  4.03596e-08
 Reference value :  4.04041e-08
 Reference value :  4.04046e-08
 Reference value :  4.04079e-08
 Reference value :  4.04134e-08
 Reference value :  4.04189e-08
 Reference value :  4.04221e-08
 Reference value :  4.04294e-08
 Reference value :  4.04361e-08
 Reference value :  4.04465e-08
 Reference value :  4.04545e-08
 Reference value :  4.04641e-08
 Reference value :  4.04717e-08
 Reference value :  4.04797e-08
 Reference value :  4.04841e-08
 Reference value :  4.04852e-08
 Reference value :  4.04879e-08
 Reference value :  4.04913e-08
 Reference value :  4.04958e-08
 Reference value :  4.05023e-08
 Reference value :  4.05132e-08
 Reference value :  4.05266e-08
 Reference value :  4.05432e-08
 Reference value :  4.05642e-08
 Reference value :  4.05914e-08
 Reference value :  4.06264e-08
 Reference value :  4.06664e-08
 Reference value :  4.07064e-08
 Reference value :  4.07664e-08
 Reference value :  4.08264e-08
 Reference value :  4.08864e-08
 Reference value :  4.09464e-08
 Reference value :  4.10064e-08
 Reference value :  4.10664e-08
 Reference value :  4.11264e-08
 Reference value :  4.11864e-08
 Reference value :  4.12464e-08
 Reference value :  4.13064e-08
 Reference value :  4.13664e-08
 Reference value :  4.14264e-08
 Reference value :  4.14864e-08
 Reference value :  4.15464e-08
 Reference value :  4.16064e-08
 Reference value :  4.16664e-08
 Reference value :  4.17264e-08
 Reference value :  4.17509e-08
 Reference value :  4.17514e-08
 Reference value :  4.17547e-08
 Reference value :  4.17582e-08
 Reference value :  4.17628e-08
 Reference value :  4.17689e-08
 Reference value :  4.17762e-08
 Reference value :  4.17829e-08
 Reference value :  4.17898e-08
 Reference value :  4.17972e-08
 Reference value :  4.18109e-08
 Reference value :  4.18149e-08
 Reference value :  4.18185e-08
 Reference value :  4.18265e-08
 Reference value :  4.18309e-08
 Reference value :  4.18314e-08
 Reference value :  4.18332e-08
 Reference value :  4.18363e-08
 Reference value :  4.18401e-08
 Reference value :  4.18454e-08
 Reference value :  4.18540e-08
 Reference value :  4.18662e-08
 Reference value :  4.18811e-08
 Reference value :  4.18997e-08
 Reference value :  4.19236e-08
 Reference value :  4.19545e-08
 Reference value :  4.19932e-08
 Reference value :  4.20332e-08
 Reference value :  4.20932e-08
 Reference value :  4.21732e-08
 Reference value :  4.22332e-08
 Reference value :  4.22932e-08
 Reference value :  4.23732e-08
 Reference value :  4.24332e-08
 Reference value :  4.24932e-08
 Reference value :  4.25532e-08
 Reference value :  4.26132e-08
 Reference value :  4.26732e-08
 Reference value :  4.27332e-08
 Reference value :  4.27932e-08
 Reference value :  4.28532e-08
 Reference value :  4.29132e-08
 Reference value :  4.29732e-08
 Reference value :  4.30176e-08
 Reference value :  4.30177e-08
 Reference value :  4.30182e-08
 Reference value :  4.30215e-08
 Reference value :  4.30250e-08
 Reference value :  4.30296e-08
 Reference value :  4.30357e-08
 Reference value :  4.30430e-08
 Reference value :  4.30497e-08
 Reference value :  4.30566e-08
 Reference value :  4.30640e-08
 Reference value :  4.30777e-08
 Reference value :  4.30853e-08
 Reference value :  4.30976e-08
 Reference value :  4.30977e-08
 Reference value :  4.30982e-08
 Reference value :  4.31000e-08
 Reference value :  4.31031e-08
 Reference value :  4.31094e-08
 Reference value :  4.31159e-08
 Reference value :  4.31268e-08
 Reference value :  4.31479e-08
 Reference value :  4.31665e-08
 Reference value :  4.32050e-08
 Reference value :  4.32400e-08
 Reference value :  4.32800e-08
 Reference value :  4.33200e-08
 Reference value :  4.33800e-08
 Reference value :  4.34600e-08
 Reference value :  4.35200e-08
 Reference value :  4.35800e-08
 Reference value :  4.36600e-08
 Reference value :  4.37200e-08
 Reference value :  4.37800e-08
 Reference value :  4.38400e-08
 Reference value :  4.39200e-08
 Reference value :  4.40000e-08
 Reference value :  4.40600e-08
 Reference value :  4.41200e-08
 Reference value :  4.42000e-08
 Reference value :  4.42600e-08
 Reference value :  4.43200e-08
 Reference value :  4.43800e-08
 Reference value :  4.44600e-08
 Reference value :  4.45400e-08
 Reference value :  4.46000e-08
 Reference value :  4.46600e-08
 Reference value :  4.47200e-08
 Reference value :  4.47800e-08
 Reference value :  4.48600e-08
 Reference value :  4.49400e-08
 Reference value :  4.50000e-08
 Reference value :  4.50600e-08
 Reference value :  4.51200e-08
 Reference value :  4.51800e-08
 Reference value :  4.52400e-08
 Reference value :  4.53000e-08
 Reference value :  4.53600e-08
 Reference value :  4.54200e-08
 Reference value :  4.54800e-08
 Reference value :  4.55400e-08
 Reference value :  4.56000e-08
 Reference value :  4.56600e-08
 Reference value :  4.57200e-08
 Reference value :  4.57800e-08
 Reference value :  4.58400e-08
 Reference value :  4.59000e-08
 Reference value :  4.59600e-08
 Reference value :  4.60200e-08
 Reference value :  4.60800e-08
 Reference value :  4.61400e-08
 Reference value :  4.62000e-08
 Reference value :  4.62600e-08
 Reference value :  4.63200e-08
 Reference value :  4.63800e-08
 Reference value :  4.64400e-08
 Reference value :  4.65000e-08
 Reference value :  4.65800e-08
 Reference value :  4.66400e-08
 Reference value :  4.67000e-08
 Reference value :  4.67600e-08
 Reference value :  4.68200e-08
 Reference value :  4.68800e-08
 Reference value :  4.69400e-08
 Reference value :  4.70000e-08
 Reference value :  4.70600e-08
 Reference value :  4.71200e-08
 Reference value :  4.71800e-08
 Reference value :  4.72400e-08
 Reference value :  4.73000e-08
 Reference value :  4.73600e-08
 Reference value :  4.74200e-08
 Reference value :  4.74800e-08
 Reference value :  4.75400e-08
 Reference value :  4.76000e-08
 Reference value :  4.76600e-08
 Reference value :  4.77200e-08
 Reference value :  4.77800e-08
 Reference value :  4.78400e-08
 Reference value :  4.79000e-08
 Reference value :  4.79600e-08
 Reference value :  4.80200e-08
 Reference value :  4.80800e-08
 Reference value :  4.81400e-08
 Reference value :  4.82000e-08
 Reference value :  4.82600e-08
 Reference value :  4.83200e-08
 Reference value :  4.83800e-08
 Reference value :  4.84400e-08
 Reference value :  4.85000e-08
 Reference value :  4.85600e-08
 Reference value :  4.86200e-08
 Reference value :  4.86800e-08
 Reference value :  4.87400e-08
 Reference value :  4.88000e-08
 Reference value :  4.88600e-08
 Reference value :  4.89200e-08
 Reference value :  4.89800e-08
 Reference value :  4.90400e-08
 Reference value :  4.91000e-08
 Reference value :  4.91600e-08
 Reference value :  4.92200e-08
 Reference value :  4.93000e-08
 Reference value :  4.93600e-08
 Reference value :  4.94200e-08
 Reference value :  4.94800e-08
 Reference value :  4.95400e-08
 Reference value :  4.96000e-08
 Reference value :  4.96600e-08
 Reference value :  4.97200e-08
 Reference value :  4.97800e-08
 Reference value :  4.98400e-08
 Reference value :  4.99000e-08
 Reference value :  4.99600e-08
 Reference value :  5.00200e-08
 Reference value :  5.00800e-08
 Reference value :  5.01400e-08
 Reference value :  5.02000e-08
 Reference value :  5.02600e-08
 Reference value :  5.03200e-08
 Reference value :  5.03800e-08
 Reference value :  5.04400e-08
 Reference value :  5.05000e-08
 Reference value :  5.05600e-08
 Reference value :  5.06200e-08
 Reference value :  5.06800e-08
 Reference value :  5.07400e-08
 Reference value :  5.08000e-08
 Reference value :  5.08600e-08
 Reference value :  5.09200e-08
 Reference value :  5.10000e-08
 Reference value :  5.10600e-08
 Reference value :  5.11200e-08
 Reference value :  5.12000e-08
 Reference value :  5.12600e-08
 Reference value :  5.13200e-08
 Reference value :  5.13800e-08
 Reference value :  5.14400e-08
 Reference value :  5.15000e-08
 Reference value :  5.15800e-08
 Reference value :  5.16400e-08
 Reference value :  5.17000e-08
 Reference value :  5.17600e-08
 Reference value :  5.18200e-08
 Reference value :  5.18800e-08
 Reference value :  5.19400e-08
 Reference value :  5.20000e-08
 Reference value :  5.20600e-08
 Reference value :  5.21200e-08
 Reference value :  5.21800e-08
 Reference value :  5.22400e-08
 Reference value :  5.23000e-08
 Reference value :  5.23600e-08
 Reference value :  5.24200e-08
 Reference value :  5.24800e-08
 Reference value :  5.25400e-08
 Reference value :  5.26000e-08
 Reference value :  5.26600e-08
 Reference value :  5.27200e-08
 Reference value :  5.27800e-08
 Reference value :  5.28400e-08
 Reference value :  5.29200e-08
 Reference value :  5.29800e-08
 Reference value :  5.30400e-08
 Reference value :  5.31000e-08
 Reference value :  5.31600e-08
 Reference value :  5.32200e-08
 Reference value :  5.32800e-08
 Reference value :  5.33400e-08
 Reference value :  5.34000e-08
 Reference value :  5.34600e-08
 Reference value :  5.35200e-08
 Reference value :  5.35800e-08
 Reference value :  5.36400e-08
 Reference value :  5.37000e-08
 Reference value :  5.37600e-08
 Reference value :  5.38200e-08
 Reference value :  5.38800e-08
 Reference value :  5.39400e-08
 Reference value :  5.40000e-08
 Reference value :  5.40600e-08
 Reference value :  5.41200e-08
 Reference value :  5.41800e-08
 Reference value :  5.42400e-08
 Reference value :  5.43000e-08
 Reference value :  5.43600e-08
 Reference value :  5.44200e-08
 Reference value :  5.44800e-08
 Reference value :  5.45400e-08
 Reference value :  5.46200e-08
 Reference value :  5.46800e-08
 Reference value :  5.47400e-08
 Reference value :  5.48000e-08
 Reference value :  5.48600e-08
 Reference value :  5.49200e-08
 Reference value :  5.49800e-08
 Reference value :  5.50400e-08
 Reference value :  5.51000e-08
 Reference value :  5.51600e-08
 Reference value :  5.52189e-08
 Reference value :  5.52189e-08
 Reference value :  5.52196e-08
 Reference value :  5.52219e-08
 Reference value :  5.52252e-08
 Reference value :  5.52295e-08
 Reference value :  5.52357e-08
 Reference value :  5.52427e-08
 Reference value :  5.52498e-08
 Reference value :  5.52563e-08
 Reference value :  5.52637e-08
 Reference value :  5.52723e-08
 Reference value :  5.52770e-08
 Reference value :  5.52850e-08
 Reference value :  5.52887e-08
 Reference value :  5.52957e-08
 Reference value :  5.52989e-08
 Reference value :  5.52993e-08
 Reference value :  5.53022e-08
 Reference value :  5.53055e-08
 Reference value :  5.53097e-08
 Reference value :  5.53201e-08
 Reference value :  5.53320e-08
 Reference value :  5.53464e-08
 Reference value :  5.53643e-08
 Reference value :  5.53872e-08
 Reference value :  5.54169e-08
 Reference value :  5.54551e-08
 Reference value :  5.54951e-08
 Reference value :  5.55551e-08
 Reference value :  5.56151e-08
 Reference value :  5.56951e-08
 Reference value :  5.57551e-08
 Reference value :  5.58151e-08
 Reference value :  5.58751e-08
 Reference value :  5.59351e-08
 Reference value :  5.59951e-08
 Reference value :  5.60551e-08
 Reference value :  5.61351e-08
 Reference value :  5.61951e-08
 Reference value :  5.62551e-08
 Reference value :  5.63151e-08
 Reference value :  5.63751e-08
 Reference value :  5.64351e-08
 Reference value :  5.64951e-08
 Reference value :  5.65504e-08
 Reference value :  5.65657e-08
 Reference value :  5.65663e-08
 Reference value :  5.65683e-08
 Reference value :  5.65716e-08
 Reference value :  5.65757e-08
 Reference value :  5.65816e-08
 Reference value :  5.65849e-08
 Reference value :  5.65917e-08
 Reference value :  5.65948e-08
 Reference value :  5.66013e-08
 Reference value :  5.66047e-08
 Reference value :  5.66122e-08
 Reference value :  5.66214e-08
 Reference value :  5.66259e-08
 Reference value :  5.66299e-08
 Reference value :  5.66334e-08
 Reference value :  5.66415e-08
 Reference value :  5.66457e-08
 Reference value :  5.66462e-08
 Reference value :  5.66480e-08
 Reference value :  5.66511e-08
 Reference value :  5.66549e-08
 Reference value :  5.66602e-08
 Reference value :  5.66687e-08
 Reference value :  5.66882e-08
 Reference value :  5.67047e-08
 Reference value :  5.67257e-08
 Reference value :  5.67529e-08
 Reference value :  5.67879e-08
 Reference value :  5.68279e-08
 Reference value :  5.68679e-08
 Reference value :  5.69279e-08
 Reference value :  5.69879e-08
 Reference value :  5.70479e-08
 Reference value :  5.71079e-08
 Reference value :  5.71679e-08
 Reference value :  5.72279e-08
 Reference value :  5.72879e-08
 Reference value :  5.73479e-08
 Reference value :  5.74079e-08
 Reference value :  5.74679e-08
 Reference value :  5.75479e-08
 Reference value :  5.76079e-08
 Reference value :  5.76679e-08
 Reference value :  5.77279e-08
 Reference value :  5.77879e-08
 Reference value :  5.78479e-08
 Reference value :  5.79002e-08
 Reference value :  5.79125e-08
 Reference value :  5.79130e-08
 Reference value :  5.79163e-08
 Reference value :  5.79198e-08
 Reference value :  5.79244e-08
 Reference value :  5.79305e-08
 Reference value :  5.79378e-08
 Reference value :  5.79446e-08
 Reference value :  5.79514e-08
 Reference value :  5.79588e-08
 Reference value :  5.79680e-08
 Reference value :  5.79766e-08
 Reference value :  5.79801e-08
 Reference value :  5.79882e-08
 Reference value :  5.79925e-08
 Reference value :  5.79930e-08
 Reference value :  5.79948e-08
 Reference value :  5.79979e-08
 Reference value :  5.80017e-08
 Reference value :  5.80070e-08
 Reference value :  5.80156e-08
 Reference value :  5.80278e-08
 Reference value :  5.80427e-08
 Reference value :  5.80613e-08
 Reference value :  5.80851e-08
 Reference value :  5.81160e-08
 Reference value :  5.81548e-08
 Reference value :  5.81948e-08
 Reference value :  5.82548e-08
 Reference value :  5.83148e-08
 Reference value :  5.83748e-08
 Reference value :  5.84348e-08
 Reference value :  5.84948e-08
 Reference value :  5.85548e-08
 Reference value :  5.86148e-08
 Reference value :  5.86748e-08
 Reference value :  5.87348e-08
 Reference value :  5.87948e-08
 Reference value :  5.88548e-08
 Reference value :  5.89148e-08
 Reference value :  5.89748e-08
 Reference value :  5.90348e-08
 Reference value :  5.90948e-08
 Reference value :  5.91548e-08
 Reference value :  5.92148e-08
 Reference value :  5.92593e-08
 Reference value :  5.92593e-08
 Reference value :  5.92603e-08
 Reference value :  5.92631e-08
 Reference value :  5.92666e-08
 Reference value :  5.92712e-08
 Reference value :  5.92773e-08
 Reference value :  5.92846e-08
 Reference value :  5.92914e-08
 Reference value :  5.92982e-08
 Reference value :  5.93056e-08
 Reference value :  5.93148e-08
 Reference value :  5.93193e-08
 Reference value :  5.93233e-08
 Reference value :  5.93269e-08
 Reference value :  5.93349e-08
 Reference value :  5.93393e-08
 Reference value :  5.93398e-08
 Reference value :  5.93416e-08
 Reference value :  5.93447e-08
 Reference value :  5.93486e-08
 Reference value :  5.93575e-08
 Reference value :  5.93684e-08
 Reference value :  5.93895e-08
 Reference value :  5.94081e-08
 Reference value :  5.94320e-08
 Reference value :  5.94628e-08
 Reference value :  5.95216e-08
 Reference value :  5.95616e-08
 Reference value :  5.96216e-08
 Reference value :  5.96816e-08
 Reference value :  5.97416e-08
 Reference value :  5.98016e-08
 Reference value :  5.98616e-08
 Reference value :  5.99416e-08
 Reference value :  6.00016e-08
 Reference value :  6.00816e-08
 Reference value :  6.01416e-08
 Reference value :  6.02016e-08
 Reference value :  6.02616e-08
 Reference value :  6.03216e-08
 Reference value :  6.03816e-08
 Reference value :  6.04416e-08
 Reference value :  6.05016e-08
 Reference value :  6.05616e-08
 Reference value :  6.06061e-08
 Reference value :  6.06061e-08
 Reference value :  6.06066e-08
 Reference value :  6.06099e-08
 Reference value :  6.06134e-08
 Reference value :  6.06180e-08
 Reference value :  6.06241e-08
 Reference value :  6.06314e-08
 Reference value :  6.06381e-08
 Reference value :  6.06450e-08
 Reference value :  6.06524e-08
 Reference value :  6.06616e-08
 Reference value :  6.06661e-08
 Reference value :  6.06701e-08
 Reference value :  6.06777e-08
 Reference value :  6.06861e-08
 Reference value :  6.06861e-08
 Reference value :  6.06866e-08
 Reference value :  6.06884e-08
 Reference value :  6.06915e-08
 Reference value :  6.06954e-08
 Reference value :  6.07007e-08
 Reference value :  6.07092e-08
 Reference value :  6.07215e-08
 Reference value :  6.07363e-08
 Reference value :  6.07549e-08
 Reference value :  6.07788e-08
 Reference value :  6.08097e-08
 Reference value :  6.08485e-08
 Reference value :  6.08885e-08
 Reference value :  6.09485e-08
 Reference value :  6.10000e-08
No. of Data Rows : 4141
m_ui_ref            =  1.34680e-09 targ=  1.35080e-08 trig=  1.21612e-08
m_spa_in            =  5.38721e-09 targ=  1.75484e-08 trig=  1.21612e-08
m_spb_in            =  4.04040e-09 targ=  1.62016e-08 trig=  1.21612e-08
m_spa_c0            =  5.38721e-09 targ=  1.75551e-08 trig=  1.21679e-08
m_spb_c0            =  4.04041e-09 targ=  1.62083e-08 trig=  1.21679e-08
m_trise_c0          =  4.27220e-11 targ=  1.35331e-08 trig=  1.34904e-08
m_tfall_c0          =  4.27016e-11 targ=  1.48799e-08 trig=  1.48372e-08
m_spa_c1            =  5.38722e-09 targ=  1.75870e-08 trig=  1.21998e-08
m_spb_c1            =  4.04042e-09 targ=  1.62402e-08 trig=  1.21998e-08
m_trise_c1          =  1.08344e-10 targ=  1.36187e-08 trig=  1.35104e-08
m_tfall_c1          =  1.08288e-10 targ=  1.49655e-08 trig=  1.48572e-08
m_spa_c2            =  5.38722e-09 targ=  1.76165e-08 trig=  1.22293e-08
m_spb_c2            =  4.04042e-09 targ=  1.62697e-08 trig=  1.22293e-08
m_trise_c2          =  2.10657e-10 targ=  1.37302e-08 trig=  1.35196e-08
m_tfall_c2          =  2.10458e-10 targ=  1.50768e-08 trig=  1.48664e-08
m_spa_cmis          =  5.38721e-09 targ=  1.75968e-08 trig=  1.22096e-08
m_spb_cmis          =  4.04212e-09 targ=  1.62517e-08 trig=  1.22096e-08
m_dj_ui_c0 = 5.9400015296e-06
m_swing_c0 = 5.1567347767e-01
m_vpp_c0 = 6.5977387088e-01
m_vcm_c0 = 3.0421631225e+00
m_dj_ui_c1 = 1.0395002677e-05
m_swing_c1 = 5.1527476502e-01
m_vpp_c1 = 5.2178413738e-01
m_vcm_c1 = 3.0423624541e+00
m_dj_ui_c2 = 9.6525024855e-06
m_swing_c2 = 5.1389921729e-01
m_vpp_c2 = 5.1782516990e-01
m_vcm_c2 = 3.0429677525e+00
m_dj_ui_cmis = 1.2726453277e-03
m_swing_cmis = 5.1390196205e-01
m_swing_avcclo = 5.1475430038e-01
m_vcm_avcclo = 2.7126226489e+00
m_swing_avcchi = 5.1567131862e-01
m_vcm_avcchi = 3.3721641960e+00
m_vgs_sw_max = 1.5046737462e+00
m_vgd_sw_max = 1.6334999014e+00
m_vds_sw_max = 2.1320867292e+00
m_vgs_tail_max = 1.0363934501e+00
m_vds_tail_max = 1.6860295232e+00
m_swing_dc = 5.1341631498e-01
m_vcm_dc = 3.0432917440e+00
m_ioff_dc = 1.9701925691e-09
m_itail_dc = 1.0268330240e-02
m_icell_dc = 1.0768330241e-02
m_ro_leg = 4.4697427190e+04
Note: Simulation executed from .control section 

