
Note: No compatibility mode selected!


Circuit: * cml-driver-eye @ sf_-40c_3.63v_270mbps -- generated by sim/harness, do not edit

Doing analysis at TEMP = -40.000000 and TNOM = 27.000000

Using SPARSE 1.3 as Direct Linear Solver

Initial Transient Solution
--------------------------

Node                                   Voltage
----                                   -------
avcc                                       3.3
avcclo                                    2.97
avcchi                                    3.63
inp                                     3.0855
inn                                     1.9965
inpz                                    3.0855
innz                                    1.9965
inref                                    1.089
win                                          0
winc                                         0
xc0.tail                                1.5025
ib_c0                                  1.22488
outp_c0                                2.79437
outn_c0                                    3.3
vd_c0                                 0.505635
xc1.tail                                1.5025
ib_c1                                  1.22488
outp_c1                                2.79437
outn_c1                                    3.3
vd_c1                                 0.505635
xc2.tail                                1.5025
ib_c2                                  1.22488
outp_c2                                2.79437
outn_c2                                    3.3
vd_c2                                 0.505635
xcmis.tail                              1.5025
ib_cmis                                1.22488
outp_cmis                              2.79437
outn_cmis                                  3.3
vd_cmis                               0.505635
xvlo.tail                              1.48603
ib_vlo                                 1.22488
outp_vlo                               2.46468
outn_vlo                                  2.97
xvhi.tail                              1.51751
ib_vhi                                 1.22488
outp_vhi                               3.12408
outn_vhi                                  3.63
xz.tail                                 1.5025
ib_z                                   1.22488
vss_z                                        0
outp_z                                 2.79437
outn_z                                     3.3
xza.tail                               1.49306
ib_za                                  1.22488
outp_za                                    2.6
outn_za                                    3.3
xzb.tail                               1.51197
ib_zb                                  1.22488
outp_zb                                      3
outn_zb                                    3.3
ediff_cmis#branch                            0
ediff_c2#branch                              0
ediff_c1#branch                              0
ediff_c0#branch                              0
einref#branch                                0
vforce_zb#branch                    -0.0101163
vforce_za#branch                    -0.0101091
vsens_z#branch                       0.0106127
vwinc#branch                                 0
vwin#branch                                  0
vinnz#branch                                 0
vinpz#branch                                 0
vinn#branch                                  0
vinp#branch                                  0
vavcchi#branch                      -0.0101184
vavcclo#branch                      -0.0101064
vavcc#branch                        -0.0505635

 Reference value :  0.00000e+00
 Reference value :  8.00000e-13
 Reference value :  6.40000e-12
 Reference value :  4.56000e-11
 Reference value :  1.05600e-10
 Reference value :  1.65600e-10
 Reference value :  2.25600e-10
 Reference value :  2.85600e-10
 Reference value :  3.65600e-10
 Reference value :  4.25600e-10
 Reference value :  4.85600e-10
 Reference value :  5.45600e-10
 Reference value :  6.05600e-10
 Reference value :  6.65600e-10
 Reference value :  7.25600e-10
 Reference value :  7.85600e-10
 Reference value :  8.45600e-10
 Reference value :  9.05600e-10
 Reference value :  9.65600e-10
 Reference value :  1.02560e-09
 Reference value :  1.08560e-09
 Reference value :  1.14560e-09
 Reference value :  1.20560e-09
 Reference value :  1.28560e-09
 Reference value :  1.34560e-09
 Reference value :  1.42560e-09
 Reference value :  1.48560e-09
 Reference value :  1.54560e-09
 Reference value :  1.60560e-09
 Reference value :  1.66560e-09
 Reference value :  1.72560e-09
 Reference value :  1.78560e-09
 Reference value :  1.84560e-09
 Reference value :  1.90560e-09
 Reference value :  1.96560e-09
 Reference value :  2.02560e-09
 Reference value :  2.08560e-09
 Reference value :  2.14560e-09
 Reference value :  2.20560e-09
 Reference value :  2.26560e-09
 Reference value :  2.32560e-09
 Reference value :  2.38560e-09
 Reference value :  2.44560e-09
 Reference value :  2.50560e-09
 Reference value :  2.56560e-09
 Reference value :  2.62560e-09
 Reference value :  2.68560e-09
 Reference value :  2.74560e-09
 Reference value :  2.80560e-09
 Reference value :  2.86560e-09
 Reference value :  2.92560e-09
 Reference value :  2.98560e-09
 Reference value :  3.04560e-09
 Reference value :  3.10560e-09
 Reference value :  3.16560e-09
 Reference value :  3.22560e-09
 Reference value :  3.30560e-09
 Reference value :  3.36560e-09
 Reference value :  3.42560e-09
 Reference value :  3.48560e-09
 Reference value :  3.54560e-09
 Reference value :  3.60560e-09
 Reference value :  3.66560e-09
 Reference value :  3.72560e-09
 Reference value :  3.78560e-09
 Reference value :  3.86560e-09
 Reference value :  3.92560e-09
 Reference value :  3.98560e-09
 Reference value :  4.06560e-09
 Reference value :  4.12560e-09
 Reference value :  4.18560e-09
 Reference value :  4.24560e-09
 Reference value :  4.30560e-09
 Reference value :  4.38560e-09
 Reference value :  4.44560e-09
 Reference value :  4.50560e-09
 Reference value :  4.56560e-09
 Reference value :  4.62560e-09
 Reference value :  4.68560e-09
 Reference value :  4.76560e-09
 Reference value :  4.84560e-09
 Reference value :  4.90560e-09
 Reference value :  4.96560e-09
 Reference value :  5.04560e-09
 Reference value :  5.10560e-09
 Reference value :  5.16560e-09
 Reference value :  5.24560e-09
 Reference value :  5.32560e-09
 Reference value :  5.38560e-09
 Reference value :  5.44560e-09
 Reference value :  5.50560e-09
 Reference value :  5.56560e-09
 Reference value :  5.62560e-09
 Reference value :  5.68560e-09
 Reference value :  5.74560e-09
 Reference value :  5.80560e-09
 Reference value :  5.86560e-09
 Reference value :  5.92560e-09
 Reference value :  5.98560e-09
 Reference value :  6.04560e-09
 Reference value :  6.10560e-09
 Reference value :  6.16560e-09
 Reference value :  6.22560e-09
 Reference value :  6.28560e-09
 Reference value :  6.34560e-09
 Reference value :  6.40560e-09
 Reference value :  6.46560e-09
 Reference value :  6.52560e-09
 Reference value :  6.58560e-09
 Reference value :  6.64560e-09
 Reference value :  6.70560e-09
 Reference value :  6.78560e-09
 Reference value :  6.86560e-09
 Reference value :  6.92560e-09
 Reference value :  6.98560e-09
 Reference value :  7.04560e-09
 Reference value :  7.12560e-09
 Reference value :  7.18560e-09
 Reference value :  7.24560e-09
 Reference value :  7.30560e-09
 Reference value :  7.36560e-09
 Reference value :  7.42560e-09
 Reference value :  7.48560e-09
 Reference value :  7.54560e-09
 Reference value :  7.60560e-09
 Reference value :  7.66560e-09
 Reference value :  7.72560e-09
 Reference value :  7.78560e-09
 Reference value :  7.84560e-09
 Reference value :  7.90560e-09
 Reference value :  7.96560e-09
 Reference value :  8.02560e-09
 Reference value :  8.10560e-09
 Reference value :  8.16560e-09
 Reference value :  8.22560e-09
 Reference value :  8.28560e-09
 Reference value :  8.34560e-09
 Reference value :  8.40560e-09
 Reference value :  8.46560e-09
 Reference value :  8.54560e-09
 Reference value :  8.60560e-09
 Reference value :  8.66560e-09
 Reference value :  8.72560e-09
 Reference value :  8.78560e-09
 Reference value :  8.84560e-09
 Reference value :  8.90560e-09
 Reference value :  8.96560e-09
 Reference value :  9.04560e-09
 Reference value :  9.12560e-09
 Reference value :  9.18560e-09
 Reference value :  9.24560e-09
 Reference value :  9.30560e-09
 Reference value :  9.36560e-09
 Reference value :  9.42560e-09
 Reference value :  9.48560e-09
 Reference value :  9.54560e-09
 Reference value :  9.60560e-09
 Reference value :  9.66560e-09
 Reference value :  9.72560e-09
 Reference value :  9.78560e-09
 Reference value :  9.84560e-09
 Reference value :  9.90560e-09
 Reference value :  9.96560e-09
 Reference value :  1.00256e-08
 Reference value :  1.00856e-08
 Reference value :  1.01456e-08
 Reference value :  1.02056e-08
 Reference value :  1.02656e-08
 Reference value :  1.03256e-08
 Reference value :  1.04056e-08
 Reference value :  1.04656e-08
 Reference value :  1.05256e-08
 Reference value :  1.06056e-08
 Reference value :  1.06656e-08
 Reference value :  1.07256e-08
 Reference value :  1.07856e-08
 Reference value :  1.08456e-08
 Reference value :  1.09056e-08
 Reference value :  1.09656e-08
 Reference value :  1.10256e-08
 Reference value :  1.10856e-08
 Reference value :  1.11456e-08
 Reference value :  1.12056e-08
 Reference value :  1.12856e-08
 Reference value :  1.13456e-08
 Reference value :  1.14256e-08
 Reference value :  1.15056e-08
 Reference value :  1.15656e-08
 Reference value :  1.16256e-08
 Reference value :  1.16856e-08
 Reference value :  1.17656e-08
 Reference value :  1.18256e-08
 Reference value :  1.18856e-08
 Reference value :  1.19656e-08
 Reference value :  1.20256e-08
 Reference value :  1.20856e-08
 Reference value :  1.21456e-08
 Reference value :  1.22056e-08
 Reference value :  1.22856e-08
 Reference value :  1.23456e-08
 Reference value :  1.24256e-08
 Reference value :  1.24856e-08
 Reference value :  1.25456e-08
 Reference value :  1.26256e-08
 Reference value :  1.27056e-08
 Reference value :  1.27656e-08
 Reference value :  1.28256e-08
 Reference value :  1.28856e-08
 Reference value :  1.29456e-08
 Reference value :  1.30056e-08
 Reference value :  1.30656e-08
 Reference value :  1.31456e-08
 Reference value :  1.32056e-08
 Reference value :  1.32656e-08
 Reference value :  1.33256e-08
 Reference value :  1.33856e-08
 Reference value :  1.34456e-08
 Reference value :  1.35056e-08
 Reference value :  1.35656e-08
 Reference value :  1.36256e-08
 Reference value :  1.36856e-08
 Reference value :  1.37456e-08
 Reference value :  1.38056e-08
 Reference value :  1.38656e-08
 Reference value :  1.39256e-08
 Reference value :  1.39856e-08
 Reference value :  1.40456e-08
 Reference value :  1.41056e-08
 Reference value :  1.41856e-08
 Reference value :  1.42456e-08
 Reference value :  1.43056e-08
 Reference value :  1.43656e-08
 Reference value :  1.44256e-08
 Reference value :  1.44856e-08
 Reference value :  1.45456e-08
 Reference value :  1.46056e-08
 Reference value :  1.46656e-08
 Reference value :  1.47256e-08
 Reference value :  1.47856e-08
 Reference value :  1.48456e-08
 Reference value :  1.49056e-08
 Reference value :  1.49656e-08
 Reference value :  1.50256e-08
 Reference value :  1.50856e-08
 Reference value :  1.51456e-08
 Reference value :  1.52056e-08
 Reference value :  1.52656e-08
 Reference value :  1.53256e-08
 Reference value :  1.53856e-08
 Reference value :  1.54656e-08
 Reference value :  1.55456e-08
 Reference value :  1.56056e-08
 Reference value :  1.56656e-08
 Reference value :  1.57256e-08
 Reference value :  1.57856e-08
 Reference value :  1.58456e-08
 Reference value :  1.59056e-08
 Reference value :  1.59656e-08
 Reference value :  1.60256e-08
 Reference value :  1.60856e-08
 Reference value :  1.61456e-08
 Reference value :  1.62056e-08
 Reference value :  1.62656e-08
 Reference value :  1.63256e-08
 Reference value :  1.63856e-08
 Reference value :  1.64656e-08
 Reference value :  1.65256e-08
 Reference value :  1.65856e-08
 Reference value :  1.66456e-08
 Reference value :  1.67056e-08
 Reference value :  1.67656e-08
 Reference value :  1.68256e-08
 Reference value :  1.68856e-08
 Reference value :  1.69456e-08
 Reference value :  1.70056e-08
 Reference value :  1.70656e-08
 Reference value :  1.71256e-08
 Reference value :  1.71856e-08
 Reference value :  1.72456e-08
 Reference value :  1.73056e-08
 Reference value :  1.73656e-08
 Reference value :  1.74256e-08
 Reference value :  1.74856e-08
 Reference value :  1.75456e-08
 Reference value :  1.76056e-08
 Reference value :  1.76656e-08
 Reference value :  1.77256e-08
 Reference value :  1.77856e-08
 Reference value :  1.78456e-08
 Reference value :  1.79056e-08
 Reference value :  1.79856e-08
 Reference value :  1.80456e-08
 Reference value :  1.81056e-08
 Reference value :  1.81656e-08
 Reference value :  1.82256e-08
 Reference value :  1.82856e-08
 Reference value :  1.83456e-08
 Reference value :  1.84056e-08
 Reference value :  1.84656e-08
 Reference value :  1.85256e-08
 Reference value :  1.85856e-08
 Reference value :  1.86456e-08
 Reference value :  1.87056e-08
 Reference value :  1.87656e-08
 Reference value :  1.88256e-08
 Reference value :  1.88856e-08
 Reference value :  1.89456e-08
 Reference value :  1.90056e-08
 Reference value :  1.90656e-08
 Reference value :  1.91256e-08
 Reference value :  1.91856e-08
 Reference value :  1.92656e-08
 Reference value :  1.93256e-08
 Reference value :  1.94056e-08
 Reference value :  1.94656e-08
 Reference value :  1.95256e-08
 Reference value :  1.95856e-08
 Reference value :  1.96456e-08
 Reference value :  1.97056e-08
 Reference value :  1.97656e-08
 Reference value :  1.98256e-08
 Reference value :  1.98856e-08
 Reference value :  1.99456e-08
 Reference value :  2.00056e-08
 Reference value :  2.00656e-08
 Reference value :  2.01256e-08
 Reference value :  2.01856e-08
 Reference value :  2.02456e-08
 Reference value :  2.03056e-08
 Reference value :  2.03656e-08
 Reference value :  2.04256e-08
 Reference value :  2.04856e-08
 Reference value :  2.05456e-08
 Reference value :  2.06056e-08
 Reference value :  2.06656e-08
 Reference value :  2.07256e-08
 Reference value :  2.07856e-08
 Reference value :  2.08456e-08
 Reference value :  2.09056e-08
 Reference value :  2.09656e-08
 Reference value :  2.10456e-08
 Reference value :  2.11056e-08
 Reference value :  2.11656e-08
 Reference value :  2.12256e-08
 Reference value :  2.12856e-08
 Reference value :  2.13456e-08
 Reference value :  2.14056e-08
 Reference value :  2.14656e-08
 Reference value :  2.15256e-08
 Reference value :  2.15856e-08
 Reference value :  2.16456e-08
 Reference value :  2.17056e-08
 Reference value :  2.17656e-08
 Reference value :  2.18256e-08
 Reference value :  2.18856e-08
 Reference value :  2.19456e-08
 Reference value :  2.20056e-08
 Reference value :  2.20656e-08
 Reference value :  2.21256e-08
 Reference value :  2.21856e-08
 Reference value :  2.22456e-08
 Reference value :  2.23056e-08
 Reference value :  2.23656e-08
 Reference value :  2.24256e-08
 Reference value :  2.24856e-08
 Reference value :  2.25456e-08
 Reference value :  2.26056e-08
 Reference value :  2.26656e-08
 Reference value :  2.27256e-08
 Reference value :  2.27856e-08
 Reference value :  2.28456e-08
 Reference value :  2.29056e-08
 Reference value :  2.29656e-08
 Reference value :  2.30256e-08
 Reference value :  2.30856e-08
 Reference value :  2.31456e-08
 Reference value :  2.32056e-08
 Reference value :  2.32656e-08
 Reference value :  2.33256e-08
 Reference value :  2.33856e-08
 Reference value :  2.34456e-08
 Reference value :  2.35056e-08
 Reference value :  2.35856e-08
 Reference value :  2.36456e-08
 Reference value :  2.37056e-08
 Reference value :  2.37656e-08
 Reference value :  2.38256e-08
 Reference value :  2.38856e-08
 Reference value :  2.39456e-08
 Reference value :  2.40056e-08
 Reference value :  2.40856e-08
 Reference value :  2.41456e-08
 Reference value :  2.42056e-08
 Reference value :  2.42856e-08
 Reference value :  2.43456e-08
 Reference value :  2.44256e-08
 Reference value :  2.44856e-08
 Reference value :  2.45656e-08
 Reference value :  2.46456e-08
 Reference value :  2.47256e-08
 Reference value :  2.47856e-08
 Reference value :  2.48456e-08
 Reference value :  2.49256e-08
 Reference value :  2.49856e-08
 Reference value :  2.50456e-08
 Reference value :  2.51056e-08
 Reference value :  2.51656e-08
 Reference value :  2.52256e-08
 Reference value :  2.53056e-08
 Reference value :  2.53656e-08
 Reference value :  2.54256e-08
 Reference value :  2.55056e-08
 Reference value :  2.55656e-08
 Reference value :  2.56456e-08
 Reference value :  2.57256e-08
 Reference value :  2.58056e-08
 Reference value :  2.58856e-08
 Reference value :  2.59656e-08
 Reference value :  2.60456e-08
 Reference value :  2.61256e-08
 Reference value :  2.61856e-08
 Reference value :  2.62656e-08
 Reference value :  2.63256e-08
 Reference value :  2.64056e-08
 Reference value :  2.64656e-08
 Reference value :  2.65456e-08
 Reference value :  2.66056e-08
 Reference value :  2.66656e-08
 Reference value :  2.67456e-08
 Reference value :  2.68056e-08
 Reference value :  2.68656e-08
 Reference value :  2.69256e-08
 Reference value :  2.70056e-08
 Reference value :  2.70656e-08
 Reference value :  2.71256e-08
 Reference value :  2.71856e-08
 Reference value :  2.72456e-08
 Reference value :  2.73256e-08
 Reference value :  2.74056e-08
 Reference value :  2.74656e-08
 Reference value :  2.75456e-08
 Reference value :  2.76256e-08
 Reference value :  2.77056e-08
 Reference value :  2.77856e-08
 Reference value :  2.78656e-08
 Reference value :  2.79256e-08
 Reference value :  2.80056e-08
 Reference value :  2.80856e-08
 Reference value :  2.81656e-08
 Reference value :  2.82456e-08
 Reference value :  2.83056e-08
 Reference value :  2.83656e-08
 Reference value :  2.84256e-08
 Reference value :  2.84856e-08
 Reference value :  2.85656e-08
 Reference value :  2.86456e-08
 Reference value :  2.87256e-08
 Reference value :  2.88056e-08
 Reference value :  2.88856e-08
 Reference value :  2.89456e-08
 Reference value :  2.90056e-08
 Reference value :  2.90656e-08
 Reference value :  2.91256e-08
 Reference value :  2.91856e-08
 Reference value :  2.92456e-08
 Reference value :  2.93056e-08
 Reference value :  2.93656e-08
 Reference value :  2.94256e-08
 Reference value :  2.94856e-08
 Reference value :  2.95456e-08
 Reference value :  2.96056e-08
 Reference value :  2.96656e-08
 Reference value :  2.97256e-08
 Reference value :  2.97856e-08
 Reference value :  2.98456e-08
 Reference value :  2.99056e-08
 Reference value :  2.99656e-08
 Reference value :  3.00256e-08
 Reference value :  3.00856e-08
 Reference value :  3.01656e-08
 Reference value :  3.02456e-08
 Reference value :  3.03056e-08
 Reference value :  3.03656e-08
 Reference value :  3.04256e-08
 Reference value :  3.04856e-08
 Reference value :  3.05456e-08
 Reference value :  3.06056e-08
 Reference value :  3.06656e-08
 Reference value :  3.07456e-08
 Reference value :  3.08056e-08
 Reference value :  3.08656e-08
 Reference value :  3.09456e-08
 Reference value :  3.10256e-08
 Reference value :  3.11056e-08
 Reference value :  3.11656e-08
 Reference value :  3.12256e-08
 Reference value :  3.13056e-08
 Reference value :  3.13656e-08
 Reference value :  3.14256e-08
 Reference value :  3.15056e-08
 Reference value :  3.15856e-08
 Reference value :  3.16456e-08
 Reference value :  3.17056e-08
 Reference value :  3.17656e-08
 Reference value :  3.18256e-08
 Reference value :  3.18856e-08
 Reference value :  3.19456e-08
 Reference value :  3.20056e-08
 Reference value :  3.20656e-08
 Reference value :  3.21256e-08
 Reference value :  3.22056e-08
 Reference value :  3.22856e-08
 Reference value :  3.23456e-08
 Reference value :  3.24056e-08
 Reference value :  3.24656e-08
 Reference value :  3.25256e-08
 Reference value :  3.26056e-08
 Reference value :  3.26656e-08
 Reference value :  3.27456e-08
 Reference value :  3.28056e-08
 Reference value :  3.28656e-08
 Reference value :  3.29256e-08
 Reference value :  3.29856e-08
 Reference value :  3.30456e-08
 Reference value :  3.31256e-08
 Reference value :  3.31856e-08
 Reference value :  3.32456e-08
 Reference value :  3.33056e-08
 Reference value :  3.33334e-08
 Reference value :  3.33339e-08
 Reference value :  3.33372e-08
 Reference value :  3.33407e-08
 Reference value :  3.33452e-08
 Reference value :  3.33512e-08
 Reference value :  3.33540e-08
 Reference value :  3.33630e-08
 Reference value :  3.33687e-08
 Reference value :  3.33753e-08
 Reference value :  3.33870e-08
 Reference value :  3.33912e-08
 Reference value :  3.33950e-08
 Reference value :  3.33982e-08
 Reference value :  3.34052e-08
 Reference value :  3.34087e-08
 Reference value :  3.34134e-08
 Reference value :  3.34142e-08
 Reference value :  3.34164e-08
 Reference value :  3.34197e-08
 Reference value :  3.34263e-08
 Reference value :  3.34334e-08
 Reference value :  3.34518e-08
 Reference value :  3.34674e-08
 Reference value :  3.34871e-08
 Reference value :  3.35124e-08
 Reference value :  3.35449e-08
 Reference value :  3.35841e-08
 Reference value :  3.36241e-08
 Reference value :  3.36841e-08
 Reference value :  3.37441e-08
 Reference value :  3.38041e-08
 Reference value :  3.38641e-08
 Reference value :  3.39241e-08
 Reference value :  3.39841e-08
 Reference value :  3.40441e-08
 Reference value :  3.41041e-08
 Reference value :  3.41641e-08
 Reference value :  3.42241e-08
 Reference value :  3.42841e-08
 Reference value :  3.43441e-08
 Reference value :  3.44041e-08
 Reference value :  3.44641e-08
 Reference value :  3.45241e-08
 Reference value :  3.45841e-08
 Reference value :  3.46641e-08
 Reference value :  3.47241e-08
 Reference value :  3.47841e-08
 Reference value :  3.48441e-08
 Reference value :  3.49041e-08
 Reference value :  3.49641e-08
 Reference value :  3.50241e-08
 Reference value :  3.51041e-08
 Reference value :  3.51641e-08
 Reference value :  3.52241e-08
 Reference value :  3.52841e-08
 Reference value :  3.53441e-08
 Reference value :  3.54241e-08
 Reference value :  3.55041e-08
 Reference value :  3.55841e-08
 Reference value :  3.56641e-08
 Reference value :  3.57441e-08
 Reference value :  3.58241e-08
 Reference value :  3.58841e-08
 Reference value :  3.59441e-08
 Reference value :  3.60241e-08
 Reference value :  3.61041e-08
 Reference value :  3.61641e-08
 Reference value :  3.62241e-08
 Reference value :  3.62841e-08
 Reference value :  3.63441e-08
 Reference value :  3.64041e-08
 Reference value :  3.64641e-08
 Reference value :  3.65241e-08
 Reference value :  3.65841e-08
 Reference value :  3.66641e-08
 Reference value :  3.67441e-08
 Reference value :  3.68241e-08
 Reference value :  3.68841e-08
 Reference value :  3.69441e-08
 Reference value :  3.70041e-08
 Reference value :  3.70371e-08
 Reference value :  3.70377e-08
 Reference value :  3.70412e-08
 Reference value :  3.70470e-08
 Reference value :  3.70526e-08
 Reference value :  3.70555e-08
 Reference value :  3.70582e-08
 Reference value :  3.70674e-08
 Reference value :  3.70732e-08
 Reference value :  3.70763e-08
 Reference value :  3.70830e-08
 Reference value :  3.70913e-08
 Reference value :  3.70954e-08
 Reference value :  3.71021e-08
 Reference value :  3.71093e-08
 Reference value :  3.71149e-08
 Reference value :  3.71171e-08
 Reference value :  3.71174e-08
 Reference value :  3.71201e-08
 Reference value :  3.71233e-08
 Reference value :  3.71274e-08
 Reference value :  3.71331e-08
 Reference value :  3.71484e-08
 Reference value :  3.71623e-08
 Reference value :  3.71797e-08
 Reference value :  3.72019e-08
 Reference value :  3.72304e-08
 Reference value :  3.72870e-08
 Reference value :  3.73270e-08
 Reference value :  3.73870e-08
 Reference value :  3.74470e-08
 Reference value :  3.75070e-08
 Reference value :  3.75670e-08
 Reference value :  3.76270e-08
 Reference value :  3.76870e-08
 Reference value :  3.77470e-08
 Reference value :  3.77781e-08
 Reference value :  3.77788e-08
 Reference value :  3.77798e-08
 Reference value :  3.77877e-08
 Reference value :  3.78345e-08
 Reference value :  3.78945e-08
 Reference value :  3.79545e-08
 Reference value :  3.80145e-08
 Reference value :  3.80745e-08
 Reference value :  3.81313e-08
 Reference value :  3.81484e-08
 Reference value :  3.81492e-08
 Reference value :  3.81513e-08
 Reference value :  3.81670e-08
 Reference value :  3.82249e-08
 Reference value :  3.82849e-08
 Reference value :  3.83449e-08
 Reference value :  3.84049e-08
 Reference value :  3.84849e-08
 Reference value :  3.85449e-08
 Reference value :  3.86049e-08
 Reference value :  3.86649e-08
 Reference value :  3.87449e-08
 Reference value :  3.88249e-08
 Reference value :  3.88849e-08
 Reference value :  3.89449e-08
 Reference value :  3.90049e-08
 Reference value :  3.90649e-08
 Reference value :  3.91449e-08
 Reference value :  3.92249e-08
 Reference value :  3.92849e-08
 Reference value :  3.93449e-08
 Reference value :  3.94049e-08
 Reference value :  3.94649e-08
 Reference value :  3.95249e-08
 Reference value :  3.96049e-08
 Reference value :  3.96297e-08
 Reference value :  3.96306e-08
 Reference value :  3.96311e-08
 Reference value :  3.96350e-08
 Reference value :  3.96664e-08
 Reference value :  3.97264e-08
 Reference value :  3.97864e-08
 Reference value :  3.98464e-08
 Reference value :  3.99064e-08
 Reference value :  3.99664e-08
 Reference value :  4.00264e-08
 Reference value :  4.00864e-08
 Reference value :  4.01464e-08
 Reference value :  4.02064e-08
 Reference value :  4.02664e-08
 Reference value :  4.03264e-08
 Reference value :  4.03864e-08
 Reference value :  4.04464e-08
 Reference value :  4.05064e-08
 Reference value :  4.05664e-08
 Reference value :  4.06264e-08
 Reference value :  4.07064e-08
 Reference value :  4.07408e-08
 Reference value :  4.07414e-08
 Reference value :  4.07450e-08
 Reference value :  4.07486e-08
 Reference value :  4.07533e-08
 Reference value :  4.07594e-08
 Reference value :  4.07621e-08
 Reference value :  4.07682e-08
 Reference value :  4.07709e-08
 Reference value :  4.07766e-08
 Reference value :  4.07797e-08
 Reference value :  4.07865e-08
 Reference value :  4.07947e-08
 Reference value :  4.07988e-08
 Reference value :  4.08025e-08
 Reference value :  4.08056e-08
 Reference value :  4.08127e-08
 Reference value :  4.08185e-08
 Reference value :  4.08208e-08
 Reference value :  4.08211e-08
 Reference value :  4.08238e-08
 Reference value :  4.08271e-08
 Reference value :  4.08337e-08
 Reference value :  4.08465e-08
 Reference value :  4.08592e-08
 Reference value :  4.08747e-08
 Reference value :  4.08944e-08
 Reference value :  4.09197e-08
 Reference value :  4.09522e-08
 Reference value :  4.09914e-08
 Reference value :  4.10514e-08
 Reference value :  4.11114e-08
 Reference value :  4.11714e-08
 Reference value :  4.12314e-08
 Reference value :  4.12914e-08
 Reference value :  4.13514e-08
 Reference value :  4.14114e-08
 Reference value :  4.14714e-08
 Reference value :  4.15314e-08
 Reference value :  4.15914e-08
 Reference value :  4.16514e-08
 Reference value :  4.17114e-08
 Reference value :  4.17714e-08
 Reference value :  4.18314e-08
 Reference value :  4.18520e-08
 Reference value :  4.18529e-08
 Reference value :  4.18533e-08
 Reference value :  4.18573e-08
 Reference value :  4.18886e-08
 Reference value :  4.19486e-08
 Reference value :  4.20086e-08
 Reference value :  4.20686e-08
 Reference value :  4.21286e-08
 Reference value :  4.21886e-08
 Reference value :  4.22486e-08
 Reference value :  4.23086e-08
 Reference value :  4.23686e-08
 Reference value :  4.24486e-08
 Reference value :  4.25086e-08
 Reference value :  4.25686e-08
 Reference value :  4.26486e-08
 Reference value :  4.27086e-08
 Reference value :  4.27886e-08
 Reference value :  4.28686e-08
 Reference value :  4.29486e-08
 Reference value :  4.30086e-08
 Reference value :  4.30886e-08
 Reference value :  4.31486e-08
 Reference value :  4.32086e-08
 Reference value :  4.32686e-08
 Reference value :  4.33210e-08
 Reference value :  4.33336e-08
 Reference value :  4.33344e-08
 Reference value :  4.33354e-08
 Reference value :  4.33522e-08
 Reference value :  4.34301e-08
 Reference value :  4.34901e-08
 Reference value :  4.35501e-08
 Reference value :  4.36301e-08
 Reference value :  4.36901e-08
 Reference value :  4.37501e-08
 Reference value :  4.38101e-08
 Reference value :  4.38701e-08
 Reference value :  4.39301e-08
 Reference value :  4.39901e-08
 Reference value :  4.40501e-08
 Reference value :  4.41101e-08
 Reference value :  4.41701e-08
 Reference value :  4.42301e-08
 Reference value :  4.42901e-08
 Reference value :  4.43701e-08
 Reference value :  4.44273e-08
 Reference value :  4.44445e-08
 Reference value :  4.44458e-08
 Reference value :  4.44487e-08
 Reference value :  4.44523e-08
 Reference value :  4.44570e-08
 Reference value :  4.44631e-08
 Reference value :  4.44658e-08
 Reference value :  4.44719e-08
 Reference value :  4.44746e-08
 Reference value :  4.44803e-08
 Reference value :  4.44835e-08
 Reference value :  4.44902e-08
 Reference value :  4.44984e-08
 Reference value :  4.45025e-08
 Reference value :  4.45062e-08
 Reference value :  4.45093e-08
 Reference value :  4.45164e-08
 Reference value :  4.45199e-08
 Reference value :  4.45244e-08
 Reference value :  4.45245e-08
 Reference value :  4.45248e-08
 Reference value :  4.45261e-08
 Reference value :  4.45275e-08
 Reference value :  4.45308e-08
 Reference value :  4.45349e-08
 Reference value :  4.45406e-08
 Reference value :  4.45502e-08
 Reference value :  4.45700e-08
 Reference value :  4.45874e-08
 Reference value :  4.46097e-08
 Reference value :  4.46384e-08
 Reference value :  4.46751e-08
 Reference value :  4.47151e-08
 Reference value :  4.47551e-08
 Reference value :  4.48151e-08
 Reference value :  4.48751e-08
 Reference value :  4.49351e-08
 Reference value :  4.49951e-08
 Reference value :  4.50551e-08
 Reference value :  4.51151e-08
 Reference value :  4.51751e-08
 Reference value :  4.52351e-08
 Reference value :  4.52951e-08
 Reference value :  4.53551e-08
 Reference value :  4.54151e-08
 Reference value :  4.54751e-08
 Reference value :  4.55351e-08
 Reference value :  4.55557e-08
 Reference value :  4.55566e-08
 Reference value :  4.55576e-08
 Reference value :  4.55654e-08
 Reference value :  4.56123e-08
 Reference value :  4.56723e-08
 Reference value :  4.57323e-08
 Reference value :  4.58123e-08
 Reference value :  4.58723e-08
 Reference value :  4.59323e-08
 Reference value :  4.59923e-08
 Reference value :  4.60523e-08
 Reference value :  4.61123e-08
 Reference value :  4.61723e-08
 Reference value :  4.62323e-08
 Reference value :  4.62923e-08
 Reference value :  4.63523e-08
 Reference value :  4.64123e-08
 Reference value :  4.64723e-08
 Reference value :  4.65323e-08
 Reference value :  4.65923e-08
 Reference value :  4.66523e-08
 Reference value :  4.67123e-08
 Reference value :  4.67723e-08
 Reference value :  4.68323e-08
 Reference value :  4.69123e-08
 Reference value :  4.69923e-08
 Reference value :  4.70370e-08
 Reference value :  4.70377e-08
 Reference value :  4.70382e-08
 Reference value :  4.70402e-08
 Reference value :  4.70738e-08
 Reference value :  4.71338e-08
 Reference value :  4.71938e-08
 Reference value :  4.72538e-08
 Reference value :  4.73138e-08
 Reference value :  4.73738e-08
 Reference value :  4.74338e-08
 Reference value :  4.74938e-08
 Reference value :  4.75538e-08
 Reference value :  4.76138e-08
 Reference value :  4.76738e-08
 Reference value :  4.77338e-08
 Reference value :  4.77938e-08
 Reference value :  4.78738e-08
 Reference value :  4.79538e-08
 Reference value :  4.80138e-08
 Reference value :  4.80938e-08
 Reference value :  4.81481e-08
 Reference value :  4.81482e-08
 Reference value :  4.81488e-08
 Reference value :  4.81524e-08
 Reference value :  4.81560e-08
 Reference value :  4.81607e-08
 Reference value :  4.81668e-08
 Reference value :  4.81695e-08
 Reference value :  4.81756e-08
 Reference value :  4.81783e-08
 Reference value :  4.81840e-08
 Reference value :  4.81905e-08
 Reference value :  4.81977e-08
 Reference value :  4.82062e-08
 Reference value :  4.82099e-08
 Reference value :  4.82130e-08
 Reference value :  4.82201e-08
 Reference value :  4.82236e-08
 Reference value :  4.82281e-08
 Reference value :  4.82282e-08
 Reference value :  4.82286e-08
 Reference value :  4.82312e-08
 Reference value :  4.82345e-08
 Reference value :  4.82386e-08
 Reference value :  4.82443e-08
 Reference value :  4.82539e-08
 Reference value :  4.82737e-08
 Reference value :  4.82911e-08
 Reference value :  4.83134e-08
 Reference value :  4.83421e-08
 Reference value :  4.83788e-08
 Reference value :  4.84188e-08
 Reference value :  4.84788e-08
 Reference value :  4.85388e-08
 Reference value :  4.85988e-08
 Reference value :  4.86588e-08
 Reference value :  4.87188e-08
 Reference value :  4.87788e-08
 Reference value :  4.88588e-08
 Reference value :  4.89188e-08
 Reference value :  4.89788e-08
 Reference value :  4.90588e-08
 Reference value :  4.91188e-08
 Reference value :  4.91788e-08
 Reference value :  4.92388e-08
 Reference value :  4.92594e-08
 Reference value :  4.92603e-08
 Reference value :  4.92607e-08
 Reference value :  4.92647e-08
 Reference value :  4.92960e-08
 Reference value :  4.93560e-08
 Reference value :  4.94160e-08
 Reference value :  4.94760e-08
 Reference value :  4.95360e-08
 Reference value :  4.95960e-08
 Reference value :  4.96560e-08
 Reference value :  4.97160e-08
 Reference value :  4.97760e-08
 Reference value :  4.98360e-08
 Reference value :  4.98960e-08
 Reference value :  4.99560e-08
 Reference value :  5.00160e-08
 Reference value :  5.00760e-08
 Reference value :  5.01360e-08
 Reference value :  5.01960e-08
 Reference value :  5.02560e-08
 Reference value :  5.03160e-08
 Reference value :  5.03960e-08
 Reference value :  5.04560e-08
 Reference value :  5.05160e-08
 Reference value :  5.05760e-08
 Reference value :  5.06360e-08
 Reference value :  5.07160e-08
 Reference value :  5.07408e-08
 Reference value :  5.07417e-08
 Reference value :  5.07422e-08
 Reference value :  5.07462e-08
 Reference value :  5.07775e-08
 Reference value :  5.08375e-08
 Reference value :  5.08975e-08
 Reference value :  5.09575e-08
 Reference value :  5.10175e-08
 Reference value :  5.10775e-08
 Reference value :  5.11375e-08
 Reference value :  5.11975e-08
 Reference value :  5.12575e-08
 Reference value :  5.13175e-08
 Reference value :  5.13775e-08
 Reference value :  5.14375e-08
 Reference value :  5.14975e-08
 Reference value :  5.15575e-08
 Reference value :  5.16175e-08
 Reference value :  5.16775e-08
 Reference value :  5.17375e-08
 Reference value :  5.17975e-08
 Reference value :  5.18519e-08
 Reference value :  5.18519e-08
 Reference value :  5.18525e-08
 Reference value :  5.18561e-08
 Reference value :  5.18597e-08
 Reference value :  5.18644e-08
 Reference value :  5.18705e-08
 Reference value :  5.18732e-08
 Reference value :  5.18793e-08
 Reference value :  5.18820e-08
 Reference value :  5.18877e-08
 Reference value :  5.18909e-08
 Reference value :  5.18976e-08
 Reference value :  5.19058e-08
 Reference value :  5.19099e-08
 Reference value :  5.19136e-08
 Reference value :  5.19167e-08
 Reference value :  5.19273e-08
 Reference value :  5.19319e-08
 Reference value :  5.19319e-08
 Reference value :  5.19323e-08
 Reference value :  5.19349e-08
 Reference value :  5.19382e-08
 Reference value :  5.19423e-08
 Reference value :  5.19480e-08
 Reference value :  5.19576e-08
 Reference value :  5.19703e-08
 Reference value :  5.19858e-08
 Reference value :  5.20055e-08
 Reference value :  5.20308e-08
 Reference value :  5.20633e-08
 Reference value :  5.21025e-08
 Reference value :  5.21425e-08
 Reference value :  5.22225e-08
 Reference value :  5.22825e-08
 Reference value :  5.23425e-08
 Reference value :  5.24025e-08
 Reference value :  5.24625e-08
 Reference value :  5.25225e-08
 Reference value :  5.25825e-08
 Reference value :  5.26625e-08
 Reference value :  5.27225e-08
 Reference value :  5.27825e-08
 Reference value :  5.28625e-08
 Reference value :  5.29225e-08
 Reference value :  5.29631e-08
 Reference value :  5.29640e-08
 Reference value :  5.29661e-08
 Reference value :  5.29818e-08
 Reference value :  5.30597e-08
 Reference value :  5.31197e-08
 Reference value :  5.31797e-08
 Reference value :  5.32397e-08
 Reference value :  5.32997e-08
 Reference value :  5.33797e-08
 Reference value :  5.34397e-08
 Reference value :  5.34997e-08
 Reference value :  5.35597e-08
 Reference value :  5.36397e-08
 Reference value :  5.37197e-08
 Reference value :  5.37997e-08
 Reference value :  5.38797e-08
 Reference value :  5.39597e-08
 Reference value :  5.40197e-08
 Reference value :  5.40797e-08
 Reference value :  5.41597e-08
 Reference value :  5.42197e-08
 Reference value :  5.42797e-08
 Reference value :  5.43397e-08
 Reference value :  5.43997e-08
 Reference value :  5.44444e-08
 Reference value :  5.44451e-08
 Reference value :  5.44457e-08
 Reference value :  5.44476e-08
 Reference value :  5.44633e-08
 Reference value :  5.45212e-08
 Reference value :  5.45812e-08
 Reference value :  5.46412e-08
 Reference value :  5.47012e-08
 Reference value :  5.47612e-08
 Reference value :  5.48212e-08
 Reference value :  5.48612e-08
 Reference value :  5.49212e-08
 Reference value :  5.49812e-08
 Reference value :  5.50412e-08
 Reference value :  5.51012e-08
 Reference value :  5.51612e-08
 Reference value :  5.52212e-08
 Reference value :  5.52812e-08
 Reference value :  5.53412e-08
 Reference value :  5.54012e-08
 Reference value :  5.54812e-08
 Reference value :  5.55384e-08
 Reference value :  5.55556e-08
 Reference value :  5.55562e-08
 Reference value :  5.55598e-08
 Reference value :  5.55634e-08
 Reference value :  5.55681e-08
 Reference value :  5.55742e-08
 Reference value :  5.55769e-08
 Reference value :  5.55830e-08
 Reference value :  5.55857e-08
 Reference value :  5.55915e-08
 Reference value :  5.55946e-08
 Reference value :  5.56013e-08
 Reference value :  5.56095e-08
 Reference value :  5.56136e-08
 Reference value :  5.56173e-08
 Reference value :  5.56204e-08
 Reference value :  5.56275e-08
 Reference value :  5.56310e-08
 Reference value :  5.56356e-08
 Reference value :  5.56356e-08
 Reference value :  5.56360e-08
 Reference value :  5.56386e-08
 Reference value :  5.56419e-08
 Reference value :  5.56460e-08
 Reference value :  5.56517e-08
 Reference value :  5.56613e-08
 Reference value :  5.56740e-08
 Reference value :  5.56896e-08
 Reference value :  5.57092e-08
 Reference value :  5.57345e-08
 Reference value :  5.57670e-08
 Reference value :  5.58062e-08
 Reference value :  5.58462e-08
 Reference value :  5.59062e-08
 Reference value :  5.59662e-08
 Reference value :  5.60262e-08
 Reference value :  5.60862e-08
 Reference value :  5.61462e-08
 Reference value :  5.62062e-08
 Reference value :  5.62662e-08
 Reference value :  5.63262e-08
 Reference value :  5.63862e-08
 Reference value :  5.64462e-08
 Reference value :  5.65062e-08
 Reference value :  5.65662e-08
 Reference value :  5.66262e-08
 Reference value :  5.66667e-08
 Reference value :  5.66673e-08
 Reference value :  5.66679e-08
 Reference value :  5.66698e-08
 Reference value :  5.66855e-08
 Reference value :  5.67434e-08
 Reference value :  5.68034e-08
 Reference value :  5.68634e-08
 Reference value :  5.69234e-08
 Reference value :  5.70034e-08
 Reference value :  5.70634e-08
 Reference value :  5.71234e-08
 Reference value :  5.71834e-08
 Reference value :  5.72434e-08
 Reference value :  5.73034e-08
 Reference value :  5.73634e-08
 Reference value :  5.74234e-08
 Reference value :  5.74834e-08
 Reference value :  5.75434e-08
 Reference value :  5.76034e-08
 Reference value :  5.76634e-08
 Reference value :  5.77234e-08
 Reference value :  5.77834e-08
 Reference value :  5.78434e-08
 Reference value :  5.79234e-08
 Reference value :  5.80034e-08
 Reference value :  5.80634e-08
 Reference value :  5.81358e-08
 Reference value :  5.81484e-08
 Reference value :  5.81494e-08
 Reference value :  5.81513e-08
 Reference value :  5.81670e-08
 Reference value :  5.82249e-08
 Reference value :  5.83049e-08
 Reference value :  5.83649e-08
 Reference value :  5.84249e-08
 Reference value :  5.84849e-08
 Reference value :  5.85186e-08
 Reference value :  5.85195e-08
 Reference value :  5.85206e-08
 Reference value :  5.85284e-08
 Reference value :  5.85953e-08
 Reference value :  5.86553e-08
 Reference value :  5.87153e-08
 Reference value :  5.87753e-08
 Reference value :  5.88353e-08
 Reference value :  5.88953e-08
 Reference value :  5.89553e-08
 Reference value :  5.90153e-08
 Reference value :  5.90753e-08
 Reference value :  5.91353e-08
 Reference value :  5.91793e-08
 Reference value :  5.91793e-08
 Reference value :  5.91802e-08
 Reference value :  5.91828e-08
 Reference value :  5.91862e-08
 Reference value :  5.91905e-08
 Reference value :  5.91969e-08
 Reference value :  5.91998e-08
 Reference value :  5.92060e-08
 Reference value :  5.92087e-08
 Reference value :  5.92143e-08
 Reference value :  5.92242e-08
 Reference value :  5.92322e-08
 Reference value :  5.92403e-08
 Reference value :  5.92435e-08
 Reference value :  5.92503e-08
 Reference value :  5.92539e-08
 Reference value :  5.92593e-08
 Reference value :  5.92593e-08
 Reference value :  5.92598e-08
 Reference value :  5.92613e-08
 Reference value :  5.92645e-08
 Reference value :  5.92707e-08
 Reference value :  5.92812e-08
 Reference value :  5.92932e-08
 Reference value :  5.93078e-08
 Reference value :  5.93261e-08
 Reference value :  5.93495e-08
 Reference value :  5.93796e-08
 Reference value :  5.94181e-08
 Reference value :  5.94781e-08
 Reference value :  5.95381e-08
 Reference value :  5.95981e-08
 Reference value :  5.96581e-08
 Reference value :  5.97181e-08
 Reference value :  5.97781e-08
 Reference value :  5.98381e-08
 Reference value :  5.98981e-08
 Reference value :  5.99581e-08
 Reference value :  6.00181e-08
 Reference value :  6.00981e-08
 Reference value :  6.01781e-08
 Reference value :  6.02381e-08
 Reference value :  6.02981e-08
 Reference value :  6.03581e-08
 Reference value :  6.04181e-08
 Reference value :  6.04781e-08
 Reference value :  6.05381e-08
 Reference value :  6.05981e-08
 Reference value :  6.06581e-08
 Reference value :  6.07181e-08
 Reference value :  6.07781e-08
 Reference value :  6.08381e-08
 Reference value :  6.08981e-08
 Reference value :  6.09581e-08
 Reference value :  6.10000e-08
No. of Data Rows : 3601
m_ui_ref            =  3.70370e-09 targ=  3.70770e-08 trig=  3.33733e-08
m_spa_in            =  1.48148e-08 targ=  4.81881e-08 trig=  3.33733e-08
m_spb_in            =  1.11111e-08 targ=  4.44844e-08 trig=  3.33733e-08
m_spa_c0            =  1.48148e-08 targ=  4.81950e-08 trig=  3.33802e-08
m_spb_c0            =  1.11111e-08 targ=  4.44913e-08 trig=  3.33802e-08
m_trise_c0          =  4.40448e-11 targ=  3.71020e-08 trig=  3.70579e-08
m_tfall_c0          =  4.40349e-11 targ=  4.08057e-08 trig=  4.07616e-08
m_spa_c1            =  1.48148e-08 targ=  4.82269e-08 trig=  3.34120e-08
m_spb_c1            =  1.11111e-08 targ=  4.45231e-08 trig=  3.34120e-08
m_trise_c1          =  1.11027e-10 targ=  3.71901e-08 trig=  3.70790e-08
m_tfall_c1          =  1.11049e-10 targ=  4.08938e-08 trig=  4.07828e-08
m_spa_c2            =  1.48148e-08 targ=  4.82564e-08 trig=  3.34416e-08
m_spb_c2            =  1.11111e-08 targ=  4.45527e-08 trig=  3.34416e-08
m_trise_c2          =  2.15991e-10 targ=  3.73039e-08 trig=  3.70879e-08
m_tfall_c2          =  2.16043e-10 targ=  4.10077e-08 trig=  4.07916e-08
m_spa_cmis          =  1.48148e-08 targ=  4.82367e-08 trig=  3.34219e-08
m_spb_cmis          =  1.11127e-08 targ=  4.45346e-08 trig=  3.34219e-08
m_dj_ui_c0 = 2.6999997835e-06
m_swing_c0 = 5.0619032596e-01
m_vpp_c0 = 6.5675011987e-01
m_vcm_c0 = 3.0469048257e+00
m_dj_ui_c1 = 0.0000000000e+00
m_swing_c1 = 5.0622332068e-01
m_vpp_c1 = 5.1621326922e-01
m_vcm_c1 = 3.0468883283e+00
m_dj_ui_c2 = 0.0000000000e+00
m_swing_c2 = 5.0622231168e-01
m_vpp_c2 = 5.1112511736e-01
m_vcm_c2 = 3.0468888328e+00
m_dj_ui_cmis = 4.1849996652e-04
m_swing_cmis = 5.0622076753e-01
m_swing_avcclo = 5.0590133386e-01
m_vcm_avcclo = 2.7170493226e+00
m_swing_avcchi = 5.0651154325e-01
m_vcm_avcchi = 3.3767442161e+00
m_vgs_sw_max = 1.6741138402e+00
m_vgd_sw_max = 1.6334999879e+00
m_vds_sw_max = 2.3126188234e+00
m_vgs_tail_max = 1.2273111258e+00
m_vds_tail_max = 1.5175087263e+00
m_swing_dc = 5.0563473476e-01
m_vcm_dc = 3.0471826215e+00
m_ioff_dc = 2.2306064551e-10
m_itail_dc = 1.0112695141e-02
m_icell_dc = 1.0612695143e-02
m_ro_leg = 5.5381720402e+04
Note: Simulation executed from .control section 

