
Note: No compatibility mode selected!


Circuit: * cml-driver-eye @ sf_-40c_2.97v_742p5mbps -- generated by sim/harness, do not edit

Doing analysis at TEMP = -40.000000 and TNOM = 27.000000

Using SPARSE 1.3 as Direct Linear Solver

Initial Transient Solution
--------------------------

Node                                   Voltage
----                                   -------
avcc                                       3.3
avcclo                                    2.97
avcchi                                    3.63
inp                                     2.5245
inn                                     1.6335
inpz                                    2.5245
innz                                    1.6335
inref                                    0.891
win                                          0
winc                                         0
xc0.tail                               1.02339
ib_c0                                  1.22488
outp_c0                                2.80469
outn_c0                                    3.3
vd_c0                                 0.495314
xc1.tail                               1.02339
ib_c1                                  1.22488
outp_c1                                2.80469
outn_c1                                    3.3
vd_c1                                 0.495314
xc2.tail                               1.02339
ib_c2                                  1.22488
outp_c2                                2.80469
outn_c2                                    3.3
vd_c2                                 0.495314
xcmis.tail                             1.02339
ib_cmis                                1.22488
outp_cmis                              2.80469
outn_cmis                                  3.3
vd_cmis                               0.495314
xvlo.tail                              1.01023
ib_vlo                                 1.22488
outp_vlo                               2.47502
outn_vlo                                  2.97
xvhi.tail                              1.03608
ib_vhi                                 1.22488
outp_vhi                               3.13435
outn_vhi                                  3.63
xz.tail                                1.02339
ib_z                                   1.22488
vss_z                                        0
outp_z                                 2.80469
outn_z                                     3.3
xza.tail                               1.01529
ib_za                                  1.22488
outp_za                                    2.6
outn_za                                    3.3
xzb.tail                               1.03095
ib_zb                                  1.22488
outp_zb                                      3
outn_zb                                    3.3
ediff_cmis#branch                            0
ediff_c2#branch                              0
ediff_c1#branch                              0
ediff_c0#branch                              0
einref#branch                                0
vforce_zb#branch                   -0.00991022
vforce_za#branch                   -0.00990219
vsens_z#branch                       0.0104063
vwinc#branch                                 0
vwin#branch                                  0
vinnz#branch                                 0
vinpz#branch                                 0
vinn#branch                                  0
vinp#branch                                  0
vavcchi#branch                     -0.00991311
vavcclo#branch                     -0.00989966
vavcc#branch                        -0.0495316

 Reference value :  0.00000e+00
 Reference value :  4.00000e-13
 Reference value :  3.20000e-12
 Reference value :  2.56000e-11
 Reference value :  8.56000e-11
 Reference value :  1.45600e-10
 Reference value :  2.05600e-10
 Reference value :  2.65600e-10
 Reference value :  3.25600e-10
 Reference value :  3.85600e-10
 Reference value :  4.45600e-10
 Reference value :  5.05600e-10
 Reference value :  5.65600e-10
 Reference value :  6.25600e-10
 Reference value :  6.85600e-10
 Reference value :  7.45600e-10
 Reference value :  8.05600e-10
 Reference value :  8.65600e-10
 Reference value :  9.25600e-10
 Reference value :  9.85600e-10
 Reference value :  1.06560e-09
 Reference value :  1.12560e-09
 Reference value :  1.18560e-09
 Reference value :  1.24560e-09
 Reference value :  1.32560e-09
 Reference value :  1.38560e-09
 Reference value :  1.44560e-09
 Reference value :  1.50560e-09
 Reference value :  1.56560e-09
 Reference value :  1.62560e-09
 Reference value :  1.68560e-09
 Reference value :  1.74560e-09
 Reference value :  1.80560e-09
 Reference value :  1.86560e-09
 Reference value :  1.92560e-09
 Reference value :  1.98560e-09
 Reference value :  2.04560e-09
 Reference value :  2.12560e-09
 Reference value :  2.18560e-09
 Reference value :  2.24560e-09
 Reference value :  2.30560e-09
 Reference value :  2.36560e-09
 Reference value :  2.42560e-09
 Reference value :  2.48560e-09
 Reference value :  2.58560e-09
 Reference value :  2.64560e-09
 Reference value :  2.70560e-09
 Reference value :  2.76560e-09
 Reference value :  2.82560e-09
 Reference value :  2.90560e-09
 Reference value :  2.96560e-09
 Reference value :  3.02560e-09
 Reference value :  3.08560e-09
 Reference value :  3.14560e-09
 Reference value :  3.20560e-09
 Reference value :  3.28560e-09
 Reference value :  3.34560e-09
 Reference value :  3.42560e-09
 Reference value :  3.48560e-09
 Reference value :  3.56560e-09
 Reference value :  3.64560e-09
 Reference value :  3.70560e-09
 Reference value :  3.76560e-09
 Reference value :  3.82560e-09
 Reference value :  3.88560e-09
 Reference value :  3.94560e-09
 Reference value :  4.00560e-09
 Reference value :  4.06560e-09
 Reference value :  4.12560e-09
 Reference value :  4.18560e-09
 Reference value :  4.24560e-09
 Reference value :  4.30560e-09
 Reference value :  4.36560e-09
 Reference value :  4.42560e-09
 Reference value :  4.48560e-09
 Reference value :  4.54560e-09
 Reference value :  4.60560e-09
 Reference value :  4.66560e-09
 Reference value :  4.72560e-09
 Reference value :  4.78560e-09
 Reference value :  4.86560e-09
 Reference value :  4.92560e-09
 Reference value :  5.00560e-09
 Reference value :  5.06560e-09
 Reference value :  5.14560e-09
 Reference value :  5.20560e-09
 Reference value :  5.26560e-09
 Reference value :  5.32560e-09
 Reference value :  5.38560e-09
 Reference value :  5.44560e-09
 Reference value :  5.50560e-09
 Reference value :  5.56560e-09
 Reference value :  5.64560e-09
 Reference value :  5.70560e-09
 Reference value :  5.76560e-09
 Reference value :  5.84560e-09
 Reference value :  5.90560e-09
 Reference value :  5.96560e-09
 Reference value :  6.04560e-09
 Reference value :  6.10560e-09
 Reference value :  6.18560e-09
 Reference value :  6.26560e-09
 Reference value :  6.32560e-09
 Reference value :  6.40560e-09
 Reference value :  6.48560e-09
 Reference value :  6.56560e-09
 Reference value :  6.64560e-09
 Reference value :  6.72560e-09
 Reference value :  6.78560e-09
 Reference value :  6.86560e-09
 Reference value :  6.94560e-09
 Reference value :  7.02560e-09
 Reference value :  7.10560e-09
 Reference value :  7.16560e-09
 Reference value :  7.22560e-09
 Reference value :  7.28560e-09
 Reference value :  7.34560e-09
 Reference value :  7.40560e-09
 Reference value :  7.46560e-09
 Reference value :  7.54560e-09
 Reference value :  7.60560e-09
 Reference value :  7.66560e-09
 Reference value :  7.72560e-09
 Reference value :  7.78560e-09
 Reference value :  7.84560e-09
 Reference value :  7.90560e-09
 Reference value :  7.96560e-09
 Reference value :  8.02560e-09
 Reference value :  8.08560e-09
 Reference value :  8.14560e-09
 Reference value :  8.22560e-09
 Reference value :  8.28560e-09
 Reference value :  8.34560e-09
 Reference value :  8.40560e-09
 Reference value :  8.46560e-09
 Reference value :  8.52560e-09
 Reference value :  8.58560e-09
 Reference value :  8.64560e-09
 Reference value :  8.70560e-09
 Reference value :  8.76560e-09
 Reference value :  8.82560e-09
 Reference value :  8.90560e-09
 Reference value :  8.96560e-09
 Reference value :  9.02560e-09
 Reference value :  9.08560e-09
 Reference value :  9.14560e-09
 Reference value :  9.20560e-09
 Reference value :  9.28560e-09
 Reference value :  9.34560e-09
 Reference value :  9.40560e-09
 Reference value :  9.46560e-09
 Reference value :  9.52560e-09
 Reference value :  9.58560e-09
 Reference value :  9.64560e-09
 Reference value :  9.70560e-09
 Reference value :  9.76560e-09
 Reference value :  9.82560e-09
 Reference value :  9.88560e-09
 Reference value :  9.94560e-09
 Reference value :  1.00056e-08
 Reference value :  1.00656e-08
 Reference value :  1.01256e-08
 Reference value :  1.01856e-08
 Reference value :  1.02656e-08
 Reference value :  1.03256e-08
 Reference value :  1.04056e-08
 Reference value :  1.04656e-08
 Reference value :  1.05256e-08
 Reference value :  1.05856e-08
 Reference value :  1.06456e-08
 Reference value :  1.07056e-08
 Reference value :  1.07656e-08
 Reference value :  1.08256e-08
 Reference value :  1.09056e-08
 Reference value :  1.09656e-08
 Reference value :  1.10256e-08
 Reference value :  1.10856e-08
 Reference value :  1.11456e-08
 Reference value :  1.12056e-08
 Reference value :  1.12656e-08
 Reference value :  1.13256e-08
 Reference value :  1.13856e-08
 Reference value :  1.14456e-08
 Reference value :  1.15056e-08
 Reference value :  1.15656e-08
 Reference value :  1.16256e-08
 Reference value :  1.16856e-08
 Reference value :  1.17456e-08
 Reference value :  1.18056e-08
 Reference value :  1.18856e-08
 Reference value :  1.19456e-08
 Reference value :  1.20256e-08
 Reference value :  1.20856e-08
 Reference value :  1.21213e-08
 Reference value :  1.21220e-08
 Reference value :  1.21245e-08
 Reference value :  1.21281e-08
 Reference value :  1.21357e-08
 Reference value :  1.21473e-08
 Reference value :  1.21507e-08
 Reference value :  1.21584e-08
 Reference value :  1.21665e-08
 Reference value :  1.21819e-08
 Reference value :  1.21904e-08
 Reference value :  1.21944e-08
 Reference value :  1.22012e-08
 Reference value :  1.22012e-08
 Reference value :  1.22023e-08
 Reference value :  1.22051e-08
 Reference value :  1.22087e-08
 Reference value :  1.22135e-08
 Reference value :  1.22206e-08
 Reference value :  1.22328e-08
 Reference value :  1.22477e-08
 Reference value :  1.22766e-08
 Reference value :  1.23027e-08
 Reference value :  1.23359e-08
 Reference value :  1.23759e-08
 Reference value :  1.24159e-08
 Reference value :  1.24559e-08
 Reference value :  1.25159e-08
 Reference value :  1.25759e-08
 Reference value :  1.26359e-08
 Reference value :  1.27159e-08
 Reference value :  1.27759e-08
 Reference value :  1.28559e-08
 Reference value :  1.29359e-08
 Reference value :  1.29959e-08
 Reference value :  1.30559e-08
 Reference value :  1.31159e-08
 Reference value :  1.31759e-08
 Reference value :  1.32559e-08
 Reference value :  1.33159e-08
 Reference value :  1.33959e-08
 Reference value :  1.34519e-08
 Reference value :  1.34681e-08
 Reference value :  1.34688e-08
 Reference value :  1.34712e-08
 Reference value :  1.34747e-08
 Reference value :  1.34793e-08
 Reference value :  1.34864e-08
 Reference value :  1.34938e-08
 Reference value :  1.35008e-08
 Reference value :  1.35087e-08
 Reference value :  1.35174e-08
 Reference value :  1.35280e-08
 Reference value :  1.35325e-08
 Reference value :  1.35366e-08
 Reference value :  1.35405e-08
 Reference value :  1.35480e-08
 Reference value :  1.35481e-08
 Reference value :  1.35486e-08
 Reference value :  1.35506e-08
 Reference value :  1.35540e-08
 Reference value :  1.35582e-08
 Reference value :  1.35642e-08
 Reference value :  1.35745e-08
 Reference value :  1.35884e-08
 Reference value :  1.36052e-08
 Reference value :  1.36264e-08
 Reference value :  1.36692e-08
 Reference value :  1.37073e-08
 Reference value :  1.37374e-08
 Reference value :  1.37380e-08
 Reference value :  1.37386e-08
 Reference value :  1.37405e-08
 Reference value :  1.37562e-08
 Reference value :  1.37941e-08
 Reference value :  1.38531e-08
 Reference value :  1.38724e-08
 Reference value :  1.38731e-08
 Reference value :  1.38741e-08
 Reference value :  1.38819e-08
 Reference value :  1.39288e-08
 Reference value :  1.39888e-08
 Reference value :  1.40488e-08
 Reference value :  1.41088e-08
 Reference value :  1.41688e-08
 Reference value :  1.42288e-08
 Reference value :  1.42888e-08
 Reference value :  1.43688e-08
 Reference value :  1.44108e-08
 Reference value :  1.44114e-08
 Reference value :  1.44120e-08
 Reference value :  1.44139e-08
 Reference value :  1.44296e-08
 Reference value :  1.44875e-08
 Reference value :  1.45475e-08
 Reference value :  1.46075e-08
 Reference value :  1.46675e-08
 Reference value :  1.47275e-08
 Reference value :  1.47875e-08
 Reference value :  1.48149e-08
 Reference value :  1.48155e-08
 Reference value :  1.48175e-08
 Reference value :  1.48210e-08
 Reference value :  1.48254e-08
 Reference value :  1.48321e-08
 Reference value :  1.48397e-08
 Reference value :  1.48430e-08
 Reference value :  1.48504e-08
 Reference value :  1.48584e-08
 Reference value :  1.48681e-08
 Reference value :  1.48733e-08
 Reference value :  1.48780e-08
 Reference value :  1.48824e-08
 Reference value :  1.48862e-08
 Reference value :  1.48948e-08
 Reference value :  1.48949e-08
 Reference value :  1.48956e-08
 Reference value :  1.48980e-08
 Reference value :  1.49015e-08
 Reference value :  1.49060e-08
 Reference value :  1.49124e-08
 Reference value :  1.49305e-08
 Reference value :  1.49463e-08
 Reference value :  1.49783e-08
 Reference value :  1.50228e-08
 Reference value :  1.50622e-08
 Reference value :  1.51022e-08
 Reference value :  1.51622e-08
 Reference value :  1.52190e-08
 Reference value :  1.52199e-08
 Reference value :  1.52203e-08
 Reference value :  1.52243e-08
 Reference value :  1.52556e-08
 Reference value :  1.53356e-08
 Reference value :  1.53956e-08
 Reference value :  1.54756e-08
 Reference value :  1.55356e-08
 Reference value :  1.55956e-08
 Reference value :  1.56556e-08
 Reference value :  1.57356e-08
 Reference value :  1.57577e-08
 Reference value :  1.57586e-08
 Reference value :  1.57596e-08
 Reference value :  1.57675e-08
 Reference value :  1.58143e-08
 Reference value :  1.58943e-08
 Reference value :  1.59543e-08
 Reference value :  1.60343e-08
 Reference value :  1.60943e-08
 Reference value :  1.61480e-08
 Reference value :  1.61617e-08
 Reference value :  1.61623e-08
 Reference value :  1.61643e-08
 Reference value :  1.61678e-08
 Reference value :  1.61722e-08
 Reference value :  1.61789e-08
 Reference value :  1.61865e-08
 Reference value :  1.61898e-08
 Reference value :  1.62014e-08
 Reference value :  1.62099e-08
 Reference value :  1.62201e-08
 Reference value :  1.62292e-08
 Reference value :  1.62330e-08
 Reference value :  1.62416e-08
 Reference value :  1.62417e-08
 Reference value :  1.62424e-08
 Reference value :  1.62448e-08
 Reference value :  1.62483e-08
 Reference value :  1.62528e-08
 Reference value :  1.62592e-08
 Reference value :  1.62709e-08
 Reference value :  1.62853e-08
 Reference value :  1.63029e-08
 Reference value :  1.63379e-08
 Reference value :  1.63696e-08
 Reference value :  1.64090e-08
 Reference value :  1.64490e-08
 Reference value :  1.64890e-08
 Reference value :  1.65473e-08
 Reference value :  1.65660e-08
 Reference value :  1.65667e-08
 Reference value :  1.65677e-08
 Reference value :  1.65755e-08
 Reference value :  1.66224e-08
 Reference value :  1.67024e-08
 Reference value :  1.67624e-08
 Reference value :  1.68424e-08
 Reference value :  1.69224e-08
 Reference value :  1.70024e-08
 Reference value :  1.70624e-08
 Reference value :  1.71045e-08
 Reference value :  1.71054e-08
 Reference value :  1.71059e-08
 Reference value :  1.71098e-08
 Reference value :  1.71411e-08
 Reference value :  1.72011e-08
 Reference value :  1.72611e-08
 Reference value :  1.73211e-08
 Reference value :  1.73811e-08
 Reference value :  1.74411e-08
 Reference value :  1.74948e-08
 Reference value :  1.75085e-08
 Reference value :  1.75091e-08
 Reference value :  1.75111e-08
 Reference value :  1.75146e-08
 Reference value :  1.75190e-08
 Reference value :  1.75257e-08
 Reference value :  1.75333e-08
 Reference value :  1.75366e-08
 Reference value :  1.75440e-08
 Reference value :  1.75520e-08
 Reference value :  1.75617e-08
 Reference value :  1.75669e-08
 Reference value :  1.75716e-08
 Reference value :  1.75760e-08
 Reference value :  1.75798e-08
 Reference value :  1.75884e-08
 Reference value :  1.75885e-08
 Reference value :  1.75892e-08
 Reference value :  1.75916e-08
 Reference value :  1.75951e-08
 Reference value :  1.75996e-08
 Reference value :  1.76060e-08
 Reference value :  1.76241e-08
 Reference value :  1.76399e-08
 Reference value :  1.76596e-08
 Reference value :  1.77001e-08
 Reference value :  1.77358e-08
 Reference value :  1.77758e-08
 Reference value :  1.78158e-08
 Reference value :  1.78758e-08
 Reference value :  1.79126e-08
 Reference value :  1.79135e-08
 Reference value :  1.79139e-08
 Reference value :  1.79179e-08
 Reference value :  1.79692e-08
 Reference value :  1.80492e-08
 Reference value :  1.81292e-08
 Reference value :  1.81892e-08
 Reference value :  1.82492e-08
 Reference value :  1.83092e-08
 Reference value :  1.83692e-08
 Reference value :  1.84402e-08
 Reference value :  1.84515e-08
 Reference value :  1.84522e-08
 Reference value :  1.84532e-08
 Reference value :  1.84611e-08
 Reference value :  1.85079e-08
 Reference value :  1.85679e-08
 Reference value :  1.86279e-08
 Reference value :  1.86879e-08
 Reference value :  1.87479e-08
 Reference value :  1.88079e-08
 Reference value :  1.88553e-08
 Reference value :  1.88559e-08
 Reference value :  1.88579e-08
 Reference value :  1.88614e-08
 Reference value :  1.88658e-08
 Reference value :  1.88725e-08
 Reference value :  1.88801e-08
 Reference value :  1.88834e-08
 Reference value :  1.88908e-08
 Reference value :  1.88988e-08
 Reference value :  1.89137e-08
 Reference value :  1.89184e-08
 Reference value :  1.89228e-08
 Reference value :  1.89309e-08
 Reference value :  1.89353e-08
 Reference value :  1.89360e-08
 Reference value :  1.89384e-08
 Reference value :  1.89419e-08
 Reference value :  1.89464e-08
 Reference value :  1.89575e-08
 Reference value :  1.89709e-08
 Reference value :  1.89965e-08
 Reference value :  1.90315e-08
 Reference value :  1.90632e-08
 Reference value :  1.91226e-08
 Reference value :  1.91826e-08
 Reference value :  1.92409e-08
 Reference value :  1.92596e-08
 Reference value :  1.92603e-08
 Reference value :  1.92624e-08
 Reference value :  1.92781e-08
 Reference value :  1.93360e-08
 Reference value :  1.93960e-08
 Reference value :  1.94560e-08
 Reference value :  1.95160e-08
 Reference value :  1.95760e-08
 Reference value :  1.96360e-08
 Reference value :  1.96960e-08
 Reference value :  1.97560e-08
 Reference value :  1.97980e-08
 Reference value :  1.97986e-08
 Reference value :  1.97992e-08
 Reference value :  1.98034e-08
 Reference value :  1.98347e-08
 Reference value :  1.98947e-08
 Reference value :  1.99547e-08
 Reference value :  2.00147e-08
 Reference value :  2.00747e-08
 Reference value :  2.01347e-08
 Reference value :  2.01884e-08
 Reference value :  2.02021e-08
 Reference value :  2.02034e-08
 Reference value :  2.02064e-08
 Reference value :  2.02126e-08
 Reference value :  2.02232e-08
 Reference value :  2.02269e-08
 Reference value :  2.02302e-08
 Reference value :  2.02376e-08
 Reference value :  2.02456e-08
 Reference value :  2.02553e-08
 Reference value :  2.02605e-08
 Reference value :  2.02653e-08
 Reference value :  2.02696e-08
 Reference value :  2.02734e-08
 Reference value :  2.02821e-08
 Reference value :  2.02828e-08
 Reference value :  2.02852e-08
 Reference value :  2.02887e-08
 Reference value :  2.02932e-08
 Reference value :  2.02996e-08
 Reference value :  2.03113e-08
 Reference value :  2.03257e-08
 Reference value :  2.03433e-08
 Reference value :  2.03655e-08
 Reference value :  2.03937e-08
 Reference value :  2.04294e-08
 Reference value :  2.04694e-08
 Reference value :  2.05094e-08
 Reference value :  2.05694e-08
 Reference value :  2.06062e-08
 Reference value :  2.06071e-08
 Reference value :  2.06092e-08
 Reference value :  2.06428e-08
 Reference value :  2.07228e-08
 Reference value :  2.07828e-08
 Reference value :  2.08628e-08
 Reference value :  2.09228e-08
 Reference value :  2.09828e-08
 Reference value :  2.10428e-08
 Reference value :  2.11028e-08
 Reference value :  2.11448e-08
 Reference value :  2.11454e-08
 Reference value :  2.11460e-08
 Reference value :  2.11480e-08
 Reference value :  2.11636e-08
 Reference value :  2.12216e-08
 Reference value :  2.12795e-08
 Reference value :  2.12801e-08
 Reference value :  2.12807e-08
 Reference value :  2.12849e-08
 Reference value :  2.13362e-08
 Reference value :  2.14162e-08
 Reference value :  2.14688e-08
 Reference value :  2.14689e-08
 Reference value :  2.14696e-08
 Reference value :  2.14720e-08
 Reference value :  2.14756e-08
 Reference value :  2.14802e-08
 Reference value :  2.14913e-08
 Reference value :  2.14947e-08
 Reference value :  2.14981e-08
 Reference value :  2.15057e-08
 Reference value :  2.15183e-08
 Reference value :  2.15290e-08
 Reference value :  2.15335e-08
 Reference value :  2.15376e-08
 Reference value :  2.15415e-08
 Reference value :  2.15488e-08
 Reference value :  2.15489e-08
 Reference value :  2.15494e-08
 Reference value :  2.15513e-08
 Reference value :  2.15547e-08
 Reference value :  2.15615e-08
 Reference value :  2.15747e-08
 Reference value :  2.15965e-08
 Reference value :  2.16263e-08
 Reference value :  2.16688e-08
 Reference value :  2.17266e-08
 Reference value :  2.17666e-08
 Reference value :  2.18066e-08
 Reference value :  2.18666e-08
 Reference value :  2.19466e-08
 Reference value :  2.20066e-08
 Reference value :  2.20666e-08
 Reference value :  2.21466e-08
 Reference value :  2.22066e-08
 Reference value :  2.22866e-08
 Reference value :  2.23466e-08
 Reference value :  2.24066e-08
 Reference value :  2.24866e-08
 Reference value :  2.25466e-08
 Reference value :  2.26266e-08
 Reference value :  2.26866e-08
 Reference value :  2.27466e-08
 Reference value :  2.28066e-08
 Reference value :  2.28666e-08
 Reference value :  2.29466e-08
 Reference value :  2.30266e-08
 Reference value :  2.31066e-08
 Reference value :  2.31866e-08
 Reference value :  2.32466e-08
 Reference value :  2.33266e-08
 Reference value :  2.34066e-08
 Reference value :  2.34866e-08
 Reference value :  2.35666e-08
 Reference value :  2.36266e-08
 Reference value :  2.36866e-08
 Reference value :  2.37466e-08
 Reference value :  2.38266e-08
 Reference value :  2.39066e-08
 Reference value :  2.39866e-08
 Reference value :  2.40666e-08
 Reference value :  2.41466e-08
 Reference value :  2.42266e-08
 Reference value :  2.43066e-08
 Reference value :  2.43866e-08
 Reference value :  2.44666e-08
 Reference value :  2.45466e-08
 Reference value :  2.46266e-08
 Reference value :  2.47066e-08
 Reference value :  2.47666e-08
 Reference value :  2.48266e-08
 Reference value :  2.48866e-08
 Reference value :  2.49466e-08
 Reference value :  2.50266e-08
 Reference value :  2.51066e-08
 Reference value :  2.51866e-08
 Reference value :  2.52666e-08
 Reference value :  2.53266e-08
 Reference value :  2.53866e-08
 Reference value :  2.54666e-08
 Reference value :  2.55266e-08
 Reference value :  2.55866e-08
 Reference value :  2.56666e-08
 Reference value :  2.57466e-08
 Reference value :  2.58066e-08
 Reference value :  2.58866e-08
 Reference value :  2.59666e-08
 Reference value :  2.60466e-08
 Reference value :  2.61066e-08
 Reference value :  2.61666e-08
 Reference value :  2.62266e-08
 Reference value :  2.62866e-08
 Reference value :  2.63666e-08
 Reference value :  2.64266e-08
 Reference value :  2.64866e-08
 Reference value :  2.65466e-08
 Reference value :  2.66066e-08
 Reference value :  2.66666e-08
 Reference value :  2.67266e-08
 Reference value :  2.67866e-08
 Reference value :  2.68666e-08
 Reference value :  2.69266e-08
 Reference value :  2.69866e-08
 Reference value :  2.70466e-08
 Reference value :  2.71066e-08
 Reference value :  2.71666e-08
 Reference value :  2.72266e-08
 Reference value :  2.72866e-08
 Reference value :  2.73466e-08
 Reference value :  2.74066e-08
 Reference value :  2.74866e-08
 Reference value :  2.75666e-08
 Reference value :  2.76266e-08
 Reference value :  2.77066e-08
 Reference value :  2.77666e-08
 Reference value :  2.78266e-08
 Reference value :  2.78866e-08
 Reference value :  2.79666e-08
 Reference value :  2.80266e-08
 Reference value :  2.80866e-08
 Reference value :  2.81466e-08
 Reference value :  2.82066e-08
 Reference value :  2.82866e-08
 Reference value :  2.83666e-08
 Reference value :  2.84266e-08
 Reference value :  2.85066e-08
 Reference value :  2.85666e-08
 Reference value :  2.86266e-08
 Reference value :  2.86866e-08
 Reference value :  2.87666e-08
 Reference value :  2.88466e-08
 Reference value :  2.89066e-08
 Reference value :  2.89666e-08
 Reference value :  2.90266e-08
 Reference value :  2.91066e-08
 Reference value :  2.91866e-08
 Reference value :  2.92466e-08
 Reference value :  2.93266e-08
 Reference value :  2.93866e-08
 Reference value :  2.94666e-08
 Reference value :  2.95466e-08
 Reference value :  2.96266e-08
 Reference value :  2.97066e-08
 Reference value :  2.97866e-08
 Reference value :  2.98666e-08
 Reference value :  2.99266e-08
 Reference value :  3.00066e-08
 Reference value :  3.00866e-08
 Reference value :  3.01466e-08
 Reference value :  3.02066e-08
 Reference value :  3.02666e-08
 Reference value :  3.03266e-08
 Reference value :  3.04066e-08
 Reference value :  3.04866e-08
 Reference value :  3.05466e-08
 Reference value :  3.06066e-08
 Reference value :  3.06666e-08
 Reference value :  3.07466e-08
 Reference value :  3.08266e-08
 Reference value :  3.09066e-08
 Reference value :  3.09866e-08
 Reference value :  3.10666e-08
 Reference value :  3.11466e-08
 Reference value :  3.12066e-08
 Reference value :  3.12666e-08
 Reference value :  3.13466e-08
 Reference value :  3.14266e-08
 Reference value :  3.15066e-08
 Reference value :  3.15866e-08
 Reference value :  3.16666e-08
 Reference value :  3.17466e-08
 Reference value :  3.18266e-08
 Reference value :  3.19066e-08
 Reference value :  3.19866e-08
 Reference value :  3.20666e-08
 Reference value :  3.21266e-08
 Reference value :  3.21866e-08
 Reference value :  3.22666e-08
 Reference value :  3.23266e-08
 Reference value :  3.23866e-08
 Reference value :  3.24466e-08
 Reference value :  3.25066e-08
 Reference value :  3.25666e-08
 Reference value :  3.26266e-08
 Reference value :  3.26866e-08
 Reference value :  3.27666e-08
 Reference value :  3.28266e-08
 Reference value :  3.29066e-08
 Reference value :  3.29666e-08
 Reference value :  3.30266e-08
 Reference value :  3.30866e-08
 Reference value :  3.31466e-08
 Reference value :  3.32066e-08
 Reference value :  3.32666e-08
 Reference value :  3.33466e-08
 Reference value :  3.34266e-08
 Reference value :  3.34866e-08
 Reference value :  3.35466e-08
 Reference value :  3.36066e-08
 Reference value :  3.36700e-08
 Reference value :  3.36701e-08
 Reference value :  3.36712e-08
 Reference value :  3.36742e-08
 Reference value :  3.36801e-08
 Reference value :  3.36865e-08
 Reference value :  3.36980e-08
 Reference value :  3.37091e-08
 Reference value :  3.37175e-08
 Reference value :  3.37287e-08
 Reference value :  3.37337e-08
 Reference value :  3.37381e-08
 Reference value :  3.37419e-08
 Reference value :  3.37500e-08
 Reference value :  3.37501e-08
 Reference value :  3.37508e-08
 Reference value :  3.37531e-08
 Reference value :  3.37585e-08
 Reference value :  3.37636e-08
 Reference value :  3.37717e-08
 Reference value :  3.37846e-08
 Reference value :  3.38094e-08
 Reference value :  3.38311e-08
 Reference value :  3.38750e-08
 Reference value :  3.39336e-08
 Reference value :  3.39936e-08
 Reference value :  3.40536e-08
 Reference value :  3.41136e-08
 Reference value :  3.41736e-08
 Reference value :  3.42336e-08
 Reference value :  3.42936e-08
 Reference value :  3.43536e-08
 Reference value :  3.44136e-08
 Reference value :  3.44736e-08
 Reference value :  3.45536e-08
 Reference value :  3.46136e-08
 Reference value :  3.46736e-08
 Reference value :  3.47336e-08
 Reference value :  3.47936e-08
 Reference value :  3.48536e-08
 Reference value :  3.49136e-08
 Reference value :  3.49736e-08
 Reference value :  3.50168e-08
 Reference value :  3.50169e-08
 Reference value :  3.50174e-08
 Reference value :  3.50210e-08
 Reference value :  3.50247e-08
 Reference value :  3.50298e-08
 Reference value :  3.50373e-08
 Reference value :  3.50448e-08
 Reference value :  3.50521e-08
 Reference value :  3.50559e-08
 Reference value :  3.50642e-08
 Reference value :  3.50755e-08
 Reference value :  3.50805e-08
 Reference value :  3.50848e-08
 Reference value :  3.50887e-08
 Reference value :  3.50968e-08
 Reference value :  3.50969e-08
 Reference value :  3.50976e-08
 Reference value :  3.50999e-08
 Reference value :  3.51034e-08
 Reference value :  3.51078e-08
 Reference value :  3.51142e-08
 Reference value :  3.51248e-08
 Reference value :  3.51391e-08
 Reference value :  3.51564e-08
 Reference value :  3.51781e-08
 Reference value :  3.52058e-08
 Reference value :  3.52408e-08
 Reference value :  3.52808e-08
 Reference value :  3.53208e-08
 Reference value :  3.53608e-08
 Reference value :  3.54208e-08
 Reference value :  3.54808e-08
 Reference value :  3.55408e-08
 Reference value :  3.56008e-08
 Reference value :  3.56608e-08
 Reference value :  3.57208e-08
 Reference value :  3.57808e-08
 Reference value :  3.58408e-08
 Reference value :  3.59008e-08
 Reference value :  3.59608e-08
 Reference value :  3.60208e-08
 Reference value :  3.60808e-08
 Reference value :  3.61408e-08
 Reference value :  3.62008e-08
 Reference value :  3.62608e-08
 Reference value :  3.63208e-08
 Reference value :  3.63636e-08
 Reference value :  3.63637e-08
 Reference value :  3.63642e-08
 Reference value :  3.63660e-08
 Reference value :  3.63694e-08
 Reference value :  3.63737e-08
 Reference value :  3.63800e-08
 Reference value :  3.63881e-08
 Reference value :  3.63915e-08
 Reference value :  3.63988e-08
 Reference value :  3.64026e-08
 Reference value :  3.64109e-08
 Reference value :  3.64221e-08
 Reference value :  3.64271e-08
 Reference value :  3.64315e-08
 Reference value :  3.64353e-08
 Reference value :  3.64436e-08
 Reference value :  3.64437e-08
 Reference value :  3.64444e-08
 Reference value :  3.64468e-08
 Reference value :  3.64503e-08
 Reference value :  3.64547e-08
 Reference value :  3.64610e-08
 Reference value :  3.64718e-08
 Reference value :  3.64860e-08
 Reference value :  3.65033e-08
 Reference value :  3.65252e-08
 Reference value :  3.65529e-08
 Reference value :  3.65879e-08
 Reference value :  3.66279e-08
 Reference value :  3.66879e-08
 Reference value :  3.67479e-08
 Reference value :  3.68079e-08
 Reference value :  3.68679e-08
 Reference value :  3.69479e-08
 Reference value :  3.70279e-08
 Reference value :  3.71079e-08
 Reference value :  3.71679e-08
 Reference value :  3.72279e-08
 Reference value :  3.72879e-08
 Reference value :  3.73679e-08
 Reference value :  3.74279e-08
 Reference value :  3.74879e-08
 Reference value :  3.75479e-08
 Reference value :  3.76079e-08
 Reference value :  3.76679e-08
 Reference value :  3.77104e-08
 Reference value :  3.77105e-08
 Reference value :  3.77110e-08
 Reference value :  3.77128e-08
 Reference value :  3.77162e-08
 Reference value :  3.77204e-08
 Reference value :  3.77267e-08
 Reference value :  3.77349e-08
 Reference value :  3.77383e-08
 Reference value :  3.77456e-08
 Reference value :  3.77493e-08
 Reference value :  3.77577e-08
 Reference value :  3.77688e-08
 Reference value :  3.77738e-08
 Reference value :  3.77782e-08
 Reference value :  3.77863e-08
 Reference value :  3.77905e-08
 Reference value :  3.77912e-08
 Reference value :  3.77937e-08
 Reference value :  3.77972e-08
 Reference value :  3.78016e-08
 Reference value :  3.78081e-08
 Reference value :  3.78189e-08
 Reference value :  3.78332e-08
 Reference value :  3.78507e-08
 Reference value :  3.78726e-08
 Reference value :  3.79005e-08
 Reference value :  3.79358e-08
 Reference value :  3.79958e-08
 Reference value :  3.80358e-08
 Reference value :  3.80958e-08
 Reference value :  3.81558e-08
 Reference value :  3.82158e-08
 Reference value :  3.82758e-08
 Reference value :  3.83358e-08
 Reference value :  3.83958e-08
 Reference value :  3.84558e-08
 Reference value :  3.85158e-08
 Reference value :  3.85758e-08
 Reference value :  3.86358e-08
 Reference value :  3.86958e-08
 Reference value :  3.87558e-08
 Reference value :  3.88158e-08
 Reference value :  3.88758e-08
 Reference value :  3.89358e-08
 Reference value :  3.89958e-08
 Reference value :  3.90465e-08
 Reference value :  3.90573e-08
 Reference value :  3.90578e-08
 Reference value :  3.90613e-08
 Reference value :  3.90650e-08
 Reference value :  3.90700e-08
 Reference value :  3.90774e-08
 Reference value :  3.90849e-08
 Reference value :  3.90922e-08
 Reference value :  3.90959e-08
 Reference value :  3.91042e-08
 Reference value :  3.91152e-08
 Reference value :  3.91202e-08
 Reference value :  3.91247e-08
 Reference value :  3.91285e-08
 Reference value :  3.91372e-08
 Reference value :  3.91373e-08
 Reference value :  3.91381e-08
 Reference value :  3.91405e-08
 Reference value :  3.91440e-08
 Reference value :  3.91485e-08
 Reference value :  3.91550e-08
 Reference value :  3.91666e-08
 Reference value :  3.91811e-08
 Reference value :  3.91987e-08
 Reference value :  3.92210e-08
 Reference value :  3.92657e-08
 Reference value :  3.93051e-08
 Reference value :  3.93451e-08
 Reference value :  3.93851e-08
 Reference value :  3.94451e-08
 Reference value :  3.95051e-08
 Reference value :  3.95651e-08
 Reference value :  3.96251e-08
 Reference value :  3.96851e-08
 Reference value :  3.97451e-08
 Reference value :  3.98051e-08
 Reference value :  3.98651e-08
 Reference value :  3.99251e-08
 Reference value :  3.99851e-08
 Reference value :  4.00651e-08
 Reference value :  4.01251e-08
 Reference value :  4.01851e-08
 Reference value :  4.02451e-08
 Reference value :  4.03051e-08
 Reference value :  4.03651e-08
 Reference value :  4.04041e-08
 Reference value :  4.04049e-08
 Reference value :  4.04074e-08
 Reference value :  4.04110e-08
 Reference value :  4.04156e-08
 Reference value :  4.04230e-08
 Reference value :  4.04304e-08
 Reference value :  4.04376e-08
 Reference value :  4.04413e-08
 Reference value :  4.04495e-08
 Reference value :  4.04649e-08
 Reference value :  4.04694e-08
 Reference value :  4.04734e-08
 Reference value :  4.04773e-08
 Reference value :  4.04840e-08
 Reference value :  4.04841e-08
 Reference value :  4.04845e-08
 Reference value :  4.04861e-08
 Reference value :  4.04876e-08
 Reference value :  4.04933e-08
 Reference value :  4.04989e-08
 Reference value :  4.05079e-08
 Reference value :  4.05214e-08
 Reference value :  4.05376e-08
 Reference value :  4.05578e-08
 Reference value :  4.05835e-08
 Reference value :  4.06161e-08
 Reference value :  4.06557e-08
 Reference value :  4.07157e-08
 Reference value :  4.07757e-08
 Reference value :  4.08557e-08
 Reference value :  4.09357e-08
 Reference value :  4.09957e-08
 Reference value :  4.10957e-08
 Reference value :  4.11957e-08
 Reference value :  4.12757e-08
 Reference value :  4.13357e-08
 Reference value :  4.14357e-08
 Reference value :  4.15357e-08
 Reference value :  4.16557e-08
 Reference value :  4.17509e-08
 Reference value :  4.17541e-08
 Reference value :  4.17597e-08
 Reference value :  4.17695e-08
 Reference value :  4.17769e-08
 Reference value :  4.17803e-08
 Reference value :  4.17880e-08
 Reference value :  4.17960e-08
 Reference value :  4.18063e-08
 Reference value :  4.18160e-08
 Reference value :  4.18200e-08
 Reference value :  4.18274e-08
 Reference value :  4.18309e-08
 Reference value :  4.18319e-08
 Reference value :  4.18364e-08
 Reference value :  4.18432e-08
 Reference value :  4.18504e-08
 Reference value :  4.18626e-08
 Reference value :  4.18775e-08
 Reference value :  4.18959e-08
 Reference value :  4.19192e-08
 Reference value :  4.19487e-08
 Reference value :  4.19859e-08
 Reference value :  4.20259e-08
 Reference value :  4.20659e-08
 Reference value :  4.21459e-08
 Reference value :  4.22259e-08
 Reference value :  4.22859e-08
 Reference value :  4.23659e-08
 Reference value :  4.24459e-08
 Reference value :  4.25259e-08
 Reference value :  4.26059e-08
 Reference value :  4.26859e-08
 Reference value :  4.27659e-08
 Reference value :  4.28459e-08
 Reference value :  4.29059e-08
 Reference value :  4.29659e-08
 Reference value :  4.30176e-08
 Reference value :  4.30177e-08
 Reference value :  4.30184e-08
 Reference value :  4.30208e-08
 Reference value :  4.30243e-08
 Reference value :  4.30318e-08
 Reference value :  4.30433e-08
 Reference value :  4.30467e-08
 Reference value :  4.30543e-08
 Reference value :  4.30623e-08
 Reference value :  4.30724e-08
 Reference value :  4.30774e-08
 Reference value :  4.30820e-08
 Reference value :  4.30861e-08
 Reference value :  4.30900e-08
 Reference value :  4.30977e-08
 Reference value :  4.30990e-08
 Reference value :  4.31020e-08
 Reference value :  4.31057e-08
 Reference value :  4.31107e-08
 Reference value :  4.31183e-08
 Reference value :  4.31311e-08
 Reference value :  4.31464e-08
 Reference value :  4.31769e-08
 Reference value :  4.32040e-08
 Reference value :  4.32383e-08
 Reference value :  4.32783e-08
 Reference value :  4.33183e-08
 Reference value :  4.33583e-08
 Reference value :  4.34183e-08
 Reference value :  4.34783e-08
 Reference value :  4.35383e-08
 Reference value :  4.35983e-08
 Reference value :  4.36583e-08
 Reference value :  4.37183e-08
 Reference value :  4.37783e-08
 Reference value :  4.38383e-08
 Reference value :  4.38983e-08
 Reference value :  4.39583e-08
 Reference value :  4.40183e-08
 Reference value :  4.40783e-08
 Reference value :  4.41383e-08
 Reference value :  4.41983e-08
 Reference value :  4.42783e-08
 Reference value :  4.43383e-08
 Reference value :  4.43983e-08
 Reference value :  4.44783e-08
 Reference value :  4.45383e-08
 Reference value :  4.45983e-08
 Reference value :  4.46583e-08
 Reference value :  4.47183e-08
 Reference value :  4.47783e-08
 Reference value :  4.48383e-08
 Reference value :  4.49183e-08
 Reference value :  4.49783e-08
 Reference value :  4.50383e-08
 Reference value :  4.51183e-08
 Reference value :  4.51983e-08
 Reference value :  4.52583e-08
 Reference value :  4.53183e-08
 Reference value :  4.53783e-08
 Reference value :  4.54383e-08
 Reference value :  4.54983e-08
 Reference value :  4.55583e-08
 Reference value :  4.56183e-08
 Reference value :  4.56783e-08
 Reference value :  4.57383e-08
 Reference value :  4.57983e-08
 Reference value :  4.58583e-08
 Reference value :  4.59183e-08
 Reference value :  4.59783e-08
 Reference value :  4.60383e-08
 Reference value :  4.61183e-08
 Reference value :  4.61983e-08
 Reference value :  4.62783e-08
 Reference value :  4.63383e-08
 Reference value :  4.63983e-08
 Reference value :  4.64583e-08
 Reference value :  4.65183e-08
 Reference value :  4.65783e-08
 Reference value :  4.66583e-08
 Reference value :  4.67183e-08
 Reference value :  4.67783e-08
 Reference value :  4.68383e-08
 Reference value :  4.68983e-08
 Reference value :  4.69783e-08
 Reference value :  4.70583e-08
 Reference value :  4.71183e-08
 Reference value :  4.71783e-08
 Reference value :  4.72383e-08
 Reference value :  4.73183e-08
 Reference value :  4.73783e-08
 Reference value :  4.74383e-08
 Reference value :  4.74983e-08
 Reference value :  4.75583e-08
 Reference value :  4.76383e-08
 Reference value :  4.76983e-08
 Reference value :  4.77783e-08
 Reference value :  4.78383e-08
 Reference value :  4.78983e-08
 Reference value :  4.79583e-08
 Reference value :  4.80183e-08
 Reference value :  4.80783e-08
 Reference value :  4.81383e-08
 Reference value :  4.81983e-08
 Reference value :  4.82583e-08
 Reference value :  4.83183e-08
 Reference value :  4.83783e-08
 Reference value :  4.84383e-08
 Reference value :  4.84983e-08
 Reference value :  4.85583e-08
 Reference value :  4.86183e-08
 Reference value :  4.86983e-08
 Reference value :  4.87583e-08
 Reference value :  4.88383e-08
 Reference value :  4.88983e-08
 Reference value :  4.89783e-08
 Reference value :  4.90583e-08
 Reference value :  4.91383e-08
 Reference value :  4.91983e-08
 Reference value :  4.92583e-08
 Reference value :  4.93183e-08
 Reference value :  4.93983e-08
 Reference value :  4.94583e-08
 Reference value :  4.95383e-08
 Reference value :  4.96183e-08
 Reference value :  4.96983e-08
 Reference value :  4.97783e-08
 Reference value :  4.98383e-08
 Reference value :  4.99183e-08
 Reference value :  4.99983e-08
 Reference value :  5.00783e-08
 Reference value :  5.01383e-08
 Reference value :  5.01983e-08
 Reference value :  5.02583e-08
 Reference value :  5.03183e-08
 Reference value :  5.03783e-08
 Reference value :  5.04383e-08
 Reference value :  5.04983e-08
 Reference value :  5.05583e-08
 Reference value :  5.06183e-08
 Reference value :  5.06783e-08
 Reference value :  5.07383e-08
 Reference value :  5.07983e-08
 Reference value :  5.08583e-08
 Reference value :  5.09183e-08
 Reference value :  5.09783e-08
 Reference value :  5.10383e-08
 Reference value :  5.10983e-08
 Reference value :  5.11583e-08
 Reference value :  5.12183e-08
 Reference value :  5.12783e-08
 Reference value :  5.13383e-08
 Reference value :  5.13983e-08
 Reference value :  5.14583e-08
 Reference value :  5.15183e-08
 Reference value :  5.15783e-08
 Reference value :  5.16383e-08
 Reference value :  5.16983e-08
 Reference value :  5.17583e-08
 Reference value :  5.18183e-08
 Reference value :  5.18783e-08
 Reference value :  5.19583e-08
 Reference value :  5.20183e-08
 Reference value :  5.20783e-08
 Reference value :  5.21383e-08
 Reference value :  5.22183e-08
 Reference value :  5.22983e-08
 Reference value :  5.23783e-08
 Reference value :  5.24383e-08
 Reference value :  5.24983e-08
 Reference value :  5.25783e-08
 Reference value :  5.26583e-08
 Reference value :  5.27183e-08
 Reference value :  5.27783e-08
 Reference value :  5.28383e-08
 Reference value :  5.28983e-08
 Reference value :  5.29783e-08
 Reference value :  5.30383e-08
 Reference value :  5.30983e-08
 Reference value :  5.31583e-08
 Reference value :  5.32383e-08
 Reference value :  5.32983e-08
 Reference value :  5.33783e-08
 Reference value :  5.34383e-08
 Reference value :  5.35183e-08
 Reference value :  5.35983e-08
 Reference value :  5.36583e-08
 Reference value :  5.37183e-08
 Reference value :  5.37783e-08
 Reference value :  5.38383e-08
 Reference value :  5.38983e-08
 Reference value :  5.39583e-08
 Reference value :  5.40183e-08
 Reference value :  5.40983e-08
 Reference value :  5.41783e-08
 Reference value :  5.42383e-08
 Reference value :  5.42983e-08
 Reference value :  5.43783e-08
 Reference value :  5.44583e-08
 Reference value :  5.45183e-08
 Reference value :  5.45783e-08
 Reference value :  5.46583e-08
 Reference value :  5.47183e-08
 Reference value :  5.47783e-08
 Reference value :  5.48383e-08
 Reference value :  5.48983e-08
 Reference value :  5.49583e-08
 Reference value :  5.50183e-08
 Reference value :  5.50783e-08
 Reference value :  5.51383e-08
 Reference value :  5.51983e-08
 Reference value :  5.52189e-08
 Reference value :  5.52194e-08
 Reference value :  5.52226e-08
 Reference value :  5.52263e-08
 Reference value :  5.52312e-08
 Reference value :  5.52386e-08
 Reference value :  5.52462e-08
 Reference value :  5.52535e-08
 Reference value :  5.52572e-08
 Reference value :  5.52655e-08
 Reference value :  5.52763e-08
 Reference value :  5.52813e-08
 Reference value :  5.52897e-08
 Reference value :  5.52965e-08
 Reference value :  5.52989e-08
 Reference value :  5.52993e-08
 Reference value :  5.53009e-08
 Reference value :  5.53041e-08
 Reference value :  5.53081e-08
 Reference value :  5.53136e-08
 Reference value :  5.53225e-08
 Reference value :  5.53440e-08
 Reference value :  5.53620e-08
 Reference value :  5.53847e-08
 Reference value :  5.54136e-08
 Reference value :  5.54501e-08
 Reference value :  5.55101e-08
 Reference value :  5.55701e-08
 Reference value :  5.56501e-08
 Reference value :  5.57101e-08
 Reference value :  5.57701e-08
 Reference value :  5.58501e-08
 Reference value :  5.59101e-08
 Reference value :  5.59901e-08
 Reference value :  5.60701e-08
 Reference value :  5.61501e-08
 Reference value :  5.62101e-08
 Reference value :  5.62901e-08
 Reference value :  5.63501e-08
 Reference value :  5.64301e-08
 Reference value :  5.64901e-08
 Reference value :  5.65479e-08
 Reference value :  5.65657e-08
 Reference value :  5.65674e-08
 Reference value :  5.65706e-08
 Reference value :  5.65771e-08
 Reference value :  5.65883e-08
 Reference value :  5.65918e-08
 Reference value :  5.65988e-08
 Reference value :  5.66109e-08
 Reference value :  5.66212e-08
 Reference value :  5.66263e-08
 Reference value :  5.66349e-08
 Reference value :  5.66388e-08
 Reference value :  5.66457e-08
 Reference value :  5.66467e-08
 Reference value :  5.66494e-08
 Reference value :  5.66551e-08
 Reference value :  5.66607e-08
 Reference value :  5.66766e-08
 Reference value :  5.66914e-08
 Reference value :  5.67095e-08
 Reference value :  5.67325e-08
 Reference value :  5.67616e-08
 Reference value :  5.67984e-08
 Reference value :  5.68384e-08
 Reference value :  5.68984e-08
 Reference value :  5.69584e-08
 Reference value :  5.70384e-08
 Reference value :  5.70984e-08
 Reference value :  5.71584e-08
 Reference value :  5.72184e-08
 Reference value :  5.72984e-08
 Reference value :  5.73784e-08
 Reference value :  5.74384e-08
 Reference value :  5.74984e-08
 Reference value :  5.75584e-08
 Reference value :  5.76184e-08
 Reference value :  5.76784e-08
 Reference value :  5.77384e-08
 Reference value :  5.77984e-08
 Reference value :  5.78784e-08
 Reference value :  5.79125e-08
 Reference value :  5.79132e-08
 Reference value :  5.79158e-08
 Reference value :  5.79194e-08
 Reference value :  5.79240e-08
 Reference value :  5.79313e-08
 Reference value :  5.79386e-08
 Reference value :  5.79420e-08
 Reference value :  5.79497e-08
 Reference value :  5.79578e-08
 Reference value :  5.79681e-08
 Reference value :  5.79732e-08
 Reference value :  5.79778e-08
 Reference value :  5.79818e-08
 Reference value :  5.79857e-08
 Reference value :  5.79925e-08
 Reference value :  5.79925e-08
 Reference value :  5.79935e-08
 Reference value :  5.79961e-08
 Reference value :  5.79997e-08
 Reference value :  5.80043e-08
 Reference value :  5.80163e-08
 Reference value :  5.80299e-08
 Reference value :  5.80460e-08
 Reference value :  5.80663e-08
 Reference value :  5.80920e-08
 Reference value :  5.81246e-08
 Reference value :  5.81642e-08
 Reference value :  5.82042e-08
 Reference value :  5.82642e-08
 Reference value :  5.83242e-08
 Reference value :  5.83842e-08
 Reference value :  5.84442e-08
 Reference value :  5.85042e-08
 Reference value :  5.85642e-08
 Reference value :  5.86242e-08
 Reference value :  5.86842e-08
 Reference value :  5.87442e-08
 Reference value :  5.88042e-08
 Reference value :  5.88642e-08
 Reference value :  5.89242e-08
 Reference value :  5.89842e-08
 Reference value :  5.90442e-08
 Reference value :  5.91042e-08
 Reference value :  5.91642e-08
 Reference value :  5.92242e-08
 Reference value :  5.92593e-08
 Reference value :  5.92601e-08
 Reference value :  5.92642e-08
 Reference value :  5.92682e-08
 Reference value :  5.92739e-08
 Reference value :  5.92822e-08
 Reference value :  5.92856e-08
 Reference value :  5.92928e-08
 Reference value :  5.92965e-08
 Reference value :  5.93047e-08
 Reference value :  5.93151e-08
 Reference value :  5.93201e-08
 Reference value :  5.93246e-08
 Reference value :  5.93286e-08
 Reference value :  5.93359e-08
 Reference value :  5.93393e-08
 Reference value :  5.93403e-08
 Reference value :  5.93429e-08
 Reference value :  5.93485e-08
 Reference value :  5.93541e-08
 Reference value :  5.93631e-08
 Reference value :  5.93766e-08
 Reference value :  5.94026e-08
 Reference value :  5.94387e-08
 Reference value :  5.94713e-08
 Reference value :  5.95109e-08
 Reference value :  5.95509e-08
 Reference value :  5.95909e-08
 Reference value :  5.96509e-08
 Reference value :  5.97109e-08
 Reference value :  5.97909e-08
 Reference value :  5.98509e-08
 Reference value :  5.99109e-08
 Reference value :  5.99709e-08
 Reference value :  6.00309e-08
 Reference value :  6.00909e-08
 Reference value :  6.01509e-08
 Reference value :  6.02109e-08
 Reference value :  6.02709e-08
 Reference value :  6.03309e-08
 Reference value :  6.03909e-08
 Reference value :  6.04509e-08
 Reference value :  6.05109e-08
 Reference value :  6.05885e-08
 Reference value :  6.06061e-08
 Reference value :  6.06069e-08
 Reference value :  6.06093e-08
 Reference value :  6.06129e-08
 Reference value :  6.06175e-08
 Reference value :  6.06248e-08
 Reference value :  6.06321e-08
 Reference value :  6.06355e-08
 Reference value :  6.06432e-08
 Reference value :  6.06513e-08
 Reference value :  6.06615e-08
 Reference value :  6.06666e-08
 Reference value :  6.06712e-08
 Reference value :  6.06752e-08
 Reference value :  6.06791e-08
 Reference value :  6.06861e-08
 Reference value :  6.06861e-08
 Reference value :  6.06866e-08
 Reference value :  6.06882e-08
 Reference value :  6.06916e-08
 Reference value :  6.06957e-08
 Reference value :  6.07014e-08
 Reference value :  6.07109e-08
 Reference value :  6.07247e-08
 Reference value :  6.07411e-08
 Reference value :  6.07618e-08
 Reference value :  6.07880e-08
 Reference value :  6.08212e-08
 Reference value :  6.08612e-08
 Reference value :  6.09012e-08
 Reference value :  6.09612e-08
No. of Data Rows : 4074
m_ui_ref            =  1.34680e-09 targ=  1.35080e-08 trig=  1.21612e-08
m_spa_in            =  5.38721e-09 targ=  1.75484e-08 trig=  1.21612e-08
m_spb_in            =  4.04040e-09 targ=  1.62016e-08 trig=  1.21612e-08
m_spa_c0            =  5.38720e-09 targ=  1.75551e-08 trig=  1.21679e-08
m_spb_c0            =  4.04040e-09 targ=  1.62083e-08 trig=  1.21679e-08
m_trise_c0          =  4.70615e-11 targ=  1.35358e-08 trig=  1.34887e-08
m_tfall_c0          =  4.69501e-11 targ=  1.48826e-08 trig=  1.48356e-08
m_spa_c1            =  5.38721e-09 targ=  1.75883e-08 trig=  1.22011e-08
m_spb_c1            =  4.04041e-09 targ=  1.62415e-08 trig=  1.22011e-08
m_trise_c1          =  1.20718e-10 targ=  1.36287e-08 trig=  1.35080e-08
m_tfall_c1          =  1.20730e-10 targ=  1.49756e-08 trig=  1.48548e-08
m_spa_c2            =  5.38719e-09 targ=  1.76185e-08 trig=  1.22313e-08
m_spb_c2            =  4.04039e-09 targ=  1.62717e-08 trig=  1.22313e-08
m_trise_c2          =  2.28355e-10 targ=  1.37454e-08 trig=  1.35171e-08
m_tfall_c2          =  2.28771e-10 targ=  1.50926e-08 trig=  1.48639e-08
m_spa_cmis          =  5.38722e-09 targ=  1.75986e-08 trig=  1.22114e-08
m_spb_cmis          =  4.04183e-09 targ=  1.62533e-08 trig=  1.22114e-08
m_dj_ui_c0 = 2.9700007651e-06
m_swing_c0 = 4.9790671684e-01
m_vpp_c0 = 6.0995321815e-01
m_vcm_c0 = 3.0510456487e+00
m_dj_ui_c1 = 4.4550011467e-06
m_swing_c1 = 4.9753921996e-01
m_vpp_c1 = 5.0303553109e-01
m_vcm_c1 = 3.0512293678e+00
m_dj_ui_c2 = 8.9100022947e-06
m_swing_c2 = 4.9598931825e-01
m_vpp_c2 = 4.9922930722e-01
m_vcm_c2 = 3.0519236842e+00
m_dj_ui_cmis = 1.0617752734e-03
m_swing_cmis = 4.9599215558e-01
m_swing_avcclo = 4.9715870314e-01
m_vcm_avcclo = 2.7214194780e+00
m_swing_avcchi = 4.9791564445e-01
m_vcm_avcchi = 3.3810412674e+00
m_vgs_sw_max = 1.5681730091e+00
m_vgd_sw_max = 1.9964991802e+00
m_vds_sw_max = 2.7208985584e+00
m_vgs_tail_max = 1.2269288101e+00
m_vds_tail_max = 1.0358870898e+00
m_swing_dc = 4.9531395883e-01
m_vcm_dc = 3.0523421407e+00
m_ioff_dc = 1.7597849924e-08
m_itail_dc = 9.9063143722e-03
m_icell_dc = 1.0406314373e-02
m_ro_leg = 4.9825807279e+04
Note: Simulation executed from .control section 

