
Note: No compatibility mode selected!


Circuit: * cml-driver-eye @ sf_-40c_2.97v_270mbps -- generated by sim/harness, do not edit

Doing analysis at TEMP = -40.000000 and TNOM = 27.000000

Using SPARSE 1.3 as Direct Linear Solver

Initial Transient Solution
--------------------------

Node                                   Voltage
----                                   -------
avcc                                       3.3
avcclo                                    2.97
avcchi                                    3.63
inp                                     2.5245
inn                                     1.6335
inpz                                    2.5245
innz                                    1.6335
inref                                    0.891
win                                          0
winc                                         0
xc0.tail                               1.02339
ib_c0                                  1.22488
outp_c0                                2.80469
outn_c0                                    3.3
vd_c0                                 0.495314
xc1.tail                               1.02339
ib_c1                                  1.22488
outp_c1                                2.80469
outn_c1                                    3.3
vd_c1                                 0.495314
xc2.tail                               1.02339
ib_c2                                  1.22488
outp_c2                                2.80469
outn_c2                                    3.3
vd_c2                                 0.495314
xcmis.tail                             1.02339
ib_cmis                                1.22488
outp_cmis                              2.80469
outn_cmis                                  3.3
vd_cmis                               0.495314
xvlo.tail                              1.01023
ib_vlo                                 1.22488
outp_vlo                               2.47502
outn_vlo                                  2.97
xvhi.tail                              1.03608
ib_vhi                                 1.22488
outp_vhi                               3.13435
outn_vhi                                  3.63
xz.tail                                1.02339
ib_z                                   1.22488
vss_z                                        0
outp_z                                 2.80469
outn_z                                     3.3
xza.tail                               1.01529
ib_za                                  1.22488
outp_za                                    2.6
outn_za                                    3.3
xzb.tail                               1.03095
ib_zb                                  1.22488
outp_zb                                      3
outn_zb                                    3.3
ediff_cmis#branch                            0
ediff_c2#branch                              0
ediff_c1#branch                              0
ediff_c0#branch                              0
einref#branch                                0
vforce_zb#branch                   -0.00991022
vforce_za#branch                   -0.00990219
vsens_z#branch                       0.0104063
vwinc#branch                                 0
vwin#branch                                  0
vinnz#branch                                 0
vinpz#branch                                 0
vinn#branch                                  0
vinp#branch                                  0
vavcchi#branch                     -0.00991311
vavcclo#branch                     -0.00989966
vavcc#branch                        -0.0495316

 Reference value :  0.00000e+00
 Reference value :  4.00000e-13
 Reference value :  3.20000e-12
 Reference value :  2.56000e-11
 Reference value :  1.05600e-10
 Reference value :  1.65600e-10
 Reference value :  2.25600e-10
 Reference value :  2.85600e-10
 Reference value :  3.45600e-10
 Reference value :  4.05600e-10
 Reference value :  4.65600e-10
 Reference value :  5.25600e-10
 Reference value :  5.85600e-10
 Reference value :  6.65600e-10
 Reference value :  7.25600e-10
 Reference value :  8.05600e-10
 Reference value :  8.85600e-10
 Reference value :  9.65600e-10
 Reference value :  1.02560e-09
 Reference value :  1.08560e-09
 Reference value :  1.14560e-09
 Reference value :  1.20560e-09
 Reference value :  1.26560e-09
 Reference value :  1.32560e-09
 Reference value :  1.38560e-09
 Reference value :  1.44560e-09
 Reference value :  1.50560e-09
 Reference value :  1.56560e-09
 Reference value :  1.62560e-09
 Reference value :  1.68560e-09
 Reference value :  1.74560e-09
 Reference value :  1.82560e-09
 Reference value :  1.88560e-09
 Reference value :  1.94560e-09
 Reference value :  2.02560e-09
 Reference value :  2.08560e-09
 Reference value :  2.14560e-09
 Reference value :  2.20560e-09
 Reference value :  2.28560e-09
 Reference value :  2.34560e-09
 Reference value :  2.40560e-09
 Reference value :  2.46560e-09
 Reference value :  2.52560e-09
 Reference value :  2.58560e-09
 Reference value :  2.64560e-09
 Reference value :  2.72560e-09
 Reference value :  2.78560e-09
 Reference value :  2.86560e-09
 Reference value :  2.94560e-09
 Reference value :  3.02560e-09
 Reference value :  3.08560e-09
 Reference value :  3.14560e-09
 Reference value :  3.20560e-09
 Reference value :  3.28560e-09
 Reference value :  3.36560e-09
 Reference value :  3.42560e-09
 Reference value :  3.48560e-09
 Reference value :  3.54560e-09
 Reference value :  3.60560e-09
 Reference value :  3.66560e-09
 Reference value :  3.72560e-09
 Reference value :  3.78560e-09
 Reference value :  3.84560e-09
 Reference value :  3.90560e-09
 Reference value :  3.96560e-09
 Reference value :  4.02560e-09
 Reference value :  4.08560e-09
 Reference value :  4.14560e-09
 Reference value :  4.20560e-09
 Reference value :  4.26560e-09
 Reference value :  4.32560e-09
 Reference value :  4.38560e-09
 Reference value :  4.44560e-09
 Reference value :  4.50560e-09
 Reference value :  4.56560e-09
 Reference value :  4.62560e-09
 Reference value :  4.68560e-09
 Reference value :  4.74560e-09
 Reference value :  4.80560e-09
 Reference value :  4.86560e-09
 Reference value :  4.92560e-09
 Reference value :  4.98560e-09
 Reference value :  5.04560e-09
 Reference value :  5.10560e-09
 Reference value :  5.16560e-09
 Reference value :  5.22560e-09
 Reference value :  5.28560e-09
 Reference value :  5.34560e-09
 Reference value :  5.42560e-09
 Reference value :  5.48560e-09
 Reference value :  5.54560e-09
 Reference value :  5.60560e-09
 Reference value :  5.66560e-09
 Reference value :  5.72560e-09
 Reference value :  5.78560e-09
 Reference value :  5.84560e-09
 Reference value :  5.90560e-09
 Reference value :  5.96560e-09
 Reference value :  6.02560e-09
 Reference value :  6.10560e-09
 Reference value :  6.16560e-09
 Reference value :  6.22560e-09
 Reference value :  6.28560e-09
 Reference value :  6.34560e-09
 Reference value :  6.42560e-09
 Reference value :  6.48560e-09
 Reference value :  6.54560e-09
 Reference value :  6.60560e-09
 Reference value :  6.68560e-09
 Reference value :  6.74560e-09
 Reference value :  6.82560e-09
 Reference value :  6.88560e-09
 Reference value :  6.94560e-09
 Reference value :  7.00560e-09
 Reference value :  7.08560e-09
 Reference value :  7.14560e-09
 Reference value :  7.20560e-09
 Reference value :  7.26560e-09
 Reference value :  7.32560e-09
 Reference value :  7.38560e-09
 Reference value :  7.44560e-09
 Reference value :  7.52560e-09
 Reference value :  7.58560e-09
 Reference value :  7.66560e-09
 Reference value :  7.72560e-09
 Reference value :  7.78560e-09
 Reference value :  7.84560e-09
 Reference value :  7.90560e-09
 Reference value :  7.96560e-09
 Reference value :  8.02560e-09
 Reference value :  8.08560e-09
 Reference value :  8.14560e-09
 Reference value :  8.20560e-09
 Reference value :  8.28560e-09
 Reference value :  8.36560e-09
 Reference value :  8.42560e-09
 Reference value :  8.48560e-09
 Reference value :  8.54560e-09
 Reference value :  8.60560e-09
 Reference value :  8.66560e-09
 Reference value :  8.72560e-09
 Reference value :  8.78560e-09
 Reference value :  8.84560e-09
 Reference value :  8.90560e-09
 Reference value :  8.96560e-09
 Reference value :  9.02560e-09
 Reference value :  9.08560e-09
 Reference value :  9.14560e-09
 Reference value :  9.20560e-09
 Reference value :  9.26560e-09
 Reference value :  9.32560e-09
 Reference value :  9.38560e-09
 Reference value :  9.44560e-09
 Reference value :  9.50560e-09
 Reference value :  9.56560e-09
 Reference value :  9.64560e-09
 Reference value :  9.70560e-09
 Reference value :  9.76560e-09
 Reference value :  9.82560e-09
 Reference value :  9.88560e-09
 Reference value :  9.94560e-09
 Reference value :  1.00056e-08
 Reference value :  1.00656e-08
 Reference value :  1.01256e-08
 Reference value :  1.02056e-08
 Reference value :  1.02656e-08
 Reference value :  1.03256e-08
 Reference value :  1.03856e-08
 Reference value :  1.04456e-08
 Reference value :  1.05056e-08
 Reference value :  1.05656e-08
 Reference value :  1.06256e-08
 Reference value :  1.06856e-08
 Reference value :  1.07456e-08
 Reference value :  1.08056e-08
 Reference value :  1.08656e-08
 Reference value :  1.09256e-08
 Reference value :  1.09856e-08
 Reference value :  1.10656e-08
 Reference value :  1.11256e-08
 Reference value :  1.12056e-08
 Reference value :  1.12656e-08
 Reference value :  1.13256e-08
 Reference value :  1.14056e-08
 Reference value :  1.14856e-08
 Reference value :  1.15456e-08
 Reference value :  1.16056e-08
 Reference value :  1.16656e-08
 Reference value :  1.17256e-08
 Reference value :  1.17856e-08
 Reference value :  1.18456e-08
 Reference value :  1.19056e-08
 Reference value :  1.19656e-08
 Reference value :  1.20256e-08
 Reference value :  1.20856e-08
 Reference value :  1.21456e-08
 Reference value :  1.22056e-08
 Reference value :  1.22656e-08
 Reference value :  1.23256e-08
 Reference value :  1.23856e-08
 Reference value :  1.24456e-08
 Reference value :  1.25056e-08
 Reference value :  1.25856e-08
 Reference value :  1.26456e-08
 Reference value :  1.27056e-08
 Reference value :  1.27656e-08
 Reference value :  1.28256e-08
 Reference value :  1.28856e-08
 Reference value :  1.29456e-08
 Reference value :  1.30056e-08
 Reference value :  1.30856e-08
 Reference value :  1.31456e-08
 Reference value :  1.32056e-08
 Reference value :  1.32656e-08
 Reference value :  1.33256e-08
 Reference value :  1.33856e-08
 Reference value :  1.34456e-08
 Reference value :  1.35056e-08
 Reference value :  1.35656e-08
 Reference value :  1.36456e-08
 Reference value :  1.37056e-08
 Reference value :  1.37656e-08
 Reference value :  1.38456e-08
 Reference value :  1.39256e-08
 Reference value :  1.39856e-08
 Reference value :  1.40456e-08
 Reference value :  1.41056e-08
 Reference value :  1.41656e-08
 Reference value :  1.42256e-08
 Reference value :  1.42856e-08
 Reference value :  1.43456e-08
 Reference value :  1.44056e-08
 Reference value :  1.44656e-08
 Reference value :  1.45256e-08
 Reference value :  1.45856e-08
 Reference value :  1.46456e-08
 Reference value :  1.47256e-08
 Reference value :  1.47856e-08
 Reference value :  1.48656e-08
 Reference value :  1.49256e-08
 Reference value :  1.49856e-08
 Reference value :  1.50456e-08
 Reference value :  1.51056e-08
 Reference value :  1.51656e-08
 Reference value :  1.52256e-08
 Reference value :  1.52856e-08
 Reference value :  1.53456e-08
 Reference value :  1.54056e-08
 Reference value :  1.54856e-08
 Reference value :  1.55456e-08
 Reference value :  1.56056e-08
 Reference value :  1.56656e-08
 Reference value :  1.57456e-08
 Reference value :  1.58056e-08
 Reference value :  1.58656e-08
 Reference value :  1.59456e-08
 Reference value :  1.60056e-08
 Reference value :  1.60656e-08
 Reference value :  1.61256e-08
 Reference value :  1.61856e-08
 Reference value :  1.62456e-08
 Reference value :  1.63056e-08
 Reference value :  1.63856e-08
 Reference value :  1.64456e-08
 Reference value :  1.65056e-08
 Reference value :  1.65656e-08
 Reference value :  1.66456e-08
 Reference value :  1.67056e-08
 Reference value :  1.67656e-08
 Reference value :  1.68256e-08
 Reference value :  1.69056e-08
 Reference value :  1.69656e-08
 Reference value :  1.70256e-08
 Reference value :  1.70856e-08
 Reference value :  1.71456e-08
 Reference value :  1.72056e-08
 Reference value :  1.72656e-08
 Reference value :  1.73256e-08
 Reference value :  1.73856e-08
 Reference value :  1.74456e-08
 Reference value :  1.75056e-08
 Reference value :  1.75656e-08
 Reference value :  1.76256e-08
 Reference value :  1.76856e-08
 Reference value :  1.77456e-08
 Reference value :  1.78256e-08
 Reference value :  1.78856e-08
 Reference value :  1.79456e-08
 Reference value :  1.80056e-08
 Reference value :  1.80656e-08
 Reference value :  1.81256e-08
 Reference value :  1.81856e-08
 Reference value :  1.82656e-08
 Reference value :  1.83256e-08
 Reference value :  1.83856e-08
 Reference value :  1.84456e-08
 Reference value :  1.85056e-08
 Reference value :  1.85856e-08
 Reference value :  1.86456e-08
 Reference value :  1.87256e-08
 Reference value :  1.88056e-08
 Reference value :  1.88656e-08
 Reference value :  1.89256e-08
 Reference value :  1.89856e-08
 Reference value :  1.90456e-08
 Reference value :  1.91056e-08
 Reference value :  1.91656e-08
 Reference value :  1.92456e-08
 Reference value :  1.93056e-08
 Reference value :  1.93656e-08
 Reference value :  1.94256e-08
 Reference value :  1.95056e-08
 Reference value :  1.95656e-08
 Reference value :  1.96256e-08
 Reference value :  1.96856e-08
 Reference value :  1.97456e-08
 Reference value :  1.98056e-08
 Reference value :  1.98656e-08
 Reference value :  1.99256e-08
 Reference value :  1.99856e-08
 Reference value :  2.00456e-08
 Reference value :  2.01056e-08
 Reference value :  2.01656e-08
 Reference value :  2.02256e-08
 Reference value :  2.02856e-08
 Reference value :  2.03456e-08
 Reference value :  2.04056e-08
 Reference value :  2.04656e-08
 Reference value :  2.05256e-08
 Reference value :  2.05856e-08
 Reference value :  2.06456e-08
 Reference value :  2.07056e-08
 Reference value :  2.07656e-08
 Reference value :  2.08256e-08
 Reference value :  2.08856e-08
 Reference value :  2.09256e-08
 Reference value :  2.09856e-08
 Reference value :  2.10456e-08
 Reference value :  2.11056e-08
 Reference value :  2.11656e-08
 Reference value :  2.12256e-08
 Reference value :  2.13056e-08
 Reference value :  2.13656e-08
 Reference value :  2.14256e-08
 Reference value :  2.14856e-08
 Reference value :  2.15456e-08
 Reference value :  2.16056e-08
 Reference value :  2.16656e-08
 Reference value :  2.17256e-08
 Reference value :  2.18056e-08
 Reference value :  2.18656e-08
 Reference value :  2.19456e-08
 Reference value :  2.20256e-08
 Reference value :  2.20856e-08
 Reference value :  2.21456e-08
 Reference value :  2.22056e-08
 Reference value :  2.22856e-08
 Reference value :  2.23456e-08
 Reference value :  2.24256e-08
 Reference value :  2.25056e-08
 Reference value :  2.25656e-08
 Reference value :  2.26256e-08
 Reference value :  2.27056e-08
 Reference value :  2.27856e-08
 Reference value :  2.28456e-08
 Reference value :  2.29056e-08
 Reference value :  2.29656e-08
 Reference value :  2.30256e-08
 Reference value :  2.31056e-08
 Reference value :  2.31856e-08
 Reference value :  2.32656e-08
 Reference value :  2.33456e-08
 Reference value :  2.34256e-08
 Reference value :  2.34856e-08
 Reference value :  2.35656e-08
 Reference value :  2.36256e-08
 Reference value :  2.36856e-08
 Reference value :  2.37456e-08
 Reference value :  2.38056e-08
 Reference value :  2.38656e-08
 Reference value :  2.39256e-08
 Reference value :  2.39856e-08
 Reference value :  2.40456e-08
 Reference value :  2.41256e-08
 Reference value :  2.41856e-08
 Reference value :  2.42456e-08
 Reference value :  2.43056e-08
 Reference value :  2.43656e-08
 Reference value :  2.44456e-08
 Reference value :  2.45056e-08
 Reference value :  2.45856e-08
 Reference value :  2.46656e-08
 Reference value :  2.47256e-08
 Reference value :  2.47856e-08
 Reference value :  2.48456e-08
 Reference value :  2.49056e-08
 Reference value :  2.49856e-08
 Reference value :  2.50456e-08
 Reference value :  2.51056e-08
 Reference value :  2.51656e-08
 Reference value :  2.52256e-08
 Reference value :  2.52856e-08
 Reference value :  2.53456e-08
 Reference value :  2.54056e-08
 Reference value :  2.54656e-08
 Reference value :  2.55256e-08
 Reference value :  2.55856e-08
 Reference value :  2.56656e-08
 Reference value :  2.57256e-08
 Reference value :  2.57856e-08
 Reference value :  2.58456e-08
 Reference value :  2.59056e-08
 Reference value :  2.59656e-08
 Reference value :  2.60256e-08
 Reference value :  2.60856e-08
 Reference value :  2.61456e-08
 Reference value :  2.62056e-08
 Reference value :  2.62656e-08
 Reference value :  2.63256e-08
 Reference value :  2.63856e-08
 Reference value :  2.64456e-08
 Reference value :  2.65056e-08
 Reference value :  2.65656e-08
 Reference value :  2.66456e-08
 Reference value :  2.67056e-08
 Reference value :  2.67856e-08
 Reference value :  2.68456e-08
 Reference value :  2.69056e-08
 Reference value :  2.69656e-08
 Reference value :  2.70256e-08
 Reference value :  2.70856e-08
 Reference value :  2.71456e-08
 Reference value :  2.72056e-08
 Reference value :  2.72656e-08
 Reference value :  2.73256e-08
 Reference value :  2.73856e-08
 Reference value :  2.74456e-08
 Reference value :  2.75056e-08
 Reference value :  2.75856e-08
 Reference value :  2.76456e-08
 Reference value :  2.77056e-08
 Reference value :  2.77656e-08
 Reference value :  2.78256e-08
 Reference value :  2.78856e-08
 Reference value :  2.79456e-08
 Reference value :  2.80056e-08
 Reference value :  2.80656e-08
 Reference value :  2.81256e-08
 Reference value :  2.81856e-08
 Reference value :  2.82456e-08
 Reference value :  2.83056e-08
 Reference value :  2.83656e-08
 Reference value :  2.84256e-08
 Reference value :  2.84856e-08
 Reference value :  2.85456e-08
 Reference value :  2.86056e-08
 Reference value :  2.86656e-08
 Reference value :  2.87256e-08
 Reference value :  2.87856e-08
 Reference value :  2.88456e-08
 Reference value :  2.89056e-08
 Reference value :  2.89656e-08
 Reference value :  2.90256e-08
 Reference value :  2.90856e-08
 Reference value :  2.91456e-08
 Reference value :  2.92056e-08
 Reference value :  2.92656e-08
 Reference value :  2.93456e-08
 Reference value :  2.94056e-08
 Reference value :  2.94656e-08
 Reference value :  2.95256e-08
 Reference value :  2.95856e-08
 Reference value :  2.96456e-08
 Reference value :  2.97056e-08
 Reference value :  2.97656e-08
 Reference value :  2.98256e-08
 Reference value :  2.98856e-08
 Reference value :  2.99456e-08
 Reference value :  3.00056e-08
 Reference value :  3.00656e-08
 Reference value :  3.01256e-08
 Reference value :  3.01856e-08
 Reference value :  3.02456e-08
 Reference value :  3.03056e-08
 Reference value :  3.03656e-08
 Reference value :  3.04256e-08
 Reference value :  3.04856e-08
 Reference value :  3.05656e-08
 Reference value :  3.06456e-08
 Reference value :  3.07056e-08
 Reference value :  3.07656e-08
 Reference value :  3.08256e-08
 Reference value :  3.09056e-08
 Reference value :  3.09856e-08
 Reference value :  3.10656e-08
 Reference value :  3.11256e-08
 Reference value :  3.11856e-08
 Reference value :  3.12656e-08
 Reference value :  3.13456e-08
 Reference value :  3.14056e-08
 Reference value :  3.14656e-08
 Reference value :  3.15456e-08
 Reference value :  3.16256e-08
 Reference value :  3.16856e-08
 Reference value :  3.17456e-08
 Reference value :  3.18256e-08
 Reference value :  3.18856e-08
 Reference value :  3.19456e-08
 Reference value :  3.20256e-08
 Reference value :  3.21056e-08
 Reference value :  3.21656e-08
 Reference value :  3.22256e-08
 Reference value :  3.22856e-08
 Reference value :  3.23456e-08
 Reference value :  3.24056e-08
 Reference value :  3.24856e-08
 Reference value :  3.25456e-08
 Reference value :  3.26256e-08
 Reference value :  3.26856e-08
 Reference value :  3.27456e-08
 Reference value :  3.28056e-08
 Reference value :  3.28656e-08
 Reference value :  3.29256e-08
 Reference value :  3.29856e-08
 Reference value :  3.30456e-08
 Reference value :  3.31256e-08
 Reference value :  3.31856e-08
 Reference value :  3.32456e-08
 Reference value :  3.33056e-08
 Reference value :  3.33334e-08
 Reference value :  3.33340e-08
 Reference value :  3.33378e-08
 Reference value :  3.33416e-08
 Reference value :  3.33507e-08
 Reference value :  3.33583e-08
 Reference value :  3.33616e-08
 Reference value :  3.33732e-08
 Reference value :  3.33867e-08
 Reference value :  3.33919e-08
 Reference value :  3.33966e-08
 Reference value :  3.34010e-08
 Reference value :  3.34048e-08
 Reference value :  3.34133e-08
 Reference value :  3.34134e-08
 Reference value :  3.34141e-08
 Reference value :  3.34165e-08
 Reference value :  3.34200e-08
 Reference value :  3.34245e-08
 Reference value :  3.34309e-08
 Reference value :  3.34425e-08
 Reference value :  3.34647e-08
 Reference value :  3.34844e-08
 Reference value :  3.35094e-08
 Reference value :  3.35411e-08
 Reference value :  3.35805e-08
 Reference value :  3.36205e-08
 Reference value :  3.36805e-08
 Reference value :  3.37405e-08
 Reference value :  3.38005e-08
 Reference value :  3.38605e-08
 Reference value :  3.39205e-08
 Reference value :  3.39805e-08
 Reference value :  3.40405e-08
 Reference value :  3.41005e-08
 Reference value :  3.41605e-08
 Reference value :  3.42205e-08
 Reference value :  3.43005e-08
 Reference value :  3.43605e-08
 Reference value :  3.44205e-08
 Reference value :  3.44805e-08
 Reference value :  3.45405e-08
 Reference value :  3.46005e-08
 Reference value :  3.46605e-08
 Reference value :  3.47205e-08
 Reference value :  3.47805e-08
 Reference value :  3.48405e-08
 Reference value :  3.49205e-08
 Reference value :  3.50005e-08
 Reference value :  3.50605e-08
 Reference value :  3.51205e-08
 Reference value :  3.51805e-08
 Reference value :  3.52405e-08
 Reference value :  3.53005e-08
 Reference value :  3.53605e-08
 Reference value :  3.54405e-08
 Reference value :  3.55005e-08
 Reference value :  3.55605e-08
 Reference value :  3.56205e-08
 Reference value :  3.56805e-08
 Reference value :  3.57405e-08
 Reference value :  3.58005e-08
 Reference value :  3.58605e-08
 Reference value :  3.59205e-08
 Reference value :  3.59805e-08
 Reference value :  3.60605e-08
 Reference value :  3.61205e-08
 Reference value :  3.61805e-08
 Reference value :  3.62405e-08
 Reference value :  3.63005e-08
 Reference value :  3.63605e-08
 Reference value :  3.64405e-08
 Reference value :  3.65005e-08
 Reference value :  3.65605e-08
 Reference value :  3.66205e-08
 Reference value :  3.66805e-08
 Reference value :  3.67405e-08
 Reference value :  3.68005e-08
 Reference value :  3.68605e-08
 Reference value :  3.69205e-08
 Reference value :  3.69805e-08
 Reference value :  3.70370e-08
 Reference value :  3.70371e-08
 Reference value :  3.70379e-08
 Reference value :  3.70403e-08
 Reference value :  3.70439e-08
 Reference value :  3.70486e-08
 Reference value :  3.70559e-08
 Reference value :  3.70633e-08
 Reference value :  3.70705e-08
 Reference value :  3.70742e-08
 Reference value :  3.70823e-08
 Reference value :  3.70926e-08
 Reference value :  3.70976e-08
 Reference value :  3.71021e-08
 Reference value :  3.71061e-08
 Reference value :  3.71101e-08
 Reference value :  3.71170e-08
 Reference value :  3.71171e-08
 Reference value :  3.71176e-08
 Reference value :  3.71192e-08
 Reference value :  3.71226e-08
 Reference value :  3.71294e-08
 Reference value :  3.71366e-08
 Reference value :  3.71488e-08
 Reference value :  3.71638e-08
 Reference value :  3.71928e-08
 Reference value :  3.72191e-08
 Reference value :  3.72523e-08
 Reference value :  3.72923e-08
 Reference value :  3.73323e-08
 Reference value :  3.73723e-08
 Reference value :  3.74123e-08
 Reference value :  3.74723e-08
 Reference value :  3.75323e-08
 Reference value :  3.75923e-08
 Reference value :  3.76523e-08
 Reference value :  3.77123e-08
 Reference value :  3.77650e-08
 Reference value :  3.77781e-08
 Reference value :  3.77788e-08
 Reference value :  3.77798e-08
 Reference value :  3.77877e-08
 Reference value :  3.78345e-08
 Reference value :  3.78945e-08
 Reference value :  3.79545e-08
 Reference value :  3.80145e-08
 Reference value :  3.80745e-08
 Reference value :  3.81313e-08
 Reference value :  3.81488e-08
 Reference value :  3.81494e-08
 Reference value :  3.81513e-08
 Reference value :  3.81670e-08
 Reference value :  3.82249e-08
 Reference value :  3.82849e-08
 Reference value :  3.83449e-08
 Reference value :  3.84049e-08
 Reference value :  3.84649e-08
 Reference value :  3.85249e-08
 Reference value :  3.85849e-08
 Reference value :  3.86449e-08
 Reference value :  3.87049e-08
 Reference value :  3.87649e-08
 Reference value :  3.88449e-08
 Reference value :  3.89249e-08
 Reference value :  3.90049e-08
 Reference value :  3.90849e-08
 Reference value :  3.91649e-08
 Reference value :  3.92249e-08
 Reference value :  3.93049e-08
 Reference value :  3.93649e-08
 Reference value :  3.94249e-08
 Reference value :  3.94849e-08
 Reference value :  3.95449e-08
 Reference value :  3.96049e-08
 Reference value :  3.96299e-08
 Reference value :  3.96308e-08
 Reference value :  3.96328e-08
 Reference value :  3.96485e-08
 Reference value :  3.97064e-08
 Reference value :  3.97664e-08
 Reference value :  3.98264e-08
 Reference value :  3.98864e-08
 Reference value :  3.99464e-08
 Reference value :  4.00064e-08
 Reference value :  4.00664e-08
 Reference value :  4.01464e-08
 Reference value :  4.02064e-08
 Reference value :  4.02664e-08
 Reference value :  4.03264e-08
 Reference value :  4.03864e-08
 Reference value :  4.04664e-08
 Reference value :  4.05264e-08
 Reference value :  4.05864e-08
 Reference value :  4.06464e-08
 Reference value :  4.07064e-08
 Reference value :  4.07408e-08
 Reference value :  4.07415e-08
 Reference value :  4.07441e-08
 Reference value :  4.07477e-08
 Reference value :  4.07524e-08
 Reference value :  4.07596e-08
 Reference value :  4.07670e-08
 Reference value :  4.07742e-08
 Reference value :  4.07779e-08
 Reference value :  4.07860e-08
 Reference value :  4.07963e-08
 Reference value :  4.08013e-08
 Reference value :  4.08058e-08
 Reference value :  4.08138e-08
 Reference value :  4.08207e-08
 Reference value :  4.08208e-08
 Reference value :  4.08213e-08
 Reference value :  4.08229e-08
 Reference value :  4.08263e-08
 Reference value :  4.08304e-08
 Reference value :  4.08361e-08
 Reference value :  4.08457e-08
 Reference value :  4.08594e-08
 Reference value :  4.08858e-08
 Reference value :  4.09091e-08
 Reference value :  4.09387e-08
 Reference value :  4.09960e-08
 Reference value :  4.10560e-08
 Reference value :  4.11360e-08
 Reference value :  4.11960e-08
 Reference value :  4.12560e-08
 Reference value :  4.13360e-08
 Reference value :  4.14160e-08
 Reference value :  4.14760e-08
 Reference value :  4.15560e-08
 Reference value :  4.16160e-08
 Reference value :  4.16760e-08
 Reference value :  4.17360e-08
 Reference value :  4.17960e-08
 Reference value :  4.18519e-08
 Reference value :  4.18525e-08
 Reference value :  4.18533e-08
 Reference value :  4.18573e-08
 Reference value :  4.19086e-08
 Reference value :  4.19886e-08
 Reference value :  4.20686e-08
 Reference value :  4.21286e-08
 Reference value :  4.22086e-08
 Reference value :  4.22686e-08
 Reference value :  4.23286e-08
 Reference value :  4.23886e-08
 Reference value :  4.24686e-08
 Reference value :  4.25486e-08
 Reference value :  4.26286e-08
 Reference value :  4.26886e-08
 Reference value :  4.27486e-08
 Reference value :  4.28086e-08
 Reference value :  4.28686e-08
 Reference value :  4.29286e-08
 Reference value :  4.29886e-08
 Reference value :  4.30486e-08
 Reference value :  4.31086e-08
 Reference value :  4.31686e-08
 Reference value :  4.32286e-08
 Reference value :  4.32886e-08
 Reference value :  4.33333e-08
 Reference value :  4.33340e-08
 Reference value :  4.33345e-08
 Reference value :  4.33365e-08
 Reference value :  4.33522e-08
 Reference value :  4.34101e-08
 Reference value :  4.34901e-08
 Reference value :  4.35501e-08
 Reference value :  4.36101e-08
 Reference value :  4.36901e-08
 Reference value :  4.37701e-08
 Reference value :  4.38301e-08
 Reference value :  4.38901e-08
 Reference value :  4.39501e-08
 Reference value :  4.40101e-08
 Reference value :  4.40901e-08
 Reference value :  4.41501e-08
 Reference value :  4.42101e-08
 Reference value :  4.42901e-08
 Reference value :  4.43501e-08
 Reference value :  4.44273e-08
 Reference value :  4.44445e-08
 Reference value :  4.44461e-08
 Reference value :  4.44514e-08
 Reference value :  4.44590e-08
 Reference value :  4.44673e-08
 Reference value :  4.44745e-08
 Reference value :  4.44816e-08
 Reference value :  4.44945e-08
 Reference value :  4.45050e-08
 Reference value :  4.45095e-08
 Reference value :  4.45135e-08
 Reference value :  4.45175e-08
 Reference value :  4.45244e-08
 Reference value :  4.45245e-08
 Reference value :  4.45250e-08
 Reference value :  4.45266e-08
 Reference value :  4.45300e-08
 Reference value :  4.45341e-08
 Reference value :  4.45398e-08
 Reference value :  4.45494e-08
 Reference value :  4.45631e-08
 Reference value :  4.45796e-08
 Reference value :  4.46002e-08
 Reference value :  4.46265e-08
 Reference value :  4.46597e-08
 Reference value :  4.46997e-08
 Reference value :  4.47597e-08
 Reference value :  4.48197e-08
 Reference value :  4.48997e-08
 Reference value :  4.49597e-08
 Reference value :  4.50397e-08
 Reference value :  4.51197e-08
 Reference value :  4.51797e-08
 Reference value :  4.52397e-08
 Reference value :  4.53197e-08
 Reference value :  4.53797e-08
 Reference value :  4.54597e-08
 Reference value :  4.55197e-08
 Reference value :  4.55559e-08
 Reference value :  4.55566e-08
 Reference value :  4.55576e-08
 Reference value :  4.55744e-08
 Reference value :  4.56323e-08
 Reference value :  4.56923e-08
 Reference value :  4.57523e-08
 Reference value :  4.58123e-08
 Reference value :  4.58723e-08
 Reference value :  4.59323e-08
 Reference value :  4.60123e-08
 Reference value :  4.60923e-08
 Reference value :  4.61523e-08
 Reference value :  4.62123e-08
 Reference value :  4.62723e-08
 Reference value :  4.63523e-08
 Reference value :  4.64123e-08
 Reference value :  4.64923e-08
 Reference value :  4.65523e-08
 Reference value :  4.66123e-08
 Reference value :  4.66723e-08
 Reference value :  4.67323e-08
 Reference value :  4.67923e-08
 Reference value :  4.68523e-08
 Reference value :  4.69123e-08
 Reference value :  4.69723e-08
 Reference value :  4.70247e-08
 Reference value :  4.70373e-08
 Reference value :  4.70381e-08
 Reference value :  4.70391e-08
 Reference value :  4.70469e-08
 Reference value :  4.70938e-08
 Reference value :  4.71738e-08
 Reference value :  4.72338e-08
 Reference value :  4.73138e-08
 Reference value :  4.73938e-08
 Reference value :  4.74538e-08
 Reference value :  4.75138e-08
 Reference value :  4.75738e-08
 Reference value :  4.76338e-08
 Reference value :  4.76938e-08
 Reference value :  4.77538e-08
 Reference value :  4.78138e-08
 Reference value :  4.78938e-08
 Reference value :  4.79538e-08
 Reference value :  4.80138e-08
 Reference value :  4.80738e-08
 Reference value :  4.81310e-08
 Reference value :  4.81482e-08
 Reference value :  4.81489e-08
 Reference value :  4.81515e-08
 Reference value :  4.81551e-08
 Reference value :  4.81598e-08
 Reference value :  4.81670e-08
 Reference value :  4.81744e-08
 Reference value :  4.81816e-08
 Reference value :  4.81853e-08
 Reference value :  4.81934e-08
 Reference value :  4.82037e-08
 Reference value :  4.82087e-08
 Reference value :  4.82132e-08
 Reference value :  4.82173e-08
 Reference value :  4.82212e-08
 Reference value :  4.82281e-08
 Reference value :  4.82282e-08
 Reference value :  4.82287e-08
 Reference value :  4.82303e-08
 Reference value :  4.82337e-08
 Reference value :  4.82378e-08
 Reference value :  4.82435e-08
 Reference value :  4.82531e-08
 Reference value :  4.82749e-08
 Reference value :  4.82933e-08
 Reference value :  4.83165e-08
 Reference value :  4.83634e-08
 Reference value :  4.84034e-08
 Reference value :  4.84434e-08
 Reference value :  4.84834e-08
 Reference value :  4.85434e-08
 Reference value :  4.86234e-08
 Reference value :  4.86834e-08
 Reference value :  4.87434e-08
 Reference value :  4.88034e-08
 Reference value :  4.88634e-08
 Reference value :  4.89234e-08
 Reference value :  4.89834e-08
 Reference value :  4.90434e-08
 Reference value :  4.91034e-08
 Reference value :  4.91634e-08
 Reference value :  4.92413e-08
 Reference value :  4.92596e-08
 Reference value :  4.92605e-08
 Reference value :  4.92624e-08
 Reference value :  4.92781e-08
 Reference value :  4.93560e-08
 Reference value :  4.94160e-08
 Reference value :  4.94760e-08
 Reference value :  4.95560e-08
 Reference value :  4.96160e-08
 Reference value :  4.96760e-08
 Reference value :  4.97360e-08
 Reference value :  4.97960e-08
 Reference value :  4.98560e-08
 Reference value :  4.99160e-08
 Reference value :  4.99760e-08
 Reference value :  5.00360e-08
 Reference value :  5.00960e-08
 Reference value :  5.01560e-08
 Reference value :  5.02160e-08
 Reference value :  5.02760e-08
 Reference value :  5.03360e-08
 Reference value :  5.03960e-08
 Reference value :  5.04560e-08
 Reference value :  5.05160e-08
 Reference value :  5.05760e-08
 Reference value :  5.06360e-08
 Reference value :  5.06960e-08
 Reference value :  5.07407e-08
 Reference value :  5.07414e-08
 Reference value :  5.07422e-08
 Reference value :  5.07462e-08
 Reference value :  5.07975e-08
 Reference value :  5.08575e-08
 Reference value :  5.09375e-08
 Reference value :  5.09975e-08
 Reference value :  5.10775e-08
 Reference value :  5.11375e-08
 Reference value :  5.11975e-08
 Reference value :  5.12575e-08
 Reference value :  5.13175e-08
 Reference value :  5.13775e-08
 Reference value :  5.14375e-08
 Reference value :  5.15175e-08
 Reference value :  5.15975e-08
 Reference value :  5.16575e-08
 Reference value :  5.17375e-08
 Reference value :  5.18175e-08
 Reference value :  5.18519e-08
 Reference value :  5.18526e-08
 Reference value :  5.18552e-08
 Reference value :  5.18608e-08
 Reference value :  5.18707e-08
 Reference value :  5.18781e-08
 Reference value :  5.18853e-08
 Reference value :  5.18930e-08
 Reference value :  5.19019e-08
 Reference value :  5.19124e-08
 Reference value :  5.19210e-08
 Reference value :  5.19284e-08
 Reference value :  5.19319e-08
 Reference value :  5.19324e-08
 Reference value :  5.19340e-08
 Reference value :  5.19374e-08
 Reference value :  5.19442e-08
 Reference value :  5.19568e-08
 Reference value :  5.19705e-08
 Reference value :  5.19870e-08
 Reference value :  5.20076e-08
 Reference value :  5.20339e-08
 Reference value :  5.20671e-08
 Reference value :  5.21071e-08
 Reference value :  5.21671e-08
 Reference value :  5.22271e-08
 Reference value :  5.22871e-08
 Reference value :  5.23471e-08
 Reference value :  5.24071e-08
 Reference value :  5.24671e-08
 Reference value :  5.25271e-08
 Reference value :  5.25871e-08
 Reference value :  5.26471e-08
 Reference value :  5.27071e-08
 Reference value :  5.27671e-08
 Reference value :  5.28271e-08
 Reference value :  5.28871e-08
 Reference value :  5.29450e-08
 Reference value :  5.29633e-08
 Reference value :  5.29640e-08
 Reference value :  5.29650e-08
 Reference value :  5.29729e-08
 Reference value :  5.30197e-08
 Reference value :  5.30797e-08
 Reference value :  5.31397e-08
 Reference value :  5.31997e-08
 Reference value :  5.32597e-08
 Reference value :  5.33197e-08
 Reference value :  5.33797e-08
 Reference value :  5.34397e-08
 Reference value :  5.34997e-08
 Reference value :  5.35597e-08
 Reference value :  5.36197e-08
 Reference value :  5.36797e-08
 Reference value :  5.37397e-08
 Reference value :  5.37997e-08
 Reference value :  5.38597e-08
 Reference value :  5.39197e-08
 Reference value :  5.39797e-08
 Reference value :  5.40397e-08
 Reference value :  5.41197e-08
 Reference value :  5.41797e-08
 Reference value :  5.42397e-08
 Reference value :  5.42997e-08
 Reference value :  5.43597e-08
 Reference value :  5.44197e-08
 Reference value :  5.44447e-08
 Reference value :  5.44455e-08
 Reference value :  5.44465e-08
 Reference value :  5.44633e-08
 Reference value :  5.45412e-08
 Reference value :  5.46012e-08
 Reference value :  5.46612e-08
 Reference value :  5.47412e-08
 Reference value :  5.48012e-08
 Reference value :  5.48612e-08
 Reference value :  5.49212e-08
 Reference value :  5.49812e-08
 Reference value :  5.50612e-08
 Reference value :  5.51212e-08
 Reference value :  5.52012e-08
 Reference value :  5.52612e-08
 Reference value :  5.53212e-08
 Reference value :  5.53812e-08
 Reference value :  5.54412e-08
 Reference value :  5.55012e-08
 Reference value :  5.55556e-08
 Reference value :  5.55556e-08
 Reference value :  5.55564e-08
 Reference value :  5.55589e-08
 Reference value :  5.55625e-08
 Reference value :  5.55672e-08
 Reference value :  5.55784e-08
 Reference value :  5.55818e-08
 Reference value :  5.55890e-08
 Reference value :  5.55927e-08
 Reference value :  5.56008e-08
 Reference value :  5.56161e-08
 Reference value :  5.56207e-08
 Reference value :  5.56247e-08
 Reference value :  5.56286e-08
 Reference value :  5.56356e-08
 Reference value :  5.56356e-08
 Reference value :  5.56361e-08
 Reference value :  5.56377e-08
 Reference value :  5.56411e-08
 Reference value :  5.56452e-08
 Reference value :  5.56509e-08
 Reference value :  5.56605e-08
 Reference value :  5.56742e-08
 Reference value :  5.56907e-08
 Reference value :  5.57113e-08
 Reference value :  5.57376e-08
 Reference value :  5.57708e-08
 Reference value :  5.58108e-08
 Reference value :  5.58708e-08
 Reference value :  5.59308e-08
 Reference value :  5.60108e-08
 Reference value :  5.60708e-08
 Reference value :  5.61308e-08
 Reference value :  5.61908e-08
 Reference value :  5.62508e-08
 Reference value :  5.63108e-08
 Reference value :  5.63708e-08
 Reference value :  5.64308e-08
 Reference value :  5.64908e-08
 Reference value :  5.65508e-08
 Reference value :  5.66108e-08
 Reference value :  5.66667e-08
 Reference value :  5.66673e-08
 Reference value :  5.66682e-08
 Reference value :  5.66721e-08
 Reference value :  5.67034e-08
 Reference value :  5.67634e-08
 Reference value :  5.68234e-08
 Reference value :  5.68834e-08
 Reference value :  5.69434e-08
 Reference value :  5.70234e-08
 Reference value :  5.70834e-08
 Reference value :  5.71634e-08
 Reference value :  5.72434e-08
 Reference value :  5.73234e-08
 Reference value :  5.74034e-08
 Reference value :  5.74834e-08
 Reference value :  5.75634e-08
 Reference value :  5.76434e-08
 Reference value :  5.77034e-08
 Reference value :  5.77634e-08
 Reference value :  5.78234e-08
 Reference value :  5.78834e-08
 Reference value :  5.79434e-08
 Reference value :  5.80234e-08
 Reference value :  5.80834e-08
 Reference value :  5.81358e-08
 Reference value :  5.81484e-08
 Reference value :  5.81492e-08
 Reference value :  5.81502e-08
 Reference value :  5.81580e-08
 Reference value :  5.82049e-08
 Reference value :  5.82649e-08
 Reference value :  5.83449e-08
 Reference value :  5.84049e-08
 Reference value :  5.84649e-08
 Reference value :  5.85185e-08
 Reference value :  5.85192e-08
 Reference value :  5.85197e-08
 Reference value :  5.85217e-08
 Reference value :  5.85553e-08
 Reference value :  5.86153e-08
 Reference value :  5.86753e-08
 Reference value :  5.87553e-08
 Reference value :  5.88153e-08
 Reference value :  5.88753e-08
 Reference value :  5.89353e-08
 Reference value :  5.89953e-08
 Reference value :  5.90753e-08
 Reference value :  5.91353e-08
 Reference value :  5.91793e-08
 Reference value :  5.91798e-08
 Reference value :  5.91834e-08
 Reference value :  5.91894e-08
 Reference value :  5.91998e-08
 Reference value :  5.92073e-08
 Reference value :  5.92185e-08
 Reference value :  5.92269e-08
 Reference value :  5.92437e-08
 Reference value :  5.92481e-08
 Reference value :  5.92556e-08
 Reference value :  5.92593e-08
 Reference value :  5.92598e-08
 Reference value :  5.92617e-08
 Reference value :  5.92651e-08
 Reference value :  5.92692e-08
 Reference value :  5.92751e-08
 Reference value :  5.92851e-08
 Reference value :  5.92989e-08
 Reference value :  5.93255e-08
 Reference value :  5.93490e-08
 Reference value :  5.93790e-08
 Reference value :  5.94368e-08
 Reference value :  5.94968e-08
 Reference value :  5.95568e-08
 Reference value :  5.96368e-08
 Reference value :  5.96968e-08
 Reference value :  5.97568e-08
 Reference value :  5.98168e-08
 Reference value :  5.98968e-08
 Reference value :  5.99568e-08
 Reference value :  6.00368e-08
 Reference value :  6.00968e-08
 Reference value :  6.01768e-08
 Reference value :  6.02568e-08
 Reference value :  6.03368e-08
 Reference value :  6.03968e-08
 Reference value :  6.04568e-08
 Reference value :  6.05168e-08
 Reference value :  6.05768e-08
 Reference value :  6.06368e-08
 Reference value :  6.06968e-08
 Reference value :  6.07568e-08
 Reference value :  6.08168e-08
 Reference value :  6.08768e-08
 Reference value :  6.09368e-08
 Reference value :  6.10000e-08
No. of Data Rows : 3547
m_ui_ref            =  3.70370e-09 targ=  3.70770e-08 trig=  3.33733e-08
m_spa_in            =  1.48148e-08 targ=  4.81881e-08 trig=  3.33733e-08
m_spb_in            =  1.11111e-08 targ=  4.44844e-08 trig=  3.33733e-08
m_spa_c0            =  1.48148e-08 targ=  4.81949e-08 trig=  3.33800e-08
m_spb_c0            =  1.11111e-08 targ=  4.44911e-08 trig=  3.33800e-08
m_trise_c0          =  4.71325e-11 targ=  3.71048e-08 trig=  3.70577e-08
m_tfall_c0          =  4.71327e-11 targ=  4.08085e-08 trig=  4.07614e-08
m_spa_c1            =  1.48148e-08 targ=  4.82280e-08 trig=  3.34132e-08
m_spb_c1            =  1.11111e-08 targ=  4.45243e-08 trig=  3.34132e-08
m_trise_c1          =  1.20990e-10 targ=  3.71979e-08 trig=  3.70770e-08
m_tfall_c1          =  1.20990e-10 targ=  4.09016e-08 trig=  4.07807e-08
m_spa_c2            =  1.48148e-08 targ=  4.82583e-08 trig=  3.34434e-08
m_spb_c2            =  1.11111e-08 targ=  4.45546e-08 trig=  3.34434e-08
m_trise_c2          =  2.28631e-10 targ=  3.73147e-08 trig=  3.70860e-08
m_tfall_c2          =  2.28633e-10 targ=  4.10184e-08 trig=  4.07897e-08
m_spa_cmis          =  1.48148e-08 targ=  4.82384e-08 trig=  3.34235e-08
m_spb_cmis          =  1.11125e-08 targ=  4.45361e-08 trig=  3.34235e-08
m_dj_ui_c0 = 2.6999997835e-06
m_swing_c0 = 4.9578419982e-01
m_vpp_c0 = 6.0988622346e-01
m_vcm_c0 = 3.0521070200e+00
m_dj_ui_c1 = 0.0000000000e+00
m_swing_c1 = 4.9580589527e-01
m_vpp_c1 = 5.0294946762e-01
m_vcm_c1 = 3.0520961723e+00
m_dj_ui_c2 = 8.0999993519e-06
m_swing_c2 = 4.9579015576e-01
m_vpp_c2 = 4.9915215217e-01
m_vcm_c2 = 3.0521040398e+00
m_dj_ui_cmis = 3.8609996911e-04
m_swing_cmis = 4.9578848463e-01
m_swing_avcclo = 4.9546712055e-01
m_vcm_avcclo = 2.7222654222e+00
m_swing_avcchi = 4.9615001394e-01
m_vcm_avcchi = 3.3819242158e+00
m_vgs_sw_max = 1.5680024879e+00
m_vgd_sw_max = 1.9964992226e+00
m_vds_sw_max = 2.7215201296e+00
m_vgs_tail_max = 1.2268532569e+00
m_vds_tail_max = 1.0360837086e+00
m_swing_dc = 4.9531395883e-01
m_vcm_dc = 3.0523421407e+00
m_ioff_dc = 1.7597849773e-08
m_itail_dc = 9.9063143722e-03
m_icell_dc = 1.0406314373e-02
m_ro_leg = 4.9825807297e+04
Note: Simulation executed from .control section 

