
Note: No compatibility mode selected!


Circuit: * cml-driver-eye @ sf_125c_3.30v_742p5mbps -- generated by sim/harness, do not edit

Doing analysis at TEMP = 125.000000 and TNOM = 27.000000

Using SPARSE 1.3 as Direct Linear Solver

Initial Transient Solution
--------------------------

Node                                   Voltage
----                                   -------
avcc                                       3.3
avcclo                                    2.97
avcchi                                    3.63
inp                                      2.805
inn                                      1.815
inpz                                     2.805
innz                                     1.815
inref                                     0.99
win                                          0
winc                                         0
xc0.tail                               1.18183
ib_c0                                  1.21716
outp_c0                                2.80159
outn_c0                                3.29918
vd_c0                                 0.497581
xc1.tail                               1.18183
ib_c1                                  1.21716
outp_c1                                2.80159
outn_c1                                3.29918
vd_c1                                 0.497581
xc2.tail                               1.18183
ib_c2                                  1.21716
outp_c2                                2.80159
outn_c2                                3.29918
vd_c2                                 0.497581
xcmis.tail                             1.18183
ib_cmis                                1.21716
outp_cmis                              2.80159
outn_cmis                              3.29918
vd_cmis                               0.497581
xvlo.tail                              1.16571
ib_vlo                                 1.21716
outp_vlo                               2.47206
outn_vlo                               2.96908
xvhi.tail                              1.19656
ib_vhi                                 1.21716
outp_vhi                                3.1312
outn_vhi                               3.62924
xz.tail                                1.18183
ib_z                                   1.21716
vss_z                                        0
outp_z                                 2.80159
outn_z                                 3.29918
xza.tail                               1.17234
ib_za                                  1.21716
outp_za                                    2.6
outn_za                                3.29899
xzb.tail                               1.19071
ib_zb                                  1.21716
outp_zb                                      3
outn_zb                                3.29932
ediff_cmis#branch                            0
ediff_c2#branch                              0
ediff_c1#branch                              0
ediff_c0#branch                              0
einref#branch                                0
vforce_zb#branch                   -0.00997498
vforce_za#branch                   -0.00996006
vsens_z#branch                       0.0104846
vwinc#branch                                 0
vwin#branch                                  0
vinnz#branch                                 0
vinpz#branch                                 0
vinn#branch                                  0
vinp#branch                                  0
vavcchi#branch                     -0.00999111
vavcclo#branch                     -0.00997736
vavcc#branch                        -0.0499567

 Reference value :  0.00000e+00
 Reference value :  4.00000e-13
 Reference value :  6.40000e-12
 Reference value :  6.56000e-11
 Reference value :  1.25600e-10
 Reference value :  1.85600e-10
 Reference value :  2.45600e-10
 Reference value :  3.05600e-10
 Reference value :  3.85600e-10
 Reference value :  4.45600e-10
 Reference value :  5.05600e-10
 Reference value :  5.85600e-10
 Reference value :  6.45600e-10
 Reference value :  7.05600e-10
 Reference value :  7.65600e-10
 Reference value :  8.25600e-10
 Reference value :  8.85600e-10
 Reference value :  9.45600e-10
 Reference value :  1.00560e-09
 Reference value :  1.06560e-09
 Reference value :  1.12560e-09
 Reference value :  1.18560e-09
 Reference value :  1.24560e-09
 Reference value :  1.32560e-09
 Reference value :  1.38560e-09
 Reference value :  1.44560e-09
 Reference value :  1.50560e-09
 Reference value :  1.56560e-09
 Reference value :  1.62560e-09
 Reference value :  1.68560e-09
 Reference value :  1.74560e-09
 Reference value :  1.82560e-09
 Reference value :  1.90560e-09
 Reference value :  1.96560e-09
 Reference value :  2.04560e-09
 Reference value :  2.12560e-09
 Reference value :  2.18560e-09
 Reference value :  2.24560e-09
 Reference value :  2.30560e-09
 Reference value :  2.36560e-09
 Reference value :  2.42560e-09
 Reference value :  2.48560e-09
 Reference value :  2.54560e-09
 Reference value :  2.60560e-09
 Reference value :  2.66560e-09
 Reference value :  2.74560e-09
 Reference value :  2.82560e-09
 Reference value :  2.88560e-09
 Reference value :  2.94560e-09
 Reference value :  3.00560e-09
 Reference value :  3.06560e-09
 Reference value :  3.12560e-09
 Reference value :  3.18560e-09
 Reference value :  3.24560e-09
 Reference value :  3.30560e-09
 Reference value :  3.36560e-09
 Reference value :  3.42560e-09
 Reference value :  3.48560e-09
 Reference value :  3.54560e-09
 Reference value :  3.60560e-09
 Reference value :  3.66560e-09
 Reference value :  3.74560e-09
 Reference value :  3.80560e-09
 Reference value :  3.86560e-09
 Reference value :  3.92560e-09
 Reference value :  3.98560e-09
 Reference value :  4.04560e-09
 Reference value :  4.10560e-09
 Reference value :  4.16560e-09
 Reference value :  4.22560e-09
 Reference value :  4.28560e-09
 Reference value :  4.34560e-09
 Reference value :  4.40560e-09
 Reference value :  4.46560e-09
 Reference value :  4.52560e-09
 Reference value :  4.58560e-09
 Reference value :  4.64560e-09
 Reference value :  4.70560e-09
 Reference value :  4.76560e-09
 Reference value :  4.82560e-09
 Reference value :  4.88560e-09
 Reference value :  4.94560e-09
 Reference value :  5.00560e-09
 Reference value :  5.06560e-09
 Reference value :  5.12560e-09
 Reference value :  5.18560e-09
 Reference value :  5.24560e-09
 Reference value :  5.30560e-09
 Reference value :  5.36560e-09
 Reference value :  5.42560e-09
 Reference value :  5.48560e-09
 Reference value :  5.54560e-09
 Reference value :  5.60560e-09
 Reference value :  5.66560e-09
 Reference value :  5.72560e-09
 Reference value :  5.78560e-09
 Reference value :  5.84560e-09
 Reference value :  5.92560e-09
 Reference value :  5.98560e-09
 Reference value :  6.04560e-09
 Reference value :  6.10560e-09
 Reference value :  6.18560e-09
 Reference value :  6.24560e-09
 Reference value :  6.30560e-09
 Reference value :  6.36560e-09
 Reference value :  6.42560e-09
 Reference value :  6.48560e-09
 Reference value :  6.54560e-09
 Reference value :  6.60560e-09
 Reference value :  6.66560e-09
 Reference value :  6.72560e-09
 Reference value :  6.78560e-09
 Reference value :  6.84560e-09
 Reference value :  6.90560e-09
 Reference value :  6.96560e-09
 Reference value :  7.02560e-09
 Reference value :  7.08560e-09
 Reference value :  7.14560e-09
 Reference value :  7.22560e-09
 Reference value :  7.28560e-09
 Reference value :  7.34560e-09
 Reference value :  7.40560e-09
 Reference value :  7.46560e-09
 Reference value :  7.52560e-09
 Reference value :  7.58560e-09
 Reference value :  7.64560e-09
 Reference value :  7.70560e-09
 Reference value :  7.76560e-09
 Reference value :  7.82560e-09
 Reference value :  7.88560e-09
 Reference value :  7.94560e-09
 Reference value :  8.00560e-09
 Reference value :  8.06560e-09
 Reference value :  8.12560e-09
 Reference value :  8.18560e-09
 Reference value :  8.26560e-09
 Reference value :  8.34560e-09
 Reference value :  8.40560e-09
 Reference value :  8.48560e-09
 Reference value :  8.54560e-09
 Reference value :  8.62560e-09
 Reference value :  8.70560e-09
 Reference value :  8.76560e-09
 Reference value :  8.82560e-09
 Reference value :  8.88560e-09
 Reference value :  8.94560e-09
 Reference value :  9.00560e-09
 Reference value :  9.06560e-09
 Reference value :  9.12560e-09
 Reference value :  9.18560e-09
 Reference value :  9.24560e-09
 Reference value :  9.30560e-09
 Reference value :  9.36560e-09
 Reference value :  9.42560e-09
 Reference value :  9.48560e-09
 Reference value :  9.54560e-09
 Reference value :  9.60560e-09
 Reference value :  9.66560e-09
 Reference value :  9.72560e-09
 Reference value :  9.80560e-09
 Reference value :  9.86560e-09
 Reference value :  9.94560e-09
 Reference value :  1.00056e-08
 Reference value :  1.00656e-08
 Reference value :  1.01256e-08
 Reference value :  1.01856e-08
 Reference value :  1.02456e-08
 Reference value :  1.03056e-08
 Reference value :  1.03656e-08
 Reference value :  1.04256e-08
 Reference value :  1.04856e-08
 Reference value :  1.05456e-08
 Reference value :  1.06056e-08
 Reference value :  1.06656e-08
 Reference value :  1.07256e-08
 Reference value :  1.07856e-08
 Reference value :  1.08456e-08
 Reference value :  1.09056e-08
 Reference value :  1.09656e-08
 Reference value :  1.10456e-08
 Reference value :  1.11056e-08
 Reference value :  1.11656e-08
 Reference value :  1.12256e-08
 Reference value :  1.12856e-08
 Reference value :  1.13456e-08
 Reference value :  1.14056e-08
 Reference value :  1.14656e-08
 Reference value :  1.15256e-08
 Reference value :  1.15856e-08
 Reference value :  1.16456e-08
 Reference value :  1.17056e-08
 Reference value :  1.17656e-08
 Reference value :  1.18256e-08
 Reference value :  1.18856e-08
 Reference value :  1.19656e-08
 Reference value :  1.20256e-08
 Reference value :  1.21034e-08
 Reference value :  1.21213e-08
 Reference value :  1.21219e-08
 Reference value :  1.21260e-08
 Reference value :  1.21300e-08
 Reference value :  1.21354e-08
 Reference value :  1.21435e-08
 Reference value :  1.21579e-08
 Reference value :  1.21693e-08
 Reference value :  1.21836e-08
 Reference value :  1.21900e-08
 Reference value :  1.22012e-08
 Reference value :  1.22013e-08
 Reference value :  1.22026e-08
 Reference value :  1.22076e-08
 Reference value :  1.22120e-08
 Reference value :  1.22182e-08
 Reference value :  1.22279e-08
 Reference value :  1.22437e-08
 Reference value :  1.22726e-08
 Reference value :  1.22965e-08
 Reference value :  1.23260e-08
 Reference value :  1.23630e-08
 Reference value :  1.24030e-08
 Reference value :  1.24430e-08
 Reference value :  1.25030e-08
 Reference value :  1.25630e-08
 Reference value :  1.26230e-08
 Reference value :  1.26830e-08
 Reference value :  1.27430e-08
 Reference value :  1.28030e-08
 Reference value :  1.28630e-08
 Reference value :  1.29230e-08
 Reference value :  1.29830e-08
 Reference value :  1.30430e-08
 Reference value :  1.31030e-08
 Reference value :  1.31630e-08
 Reference value :  1.32230e-08
 Reference value :  1.32830e-08
 Reference value :  1.33430e-08
 Reference value :  1.34030e-08
 Reference value :  1.34555e-08
 Reference value :  1.34680e-08
 Reference value :  1.34685e-08
 Reference value :  1.34719e-08
 Reference value :  1.34758e-08
 Reference value :  1.34808e-08
 Reference value :  1.34884e-08
 Reference value :  1.35023e-08
 Reference value :  1.35134e-08
 Reference value :  1.35338e-08
 Reference value :  1.35401e-08
 Reference value :  1.35480e-08
 Reference value :  1.35480e-08
 Reference value :  1.35485e-08
 Reference value :  1.35499e-08
 Reference value :  1.35515e-08
 Reference value :  1.35553e-08
 Reference value :  1.35601e-08
 Reference value :  1.35668e-08
 Reference value :  1.35780e-08
 Reference value :  1.35943e-08
 Reference value :  1.36130e-08
 Reference value :  1.36356e-08
 Reference value :  1.36633e-08
 Reference value :  1.36980e-08
 Reference value :  1.37374e-08
 Reference value :  1.37380e-08
 Reference value :  1.37389e-08
 Reference value :  1.37428e-08
 Reference value :  1.37741e-08
 Reference value :  1.38141e-08
 Reference value :  1.38722e-08
 Reference value :  1.38731e-08
 Reference value :  1.38741e-08
 Reference value :  1.38819e-08
 Reference value :  1.39288e-08
 Reference value :  1.39888e-08
 Reference value :  1.40488e-08
 Reference value :  1.41088e-08
 Reference value :  1.41688e-08
 Reference value :  1.42288e-08
 Reference value :  1.43088e-08
 Reference value :  1.43688e-08
 Reference value :  1.44108e-08
 Reference value :  1.44114e-08
 Reference value :  1.44120e-08
 Reference value :  1.44139e-08
 Reference value :  1.44296e-08
 Reference value :  1.44875e-08
 Reference value :  1.45475e-08
 Reference value :  1.46075e-08
 Reference value :  1.46675e-08
 Reference value :  1.47275e-08
 Reference value :  1.47875e-08
 Reference value :  1.48149e-08
 Reference value :  1.48160e-08
 Reference value :  1.48191e-08
 Reference value :  1.48230e-08
 Reference value :  1.48315e-08
 Reference value :  1.48356e-08
 Reference value :  1.48447e-08
 Reference value :  1.48552e-08
 Reference value :  1.48673e-08
 Reference value :  1.48814e-08
 Reference value :  1.48915e-08
 Reference value :  1.48948e-08
 Reference value :  1.48952e-08
 Reference value :  1.48965e-08
 Reference value :  1.49020e-08
 Reference value :  1.49096e-08
 Reference value :  1.49178e-08
 Reference value :  1.49323e-08
 Reference value :  1.49496e-08
 Reference value :  1.49700e-08
 Reference value :  1.50092e-08
 Reference value :  1.50436e-08
 Reference value :  1.50836e-08
 Reference value :  1.51236e-08
 Reference value :  1.51836e-08
 Reference value :  1.52190e-08
 Reference value :  1.52199e-08
 Reference value :  1.52203e-08
 Reference value :  1.52243e-08
 Reference value :  1.52556e-08
 Reference value :  1.53156e-08
 Reference value :  1.53756e-08
 Reference value :  1.54356e-08
 Reference value :  1.54956e-08
 Reference value :  1.55556e-08
 Reference value :  1.56156e-08
 Reference value :  1.56756e-08
 Reference value :  1.57356e-08
 Reference value :  1.57577e-08
 Reference value :  1.57586e-08
 Reference value :  1.57591e-08
 Reference value :  1.57630e-08
 Reference value :  1.57943e-08
 Reference value :  1.58543e-08
 Reference value :  1.59143e-08
 Reference value :  1.59743e-08
 Reference value :  1.60343e-08
 Reference value :  1.60943e-08
 Reference value :  1.61616e-08
 Reference value :  1.61617e-08
 Reference value :  1.61622e-08
 Reference value :  1.61659e-08
 Reference value :  1.61698e-08
 Reference value :  1.61750e-08
 Reference value :  1.61824e-08
 Reference value :  1.61915e-08
 Reference value :  1.62020e-08
 Reference value :  1.62141e-08
 Reference value :  1.62282e-08
 Reference value :  1.62383e-08
 Reference value :  1.62416e-08
 Reference value :  1.62420e-08
 Reference value :  1.62433e-08
 Reference value :  1.62467e-08
 Reference value :  1.62535e-08
 Reference value :  1.62646e-08
 Reference value :  1.62791e-08
 Reference value :  1.62964e-08
 Reference value :  1.63168e-08
 Reference value :  1.63416e-08
 Reference value :  1.63723e-08
 Reference value :  1.64104e-08
 Reference value :  1.64504e-08
 Reference value :  1.64904e-08
 Reference value :  1.65480e-08
 Reference value :  1.65660e-08
 Reference value :  1.65669e-08
 Reference value :  1.65688e-08
 Reference value :  1.65845e-08
 Reference value :  1.66424e-08
 Reference value :  1.67024e-08
 Reference value :  1.67624e-08
 Reference value :  1.68224e-08
 Reference value :  1.68824e-08
 Reference value :  1.69424e-08
 Reference value :  1.70024e-08
 Reference value :  1.70624e-08
 Reference value :  1.71044e-08
 Reference value :  1.71050e-08
 Reference value :  1.71056e-08
 Reference value :  1.71098e-08
 Reference value :  1.71411e-08
 Reference value :  1.72011e-08
 Reference value :  1.72811e-08
 Reference value :  1.73411e-08
 Reference value :  1.74011e-08
 Reference value :  1.74611e-08
 Reference value :  1.75084e-08
 Reference value :  1.75085e-08
 Reference value :  1.75096e-08
 Reference value :  1.75127e-08
 Reference value :  1.75166e-08
 Reference value :  1.75218e-08
 Reference value :  1.75292e-08
 Reference value :  1.75383e-08
 Reference value :  1.75545e-08
 Reference value :  1.75681e-08
 Reference value :  1.75750e-08
 Reference value :  1.75851e-08
 Reference value :  1.75884e-08
 Reference value :  1.75888e-08
 Reference value :  1.75901e-08
 Reference value :  1.75935e-08
 Reference value :  1.75977e-08
 Reference value :  1.76032e-08
 Reference value :  1.76114e-08
 Reference value :  1.76259e-08
 Reference value :  1.76432e-08
 Reference value :  1.76636e-08
 Reference value :  1.76884e-08
 Reference value :  1.77191e-08
 Reference value :  1.77572e-08
 Reference value :  1.78172e-08
 Reference value :  1.78772e-08
 Reference value :  1.79126e-08
 Reference value :  1.79135e-08
 Reference value :  1.79139e-08
 Reference value :  1.79179e-08
 Reference value :  1.79492e-08
 Reference value :  1.80092e-08
 Reference value :  1.80692e-08
 Reference value :  1.81292e-08
 Reference value :  1.81892e-08
 Reference value :  1.82492e-08
 Reference value :  1.83092e-08
 Reference value :  1.83692e-08
 Reference value :  1.84292e-08
 Reference value :  1.84513e-08
 Reference value :  1.84522e-08
 Reference value :  1.84527e-08
 Reference value :  1.84566e-08
 Reference value :  1.84879e-08
 Reference value :  1.85479e-08
 Reference value :  1.86079e-08
 Reference value :  1.86679e-08
 Reference value :  1.87279e-08
 Reference value :  1.87879e-08
 Reference value :  1.88416e-08
 Reference value :  1.88553e-08
 Reference value :  1.88558e-08
 Reference value :  1.88576e-08
 Reference value :  1.88612e-08
 Reference value :  1.88656e-08
 Reference value :  1.88719e-08
 Reference value :  1.88760e-08
 Reference value :  1.88851e-08
 Reference value :  1.88956e-08
 Reference value :  1.89150e-08
 Reference value :  1.89218e-08
 Reference value :  1.89319e-08
 Reference value :  1.89352e-08
 Reference value :  1.89356e-08
 Reference value :  1.89369e-08
 Reference value :  1.89403e-08
 Reference value :  1.89445e-08
 Reference value :  1.89500e-08
 Reference value :  1.89582e-08
 Reference value :  1.89728e-08
 Reference value :  1.89996e-08
 Reference value :  1.90221e-08
 Reference value :  1.90496e-08
 Reference value :  1.90840e-08
 Reference value :  1.91440e-08
 Reference value :  1.91840e-08
 Reference value :  1.92416e-08
 Reference value :  1.92596e-08
 Reference value :  1.92603e-08
 Reference value :  1.92624e-08
 Reference value :  1.92781e-08
 Reference value :  1.93360e-08
 Reference value :  1.93960e-08
 Reference value :  1.94560e-08
 Reference value :  1.95160e-08
 Reference value :  1.95760e-08
 Reference value :  1.96360e-08
 Reference value :  1.96960e-08
 Reference value :  1.97560e-08
 Reference value :  1.97980e-08
 Reference value :  1.97986e-08
 Reference value :  1.97992e-08
 Reference value :  1.98011e-08
 Reference value :  1.98168e-08
 Reference value :  1.98747e-08
 Reference value :  1.99347e-08
 Reference value :  1.99947e-08
 Reference value :  2.00547e-08
 Reference value :  2.01147e-08
 Reference value :  2.01884e-08
 Reference value :  2.02021e-08
 Reference value :  2.02032e-08
 Reference value :  2.02080e-08
 Reference value :  2.02124e-08
 Reference value :  2.02228e-08
 Reference value :  2.02319e-08
 Reference value :  2.02424e-08
 Reference value :  2.02545e-08
 Reference value :  2.02686e-08
 Reference value :  2.02820e-08
 Reference value :  2.02820e-08
 Reference value :  2.02829e-08
 Reference value :  2.02855e-08
 Reference value :  2.02913e-08
 Reference value :  2.02968e-08
 Reference value :  2.03050e-08
 Reference value :  2.03196e-08
 Reference value :  2.03368e-08
 Reference value :  2.03572e-08
 Reference value :  2.03820e-08
 Reference value :  2.04127e-08
 Reference value :  2.04708e-08
 Reference value :  2.05108e-08
 Reference value :  2.05708e-08
 Reference value :  2.06062e-08
 Reference value :  2.06071e-08
 Reference value :  2.06076e-08
 Reference value :  2.06115e-08
 Reference value :  2.06428e-08
 Reference value :  2.07228e-08
 Reference value :  2.07828e-08
 Reference value :  2.08428e-08
 Reference value :  2.09028e-08
 Reference value :  2.09628e-08
 Reference value :  2.10228e-08
 Reference value :  2.10828e-08
 Reference value :  2.11338e-08
 Reference value :  2.11451e-08
 Reference value :  2.11459e-08
 Reference value :  2.11468e-08
 Reference value :  2.11547e-08
 Reference value :  2.12016e-08
 Reference value :  2.12605e-08
 Reference value :  2.12798e-08
 Reference value :  2.12805e-08
 Reference value :  2.12815e-08
 Reference value :  2.12894e-08
 Reference value :  2.13362e-08
 Reference value :  2.13962e-08
 Reference value :  2.14525e-08
 Reference value :  2.14689e-08
 Reference value :  2.14695e-08
 Reference value :  2.14716e-08
 Reference value :  2.14753e-08
 Reference value :  2.14798e-08
 Reference value :  2.14904e-08
 Reference value :  2.14996e-08
 Reference value :  2.15102e-08
 Reference value :  2.15226e-08
 Reference value :  2.15367e-08
 Reference value :  2.15480e-08
 Reference value :  2.15488e-08
 Reference value :  2.15490e-08
 Reference value :  2.15503e-08
 Reference value :  2.15535e-08
 Reference value :  2.15575e-08
 Reference value :  2.15627e-08
 Reference value :  2.15704e-08
 Reference value :  2.15846e-08
 Reference value :  2.16015e-08
 Reference value :  2.16215e-08
 Reference value :  2.16457e-08
 Reference value :  2.16756e-08
 Reference value :  2.17128e-08
 Reference value :  2.17528e-08
 Reference value :  2.17928e-08
 Reference value :  2.18328e-08
 Reference value :  2.19128e-08
 Reference value :  2.19728e-08
 Reference value :  2.20328e-08
 Reference value :  2.20928e-08
 Reference value :  2.21728e-08
 Reference value :  2.22328e-08
 Reference value :  2.22928e-08
 Reference value :  2.23528e-08
 Reference value :  2.24128e-08
 Reference value :  2.24728e-08
 Reference value :  2.25328e-08
 Reference value :  2.25928e-08
 Reference value :  2.26528e-08
 Reference value :  2.27128e-08
 Reference value :  2.27728e-08
 Reference value :  2.28328e-08
 Reference value :  2.28928e-08
 Reference value :  2.29528e-08
 Reference value :  2.30128e-08
 Reference value :  2.30728e-08
 Reference value :  2.31328e-08
 Reference value :  2.31928e-08
 Reference value :  2.32728e-08
 Reference value :  2.33328e-08
 Reference value :  2.34128e-08
 Reference value :  2.34928e-08
 Reference value :  2.35728e-08
 Reference value :  2.36328e-08
 Reference value :  2.37128e-08
 Reference value :  2.37728e-08
 Reference value :  2.38328e-08
 Reference value :  2.38928e-08
 Reference value :  2.39528e-08
 Reference value :  2.40128e-08
 Reference value :  2.40728e-08
 Reference value :  2.41528e-08
 Reference value :  2.42328e-08
 Reference value :  2.43128e-08
 Reference value :  2.43728e-08
 Reference value :  2.44328e-08
 Reference value :  2.45128e-08
 Reference value :  2.45728e-08
 Reference value :  2.46328e-08
 Reference value :  2.46928e-08
 Reference value :  2.47528e-08
 Reference value :  2.48128e-08
 Reference value :  2.48728e-08
 Reference value :  2.49328e-08
 Reference value :  2.49928e-08
 Reference value :  2.50528e-08
 Reference value :  2.51128e-08
 Reference value :  2.51728e-08
 Reference value :  2.52328e-08
 Reference value :  2.52928e-08
 Reference value :  2.53528e-08
 Reference value :  2.54128e-08
 Reference value :  2.54728e-08
 Reference value :  2.55328e-08
 Reference value :  2.55928e-08
 Reference value :  2.56528e-08
 Reference value :  2.57128e-08
 Reference value :  2.57728e-08
 Reference value :  2.58328e-08
 Reference value :  2.58928e-08
 Reference value :  2.59528e-08
 Reference value :  2.60128e-08
 Reference value :  2.60728e-08
 Reference value :  2.61328e-08
 Reference value :  2.61928e-08
 Reference value :  2.62728e-08
 Reference value :  2.63528e-08
 Reference value :  2.64328e-08
 Reference value :  2.64928e-08
 Reference value :  2.65528e-08
 Reference value :  2.66128e-08
 Reference value :  2.66728e-08
 Reference value :  2.67328e-08
 Reference value :  2.68128e-08
 Reference value :  2.68728e-08
 Reference value :  2.69328e-08
 Reference value :  2.69928e-08
 Reference value :  2.70528e-08
 Reference value :  2.71128e-08
 Reference value :  2.71728e-08
 Reference value :  2.72328e-08
 Reference value :  2.72928e-08
 Reference value :  2.73528e-08
 Reference value :  2.74328e-08
 Reference value :  2.74928e-08
 Reference value :  2.75528e-08
 Reference value :  2.76128e-08
 Reference value :  2.76728e-08
 Reference value :  2.77328e-08
 Reference value :  2.77928e-08
 Reference value :  2.78528e-08
 Reference value :  2.79128e-08
 Reference value :  2.79728e-08
 Reference value :  2.80528e-08
 Reference value :  2.81128e-08
 Reference value :  2.81728e-08
 Reference value :  2.82528e-08
 Reference value :  2.83128e-08
 Reference value :  2.83728e-08
 Reference value :  2.84328e-08
 Reference value :  2.84928e-08
 Reference value :  2.85528e-08
 Reference value :  2.86128e-08
 Reference value :  2.86728e-08
 Reference value :  2.87328e-08
 Reference value :  2.87928e-08
 Reference value :  2.88728e-08
 Reference value :  2.89328e-08
 Reference value :  2.89928e-08
 Reference value :  2.90528e-08
 Reference value :  2.91328e-08
 Reference value :  2.91928e-08
 Reference value :  2.92528e-08
 Reference value :  2.93128e-08
 Reference value :  2.93728e-08
 Reference value :  2.94328e-08
 Reference value :  2.94928e-08
 Reference value :  2.95528e-08
 Reference value :  2.96128e-08
 Reference value :  2.96728e-08
 Reference value :  2.97528e-08
 Reference value :  2.98128e-08
 Reference value :  2.98928e-08
 Reference value :  2.99528e-08
 Reference value :  3.00328e-08
 Reference value :  3.00928e-08
 Reference value :  3.01528e-08
 Reference value :  3.02128e-08
 Reference value :  3.02728e-08
 Reference value :  3.03328e-08
 Reference value :  3.03928e-08
 Reference value :  3.04528e-08
 Reference value :  3.05128e-08
 Reference value :  3.05728e-08
 Reference value :  3.06528e-08
 Reference value :  3.07128e-08
 Reference value :  3.07928e-08
 Reference value :  3.08528e-08
 Reference value :  3.09128e-08
 Reference value :  3.09728e-08
 Reference value :  3.10328e-08
 Reference value :  3.10928e-08
 Reference value :  3.11528e-08
 Reference value :  3.12128e-08
 Reference value :  3.12728e-08
 Reference value :  3.13328e-08
 Reference value :  3.14128e-08
 Reference value :  3.14928e-08
 Reference value :  3.15528e-08
 Reference value :  3.16128e-08
 Reference value :  3.16728e-08
 Reference value :  3.17328e-08
 Reference value :  3.17928e-08
 Reference value :  3.18528e-08
 Reference value :  3.19128e-08
 Reference value :  3.19728e-08
 Reference value :  3.20328e-08
 Reference value :  3.20928e-08
 Reference value :  3.21728e-08
 Reference value :  3.22328e-08
 Reference value :  3.22928e-08
 Reference value :  3.23528e-08
 Reference value :  3.24128e-08
 Reference value :  3.24728e-08
 Reference value :  3.25328e-08
 Reference value :  3.25928e-08
 Reference value :  3.26528e-08
 Reference value :  3.27128e-08
 Reference value :  3.27728e-08
 Reference value :  3.28328e-08
 Reference value :  3.28928e-08
 Reference value :  3.29528e-08
 Reference value :  3.30328e-08
 Reference value :  3.30928e-08
 Reference value :  3.31528e-08
 Reference value :  3.32128e-08
 Reference value :  3.32928e-08
 Reference value :  3.33528e-08
 Reference value :  3.34128e-08
 Reference value :  3.34728e-08
 Reference value :  3.35328e-08
 Reference value :  3.35928e-08
 Reference value :  3.36514e-08
 Reference value :  3.36701e-08
 Reference value :  3.36708e-08
 Reference value :  3.36749e-08
 Reference value :  3.36790e-08
 Reference value :  3.36845e-08
 Reference value :  3.36931e-08
 Reference value :  3.37022e-08
 Reference value :  3.37130e-08
 Reference value :  3.37258e-08
 Reference value :  3.37397e-08
 Reference value :  3.37500e-08
 Reference value :  3.37502e-08
 Reference value :  3.37513e-08
 Reference value :  3.37562e-08
 Reference value :  3.37634e-08
 Reference value :  3.37760e-08
 Reference value :  3.37915e-08
 Reference value :  3.38095e-08
 Reference value :  3.38309e-08
 Reference value :  3.38571e-08
 Reference value :  3.38897e-08
 Reference value :  3.39295e-08
 Reference value :  3.39695e-08
 Reference value :  3.40295e-08
 Reference value :  3.40895e-08
 Reference value :  3.41495e-08
 Reference value :  3.42095e-08
 Reference value :  3.42695e-08
 Reference value :  3.43295e-08
 Reference value :  3.43895e-08
 Reference value :  3.44495e-08
 Reference value :  3.45095e-08
 Reference value :  3.45695e-08
 Reference value :  3.46295e-08
 Reference value :  3.46895e-08
 Reference value :  3.47495e-08
 Reference value :  3.48095e-08
 Reference value :  3.48695e-08
 Reference value :  3.49295e-08
 Reference value :  3.49895e-08
 Reference value :  3.50169e-08
 Reference value :  3.50174e-08
 Reference value :  3.50211e-08
 Reference value :  3.50273e-08
 Reference value :  3.50335e-08
 Reference value :  3.50376e-08
 Reference value :  3.50467e-08
 Reference value :  3.50572e-08
 Reference value :  3.50766e-08
 Reference value :  3.50901e-08
 Reference value :  3.50968e-08
 Reference value :  3.50969e-08
 Reference value :  3.50977e-08
 Reference value :  3.51003e-08
 Reference value :  3.51041e-08
 Reference value :  3.51088e-08
 Reference value :  3.51154e-08
 Reference value :  3.51264e-08
 Reference value :  3.51516e-08
 Reference value :  3.51837e-08
 Reference value :  3.52112e-08
 Reference value :  3.52656e-08
 Reference value :  3.53256e-08
 Reference value :  3.53656e-08
 Reference value :  3.54256e-08
 Reference value :  3.54856e-08
 Reference value :  3.55456e-08
 Reference value :  3.56256e-08
 Reference value :  3.56856e-08
 Reference value :  3.57456e-08
 Reference value :  3.58056e-08
 Reference value :  3.58656e-08
 Reference value :  3.59256e-08
 Reference value :  3.59856e-08
 Reference value :  3.60456e-08
 Reference value :  3.61256e-08
 Reference value :  3.61856e-08
 Reference value :  3.62456e-08
 Reference value :  3.63056e-08
 Reference value :  3.63636e-08
 Reference value :  3.63637e-08
 Reference value :  3.63644e-08
 Reference value :  3.63668e-08
 Reference value :  3.63705e-08
 Reference value :  3.63752e-08
 Reference value :  3.63821e-08
 Reference value :  3.63911e-08
 Reference value :  3.64012e-08
 Reference value :  3.64128e-08
 Reference value :  3.64273e-08
 Reference value :  3.64336e-08
 Reference value :  3.64436e-08
 Reference value :  3.64437e-08
 Reference value :  3.64442e-08
 Reference value :  3.64461e-08
 Reference value :  3.64497e-08
 Reference value :  3.64569e-08
 Reference value :  3.64694e-08
 Reference value :  3.64848e-08
 Reference value :  3.65027e-08
 Reference value :  3.65241e-08
 Reference value :  3.65502e-08
 Reference value :  3.65827e-08
 Reference value :  3.66224e-08
 Reference value :  3.66824e-08
 Reference value :  3.67424e-08
 Reference value :  3.68024e-08
 Reference value :  3.68624e-08
 Reference value :  3.69224e-08
 Reference value :  3.69824e-08
 Reference value :  3.70424e-08
 Reference value :  3.71224e-08
 Reference value :  3.72024e-08
 Reference value :  3.72824e-08
 Reference value :  3.73624e-08
 Reference value :  3.74424e-08
 Reference value :  3.75024e-08
 Reference value :  3.75824e-08
 Reference value :  3.76624e-08
 Reference value :  3.77104e-08
 Reference value :  3.77105e-08
 Reference value :  3.77110e-08
 Reference value :  3.77129e-08
 Reference value :  3.77165e-08
 Reference value :  3.77209e-08
 Reference value :  3.77272e-08
 Reference value :  3.77314e-08
 Reference value :  3.77404e-08
 Reference value :  3.77567e-08
 Reference value :  3.77772e-08
 Reference value :  3.77871e-08
 Reference value :  3.77905e-08
 Reference value :  3.77913e-08
 Reference value :  3.77956e-08
 Reference value :  3.77997e-08
 Reference value :  3.78052e-08
 Reference value :  3.78135e-08
 Reference value :  3.78280e-08
 Reference value :  3.78452e-08
 Reference value :  3.78656e-08
 Reference value :  3.78904e-08
 Reference value :  3.79211e-08
 Reference value :  3.79592e-08
 Reference value :  3.79992e-08
 Reference value :  3.80392e-08
 Reference value :  3.80992e-08
 Reference value :  3.81592e-08
 Reference value :  3.82192e-08
 Reference value :  3.82792e-08
 Reference value :  3.83592e-08
 Reference value :  3.84392e-08
 Reference value :  3.84992e-08
 Reference value :  3.85792e-08
 Reference value :  3.86392e-08
 Reference value :  3.86992e-08
 Reference value :  3.87592e-08
 Reference value :  3.88192e-08
 Reference value :  3.88792e-08
 Reference value :  3.89392e-08
 Reference value :  3.89992e-08
 Reference value :  3.90572e-08
 Reference value :  3.90574e-08
 Reference value :  3.90588e-08
 Reference value :  3.90621e-08
 Reference value :  3.90662e-08
 Reference value :  3.90718e-08
 Reference value :  3.90804e-08
 Reference value :  3.90896e-08
 Reference value :  3.91004e-08
 Reference value :  3.91132e-08
 Reference value :  3.91272e-08
 Reference value :  3.91372e-08
 Reference value :  3.91373e-08
 Reference value :  3.91378e-08
 Reference value :  3.91397e-08
 Reference value :  3.91433e-08
 Reference value :  3.91477e-08
 Reference value :  3.91537e-08
 Reference value :  3.91630e-08
 Reference value :  3.91784e-08
 Reference value :  3.91963e-08
 Reference value :  3.92177e-08
 Reference value :  3.92438e-08
 Reference value :  3.92763e-08
 Reference value :  3.93160e-08
 Reference value :  3.93560e-08
 Reference value :  3.94160e-08
 Reference value :  3.94760e-08
 Reference value :  3.95360e-08
 Reference value :  3.95960e-08
 Reference value :  3.96560e-08
 Reference value :  3.97160e-08
 Reference value :  3.97760e-08
 Reference value :  3.98360e-08
 Reference value :  3.99160e-08
 Reference value :  3.99760e-08
 Reference value :  4.00360e-08
 Reference value :  4.00960e-08
 Reference value :  4.01560e-08
 Reference value :  4.02160e-08
 Reference value :  4.02760e-08
 Reference value :  4.03360e-08
 Reference value :  4.03900e-08
 Reference value :  4.04041e-08
 Reference value :  4.04046e-08
 Reference value :  4.04065e-08
 Reference value :  4.04101e-08
 Reference value :  4.04145e-08
 Reference value :  4.04208e-08
 Reference value :  4.04250e-08
 Reference value :  4.04340e-08
 Reference value :  4.04446e-08
 Reference value :  4.04567e-08
 Reference value :  4.04708e-08
 Reference value :  4.04807e-08
 Reference value :  4.04841e-08
 Reference value :  4.04849e-08
 Reference value :  4.04875e-08
 Reference value :  4.04913e-08
 Reference value :  4.04988e-08
 Reference value :  4.05071e-08
 Reference value :  4.05216e-08
 Reference value :  4.05388e-08
 Reference value :  4.05592e-08
 Reference value :  4.05840e-08
 Reference value :  4.06147e-08
 Reference value :  4.06529e-08
 Reference value :  4.06929e-08
 Reference value :  4.07329e-08
 Reference value :  4.07929e-08
 Reference value :  4.08529e-08
 Reference value :  4.09129e-08
 Reference value :  4.09729e-08
 Reference value :  4.10529e-08
 Reference value :  4.11129e-08
 Reference value :  4.11729e-08
 Reference value :  4.12329e-08
 Reference value :  4.12929e-08
 Reference value :  4.13529e-08
 Reference value :  4.14129e-08
 Reference value :  4.14729e-08
 Reference value :  4.15329e-08
 Reference value :  4.16129e-08
 Reference value :  4.16729e-08
 Reference value :  4.17318e-08
 Reference value :  4.17509e-08
 Reference value :  4.17516e-08
 Reference value :  4.17540e-08
 Reference value :  4.17578e-08
 Reference value :  4.17624e-08
 Reference value :  4.17693e-08
 Reference value :  4.17783e-08
 Reference value :  4.17884e-08
 Reference value :  4.18000e-08
 Reference value :  4.18145e-08
 Reference value :  4.18208e-08
 Reference value :  4.18309e-08
 Reference value :  4.18314e-08
 Reference value :  4.18333e-08
 Reference value :  4.18369e-08
 Reference value :  4.18413e-08
 Reference value :  4.18473e-08
 Reference value :  4.18566e-08
 Reference value :  4.18720e-08
 Reference value :  4.18899e-08
 Reference value :  4.19113e-08
 Reference value :  4.19374e-08
 Reference value :  4.19699e-08
 Reference value :  4.20096e-08
 Reference value :  4.20496e-08
 Reference value :  4.21096e-08
 Reference value :  4.21896e-08
 Reference value :  4.22496e-08
 Reference value :  4.23296e-08
 Reference value :  4.24096e-08
 Reference value :  4.24696e-08
 Reference value :  4.25296e-08
 Reference value :  4.25896e-08
 Reference value :  4.26496e-08
 Reference value :  4.27096e-08
 Reference value :  4.27696e-08
 Reference value :  4.28296e-08
 Reference value :  4.28896e-08
 Reference value :  4.29496e-08
 Reference value :  4.30036e-08
 Reference value :  4.30177e-08
 Reference value :  4.30182e-08
 Reference value :  4.30201e-08
 Reference value :  4.30237e-08
 Reference value :  4.30281e-08
 Reference value :  4.30344e-08
 Reference value :  4.30386e-08
 Reference value :  4.30476e-08
 Reference value :  4.30582e-08
 Reference value :  4.30703e-08
 Reference value :  4.30844e-08
 Reference value :  4.30943e-08
 Reference value :  4.30977e-08
 Reference value :  4.30981e-08
 Reference value :  4.30994e-08
 Reference value :  4.31028e-08
 Reference value :  4.31069e-08
 Reference value :  4.31124e-08
 Reference value :  4.31207e-08
 Reference value :  4.31352e-08
 Reference value :  4.31524e-08
 Reference value :  4.31728e-08
 Reference value :  4.31976e-08
 Reference value :  4.32465e-08
 Reference value :  4.33065e-08
 Reference value :  4.33465e-08
 Reference value :  4.34065e-08
 Reference value :  4.34665e-08
 Reference value :  4.35265e-08
 Reference value :  4.35865e-08
 Reference value :  4.36465e-08
 Reference value :  4.37065e-08
 Reference value :  4.37665e-08
 Reference value :  4.38265e-08
 Reference value :  4.38865e-08
 Reference value :  4.39465e-08
 Reference value :  4.40665e-08
 Reference value :  4.41265e-08
 Reference value :  4.41865e-08
 Reference value :  4.42465e-08
 Reference value :  4.43065e-08
 Reference value :  4.43865e-08
 Reference value :  4.44465e-08
 Reference value :  4.45265e-08
 Reference value :  4.45865e-08
 Reference value :  4.46465e-08
 Reference value :  4.47065e-08
 Reference value :  4.47665e-08
 Reference value :  4.48265e-08
 Reference value :  4.48865e-08
 Reference value :  4.49465e-08
 Reference value :  4.50065e-08
 Reference value :  4.50665e-08
 Reference value :  4.51265e-08
 Reference value :  4.51865e-08
 Reference value :  4.52465e-08
 Reference value :  4.53065e-08
 Reference value :  4.53665e-08
 Reference value :  4.54265e-08
 Reference value :  4.54865e-08
 Reference value :  4.55465e-08
 Reference value :  4.56065e-08
 Reference value :  4.56665e-08
 Reference value :  4.57265e-08
 Reference value :  4.57865e-08
 Reference value :  4.58465e-08
 Reference value :  4.59065e-08
 Reference value :  4.59665e-08
 Reference value :  4.60265e-08
 Reference value :  4.61065e-08
 Reference value :  4.61665e-08
 Reference value :  4.62265e-08
 Reference value :  4.62865e-08
 Reference value :  4.63465e-08
 Reference value :  4.64065e-08
 Reference value :  4.64665e-08
 Reference value :  4.65265e-08
 Reference value :  4.66065e-08
 Reference value :  4.66665e-08
 Reference value :  4.67265e-08
 Reference value :  4.67865e-08
 Reference value :  4.68465e-08
 Reference value :  4.69065e-08
 Reference value :  4.69665e-08
 Reference value :  4.70265e-08
 Reference value :  4.70865e-08
 Reference value :  4.71465e-08
 Reference value :  4.72065e-08
 Reference value :  4.72665e-08
 Reference value :  4.73265e-08
 Reference value :  4.73865e-08
 Reference value :  4.74465e-08
 Reference value :  4.75065e-08
 Reference value :  4.75665e-08
 Reference value :  4.76265e-08
 Reference value :  4.76865e-08
 Reference value :  4.77465e-08
 Reference value :  4.78065e-08
 Reference value :  4.78665e-08
 Reference value :  4.79265e-08
 Reference value :  4.79865e-08
 Reference value :  4.80465e-08
 Reference value :  4.81065e-08
 Reference value :  4.81865e-08
 Reference value :  4.82665e-08
 Reference value :  4.83265e-08
 Reference value :  4.83865e-08
 Reference value :  4.84465e-08
 Reference value :  4.85065e-08
 Reference value :  4.85665e-08
 Reference value :  4.86265e-08
 Reference value :  4.86865e-08
 Reference value :  4.87465e-08
 Reference value :  4.88065e-08
 Reference value :  4.88865e-08
 Reference value :  4.89465e-08
 Reference value :  4.90065e-08
 Reference value :  4.90665e-08
 Reference value :  4.91265e-08
 Reference value :  4.91865e-08
 Reference value :  4.92465e-08
 Reference value :  4.93265e-08
 Reference value :  4.93865e-08
 Reference value :  4.94465e-08
 Reference value :  4.95065e-08
 Reference value :  4.95665e-08
 Reference value :  4.96265e-08
 Reference value :  4.97065e-08
 Reference value :  4.97865e-08
 Reference value :  4.98465e-08
 Reference value :  4.99065e-08
 Reference value :  4.99865e-08
 Reference value :  5.00465e-08
 Reference value :  5.01065e-08
 Reference value :  5.01665e-08
 Reference value :  5.02465e-08
 Reference value :  5.03065e-08
 Reference value :  5.03865e-08
 Reference value :  5.04665e-08
 Reference value :  5.05265e-08
 Reference value :  5.05865e-08
 Reference value :  5.06465e-08
 Reference value :  5.07065e-08
 Reference value :  5.07865e-08
 Reference value :  5.08465e-08
 Reference value :  5.09065e-08
 Reference value :  5.09665e-08
 Reference value :  5.10265e-08
 Reference value :  5.11065e-08
 Reference value :  5.11865e-08
 Reference value :  5.12465e-08
 Reference value :  5.13065e-08
 Reference value :  5.13665e-08
 Reference value :  5.14265e-08
 Reference value :  5.14865e-08
 Reference value :  5.15465e-08
 Reference value :  5.16065e-08
 Reference value :  5.16865e-08
 Reference value :  5.17465e-08
 Reference value :  5.18065e-08
 Reference value :  5.18665e-08
 Reference value :  5.19265e-08
 Reference value :  5.19865e-08
 Reference value :  5.20465e-08
 Reference value :  5.21065e-08
 Reference value :  5.21665e-08
 Reference value :  5.22265e-08
 Reference value :  5.22865e-08
 Reference value :  5.23465e-08
 Reference value :  5.24265e-08
 Reference value :  5.24865e-08
 Reference value :  5.25465e-08
 Reference value :  5.26065e-08
 Reference value :  5.26665e-08
 Reference value :  5.27265e-08
 Reference value :  5.27865e-08
 Reference value :  5.28465e-08
 Reference value :  5.29265e-08
 Reference value :  5.29865e-08
 Reference value :  5.30465e-08
 Reference value :  5.31065e-08
 Reference value :  5.31665e-08
 Reference value :  5.32265e-08
 Reference value :  5.32865e-08
 Reference value :  5.33465e-08
 Reference value :  5.34065e-08
 Reference value :  5.34665e-08
 Reference value :  5.35265e-08
 Reference value :  5.35865e-08
 Reference value :  5.36465e-08
 Reference value :  5.37065e-08
 Reference value :  5.37665e-08
 Reference value :  5.38265e-08
 Reference value :  5.39065e-08
 Reference value :  5.39865e-08
 Reference value :  5.40465e-08
 Reference value :  5.41065e-08
 Reference value :  5.41665e-08
 Reference value :  5.42265e-08
 Reference value :  5.42865e-08
 Reference value :  5.43465e-08
 Reference value :  5.44265e-08
 Reference value :  5.45065e-08
 Reference value :  5.45865e-08
 Reference value :  5.46665e-08
 Reference value :  5.47265e-08
 Reference value :  5.47865e-08
 Reference value :  5.48465e-08
 Reference value :  5.49265e-08
 Reference value :  5.49865e-08
 Reference value :  5.50465e-08
 Reference value :  5.51065e-08
 Reference value :  5.51865e-08
 Reference value :  5.52189e-08
 Reference value :  5.52195e-08
 Reference value :  5.52216e-08
 Reference value :  5.52253e-08
 Reference value :  5.52298e-08
 Reference value :  5.52363e-08
 Reference value :  5.52404e-08
 Reference value :  5.52548e-08
 Reference value :  5.52725e-08
 Reference value :  5.52866e-08
 Reference value :  5.52980e-08
 Reference value :  5.52989e-08
 Reference value :  5.52990e-08
 Reference value :  5.53003e-08
 Reference value :  5.53036e-08
 Reference value :  5.53101e-08
 Reference value :  5.53164e-08
 Reference value :  5.53349e-08
 Reference value :  5.53519e-08
 Reference value :  5.53718e-08
 Reference value :  5.54098e-08
 Reference value :  5.54435e-08
 Reference value :  5.54835e-08
 Reference value :  5.55235e-08
 Reference value :  5.55835e-08
 Reference value :  5.56435e-08
 Reference value :  5.57235e-08
 Reference value :  5.57835e-08
 Reference value :  5.58435e-08
 Reference value :  5.59035e-08
 Reference value :  5.59635e-08
 Reference value :  5.60235e-08
 Reference value :  5.60835e-08
 Reference value :  5.61435e-08
 Reference value :  5.62035e-08
 Reference value :  5.62835e-08
 Reference value :  5.63435e-08
 Reference value :  5.64035e-08
 Reference value :  5.64835e-08
 Reference value :  5.65435e-08
 Reference value :  5.65657e-08
 Reference value :  5.65661e-08
 Reference value :  5.65693e-08
 Reference value :  5.65753e-08
 Reference value :  5.65811e-08
 Reference value :  5.65898e-08
 Reference value :  5.65992e-08
 Reference value :  5.66102e-08
 Reference value :  5.66234e-08
 Reference value :  5.66307e-08
 Reference value :  5.66370e-08
 Reference value :  5.66457e-08
 Reference value :  5.66458e-08
 Reference value :  5.66467e-08
 Reference value :  5.66494e-08
 Reference value :  5.66532e-08
 Reference value :  5.66581e-08
 Reference value :  5.66698e-08
 Reference value :  5.66931e-08
 Reference value :  5.67120e-08
 Reference value :  5.67348e-08
 Reference value :  5.67795e-08
 Reference value :  5.68181e-08
 Reference value :  5.68781e-08
 Reference value :  5.69181e-08
 Reference value :  5.69781e-08
 Reference value :  5.70381e-08
 Reference value :  5.70981e-08
 Reference value :  5.71581e-08
 Reference value :  5.72181e-08
 Reference value :  5.72781e-08
 Reference value :  5.73381e-08
 Reference value :  5.74181e-08
 Reference value :  5.74981e-08
 Reference value :  5.75581e-08
 Reference value :  5.76181e-08
 Reference value :  5.76781e-08
 Reference value :  5.77581e-08
 Reference value :  5.78181e-08
 Reference value :  5.78781e-08
 Reference value :  5.79125e-08
 Reference value :  5.79139e-08
 Reference value :  5.79171e-08
 Reference value :  5.79212e-08
 Reference value :  5.79265e-08
 Reference value :  5.79344e-08
 Reference value :  5.79436e-08
 Reference value :  5.79543e-08
 Reference value :  5.79744e-08
 Reference value :  5.79809e-08
 Reference value :  5.79925e-08
 Reference value :  5.79925e-08
 Reference value :  5.79931e-08
 Reference value :  5.79953e-08
 Reference value :  5.79989e-08
 Reference value :  5.80034e-08
 Reference value :  5.80096e-08
 Reference value :  5.80195e-08
 Reference value :  5.80354e-08
 Reference value :  5.80536e-08
 Reference value :  5.80754e-08
 Reference value :  5.81021e-08
 Reference value :  5.81354e-08
 Reference value :  5.81954e-08
 Reference value :  5.82354e-08
 Reference value :  5.82954e-08
 Reference value :  5.83554e-08
 Reference value :  5.84154e-08
 Reference value :  5.84754e-08
 Reference value :  5.85354e-08
 Reference value :  5.85954e-08
 Reference value :  5.86554e-08
 Reference value :  5.87154e-08
 Reference value :  5.87754e-08
 Reference value :  5.88354e-08
 Reference value :  5.88954e-08
 Reference value :  5.89554e-08
 Reference value :  5.90354e-08
 Reference value :  5.91154e-08
 Reference value :  5.91754e-08
 Reference value :  5.92354e-08
 Reference value :  5.92593e-08
 Reference value :  5.92598e-08
 Reference value :  5.92630e-08
 Reference value :  5.92669e-08
 Reference value :  5.92718e-08
 Reference value :  5.92793e-08
 Reference value :  5.92883e-08
 Reference value :  5.93043e-08
 Reference value :  5.93177e-08
 Reference value :  5.93248e-08
 Reference value :  5.93310e-08
 Reference value :  5.93393e-08
 Reference value :  5.93393e-08
 Reference value :  5.93403e-08
 Reference value :  5.93429e-08
 Reference value :  5.93489e-08
 Reference value :  5.93583e-08
 Reference value :  5.93696e-08
 Reference value :  5.93951e-08
 Reference value :  5.94275e-08
 Reference value :  5.94553e-08
 Reference value :  5.94902e-08
 Reference value :  5.95302e-08
 Reference value :  5.95702e-08
 Reference value :  5.96102e-08
 Reference value :  5.96702e-08
 Reference value :  5.97302e-08
 Reference value :  5.98102e-08
 Reference value :  5.98902e-08
 Reference value :  5.99702e-08
 Reference value :  6.00302e-08
 Reference value :  6.00902e-08
 Reference value :  6.01502e-08
 Reference value :  6.02102e-08
 Reference value :  6.02702e-08
 Reference value :  6.03502e-08
 Reference value :  6.04302e-08
 Reference value :  6.04902e-08
 Reference value :  6.05502e-08
 Reference value :  6.06061e-08
 Reference value :  6.06061e-08
 Reference value :  6.06068e-08
 Reference value :  6.06091e-08
 Reference value :  6.06128e-08
 Reference value :  6.06174e-08
 Reference value :  6.06241e-08
 Reference value :  6.06284e-08
 Reference value :  6.06375e-08
 Reference value :  6.06543e-08
 Reference value :  6.06750e-08
 Reference value :  6.06861e-08
 Reference value :  6.06861e-08
 Reference value :  6.06867e-08
 Reference value :  6.06905e-08
 Reference value :  6.06945e-08
 Reference value :  6.06996e-08
 Reference value :  6.07072e-08
 Reference value :  6.07284e-08
 Reference value :  6.07465e-08
 Reference value :  6.07681e-08
 Reference value :  6.07946e-08
 Reference value :  6.08276e-08
 Reference value :  6.08876e-08
 Reference value :  6.09476e-08
No. of Data Rows : 4012
m_ui_ref            =  1.34680e-09 targ=  1.35080e-08 trig=  1.21612e-08
m_spa_in            =  5.38721e-09 targ=  1.75484e-08 trig=  1.21612e-08
m_spb_in            =  4.04040e-09 targ=  1.62016e-08 trig=  1.21612e-08
m_spa_c0            =  5.38720e-09 targ=  1.75565e-08 trig=  1.21693e-08
m_spb_c0            =  4.04040e-09 targ=  1.62097e-08 trig=  1.21693e-08
m_trise_c0          =  5.32916e-11 targ=  1.35421e-08 trig=  1.34888e-08
m_tfall_c0          =  5.32473e-11 targ=  1.48888e-08 trig=  1.48356e-08
m_spa_c1            =  5.38720e-09 targ=  1.75916e-08 trig=  1.22044e-08
m_spb_c1            =  4.04040e-09 targ=  1.62448e-08 trig=  1.22044e-08
m_trise_c1          =  1.25148e-10 targ=  1.36331e-08 trig=  1.35079e-08
m_tfall_c1          =  1.25134e-10 targ=  1.49798e-08 trig=  1.48547e-08
m_spa_c2            =  5.38726e-09 targ=  1.76224e-08 trig=  1.22351e-08
m_spb_c2            =  4.04046e-09 targ=  1.62756e-08 trig=  1.22351e-08
m_trise_c2          =  2.31219e-10 targ=  1.37489e-08 trig=  1.35177e-08
m_tfall_c2          =  2.31582e-10 targ=  1.50961e-08 trig=  1.48645e-08
m_spa_cmis          =  5.38721e-09 targ=  1.76026e-08 trig=  1.22154e-08
m_spb_cmis          =  4.04163e-09 targ=  1.62570e-08 trig=  1.22154e-08
m_dj_ui_c0 = 2.9700007651e-06
m_swing_c0 = 4.9898785724e-01
m_vpp_c0 = 5.7744898815e-01
m_vcm_c0 = 3.0496706931e+00
m_dj_ui_c1 = 2.2275005737e-06
m_swing_c1 = 4.9865703517e-01
m_vpp_c1 = 5.0371949549e-01
m_vcm_c1 = 3.0498362231e+00
m_dj_ui_c2 = 4.1580010707e-05
m_swing_c2 = 4.9792240402e-01
m_vpp_c2 = 5.0110404274e-01
m_vcm_c2 = 3.0501200725e+00
m_dj_ui_cmis = 9.1253273498e-04
m_swing_cmis = 4.9792597970e-01
m_swing_avcclo = 4.9804360066e-01
m_vcm_avcclo = 2.7200424921e+00
m_swing_avcchi = 4.9915129601e-01
m_vcm_avcchi = 3.3796564781e+00
m_vgs_sw_max = 1.6839569812e+00
m_vgd_sw_max = 1.8142373899e+00
m_vds_sw_max = 2.5133779126e+00
m_vgs_tail_max = 1.2184599482e+00
m_vds_tail_max = 1.1962876666e+00
m_swing_dc = 4.9758122244e-01
m_vcm_dc = 3.0503854791e+00
m_ioff_dc = 1.6478194605e-05
m_itail_dc = 9.9845808380e-03
m_icell_dc = 1.0484580840e-02
m_ro_leg = 2.6808781938e+04
Note: Simulation executed from .control section 

