
Note: No compatibility mode selected!


Circuit: * cml-driver-eye @ sf_125c_3.30v_270mbps -- generated by sim/harness, do not edit

Doing analysis at TEMP = 125.000000 and TNOM = 27.000000

Using SPARSE 1.3 as Direct Linear Solver

Initial Transient Solution
--------------------------

Node                                   Voltage
----                                   -------
avcc                                       3.3
avcclo                                    2.97
avcchi                                    3.63
inp                                      2.805
inn                                      1.815
inpz                                     2.805
innz                                     1.815
inref                                     0.99
win                                          0
winc                                         0
xc0.tail                               1.18183
ib_c0                                  1.21716
outp_c0                                2.80159
outn_c0                                3.29918
vd_c0                                 0.497581
xc1.tail                               1.18183
ib_c1                                  1.21716
outp_c1                                2.80159
outn_c1                                3.29918
vd_c1                                 0.497581
xc2.tail                               1.18183
ib_c2                                  1.21716
outp_c2                                2.80159
outn_c2                                3.29918
vd_c2                                 0.497581
xcmis.tail                             1.18183
ib_cmis                                1.21716
outp_cmis                              2.80159
outn_cmis                              3.29918
vd_cmis                               0.497581
xvlo.tail                              1.16571
ib_vlo                                 1.21716
outp_vlo                               2.47206
outn_vlo                               2.96908
xvhi.tail                              1.19656
ib_vhi                                 1.21716
outp_vhi                                3.1312
outn_vhi                               3.62924
xz.tail                                1.18183
ib_z                                   1.21716
vss_z                                        0
outp_z                                 2.80159
outn_z                                 3.29918
xza.tail                               1.17234
ib_za                                  1.21716
outp_za                                    2.6
outn_za                                3.29899
xzb.tail                               1.19071
ib_zb                                  1.21716
outp_zb                                      3
outn_zb                                3.29932
ediff_cmis#branch                            0
ediff_c2#branch                              0
ediff_c1#branch                              0
ediff_c0#branch                              0
einref#branch                                0
vforce_zb#branch                   -0.00997498
vforce_za#branch                   -0.00996006
vsens_z#branch                       0.0104846
vwinc#branch                                 0
vwin#branch                                  0
vinnz#branch                                 0
vinpz#branch                                 0
vinn#branch                                  0
vinp#branch                                  0
vavcchi#branch                     -0.00999111
vavcclo#branch                     -0.00997736
vavcc#branch                        -0.0499567

 Reference value :  0.00000e+00
 Reference value :  8.00000e-13
 Reference value :  1.28000e-11
 Reference value :  6.56000e-11
 Reference value :  1.25600e-10
 Reference value :  1.85600e-10
 Reference value :  2.45600e-10
 Reference value :  3.05600e-10
 Reference value :  3.85600e-10
 Reference value :  4.45600e-10
 Reference value :  5.25600e-10
 Reference value :  6.05600e-10
 Reference value :  6.65600e-10
 Reference value :  7.25600e-10
 Reference value :  7.85600e-10
 Reference value :  8.45600e-10
 Reference value :  9.25600e-10
 Reference value :  1.00560e-09
 Reference value :  1.06560e-09
 Reference value :  1.12560e-09
 Reference value :  1.18560e-09
 Reference value :  1.24560e-09
 Reference value :  1.30560e-09
 Reference value :  1.36560e-09
 Reference value :  1.42560e-09
 Reference value :  1.48560e-09
 Reference value :  1.54560e-09
 Reference value :  1.60560e-09
 Reference value :  1.66560e-09
 Reference value :  1.72560e-09
 Reference value :  1.78560e-09
 Reference value :  1.84560e-09
 Reference value :  1.90560e-09
 Reference value :  1.96560e-09
 Reference value :  2.02560e-09
 Reference value :  2.08560e-09
 Reference value :  2.14560e-09
 Reference value :  2.20560e-09
 Reference value :  2.28560e-09
 Reference value :  2.34560e-09
 Reference value :  2.40560e-09
 Reference value :  2.46560e-09
 Reference value :  2.52560e-09
 Reference value :  2.58560e-09
 Reference value :  2.64560e-09
 Reference value :  2.70560e-09
 Reference value :  2.78560e-09
 Reference value :  2.84560e-09
 Reference value :  2.90560e-09
 Reference value :  2.96560e-09
 Reference value :  3.02560e-09
 Reference value :  3.08560e-09
 Reference value :  3.14560e-09
 Reference value :  3.20560e-09
 Reference value :  3.26560e-09
 Reference value :  3.32560e-09
 Reference value :  3.38560e-09
 Reference value :  3.44560e-09
 Reference value :  3.50560e-09
 Reference value :  3.56560e-09
 Reference value :  3.62560e-09
 Reference value :  3.68560e-09
 Reference value :  3.74560e-09
 Reference value :  3.80560e-09
 Reference value :  3.86560e-09
 Reference value :  3.92560e-09
 Reference value :  3.98560e-09
 Reference value :  4.04560e-09
 Reference value :  4.10560e-09
 Reference value :  4.16560e-09
 Reference value :  4.22560e-09
 Reference value :  4.30560e-09
 Reference value :  4.38560e-09
 Reference value :  4.44560e-09
 Reference value :  4.52560e-09
 Reference value :  4.58560e-09
 Reference value :  4.64560e-09
 Reference value :  4.72560e-09
 Reference value :  4.78560e-09
 Reference value :  4.86560e-09
 Reference value :  4.92560e-09
 Reference value :  4.98560e-09
 Reference value :  5.04560e-09
 Reference value :  5.10560e-09
 Reference value :  5.16560e-09
 Reference value :  5.22560e-09
 Reference value :  5.28560e-09
 Reference value :  5.36560e-09
 Reference value :  5.42560e-09
 Reference value :  5.50560e-09
 Reference value :  5.58560e-09
 Reference value :  5.64560e-09
 Reference value :  5.70560e-09
 Reference value :  5.76560e-09
 Reference value :  5.82560e-09
 Reference value :  5.88560e-09
 Reference value :  5.94560e-09
 Reference value :  6.00560e-09
 Reference value :  6.06560e-09
 Reference value :  6.12560e-09
 Reference value :  6.20560e-09
 Reference value :  6.26560e-09
 Reference value :  6.32560e-09
 Reference value :  6.38560e-09
 Reference value :  6.46560e-09
 Reference value :  6.52560e-09
 Reference value :  6.58560e-09
 Reference value :  6.64560e-09
 Reference value :  6.70560e-09
 Reference value :  6.76560e-09
 Reference value :  6.82560e-09
 Reference value :  6.88560e-09
 Reference value :  6.94560e-09
 Reference value :  7.00560e-09
 Reference value :  7.06560e-09
 Reference value :  7.12560e-09
 Reference value :  7.18560e-09
 Reference value :  7.26560e-09
 Reference value :  7.32560e-09
 Reference value :  7.38560e-09
 Reference value :  7.44560e-09
 Reference value :  7.50560e-09
 Reference value :  7.56560e-09
 Reference value :  7.62560e-09
 Reference value :  7.68560e-09
 Reference value :  7.74560e-09
 Reference value :  7.80560e-09
 Reference value :  7.86560e-09
 Reference value :  7.92560e-09
 Reference value :  7.98560e-09
 Reference value :  8.04560e-09
 Reference value :  8.10560e-09
 Reference value :  8.16560e-09
 Reference value :  8.22560e-09
 Reference value :  8.28560e-09
 Reference value :  8.34560e-09
 Reference value :  8.40560e-09
 Reference value :  8.46560e-09
 Reference value :  8.52560e-09
 Reference value :  8.58560e-09
 Reference value :  8.64560e-09
 Reference value :  8.70560e-09
 Reference value :  8.76560e-09
 Reference value :  8.82560e-09
 Reference value :  8.88560e-09
 Reference value :  8.94560e-09
 Reference value :  9.02560e-09
 Reference value :  9.10560e-09
 Reference value :  9.16560e-09
 Reference value :  9.22560e-09
 Reference value :  9.28560e-09
 Reference value :  9.36560e-09
 Reference value :  9.42560e-09
 Reference value :  9.48560e-09
 Reference value :  9.54560e-09
 Reference value :  9.62560e-09
 Reference value :  9.68560e-09
 Reference value :  9.74560e-09
 Reference value :  9.80560e-09
 Reference value :  9.88560e-09
 Reference value :  9.94560e-09
 Reference value :  1.00256e-08
 Reference value :  1.00856e-08
 Reference value :  1.01456e-08
 Reference value :  1.02056e-08
 Reference value :  1.02656e-08
 Reference value :  1.03256e-08
 Reference value :  1.03856e-08
 Reference value :  1.04656e-08
 Reference value :  1.05256e-08
 Reference value :  1.05856e-08
 Reference value :  1.06656e-08
 Reference value :  1.07456e-08
 Reference value :  1.08056e-08
 Reference value :  1.08656e-08
 Reference value :  1.09256e-08
 Reference value :  1.09856e-08
 Reference value :  1.10456e-08
 Reference value :  1.11056e-08
 Reference value :  1.11656e-08
 Reference value :  1.12256e-08
 Reference value :  1.12856e-08
 Reference value :  1.13456e-08
 Reference value :  1.14056e-08
 Reference value :  1.14656e-08
 Reference value :  1.15256e-08
 Reference value :  1.15856e-08
 Reference value :  1.16456e-08
 Reference value :  1.17256e-08
 Reference value :  1.17856e-08
 Reference value :  1.18456e-08
 Reference value :  1.19056e-08
 Reference value :  1.19656e-08
 Reference value :  1.20256e-08
 Reference value :  1.20856e-08
 Reference value :  1.21456e-08
 Reference value :  1.22056e-08
 Reference value :  1.22656e-08
 Reference value :  1.23256e-08
 Reference value :  1.23856e-08
 Reference value :  1.24656e-08
 Reference value :  1.25256e-08
 Reference value :  1.25856e-08
 Reference value :  1.26456e-08
 Reference value :  1.27056e-08
 Reference value :  1.27656e-08
 Reference value :  1.28256e-08
 Reference value :  1.28856e-08
 Reference value :  1.29456e-08
 Reference value :  1.30056e-08
 Reference value :  1.30656e-08
 Reference value :  1.31256e-08
 Reference value :  1.31856e-08
 Reference value :  1.32456e-08
 Reference value :  1.33056e-08
 Reference value :  1.33656e-08
 Reference value :  1.34256e-08
 Reference value :  1.34856e-08
 Reference value :  1.35456e-08
 Reference value :  1.36256e-08
 Reference value :  1.36856e-08
 Reference value :  1.37456e-08
 Reference value :  1.38056e-08
 Reference value :  1.38656e-08
 Reference value :  1.39256e-08
 Reference value :  1.40056e-08
 Reference value :  1.40656e-08
 Reference value :  1.41256e-08
 Reference value :  1.42056e-08
 Reference value :  1.42856e-08
 Reference value :  1.43456e-08
 Reference value :  1.44056e-08
 Reference value :  1.44656e-08
 Reference value :  1.45256e-08
 Reference value :  1.45856e-08
 Reference value :  1.46456e-08
 Reference value :  1.47056e-08
 Reference value :  1.47656e-08
 Reference value :  1.48256e-08
 Reference value :  1.48856e-08
 Reference value :  1.49456e-08
 Reference value :  1.50056e-08
 Reference value :  1.50656e-08
 Reference value :  1.51256e-08
 Reference value :  1.51856e-08
 Reference value :  1.52456e-08
 Reference value :  1.53056e-08
 Reference value :  1.53856e-08
 Reference value :  1.54656e-08
 Reference value :  1.55456e-08
 Reference value :  1.56056e-08
 Reference value :  1.56856e-08
 Reference value :  1.57456e-08
 Reference value :  1.58056e-08
 Reference value :  1.58656e-08
 Reference value :  1.59256e-08
 Reference value :  1.59856e-08
 Reference value :  1.60456e-08
 Reference value :  1.61056e-08
 Reference value :  1.61656e-08
 Reference value :  1.62256e-08
 Reference value :  1.62856e-08
 Reference value :  1.63456e-08
 Reference value :  1.64056e-08
 Reference value :  1.64656e-08
 Reference value :  1.65256e-08
 Reference value :  1.65856e-08
 Reference value :  1.66456e-08
 Reference value :  1.67056e-08
 Reference value :  1.67656e-08
 Reference value :  1.68256e-08
 Reference value :  1.68856e-08
 Reference value :  1.69456e-08
 Reference value :  1.70056e-08
 Reference value :  1.70656e-08
 Reference value :  1.71256e-08
 Reference value :  1.72056e-08
 Reference value :  1.72656e-08
 Reference value :  1.73256e-08
 Reference value :  1.74056e-08
 Reference value :  1.74656e-08
 Reference value :  1.75256e-08
 Reference value :  1.75856e-08
 Reference value :  1.76456e-08
 Reference value :  1.77056e-08
 Reference value :  1.77656e-08
 Reference value :  1.78256e-08
 Reference value :  1.78856e-08
 Reference value :  1.79456e-08
 Reference value :  1.80056e-08
 Reference value :  1.80656e-08
 Reference value :  1.81256e-08
 Reference value :  1.81856e-08
 Reference value :  1.82456e-08
 Reference value :  1.83056e-08
 Reference value :  1.83656e-08
 Reference value :  1.84456e-08
 Reference value :  1.85256e-08
 Reference value :  1.85856e-08
 Reference value :  1.86456e-08
 Reference value :  1.87056e-08
 Reference value :  1.87656e-08
 Reference value :  1.88256e-08
 Reference value :  1.88856e-08
 Reference value :  1.89456e-08
 Reference value :  1.90056e-08
 Reference value :  1.90656e-08
 Reference value :  1.91256e-08
 Reference value :  1.91856e-08
 Reference value :  1.92456e-08
 Reference value :  1.93056e-08
 Reference value :  1.93856e-08
 Reference value :  1.94656e-08
 Reference value :  1.95256e-08
 Reference value :  1.95856e-08
 Reference value :  1.96456e-08
 Reference value :  1.97056e-08
 Reference value :  1.97656e-08
 Reference value :  1.98256e-08
 Reference value :  1.98856e-08
 Reference value :  1.99456e-08
 Reference value :  2.00056e-08
 Reference value :  2.00656e-08
 Reference value :  2.01256e-08
 Reference value :  2.01856e-08
 Reference value :  2.02456e-08
 Reference value :  2.03056e-08
 Reference value :  2.03656e-08
 Reference value :  2.04256e-08
 Reference value :  2.04856e-08
 Reference value :  2.05456e-08
 Reference value :  2.06056e-08
 Reference value :  2.06656e-08
 Reference value :  2.07256e-08
 Reference value :  2.07856e-08
 Reference value :  2.08456e-08
 Reference value :  2.09056e-08
 Reference value :  2.09656e-08
 Reference value :  2.10256e-08
 Reference value :  2.10856e-08
 Reference value :  2.11456e-08
 Reference value :  2.12056e-08
 Reference value :  2.12856e-08
 Reference value :  2.13456e-08
 Reference value :  2.14056e-08
 Reference value :  2.14656e-08
 Reference value :  2.15256e-08
 Reference value :  2.15856e-08
 Reference value :  2.16456e-08
 Reference value :  2.17256e-08
 Reference value :  2.17856e-08
 Reference value :  2.18456e-08
 Reference value :  2.19056e-08
 Reference value :  2.19856e-08
 Reference value :  2.20656e-08
 Reference value :  2.21256e-08
 Reference value :  2.21856e-08
 Reference value :  2.22656e-08
 Reference value :  2.23256e-08
 Reference value :  2.23856e-08
 Reference value :  2.24456e-08
 Reference value :  2.25056e-08
 Reference value :  2.25656e-08
 Reference value :  2.26256e-08
 Reference value :  2.26856e-08
 Reference value :  2.27456e-08
 Reference value :  2.28056e-08
 Reference value :  2.28656e-08
 Reference value :  2.29256e-08
 Reference value :  2.29856e-08
 Reference value :  2.30456e-08
 Reference value :  2.31056e-08
 Reference value :  2.31656e-08
 Reference value :  2.32256e-08
 Reference value :  2.32856e-08
 Reference value :  2.33456e-08
 Reference value :  2.34056e-08
 Reference value :  2.34656e-08
 Reference value :  2.35256e-08
 Reference value :  2.35856e-08
 Reference value :  2.36456e-08
 Reference value :  2.37056e-08
 Reference value :  2.37656e-08
 Reference value :  2.38256e-08
 Reference value :  2.38856e-08
 Reference value :  2.39456e-08
 Reference value :  2.40056e-08
 Reference value :  2.40656e-08
 Reference value :  2.41256e-08
 Reference value :  2.41856e-08
 Reference value :  2.42456e-08
 Reference value :  2.43056e-08
 Reference value :  2.43856e-08
 Reference value :  2.44456e-08
 Reference value :  2.45056e-08
 Reference value :  2.45656e-08
 Reference value :  2.46256e-08
 Reference value :  2.46856e-08
 Reference value :  2.47456e-08
 Reference value :  2.48056e-08
 Reference value :  2.48656e-08
 Reference value :  2.49256e-08
 Reference value :  2.49856e-08
 Reference value :  2.50456e-08
 Reference value :  2.51056e-08
 Reference value :  2.51656e-08
 Reference value :  2.52256e-08
 Reference value :  2.52856e-08
 Reference value :  2.53456e-08
 Reference value :  2.54056e-08
 Reference value :  2.54656e-08
 Reference value :  2.55256e-08
 Reference value :  2.56056e-08
 Reference value :  2.56656e-08
 Reference value :  2.57256e-08
 Reference value :  2.57856e-08
 Reference value :  2.58456e-08
 Reference value :  2.59056e-08
 Reference value :  2.59656e-08
 Reference value :  2.60256e-08
 Reference value :  2.60856e-08
 Reference value :  2.61456e-08
 Reference value :  2.62056e-08
 Reference value :  2.62656e-08
 Reference value :  2.63256e-08
 Reference value :  2.63856e-08
 Reference value :  2.64456e-08
 Reference value :  2.65256e-08
 Reference value :  2.65856e-08
 Reference value :  2.66456e-08
 Reference value :  2.67056e-08
 Reference value :  2.67656e-08
 Reference value :  2.68256e-08
 Reference value :  2.68856e-08
 Reference value :  2.69456e-08
 Reference value :  2.70056e-08
 Reference value :  2.70656e-08
 Reference value :  2.71256e-08
 Reference value :  2.71856e-08
 Reference value :  2.72456e-08
 Reference value :  2.73056e-08
 Reference value :  2.73656e-08
 Reference value :  2.74256e-08
 Reference value :  2.74856e-08
 Reference value :  2.75456e-08
 Reference value :  2.76056e-08
 Reference value :  2.76656e-08
 Reference value :  2.77256e-08
 Reference value :  2.77856e-08
 Reference value :  2.78456e-08
 Reference value :  2.79056e-08
 Reference value :  2.79656e-08
 Reference value :  2.80256e-08
 Reference value :  2.80856e-08
 Reference value :  2.81456e-08
 Reference value :  2.82056e-08
 Reference value :  2.82656e-08
 Reference value :  2.83256e-08
 Reference value :  2.83856e-08
 Reference value :  2.84456e-08
 Reference value :  2.85056e-08
 Reference value :  2.85656e-08
 Reference value :  2.86256e-08
 Reference value :  2.86856e-08
 Reference value :  2.87456e-08
 Reference value :  2.88056e-08
 Reference value :  2.88656e-08
 Reference value :  2.89256e-08
 Reference value :  2.89856e-08
 Reference value :  2.90656e-08
 Reference value :  2.91256e-08
 Reference value :  2.91856e-08
 Reference value :  2.92456e-08
 Reference value :  2.93056e-08
 Reference value :  2.93656e-08
 Reference value :  2.94256e-08
 Reference value :  2.94856e-08
 Reference value :  2.95456e-08
 Reference value :  2.96056e-08
 Reference value :  2.96656e-08
 Reference value :  2.97256e-08
 Reference value :  2.97856e-08
 Reference value :  2.98456e-08
 Reference value :  2.99056e-08
 Reference value :  2.99656e-08
 Reference value :  3.00456e-08
 Reference value :  3.01056e-08
 Reference value :  3.01656e-08
 Reference value :  3.02256e-08
 Reference value :  3.02856e-08
 Reference value :  3.03456e-08
 Reference value :  3.04056e-08
 Reference value :  3.04656e-08
 Reference value :  3.05256e-08
 Reference value :  3.05856e-08
 Reference value :  3.06456e-08
 Reference value :  3.07056e-08
 Reference value :  3.07656e-08
 Reference value :  3.08256e-08
 Reference value :  3.09056e-08
 Reference value :  3.09856e-08
 Reference value :  3.10456e-08
 Reference value :  3.11056e-08
 Reference value :  3.11656e-08
 Reference value :  3.12256e-08
 Reference value :  3.12856e-08
 Reference value :  3.13456e-08
 Reference value :  3.14256e-08
 Reference value :  3.14856e-08
 Reference value :  3.15456e-08
 Reference value :  3.16056e-08
 Reference value :  3.16656e-08
 Reference value :  3.17256e-08
 Reference value :  3.17856e-08
 Reference value :  3.18456e-08
 Reference value :  3.19056e-08
 Reference value :  3.19656e-08
 Reference value :  3.20256e-08
 Reference value :  3.21056e-08
 Reference value :  3.21856e-08
 Reference value :  3.22656e-08
 Reference value :  3.23456e-08
 Reference value :  3.24056e-08
 Reference value :  3.24656e-08
 Reference value :  3.25256e-08
 Reference value :  3.25856e-08
 Reference value :  3.26456e-08
 Reference value :  3.27056e-08
 Reference value :  3.27656e-08
 Reference value :  3.28256e-08
 Reference value :  3.28856e-08
 Reference value :  3.29656e-08
 Reference value :  3.30256e-08
 Reference value :  3.30856e-08
 Reference value :  3.31456e-08
 Reference value :  3.32056e-08
 Reference value :  3.32656e-08
 Reference value :  3.33195e-08
 Reference value :  3.33334e-08
 Reference value :  3.33339e-08
 Reference value :  3.33357e-08
 Reference value :  3.33394e-08
 Reference value :  3.33438e-08
 Reference value :  3.33501e-08
 Reference value :  3.33542e-08
 Reference value :  3.33683e-08
 Reference value :  3.33795e-08
 Reference value :  3.34000e-08
 Reference value :  3.34100e-08
 Reference value :  3.34134e-08
 Reference value :  3.34137e-08
 Reference value :  3.34168e-08
 Reference value :  3.34206e-08
 Reference value :  3.34253e-08
 Reference value :  3.34319e-08
 Reference value :  3.34509e-08
 Reference value :  3.34681e-08
 Reference value :  3.34885e-08
 Reference value :  3.35133e-08
 Reference value :  3.35622e-08
 Reference value :  3.36022e-08
 Reference value :  3.36422e-08
 Reference value :  3.37022e-08
 Reference value :  3.37622e-08
 Reference value :  3.38222e-08
 Reference value :  3.38822e-08
 Reference value :  3.39422e-08
 Reference value :  3.40022e-08
 Reference value :  3.40622e-08
 Reference value :  3.41222e-08
 Reference value :  3.41822e-08
 Reference value :  3.42422e-08
 Reference value :  3.43022e-08
 Reference value :  3.43622e-08
 Reference value :  3.44222e-08
 Reference value :  3.44822e-08
 Reference value :  3.45422e-08
 Reference value :  3.46022e-08
 Reference value :  3.46622e-08
 Reference value :  3.47222e-08
 Reference value :  3.47822e-08
 Reference value :  3.48422e-08
 Reference value :  3.49022e-08
 Reference value :  3.49622e-08
 Reference value :  3.50222e-08
 Reference value :  3.50822e-08
 Reference value :  3.51422e-08
 Reference value :  3.52222e-08
 Reference value :  3.53022e-08
 Reference value :  3.53622e-08
 Reference value :  3.54222e-08
 Reference value :  3.54822e-08
 Reference value :  3.55422e-08
 Reference value :  3.56022e-08
 Reference value :  3.56822e-08
 Reference value :  3.57422e-08
 Reference value :  3.58222e-08
 Reference value :  3.58822e-08
 Reference value :  3.59422e-08
 Reference value :  3.60222e-08
 Reference value :  3.60822e-08
 Reference value :  3.61622e-08
 Reference value :  3.62222e-08
 Reference value :  3.62822e-08
 Reference value :  3.63422e-08
 Reference value :  3.64022e-08
 Reference value :  3.64622e-08
 Reference value :  3.65222e-08
 Reference value :  3.66022e-08
 Reference value :  3.66622e-08
 Reference value :  3.67422e-08
 Reference value :  3.68022e-08
 Reference value :  3.68622e-08
 Reference value :  3.69222e-08
 Reference value :  3.69822e-08
 Reference value :  3.70370e-08
 Reference value :  3.70371e-08
 Reference value :  3.70377e-08
 Reference value :  3.70400e-08
 Reference value :  3.70437e-08
 Reference value :  3.70483e-08
 Reference value :  3.70549e-08
 Reference value :  3.70591e-08
 Reference value :  3.70683e-08
 Reference value :  3.70790e-08
 Reference value :  3.70915e-08
 Reference value :  3.71056e-08
 Reference value :  3.71170e-08
 Reference value :  3.71171e-08
 Reference value :  3.71177e-08
 Reference value :  3.71198e-08
 Reference value :  3.71235e-08
 Reference value :  3.71279e-08
 Reference value :  3.71384e-08
 Reference value :  3.71522e-08
 Reference value :  3.71780e-08
 Reference value :  3.71997e-08
 Reference value :  3.72264e-08
 Reference value :  3.72596e-08
 Reference value :  3.72996e-08
 Reference value :  3.73396e-08
 Reference value :  3.73796e-08
 Reference value :  3.74396e-08
 Reference value :  3.74996e-08
 Reference value :  3.75596e-08
 Reference value :  3.76196e-08
 Reference value :  3.76796e-08
 Reference value :  3.77396e-08
 Reference value :  3.77779e-08
 Reference value :  3.77788e-08
 Reference value :  3.77793e-08
 Reference value :  3.77832e-08
 Reference value :  3.78345e-08
 Reference value :  3.79145e-08
 Reference value :  3.79945e-08
 Reference value :  3.80545e-08
 Reference value :  3.81145e-08
 Reference value :  3.81484e-08
 Reference value :  3.81494e-08
 Reference value :  3.81513e-08
 Reference value :  3.81849e-08
 Reference value :  3.82449e-08
 Reference value :  3.83049e-08
 Reference value :  3.83649e-08
 Reference value :  3.84249e-08
 Reference value :  3.84849e-08
 Reference value :  3.85449e-08
 Reference value :  3.86049e-08
 Reference value :  3.86649e-08
 Reference value :  3.87249e-08
 Reference value :  3.87849e-08
 Reference value :  3.88649e-08
 Reference value :  3.89249e-08
 Reference value :  3.89849e-08
 Reference value :  3.90449e-08
 Reference value :  3.91249e-08
 Reference value :  3.91849e-08
 Reference value :  3.92449e-08
 Reference value :  3.93249e-08
 Reference value :  3.93849e-08
 Reference value :  3.94449e-08
 Reference value :  3.95049e-08
 Reference value :  3.95649e-08
 Reference value :  3.96173e-08
 Reference value :  3.96299e-08
 Reference value :  3.96307e-08
 Reference value :  3.96317e-08
 Reference value :  3.96395e-08
 Reference value :  3.96864e-08
 Reference value :  3.97464e-08
 Reference value :  3.98264e-08
 Reference value :  3.98864e-08
 Reference value :  3.99464e-08
 Reference value :  4.00064e-08
 Reference value :  4.00664e-08
 Reference value :  4.01264e-08
 Reference value :  4.01864e-08
 Reference value :  4.02464e-08
 Reference value :  4.03064e-08
 Reference value :  4.03664e-08
 Reference value :  4.04264e-08
 Reference value :  4.04864e-08
 Reference value :  4.05464e-08
 Reference value :  4.06064e-08
 Reference value :  4.06664e-08
 Reference value :  4.07236e-08
 Reference value :  4.07408e-08
 Reference value :  4.07414e-08
 Reference value :  4.07454e-08
 Reference value :  4.07494e-08
 Reference value :  4.07548e-08
 Reference value :  4.07627e-08
 Reference value :  4.07719e-08
 Reference value :  4.07825e-08
 Reference value :  4.07950e-08
 Reference value :  4.08091e-08
 Reference value :  4.08207e-08
 Reference value :  4.08208e-08
 Reference value :  4.08214e-08
 Reference value :  4.08236e-08
 Reference value :  4.08293e-08
 Reference value :  4.08345e-08
 Reference value :  4.08422e-08
 Reference value :  4.08561e-08
 Reference value :  4.08730e-08
 Reference value :  4.08928e-08
 Reference value :  4.09169e-08
 Reference value :  4.09467e-08
 Reference value :  4.09838e-08
 Reference value :  4.10438e-08
 Reference value :  4.10838e-08
 Reference value :  4.11438e-08
 Reference value :  4.12038e-08
 Reference value :  4.12638e-08
 Reference value :  4.13438e-08
 Reference value :  4.14038e-08
 Reference value :  4.14838e-08
 Reference value :  4.15438e-08
 Reference value :  4.16038e-08
 Reference value :  4.16638e-08
 Reference value :  4.17238e-08
 Reference value :  4.18038e-08
 Reference value :  4.18519e-08
 Reference value :  4.18529e-08
 Reference value :  4.18533e-08
 Reference value :  4.18617e-08
 Reference value :  4.19086e-08
 Reference value :  4.19686e-08
 Reference value :  4.20286e-08
 Reference value :  4.20886e-08
 Reference value :  4.21486e-08
 Reference value :  4.22086e-08
 Reference value :  4.22686e-08
 Reference value :  4.23286e-08
 Reference value :  4.23886e-08
 Reference value :  4.24486e-08
 Reference value :  4.25286e-08
 Reference value :  4.26086e-08
 Reference value :  4.26886e-08
 Reference value :  4.27486e-08
 Reference value :  4.28086e-08
 Reference value :  4.28686e-08
 Reference value :  4.29286e-08
 Reference value :  4.30086e-08
 Reference value :  4.30686e-08
 Reference value :  4.31286e-08
 Reference value :  4.32086e-08
 Reference value :  4.32686e-08
 Reference value :  4.33333e-08
 Reference value :  4.33340e-08
 Reference value :  4.33345e-08
 Reference value :  4.33365e-08
 Reference value :  4.33701e-08
 Reference value :  4.34301e-08
 Reference value :  4.35101e-08
 Reference value :  4.35701e-08
 Reference value :  4.36501e-08
 Reference value :  4.37301e-08
 Reference value :  4.38101e-08
 Reference value :  4.38701e-08
 Reference value :  4.39301e-08
 Reference value :  4.39901e-08
 Reference value :  4.40501e-08
 Reference value :  4.41101e-08
 Reference value :  4.41701e-08
 Reference value :  4.42301e-08
 Reference value :  4.43101e-08
 Reference value :  4.43701e-08
 Reference value :  4.44273e-08
 Reference value :  4.44445e-08
 Reference value :  4.44451e-08
 Reference value :  4.44473e-08
 Reference value :  4.44510e-08
 Reference value :  4.44556e-08
 Reference value :  4.44622e-08
 Reference value :  4.44664e-08
 Reference value :  4.44756e-08
 Reference value :  4.44862e-08
 Reference value :  4.44987e-08
 Reference value :  4.45128e-08
 Reference value :  4.45244e-08
 Reference value :  4.45245e-08
 Reference value :  4.45258e-08
 Reference value :  4.45290e-08
 Reference value :  4.45330e-08
 Reference value :  4.45382e-08
 Reference value :  4.45459e-08
 Reference value :  4.45598e-08
 Reference value :  4.45767e-08
 Reference value :  4.45965e-08
 Reference value :  4.46206e-08
 Reference value :  4.46504e-08
 Reference value :  4.47075e-08
 Reference value :  4.47475e-08
 Reference value :  4.47875e-08
 Reference value :  4.48275e-08
 Reference value :  4.48875e-08
 Reference value :  4.49475e-08
 Reference value :  4.50075e-08
 Reference value :  4.50675e-08
 Reference value :  4.51275e-08
 Reference value :  4.51875e-08
 Reference value :  4.52475e-08
 Reference value :  4.53075e-08
 Reference value :  4.53675e-08
 Reference value :  4.54275e-08
 Reference value :  4.54875e-08
 Reference value :  4.55415e-08
 Reference value :  4.55559e-08
 Reference value :  4.55566e-08
 Reference value :  4.55576e-08
 Reference value :  4.55654e-08
 Reference value :  4.56123e-08
 Reference value :  4.56723e-08
 Reference value :  4.57323e-08
 Reference value :  4.57923e-08
 Reference value :  4.58723e-08
 Reference value :  4.59323e-08
 Reference value :  4.60123e-08
 Reference value :  4.60923e-08
 Reference value :  4.61723e-08
 Reference value :  4.62523e-08
 Reference value :  4.63323e-08
 Reference value :  4.64123e-08
 Reference value :  4.64923e-08
 Reference value :  4.65523e-08
 Reference value :  4.66323e-08
 Reference value :  4.66923e-08
 Reference value :  4.67523e-08
 Reference value :  4.68123e-08
 Reference value :  4.68723e-08
 Reference value :  4.69323e-08
 Reference value :  4.69923e-08
 Reference value :  4.70370e-08
 Reference value :  4.70377e-08
 Reference value :  4.70382e-08
 Reference value :  4.70402e-08
 Reference value :  4.70559e-08
 Reference value :  4.71138e-08
 Reference value :  4.71738e-08
 Reference value :  4.72338e-08
 Reference value :  4.72938e-08
 Reference value :  4.73738e-08
 Reference value :  4.74338e-08
 Reference value :  4.74938e-08
 Reference value :  4.75538e-08
 Reference value :  4.76138e-08
 Reference value :  4.76738e-08
 Reference value :  4.77338e-08
 Reference value :  4.77938e-08
 Reference value :  4.78538e-08
 Reference value :  4.79138e-08
 Reference value :  4.79738e-08
 Reference value :  4.80338e-08
 Reference value :  4.80938e-08
 Reference value :  4.81481e-08
 Reference value :  4.81482e-08
 Reference value :  4.81488e-08
 Reference value :  4.81510e-08
 Reference value :  4.81547e-08
 Reference value :  4.81593e-08
 Reference value :  4.81659e-08
 Reference value :  4.81701e-08
 Reference value :  4.81793e-08
 Reference value :  4.81899e-08
 Reference value :  4.82024e-08
 Reference value :  4.82165e-08
 Reference value :  4.82281e-08
 Reference value :  4.82282e-08
 Reference value :  4.82288e-08
 Reference value :  4.82310e-08
 Reference value :  4.82346e-08
 Reference value :  4.82391e-08
 Reference value :  4.82453e-08
 Reference value :  4.82552e-08
 Reference value :  4.82804e-08
 Reference value :  4.83002e-08
 Reference value :  4.83243e-08
 Reference value :  4.83541e-08
 Reference value :  4.83912e-08
 Reference value :  4.84312e-08
 Reference value :  4.84712e-08
 Reference value :  4.85312e-08
 Reference value :  4.85912e-08
 Reference value :  4.86512e-08
 Reference value :  4.87112e-08
 Reference value :  4.87712e-08
 Reference value :  4.88312e-08
 Reference value :  4.88912e-08
 Reference value :  4.89512e-08
 Reference value :  4.90312e-08
 Reference value :  4.90912e-08
 Reference value :  4.91512e-08
 Reference value :  4.92112e-08
 Reference value :  4.92593e-08
 Reference value :  4.92599e-08
 Reference value :  4.92605e-08
 Reference value :  4.92624e-08
 Reference value :  4.92781e-08
 Reference value :  4.93360e-08
 Reference value :  4.93960e-08
 Reference value :  4.94560e-08
 Reference value :  4.95160e-08
 Reference value :  4.95760e-08
 Reference value :  4.96360e-08
 Reference value :  4.96960e-08
 Reference value :  4.97560e-08
 Reference value :  4.98160e-08
 Reference value :  4.98760e-08
 Reference value :  4.99360e-08
 Reference value :  4.99960e-08
 Reference value :  5.00760e-08
 Reference value :  5.01360e-08
 Reference value :  5.01960e-08
 Reference value :  5.02560e-08
 Reference value :  5.03160e-08
 Reference value :  5.03760e-08
 Reference value :  5.04360e-08
 Reference value :  5.04960e-08
 Reference value :  5.05560e-08
 Reference value :  5.06160e-08
 Reference value :  5.06960e-08
 Reference value :  5.07408e-08
 Reference value :  5.07417e-08
 Reference value :  5.07422e-08
 Reference value :  5.07462e-08
 Reference value :  5.07775e-08
 Reference value :  5.08375e-08
 Reference value :  5.08975e-08
 Reference value :  5.09575e-08
 Reference value :  5.10175e-08
 Reference value :  5.10975e-08
 Reference value :  5.11775e-08
 Reference value :  5.12575e-08
 Reference value :  5.13375e-08
 Reference value :  5.13975e-08
 Reference value :  5.14575e-08
 Reference value :  5.15175e-08
 Reference value :  5.15775e-08
 Reference value :  5.16375e-08
 Reference value :  5.17175e-08
 Reference value :  5.17775e-08
 Reference value :  5.18347e-08
 Reference value :  5.18519e-08
 Reference value :  5.18525e-08
 Reference value :  5.18547e-08
 Reference value :  5.18584e-08
 Reference value :  5.18630e-08
 Reference value :  5.18696e-08
 Reference value :  5.18738e-08
 Reference value :  5.18830e-08
 Reference value :  5.18937e-08
 Reference value :  5.19061e-08
 Reference value :  5.19202e-08
 Reference value :  5.19319e-08
 Reference value :  5.19319e-08
 Reference value :  5.19325e-08
 Reference value :  5.19347e-08
 Reference value :  5.19383e-08
 Reference value :  5.19428e-08
 Reference value :  5.19490e-08
 Reference value :  5.19589e-08
 Reference value :  5.19748e-08
 Reference value :  5.19930e-08
 Reference value :  5.20280e-08
 Reference value :  5.20749e-08
 Reference value :  5.21149e-08
 Reference value :  5.21549e-08
 Reference value :  5.21949e-08
 Reference value :  5.22549e-08
 Reference value :  5.23149e-08
 Reference value :  5.23749e-08
 Reference value :  5.24349e-08
 Reference value :  5.25149e-08
 Reference value :  5.25749e-08
 Reference value :  5.26549e-08
 Reference value :  5.27149e-08
 Reference value :  5.27749e-08
 Reference value :  5.28349e-08
 Reference value :  5.28949e-08
 Reference value :  5.29489e-08
 Reference value :  5.29633e-08
 Reference value :  5.29640e-08
 Reference value :  5.29650e-08
 Reference value :  5.29818e-08
 Reference value :  5.30397e-08
 Reference value :  5.30997e-08
 Reference value :  5.31597e-08
 Reference value :  5.32197e-08
 Reference value :  5.32797e-08
 Reference value :  5.33397e-08
 Reference value :  5.33997e-08
 Reference value :  5.34597e-08
 Reference value :  5.35197e-08
 Reference value :  5.35797e-08
 Reference value :  5.36397e-08
 Reference value :  5.36997e-08
 Reference value :  5.37597e-08
 Reference value :  5.38397e-08
 Reference value :  5.38997e-08
 Reference value :  5.39597e-08
 Reference value :  5.40197e-08
 Reference value :  5.40797e-08
 Reference value :  5.41397e-08
 Reference value :  5.41997e-08
 Reference value :  5.42597e-08
 Reference value :  5.43197e-08
 Reference value :  5.43797e-08
 Reference value :  5.44321e-08
 Reference value :  5.44447e-08
 Reference value :  5.44455e-08
 Reference value :  5.44465e-08
 Reference value :  5.44543e-08
 Reference value :  5.45012e-08
 Reference value :  5.45612e-08
 Reference value :  5.46212e-08
 Reference value :  5.46812e-08
 Reference value :  5.47412e-08
 Reference value :  5.48012e-08
 Reference value :  5.48612e-08
 Reference value :  5.49212e-08
 Reference value :  5.49812e-08
 Reference value :  5.50412e-08
 Reference value :  5.51012e-08
 Reference value :  5.51612e-08
 Reference value :  5.52212e-08
 Reference value :  5.53012e-08
 Reference value :  5.53812e-08
 Reference value :  5.54412e-08
 Reference value :  5.55012e-08
 Reference value :  5.55556e-08
 Reference value :  5.55556e-08
 Reference value :  5.55562e-08
 Reference value :  5.55584e-08
 Reference value :  5.55621e-08
 Reference value :  5.55667e-08
 Reference value :  5.55734e-08
 Reference value :  5.55775e-08
 Reference value :  5.55867e-08
 Reference value :  5.55974e-08
 Reference value :  5.56098e-08
 Reference value :  5.56239e-08
 Reference value :  5.56356e-08
 Reference value :  5.56356e-08
 Reference value :  5.56362e-08
 Reference value :  5.56384e-08
 Reference value :  5.56420e-08
 Reference value :  5.56465e-08
 Reference value :  5.56527e-08
 Reference value :  5.56626e-08
 Reference value :  5.56785e-08
 Reference value :  5.56967e-08
 Reference value :  5.57186e-08
 Reference value :  5.57453e-08
 Reference value :  5.57786e-08
 Reference value :  5.58186e-08
 Reference value :  5.58586e-08
 Reference value :  5.58986e-08
 Reference value :  5.59586e-08
 Reference value :  5.60186e-08
 Reference value :  5.60786e-08
 Reference value :  5.61386e-08
 Reference value :  5.61986e-08
 Reference value :  5.62586e-08
 Reference value :  5.63186e-08
 Reference value :  5.63786e-08
 Reference value :  5.64386e-08
 Reference value :  5.64986e-08
 Reference value :  5.65586e-08
 Reference value :  5.66186e-08
 Reference value :  5.66667e-08
 Reference value :  5.66673e-08
 Reference value :  5.66679e-08
 Reference value :  5.66698e-08
 Reference value :  5.66855e-08
 Reference value :  5.67434e-08
 Reference value :  5.68034e-08
 Reference value :  5.68634e-08
 Reference value :  5.69234e-08
 Reference value :  5.69834e-08
 Reference value :  5.70434e-08
 Reference value :  5.71234e-08
 Reference value :  5.71834e-08
 Reference value :  5.72634e-08
 Reference value :  5.73234e-08
 Reference value :  5.73834e-08
 Reference value :  5.74434e-08
 Reference value :  5.75034e-08
 Reference value :  5.75634e-08
 Reference value :  5.76234e-08
 Reference value :  5.76834e-08
 Reference value :  5.77634e-08
 Reference value :  5.78234e-08
 Reference value :  5.78834e-08
 Reference value :  5.79434e-08
 Reference value :  5.80034e-08
 Reference value :  5.80634e-08
 Reference value :  5.81234e-08
 Reference value :  5.81482e-08
 Reference value :  5.81491e-08
 Reference value :  5.81496e-08
 Reference value :  5.81536e-08
 Reference value :  5.82049e-08
 Reference value :  5.82649e-08
 Reference value :  5.83249e-08
 Reference value :  5.83849e-08
 Reference value :  5.84249e-08
 Reference value :  5.84849e-08
 Reference value :  5.85186e-08
 Reference value :  5.85195e-08
 Reference value :  5.85200e-08
 Reference value :  5.85239e-08
 Reference value :  5.85553e-08
 Reference value :  5.86153e-08
 Reference value :  5.86753e-08
 Reference value :  5.87353e-08
 Reference value :  5.87953e-08
 Reference value :  5.88553e-08
 Reference value :  5.89153e-08
 Reference value :  5.89753e-08
 Reference value :  5.90553e-08
 Reference value :  5.91153e-08
 Reference value :  5.91673e-08
 Reference value :  5.91793e-08
 Reference value :  5.91803e-08
 Reference value :  5.91830e-08
 Reference value :  5.91869e-08
 Reference value :  5.91918e-08
 Reference value :  5.91994e-08
 Reference value :  5.92083e-08
 Reference value :  5.92188e-08
 Reference value :  5.92308e-08
 Reference value :  5.92448e-08
 Reference value :  5.92551e-08
 Reference value :  5.92593e-08
 Reference value :  5.92597e-08
 Reference value :  5.92613e-08
 Reference value :  5.92629e-08
 Reference value :  5.92667e-08
 Reference value :  5.92715e-08
 Reference value :  5.92783e-08
 Reference value :  5.92896e-08
 Reference value :  5.93059e-08
 Reference value :  5.93247e-08
 Reference value :  5.93474e-08
 Reference value :  5.93753e-08
 Reference value :  5.94102e-08
 Reference value :  5.94502e-08
 Reference value :  5.95102e-08
 Reference value :  5.95702e-08
 Reference value :  5.96302e-08
 Reference value :  5.96902e-08
 Reference value :  5.97502e-08
 Reference value :  5.98102e-08
 Reference value :  5.98702e-08
 Reference value :  5.99502e-08
 Reference value :  6.00102e-08
 Reference value :  6.00702e-08
 Reference value :  6.01302e-08
 Reference value :  6.01902e-08
 Reference value :  6.02502e-08
 Reference value :  6.03102e-08
 Reference value :  6.03702e-08
 Reference value :  6.04302e-08
 Reference value :  6.04902e-08
 Reference value :  6.05502e-08
 Reference value :  6.06102e-08
 Reference value :  6.06702e-08
 Reference value :  6.07502e-08
 Reference value :  6.08102e-08
 Reference value :  6.08702e-08
 Reference value :  6.09302e-08
 Reference value :  6.09851e-08
No. of Data Rows : 3517
m_ui_ref            =  3.70370e-09 targ=  3.70770e-08 trig=  3.33733e-08
m_spa_in            =  1.48148e-08 targ=  4.81881e-08 trig=  3.33733e-08
m_spb_in            =  1.11111e-08 targ=  4.44844e-08 trig=  3.33733e-08
m_spa_c0            =  1.48148e-08 targ=  4.81963e-08 trig=  3.33815e-08
m_spb_c0            =  1.11111e-08 targ=  4.44926e-08 trig=  3.33815e-08
m_trise_c0          =  5.33256e-11 targ=  3.71111e-08 trig=  3.70577e-08
m_tfall_c0          =  5.33172e-11 targ=  4.08148e-08 trig=  4.07614e-08
m_spa_c1            =  1.48148e-08 targ=  4.82313e-08 trig=  3.34165e-08
m_spb_c1            =  1.11111e-08 targ=  4.45276e-08 trig=  3.34165e-08
m_trise_c1          =  1.25369e-10 targ=  3.72022e-08 trig=  3.70768e-08
m_tfall_c1          =  1.25339e-10 targ=  4.09059e-08 trig=  4.07805e-08
m_spa_c2            =  1.48148e-08 targ=  4.82621e-08 trig=  3.34473e-08
m_spb_c2            =  1.11111e-08 targ=  4.45584e-08 trig=  3.34473e-08
m_trise_c2          =  2.31392e-10 targ=  3.73181e-08 trig=  3.70867e-08
m_tfall_c2          =  2.31437e-10 targ=  4.10218e-08 trig=  4.07904e-08
m_spa_cmis          =  1.48148e-08 targ=  4.82423e-08 trig=  3.34275e-08
m_spb_cmis          =  1.11124e-08 targ=  4.45398e-08 trig=  3.34275e-08
m_dj_ui_c0 = 2.6999997835e-06
m_swing_c0 = 4.9797163948e-01
m_vpp_c0 = 5.7728252922e-01
m_vcm_c0 = 3.0501896159e+00
m_dj_ui_c1 = 2.6999997840e-06
m_swing_c1 = 4.9796516769e-01
m_vpp_c1 = 5.0336385407e-01
m_vcm_c1 = 3.0501928592e+00
m_dj_ui_c2 = 8.0999993519e-06
m_swing_c2 = 4.9791705199e-01
m_vpp_c2 = 5.0082529892e-01
m_vcm_c2 = 3.0502169631e+00
m_dj_ui_cmis = 3.3479997322e-04
m_swing_cmis = 4.9791424083e-01
m_swing_avcclo = 4.9739066352e-01
m_vcm_avcclo = 2.7203804729e+00
m_swing_avcchi = 4.9843361631e-01
m_vcm_avcchi = 3.3800254153e+00
m_vgs_sw_max = 1.6837732992e+00
m_vgd_sw_max = 1.8142427356e+00
m_vds_sw_max = 2.5131467222e+00
m_vgs_tail_max = 1.2183337155e+00
m_vds_tail_max = 1.1965555142e+00
m_swing_dc = 4.9758122244e-01
m_vcm_dc = 3.0503854791e+00
m_ioff_dc = 1.6478194605e-05
m_itail_dc = 9.9845808380e-03
m_icell_dc = 1.0484580839e-02
m_ro_leg = 2.6808781954e+04
Note: Simulation executed from .control section 

