
Note: No compatibility mode selected!


Circuit: * cml-driver-eye @ sf_27c_3.30v_270mbps -- generated by sim/harness, do not edit

Doing analysis at TEMP = 27.000000 and TNOM = 27.000000

Using SPARSE 1.3 as Direct Linear Solver

Initial Transient Solution
--------------------------

Node                                   Voltage
----                                   -------
avcc                                       3.3
avcclo                                    2.97
avcchi                                    3.63
inp                                      2.805
inn                                      1.815
inpz                                     2.805
innz                                     1.815
inref                                     0.99
win                                          0
winc                                         0
xc0.tail                               1.22905
ib_c0                                  1.22259
outp_c0                                2.79987
outn_c0                                3.29999
vd_c0                                 0.500121
xc1.tail                               1.22905
ib_c1                                  1.22259
outp_c1                                2.79987
outn_c1                                3.29999
vd_c1                                 0.500121
xc2.tail                               1.22905
ib_c2                                  1.22259
outp_c2                                2.79987
outn_c2                                3.29999
vd_c2                                 0.500121
xcmis.tail                             1.22905
ib_cmis                                1.22259
outp_cmis                              2.79987
outn_cmis                              3.29999
vd_cmis                               0.500121
xvlo.tail                              1.21388
ib_vlo                                 1.22259
outp_vlo                               2.47019
outn_vlo                               2.96999
xvhi.tail                              1.24321
ib_vhi                                 1.22259
outp_vhi                               3.12957
outn_vhi                               3.62999
xz.tail                                1.22905
ib_z                                   1.22259
vss_z                                        0
outp_z                                 2.79987
outn_z                                 3.29999
xza.tail                               1.22003
ib_za                                  1.22259
outp_za                                    2.6
outn_za                                3.29999
xzb.tail                               1.23773
ib_zb                                  1.22259
outp_zb                                      3
outn_zb                                3.29999
ediff_cmis#branch                            0
ediff_c2#branch                              0
ediff_c1#branch                              0
ediff_c0#branch                              0
einref#branch                                0
vforce_zb#branch                    -0.0100063
vforce_za#branch                    -0.0099987
vsens_z#branch                       0.0105027
vwinc#branch                                 0
vwin#branch                                  0
vinnz#branch                                 0
vinpz#branch                                 0
vinn#branch                                  0
vinp#branch                                  0
vavcchi#branch                      -0.0100087
vavcclo#branch                     -0.00999629
vavcc#branch                         -0.050014

 Reference value :  0.00000e+00
 Reference value :  8.00000e-13
 Reference value :  1.28000e-11
 Reference value :  8.56000e-11
 Reference value :  1.45600e-10
 Reference value :  2.05600e-10
 Reference value :  2.85600e-10
 Reference value :  3.45600e-10
 Reference value :  4.05600e-10
 Reference value :  4.65600e-10
 Reference value :  5.25600e-10
 Reference value :  5.85600e-10
 Reference value :  6.45600e-10
 Reference value :  7.05600e-10
 Reference value :  7.65600e-10
 Reference value :  8.25600e-10
 Reference value :  8.85600e-10
 Reference value :  9.45600e-10
 Reference value :  1.00560e-09
 Reference value :  1.08560e-09
 Reference value :  1.14560e-09
 Reference value :  1.20560e-09
 Reference value :  1.28560e-09
 Reference value :  1.34560e-09
 Reference value :  1.40560e-09
 Reference value :  1.46560e-09
 Reference value :  1.52560e-09
 Reference value :  1.60560e-09
 Reference value :  1.66560e-09
 Reference value :  1.72560e-09
 Reference value :  1.78560e-09
 Reference value :  1.84560e-09
 Reference value :  1.90560e-09
 Reference value :  1.96560e-09
 Reference value :  2.02560e-09
 Reference value :  2.08560e-09
 Reference value :  2.14560e-09
 Reference value :  2.20560e-09
 Reference value :  2.26560e-09
 Reference value :  2.32560e-09
 Reference value :  2.40560e-09
 Reference value :  2.48560e-09
 Reference value :  2.56560e-09
 Reference value :  2.64560e-09
 Reference value :  2.70560e-09
 Reference value :  2.78560e-09
 Reference value :  2.84560e-09
 Reference value :  2.90560e-09
 Reference value :  2.96560e-09
 Reference value :  3.02560e-09
 Reference value :  3.10560e-09
 Reference value :  3.16560e-09
 Reference value :  3.22560e-09
 Reference value :  3.28560e-09
 Reference value :  3.34560e-09
 Reference value :  3.40560e-09
 Reference value :  3.48560e-09
 Reference value :  3.54560e-09
 Reference value :  3.62560e-09
 Reference value :  3.70560e-09
 Reference value :  3.76560e-09
 Reference value :  3.84560e-09
 Reference value :  3.92560e-09
 Reference value :  4.00560e-09
 Reference value :  4.08560e-09
 Reference value :  4.14560e-09
 Reference value :  4.20560e-09
 Reference value :  4.26560e-09
 Reference value :  4.34560e-09
 Reference value :  4.42560e-09
 Reference value :  4.48560e-09
 Reference value :  4.54560e-09
 Reference value :  4.60560e-09
 Reference value :  4.68560e-09
 Reference value :  4.74560e-09
 Reference value :  4.80560e-09
 Reference value :  4.86560e-09
 Reference value :  4.94560e-09
 Reference value :  5.00560e-09
 Reference value :  5.06560e-09
 Reference value :  5.12560e-09
 Reference value :  5.18560e-09
 Reference value :  5.24560e-09
 Reference value :  5.30560e-09
 Reference value :  5.36560e-09
 Reference value :  5.42560e-09
 Reference value :  5.48560e-09
 Reference value :  5.54560e-09
 Reference value :  5.60560e-09
 Reference value :  5.66560e-09
 Reference value :  5.72560e-09
 Reference value :  5.78560e-09
 Reference value :  5.84560e-09
 Reference value :  5.90560e-09
 Reference value :  5.96560e-09
 Reference value :  6.02560e-09
 Reference value :  6.08560e-09
 Reference value :  6.14560e-09
 Reference value :  6.20560e-09
 Reference value :  6.26560e-09
 Reference value :  6.32560e-09
 Reference value :  6.38560e-09
 Reference value :  6.44560e-09
 Reference value :  6.50560e-09
 Reference value :  6.56560e-09
 Reference value :  6.62560e-09
 Reference value :  6.68560e-09
 Reference value :  6.74560e-09
 Reference value :  6.80560e-09
 Reference value :  6.86560e-09
 Reference value :  6.92560e-09
 Reference value :  6.98560e-09
 Reference value :  7.04560e-09
 Reference value :  7.10560e-09
 Reference value :  7.16560e-09
 Reference value :  7.22560e-09
 Reference value :  7.28560e-09
 Reference value :  7.34560e-09
 Reference value :  7.40560e-09
 Reference value :  7.46560e-09
 Reference value :  7.52560e-09
 Reference value :  7.60560e-09
 Reference value :  7.68560e-09
 Reference value :  7.74560e-09
 Reference value :  7.82560e-09
 Reference value :  7.88560e-09
 Reference value :  7.94560e-09
 Reference value :  8.00560e-09
 Reference value :  8.08560e-09
 Reference value :  8.14560e-09
 Reference value :  8.20560e-09
 Reference value :  8.26560e-09
 Reference value :  8.32560e-09
 Reference value :  8.40560e-09
 Reference value :  8.48560e-09
 Reference value :  8.56560e-09
 Reference value :  8.62560e-09
 Reference value :  8.68560e-09
 Reference value :  8.74560e-09
 Reference value :  8.82560e-09
 Reference value :  8.88560e-09
 Reference value :  8.94560e-09
 Reference value :  9.00560e-09
 Reference value :  9.08560e-09
 Reference value :  9.14560e-09
 Reference value :  9.22560e-09
 Reference value :  9.30560e-09
 Reference value :  9.38560e-09
 Reference value :  9.44560e-09
 Reference value :  9.52560e-09
 Reference value :  9.58560e-09
 Reference value :  9.64560e-09
 Reference value :  9.70560e-09
 Reference value :  9.78560e-09
 Reference value :  9.84560e-09
 Reference value :  9.90560e-09
 Reference value :  9.96560e-09
 Reference value :  1.00256e-08
 Reference value :  1.00856e-08
 Reference value :  1.01456e-08
 Reference value :  1.02056e-08
 Reference value :  1.02656e-08
 Reference value :  1.03256e-08
 Reference value :  1.03856e-08
 Reference value :  1.04456e-08
 Reference value :  1.05056e-08
 Reference value :  1.05656e-08
 Reference value :  1.06256e-08
 Reference value :  1.07056e-08
 Reference value :  1.07656e-08
 Reference value :  1.08256e-08
 Reference value :  1.08856e-08
 Reference value :  1.09456e-08
 Reference value :  1.10056e-08
 Reference value :  1.10856e-08
 Reference value :  1.11456e-08
 Reference value :  1.12056e-08
 Reference value :  1.12656e-08
 Reference value :  1.13256e-08
 Reference value :  1.13856e-08
 Reference value :  1.14656e-08
 Reference value :  1.15256e-08
 Reference value :  1.15856e-08
 Reference value :  1.16456e-08
 Reference value :  1.17056e-08
 Reference value :  1.17656e-08
 Reference value :  1.18256e-08
 Reference value :  1.18856e-08
 Reference value :  1.19456e-08
 Reference value :  1.20056e-08
 Reference value :  1.20656e-08
 Reference value :  1.21256e-08
 Reference value :  1.21856e-08
 Reference value :  1.22456e-08
 Reference value :  1.23056e-08
 Reference value :  1.23656e-08
 Reference value :  1.24256e-08
 Reference value :  1.24856e-08
 Reference value :  1.25456e-08
 Reference value :  1.26056e-08
 Reference value :  1.26656e-08
 Reference value :  1.27256e-08
 Reference value :  1.27856e-08
 Reference value :  1.28456e-08
 Reference value :  1.29056e-08
 Reference value :  1.29656e-08
 Reference value :  1.30256e-08
 Reference value :  1.30856e-08
 Reference value :  1.31456e-08
 Reference value :  1.32056e-08
 Reference value :  1.32656e-08
 Reference value :  1.33256e-08
 Reference value :  1.33856e-08
 Reference value :  1.34456e-08
 Reference value :  1.35056e-08
 Reference value :  1.35856e-08
 Reference value :  1.36456e-08
 Reference value :  1.37056e-08
 Reference value :  1.37656e-08
 Reference value :  1.38256e-08
 Reference value :  1.38856e-08
 Reference value :  1.39456e-08
 Reference value :  1.40056e-08
 Reference value :  1.40656e-08
 Reference value :  1.41256e-08
 Reference value :  1.41856e-08
 Reference value :  1.42456e-08
 Reference value :  1.43056e-08
 Reference value :  1.43656e-08
 Reference value :  1.44256e-08
 Reference value :  1.45056e-08
 Reference value :  1.45656e-08
 Reference value :  1.46256e-08
 Reference value :  1.46856e-08
 Reference value :  1.47456e-08
 Reference value :  1.48056e-08
 Reference value :  1.48656e-08
 Reference value :  1.49256e-08
 Reference value :  1.49856e-08
 Reference value :  1.50456e-08
 Reference value :  1.51056e-08
 Reference value :  1.51656e-08
 Reference value :  1.52256e-08
 Reference value :  1.52856e-08
 Reference value :  1.53456e-08
 Reference value :  1.54056e-08
 Reference value :  1.54856e-08
 Reference value :  1.55456e-08
 Reference value :  1.56056e-08
 Reference value :  1.56656e-08
 Reference value :  1.57256e-08
 Reference value :  1.57856e-08
 Reference value :  1.58456e-08
 Reference value :  1.59056e-08
 Reference value :  1.59856e-08
 Reference value :  1.60456e-08
 Reference value :  1.61056e-08
 Reference value :  1.61656e-08
 Reference value :  1.62256e-08
 Reference value :  1.62856e-08
 Reference value :  1.63456e-08
 Reference value :  1.64056e-08
 Reference value :  1.64656e-08
 Reference value :  1.65256e-08
 Reference value :  1.65856e-08
 Reference value :  1.66456e-08
 Reference value :  1.67056e-08
 Reference value :  1.67656e-08
 Reference value :  1.68256e-08
 Reference value :  1.68856e-08
 Reference value :  1.69456e-08
 Reference value :  1.70056e-08
 Reference value :  1.70656e-08
 Reference value :  1.71256e-08
 Reference value :  1.71856e-08
 Reference value :  1.72456e-08
 Reference value :  1.73056e-08
 Reference value :  1.73856e-08
 Reference value :  1.74456e-08
 Reference value :  1.75056e-08
 Reference value :  1.75656e-08
 Reference value :  1.76256e-08
 Reference value :  1.76856e-08
 Reference value :  1.77456e-08
 Reference value :  1.78056e-08
 Reference value :  1.78656e-08
 Reference value :  1.79256e-08
 Reference value :  1.79856e-08
 Reference value :  1.80456e-08
 Reference value :  1.81056e-08
 Reference value :  1.81656e-08
 Reference value :  1.82256e-08
 Reference value :  1.83056e-08
 Reference value :  1.83656e-08
 Reference value :  1.84256e-08
 Reference value :  1.84856e-08
 Reference value :  1.85456e-08
 Reference value :  1.86056e-08
 Reference value :  1.86656e-08
 Reference value :  1.87256e-08
 Reference value :  1.87856e-08
 Reference value :  1.88456e-08
 Reference value :  1.89056e-08
 Reference value :  1.89656e-08
 Reference value :  1.90456e-08
 Reference value :  1.91056e-08
 Reference value :  1.91656e-08
 Reference value :  1.92256e-08
 Reference value :  1.92856e-08
 Reference value :  1.93456e-08
 Reference value :  1.94056e-08
 Reference value :  1.94656e-08
 Reference value :  1.95256e-08
 Reference value :  1.95856e-08
 Reference value :  1.96456e-08
 Reference value :  1.97056e-08
 Reference value :  1.97656e-08
 Reference value :  1.98256e-08
 Reference value :  1.98856e-08
 Reference value :  1.99656e-08
 Reference value :  2.00256e-08
 Reference value :  2.00856e-08
 Reference value :  2.01456e-08
 Reference value :  2.02256e-08
 Reference value :  2.03056e-08
 Reference value :  2.03856e-08
 Reference value :  2.04456e-08
 Reference value :  2.05056e-08
 Reference value :  2.05656e-08
 Reference value :  2.06256e-08
 Reference value :  2.06856e-08
 Reference value :  2.07456e-08
 Reference value :  2.08256e-08
 Reference value :  2.08856e-08
 Reference value :  2.09656e-08
 Reference value :  2.10456e-08
 Reference value :  2.11256e-08
 Reference value :  2.11856e-08
 Reference value :  2.12656e-08
 Reference value :  2.13256e-08
 Reference value :  2.13856e-08
 Reference value :  2.14456e-08
 Reference value :  2.15056e-08
 Reference value :  2.15656e-08
 Reference value :  2.16256e-08
 Reference value :  2.16856e-08
 Reference value :  2.17456e-08
 Reference value :  2.18056e-08
 Reference value :  2.18656e-08
 Reference value :  2.19256e-08
 Reference value :  2.19856e-08
 Reference value :  2.20456e-08
 Reference value :  2.21056e-08
 Reference value :  2.21656e-08
 Reference value :  2.22256e-08
 Reference value :  2.22856e-08
 Reference value :  2.23656e-08
 Reference value :  2.24256e-08
 Reference value :  2.24856e-08
 Reference value :  2.25456e-08
 Reference value :  2.26056e-08
 Reference value :  2.26656e-08
 Reference value :  2.27256e-08
 Reference value :  2.27856e-08
 Reference value :  2.28456e-08
 Reference value :  2.29056e-08
 Reference value :  2.29656e-08
 Reference value :  2.30456e-08
 Reference value :  2.31256e-08
 Reference value :  2.31856e-08
 Reference value :  2.32456e-08
 Reference value :  2.33056e-08
 Reference value :  2.33656e-08
 Reference value :  2.34256e-08
 Reference value :  2.34856e-08
 Reference value :  2.35456e-08
 Reference value :  2.36256e-08
 Reference value :  2.36856e-08
 Reference value :  2.37456e-08
 Reference value :  2.38056e-08
 Reference value :  2.38656e-08
 Reference value :  2.39256e-08
 Reference value :  2.39856e-08
 Reference value :  2.40656e-08
 Reference value :  2.41256e-08
 Reference value :  2.42056e-08
 Reference value :  2.42656e-08
 Reference value :  2.43256e-08
 Reference value :  2.43856e-08
 Reference value :  2.44456e-08
 Reference value :  2.45056e-08
 Reference value :  2.45656e-08
 Reference value :  2.46256e-08
 Reference value :  2.46856e-08
 Reference value :  2.47456e-08
 Reference value :  2.48056e-08
 Reference value :  2.48656e-08
 Reference value :  2.49256e-08
 Reference value :  2.49856e-08
 Reference value :  2.50456e-08
 Reference value :  2.51056e-08
 Reference value :  2.51656e-08
 Reference value :  2.52256e-08
 Reference value :  2.52856e-08
 Reference value :  2.53456e-08
 Reference value :  2.54056e-08
 Reference value :  2.54656e-08
 Reference value :  2.55256e-08
 Reference value :  2.55856e-08
 Reference value :  2.56456e-08
 Reference value :  2.57056e-08
 Reference value :  2.57656e-08
 Reference value :  2.58256e-08
 Reference value :  2.58856e-08
 Reference value :  2.59456e-08
 Reference value :  2.60056e-08
 Reference value :  2.60656e-08
 Reference value :  2.61256e-08
 Reference value :  2.61856e-08
 Reference value :  2.62456e-08
 Reference value :  2.63056e-08
 Reference value :  2.63656e-08
 Reference value :  2.64456e-08
 Reference value :  2.65056e-08
 Reference value :  2.65656e-08
 Reference value :  2.66256e-08
 Reference value :  2.66856e-08
 Reference value :  2.67656e-08
 Reference value :  2.68256e-08
 Reference value :  2.68856e-08
 Reference value :  2.69656e-08
 Reference value :  2.70256e-08
 Reference value :  2.70856e-08
 Reference value :  2.71456e-08
 Reference value :  2.72056e-08
 Reference value :  2.72656e-08
 Reference value :  2.73256e-08
 Reference value :  2.74056e-08
 Reference value :  2.74656e-08
 Reference value :  2.75256e-08
 Reference value :  2.75856e-08
 Reference value :  2.76456e-08
 Reference value :  2.77256e-08
 Reference value :  2.77856e-08
 Reference value :  2.78656e-08
 Reference value :  2.79256e-08
 Reference value :  2.79856e-08
 Reference value :  2.80456e-08
 Reference value :  2.81056e-08
 Reference value :  2.81656e-08
 Reference value :  2.82456e-08
 Reference value :  2.83056e-08
 Reference value :  2.83656e-08
 Reference value :  2.84256e-08
 Reference value :  2.84856e-08
 Reference value :  2.85656e-08
 Reference value :  2.86256e-08
 Reference value :  2.86856e-08
 Reference value :  2.87456e-08
 Reference value :  2.88056e-08
 Reference value :  2.88856e-08
 Reference value :  2.89456e-08
 Reference value :  2.90056e-08
 Reference value :  2.90656e-08
 Reference value :  2.91256e-08
 Reference value :  2.92056e-08
 Reference value :  2.92856e-08
 Reference value :  2.93456e-08
 Reference value :  2.94056e-08
 Reference value :  2.94656e-08
 Reference value :  2.95256e-08
 Reference value :  2.95856e-08
 Reference value :  2.96456e-08
 Reference value :  2.97256e-08
 Reference value :  2.97856e-08
 Reference value :  2.98456e-08
 Reference value :  2.99056e-08
 Reference value :  2.99656e-08
 Reference value :  3.00256e-08
 Reference value :  3.00856e-08
 Reference value :  3.01456e-08
 Reference value :  3.02056e-08
 Reference value :  3.02656e-08
 Reference value :  3.03256e-08
 Reference value :  3.03856e-08
 Reference value :  3.04656e-08
 Reference value :  3.05456e-08
 Reference value :  3.06056e-08
 Reference value :  3.06656e-08
 Reference value :  3.07256e-08
 Reference value :  3.07856e-08
 Reference value :  3.08456e-08
 Reference value :  3.09056e-08
 Reference value :  3.09656e-08
 Reference value :  3.10256e-08
 Reference value :  3.10856e-08
 Reference value :  3.11656e-08
 Reference value :  3.12256e-08
 Reference value :  3.13056e-08
 Reference value :  3.13656e-08
 Reference value :  3.14256e-08
 Reference value :  3.14856e-08
 Reference value :  3.15656e-08
 Reference value :  3.16256e-08
 Reference value :  3.16856e-08
 Reference value :  3.17456e-08
 Reference value :  3.18056e-08
 Reference value :  3.18656e-08
 Reference value :  3.19256e-08
 Reference value :  3.19856e-08
 Reference value :  3.20456e-08
 Reference value :  3.21056e-08
 Reference value :  3.21656e-08
 Reference value :  3.22256e-08
 Reference value :  3.22856e-08
 Reference value :  3.23456e-08
 Reference value :  3.24056e-08
 Reference value :  3.24656e-08
 Reference value :  3.25256e-08
 Reference value :  3.25856e-08
 Reference value :  3.26456e-08
 Reference value :  3.27056e-08
 Reference value :  3.27656e-08
 Reference value :  3.28456e-08
 Reference value :  3.29056e-08
 Reference value :  3.29656e-08
 Reference value :  3.30256e-08
 Reference value :  3.30856e-08
 Reference value :  3.31456e-08
 Reference value :  3.32056e-08
 Reference value :  3.32656e-08
 Reference value :  3.33195e-08
 Reference value :  3.33334e-08
 Reference value :  3.33339e-08
 Reference value :  3.33358e-08
 Reference value :  3.33393e-08
 Reference value :  3.33435e-08
 Reference value :  3.33496e-08
 Reference value :  3.33536e-08
 Reference value :  3.33609e-08
 Reference value :  3.33687e-08
 Reference value :  3.33774e-08
 Reference value :  3.33877e-08
 Reference value :  3.33935e-08
 Reference value :  3.33985e-08
 Reference value :  3.34029e-08
 Reference value :  3.34070e-08
 Reference value :  3.34133e-08
 Reference value :  3.34134e-08
 Reference value :  3.34143e-08
 Reference value :  3.34167e-08
 Reference value :  3.34203e-08
 Reference value :  3.34248e-08
 Reference value :  3.34311e-08
 Reference value :  3.34418e-08
 Reference value :  3.34564e-08
 Reference value :  3.34736e-08
 Reference value :  3.34949e-08
 Reference value :  3.35374e-08
 Reference value :  3.35755e-08
 Reference value :  3.36155e-08
 Reference value :  3.36555e-08
 Reference value :  3.37155e-08
 Reference value :  3.37755e-08
 Reference value :  3.38355e-08
 Reference value :  3.38955e-08
 Reference value :  3.39555e-08
 Reference value :  3.40355e-08
 Reference value :  3.40955e-08
 Reference value :  3.41555e-08
 Reference value :  3.42155e-08
 Reference value :  3.42755e-08
 Reference value :  3.43355e-08
 Reference value :  3.43955e-08
 Reference value :  3.44555e-08
 Reference value :  3.45155e-08
 Reference value :  3.45755e-08
 Reference value :  3.46555e-08
 Reference value :  3.47355e-08
 Reference value :  3.47955e-08
 Reference value :  3.48555e-08
 Reference value :  3.49155e-08
 Reference value :  3.49755e-08
 Reference value :  3.50355e-08
 Reference value :  3.50955e-08
 Reference value :  3.51555e-08
 Reference value :  3.52155e-08
 Reference value :  3.52955e-08
 Reference value :  3.53555e-08
 Reference value :  3.54155e-08
 Reference value :  3.54755e-08
 Reference value :  3.55355e-08
 Reference value :  3.55955e-08
 Reference value :  3.56555e-08
 Reference value :  3.57155e-08
 Reference value :  3.57755e-08
 Reference value :  3.58355e-08
 Reference value :  3.58955e-08
 Reference value :  3.59555e-08
 Reference value :  3.60155e-08
 Reference value :  3.60755e-08
 Reference value :  3.61355e-08
 Reference value :  3.61955e-08
 Reference value :  3.62555e-08
 Reference value :  3.63155e-08
 Reference value :  3.63755e-08
 Reference value :  3.64355e-08
 Reference value :  3.64955e-08
 Reference value :  3.65555e-08
 Reference value :  3.66155e-08
 Reference value :  3.66755e-08
 Reference value :  3.67555e-08
 Reference value :  3.68155e-08
 Reference value :  3.68755e-08
 Reference value :  3.69355e-08
 Reference value :  3.69955e-08
 Reference value :  3.70371e-08
 Reference value :  3.70380e-08
 Reference value :  3.70406e-08
 Reference value :  3.70464e-08
 Reference value :  3.70520e-08
 Reference value :  3.70600e-08
 Reference value :  3.70674e-08
 Reference value :  3.70798e-08
 Reference value :  3.70897e-08
 Reference value :  3.71016e-08
 Reference value :  3.71102e-08
 Reference value :  3.71170e-08
 Reference value :  3.71171e-08
 Reference value :  3.71181e-08
 Reference value :  3.71208e-08
 Reference value :  3.71265e-08
 Reference value :  3.71356e-08
 Reference value :  3.71472e-08
 Reference value :  3.71620e-08
 Reference value :  3.71796e-08
 Reference value :  3.72014e-08
 Reference value :  3.72289e-08
 Reference value :  3.72638e-08
 Reference value :  3.73038e-08
 Reference value :  3.73438e-08
 Reference value :  3.74038e-08
 Reference value :  3.74638e-08
 Reference value :  3.75238e-08
 Reference value :  3.75838e-08
 Reference value :  3.76438e-08
 Reference value :  3.77038e-08
 Reference value :  3.77608e-08
 Reference value :  3.77781e-08
 Reference value :  3.77788e-08
 Reference value :  3.77798e-08
 Reference value :  3.77877e-08
 Reference value :  3.78345e-08
 Reference value :  3.78945e-08
 Reference value :  3.79545e-08
 Reference value :  3.80145e-08
 Reference value :  3.80745e-08
 Reference value :  3.81313e-08
 Reference value :  3.81484e-08
 Reference value :  3.81492e-08
 Reference value :  3.81502e-08
 Reference value :  3.81580e-08
 Reference value :  3.82049e-08
 Reference value :  3.82649e-08
 Reference value :  3.83249e-08
 Reference value :  3.83849e-08
 Reference value :  3.84449e-08
 Reference value :  3.85049e-08
 Reference value :  3.85649e-08
 Reference value :  3.86249e-08
 Reference value :  3.86849e-08
 Reference value :  3.87449e-08
 Reference value :  3.88049e-08
 Reference value :  3.88649e-08
 Reference value :  3.89249e-08
 Reference value :  3.89849e-08
 Reference value :  3.90649e-08
 Reference value :  3.91249e-08
 Reference value :  3.91849e-08
 Reference value :  3.92649e-08
 Reference value :  3.93249e-08
 Reference value :  3.93849e-08
 Reference value :  3.94649e-08
 Reference value :  3.95249e-08
 Reference value :  3.96049e-08
 Reference value :  3.96299e-08
 Reference value :  3.96307e-08
 Reference value :  3.96317e-08
 Reference value :  3.96395e-08
 Reference value :  3.96864e-08
 Reference value :  3.97464e-08
 Reference value :  3.98264e-08
 Reference value :  3.98864e-08
 Reference value :  3.99464e-08
 Reference value :  4.00064e-08
 Reference value :  4.00664e-08
 Reference value :  4.01264e-08
 Reference value :  4.01864e-08
 Reference value :  4.02464e-08
 Reference value :  4.03064e-08
 Reference value :  4.03864e-08
 Reference value :  4.04464e-08
 Reference value :  4.05064e-08
 Reference value :  4.05664e-08
 Reference value :  4.06264e-08
 Reference value :  4.06864e-08
 Reference value :  4.07407e-08
 Reference value :  4.07408e-08
 Reference value :  4.07414e-08
 Reference value :  4.07437e-08
 Reference value :  4.07473e-08
 Reference value :  4.07517e-08
 Reference value :  4.07582e-08
 Reference value :  4.07622e-08
 Reference value :  4.07694e-08
 Reference value :  4.07774e-08
 Reference value :  4.07862e-08
 Reference value :  4.08024e-08
 Reference value :  4.08073e-08
 Reference value :  4.08115e-08
 Reference value :  4.08184e-08
 Reference value :  4.08208e-08
 Reference value :  4.08212e-08
 Reference value :  4.08240e-08
 Reference value :  4.08276e-08
 Reference value :  4.08320e-08
 Reference value :  4.08382e-08
 Reference value :  4.08556e-08
 Reference value :  4.08712e-08
 Reference value :  4.08902e-08
 Reference value :  4.09138e-08
 Reference value :  4.09436e-08
 Reference value :  4.09814e-08
 Reference value :  4.10214e-08
 Reference value :  4.10614e-08
 Reference value :  4.11214e-08
 Reference value :  4.11814e-08
 Reference value :  4.12414e-08
 Reference value :  4.13014e-08
 Reference value :  4.13614e-08
 Reference value :  4.14214e-08
 Reference value :  4.14814e-08
 Reference value :  4.15414e-08
 Reference value :  4.16014e-08
 Reference value :  4.16614e-08
 Reference value :  4.17214e-08
 Reference value :  4.17814e-08
 Reference value :  4.18366e-08
 Reference value :  4.18522e-08
 Reference value :  4.18529e-08
 Reference value :  4.18539e-08
 Reference value :  4.18617e-08
 Reference value :  4.19086e-08
 Reference value :  4.19686e-08
 Reference value :  4.20286e-08
 Reference value :  4.20886e-08
 Reference value :  4.21486e-08
 Reference value :  4.22086e-08
 Reference value :  4.22686e-08
 Reference value :  4.23286e-08
 Reference value :  4.23886e-08
 Reference value :  4.24486e-08
 Reference value :  4.25086e-08
 Reference value :  4.25686e-08
 Reference value :  4.26286e-08
 Reference value :  4.27086e-08
 Reference value :  4.27686e-08
 Reference value :  4.28286e-08
 Reference value :  4.28886e-08
 Reference value :  4.29486e-08
 Reference value :  4.30086e-08
 Reference value :  4.30686e-08
 Reference value :  4.31286e-08
 Reference value :  4.31886e-08
 Reference value :  4.32486e-08
 Reference value :  4.33086e-08
 Reference value :  4.33334e-08
 Reference value :  4.33343e-08
 Reference value :  4.33348e-08
 Reference value :  4.33387e-08
 Reference value :  4.33901e-08
 Reference value :  4.34501e-08
 Reference value :  4.35101e-08
 Reference value :  4.35701e-08
 Reference value :  4.36301e-08
 Reference value :  4.37101e-08
 Reference value :  4.37701e-08
 Reference value :  4.38301e-08
 Reference value :  4.39101e-08
 Reference value :  4.39701e-08
 Reference value :  4.40301e-08
 Reference value :  4.40901e-08
 Reference value :  4.41501e-08
 Reference value :  4.42101e-08
 Reference value :  4.42701e-08
 Reference value :  4.43301e-08
 Reference value :  4.43901e-08
 Reference value :  4.44444e-08
 Reference value :  4.44445e-08
 Reference value :  4.44452e-08
 Reference value :  4.44474e-08
 Reference value :  4.44510e-08
 Reference value :  4.44554e-08
 Reference value :  4.44619e-08
 Reference value :  4.44659e-08
 Reference value :  4.44695e-08
 Reference value :  4.44731e-08
 Reference value :  4.44811e-08
 Reference value :  4.44899e-08
 Reference value :  4.45006e-08
 Reference value :  4.45062e-08
 Reference value :  4.45110e-08
 Reference value :  4.45152e-08
 Reference value :  4.45244e-08
 Reference value :  4.45245e-08
 Reference value :  4.45249e-08
 Reference value :  4.45277e-08
 Reference value :  4.45313e-08
 Reference value :  4.45357e-08
 Reference value :  4.45419e-08
 Reference value :  4.45524e-08
 Reference value :  4.45669e-08
 Reference value :  4.45839e-08
 Reference value :  4.46050e-08
 Reference value :  4.46473e-08
 Reference value :  4.46852e-08
 Reference value :  4.47252e-08
 Reference value :  4.47852e-08
 Reference value :  4.48452e-08
 Reference value :  4.49052e-08
 Reference value :  4.49852e-08
 Reference value :  4.50652e-08
 Reference value :  4.51252e-08
 Reference value :  4.51852e-08
 Reference value :  4.52652e-08
 Reference value :  4.53452e-08
 Reference value :  4.54052e-08
 Reference value :  4.54652e-08
 Reference value :  4.55252e-08
 Reference value :  4.55557e-08
 Reference value :  4.55566e-08
 Reference value :  4.55570e-08
 Reference value :  4.55610e-08
 Reference value :  4.55923e-08
 Reference value :  4.56523e-08
 Reference value :  4.57123e-08
 Reference value :  4.57723e-08
 Reference value :  4.58523e-08
 Reference value :  4.59123e-08
 Reference value :  4.59723e-08
 Reference value :  4.60323e-08
 Reference value :  4.60923e-08
 Reference value :  4.61723e-08
 Reference value :  4.62523e-08
 Reference value :  4.63123e-08
 Reference value :  4.63723e-08
 Reference value :  4.64323e-08
 Reference value :  4.65123e-08
 Reference value :  4.65923e-08
 Reference value :  4.66523e-08
 Reference value :  4.67123e-08
 Reference value :  4.67723e-08
 Reference value :  4.68323e-08
 Reference value :  4.68923e-08
 Reference value :  4.69523e-08
 Reference value :  4.70123e-08
 Reference value :  4.70371e-08
 Reference value :  4.70380e-08
 Reference value :  4.70385e-08
 Reference value :  4.70469e-08
 Reference value :  4.70938e-08
 Reference value :  4.71538e-08
 Reference value :  4.72138e-08
 Reference value :  4.72738e-08
 Reference value :  4.73338e-08
 Reference value :  4.73938e-08
 Reference value :  4.74538e-08
 Reference value :  4.75138e-08
 Reference value :  4.75938e-08
 Reference value :  4.76538e-08
 Reference value :  4.77138e-08
 Reference value :  4.77738e-08
 Reference value :  4.78338e-08
 Reference value :  4.78938e-08
 Reference value :  4.79538e-08
 Reference value :  4.80138e-08
 Reference value :  4.80738e-08
 Reference value :  4.81310e-08
 Reference value :  4.81482e-08
 Reference value :  4.81496e-08
 Reference value :  4.81528e-08
 Reference value :  4.81567e-08
 Reference value :  4.81619e-08
 Reference value :  4.81696e-08
 Reference value :  4.81732e-08
 Reference value :  4.81768e-08
 Reference value :  4.81848e-08
 Reference value :  4.81936e-08
 Reference value :  4.82043e-08
 Reference value :  4.82099e-08
 Reference value :  4.82189e-08
 Reference value :  4.82281e-08
 Reference value :  4.82282e-08
 Reference value :  4.82286e-08
 Reference value :  4.82299e-08
 Reference value :  4.82314e-08
 Reference value :  4.82350e-08
 Reference value :  4.82394e-08
 Reference value :  4.82456e-08
 Reference value :  4.82561e-08
 Reference value :  4.82706e-08
 Reference value :  4.82876e-08
 Reference value :  4.83087e-08
 Reference value :  4.83352e-08
 Reference value :  4.83689e-08
 Reference value :  4.84089e-08
 Reference value :  4.84489e-08
 Reference value :  4.85089e-08
 Reference value :  4.85689e-08
 Reference value :  4.86289e-08
 Reference value :  4.86889e-08
 Reference value :  4.87489e-08
 Reference value :  4.88289e-08
 Reference value :  4.89089e-08
 Reference value :  4.89689e-08
 Reference value :  4.90289e-08
 Reference value :  4.90889e-08
 Reference value :  4.91489e-08
 Reference value :  4.92089e-08
 Reference value :  4.92593e-08
 Reference value :  4.92599e-08
 Reference value :  4.92605e-08
 Reference value :  4.92624e-08
 Reference value :  4.92781e-08
 Reference value :  4.93360e-08
 Reference value :  4.93960e-08
 Reference value :  4.94560e-08
 Reference value :  4.95160e-08
 Reference value :  4.95760e-08
 Reference value :  4.96360e-08
 Reference value :  4.96960e-08
 Reference value :  4.97560e-08
 Reference value :  4.98160e-08
 Reference value :  4.98760e-08
 Reference value :  4.99360e-08
 Reference value :  4.99960e-08
 Reference value :  5.00560e-08
 Reference value :  5.01160e-08
 Reference value :  5.01760e-08
 Reference value :  5.02560e-08
 Reference value :  5.03160e-08
 Reference value :  5.03760e-08
 Reference value :  5.04360e-08
 Reference value :  5.05160e-08
 Reference value :  5.05960e-08
 Reference value :  5.06560e-08
 Reference value :  5.07160e-08
 Reference value :  5.07408e-08
 Reference value :  5.07417e-08
 Reference value :  5.07422e-08
 Reference value :  5.07462e-08
 Reference value :  5.07596e-08
 Reference value :  5.08175e-08
 Reference value :  5.08775e-08
 Reference value :  5.09375e-08
 Reference value :  5.09975e-08
 Reference value :  5.10575e-08
 Reference value :  5.11175e-08
 Reference value :  5.11775e-08
 Reference value :  5.12375e-08
 Reference value :  5.12975e-08
 Reference value :  5.13575e-08
 Reference value :  5.14175e-08
 Reference value :  5.14775e-08
 Reference value :  5.15375e-08
 Reference value :  5.16175e-08
 Reference value :  5.16775e-08
 Reference value :  5.17375e-08
 Reference value :  5.17975e-08
 Reference value :  5.18519e-08
 Reference value :  5.18519e-08
 Reference value :  5.18526e-08
 Reference value :  5.18548e-08
 Reference value :  5.18584e-08
 Reference value :  5.18628e-08
 Reference value :  5.18693e-08
 Reference value :  5.18733e-08
 Reference value :  5.18769e-08
 Reference value :  5.18805e-08
 Reference value :  5.18885e-08
 Reference value :  5.18973e-08
 Reference value :  5.19081e-08
 Reference value :  5.19136e-08
 Reference value :  5.19184e-08
 Reference value :  5.19226e-08
 Reference value :  5.19295e-08
 Reference value :  5.19319e-08
 Reference value :  5.19323e-08
 Reference value :  5.19351e-08
 Reference value :  5.19407e-08
 Reference value :  5.19459e-08
 Reference value :  5.19536e-08
 Reference value :  5.19667e-08
 Reference value :  5.19913e-08
 Reference value :  5.20249e-08
 Reference value :  5.20547e-08
 Reference value :  5.20926e-08
 Reference value :  5.21326e-08
 Reference value :  5.21726e-08
 Reference value :  5.22126e-08
 Reference value :  5.22926e-08
 Reference value :  5.23526e-08
 Reference value :  5.24126e-08
 Reference value :  5.24726e-08
 Reference value :  5.25526e-08
 Reference value :  5.26326e-08
 Reference value :  5.26926e-08
 Reference value :  5.27726e-08
 Reference value :  5.28326e-08
 Reference value :  5.28926e-08
 Reference value :  5.29478e-08
 Reference value :  5.29633e-08
 Reference value :  5.29640e-08
 Reference value :  5.29650e-08
 Reference value :  5.29818e-08
 Reference value :  5.30397e-08
 Reference value :  5.30997e-08
 Reference value :  5.31597e-08
 Reference value :  5.32197e-08
 Reference value :  5.32797e-08
 Reference value :  5.33397e-08
 Reference value :  5.33997e-08
 Reference value :  5.34597e-08
 Reference value :  5.35197e-08
 Reference value :  5.35797e-08
 Reference value :  5.36397e-08
 Reference value :  5.36997e-08
 Reference value :  5.37597e-08
 Reference value :  5.38197e-08
 Reference value :  5.38797e-08
 Reference value :  5.39397e-08
 Reference value :  5.39997e-08
 Reference value :  5.40597e-08
 Reference value :  5.41197e-08
 Reference value :  5.41797e-08
 Reference value :  5.42397e-08
 Reference value :  5.42997e-08
 Reference value :  5.43597e-08
 Reference value :  5.44197e-08
 Reference value :  5.44445e-08
 Reference value :  5.44454e-08
 Reference value :  5.44459e-08
 Reference value :  5.44499e-08
 Reference value :  5.44812e-08
 Reference value :  5.45412e-08
 Reference value :  5.46012e-08
 Reference value :  5.46612e-08
 Reference value :  5.47212e-08
 Reference value :  5.47812e-08
 Reference value :  5.48412e-08
 Reference value :  5.49012e-08
 Reference value :  5.49612e-08
 Reference value :  5.50212e-08
 Reference value :  5.51012e-08
 Reference value :  5.51812e-08
 Reference value :  5.52412e-08
 Reference value :  5.53012e-08
 Reference value :  5.53812e-08
 Reference value :  5.54412e-08
 Reference value :  5.55212e-08
 Reference value :  5.55556e-08
 Reference value :  5.55563e-08
 Reference value :  5.55585e-08
 Reference value :  5.55621e-08
 Reference value :  5.55665e-08
 Reference value :  5.55730e-08
 Reference value :  5.55770e-08
 Reference value :  5.55806e-08
 Reference value :  5.55880e-08
 Reference value :  5.55966e-08
 Reference value :  5.56060e-08
 Reference value :  5.56173e-08
 Reference value :  5.56221e-08
 Reference value :  5.56263e-08
 Reference value :  5.56333e-08
 Reference value :  5.56356e-08
 Reference value :  5.56360e-08
 Reference value :  5.56388e-08
 Reference value :  5.56424e-08
 Reference value :  5.56468e-08
 Reference value :  5.56531e-08
 Reference value :  5.56635e-08
 Reference value :  5.56780e-08
 Reference value :  5.56950e-08
 Reference value :  5.57161e-08
 Reference value :  5.57426e-08
 Reference value :  5.57763e-08
 Reference value :  5.58363e-08
 Reference value :  5.58763e-08
 Reference value :  5.59363e-08
 Reference value :  5.59963e-08
 Reference value :  5.60563e-08
 Reference value :  5.61163e-08
 Reference value :  5.61763e-08
 Reference value :  5.62563e-08
 Reference value :  5.63163e-08
 Reference value :  5.63763e-08
 Reference value :  5.64363e-08
 Reference value :  5.64963e-08
 Reference value :  5.65563e-08
 Reference value :  5.66163e-08
 Reference value :  5.66667e-08
 Reference value :  5.66673e-08
 Reference value :  5.66679e-08
 Reference value :  5.66698e-08
 Reference value :  5.66855e-08
 Reference value :  5.67434e-08
 Reference value :  5.68234e-08
 Reference value :  5.68834e-08
 Reference value :  5.69434e-08
 Reference value :  5.70034e-08
 Reference value :  5.70634e-08
 Reference value :  5.71234e-08
 Reference value :  5.71834e-08
 Reference value :  5.72434e-08
 Reference value :  5.73034e-08
 Reference value :  5.73634e-08
 Reference value :  5.74234e-08
 Reference value :  5.74834e-08
 Reference value :  5.75434e-08
 Reference value :  5.76034e-08
 Reference value :  5.76634e-08
 Reference value :  5.77234e-08
 Reference value :  5.77834e-08
 Reference value :  5.78434e-08
 Reference value :  5.79034e-08
 Reference value :  5.79634e-08
 Reference value :  5.80234e-08
 Reference value :  5.80834e-08
 Reference value :  5.81358e-08
 Reference value :  5.81484e-08
 Reference value :  5.81492e-08
 Reference value :  5.81502e-08
 Reference value :  5.81580e-08
 Reference value :  5.82049e-08
 Reference value :  5.82649e-08
 Reference value :  5.83449e-08
 Reference value :  5.84049e-08
 Reference value :  5.84649e-08
 Reference value :  5.85185e-08
 Reference value :  5.85192e-08
 Reference value :  5.85197e-08
 Reference value :  5.85217e-08
 Reference value :  5.85374e-08
 Reference value :  5.85953e-08
 Reference value :  5.86553e-08
 Reference value :  5.87153e-08
 Reference value :  5.87753e-08
 Reference value :  5.88353e-08
 Reference value :  5.88953e-08
 Reference value :  5.89553e-08
 Reference value :  5.90153e-08
 Reference value :  5.90753e-08
 Reference value :  5.91353e-08
 Reference value :  5.91793e-08
 Reference value :  5.91794e-08
 Reference value :  5.91803e-08
 Reference value :  5.91831e-08
 Reference value :  5.91889e-08
 Reference value :  5.91947e-08
 Reference value :  5.92072e-08
 Reference value :  5.92193e-08
 Reference value :  5.92286e-08
 Reference value :  5.92398e-08
 Reference value :  5.92448e-08
 Reference value :  5.92492e-08
 Reference value :  5.92533e-08
 Reference value :  5.92593e-08
 Reference value :  5.92593e-08
 Reference value :  5.92597e-08
 Reference value :  5.92625e-08
 Reference value :  5.92661e-08
 Reference value :  5.92733e-08
 Reference value :  5.92810e-08
 Reference value :  5.92941e-08
 Reference value :  5.93097e-08
 Reference value :  5.93286e-08
 Reference value :  5.93522e-08
 Reference value :  5.93821e-08
 Reference value :  5.94199e-08
 Reference value :  5.94799e-08
 Reference value :  5.95199e-08
 Reference value :  5.95799e-08
 Reference value :  5.96399e-08
 Reference value :  5.96999e-08
 Reference value :  5.97599e-08
 Reference value :  5.98199e-08
 Reference value :  5.98799e-08
 Reference value :  5.99399e-08
 Reference value :  5.99999e-08
 Reference value :  6.00599e-08
 Reference value :  6.01199e-08
 Reference value :  6.01799e-08
 Reference value :  6.02399e-08
 Reference value :  6.02999e-08
 Reference value :  6.03599e-08
 Reference value :  6.04399e-08
 Reference value :  6.04999e-08
 Reference value :  6.05599e-08
 Reference value :  6.06199e-08
 Reference value :  6.06799e-08
 Reference value :  6.07399e-08
 Reference value :  6.07999e-08
 Reference value :  6.08599e-08
 Reference value :  6.09199e-08
 Reference value :  6.09799e-08
No. of Data Rows : 3555
m_ui_ref            =  3.70370e-09 targ=  3.70770e-08 trig=  3.33733e-08
m_spa_in            =  1.48148e-08 targ=  4.81881e-08 trig=  3.33733e-08
m_spb_in            =  1.11111e-08 targ=  4.44844e-08 trig=  3.33733e-08
m_spa_c0            =  1.48148e-08 targ=  4.81955e-08 trig=  3.33807e-08
m_spb_c0            =  1.11111e-08 targ=  4.44918e-08 trig=  3.33807e-08
m_trise_c0          =  4.75267e-11 targ=  3.71064e-08 trig=  3.70589e-08
m_tfall_c0          =  4.75266e-11 targ=  4.08101e-08 trig=  4.07626e-08
m_spa_c1            =  1.48148e-08 targ=  4.82291e-08 trig=  3.34143e-08
m_spb_c1            =  1.11111e-08 targ=  4.45254e-08 trig=  3.34143e-08
m_trise_c1          =  1.19012e-10 targ=  3.71968e-08 trig=  3.70778e-08
m_tfall_c1          =  1.18716e-10 targ=  4.09003e-08 trig=  4.07816e-08
m_spa_c2            =  1.48148e-08 targ=  4.82593e-08 trig=  3.34444e-08
m_spb_c2            =  1.11111e-08 targ=  4.45556e-08 trig=  3.34444e-08
m_trise_c2          =  2.25331e-10 targ=  3.73125e-08 trig=  3.70872e-08
m_tfall_c2          =  2.25172e-10 targ=  4.10161e-08 trig=  4.07910e-08
m_spa_cmis          =  1.48148e-08 targ=  4.82395e-08 trig=  3.34246e-08
m_spb_cmis          =  1.11126e-08 targ=  4.45372e-08 trig=  3.34246e-08
m_dj_ui_c0 = 2.6999997835e-06
m_swing_c0 = 5.0063205564e-01
m_vpp_c0 = 6.1298566034e-01
m_vcm_c0 = 3.0496760538e+00
m_dj_ui_c1 = 2.6999997835e-06
m_swing_c1 = 5.0064392156e-01
m_vpp_c1 = 5.0799267056e-01
m_vcm_c1 = 3.0496701204e+00
m_dj_ui_c2 = 2.6999997840e-06
m_swing_c2 = 5.0061553018e-01
m_vpp_c2 = 5.0424261307e-01
m_vcm_c2 = 3.0496843162e+00
m_dj_ui_cmis = 3.9149996868e-04
m_swing_cmis = 5.0061374421e-01
m_swing_avcclo = 5.0030994516e-01
m_vcm_avcclo = 2.7198357707e+00
m_swing_avcchi = 5.0094999551e-01
m_vcm_avcchi = 3.3795179972e+00
m_vgs_sw_max = 1.6526879998e+00
m_vgd_sw_max = 1.8149930059e+00
m_vds_sw_max = 2.5147777290e+00
m_vgs_tail_max = 1.2243426686e+00
m_vds_tail_max = 1.2432104051e+00
m_swing_dc = 5.0012131272e-01
m_vcm_dc = 3.0499314382e+00
m_ioff_dc = 1.5810945897e-07
m_itail_dc = 1.0002742473e-02
m_icell_dc = 1.0502742474e-02
m_ro_leg = 5.2687997415e+04
Note: Simulation executed from .control section 

