
Note: No compatibility mode selected!


Circuit: * cml-driver-eye @ ss_27c_3.30v_742p5mbps -- generated by sim/harness, do not edit

Doing analysis at TEMP = 27.000000 and TNOM = 27.000000

Using SPARSE 1.3 as Direct Linear Solver

Initial Transient Solution
--------------------------

Node                                   Voltage
----                                   -------
avcc                                       3.3
avcclo                                    2.97
avcchi                                    3.63
inp                                      2.805
inn                                      1.815
inpz                                     2.805
innz                                     1.815
inref                                     0.99
win                                          0
winc                                         0
xc0.tail                               1.18327
ib_c0                                  1.26264
outp_c0                                2.80169
outn_c0                                3.29999
vd_c0                                 0.498296
xc1.tail                               1.18327
ib_c1                                  1.26264
outp_c1                                2.80169
outn_c1                                3.29999
vd_c1                                 0.498296
xc2.tail                               1.18327
ib_c2                                  1.26264
outp_c2                                2.80169
outn_c2                                3.29999
vd_c2                                 0.498296
xcmis.tail                             1.18327
ib_cmis                                1.26264
outp_cmis                              2.80169
outn_cmis                              3.29999
vd_cmis                               0.498296
xvlo.tail                              1.16857
ib_vlo                                 1.26264
outp_vlo                               2.47201
outn_vlo                               2.96998
xvhi.tail                              1.19702
ib_vhi                                 1.26264
outp_vhi                               3.13139
outn_vhi                               3.62999
xz.tail                                1.18327
ib_z                                   1.26264
vss_z                                        0
outp_z                                 2.80169
outn_z                                 3.29999
xza.tail                               1.17444
ib_za                                  1.26264
outp_za                                    2.6
outn_za                                3.29998
xzb.tail                               1.19162
ib_zb                                  1.26264
outp_zb                                      3
outn_zb                                3.29999
ediff_cmis#branch                            0
ediff_c2#branch                              0
ediff_c1#branch                              0
ediff_c0#branch                              0
einref#branch                                0
vforce_zb#branch                   -0.00996992
vforce_za#branch                   -0.00996227
vsens_z#branch                       0.0104665
vwinc#branch                                 0
vwin#branch                                  0
vinnz#branch                                 0
vinpz#branch                                 0
vinn#branch                                  0
vinp#branch                                  0
vavcchi#branch                      -0.0099725
vavcclo#branch                      -0.0099601
vavcc#branch                        -0.0498332

 Reference value :  0.00000e+00
 Reference value :  4.00000e-13
 Reference value :  3.20000e-12
 Reference value :  2.56000e-11
 Reference value :  8.56000e-11
 Reference value :  1.45600e-10
 Reference value :  2.05600e-10
 Reference value :  2.65600e-10
 Reference value :  3.25600e-10
 Reference value :  3.85600e-10
 Reference value :  4.45600e-10
 Reference value :  5.05600e-10
 Reference value :  5.65600e-10
 Reference value :  6.25600e-10
 Reference value :  6.85600e-10
 Reference value :  7.45600e-10
 Reference value :  8.05600e-10
 Reference value :  8.65600e-10
 Reference value :  9.25600e-10
 Reference value :  9.85600e-10
 Reference value :  1.04560e-09
 Reference value :  1.10560e-09
 Reference value :  1.16560e-09
 Reference value :  1.22560e-09
 Reference value :  1.30560e-09
 Reference value :  1.36560e-09
 Reference value :  1.42560e-09
 Reference value :  1.48560e-09
 Reference value :  1.54560e-09
 Reference value :  1.60560e-09
 Reference value :  1.66560e-09
 Reference value :  1.72560e-09
 Reference value :  1.78560e-09
 Reference value :  1.84560e-09
 Reference value :  1.90560e-09
 Reference value :  1.96560e-09
 Reference value :  2.02560e-09
 Reference value :  2.08560e-09
 Reference value :  2.14560e-09
 Reference value :  2.20560e-09
 Reference value :  2.26560e-09
 Reference value :  2.32560e-09
 Reference value :  2.38560e-09
 Reference value :  2.44560e-09
 Reference value :  2.52560e-09
 Reference value :  2.60560e-09
 Reference value :  2.66560e-09
 Reference value :  2.72560e-09
 Reference value :  2.78560e-09
 Reference value :  2.84560e-09
 Reference value :  2.90560e-09
 Reference value :  2.96560e-09
 Reference value :  3.02560e-09
 Reference value :  3.08560e-09
 Reference value :  3.14560e-09
 Reference value :  3.20560e-09
 Reference value :  3.26560e-09
 Reference value :  3.32560e-09
 Reference value :  3.38560e-09
 Reference value :  3.44560e-09
 Reference value :  3.50560e-09
 Reference value :  3.58560e-09
 Reference value :  3.64560e-09
 Reference value :  3.70560e-09
 Reference value :  3.76560e-09
 Reference value :  3.82560e-09
 Reference value :  3.88560e-09
 Reference value :  3.94560e-09
 Reference value :  4.00560e-09
 Reference value :  4.06560e-09
 Reference value :  4.12560e-09
 Reference value :  4.18560e-09
 Reference value :  4.24560e-09
 Reference value :  4.30560e-09
 Reference value :  4.36560e-09
 Reference value :  4.42560e-09
 Reference value :  4.48560e-09
 Reference value :  4.54560e-09
 Reference value :  4.60560e-09
 Reference value :  4.66560e-09
 Reference value :  4.72560e-09
 Reference value :  4.78560e-09
 Reference value :  4.84560e-09
 Reference value :  4.92560e-09
 Reference value :  4.98560e-09
 Reference value :  5.04560e-09
 Reference value :  5.10560e-09
 Reference value :  5.16560e-09
 Reference value :  5.22560e-09
 Reference value :  5.28560e-09
 Reference value :  5.34560e-09
 Reference value :  5.40560e-09
 Reference value :  5.46560e-09
 Reference value :  5.54560e-09
 Reference value :  5.60560e-09
 Reference value :  5.66560e-09
 Reference value :  5.72560e-09
 Reference value :  5.78560e-09
 Reference value :  5.84560e-09
 Reference value :  5.90560e-09
 Reference value :  5.96560e-09
 Reference value :  6.02560e-09
 Reference value :  6.08560e-09
 Reference value :  6.14560e-09
 Reference value :  6.20560e-09
 Reference value :  6.26560e-09
 Reference value :  6.32560e-09
 Reference value :  6.38560e-09
 Reference value :  6.44560e-09
 Reference value :  6.50560e-09
 Reference value :  6.56560e-09
 Reference value :  6.62560e-09
 Reference value :  6.68560e-09
 Reference value :  6.74560e-09
 Reference value :  6.80560e-09
 Reference value :  6.86560e-09
 Reference value :  6.92560e-09
 Reference value :  6.98560e-09
 Reference value :  7.04560e-09
 Reference value :  7.10560e-09
 Reference value :  7.16560e-09
 Reference value :  7.22560e-09
 Reference value :  7.28560e-09
 Reference value :  7.34560e-09
 Reference value :  7.40560e-09
 Reference value :  7.46560e-09
 Reference value :  7.52560e-09
 Reference value :  7.60560e-09
 Reference value :  7.66560e-09
 Reference value :  7.72560e-09
 Reference value :  7.78560e-09
 Reference value :  7.84560e-09
 Reference value :  7.90560e-09
 Reference value :  7.96560e-09
 Reference value :  8.04560e-09
 Reference value :  8.10560e-09
 Reference value :  8.16560e-09
 Reference value :  8.22560e-09
 Reference value :  8.28560e-09
 Reference value :  8.34560e-09
 Reference value :  8.40560e-09
 Reference value :  8.48560e-09
 Reference value :  8.54560e-09
 Reference value :  8.60560e-09
 Reference value :  8.66560e-09
 Reference value :  8.72560e-09
 Reference value :  8.78560e-09
 Reference value :  8.88560e-09
 Reference value :  8.98560e-09
 Reference value :  9.04560e-09
 Reference value :  9.10560e-09
 Reference value :  9.16560e-09
 Reference value :  9.22560e-09
 Reference value :  9.28560e-09
 Reference value :  9.34560e-09
 Reference value :  9.40560e-09
 Reference value :  9.46560e-09
 Reference value :  9.52560e-09
 Reference value :  9.58560e-09
 Reference value :  9.64560e-09
 Reference value :  9.70560e-09
 Reference value :  9.76560e-09
 Reference value :  9.82560e-09
 Reference value :  9.88560e-09
 Reference value :  9.94560e-09
 Reference value :  1.00056e-08
 Reference value :  1.00656e-08
 Reference value :  1.01256e-08
 Reference value :  1.01856e-08
 Reference value :  1.02456e-08
 Reference value :  1.03056e-08
 Reference value :  1.03656e-08
 Reference value :  1.04256e-08
 Reference value :  1.04856e-08
 Reference value :  1.05456e-08
 Reference value :  1.06056e-08
 Reference value :  1.06656e-08
 Reference value :  1.07256e-08
 Reference value :  1.07856e-08
 Reference value :  1.08456e-08
 Reference value :  1.09056e-08
 Reference value :  1.09856e-08
 Reference value :  1.10456e-08
 Reference value :  1.11056e-08
 Reference value :  1.11656e-08
 Reference value :  1.12256e-08
 Reference value :  1.12856e-08
 Reference value :  1.13456e-08
 Reference value :  1.14056e-08
 Reference value :  1.14656e-08
 Reference value :  1.15256e-08
 Reference value :  1.15856e-08
 Reference value :  1.16456e-08
 Reference value :  1.17056e-08
 Reference value :  1.17656e-08
 Reference value :  1.18256e-08
 Reference value :  1.18856e-08
 Reference value :  1.19456e-08
 Reference value :  1.20056e-08
 Reference value :  1.20856e-08
 Reference value :  1.21213e-08
 Reference value :  1.21219e-08
 Reference value :  1.21259e-08
 Reference value :  1.21298e-08
 Reference value :  1.21351e-08
 Reference value :  1.21427e-08
 Reference value :  1.21462e-08
 Reference value :  1.21540e-08
 Reference value :  1.21628e-08
 Reference value :  1.21728e-08
 Reference value :  1.21848e-08
 Reference value :  1.21896e-08
 Reference value :  1.21975e-08
 Reference value :  1.22013e-08
 Reference value :  1.22018e-08
 Reference value :  1.22036e-08
 Reference value :  1.22071e-08
 Reference value :  1.22112e-08
 Reference value :  1.22169e-08
 Reference value :  1.22256e-08
 Reference value :  1.22399e-08
 Reference value :  1.22565e-08
 Reference value :  1.22767e-08
 Reference value :  1.23018e-08
 Reference value :  1.23335e-08
 Reference value :  1.23729e-08
 Reference value :  1.24129e-08
 Reference value :  1.24529e-08
 Reference value :  1.25129e-08
 Reference value :  1.25729e-08
 Reference value :  1.26329e-08
 Reference value :  1.26929e-08
 Reference value :  1.27529e-08
 Reference value :  1.28129e-08
 Reference value :  1.28729e-08
 Reference value :  1.29329e-08
 Reference value :  1.29929e-08
 Reference value :  1.30529e-08
 Reference value :  1.31129e-08
 Reference value :  1.31729e-08
 Reference value :  1.32329e-08
 Reference value :  1.32929e-08
 Reference value :  1.33529e-08
 Reference value :  1.34129e-08
 Reference value :  1.34681e-08
 Reference value :  1.34687e-08
 Reference value :  1.34710e-08
 Reference value :  1.34746e-08
 Reference value :  1.34790e-08
 Reference value :  1.34854e-08
 Reference value :  1.34894e-08
 Reference value :  1.34929e-08
 Reference value :  1.35053e-08
 Reference value :  1.35144e-08
 Reference value :  1.35259e-08
 Reference value :  1.35314e-08
 Reference value :  1.35363e-08
 Reference value :  1.35405e-08
 Reference value :  1.35480e-08
 Reference value :  1.35481e-08
 Reference value :  1.35486e-08
 Reference value :  1.35504e-08
 Reference value :  1.35539e-08
 Reference value :  1.35581e-08
 Reference value :  1.35638e-08
 Reference value :  1.35726e-08
 Reference value :  1.35868e-08
 Reference value :  1.36035e-08
 Reference value :  1.36237e-08
 Reference value :  1.36489e-08
 Reference value :  1.36807e-08
 Reference value :  1.37188e-08
 Reference value :  1.37377e-08
 Reference value :  1.37384e-08
 Reference value :  1.37394e-08
 Reference value :  1.37473e-08
 Reference value :  1.37941e-08
 Reference value :  1.38531e-08
 Reference value :  1.38724e-08
 Reference value :  1.38731e-08
 Reference value :  1.38741e-08
 Reference value :  1.38819e-08
 Reference value :  1.39288e-08
 Reference value :  1.39888e-08
 Reference value :  1.40488e-08
 Reference value :  1.41088e-08
 Reference value :  1.41688e-08
 Reference value :  1.42288e-08
 Reference value :  1.42888e-08
 Reference value :  1.43488e-08
 Reference value :  1.43998e-08
 Reference value :  1.44111e-08
 Reference value :  1.44118e-08
 Reference value :  1.44128e-08
 Reference value :  1.44207e-08
 Reference value :  1.44875e-08
 Reference value :  1.45675e-08
 Reference value :  1.46275e-08
 Reference value :  1.46875e-08
 Reference value :  1.47475e-08
 Reference value :  1.48012e-08
 Reference value :  1.48149e-08
 Reference value :  1.48154e-08
 Reference value :  1.48190e-08
 Reference value :  1.48228e-08
 Reference value :  1.48278e-08
 Reference value :  1.48355e-08
 Reference value :  1.48436e-08
 Reference value :  1.48519e-08
 Reference value :  1.48610e-08
 Reference value :  1.48723e-08
 Reference value :  1.48779e-08
 Reference value :  1.48828e-08
 Reference value :  1.48870e-08
 Reference value :  1.48948e-08
 Reference value :  1.48949e-08
 Reference value :  1.48954e-08
 Reference value :  1.48974e-08
 Reference value :  1.49009e-08
 Reference value :  1.49051e-08
 Reference value :  1.49108e-08
 Reference value :  1.49198e-08
 Reference value :  1.49342e-08
 Reference value :  1.49510e-08
 Reference value :  1.49714e-08
 Reference value :  1.49969e-08
 Reference value :  1.50289e-08
 Reference value :  1.50687e-08
 Reference value :  1.51087e-08
 Reference value :  1.51487e-08
 Reference value :  1.52038e-08
 Reference value :  1.52192e-08
 Reference value :  1.52199e-08
 Reference value :  1.52209e-08
 Reference value :  1.52287e-08
 Reference value :  1.52756e-08
 Reference value :  1.53356e-08
 Reference value :  1.53956e-08
 Reference value :  1.54556e-08
 Reference value :  1.55156e-08
 Reference value :  1.55756e-08
 Reference value :  1.56356e-08
 Reference value :  1.56956e-08
 Reference value :  1.57466e-08
 Reference value :  1.57579e-08
 Reference value :  1.57586e-08
 Reference value :  1.57596e-08
 Reference value :  1.57675e-08
 Reference value :  1.58143e-08
 Reference value :  1.58743e-08
 Reference value :  1.59343e-08
 Reference value :  1.59943e-08
 Reference value :  1.60543e-08
 Reference value :  1.61143e-08
 Reference value :  1.61616e-08
 Reference value :  1.61617e-08
 Reference value :  1.61628e-08
 Reference value :  1.61675e-08
 Reference value :  1.61746e-08
 Reference value :  1.61823e-08
 Reference value :  1.61943e-08
 Reference value :  1.62030e-08
 Reference value :  1.62129e-08
 Reference value :  1.62247e-08
 Reference value :  1.62296e-08
 Reference value :  1.62338e-08
 Reference value :  1.62416e-08
 Reference value :  1.62417e-08
 Reference value :  1.62422e-08
 Reference value :  1.62442e-08
 Reference value :  1.62477e-08
 Reference value :  1.62519e-08
 Reference value :  1.62576e-08
 Reference value :  1.62666e-08
 Reference value :  1.62811e-08
 Reference value :  1.62978e-08
 Reference value :  1.63183e-08
 Reference value :  1.63437e-08
 Reference value :  1.63955e-08
 Reference value :  1.64355e-08
 Reference value :  1.64755e-08
 Reference value :  1.65155e-08
 Reference value :  1.65657e-08
 Reference value :  1.65663e-08
 Reference value :  1.65669e-08
 Reference value :  1.65688e-08
 Reference value :  1.65845e-08
 Reference value :  1.66424e-08
 Reference value :  1.67024e-08
 Reference value :  1.67624e-08
 Reference value :  1.68224e-08
 Reference value :  1.68824e-08
 Reference value :  1.69424e-08
 Reference value :  1.70024e-08
 Reference value :  1.70624e-08
 Reference value :  1.71044e-08
 Reference value :  1.71050e-08
 Reference value :  1.71056e-08
 Reference value :  1.71075e-08
 Reference value :  1.71232e-08
 Reference value :  1.71811e-08
 Reference value :  1.72411e-08
 Reference value :  1.73011e-08
 Reference value :  1.73611e-08
 Reference value :  1.74211e-08
 Reference value :  1.74811e-08
 Reference value :  1.75085e-08
 Reference value :  1.75090e-08
 Reference value :  1.75126e-08
 Reference value :  1.75164e-08
 Reference value :  1.75214e-08
 Reference value :  1.75291e-08
 Reference value :  1.75372e-08
 Reference value :  1.75455e-08
 Reference value :  1.75546e-08
 Reference value :  1.75715e-08
 Reference value :  1.75764e-08
 Reference value :  1.75806e-08
 Reference value :  1.75884e-08
 Reference value :  1.75885e-08
 Reference value :  1.75890e-08
 Reference value :  1.75927e-08
 Reference value :  1.75965e-08
 Reference value :  1.76044e-08
 Reference value :  1.76134e-08
 Reference value :  1.76364e-08
 Reference value :  1.76549e-08
 Reference value :  1.76776e-08
 Reference value :  1.77061e-08
 Reference value :  1.77423e-08
 Reference value :  1.77823e-08
 Reference value :  1.78223e-08
 Reference value :  1.78823e-08
 Reference value :  1.79126e-08
 Reference value :  1.79135e-08
 Reference value :  1.79139e-08
 Reference value :  1.79179e-08
 Reference value :  1.79492e-08
 Reference value :  1.80092e-08
 Reference value :  1.80692e-08
 Reference value :  1.81292e-08
 Reference value :  1.81892e-08
 Reference value :  1.82492e-08
 Reference value :  1.83092e-08
 Reference value :  1.83692e-08
 Reference value :  1.84292e-08
 Reference value :  1.84513e-08
 Reference value :  1.84522e-08
 Reference value :  1.84527e-08
 Reference value :  1.84566e-08
 Reference value :  1.85079e-08
 Reference value :  1.85679e-08
 Reference value :  1.86279e-08
 Reference value :  1.86879e-08
 Reference value :  1.87479e-08
 Reference value :  1.88079e-08
 Reference value :  1.88552e-08
 Reference value :  1.88553e-08
 Reference value :  1.88558e-08
 Reference value :  1.88594e-08
 Reference value :  1.88632e-08
 Reference value :  1.88682e-08
 Reference value :  1.88759e-08
 Reference value :  1.88840e-08
 Reference value :  1.88923e-08
 Reference value :  1.89014e-08
 Reference value :  1.89127e-08
 Reference value :  1.89183e-08
 Reference value :  1.89232e-08
 Reference value :  1.89274e-08
 Reference value :  1.89352e-08
 Reference value :  1.89353e-08
 Reference value :  1.89358e-08
 Reference value :  1.89378e-08
 Reference value :  1.89413e-08
 Reference value :  1.89455e-08
 Reference value :  1.89552e-08
 Reference value :  1.89678e-08
 Reference value :  1.89832e-08
 Reference value :  1.90017e-08
 Reference value :  1.90244e-08
 Reference value :  1.90529e-08
 Reference value :  1.90891e-08
 Reference value :  1.91291e-08
 Reference value :  1.91691e-08
 Reference value :  1.92091e-08
 Reference value :  1.92593e-08
 Reference value :  1.92599e-08
 Reference value :  1.92605e-08
 Reference value :  1.92624e-08
 Reference value :  1.92781e-08
 Reference value :  1.93360e-08
 Reference value :  1.93960e-08
 Reference value :  1.94560e-08
 Reference value :  1.95160e-08
 Reference value :  1.95760e-08
 Reference value :  1.96360e-08
 Reference value :  1.96960e-08
 Reference value :  1.97560e-08
 Reference value :  1.97980e-08
 Reference value :  1.97986e-08
 Reference value :  1.97992e-08
 Reference value :  1.98011e-08
 Reference value :  1.98168e-08
 Reference value :  1.98747e-08
 Reference value :  1.99347e-08
 Reference value :  1.99947e-08
 Reference value :  2.00547e-08
 Reference value :  2.01147e-08
 Reference value :  2.01747e-08
 Reference value :  2.02021e-08
 Reference value :  2.02026e-08
 Reference value :  2.02062e-08
 Reference value :  2.02100e-08
 Reference value :  2.02182e-08
 Reference value :  2.02269e-08
 Reference value :  2.02391e-08
 Reference value :  2.02482e-08
 Reference value :  2.02595e-08
 Reference value :  2.02651e-08
 Reference value :  2.02742e-08
 Reference value :  2.02821e-08
 Reference value :  2.02826e-08
 Reference value :  2.02846e-08
 Reference value :  2.02881e-08
 Reference value :  2.02923e-08
 Reference value :  2.02980e-08
 Reference value :  2.03070e-08
 Reference value :  2.03215e-08
 Reference value :  2.03382e-08
 Reference value :  2.03587e-08
 Reference value :  2.03841e-08
 Reference value :  2.04161e-08
 Reference value :  2.04559e-08
 Reference value :  2.04959e-08
 Reference value :  2.05359e-08
 Reference value :  2.05910e-08
 Reference value :  2.06064e-08
 Reference value :  2.06071e-08
 Reference value :  2.06081e-08
 Reference value :  2.06160e-08
 Reference value :  2.06628e-08
 Reference value :  2.07428e-08
 Reference value :  2.08028e-08
 Reference value :  2.08628e-08
 Reference value :  2.09228e-08
 Reference value :  2.09828e-08
 Reference value :  2.10628e-08
 Reference value :  2.11228e-08
 Reference value :  2.11449e-08
 Reference value :  2.11458e-08
 Reference value :  2.11463e-08
 Reference value :  2.11502e-08
 Reference value :  2.11816e-08
 Reference value :  2.12416e-08
 Reference value :  2.12796e-08
 Reference value :  2.12805e-08
 Reference value :  2.12810e-08
 Reference value :  2.12849e-08
 Reference value :  2.13162e-08
 Reference value :  2.13762e-08
 Reference value :  2.14362e-08
 Reference value :  2.14689e-08
 Reference value :  2.14702e-08
 Reference value :  2.14752e-08
 Reference value :  2.14795e-08
 Reference value :  2.14858e-08
 Reference value :  2.14898e-08
 Reference value :  2.14934e-08
 Reference value :  2.15058e-08
 Reference value :  2.15149e-08
 Reference value :  2.15262e-08
 Reference value :  2.15318e-08
 Reference value :  2.15367e-08
 Reference value :  2.15410e-08
 Reference value :  2.15488e-08
 Reference value :  2.15489e-08
 Reference value :  2.15494e-08
 Reference value :  2.15514e-08
 Reference value :  2.15549e-08
 Reference value :  2.15591e-08
 Reference value :  2.15648e-08
 Reference value :  2.15738e-08
 Reference value :  2.15807e-08
 Reference value :  2.15960e-08
 Reference value :  2.16143e-08
 Reference value :  2.16368e-08
 Reference value :  2.16650e-08
 Reference value :  2.17008e-08
 Reference value :  2.17408e-08
 Reference value :  2.17808e-08
 Reference value :  2.18208e-08
 Reference value :  2.18808e-08
 Reference value :  2.19408e-08
 Reference value :  2.20008e-08
 Reference value :  2.20608e-08
 Reference value :  2.21408e-08
 Reference value :  2.22208e-08
 Reference value :  2.23008e-08
 Reference value :  2.23608e-08
 Reference value :  2.24208e-08
 Reference value :  2.24808e-08
 Reference value :  2.25608e-08
 Reference value :  2.26408e-08
 Reference value :  2.27008e-08
 Reference value :  2.27808e-08
 Reference value :  2.28608e-08
 Reference value :  2.29208e-08
 Reference value :  2.29808e-08
 Reference value :  2.30408e-08
 Reference value :  2.31008e-08
 Reference value :  2.31608e-08
 Reference value :  2.32208e-08
 Reference value :  2.32808e-08
 Reference value :  2.33608e-08
 Reference value :  2.34208e-08
 Reference value :  2.34808e-08
 Reference value :  2.35408e-08
 Reference value :  2.36008e-08
 Reference value :  2.36608e-08
 Reference value :  2.37208e-08
 Reference value :  2.37808e-08
 Reference value :  2.38408e-08
 Reference value :  2.39008e-08
 Reference value :  2.39608e-08
 Reference value :  2.40208e-08
 Reference value :  2.40808e-08
 Reference value :  2.41408e-08
 Reference value :  2.42008e-08
 Reference value :  2.42608e-08
 Reference value :  2.43208e-08
 Reference value :  2.43808e-08
 Reference value :  2.44408e-08
 Reference value :  2.45008e-08
 Reference value :  2.45608e-08
 Reference value :  2.46208e-08
 Reference value :  2.46808e-08
 Reference value :  2.47408e-08
 Reference value :  2.48008e-08
 Reference value :  2.48608e-08
 Reference value :  2.49208e-08
 Reference value :  2.49808e-08
 Reference value :  2.50408e-08
 Reference value :  2.51008e-08
 Reference value :  2.51608e-08
 Reference value :  2.52208e-08
 Reference value :  2.52808e-08
 Reference value :  2.53608e-08
 Reference value :  2.54408e-08
 Reference value :  2.55208e-08
 Reference value :  2.56008e-08
 Reference value :  2.56608e-08
 Reference value :  2.57208e-08
 Reference value :  2.57808e-08
 Reference value :  2.58408e-08
 Reference value :  2.59008e-08
 Reference value :  2.59608e-08
 Reference value :  2.60208e-08
 Reference value :  2.60808e-08
 Reference value :  2.61408e-08
 Reference value :  2.62008e-08
 Reference value :  2.62608e-08
 Reference value :  2.63208e-08
 Reference value :  2.63808e-08
 Reference value :  2.64408e-08
 Reference value :  2.65008e-08
 Reference value :  2.65808e-08
 Reference value :  2.66408e-08
 Reference value :  2.67008e-08
 Reference value :  2.67608e-08
 Reference value :  2.68208e-08
 Reference value :  2.68808e-08
 Reference value :  2.69408e-08
 Reference value :  2.70208e-08
 Reference value :  2.71008e-08
 Reference value :  2.71608e-08
 Reference value :  2.72208e-08
 Reference value :  2.72808e-08
 Reference value :  2.73408e-08
 Reference value :  2.74008e-08
 Reference value :  2.74608e-08
 Reference value :  2.75208e-08
 Reference value :  2.76008e-08
 Reference value :  2.76608e-08
 Reference value :  2.77208e-08
 Reference value :  2.77808e-08
 Reference value :  2.78608e-08
 Reference value :  2.79208e-08
 Reference value :  2.79808e-08
 Reference value :  2.80408e-08
 Reference value :  2.81008e-08
 Reference value :  2.81608e-08
 Reference value :  2.82208e-08
 Reference value :  2.82808e-08
 Reference value :  2.83408e-08
 Reference value :  2.84008e-08
 Reference value :  2.84808e-08
 Reference value :  2.85408e-08
 Reference value :  2.86008e-08
 Reference value :  2.86608e-08
 Reference value :  2.87408e-08
 Reference value :  2.88008e-08
 Reference value :  2.88808e-08
 Reference value :  2.89408e-08
 Reference value :  2.90008e-08
 Reference value :  2.90608e-08
 Reference value :  2.91208e-08
 Reference value :  2.91808e-08
 Reference value :  2.92408e-08
 Reference value :  2.93008e-08
 Reference value :  2.93608e-08
 Reference value :  2.94208e-08
 Reference value :  2.94808e-08
 Reference value :  2.95408e-08
 Reference value :  2.96008e-08
 Reference value :  2.96608e-08
 Reference value :  2.97208e-08
 Reference value :  2.97808e-08
 Reference value :  2.98408e-08
 Reference value :  2.99008e-08
 Reference value :  2.99808e-08
 Reference value :  3.00408e-08
 Reference value :  3.01008e-08
 Reference value :  3.01608e-08
 Reference value :  3.02208e-08
 Reference value :  3.02808e-08
 Reference value :  3.03408e-08
 Reference value :  3.04008e-08
 Reference value :  3.04608e-08
 Reference value :  3.05408e-08
 Reference value :  3.06008e-08
 Reference value :  3.06608e-08
 Reference value :  3.07208e-08
 Reference value :  3.07808e-08
 Reference value :  3.08408e-08
 Reference value :  3.09008e-08
 Reference value :  3.09608e-08
 Reference value :  3.10208e-08
 Reference value :  3.10808e-08
 Reference value :  3.11408e-08
 Reference value :  3.12208e-08
 Reference value :  3.12808e-08
 Reference value :  3.13408e-08
 Reference value :  3.14008e-08
 Reference value :  3.14608e-08
 Reference value :  3.15208e-08
 Reference value :  3.15808e-08
 Reference value :  3.16408e-08
 Reference value :  3.17008e-08
 Reference value :  3.17608e-08
 Reference value :  3.18208e-08
 Reference value :  3.18808e-08
 Reference value :  3.19408e-08
 Reference value :  3.20008e-08
 Reference value :  3.20608e-08
 Reference value :  3.21208e-08
 Reference value :  3.21808e-08
 Reference value :  3.22408e-08
 Reference value :  3.23008e-08
 Reference value :  3.23808e-08
 Reference value :  3.24408e-08
 Reference value :  3.25008e-08
 Reference value :  3.25608e-08
 Reference value :  3.26208e-08
 Reference value :  3.26808e-08
 Reference value :  3.27608e-08
 Reference value :  3.28408e-08
 Reference value :  3.29008e-08
 Reference value :  3.29608e-08
 Reference value :  3.30208e-08
 Reference value :  3.30808e-08
 Reference value :  3.31408e-08
 Reference value :  3.32008e-08
 Reference value :  3.32808e-08
 Reference value :  3.33408e-08
 Reference value :  3.34208e-08
 Reference value :  3.34808e-08
 Reference value :  3.35408e-08
 Reference value :  3.36008e-08
 Reference value :  3.36554e-08
 Reference value :  3.36701e-08
 Reference value :  3.36706e-08
 Reference value :  3.36725e-08
 Reference value :  3.36761e-08
 Reference value :  3.36804e-08
 Reference value :  3.36865e-08
 Reference value :  3.36992e-08
 Reference value :  3.37075e-08
 Reference value :  3.37166e-08
 Reference value :  3.37336e-08
 Reference value :  3.37426e-08
 Reference value :  3.37500e-08
 Reference value :  3.37501e-08
 Reference value :  3.37506e-08
 Reference value :  3.37524e-08
 Reference value :  3.37559e-08
 Reference value :  3.37600e-08
 Reference value :  3.37657e-08
 Reference value :  3.37744e-08
 Reference value :  3.37887e-08
 Reference value :  3.38053e-08
 Reference value :  3.38255e-08
 Reference value :  3.38506e-08
 Reference value :  3.38823e-08
 Reference value :  3.39217e-08
 Reference value :  3.39617e-08
 Reference value :  3.40017e-08
 Reference value :  3.40617e-08
 Reference value :  3.41217e-08
 Reference value :  3.41817e-08
 Reference value :  3.42417e-08
 Reference value :  3.43017e-08
 Reference value :  3.43817e-08
 Reference value :  3.44417e-08
 Reference value :  3.45017e-08
 Reference value :  3.45617e-08
 Reference value :  3.46417e-08
 Reference value :  3.47017e-08
 Reference value :  3.47617e-08
 Reference value :  3.48217e-08
 Reference value :  3.48817e-08
 Reference value :  3.49417e-08
 Reference value :  3.49993e-08
 Reference value :  3.50169e-08
 Reference value :  3.50175e-08
 Reference value :  3.50215e-08
 Reference value :  3.50254e-08
 Reference value :  3.50306e-08
 Reference value :  3.50382e-08
 Reference value :  3.50418e-08
 Reference value :  3.50541e-08
 Reference value :  3.50633e-08
 Reference value :  3.50747e-08
 Reference value :  3.50803e-08
 Reference value :  3.50851e-08
 Reference value :  3.50893e-08
 Reference value :  3.50968e-08
 Reference value :  3.50969e-08
 Reference value :  3.50974e-08
 Reference value :  3.50993e-08
 Reference value :  3.51027e-08
 Reference value :  3.51096e-08
 Reference value :  3.51165e-08
 Reference value :  3.51288e-08
 Reference value :  3.51442e-08
 Reference value :  3.51624e-08
 Reference value :  3.51850e-08
 Reference value :  3.52132e-08
 Reference value :  3.52490e-08
 Reference value :  3.53090e-08
 Reference value :  3.53490e-08
 Reference value :  3.54090e-08
 Reference value :  3.54690e-08
 Reference value :  3.55290e-08
 Reference value :  3.55890e-08
 Reference value :  3.56490e-08
 Reference value :  3.57090e-08
 Reference value :  3.57690e-08
 Reference value :  3.58290e-08
 Reference value :  3.58890e-08
 Reference value :  3.59490e-08
 Reference value :  3.60090e-08
 Reference value :  3.60690e-08
 Reference value :  3.61290e-08
 Reference value :  3.61890e-08
 Reference value :  3.62490e-08
 Reference value :  3.63090e-08
 Reference value :  3.63636e-08
 Reference value :  3.63637e-08
 Reference value :  3.63643e-08
 Reference value :  3.63666e-08
 Reference value :  3.63702e-08
 Reference value :  3.63746e-08
 Reference value :  3.63849e-08
 Reference value :  3.63925e-08
 Reference value :  3.64009e-08
 Reference value :  3.64100e-08
 Reference value :  3.64214e-08
 Reference value :  3.64318e-08
 Reference value :  3.64398e-08
 Reference value :  3.64437e-08
 Reference value :  3.64449e-08
 Reference value :  3.64496e-08
 Reference value :  3.64564e-08
 Reference value :  3.64634e-08
 Reference value :  3.64758e-08
 Reference value :  3.64911e-08
 Reference value :  3.65094e-08
 Reference value :  3.65320e-08
 Reference value :  3.65603e-08
 Reference value :  3.66162e-08
 Reference value :  3.66562e-08
 Reference value :  3.66962e-08
 Reference value :  3.67762e-08
 Reference value :  3.68562e-08
 Reference value :  3.69362e-08
 Reference value :  3.69962e-08
 Reference value :  3.70562e-08
 Reference value :  3.71162e-08
 Reference value :  3.71762e-08
 Reference value :  3.72562e-08
 Reference value :  3.73162e-08
 Reference value :  3.73762e-08
 Reference value :  3.74362e-08
 Reference value :  3.75162e-08
 Reference value :  3.75762e-08
 Reference value :  3.76562e-08
 Reference value :  3.77104e-08
 Reference value :  3.77105e-08
 Reference value :  3.77111e-08
 Reference value :  3.77133e-08
 Reference value :  3.77169e-08
 Reference value :  3.77213e-08
 Reference value :  3.77277e-08
 Reference value :  3.77316e-08
 Reference value :  3.77352e-08
 Reference value :  3.77430e-08
 Reference value :  3.77567e-08
 Reference value :  3.77681e-08
 Reference value :  3.77737e-08
 Reference value :  3.77785e-08
 Reference value :  3.77828e-08
 Reference value :  3.77904e-08
 Reference value :  3.77905e-08
 Reference value :  3.77910e-08
 Reference value :  3.77929e-08
 Reference value :  3.77964e-08
 Reference value :  3.78006e-08
 Reference value :  3.78063e-08
 Reference value :  3.78152e-08
 Reference value :  3.78296e-08
 Reference value :  3.78463e-08
 Reference value :  3.78666e-08
 Reference value :  3.78919e-08
 Reference value :  3.79238e-08
 Reference value :  3.79634e-08
 Reference value :  3.80034e-08
 Reference value :  3.80434e-08
 Reference value :  3.80834e-08
 Reference value :  3.81434e-08
 Reference value :  3.82034e-08
 Reference value :  3.82634e-08
 Reference value :  3.83234e-08
 Reference value :  3.83834e-08
 Reference value :  3.84434e-08
 Reference value :  3.85034e-08
 Reference value :  3.85634e-08
 Reference value :  3.86234e-08
 Reference value :  3.86834e-08
 Reference value :  3.87434e-08
 Reference value :  3.88034e-08
 Reference value :  3.88634e-08
 Reference value :  3.89234e-08
 Reference value :  3.90034e-08
 Reference value :  3.90572e-08
 Reference value :  3.90573e-08
 Reference value :  3.90579e-08
 Reference value :  3.90601e-08
 Reference value :  3.90637e-08
 Reference value :  3.90681e-08
 Reference value :  3.90744e-08
 Reference value :  3.90784e-08
 Reference value :  3.90820e-08
 Reference value :  3.90898e-08
 Reference value :  3.90986e-08
 Reference value :  3.91085e-08
 Reference value :  3.91204e-08
 Reference value :  3.91253e-08
 Reference value :  3.91295e-08
 Reference value :  3.91372e-08
 Reference value :  3.91373e-08
 Reference value :  3.91378e-08
 Reference value :  3.91398e-08
 Reference value :  3.91432e-08
 Reference value :  3.91474e-08
 Reference value :  3.91532e-08
 Reference value :  3.91621e-08
 Reference value :  3.91765e-08
 Reference value :  3.91932e-08
 Reference value :  3.92136e-08
 Reference value :  3.92389e-08
 Reference value :  3.92708e-08
 Reference value :  3.93105e-08
 Reference value :  3.93505e-08
 Reference value :  3.93905e-08
 Reference value :  3.94505e-08
 Reference value :  3.95105e-08
 Reference value :  3.95705e-08
 Reference value :  3.96305e-08
 Reference value :  3.96905e-08
 Reference value :  3.97505e-08
 Reference value :  3.98105e-08
 Reference value :  3.98705e-08
 Reference value :  3.99305e-08
 Reference value :  3.99905e-08
 Reference value :  4.00505e-08
 Reference value :  4.01105e-08
 Reference value :  4.01705e-08
 Reference value :  4.02305e-08
 Reference value :  4.02905e-08
 Reference value :  4.03505e-08
 Reference value :  4.04040e-08
 Reference value :  4.04041e-08
 Reference value :  4.04047e-08
 Reference value :  4.04069e-08
 Reference value :  4.04105e-08
 Reference value :  4.04149e-08
 Reference value :  4.04212e-08
 Reference value :  4.04252e-08
 Reference value :  4.04288e-08
 Reference value :  4.04411e-08
 Reference value :  4.04502e-08
 Reference value :  4.04615e-08
 Reference value :  4.04672e-08
 Reference value :  4.04721e-08
 Reference value :  4.04763e-08
 Reference value :  4.04840e-08
 Reference value :  4.04842e-08
 Reference value :  4.04853e-08
 Reference value :  4.04883e-08
 Reference value :  4.04921e-08
 Reference value :  4.04969e-08
 Reference value :  4.05039e-08
 Reference value :  4.05165e-08
 Reference value :  4.05319e-08
 Reference value :  4.05502e-08
 Reference value :  4.05729e-08
 Reference value :  4.06014e-08
 Reference value :  4.06374e-08
 Reference value :  4.06774e-08
 Reference value :  4.07174e-08
 Reference value :  4.07574e-08
 Reference value :  4.08174e-08
 Reference value :  4.08774e-08
 Reference value :  4.09574e-08
 Reference value :  4.10174e-08
 Reference value :  4.10974e-08
 Reference value :  4.11574e-08
 Reference value :  4.12174e-08
 Reference value :  4.12974e-08
 Reference value :  4.13774e-08
 Reference value :  4.14374e-08
 Reference value :  4.14974e-08
 Reference value :  4.15574e-08
 Reference value :  4.16174e-08
 Reference value :  4.16774e-08
 Reference value :  4.17508e-08
 Reference value :  4.17510e-08
 Reference value :  4.17522e-08
 Reference value :  4.17554e-08
 Reference value :  4.17593e-08
 Reference value :  4.17680e-08
 Reference value :  4.17755e-08
 Reference value :  4.17879e-08
 Reference value :  4.18020e-08
 Reference value :  4.18140e-08
 Reference value :  4.18188e-08
 Reference value :  4.18270e-08
 Reference value :  4.18309e-08
 Reference value :  4.18314e-08
 Reference value :  4.18334e-08
 Reference value :  4.18369e-08
 Reference value :  4.18410e-08
 Reference value :  4.18468e-08
 Reference value :  4.18557e-08
 Reference value :  4.18787e-08
 Reference value :  4.18971e-08
 Reference value :  4.19198e-08
 Reference value :  4.19482e-08
 Reference value :  4.19843e-08
 Reference value :  4.20443e-08
 Reference value :  4.20843e-08
 Reference value :  4.21643e-08
 Reference value :  4.22243e-08
 Reference value :  4.22843e-08
 Reference value :  4.23443e-08
 Reference value :  4.24043e-08
 Reference value :  4.24643e-08
 Reference value :  4.25243e-08
 Reference value :  4.25843e-08
 Reference value :  4.26443e-08
 Reference value :  4.27043e-08
 Reference value :  4.27643e-08
 Reference value :  4.28243e-08
 Reference value :  4.28843e-08
 Reference value :  4.29443e-08
 Reference value :  4.30010e-08
 Reference value :  4.30177e-08
 Reference value :  4.30183e-08
 Reference value :  4.30205e-08
 Reference value :  4.30240e-08
 Reference value :  4.30284e-08
 Reference value :  4.30348e-08
 Reference value :  4.30387e-08
 Reference value :  4.30423e-08
 Reference value :  4.30501e-08
 Reference value :  4.30589e-08
 Reference value :  4.30751e-08
 Reference value :  4.30808e-08
 Reference value :  4.30856e-08
 Reference value :  4.30899e-08
 Reference value :  4.30976e-08
 Reference value :  4.30977e-08
 Reference value :  4.30982e-08
 Reference value :  4.31002e-08
 Reference value :  4.31037e-08
 Reference value :  4.31079e-08
 Reference value :  4.31136e-08
 Reference value :  4.31225e-08
 Reference value :  4.31370e-08
 Reference value :  4.31537e-08
 Reference value :  4.31741e-08
 Reference value :  4.31995e-08
 Reference value :  4.32315e-08
 Reference value :  4.32711e-08
 Reference value :  4.33111e-08
 Reference value :  4.33511e-08
 Reference value :  4.34111e-08
 Reference value :  4.34711e-08
 Reference value :  4.35311e-08
 Reference value :  4.35911e-08
 Reference value :  4.36511e-08
 Reference value :  4.37111e-08
 Reference value :  4.37711e-08
 Reference value :  4.38311e-08
 Reference value :  4.38911e-08
 Reference value :  4.39511e-08
 Reference value :  4.40111e-08
 Reference value :  4.40711e-08
 Reference value :  4.41311e-08
 Reference value :  4.41911e-08
 Reference value :  4.42511e-08
 Reference value :  4.43111e-08
 Reference value :  4.43711e-08
 Reference value :  4.44311e-08
 Reference value :  4.44911e-08
 Reference value :  4.45511e-08
 Reference value :  4.46111e-08
 Reference value :  4.46711e-08
 Reference value :  4.47311e-08
 Reference value :  4.47911e-08
 Reference value :  4.48511e-08
 Reference value :  4.49111e-08
 Reference value :  4.49711e-08
 Reference value :  4.50511e-08
 Reference value :  4.51311e-08
 Reference value :  4.51911e-08
 Reference value :  4.52511e-08
 Reference value :  4.53111e-08
 Reference value :  4.53711e-08
 Reference value :  4.54511e-08
 Reference value :  4.55111e-08
 Reference value :  4.55711e-08
 Reference value :  4.56311e-08
 Reference value :  4.56911e-08
 Reference value :  4.57511e-08
 Reference value :  4.58111e-08
 Reference value :  4.58711e-08
 Reference value :  4.59311e-08
 Reference value :  4.59911e-08
 Reference value :  4.60511e-08
 Reference value :  4.61311e-08
 Reference value :  4.62111e-08
 Reference value :  4.62911e-08
 Reference value :  4.63711e-08
 Reference value :  4.64311e-08
 Reference value :  4.65111e-08
 Reference value :  4.65711e-08
 Reference value :  4.66311e-08
 Reference value :  4.66911e-08
 Reference value :  4.67511e-08
 Reference value :  4.68111e-08
 Reference value :  4.68711e-08
 Reference value :  4.69311e-08
 Reference value :  4.69911e-08
 Reference value :  4.70711e-08
 Reference value :  4.71511e-08
 Reference value :  4.72111e-08
 Reference value :  4.72911e-08
 Reference value :  4.73511e-08
 Reference value :  4.74311e-08
 Reference value :  4.74911e-08
 Reference value :  4.75511e-08
 Reference value :  4.76111e-08
 Reference value :  4.76711e-08
 Reference value :  4.77311e-08
 Reference value :  4.78111e-08
 Reference value :  4.78711e-08
 Reference value :  4.79311e-08
 Reference value :  4.79911e-08
 Reference value :  4.80511e-08
 Reference value :  4.81111e-08
 Reference value :  4.81711e-08
 Reference value :  4.82311e-08
 Reference value :  4.82911e-08
 Reference value :  4.83511e-08
 Reference value :  4.84111e-08
 Reference value :  4.84711e-08
 Reference value :  4.85311e-08
 Reference value :  4.85911e-08
 Reference value :  4.86511e-08
 Reference value :  4.87111e-08
 Reference value :  4.87711e-08
 Reference value :  4.88311e-08
 Reference value :  4.88911e-08
 Reference value :  4.89711e-08
 Reference value :  4.90311e-08
 Reference value :  4.90911e-08
 Reference value :  4.91511e-08
 Reference value :  4.92111e-08
 Reference value :  4.92711e-08
 Reference value :  4.93311e-08
 Reference value :  4.93911e-08
 Reference value :  4.94711e-08
 Reference value :  4.95311e-08
 Reference value :  4.95911e-08
 Reference value :  4.96511e-08
 Reference value :  4.97111e-08
 Reference value :  4.97911e-08
 Reference value :  4.98511e-08
 Reference value :  4.99111e-08
 Reference value :  4.99711e-08
 Reference value :  5.00511e-08
 Reference value :  5.01111e-08
 Reference value :  5.01711e-08
 Reference value :  5.02311e-08
 Reference value :  5.02911e-08
 Reference value :  5.03511e-08
 Reference value :  5.04111e-08
 Reference value :  5.04711e-08
 Reference value :  5.05311e-08
 Reference value :  5.05911e-08
 Reference value :  5.06511e-08
 Reference value :  5.07111e-08
 Reference value :  5.07711e-08
 Reference value :  5.08311e-08
 Reference value :  5.08911e-08
 Reference value :  5.09511e-08
 Reference value :  5.10111e-08
 Reference value :  5.10711e-08
 Reference value :  5.11311e-08
 Reference value :  5.12111e-08
 Reference value :  5.12711e-08
 Reference value :  5.13311e-08
 Reference value :  5.13911e-08
 Reference value :  5.14511e-08
 Reference value :  5.15111e-08
 Reference value :  5.15711e-08
 Reference value :  5.16311e-08
 Reference value :  5.16911e-08
 Reference value :  5.17511e-08
 Reference value :  5.18111e-08
 Reference value :  5.18711e-08
 Reference value :  5.19311e-08
 Reference value :  5.19911e-08
 Reference value :  5.20511e-08
 Reference value :  5.21111e-08
 Reference value :  5.21711e-08
 Reference value :  5.22311e-08
 Reference value :  5.22911e-08
 Reference value :  5.23511e-08
 Reference value :  5.24111e-08
 Reference value :  5.24711e-08
 Reference value :  5.25311e-08
 Reference value :  5.25911e-08
 Reference value :  5.26511e-08
 Reference value :  5.27111e-08
 Reference value :  5.27711e-08
 Reference value :  5.28311e-08
 Reference value :  5.28911e-08
 Reference value :  5.29511e-08
 Reference value :  5.30111e-08
 Reference value :  5.30711e-08
 Reference value :  5.31511e-08
 Reference value :  5.32311e-08
 Reference value :  5.32911e-08
 Reference value :  5.33511e-08
 Reference value :  5.34311e-08
 Reference value :  5.35111e-08
 Reference value :  5.35711e-08
 Reference value :  5.36311e-08
 Reference value :  5.36911e-08
 Reference value :  5.37511e-08
 Reference value :  5.38111e-08
 Reference value :  5.38711e-08
 Reference value :  5.39311e-08
 Reference value :  5.40111e-08
 Reference value :  5.40711e-08
 Reference value :  5.41311e-08
 Reference value :  5.41911e-08
 Reference value :  5.42711e-08
 Reference value :  5.43511e-08
 Reference value :  5.44111e-08
 Reference value :  5.44711e-08
 Reference value :  5.45311e-08
 Reference value :  5.45911e-08
 Reference value :  5.46511e-08
 Reference value :  5.47111e-08
 Reference value :  5.47711e-08
 Reference value :  5.48311e-08
 Reference value :  5.48911e-08
 Reference value :  5.49511e-08
 Reference value :  5.50111e-08
 Reference value :  5.50711e-08
 Reference value :  5.51311e-08
 Reference value :  5.51911e-08
 Reference value :  5.52189e-08
 Reference value :  5.52194e-08
 Reference value :  5.52213e-08
 Reference value :  5.52248e-08
 Reference value :  5.52319e-08
 Reference value :  5.52397e-08
 Reference value :  5.52477e-08
 Reference value :  5.52560e-08
 Reference value :  5.52651e-08
 Reference value :  5.52765e-08
 Reference value :  5.52820e-08
 Reference value :  5.52869e-08
 Reference value :  5.52911e-08
 Reference value :  5.52989e-08
 Reference value :  5.52989e-08
 Reference value :  5.52995e-08
 Reference value :  5.53014e-08
 Reference value :  5.53049e-08
 Reference value :  5.53091e-08
 Reference value :  5.53148e-08
 Reference value :  5.53313e-08
 Reference value :  5.53467e-08
 Reference value :  5.53651e-08
 Reference value :  5.53878e-08
 Reference value :  5.54163e-08
 Reference value :  5.54523e-08
 Reference value :  5.54923e-08
 Reference value :  5.55523e-08
 Reference value :  5.56123e-08
 Reference value :  5.56723e-08
 Reference value :  5.57323e-08
 Reference value :  5.57923e-08
 Reference value :  5.58523e-08
 Reference value :  5.59123e-08
 Reference value :  5.59723e-08
 Reference value :  5.60323e-08
 Reference value :  5.60923e-08
 Reference value :  5.61523e-08
 Reference value :  5.62123e-08
 Reference value :  5.62723e-08
 Reference value :  5.63523e-08
 Reference value :  5.64123e-08
 Reference value :  5.64723e-08
 Reference value :  5.65323e-08
 Reference value :  5.65657e-08
 Reference value :  5.65663e-08
 Reference value :  5.65702e-08
 Reference value :  5.65741e-08
 Reference value :  5.65792e-08
 Reference value :  5.65868e-08
 Reference value :  5.65903e-08
 Reference value :  5.65981e-08
 Reference value :  5.66069e-08
 Reference value :  5.66168e-08
 Reference value :  5.66288e-08
 Reference value :  5.66379e-08
 Reference value :  5.66457e-08
 Reference value :  5.66457e-08
 Reference value :  5.66469e-08
 Reference value :  5.66499e-08
 Reference value :  5.66537e-08
 Reference value :  5.66585e-08
 Reference value :  5.66655e-08
 Reference value :  5.66781e-08
 Reference value :  5.66935e-08
 Reference value :  5.67119e-08
 Reference value :  5.67347e-08
 Reference value :  5.67631e-08
 Reference value :  5.67992e-08
 Reference value :  5.68392e-08
 Reference value :  5.68792e-08
 Reference value :  5.69192e-08
 Reference value :  5.69792e-08
 Reference value :  5.70392e-08
 Reference value :  5.70992e-08
 Reference value :  5.71792e-08
 Reference value :  5.72392e-08
 Reference value :  5.73192e-08
 Reference value :  5.73792e-08
 Reference value :  5.74392e-08
 Reference value :  5.75192e-08
 Reference value :  5.75992e-08
 Reference value :  5.76792e-08
 Reference value :  5.77392e-08
 Reference value :  5.77992e-08
 Reference value :  5.78592e-08
 Reference value :  5.79125e-08
 Reference value :  5.79125e-08
 Reference value :  5.79131e-08
 Reference value :  5.79170e-08
 Reference value :  5.79209e-08
 Reference value :  5.79260e-08
 Reference value :  5.79336e-08
 Reference value :  5.79371e-08
 Reference value :  5.79449e-08
 Reference value :  5.79537e-08
 Reference value :  5.79636e-08
 Reference value :  5.79756e-08
 Reference value :  5.79804e-08
 Reference value :  5.79886e-08
 Reference value :  5.79925e-08
 Reference value :  5.79931e-08
 Reference value :  5.79950e-08
 Reference value :  5.79985e-08
 Reference value :  5.80027e-08
 Reference value :  5.80084e-08
 Reference value :  5.80174e-08
 Reference value :  5.80318e-08
 Reference value :  5.80485e-08
 Reference value :  5.80689e-08
 Reference value :  5.80943e-08
 Reference value :  5.81263e-08
 Reference value :  5.81660e-08
 Reference value :  5.82060e-08
 Reference value :  5.82460e-08
 Reference value :  5.83060e-08
 Reference value :  5.83660e-08
 Reference value :  5.84260e-08
 Reference value :  5.84860e-08
 Reference value :  5.85460e-08
 Reference value :  5.86260e-08
 Reference value :  5.87060e-08
 Reference value :  5.87660e-08
 Reference value :  5.88260e-08
 Reference value :  5.88860e-08
 Reference value :  5.89660e-08
 Reference value :  5.90260e-08
 Reference value :  5.90860e-08
 Reference value :  5.91460e-08
 Reference value :  5.92060e-08
 Reference value :  5.92593e-08
 Reference value :  5.92593e-08
 Reference value :  5.92599e-08
 Reference value :  5.92621e-08
 Reference value :  5.92657e-08
 Reference value :  5.92700e-08
 Reference value :  5.92764e-08
 Reference value :  5.92804e-08
 Reference value :  5.92839e-08
 Reference value :  5.92917e-08
 Reference value :  5.93005e-08
 Reference value :  5.93104e-08
 Reference value :  5.93224e-08
 Reference value :  5.93272e-08
 Reference value :  5.93315e-08
 Reference value :  5.93393e-08
 Reference value :  5.93393e-08
 Reference value :  5.93399e-08
 Reference value :  5.93418e-08
 Reference value :  5.93453e-08
 Reference value :  5.93495e-08
 Reference value :  5.93552e-08
 Reference value :  5.93642e-08
 Reference value :  5.93786e-08
 Reference value :  5.93953e-08
 Reference value :  5.94157e-08
 Reference value :  5.94411e-08
 Reference value :  5.94731e-08
 Reference value :  5.95128e-08
 Reference value :  5.95528e-08
 Reference value :  5.95928e-08
 Reference value :  5.96528e-08
 Reference value :  5.97128e-08
 Reference value :  5.97728e-08
 Reference value :  5.98328e-08
 Reference value :  5.98928e-08
 Reference value :  5.99528e-08
 Reference value :  6.00328e-08
 Reference value :  6.00928e-08
 Reference value :  6.01528e-08
 Reference value :  6.02128e-08
 Reference value :  6.02728e-08
 Reference value :  6.03328e-08
 Reference value :  6.03928e-08
 Reference value :  6.04528e-08
 Reference value :  6.05128e-08
 Reference value :  6.05728e-08
 Reference value :  6.06061e-08
 Reference value :  6.06067e-08
 Reference value :  6.06089e-08
 Reference value :  6.06125e-08
 Reference value :  6.06168e-08
 Reference value :  6.06232e-08
 Reference value :  6.06272e-08
 Reference value :  6.06307e-08
 Reference value :  6.06385e-08
 Reference value :  6.06473e-08
 Reference value :  6.06572e-08
 Reference value :  6.06692e-08
 Reference value :  6.06740e-08
 Reference value :  6.06783e-08
 Reference value :  6.06861e-08
 Reference value :  6.06861e-08
 Reference value :  6.06867e-08
 Reference value :  6.06886e-08
 Reference value :  6.06941e-08
 Reference value :  6.06989e-08
 Reference value :  6.07060e-08
 Reference value :  6.07185e-08
 Reference value :  6.07340e-08
 Reference value :  6.07524e-08
 Reference value :  6.07751e-08
 Reference value :  6.08199e-08
 Reference value :  6.08596e-08
 Reference value :  6.08996e-08
 Reference value :  6.09396e-08
 Reference value :  6.09898e-08
No. of Data Rows : 4059
m_ui_ref            =  1.34680e-09 targ=  1.35080e-08 trig=  1.21612e-08
m_spa_in            =  5.38721e-09 targ=  1.75484e-08 trig=  1.21612e-08
m_spb_in            =  4.04040e-09 targ=  1.62016e-08 trig=  1.21612e-08
m_spa_c0            =  5.38720e-09 targ=  1.75561e-08 trig=  1.21689e-08
m_spb_c0            =  4.04040e-09 targ=  1.62093e-08 trig=  1.21689e-08
m_trise_c0          =  4.84589e-11 targ=  1.35385e-08 trig=  1.34900e-08
m_tfall_c0          =  4.85131e-11 targ=  1.48853e-08 trig=  1.48368e-08
m_spa_c1            =  5.38721e-09 targ=  1.75899e-08 trig=  1.22027e-08
m_spb_c1            =  4.04041e-09 targ=  1.62431e-08 trig=  1.22027e-08
m_trise_c1          =  1.20719e-10 targ=  1.36295e-08 trig=  1.35088e-08
m_tfall_c1          =  1.20692e-10 targ=  1.49763e-08 trig=  1.48556e-08
m_spa_c2            =  5.38725e-09 targ=  1.76202e-08 trig=  1.22330e-08
m_spb_c2            =  4.04045e-09 targ=  1.62734e-08 trig=  1.22330e-08
m_trise_c2          =  2.27115e-10 targ=  1.37453e-08 trig=  1.35182e-08
m_tfall_c2          =  2.27309e-10 targ=  1.50923e-08 trig=  1.48650e-08
m_spa_cmis          =  5.38722e-09 targ=  1.76005e-08 trig=  1.22133e-08
m_spb_cmis          =  4.04177e-09 targ=  1.62550e-08 trig=  1.22133e-08
m_dj_ui_c0 = 1.4850003829e-06
m_swing_c0 = 5.0059682948e-01
m_vpp_c0 = 6.0499951629e-01
m_vcm_c0 = 3.0496861422e+00
m_dj_ui_c1 = 2.9700007651e-06
m_swing_c1 = 5.0020178615e-01
m_vpp_c1 = 5.0646783510e-01
m_vcm_c1 = 3.0498836232e+00
m_dj_ui_c2 = 3.1927508222e-05
m_swing_c2 = 4.9897257580e-01
m_vpp_c2 = 5.0277111854e-01
m_vcm_c2 = 3.0504145658e+00
m_dj_ui_cmis = 1.0112852604e-03
m_swing_cmis = 4.9897918083e-01
m_swing_avcclo = 4.9982258504e-01
m_vcm_avcclo = 2.7200707811e+00
m_swing_avcchi = 5.0054276422e-01
m_vcm_avcchi = 3.3797148301e+00
m_vgs_sw_max = 1.6970490752e+00
m_vgd_sw_max = 1.8149865650e+00
m_vds_sw_max = 2.5526900736e+00
m_vgs_tail_max = 1.2645237721e+00
m_vds_tail_max = 1.1967137969e+00
m_swing_dc = 4.9829636053e-01
m_vcm_dc = 3.0508370192e+00
m_ioff_dc = 2.9601014212e-07
m_itail_dc = 9.9665192309e-03
m_icell_dc = 1.0466519232e-02
m_ro_leg = 5.2304416499e+04
Note: Simulation executed from .control section 

