
Note: No compatibility mode selected!


Circuit: * cml-driver-eye @ ss_27c_3.30v_270mbps -- generated by sim/harness, do not edit

Doing analysis at TEMP = 27.000000 and TNOM = 27.000000

Using SPARSE 1.3 as Direct Linear Solver

Initial Transient Solution
--------------------------

Node                                   Voltage
----                                   -------
avcc                                       3.3
avcclo                                    2.97
avcchi                                    3.63
inp                                      2.805
inn                                      1.815
inpz                                     2.805
innz                                     1.815
inref                                     0.99
win                                          0
winc                                         0
xc0.tail                               1.18327
ib_c0                                  1.26264
outp_c0                                2.80169
outn_c0                                3.29999
vd_c0                                 0.498296
xc1.tail                               1.18327
ib_c1                                  1.26264
outp_c1                                2.80169
outn_c1                                3.29999
vd_c1                                 0.498296
xc2.tail                               1.18327
ib_c2                                  1.26264
outp_c2                                2.80169
outn_c2                                3.29999
vd_c2                                 0.498296
xcmis.tail                             1.18327
ib_cmis                                1.26264
outp_cmis                              2.80169
outn_cmis                              3.29999
vd_cmis                               0.498296
xvlo.tail                              1.16857
ib_vlo                                 1.26264
outp_vlo                               2.47201
outn_vlo                               2.96998
xvhi.tail                              1.19702
ib_vhi                                 1.26264
outp_vhi                               3.13139
outn_vhi                               3.62999
xz.tail                                1.18327
ib_z                                   1.26264
vss_z                                        0
outp_z                                 2.80169
outn_z                                 3.29999
xza.tail                               1.17444
ib_za                                  1.26264
outp_za                                    2.6
outn_za                                3.29998
xzb.tail                               1.19162
ib_zb                                  1.26264
outp_zb                                      3
outn_zb                                3.29999
ediff_cmis#branch                            0
ediff_c2#branch                              0
ediff_c1#branch                              0
ediff_c0#branch                              0
einref#branch                                0
vforce_zb#branch                   -0.00996992
vforce_za#branch                   -0.00996227
vsens_z#branch                       0.0104665
vwinc#branch                                 0
vwin#branch                                  0
vinnz#branch                                 0
vinpz#branch                                 0
vinn#branch                                  0
vinp#branch                                  0
vavcchi#branch                      -0.0099725
vavcclo#branch                      -0.0099601
vavcc#branch                        -0.0498332

 Reference value :  0.00000e+00
 Reference value :  4.00000e-13
 Reference value :  3.20000e-12
 Reference value :  2.56000e-11
 Reference value :  8.56000e-11
 Reference value :  1.45600e-10
 Reference value :  2.05600e-10
 Reference value :  2.65600e-10
 Reference value :  3.25600e-10
 Reference value :  4.05600e-10
 Reference value :  4.65600e-10
 Reference value :  5.25600e-10
 Reference value :  5.85600e-10
 Reference value :  6.45600e-10
 Reference value :  7.05600e-10
 Reference value :  7.65600e-10
 Reference value :  8.25600e-10
 Reference value :  8.85600e-10
 Reference value :  9.45600e-10
 Reference value :  1.00560e-09
 Reference value :  1.06560e-09
 Reference value :  1.12560e-09
 Reference value :  1.18560e-09
 Reference value :  1.24560e-09
 Reference value :  1.30560e-09
 Reference value :  1.36560e-09
 Reference value :  1.42560e-09
 Reference value :  1.50560e-09
 Reference value :  1.56560e-09
 Reference value :  1.62560e-09
 Reference value :  1.70560e-09
 Reference value :  1.76560e-09
 Reference value :  1.82560e-09
 Reference value :  1.88560e-09
 Reference value :  1.94560e-09
 Reference value :  2.00560e-09
 Reference value :  2.06560e-09
 Reference value :  2.12560e-09
 Reference value :  2.18560e-09
 Reference value :  2.24560e-09
 Reference value :  2.30560e-09
 Reference value :  2.36560e-09
 Reference value :  2.42560e-09
 Reference value :  2.48560e-09
 Reference value :  2.54560e-09
 Reference value :  2.62560e-09
 Reference value :  2.68560e-09
 Reference value :  2.74560e-09
 Reference value :  2.80560e-09
 Reference value :  2.86560e-09
 Reference value :  2.92560e-09
 Reference value :  2.98560e-09
 Reference value :  3.04560e-09
 Reference value :  3.10560e-09
 Reference value :  3.16560e-09
 Reference value :  3.22560e-09
 Reference value :  3.28560e-09
 Reference value :  3.34560e-09
 Reference value :  3.40560e-09
 Reference value :  3.46560e-09
 Reference value :  3.52560e-09
 Reference value :  3.58560e-09
 Reference value :  3.64560e-09
 Reference value :  3.70560e-09
 Reference value :  3.76560e-09
 Reference value :  3.84560e-09
 Reference value :  3.92560e-09
 Reference value :  3.98560e-09
 Reference value :  4.06560e-09
 Reference value :  4.14560e-09
 Reference value :  4.20560e-09
 Reference value :  4.26560e-09
 Reference value :  4.34560e-09
 Reference value :  4.40560e-09
 Reference value :  4.46560e-09
 Reference value :  4.52560e-09
 Reference value :  4.58560e-09
 Reference value :  4.64560e-09
 Reference value :  4.72560e-09
 Reference value :  4.78560e-09
 Reference value :  4.84560e-09
 Reference value :  4.90560e-09
 Reference value :  4.96560e-09
 Reference value :  5.02560e-09
 Reference value :  5.08560e-09
 Reference value :  5.14560e-09
 Reference value :  5.20560e-09
 Reference value :  5.26560e-09
 Reference value :  5.32560e-09
 Reference value :  5.38560e-09
 Reference value :  5.44560e-09
 Reference value :  5.50560e-09
 Reference value :  5.56560e-09
 Reference value :  5.62560e-09
 Reference value :  5.68560e-09
 Reference value :  5.74560e-09
 Reference value :  5.80560e-09
 Reference value :  5.86560e-09
 Reference value :  5.92560e-09
 Reference value :  5.98560e-09
 Reference value :  6.04560e-09
 Reference value :  6.10560e-09
 Reference value :  6.16560e-09
 Reference value :  6.22560e-09
 Reference value :  6.28560e-09
 Reference value :  6.34560e-09
 Reference value :  6.40560e-09
 Reference value :  6.46560e-09
 Reference value :  6.52560e-09
 Reference value :  6.58560e-09
 Reference value :  6.64560e-09
 Reference value :  6.70560e-09
 Reference value :  6.76560e-09
 Reference value :  6.82560e-09
 Reference value :  6.88560e-09
 Reference value :  6.94560e-09
 Reference value :  7.00560e-09
 Reference value :  7.06560e-09
 Reference value :  7.14560e-09
 Reference value :  7.20560e-09
 Reference value :  7.26560e-09
 Reference value :  7.32560e-09
 Reference value :  7.38560e-09
 Reference value :  7.44560e-09
 Reference value :  7.50560e-09
 Reference value :  7.56560e-09
 Reference value :  7.62560e-09
 Reference value :  7.68560e-09
 Reference value :  7.74560e-09
 Reference value :  7.80560e-09
 Reference value :  7.86560e-09
 Reference value :  7.92560e-09
 Reference value :  7.98560e-09
 Reference value :  8.04560e-09
 Reference value :  8.10560e-09
 Reference value :  8.16560e-09
 Reference value :  8.22560e-09
 Reference value :  8.28560e-09
 Reference value :  8.34560e-09
 Reference value :  8.40560e-09
 Reference value :  8.46560e-09
 Reference value :  8.52560e-09
 Reference value :  8.58560e-09
 Reference value :  8.64560e-09
 Reference value :  8.70560e-09
 Reference value :  8.76560e-09
 Reference value :  8.82560e-09
 Reference value :  8.88560e-09
 Reference value :  8.94560e-09
 Reference value :  9.00560e-09
 Reference value :  9.06560e-09
 Reference value :  9.12560e-09
 Reference value :  9.18560e-09
 Reference value :  9.24560e-09
 Reference value :  9.30560e-09
 Reference value :  9.36560e-09
 Reference value :  9.42560e-09
 Reference value :  9.48560e-09
 Reference value :  9.54560e-09
 Reference value :  9.60560e-09
 Reference value :  9.66560e-09
 Reference value :  9.72560e-09
 Reference value :  9.78560e-09
 Reference value :  9.84560e-09
 Reference value :  9.90560e-09
 Reference value :  9.96560e-09
 Reference value :  1.00256e-08
 Reference value :  1.01056e-08
 Reference value :  1.01656e-08
 Reference value :  1.02256e-08
 Reference value :  1.02856e-08
 Reference value :  1.03456e-08
 Reference value :  1.04056e-08
 Reference value :  1.04656e-08
 Reference value :  1.05256e-08
 Reference value :  1.05856e-08
 Reference value :  1.06456e-08
 Reference value :  1.07056e-08
 Reference value :  1.07656e-08
 Reference value :  1.08456e-08
 Reference value :  1.09056e-08
 Reference value :  1.09656e-08
 Reference value :  1.10256e-08
 Reference value :  1.10856e-08
 Reference value :  1.11456e-08
 Reference value :  1.12056e-08
 Reference value :  1.12656e-08
 Reference value :  1.13256e-08
 Reference value :  1.13856e-08
 Reference value :  1.14456e-08
 Reference value :  1.15256e-08
 Reference value :  1.15856e-08
 Reference value :  1.16456e-08
 Reference value :  1.17056e-08
 Reference value :  1.17656e-08
 Reference value :  1.18256e-08
 Reference value :  1.18856e-08
 Reference value :  1.19456e-08
 Reference value :  1.20056e-08
 Reference value :  1.20656e-08
 Reference value :  1.21256e-08
 Reference value :  1.21856e-08
 Reference value :  1.22456e-08
 Reference value :  1.23056e-08
 Reference value :  1.23656e-08
 Reference value :  1.24256e-08
 Reference value :  1.24856e-08
 Reference value :  1.25456e-08
 Reference value :  1.26256e-08
 Reference value :  1.26856e-08
 Reference value :  1.27456e-08
 Reference value :  1.28056e-08
 Reference value :  1.28856e-08
 Reference value :  1.29656e-08
 Reference value :  1.30256e-08
 Reference value :  1.30856e-08
 Reference value :  1.31456e-08
 Reference value :  1.32056e-08
 Reference value :  1.32656e-08
 Reference value :  1.33256e-08
 Reference value :  1.33856e-08
 Reference value :  1.34456e-08
 Reference value :  1.35256e-08
 Reference value :  1.35856e-08
 Reference value :  1.36456e-08
 Reference value :  1.37056e-08
 Reference value :  1.37656e-08
 Reference value :  1.38256e-08
 Reference value :  1.38856e-08
 Reference value :  1.39456e-08
 Reference value :  1.40256e-08
 Reference value :  1.40856e-08
 Reference value :  1.41456e-08
 Reference value :  1.42056e-08
 Reference value :  1.42656e-08
 Reference value :  1.43256e-08
 Reference value :  1.43856e-08
 Reference value :  1.44456e-08
 Reference value :  1.45056e-08
 Reference value :  1.45656e-08
 Reference value :  1.46256e-08
 Reference value :  1.46856e-08
 Reference value :  1.47456e-08
 Reference value :  1.48056e-08
 Reference value :  1.48656e-08
 Reference value :  1.49256e-08
 Reference value :  1.49856e-08
 Reference value :  1.50656e-08
 Reference value :  1.51256e-08
 Reference value :  1.51856e-08
 Reference value :  1.52456e-08
 Reference value :  1.53056e-08
 Reference value :  1.53656e-08
 Reference value :  1.54256e-08
 Reference value :  1.54856e-08
 Reference value :  1.55456e-08
 Reference value :  1.56056e-08
 Reference value :  1.56656e-08
 Reference value :  1.57256e-08
 Reference value :  1.57856e-08
 Reference value :  1.58456e-08
 Reference value :  1.59056e-08
 Reference value :  1.59656e-08
 Reference value :  1.60256e-08
 Reference value :  1.60856e-08
 Reference value :  1.61456e-08
 Reference value :  1.62056e-08
 Reference value :  1.62656e-08
 Reference value :  1.63256e-08
 Reference value :  1.63856e-08
 Reference value :  1.64456e-08
 Reference value :  1.65056e-08
 Reference value :  1.65656e-08
 Reference value :  1.66256e-08
 Reference value :  1.66856e-08
 Reference value :  1.67456e-08
 Reference value :  1.68056e-08
 Reference value :  1.68656e-08
 Reference value :  1.69256e-08
 Reference value :  1.69856e-08
 Reference value :  1.70456e-08
 Reference value :  1.71056e-08
 Reference value :  1.71656e-08
 Reference value :  1.72256e-08
 Reference value :  1.72856e-08
 Reference value :  1.73656e-08
 Reference value :  1.74256e-08
 Reference value :  1.74856e-08
 Reference value :  1.75456e-08
 Reference value :  1.76056e-08
 Reference value :  1.76656e-08
 Reference value :  1.77256e-08
 Reference value :  1.77856e-08
 Reference value :  1.78656e-08
 Reference value :  1.79456e-08
 Reference value :  1.80056e-08
 Reference value :  1.80856e-08
 Reference value :  1.81456e-08
 Reference value :  1.82256e-08
 Reference value :  1.82856e-08
 Reference value :  1.83456e-08
 Reference value :  1.84056e-08
 Reference value :  1.84656e-08
 Reference value :  1.85256e-08
 Reference value :  1.86056e-08
 Reference value :  1.86656e-08
 Reference value :  1.87256e-08
 Reference value :  1.87856e-08
 Reference value :  1.88456e-08
 Reference value :  1.89256e-08
 Reference value :  1.89856e-08
 Reference value :  1.90456e-08
 Reference value :  1.91256e-08
 Reference value :  1.92056e-08
 Reference value :  1.92856e-08
 Reference value :  1.93656e-08
 Reference value :  1.94456e-08
 Reference value :  1.95256e-08
 Reference value :  1.95856e-08
 Reference value :  1.96656e-08
 Reference value :  1.97256e-08
 Reference value :  1.97856e-08
 Reference value :  1.98456e-08
 Reference value :  1.99056e-08
 Reference value :  1.99656e-08
 Reference value :  2.00256e-08
 Reference value :  2.00856e-08
 Reference value :  2.01456e-08
 Reference value :  2.02256e-08
 Reference value :  2.03056e-08
 Reference value :  2.03656e-08
 Reference value :  2.04256e-08
 Reference value :  2.05056e-08
 Reference value :  2.05656e-08
 Reference value :  2.06456e-08
 Reference value :  2.07256e-08
 Reference value :  2.07856e-08
 Reference value :  2.08456e-08
 Reference value :  2.09056e-08
 Reference value :  2.09656e-08
 Reference value :  2.10256e-08
 Reference value :  2.10856e-08
 Reference value :  2.11456e-08
 Reference value :  2.12256e-08
 Reference value :  2.13056e-08
 Reference value :  2.13856e-08
 Reference value :  2.14656e-08
 Reference value :  2.15456e-08
 Reference value :  2.16256e-08
 Reference value :  2.17056e-08
 Reference value :  2.17656e-08
 Reference value :  2.18456e-08
 Reference value :  2.19056e-08
 Reference value :  2.19856e-08
 Reference value :  2.20656e-08
 Reference value :  2.21256e-08
 Reference value :  2.21856e-08
 Reference value :  2.22456e-08
 Reference value :  2.23056e-08
 Reference value :  2.23656e-08
 Reference value :  2.24256e-08
 Reference value :  2.24856e-08
 Reference value :  2.25456e-08
 Reference value :  2.26056e-08
 Reference value :  2.26656e-08
 Reference value :  2.27256e-08
 Reference value :  2.27856e-08
 Reference value :  2.28456e-08
 Reference value :  2.29056e-08
 Reference value :  2.29656e-08
 Reference value :  2.30256e-08
 Reference value :  2.30856e-08
 Reference value :  2.31456e-08
 Reference value :  2.32056e-08
 Reference value :  2.32656e-08
 Reference value :  2.33256e-08
 Reference value :  2.33856e-08
 Reference value :  2.34456e-08
 Reference value :  2.35056e-08
 Reference value :  2.35656e-08
 Reference value :  2.36256e-08
 Reference value :  2.36856e-08
 Reference value :  2.37456e-08
 Reference value :  2.38056e-08
 Reference value :  2.38656e-08
 Reference value :  2.39256e-08
 Reference value :  2.39856e-08
 Reference value :  2.40456e-08
 Reference value :  2.41056e-08
 Reference value :  2.41656e-08
 Reference value :  2.42256e-08
 Reference value :  2.42856e-08
 Reference value :  2.43456e-08
 Reference value :  2.44056e-08
 Reference value :  2.44656e-08
 Reference value :  2.45256e-08
 Reference value :  2.45856e-08
 Reference value :  2.46456e-08
 Reference value :  2.47056e-08
 Reference value :  2.47856e-08
 Reference value :  2.48456e-08
 Reference value :  2.49056e-08
 Reference value :  2.49656e-08
 Reference value :  2.50256e-08
 Reference value :  2.50856e-08
 Reference value :  2.51456e-08
 Reference value :  2.52056e-08
 Reference value :  2.52656e-08
 Reference value :  2.53456e-08
 Reference value :  2.54056e-08
 Reference value :  2.54856e-08
 Reference value :  2.55456e-08
 Reference value :  2.56256e-08
 Reference value :  2.57056e-08
 Reference value :  2.57856e-08
 Reference value :  2.58456e-08
 Reference value :  2.59056e-08
 Reference value :  2.59656e-08
 Reference value :  2.60456e-08
 Reference value :  2.61256e-08
 Reference value :  2.61856e-08
 Reference value :  2.62456e-08
 Reference value :  2.63256e-08
 Reference value :  2.63856e-08
 Reference value :  2.64456e-08
 Reference value :  2.65256e-08
 Reference value :  2.65856e-08
 Reference value :  2.66656e-08
 Reference value :  2.67256e-08
 Reference value :  2.67856e-08
 Reference value :  2.68456e-08
 Reference value :  2.69256e-08
 Reference value :  2.70056e-08
 Reference value :  2.70656e-08
 Reference value :  2.71256e-08
 Reference value :  2.71856e-08
 Reference value :  2.72456e-08
 Reference value :  2.73056e-08
 Reference value :  2.73656e-08
 Reference value :  2.74456e-08
 Reference value :  2.75256e-08
 Reference value :  2.75856e-08
 Reference value :  2.76456e-08
 Reference value :  2.77056e-08
 Reference value :  2.77656e-08
 Reference value :  2.78456e-08
 Reference value :  2.79056e-08
 Reference value :  2.79656e-08
 Reference value :  2.80256e-08
 Reference value :  2.81056e-08
 Reference value :  2.81856e-08
 Reference value :  2.82456e-08
 Reference value :  2.83056e-08
 Reference value :  2.83656e-08
 Reference value :  2.84456e-08
 Reference value :  2.85256e-08
 Reference value :  2.85856e-08
 Reference value :  2.86456e-08
 Reference value :  2.87056e-08
 Reference value :  2.87856e-08
 Reference value :  2.88456e-08
 Reference value :  2.89056e-08
 Reference value :  2.89656e-08
 Reference value :  2.90256e-08
 Reference value :  2.91056e-08
 Reference value :  2.91656e-08
 Reference value :  2.92456e-08
 Reference value :  2.93056e-08
 Reference value :  2.93856e-08
 Reference value :  2.94456e-08
 Reference value :  2.95056e-08
 Reference value :  2.95656e-08
 Reference value :  2.96256e-08
 Reference value :  2.96856e-08
 Reference value :  2.97456e-08
 Reference value :  2.98056e-08
 Reference value :  2.98856e-08
 Reference value :  2.99656e-08
 Reference value :  3.00256e-08
 Reference value :  3.01056e-08
 Reference value :  3.01856e-08
 Reference value :  3.02656e-08
 Reference value :  3.03256e-08
 Reference value :  3.03856e-08
 Reference value :  3.04456e-08
 Reference value :  3.05056e-08
 Reference value :  3.05656e-08
 Reference value :  3.06256e-08
 Reference value :  3.06856e-08
 Reference value :  3.07456e-08
 Reference value :  3.08056e-08
 Reference value :  3.08856e-08
 Reference value :  3.09456e-08
 Reference value :  3.10056e-08
 Reference value :  3.10656e-08
 Reference value :  3.11456e-08
 Reference value :  3.12056e-08
 Reference value :  3.12856e-08
 Reference value :  3.13456e-08
 Reference value :  3.14056e-08
 Reference value :  3.14656e-08
 Reference value :  3.15456e-08
 Reference value :  3.16056e-08
 Reference value :  3.16656e-08
 Reference value :  3.17256e-08
 Reference value :  3.17856e-08
 Reference value :  3.18456e-08
 Reference value :  3.19056e-08
 Reference value :  3.19656e-08
 Reference value :  3.20256e-08
 Reference value :  3.20856e-08
 Reference value :  3.21456e-08
 Reference value :  3.22056e-08
 Reference value :  3.22656e-08
 Reference value :  3.23256e-08
 Reference value :  3.23856e-08
 Reference value :  3.24456e-08
 Reference value :  3.25056e-08
 Reference value :  3.25656e-08
 Reference value :  3.26256e-08
 Reference value :  3.26856e-08
 Reference value :  3.27456e-08
 Reference value :  3.28056e-08
 Reference value :  3.28656e-08
 Reference value :  3.29256e-08
 Reference value :  3.29856e-08
 Reference value :  3.30456e-08
 Reference value :  3.31056e-08
 Reference value :  3.31656e-08
 Reference value :  3.32456e-08
 Reference value :  3.33195e-08
 Reference value :  3.33334e-08
 Reference value :  3.33339e-08
 Reference value :  3.33357e-08
 Reference value :  3.33393e-08
 Reference value :  3.33435e-08
 Reference value :  3.33495e-08
 Reference value :  3.33583e-08
 Reference value :  3.33661e-08
 Reference value :  3.33748e-08
 Reference value :  3.33847e-08
 Reference value :  3.33965e-08
 Reference value :  3.34013e-08
 Reference value :  3.34056e-08
 Reference value :  3.34133e-08
 Reference value :  3.34134e-08
 Reference value :  3.34139e-08
 Reference value :  3.34159e-08
 Reference value :  3.34193e-08
 Reference value :  3.34235e-08
 Reference value :  3.34293e-08
 Reference value :  3.34382e-08
 Reference value :  3.34526e-08
 Reference value :  3.34693e-08
 Reference value :  3.34898e-08
 Reference value :  3.35151e-08
 Reference value :  3.35471e-08
 Reference value :  3.35868e-08
 Reference value :  3.36268e-08
 Reference value :  3.36668e-08
 Reference value :  3.37268e-08
 Reference value :  3.37868e-08
 Reference value :  3.38468e-08
 Reference value :  3.39068e-08
 Reference value :  3.39668e-08
 Reference value :  3.40268e-08
 Reference value :  3.40868e-08
 Reference value :  3.41468e-08
 Reference value :  3.42068e-08
 Reference value :  3.42668e-08
 Reference value :  3.43268e-08
 Reference value :  3.43868e-08
 Reference value :  3.44468e-08
 Reference value :  3.45068e-08
 Reference value :  3.45668e-08
 Reference value :  3.46268e-08
 Reference value :  3.46868e-08
 Reference value :  3.47468e-08
 Reference value :  3.48068e-08
 Reference value :  3.48668e-08
 Reference value :  3.49268e-08
 Reference value :  3.49868e-08
 Reference value :  3.50468e-08
 Reference value :  3.51068e-08
 Reference value :  3.51868e-08
 Reference value :  3.52468e-08
 Reference value :  3.53068e-08
 Reference value :  3.53668e-08
 Reference value :  3.54268e-08
 Reference value :  3.54868e-08
 Reference value :  3.55468e-08
 Reference value :  3.56068e-08
 Reference value :  3.56668e-08
 Reference value :  3.57268e-08
 Reference value :  3.57868e-08
 Reference value :  3.58468e-08
 Reference value :  3.59068e-08
 Reference value :  3.59668e-08
 Reference value :  3.60268e-08
 Reference value :  3.60868e-08
 Reference value :  3.61468e-08
 Reference value :  3.62068e-08
 Reference value :  3.62668e-08
 Reference value :  3.63268e-08
 Reference value :  3.63868e-08
 Reference value :  3.64668e-08
 Reference value :  3.65268e-08
 Reference value :  3.65868e-08
 Reference value :  3.66468e-08
 Reference value :  3.67268e-08
 Reference value :  3.67868e-08
 Reference value :  3.68668e-08
 Reference value :  3.69268e-08
 Reference value :  3.69868e-08
 Reference value :  3.70370e-08
 Reference value :  3.70371e-08
 Reference value :  3.70377e-08
 Reference value :  3.70396e-08
 Reference value :  3.70432e-08
 Reference value :  3.70475e-08
 Reference value :  3.70536e-08
 Reference value :  3.70578e-08
 Reference value :  3.70615e-08
 Reference value :  3.70738e-08
 Reference value :  3.70879e-08
 Reference value :  3.70998e-08
 Reference value :  3.71047e-08
 Reference value :  3.71090e-08
 Reference value :  3.71170e-08
 Reference value :  3.71172e-08
 Reference value :  3.71183e-08
 Reference value :  3.71214e-08
 Reference value :  3.71252e-08
 Reference value :  3.71301e-08
 Reference value :  3.71372e-08
 Reference value :  3.71499e-08
 Reference value :  3.71654e-08
 Reference value :  3.71839e-08
 Reference value :  3.72068e-08
 Reference value :  3.72355e-08
 Reference value :  3.72718e-08
 Reference value :  3.73318e-08
 Reference value :  3.73918e-08
 Reference value :  3.74718e-08
 Reference value :  3.75518e-08
 Reference value :  3.76118e-08
 Reference value :  3.76918e-08
 Reference value :  3.77648e-08
 Reference value :  3.77781e-08
 Reference value :  3.77788e-08
 Reference value :  3.77798e-08
 Reference value :  3.77877e-08
 Reference value :  3.78345e-08
 Reference value :  3.78945e-08
 Reference value :  3.79545e-08
 Reference value :  3.80145e-08
 Reference value :  3.80745e-08
 Reference value :  3.81313e-08
 Reference value :  3.81484e-08
 Reference value :  3.81492e-08
 Reference value :  3.81502e-08
 Reference value :  3.81580e-08
 Reference value :  3.82049e-08
 Reference value :  3.82649e-08
 Reference value :  3.83249e-08
 Reference value :  3.83849e-08
 Reference value :  3.84449e-08
 Reference value :  3.85049e-08
 Reference value :  3.85649e-08
 Reference value :  3.86249e-08
 Reference value :  3.86849e-08
 Reference value :  3.87449e-08
 Reference value :  3.88049e-08
 Reference value :  3.88649e-08
 Reference value :  3.89249e-08
 Reference value :  3.89849e-08
 Reference value :  3.90449e-08
 Reference value :  3.91049e-08
 Reference value :  3.91649e-08
 Reference value :  3.92249e-08
 Reference value :  3.92849e-08
 Reference value :  3.93449e-08
 Reference value :  3.94049e-08
 Reference value :  3.94649e-08
 Reference value :  3.95249e-08
 Reference value :  3.95849e-08
 Reference value :  3.96297e-08
 Reference value :  3.96307e-08
 Reference value :  3.96317e-08
 Reference value :  3.96395e-08
 Reference value :  3.96864e-08
 Reference value :  3.97464e-08
 Reference value :  3.98064e-08
 Reference value :  3.98664e-08
 Reference value :  3.99264e-08
 Reference value :  3.99864e-08
 Reference value :  4.00664e-08
 Reference value :  4.01464e-08
 Reference value :  4.02264e-08
 Reference value :  4.03064e-08
 Reference value :  4.03864e-08
 Reference value :  4.04464e-08
 Reference value :  4.05064e-08
 Reference value :  4.05664e-08
 Reference value :  4.06264e-08
 Reference value :  4.07064e-08
 Reference value :  4.07408e-08
 Reference value :  4.07422e-08
 Reference value :  4.07472e-08
 Reference value :  4.07516e-08
 Reference value :  4.07620e-08
 Reference value :  4.07696e-08
 Reference value :  4.07779e-08
 Reference value :  4.07870e-08
 Reference value :  4.07984e-08
 Reference value :  4.08040e-08
 Reference value :  4.08088e-08
 Reference value :  4.08131e-08
 Reference value :  4.08207e-08
 Reference value :  4.08208e-08
 Reference value :  4.08213e-08
 Reference value :  4.08232e-08
 Reference value :  4.08267e-08
 Reference value :  4.08336e-08
 Reference value :  4.08405e-08
 Reference value :  4.08530e-08
 Reference value :  4.08684e-08
 Reference value :  4.08867e-08
 Reference value :  4.09094e-08
 Reference value :  4.09377e-08
 Reference value :  4.09937e-08
 Reference value :  4.10337e-08
 Reference value :  4.10737e-08
 Reference value :  4.11337e-08
 Reference value :  4.11937e-08
 Reference value :  4.12537e-08
 Reference value :  4.13337e-08
 Reference value :  4.13937e-08
 Reference value :  4.14537e-08
 Reference value :  4.15137e-08
 Reference value :  4.15937e-08
 Reference value :  4.16537e-08
 Reference value :  4.17137e-08
 Reference value :  4.17737e-08
 Reference value :  4.18337e-08
 Reference value :  4.18522e-08
 Reference value :  4.18529e-08
 Reference value :  4.18539e-08
 Reference value :  4.18707e-08
 Reference value :  4.19486e-08
 Reference value :  4.20086e-08
 Reference value :  4.20686e-08
 Reference value :  4.21286e-08
 Reference value :  4.21886e-08
 Reference value :  4.22486e-08
 Reference value :  4.23086e-08
 Reference value :  4.23686e-08
 Reference value :  4.24286e-08
 Reference value :  4.24886e-08
 Reference value :  4.25486e-08
 Reference value :  4.26086e-08
 Reference value :  4.26686e-08
 Reference value :  4.27286e-08
 Reference value :  4.27886e-08
 Reference value :  4.28486e-08
 Reference value :  4.29086e-08
 Reference value :  4.29686e-08
 Reference value :  4.30286e-08
 Reference value :  4.30886e-08
 Reference value :  4.31486e-08
 Reference value :  4.32086e-08
 Reference value :  4.32686e-08
 Reference value :  4.33210e-08
 Reference value :  4.33336e-08
 Reference value :  4.33344e-08
 Reference value :  4.33354e-08
 Reference value :  4.33522e-08
 Reference value :  4.34301e-08
 Reference value :  4.34901e-08
 Reference value :  4.35501e-08
 Reference value :  4.36101e-08
 Reference value :  4.36901e-08
 Reference value :  4.37501e-08
 Reference value :  4.38101e-08
 Reference value :  4.38901e-08
 Reference value :  4.39501e-08
 Reference value :  4.40101e-08
 Reference value :  4.40701e-08
 Reference value :  4.41501e-08
 Reference value :  4.42101e-08
 Reference value :  4.42701e-08
 Reference value :  4.43301e-08
 Reference value :  4.43901e-08
 Reference value :  4.44444e-08
 Reference value :  4.44445e-08
 Reference value :  4.44451e-08
 Reference value :  4.44490e-08
 Reference value :  4.44529e-08
 Reference value :  4.44581e-08
 Reference value :  4.44657e-08
 Reference value :  4.44692e-08
 Reference value :  4.44770e-08
 Reference value :  4.44858e-08
 Reference value :  4.44957e-08
 Reference value :  4.45077e-08
 Reference value :  4.45126e-08
 Reference value :  4.45168e-08
 Reference value :  4.45244e-08
 Reference value :  4.45245e-08
 Reference value :  4.45250e-08
 Reference value :  4.45269e-08
 Reference value :  4.45304e-08
 Reference value :  4.45346e-08
 Reference value :  4.45442e-08
 Reference value :  4.45567e-08
 Reference value :  4.45721e-08
 Reference value :  4.45904e-08
 Reference value :  4.46131e-08
 Reference value :  4.46414e-08
 Reference value :  4.46774e-08
 Reference value :  4.47174e-08
 Reference value :  4.47774e-08
 Reference value :  4.48374e-08
 Reference value :  4.48974e-08
 Reference value :  4.49574e-08
 Reference value :  4.50174e-08
 Reference value :  4.50774e-08
 Reference value :  4.51374e-08
 Reference value :  4.51974e-08
 Reference value :  4.52574e-08
 Reference value :  4.53174e-08
 Reference value :  4.53974e-08
 Reference value :  4.54574e-08
 Reference value :  4.55174e-08
 Reference value :  4.55557e-08
 Reference value :  4.55566e-08
 Reference value :  4.55570e-08
 Reference value :  4.55610e-08
 Reference value :  4.55923e-08
 Reference value :  4.56523e-08
 Reference value :  4.57123e-08
 Reference value :  4.57723e-08
 Reference value :  4.58323e-08
 Reference value :  4.58923e-08
 Reference value :  4.59523e-08
 Reference value :  4.60123e-08
 Reference value :  4.60723e-08
 Reference value :  4.61323e-08
 Reference value :  4.61923e-08
 Reference value :  4.62523e-08
 Reference value :  4.63123e-08
 Reference value :  4.63723e-08
 Reference value :  4.64323e-08
 Reference value :  4.64923e-08
 Reference value :  4.65723e-08
 Reference value :  4.66523e-08
 Reference value :  4.67123e-08
 Reference value :  4.67723e-08
 Reference value :  4.68323e-08
 Reference value :  4.68923e-08
 Reference value :  4.69523e-08
 Reference value :  4.70123e-08
 Reference value :  4.70371e-08
 Reference value :  4.70381e-08
 Reference value :  4.70391e-08
 Reference value :  4.70469e-08
 Reference value :  4.70938e-08
 Reference value :  4.71538e-08
 Reference value :  4.72338e-08
 Reference value :  4.73138e-08
 Reference value :  4.73738e-08
 Reference value :  4.74338e-08
 Reference value :  4.74938e-08
 Reference value :  4.75538e-08
 Reference value :  4.76138e-08
 Reference value :  4.76738e-08
 Reference value :  4.77338e-08
 Reference value :  4.77938e-08
 Reference value :  4.78538e-08
 Reference value :  4.79138e-08
 Reference value :  4.79738e-08
 Reference value :  4.80338e-08
 Reference value :  4.80938e-08
 Reference value :  4.81482e-08
 Reference value :  4.81488e-08
 Reference value :  4.81510e-08
 Reference value :  4.81546e-08
 Reference value :  4.81591e-08
 Reference value :  4.81654e-08
 Reference value :  4.81694e-08
 Reference value :  4.81729e-08
 Reference value :  4.81807e-08
 Reference value :  4.81895e-08
 Reference value :  4.81994e-08
 Reference value :  4.82114e-08
 Reference value :  4.82163e-08
 Reference value :  4.82205e-08
 Reference value :  4.82281e-08
 Reference value :  4.82283e-08
 Reference value :  4.82294e-08
 Reference value :  4.82324e-08
 Reference value :  4.82361e-08
 Reference value :  4.82410e-08
 Reference value :  4.82479e-08
 Reference value :  4.82604e-08
 Reference value :  4.82758e-08
 Reference value :  4.82941e-08
 Reference value :  4.83168e-08
 Reference value :  4.83451e-08
 Reference value :  4.83811e-08
 Reference value :  4.84211e-08
 Reference value :  4.84611e-08
 Reference value :  4.85211e-08
 Reference value :  4.85811e-08
 Reference value :  4.86411e-08
 Reference value :  4.87011e-08
 Reference value :  4.87611e-08
 Reference value :  4.88211e-08
 Reference value :  4.88811e-08
 Reference value :  4.89411e-08
 Reference value :  4.90011e-08
 Reference value :  4.90611e-08
 Reference value :  4.91211e-08
 Reference value :  4.91811e-08
 Reference value :  4.92411e-08
 Reference value :  4.92596e-08
 Reference value :  4.92603e-08
 Reference value :  4.92613e-08
 Reference value :  4.92691e-08
 Reference value :  4.93160e-08
 Reference value :  4.93760e-08
 Reference value :  4.94360e-08
 Reference value :  4.94960e-08
 Reference value :  4.95760e-08
 Reference value :  4.96360e-08
 Reference value :  4.96960e-08
 Reference value :  4.97560e-08
 Reference value :  4.98160e-08
 Reference value :  4.98760e-08
 Reference value :  4.99360e-08
 Reference value :  4.99960e-08
 Reference value :  5.00560e-08
 Reference value :  5.01160e-08
 Reference value :  5.01960e-08
 Reference value :  5.02760e-08
 Reference value :  5.03560e-08
 Reference value :  5.04160e-08
 Reference value :  5.04760e-08
 Reference value :  5.05360e-08
 Reference value :  5.05960e-08
 Reference value :  5.06560e-08
 Reference value :  5.07160e-08
 Reference value :  5.07408e-08
 Reference value :  5.07417e-08
 Reference value :  5.07422e-08
 Reference value :  5.07462e-08
 Reference value :  5.07775e-08
 Reference value :  5.08375e-08
 Reference value :  5.08975e-08
 Reference value :  5.09575e-08
 Reference value :  5.10175e-08
 Reference value :  5.10775e-08
 Reference value :  5.11375e-08
 Reference value :  5.11975e-08
 Reference value :  5.12575e-08
 Reference value :  5.13175e-08
 Reference value :  5.13775e-08
 Reference value :  5.14375e-08
 Reference value :  5.14975e-08
 Reference value :  5.15575e-08
 Reference value :  5.16175e-08
 Reference value :  5.16775e-08
 Reference value :  5.17375e-08
 Reference value :  5.17975e-08
 Reference value :  5.18519e-08
 Reference value :  5.18519e-08
 Reference value :  5.18525e-08
 Reference value :  5.18564e-08
 Reference value :  5.18628e-08
 Reference value :  5.18731e-08
 Reference value :  5.18767e-08
 Reference value :  5.18844e-08
 Reference value :  5.18932e-08
 Reference value :  5.19032e-08
 Reference value :  5.19151e-08
 Reference value :  5.19200e-08
 Reference value :  5.19242e-08
 Reference value :  5.19319e-08
 Reference value :  5.19319e-08
 Reference value :  5.19324e-08
 Reference value :  5.19361e-08
 Reference value :  5.19398e-08
 Reference value :  5.19447e-08
 Reference value :  5.19516e-08
 Reference value :  5.19641e-08
 Reference value :  5.19795e-08
 Reference value :  5.19978e-08
 Reference value :  5.20205e-08
 Reference value :  5.20488e-08
 Reference value :  5.21048e-08
 Reference value :  5.21448e-08
 Reference value :  5.22048e-08
 Reference value :  5.22648e-08
 Reference value :  5.23448e-08
 Reference value :  5.24048e-08
 Reference value :  5.24648e-08
 Reference value :  5.25248e-08
 Reference value :  5.25848e-08
 Reference value :  5.26448e-08
 Reference value :  5.27048e-08
 Reference value :  5.27648e-08
 Reference value :  5.28248e-08
 Reference value :  5.28848e-08
 Reference value :  5.29448e-08
 Reference value :  5.29633e-08
 Reference value :  5.29640e-08
 Reference value :  5.29650e-08
 Reference value :  5.29729e-08
 Reference value :  5.30397e-08
 Reference value :  5.30997e-08
 Reference value :  5.31797e-08
 Reference value :  5.32397e-08
 Reference value :  5.32997e-08
 Reference value :  5.33797e-08
 Reference value :  5.34397e-08
 Reference value :  5.34997e-08
 Reference value :  5.35597e-08
 Reference value :  5.36197e-08
 Reference value :  5.36797e-08
 Reference value :  5.37397e-08
 Reference value :  5.37997e-08
 Reference value :  5.38597e-08
 Reference value :  5.39197e-08
 Reference value :  5.39797e-08
 Reference value :  5.40397e-08
 Reference value :  5.40997e-08
 Reference value :  5.41597e-08
 Reference value :  5.42197e-08
 Reference value :  5.42797e-08
 Reference value :  5.43397e-08
 Reference value :  5.43997e-08
 Reference value :  5.44444e-08
 Reference value :  5.44451e-08
 Reference value :  5.44457e-08
 Reference value :  5.44476e-08
 Reference value :  5.44633e-08
 Reference value :  5.45212e-08
 Reference value :  5.45812e-08
 Reference value :  5.46612e-08
 Reference value :  5.47212e-08
 Reference value :  5.47812e-08
 Reference value :  5.48412e-08
 Reference value :  5.49012e-08
 Reference value :  5.49612e-08
 Reference value :  5.50212e-08
 Reference value :  5.50812e-08
 Reference value :  5.51412e-08
 Reference value :  5.52012e-08
 Reference value :  5.52612e-08
 Reference value :  5.53212e-08
 Reference value :  5.53812e-08
 Reference value :  5.54412e-08
 Reference value :  5.55012e-08
 Reference value :  5.55556e-08
 Reference value :  5.55556e-08
 Reference value :  5.55562e-08
 Reference value :  5.55585e-08
 Reference value :  5.55620e-08
 Reference value :  5.55665e-08
 Reference value :  5.55729e-08
 Reference value :  5.55768e-08
 Reference value :  5.55804e-08
 Reference value :  5.55881e-08
 Reference value :  5.55969e-08
 Reference value :  5.56069e-08
 Reference value :  5.56188e-08
 Reference value :  5.56237e-08
 Reference value :  5.56279e-08
 Reference value :  5.56356e-08
 Reference value :  5.56356e-08
 Reference value :  5.56362e-08
 Reference value :  5.56398e-08
 Reference value :  5.56435e-08
 Reference value :  5.56484e-08
 Reference value :  5.56554e-08
 Reference value :  5.56678e-08
 Reference value :  5.56832e-08
 Reference value :  5.57015e-08
 Reference value :  5.57242e-08
 Reference value :  5.57526e-08
 Reference value :  5.57885e-08
 Reference value :  5.58285e-08
 Reference value :  5.58685e-08
 Reference value :  5.59085e-08
 Reference value :  5.59685e-08
 Reference value :  5.60285e-08
 Reference value :  5.60885e-08
 Reference value :  5.61485e-08
 Reference value :  5.62085e-08
 Reference value :  5.62685e-08
 Reference value :  5.63285e-08
 Reference value :  5.63885e-08
 Reference value :  5.64485e-08
 Reference value :  5.65085e-08
 Reference value :  5.65685e-08
 Reference value :  5.66285e-08
 Reference value :  5.66668e-08
 Reference value :  5.66677e-08
 Reference value :  5.66682e-08
 Reference value :  5.66721e-08
 Reference value :  5.67034e-08
 Reference value :  5.67634e-08
 Reference value :  5.68234e-08
 Reference value :  5.68834e-08
 Reference value :  5.69434e-08
 Reference value :  5.70034e-08
 Reference value :  5.70634e-08
 Reference value :  5.71234e-08
 Reference value :  5.71834e-08
 Reference value :  5.72434e-08
 Reference value :  5.73034e-08
 Reference value :  5.73634e-08
 Reference value :  5.74234e-08
 Reference value :  5.74834e-08
 Reference value :  5.75434e-08
 Reference value :  5.76234e-08
 Reference value :  5.77034e-08
 Reference value :  5.77634e-08
 Reference value :  5.78234e-08
 Reference value :  5.78834e-08
 Reference value :  5.79634e-08
 Reference value :  5.80234e-08
 Reference value :  5.80834e-08
 Reference value :  5.81358e-08
 Reference value :  5.81484e-08
 Reference value :  5.81492e-08
 Reference value :  5.81502e-08
 Reference value :  5.81580e-08
 Reference value :  5.82049e-08
 Reference value :  5.82649e-08
 Reference value :  5.83249e-08
 Reference value :  5.83849e-08
 Reference value :  5.84449e-08
 Reference value :  5.85017e-08
 Reference value :  5.85188e-08
 Reference value :  5.85196e-08
 Reference value :  5.85217e-08
 Reference value :  5.85374e-08
 Reference value :  5.85953e-08
 Reference value :  5.86553e-08
 Reference value :  5.87153e-08
 Reference value :  5.87753e-08
 Reference value :  5.88353e-08
 Reference value :  5.88953e-08
 Reference value :  5.89553e-08
 Reference value :  5.90153e-08
 Reference value :  5.90753e-08
 Reference value :  5.91353e-08
 Reference value :  5.91793e-08
 Reference value :  5.91793e-08
 Reference value :  5.91798e-08
 Reference value :  5.91830e-08
 Reference value :  5.91867e-08
 Reference value :  5.91915e-08
 Reference value :  5.91988e-08
 Reference value :  5.92025e-08
 Reference value :  5.92101e-08
 Reference value :  5.92188e-08
 Reference value :  5.92283e-08
 Reference value :  5.92398e-08
 Reference value :  5.92450e-08
 Reference value :  5.92539e-08
 Reference value :  5.92593e-08
 Reference value :  5.92593e-08
 Reference value :  5.92601e-08
 Reference value :  5.92627e-08
 Reference value :  5.92663e-08
 Reference value :  5.92709e-08
 Reference value :  5.92772e-08
 Reference value :  5.92948e-08
 Reference value :  5.93107e-08
 Reference value :  5.93300e-08
 Reference value :  5.93539e-08
 Reference value :  5.94019e-08
 Reference value :  5.94419e-08
 Reference value :  5.94819e-08
 Reference value :  5.95219e-08
 Reference value :  5.95819e-08
 Reference value :  5.96419e-08
 Reference value :  5.97019e-08
 Reference value :  5.97819e-08
 Reference value :  5.98419e-08
 Reference value :  5.99219e-08
 Reference value :  5.99819e-08
 Reference value :  6.00419e-08
 Reference value :  6.01019e-08
 Reference value :  6.01619e-08
 Reference value :  6.02219e-08
 Reference value :  6.02819e-08
 Reference value :  6.03619e-08
 Reference value :  6.04219e-08
 Reference value :  6.04819e-08
 Reference value :  6.05419e-08
 Reference value :  6.06219e-08
 Reference value :  6.06819e-08
 Reference value :  6.07419e-08
 Reference value :  6.08019e-08
 Reference value :  6.08619e-08
 Reference value :  6.09219e-08
 Reference value :  6.09819e-08
No. of Data Rows : 3541
m_ui_ref            =  3.70370e-09 targ=  3.70770e-08 trig=  3.33733e-08
m_spa_in            =  1.48148e-08 targ=  4.81881e-08 trig=  3.33733e-08
m_spb_in            =  1.11111e-08 targ=  4.44844e-08 trig=  3.33733e-08
m_spa_c0            =  1.48148e-08 targ=  4.81958e-08 trig=  3.33810e-08
m_spb_c0            =  1.11111e-08 targ=  4.44921e-08 trig=  3.33810e-08
m_trise_c0          =  4.85220e-11 targ=  3.71075e-08 trig=  3.70590e-08
m_tfall_c0          =  4.85010e-11 targ=  4.08112e-08 trig=  4.07627e-08
m_spa_c1            =  1.48148e-08 targ=  4.82297e-08 trig=  3.34149e-08
m_spb_c1            =  1.11111e-08 targ=  4.45260e-08 trig=  3.34149e-08
m_trise_c1          =  1.20787e-10 targ=  3.71986e-08 trig=  3.70778e-08
m_tfall_c1          =  1.20838e-10 targ=  4.09023e-08 trig=  4.07815e-08
m_spa_c2            =  1.48148e-08 targ=  4.82600e-08 trig=  3.34451e-08
m_spb_c2            =  1.11111e-08 targ=  4.45562e-08 trig=  3.34451e-08
m_trise_c2          =  2.27428e-10 targ=  3.73146e-08 trig=  3.70872e-08
m_tfall_c2          =  2.27566e-10 targ=  4.10184e-08 trig=  4.07909e-08
m_spa_cmis          =  1.48148e-08 targ=  4.82402e-08 trig=  3.34254e-08
m_spb_cmis          =  1.11125e-08 targ=  4.45379e-08 trig=  3.34254e-08
m_dj_ui_c0 = 0.0000000000e+00
m_swing_c0 = 4.9884245600e-01
m_vpp_c0 = 6.0487725092e-01
m_vcm_c0 = 3.0505639469e+00
m_dj_ui_c1 = 2.6999997835e-06
m_swing_c1 = 4.9885251186e-01
m_vpp_c1 = 5.0638540186e-01
m_vcm_c1 = 3.0505589183e+00
m_dj_ui_c2 = 0.0000000000e+00
m_swing_c2 = 4.9882097421e-01
m_vpp_c2 = 5.0258059226e-01
m_vcm_c2 = 3.0505746875e+00
m_dj_ui_cmis = 3.6719997062e-04
m_swing_cmis = 4.9881908861e-01
m_swing_avcclo = 4.9851621633e-01
m_vcm_avcclo = 2.7207246932e+00
m_swing_avcchi = 4.9916146148e-01
m_vcm_avcchi = 3.3804060873e+00
m_vgs_sw_max = 1.6968313477e+00
m_vgd_sw_max = 1.8149868385e+00
m_vds_sw_max = 2.5525758424e+00
m_vgs_tail_max = 1.2643949720e+00
m_vds_tail_max = 1.1970201204e+00
m_swing_dc = 4.9829636053e-01
m_vcm_dc = 3.0508370192e+00
m_ioff_dc = 2.9601014212e-07
m_itail_dc = 9.9665192309e-03
m_icell_dc = 1.0466519231e-02
m_ro_leg = 5.2304416521e+04
Note: Simulation executed from .control section 

