
Note: No compatibility mode selected!


Circuit: * cml-driver-eye @ ss_27c_3.63v_270mbps -- generated by sim/harness, do not edit

Doing analysis at TEMP = 27.000000 and TNOM = 27.000000

Using SPARSE 1.3 as Direct Linear Solver

Initial Transient Solution
--------------------------

Node                                   Voltage
----                                   -------
avcc                                       3.3
avcclo                                    2.97
avcchi                                    3.63
inp                                     3.0855
inn                                     1.9965
inpz                                    3.0855
innz                                    1.9965
inref                                    1.089
win                                          0
winc                                         0
xc0.tail                               1.42021
ib_c0                                  1.26264
outp_c0                                2.79692
outn_c0                                    3.3
vd_c0                                 0.503077
xc1.tail                               1.42021
ib_c1                                  1.26264
outp_c1                                2.79692
outn_c1                                    3.3
vd_c1                                 0.503077
xc2.tail                               1.42021
ib_c2                                  1.26264
outp_c2                                2.79692
outn_c2                                    3.3
vd_c2                                 0.503077
xcmis.tail                             1.42021
ib_cmis                                1.26264
outp_cmis                              2.79692
outn_cmis                                  3.3
vd_cmis                               0.503077
xvlo.tail                              1.40329
ib_vlo                                 1.26264
outp_vlo                               2.46724
outn_vlo                                  2.97
xvhi.tail                              1.43536
ib_vhi                                 1.26264
outp_vhi                               3.12664
outn_vhi                                  3.63
xz.tail                                1.42021
ib_z                                   1.26264
vss_z                                        0
outp_z                                 2.79692
outn_z                                     3.3
xza.tail                               1.41043
ib_za                                  1.26264
outp_za                                    2.6
outn_za                                    3.3
xzb.tail                               1.42967
ib_zb                                  1.26264
outp_zb                                      3
outn_zb                                    3.3
ediff_cmis#branch                            0
ediff_c2#branch                              0
ediff_c1#branch                              0
ediff_c0#branch                              0
einref#branch                                0
vforce_zb#branch                    -0.0100651
vforce_za#branch                    -0.0100579
vsens_z#branch                       0.0105616
vwinc#branch                                 0
vwin#branch                                  0
vinnz#branch                                 0
vinpz#branch                                 0
vinn#branch                                  0
vinp#branch                                  0
vavcchi#branch                      -0.0100672
vavcclo#branch                      -0.0100552
vavcc#branch                         -0.050308

 Reference value :  0.00000e+00
 Reference value :  4.00000e-13
 Reference value :  3.20000e-12
 Reference value :  4.56000e-11
 Reference value :  1.05600e-10
 Reference value :  1.65600e-10
 Reference value :  2.25600e-10
 Reference value :  2.85600e-10
 Reference value :  3.45600e-10
 Reference value :  4.05600e-10
 Reference value :  4.85600e-10
 Reference value :  5.65600e-10
 Reference value :  6.25600e-10
 Reference value :  6.85600e-10
 Reference value :  7.45600e-10
 Reference value :  8.25600e-10
 Reference value :  8.85600e-10
 Reference value :  9.45600e-10
 Reference value :  1.00560e-09
 Reference value :  1.06560e-09
 Reference value :  1.12560e-09
 Reference value :  1.18560e-09
 Reference value :  1.24560e-09
 Reference value :  1.30560e-09
 Reference value :  1.36560e-09
 Reference value :  1.42560e-09
 Reference value :  1.48560e-09
 Reference value :  1.54560e-09
 Reference value :  1.60560e-09
 Reference value :  1.66560e-09
 Reference value :  1.72560e-09
 Reference value :  1.78560e-09
 Reference value :  1.84560e-09
 Reference value :  1.90560e-09
 Reference value :  1.96560e-09
 Reference value :  2.02560e-09
 Reference value :  2.08560e-09
 Reference value :  2.14560e-09
 Reference value :  2.20560e-09
 Reference value :  2.26560e-09
 Reference value :  2.32560e-09
 Reference value :  2.38560e-09
 Reference value :  2.44560e-09
 Reference value :  2.50560e-09
 Reference value :  2.56560e-09
 Reference value :  2.62560e-09
 Reference value :  2.68560e-09
 Reference value :  2.74560e-09
 Reference value :  2.82560e-09
 Reference value :  2.90560e-09
 Reference value :  2.98560e-09
 Reference value :  3.06560e-09
 Reference value :  3.14560e-09
 Reference value :  3.22560e-09
 Reference value :  3.28560e-09
 Reference value :  3.34560e-09
 Reference value :  3.42560e-09
 Reference value :  3.48560e-09
 Reference value :  3.54560e-09
 Reference value :  3.60560e-09
 Reference value :  3.66560e-09
 Reference value :  3.72560e-09
 Reference value :  3.80560e-09
 Reference value :  3.86560e-09
 Reference value :  3.92560e-09
 Reference value :  4.00560e-09
 Reference value :  4.06560e-09
 Reference value :  4.14560e-09
 Reference value :  4.22560e-09
 Reference value :  4.28560e-09
 Reference value :  4.36560e-09
 Reference value :  4.42560e-09
 Reference value :  4.48560e-09
 Reference value :  4.54560e-09
 Reference value :  4.60560e-09
 Reference value :  4.66560e-09
 Reference value :  4.72560e-09
 Reference value :  4.78560e-09
 Reference value :  4.84560e-09
 Reference value :  4.92560e-09
 Reference value :  4.98560e-09
 Reference value :  5.04560e-09
 Reference value :  5.10560e-09
 Reference value :  5.16560e-09
 Reference value :  5.22560e-09
 Reference value :  5.28560e-09
 Reference value :  5.34560e-09
 Reference value :  5.40560e-09
 Reference value :  5.46560e-09
 Reference value :  5.52560e-09
 Reference value :  5.58560e-09
 Reference value :  5.64560e-09
 Reference value :  5.70560e-09
 Reference value :  5.78560e-09
 Reference value :  5.84560e-09
 Reference value :  5.90560e-09
 Reference value :  5.96560e-09
 Reference value :  6.02560e-09
 Reference value :  6.08560e-09
 Reference value :  6.14560e-09
 Reference value :  6.20560e-09
 Reference value :  6.26560e-09
 Reference value :  6.32560e-09
 Reference value :  6.38560e-09
 Reference value :  6.44560e-09
 Reference value :  6.50560e-09
 Reference value :  6.56560e-09
 Reference value :  6.62560e-09
 Reference value :  6.68560e-09
 Reference value :  6.72560e-09
 Reference value :  6.78560e-09
 Reference value :  6.84560e-09
 Reference value :  6.90560e-09
 Reference value :  6.96560e-09
 Reference value :  7.02560e-09
 Reference value :  7.10560e-09
 Reference value :  7.16560e-09
 Reference value :  7.22560e-09
 Reference value :  7.28560e-09
 Reference value :  7.34560e-09
 Reference value :  7.40560e-09
 Reference value :  7.46560e-09
 Reference value :  7.54560e-09
 Reference value :  7.60560e-09
 Reference value :  7.68560e-09
 Reference value :  7.74560e-09
 Reference value :  7.80560e-09
 Reference value :  7.86560e-09
 Reference value :  7.92560e-09
 Reference value :  7.98560e-09
 Reference value :  8.04560e-09
 Reference value :  8.10560e-09
 Reference value :  8.18560e-09
 Reference value :  8.24560e-09
 Reference value :  8.30560e-09
 Reference value :  8.36560e-09
 Reference value :  8.42560e-09
 Reference value :  8.48560e-09
 Reference value :  8.56560e-09
 Reference value :  8.66560e-09
 Reference value :  8.72560e-09
 Reference value :  8.78560e-09
 Reference value :  8.84560e-09
 Reference value :  8.90560e-09
 Reference value :  8.96560e-09
 Reference value :  9.02560e-09
 Reference value :  9.10560e-09
 Reference value :  9.16560e-09
 Reference value :  9.22560e-09
 Reference value :  9.28560e-09
 Reference value :  9.34560e-09
 Reference value :  9.40560e-09
 Reference value :  9.46560e-09
 Reference value :  9.52560e-09
 Reference value :  9.60560e-09
 Reference value :  9.66560e-09
 Reference value :  9.74560e-09
 Reference value :  9.80560e-09
 Reference value :  9.86560e-09
 Reference value :  9.94560e-09
 Reference value :  1.00256e-08
 Reference value :  1.01056e-08
 Reference value :  1.01656e-08
 Reference value :  1.02256e-08
 Reference value :  1.03056e-08
 Reference value :  1.03856e-08
 Reference value :  1.04656e-08
 Reference value :  1.05456e-08
 Reference value :  1.06056e-08
 Reference value :  1.06656e-08
 Reference value :  1.07256e-08
 Reference value :  1.07856e-08
 Reference value :  1.08456e-08
 Reference value :  1.09056e-08
 Reference value :  1.09656e-08
 Reference value :  1.10256e-08
 Reference value :  1.11056e-08
 Reference value :  1.11656e-08
 Reference value :  1.12256e-08
 Reference value :  1.13056e-08
 Reference value :  1.13656e-08
 Reference value :  1.14256e-08
 Reference value :  1.14856e-08
 Reference value :  1.15456e-08
 Reference value :  1.16056e-08
 Reference value :  1.16656e-08
 Reference value :  1.17256e-08
 Reference value :  1.17856e-08
 Reference value :  1.18456e-08
 Reference value :  1.19256e-08
 Reference value :  1.19856e-08
 Reference value :  1.20456e-08
 Reference value :  1.21056e-08
 Reference value :  1.21856e-08
 Reference value :  1.22456e-08
 Reference value :  1.23256e-08
 Reference value :  1.24056e-08
 Reference value :  1.24656e-08
 Reference value :  1.25256e-08
 Reference value :  1.26056e-08
 Reference value :  1.26656e-08
 Reference value :  1.27456e-08
 Reference value :  1.28056e-08
 Reference value :  1.28656e-08
 Reference value :  1.29256e-08
 Reference value :  1.29856e-08
 Reference value :  1.30456e-08
 Reference value :  1.31056e-08
 Reference value :  1.31656e-08
 Reference value :  1.32256e-08
 Reference value :  1.32856e-08
 Reference value :  1.33456e-08
 Reference value :  1.34256e-08
 Reference value :  1.34856e-08
 Reference value :  1.35456e-08
 Reference value :  1.36056e-08
 Reference value :  1.36656e-08
 Reference value :  1.37256e-08
 Reference value :  1.38056e-08
 Reference value :  1.38656e-08
 Reference value :  1.39456e-08
 Reference value :  1.40056e-08
 Reference value :  1.40856e-08
 Reference value :  1.41456e-08
 Reference value :  1.42056e-08
 Reference value :  1.42656e-08
 Reference value :  1.43256e-08
 Reference value :  1.43856e-08
 Reference value :  1.44456e-08
 Reference value :  1.45056e-08
 Reference value :  1.45656e-08
 Reference value :  1.46256e-08
 Reference value :  1.46856e-08
 Reference value :  1.47456e-08
 Reference value :  1.48056e-08
 Reference value :  1.48656e-08
 Reference value :  1.49256e-08
 Reference value :  1.49856e-08
 Reference value :  1.50656e-08
 Reference value :  1.51256e-08
 Reference value :  1.52056e-08
 Reference value :  1.52656e-08
 Reference value :  1.53256e-08
 Reference value :  1.53856e-08
 Reference value :  1.54456e-08
 Reference value :  1.55056e-08
 Reference value :  1.55656e-08
 Reference value :  1.56256e-08
 Reference value :  1.56856e-08
 Reference value :  1.57456e-08
 Reference value :  1.58056e-08
 Reference value :  1.58656e-08
 Reference value :  1.59256e-08
 Reference value :  1.59856e-08
 Reference value :  1.60456e-08
 Reference value :  1.61056e-08
 Reference value :  1.61656e-08
 Reference value :  1.62256e-08
 Reference value :  1.62856e-08
 Reference value :  1.63456e-08
 Reference value :  1.64256e-08
 Reference value :  1.64856e-08
 Reference value :  1.65456e-08
 Reference value :  1.66056e-08
 Reference value :  1.66656e-08
 Reference value :  1.67256e-08
 Reference value :  1.67856e-08
 Reference value :  1.68456e-08
 Reference value :  1.69056e-08
 Reference value :  1.69656e-08
 Reference value :  1.70256e-08
 Reference value :  1.70856e-08
 Reference value :  1.71456e-08
 Reference value :  1.72256e-08
 Reference value :  1.72856e-08
 Reference value :  1.73456e-08
 Reference value :  1.74056e-08
 Reference value :  1.74656e-08
 Reference value :  1.75456e-08
 Reference value :  1.76056e-08
 Reference value :  1.76656e-08
 Reference value :  1.77256e-08
 Reference value :  1.77856e-08
 Reference value :  1.78456e-08
 Reference value :  1.79056e-08
 Reference value :  1.79656e-08
 Reference value :  1.80256e-08
 Reference value :  1.80856e-08
 Reference value :  1.81456e-08
 Reference value :  1.82056e-08
 Reference value :  1.82656e-08
 Reference value :  1.83256e-08
 Reference value :  1.83856e-08
 Reference value :  1.84456e-08
 Reference value :  1.85056e-08
 Reference value :  1.85656e-08
 Reference value :  1.86256e-08
 Reference value :  1.86856e-08
 Reference value :  1.87656e-08
 Reference value :  1.88256e-08
 Reference value :  1.88856e-08
 Reference value :  1.89456e-08
 Reference value :  1.90056e-08
 Reference value :  1.90656e-08
 Reference value :  1.91256e-08
 Reference value :  1.91856e-08
 Reference value :  1.92656e-08
 Reference value :  1.93256e-08
 Reference value :  1.94056e-08
 Reference value :  1.94856e-08
 Reference value :  1.95656e-08
 Reference value :  1.96456e-08
 Reference value :  1.97056e-08
 Reference value :  1.97656e-08
 Reference value :  1.98256e-08
 Reference value :  1.98856e-08
 Reference value :  1.99456e-08
 Reference value :  2.00056e-08
 Reference value :  2.00656e-08
 Reference value :  2.01256e-08
 Reference value :  2.02056e-08
 Reference value :  2.02856e-08
 Reference value :  2.03656e-08
 Reference value :  2.04256e-08
 Reference value :  2.04856e-08
 Reference value :  2.05456e-08
 Reference value :  2.06056e-08
 Reference value :  2.06656e-08
 Reference value :  2.07256e-08
 Reference value :  2.07856e-08
 Reference value :  2.08456e-08
 Reference value :  2.09056e-08
 Reference value :  2.09656e-08
 Reference value :  2.10256e-08
 Reference value :  2.10856e-08
 Reference value :  2.11456e-08
 Reference value :  2.12056e-08
 Reference value :  2.12656e-08
 Reference value :  2.13256e-08
 Reference value :  2.13856e-08
 Reference value :  2.14456e-08
 Reference value :  2.15056e-08
 Reference value :  2.15656e-08
 Reference value :  2.16256e-08
 Reference value :  2.16856e-08
 Reference value :  2.17456e-08
 Reference value :  2.18256e-08
 Reference value :  2.18856e-08
 Reference value :  2.19456e-08
 Reference value :  2.20056e-08
 Reference value :  2.20656e-08
 Reference value :  2.21256e-08
 Reference value :  2.22056e-08
 Reference value :  2.22656e-08
 Reference value :  2.23256e-08
 Reference value :  2.23856e-08
 Reference value :  2.24456e-08
 Reference value :  2.25256e-08
 Reference value :  2.25856e-08
 Reference value :  2.26456e-08
 Reference value :  2.27056e-08
 Reference value :  2.27656e-08
 Reference value :  2.28256e-08
 Reference value :  2.28856e-08
 Reference value :  2.29456e-08
 Reference value :  2.30056e-08
 Reference value :  2.30656e-08
 Reference value :  2.31256e-08
 Reference value :  2.31856e-08
 Reference value :  2.32656e-08
 Reference value :  2.33456e-08
 Reference value :  2.34056e-08
 Reference value :  2.34656e-08
 Reference value :  2.35256e-08
 Reference value :  2.35856e-08
 Reference value :  2.36456e-08
 Reference value :  2.37056e-08
 Reference value :  2.37656e-08
 Reference value :  2.38256e-08
 Reference value :  2.38856e-08
 Reference value :  2.39456e-08
 Reference value :  2.40056e-08
 Reference value :  2.40656e-08
 Reference value :  2.41256e-08
 Reference value :  2.41856e-08
 Reference value :  2.42456e-08
 Reference value :  2.43056e-08
 Reference value :  2.43656e-08
 Reference value :  2.44256e-08
 Reference value :  2.45056e-08
 Reference value :  2.45656e-08
 Reference value :  2.46256e-08
 Reference value :  2.46856e-08
 Reference value :  2.47456e-08
 Reference value :  2.48056e-08
 Reference value :  2.48656e-08
 Reference value :  2.49456e-08
 Reference value :  2.50056e-08
 Reference value :  2.50656e-08
 Reference value :  2.51256e-08
 Reference value :  2.51856e-08
 Reference value :  2.52456e-08
 Reference value :  2.53056e-08
 Reference value :  2.53656e-08
 Reference value :  2.54256e-08
 Reference value :  2.54856e-08
 Reference value :  2.55456e-08
 Reference value :  2.56056e-08
 Reference value :  2.56656e-08
 Reference value :  2.57256e-08
 Reference value :  2.57856e-08
 Reference value :  2.58456e-08
 Reference value :  2.59056e-08
 Reference value :  2.59656e-08
 Reference value :  2.60256e-08
 Reference value :  2.60856e-08
 Reference value :  2.61456e-08
 Reference value :  2.62056e-08
 Reference value :  2.62656e-08
 Reference value :  2.63256e-08
 Reference value :  2.63856e-08
 Reference value :  2.64456e-08
 Reference value :  2.65256e-08
 Reference value :  2.65856e-08
 Reference value :  2.66456e-08
 Reference value :  2.67256e-08
 Reference value :  2.67856e-08
 Reference value :  2.68456e-08
 Reference value :  2.69056e-08
 Reference value :  2.69656e-08
 Reference value :  2.70256e-08
 Reference value :  2.71056e-08
 Reference value :  2.71656e-08
 Reference value :  2.72256e-08
 Reference value :  2.72856e-08
 Reference value :  2.73456e-08
 Reference value :  2.74056e-08
 Reference value :  2.74656e-08
 Reference value :  2.75256e-08
 Reference value :  2.75856e-08
 Reference value :  2.76456e-08
 Reference value :  2.77056e-08
 Reference value :  2.77656e-08
 Reference value :  2.78256e-08
 Reference value :  2.79056e-08
 Reference value :  2.79856e-08
 Reference value :  2.80456e-08
 Reference value :  2.81056e-08
 Reference value :  2.81656e-08
 Reference value :  2.82256e-08
 Reference value :  2.82856e-08
 Reference value :  2.83456e-08
 Reference value :  2.84056e-08
 Reference value :  2.84656e-08
 Reference value :  2.85256e-08
 Reference value :  2.86056e-08
 Reference value :  2.86856e-08
 Reference value :  2.87456e-08
 Reference value :  2.88056e-08
 Reference value :  2.88656e-08
 Reference value :  2.89256e-08
 Reference value :  2.89856e-08
 Reference value :  2.90456e-08
 Reference value :  2.91056e-08
 Reference value :  2.91656e-08
 Reference value :  2.92256e-08
 Reference value :  2.92856e-08
 Reference value :  2.93456e-08
 Reference value :  2.94056e-08
 Reference value :  2.94656e-08
 Reference value :  2.95256e-08
 Reference value :  2.95856e-08
 Reference value :  2.96456e-08
 Reference value :  2.97056e-08
 Reference value :  2.97656e-08
 Reference value :  2.98256e-08
 Reference value :  2.98856e-08
 Reference value :  2.99456e-08
 Reference value :  3.00256e-08
 Reference value :  3.00856e-08
 Reference value :  3.01456e-08
 Reference value :  3.02056e-08
 Reference value :  3.02656e-08
 Reference value :  3.03256e-08
 Reference value :  3.03856e-08
 Reference value :  3.04456e-08
 Reference value :  3.05056e-08
 Reference value :  3.05656e-08
 Reference value :  3.06256e-08
 Reference value :  3.06856e-08
 Reference value :  3.07656e-08
 Reference value :  3.08256e-08
 Reference value :  3.08856e-08
 Reference value :  3.09456e-08
 Reference value :  3.10056e-08
 Reference value :  3.10656e-08
 Reference value :  3.11256e-08
 Reference value :  3.11856e-08
 Reference value :  3.12456e-08
 Reference value :  3.13056e-08
 Reference value :  3.13656e-08
 Reference value :  3.14256e-08
 Reference value :  3.14856e-08
 Reference value :  3.15456e-08
 Reference value :  3.16056e-08
 Reference value :  3.16656e-08
 Reference value :  3.17256e-08
 Reference value :  3.17856e-08
 Reference value :  3.18456e-08
 Reference value :  3.19056e-08
 Reference value :  3.19656e-08
 Reference value :  3.20256e-08
 Reference value :  3.20856e-08
 Reference value :  3.21456e-08
 Reference value :  3.22056e-08
 Reference value :  3.22656e-08
 Reference value :  3.23256e-08
 Reference value :  3.23856e-08
 Reference value :  3.24456e-08
 Reference value :  3.25056e-08
 Reference value :  3.25656e-08
 Reference value :  3.26256e-08
 Reference value :  3.26856e-08
 Reference value :  3.27456e-08
 Reference value :  3.28056e-08
 Reference value :  3.28656e-08
 Reference value :  3.29256e-08
 Reference value :  3.29856e-08
 Reference value :  3.30456e-08
 Reference value :  3.31056e-08
 Reference value :  3.31656e-08
 Reference value :  3.32256e-08
 Reference value :  3.33056e-08
 Reference value :  3.33334e-08
 Reference value :  3.33339e-08
 Reference value :  3.33355e-08
 Reference value :  3.33389e-08
 Reference value :  3.33430e-08
 Reference value :  3.33486e-08
 Reference value :  3.33569e-08
 Reference value :  3.33643e-08
 Reference value :  3.33719e-08
 Reference value :  3.33802e-08
 Reference value :  3.33906e-08
 Reference value :  3.33999e-08
 Reference value :  3.34036e-08
 Reference value :  3.34107e-08
 Reference value :  3.34134e-08
 Reference value :  3.34137e-08
 Reference value :  3.34149e-08
 Reference value :  3.34180e-08
 Reference value :  3.34218e-08
 Reference value :  3.34267e-08
 Reference value :  3.34338e-08
 Reference value :  3.34462e-08
 Reference value :  3.34611e-08
 Reference value :  3.34790e-08
 Reference value :  3.35013e-08
 Reference value :  3.35293e-08
 Reference value :  3.35652e-08
 Reference value :  3.36052e-08
 Reference value :  3.36652e-08
 Reference value :  3.37252e-08
 Reference value :  3.37852e-08
 Reference value :  3.38452e-08
 Reference value :  3.39052e-08
 Reference value :  3.39652e-08
 Reference value :  3.40252e-08
 Reference value :  3.40852e-08
 Reference value :  3.41452e-08
 Reference value :  3.42052e-08
 Reference value :  3.42652e-08
 Reference value :  3.43252e-08
 Reference value :  3.43852e-08
 Reference value :  3.44452e-08
 Reference value :  3.45052e-08
 Reference value :  3.45652e-08
 Reference value :  3.46252e-08
 Reference value :  3.47052e-08
 Reference value :  3.47652e-08
 Reference value :  3.48252e-08
 Reference value :  3.48852e-08
 Reference value :  3.49452e-08
 Reference value :  3.50052e-08
 Reference value :  3.50652e-08
 Reference value :  3.51252e-08
 Reference value :  3.51852e-08
 Reference value :  3.52452e-08
 Reference value :  3.53052e-08
 Reference value :  3.53652e-08
 Reference value :  3.54252e-08
 Reference value :  3.54852e-08
 Reference value :  3.55452e-08
 Reference value :  3.56052e-08
 Reference value :  3.56652e-08
 Reference value :  3.57252e-08
 Reference value :  3.57852e-08
 Reference value :  3.58452e-08
 Reference value :  3.59052e-08
 Reference value :  3.59652e-08
 Reference value :  3.60452e-08
 Reference value :  3.61052e-08
 Reference value :  3.61652e-08
 Reference value :  3.62252e-08
 Reference value :  3.62852e-08
 Reference value :  3.63452e-08
 Reference value :  3.64052e-08
 Reference value :  3.64652e-08
 Reference value :  3.65252e-08
 Reference value :  3.66052e-08
 Reference value :  3.66652e-08
 Reference value :  3.67252e-08
 Reference value :  3.67852e-08
 Reference value :  3.68452e-08
 Reference value :  3.69052e-08
 Reference value :  3.69652e-08
 Reference value :  3.70211e-08
 Reference value :  3.70371e-08
 Reference value :  3.70376e-08
 Reference value :  3.70412e-08
 Reference value :  3.70449e-08
 Reference value :  3.70498e-08
 Reference value :  3.70570e-08
 Reference value :  3.70645e-08
 Reference value :  3.70717e-08
 Reference value :  3.70797e-08
 Reference value :  3.70889e-08
 Reference value :  3.70998e-08
 Reference value :  3.71040e-08
 Reference value :  3.71078e-08
 Reference value :  3.71146e-08
 Reference value :  3.71171e-08
 Reference value :  3.71174e-08
 Reference value :  3.71202e-08
 Reference value :  3.71237e-08
 Reference value :  3.71279e-08
 Reference value :  3.71337e-08
 Reference value :  3.71430e-08
 Reference value :  3.71569e-08
 Reference value :  3.71731e-08
 Reference value :  3.71931e-08
 Reference value :  3.72180e-08
 Reference value :  3.72689e-08
 Reference value :  3.73089e-08
 Reference value :  3.73489e-08
 Reference value :  3.74089e-08
 Reference value :  3.74689e-08
 Reference value :  3.75289e-08
 Reference value :  3.75889e-08
 Reference value :  3.76489e-08
 Reference value :  3.77089e-08
 Reference value :  3.77633e-08
 Reference value :  3.77781e-08
 Reference value :  3.77788e-08
 Reference value :  3.77798e-08
 Reference value :  3.77877e-08
 Reference value :  3.78345e-08
 Reference value :  3.78945e-08
 Reference value :  3.79745e-08
 Reference value :  3.80345e-08
 Reference value :  3.80945e-08
 Reference value :  3.81481e-08
 Reference value :  3.81491e-08
 Reference value :  3.81496e-08
 Reference value :  3.81536e-08
 Reference value :  3.81849e-08
 Reference value :  3.82449e-08
 Reference value :  3.83049e-08
 Reference value :  3.83649e-08
 Reference value :  3.84249e-08
 Reference value :  3.84849e-08
 Reference value :  3.85649e-08
 Reference value :  3.86249e-08
 Reference value :  3.87049e-08
 Reference value :  3.87649e-08
 Reference value :  3.88449e-08
 Reference value :  3.89049e-08
 Reference value :  3.89649e-08
 Reference value :  3.90249e-08
 Reference value :  3.91049e-08
 Reference value :  3.91849e-08
 Reference value :  3.92649e-08
 Reference value :  3.93249e-08
 Reference value :  3.93849e-08
 Reference value :  3.94449e-08
 Reference value :  3.95049e-08
 Reference value :  3.95849e-08
 Reference value :  3.96296e-08
 Reference value :  3.96303e-08
 Reference value :  3.96308e-08
 Reference value :  3.96328e-08
 Reference value :  3.96485e-08
 Reference value :  3.97064e-08
 Reference value :  3.97664e-08
 Reference value :  3.98264e-08
 Reference value :  3.98864e-08
 Reference value :  3.99464e-08
 Reference value :  4.00064e-08
 Reference value :  4.00664e-08
 Reference value :  4.01264e-08
 Reference value :  4.01864e-08
 Reference value :  4.02464e-08
 Reference value :  4.03064e-08
 Reference value :  4.03664e-08
 Reference value :  4.04264e-08
 Reference value :  4.04864e-08
 Reference value :  4.05464e-08
 Reference value :  4.06064e-08
 Reference value :  4.06664e-08
 Reference value :  4.07236e-08
 Reference value :  4.07408e-08
 Reference value :  4.07414e-08
 Reference value :  4.07434e-08
 Reference value :  4.07468e-08
 Reference value :  4.07510e-08
 Reference value :  4.07569e-08
 Reference value :  4.07651e-08
 Reference value :  4.07685e-08
 Reference value :  4.07757e-08
 Reference value :  4.07837e-08
 Reference value :  4.07990e-08
 Reference value :  4.08081e-08
 Reference value :  4.08162e-08
 Reference value :  4.08207e-08
 Reference value :  4.08208e-08
 Reference value :  4.08211e-08
 Reference value :  4.08223e-08
 Reference value :  4.08254e-08
 Reference value :  4.08292e-08
 Reference value :  4.08341e-08
 Reference value :  4.08412e-08
 Reference value :  4.08536e-08
 Reference value :  4.08685e-08
 Reference value :  4.08864e-08
 Reference value :  4.09087e-08
 Reference value :  4.09368e-08
 Reference value :  4.09726e-08
 Reference value :  4.10126e-08
 Reference value :  4.10726e-08
 Reference value :  4.11326e-08
 Reference value :  4.11926e-08
 Reference value :  4.12526e-08
 Reference value :  4.13126e-08
 Reference value :  4.13926e-08
 Reference value :  4.14526e-08
 Reference value :  4.15126e-08
 Reference value :  4.15726e-08
 Reference value :  4.16326e-08
 Reference value :  4.16926e-08
 Reference value :  4.17526e-08
 Reference value :  4.18126e-08
 Reference value :  4.18520e-08
 Reference value :  4.18529e-08
 Reference value :  4.18533e-08
 Reference value :  4.18573e-08
 Reference value :  4.18886e-08
 Reference value :  4.19686e-08
 Reference value :  4.20286e-08
 Reference value :  4.20886e-08
 Reference value :  4.21486e-08
 Reference value :  4.22086e-08
 Reference value :  4.22686e-08
 Reference value :  4.23286e-08
 Reference value :  4.24086e-08
 Reference value :  4.24686e-08
 Reference value :  4.25286e-08
 Reference value :  4.25886e-08
 Reference value :  4.26486e-08
 Reference value :  4.27086e-08
 Reference value :  4.27686e-08
 Reference value :  4.28286e-08
 Reference value :  4.28886e-08
 Reference value :  4.29486e-08
 Reference value :  4.30086e-08
 Reference value :  4.30686e-08
 Reference value :  4.31286e-08
 Reference value :  4.31886e-08
 Reference value :  4.32486e-08
 Reference value :  4.33086e-08
 Reference value :  4.33334e-08
 Reference value :  4.33343e-08
 Reference value :  4.33348e-08
 Reference value :  4.33387e-08
 Reference value :  4.33701e-08
 Reference value :  4.34301e-08
 Reference value :  4.34901e-08
 Reference value :  4.35501e-08
 Reference value :  4.36101e-08
 Reference value :  4.36701e-08
 Reference value :  4.37301e-08
 Reference value :  4.37901e-08
 Reference value :  4.38501e-08
 Reference value :  4.39101e-08
 Reference value :  4.39701e-08
 Reference value :  4.40501e-08
 Reference value :  4.41101e-08
 Reference value :  4.41701e-08
 Reference value :  4.42501e-08
 Reference value :  4.43101e-08
 Reference value :  4.43701e-08
 Reference value :  4.44273e-08
 Reference value :  4.44445e-08
 Reference value :  4.44471e-08
 Reference value :  4.44547e-08
 Reference value :  4.44647e-08
 Reference value :  4.44722e-08
 Reference value :  4.44836e-08
 Reference value :  4.45027e-08
 Reference value :  4.45119e-08
 Reference value :  4.45222e-08
 Reference value :  4.45245e-08
 Reference value :  4.45276e-08
 Reference value :  4.45353e-08
 Reference value :  4.45449e-08
 Reference value :  4.45573e-08
 Reference value :  4.45722e-08
 Reference value :  4.45901e-08
 Reference value :  4.46254e-08
 Reference value :  4.46571e-08
 Reference value :  4.46963e-08
 Reference value :  4.47363e-08
 Reference value :  4.47963e-08
 Reference value :  4.48563e-08
 Reference value :  4.49163e-08
 Reference value :  4.49763e-08
 Reference value :  4.50363e-08
 Reference value :  4.50963e-08
 Reference value :  4.51563e-08
 Reference value :  4.52163e-08
 Reference value :  4.52963e-08
 Reference value :  4.53563e-08
 Reference value :  4.54363e-08
 Reference value :  4.54963e-08
 Reference value :  4.55556e-08
 Reference value :  4.55562e-08
 Reference value :  4.55568e-08
 Reference value :  4.55587e-08
 Reference value :  4.55744e-08
 Reference value :  4.56523e-08
 Reference value :  4.57123e-08
 Reference value :  4.57723e-08
 Reference value :  4.58323e-08
 Reference value :  4.58923e-08
 Reference value :  4.59523e-08
 Reference value :  4.60123e-08
 Reference value :  4.60723e-08
 Reference value :  4.61323e-08
 Reference value :  4.61923e-08
 Reference value :  4.62523e-08
 Reference value :  4.63123e-08
 Reference value :  4.63723e-08
 Reference value :  4.64323e-08
 Reference value :  4.64923e-08
 Reference value :  4.65523e-08
 Reference value :  4.66123e-08
 Reference value :  4.66723e-08
 Reference value :  4.67323e-08
 Reference value :  4.67923e-08
 Reference value :  4.68523e-08
 Reference value :  4.69123e-08
 Reference value :  4.69723e-08
 Reference value :  4.70247e-08
 Reference value :  4.70373e-08
 Reference value :  4.70381e-08
 Reference value :  4.70391e-08
 Reference value :  4.70469e-08
 Reference value :  4.70938e-08
 Reference value :  4.71538e-08
 Reference value :  4.72138e-08
 Reference value :  4.72738e-08
 Reference value :  4.73338e-08
 Reference value :  4.73938e-08
 Reference value :  4.74538e-08
 Reference value :  4.75138e-08
 Reference value :  4.75938e-08
 Reference value :  4.76538e-08
 Reference value :  4.77338e-08
 Reference value :  4.77938e-08
 Reference value :  4.78538e-08
 Reference value :  4.79138e-08
 Reference value :  4.79738e-08
 Reference value :  4.80338e-08
 Reference value :  4.80938e-08
 Reference value :  4.81481e-08
 Reference value :  4.81482e-08
 Reference value :  4.81488e-08
 Reference value :  4.81525e-08
 Reference value :  4.81562e-08
 Reference value :  4.81611e-08
 Reference value :  4.81684e-08
 Reference value :  4.81759e-08
 Reference value :  4.81831e-08
 Reference value :  4.81911e-08
 Reference value :  4.82004e-08
 Reference value :  4.82114e-08
 Reference value :  4.82156e-08
 Reference value :  4.82193e-08
 Reference value :  4.82259e-08
 Reference value :  4.82282e-08
 Reference value :  4.82285e-08
 Reference value :  4.82313e-08
 Reference value :  4.82348e-08
 Reference value :  4.82390e-08
 Reference value :  4.82448e-08
 Reference value :  4.82541e-08
 Reference value :  4.82680e-08
 Reference value :  4.82843e-08
 Reference value :  4.83042e-08
 Reference value :  4.83291e-08
 Reference value :  4.83608e-08
 Reference value :  4.84000e-08
 Reference value :  4.84600e-08
 Reference value :  4.85200e-08
 Reference value :  4.85800e-08
 Reference value :  4.86400e-08
 Reference value :  4.87000e-08
 Reference value :  4.87600e-08
 Reference value :  4.88200e-08
 Reference value :  4.88800e-08
 Reference value :  4.89400e-08
 Reference value :  4.90000e-08
 Reference value :  4.90600e-08
 Reference value :  4.91200e-08
 Reference value :  4.91800e-08
 Reference value :  4.92400e-08
 Reference value :  4.92596e-08
 Reference value :  4.92603e-08
 Reference value :  4.92613e-08
 Reference value :  4.92781e-08
 Reference value :  4.93360e-08
 Reference value :  4.94160e-08
 Reference value :  4.94760e-08
 Reference value :  4.95360e-08
 Reference value :  4.95960e-08
 Reference value :  4.96560e-08
 Reference value :  4.97360e-08
 Reference value :  4.97960e-08
 Reference value :  4.98560e-08
 Reference value :  4.99160e-08
 Reference value :  4.99760e-08
 Reference value :  5.00360e-08
 Reference value :  5.00960e-08
 Reference value :  5.01560e-08
 Reference value :  5.02160e-08
 Reference value :  5.02760e-08
 Reference value :  5.03360e-08
 Reference value :  5.03960e-08
 Reference value :  5.04560e-08
 Reference value :  5.05160e-08
 Reference value :  5.05760e-08
 Reference value :  5.06560e-08
 Reference value :  5.07160e-08
 Reference value :  5.07410e-08
 Reference value :  5.07418e-08
 Reference value :  5.07428e-08
 Reference value :  5.07506e-08
 Reference value :  5.07975e-08
 Reference value :  5.08575e-08
 Reference value :  5.09175e-08
 Reference value :  5.09975e-08
 Reference value :  5.10575e-08
 Reference value :  5.11175e-08
 Reference value :  5.11775e-08
 Reference value :  5.12575e-08
 Reference value :  5.13175e-08
 Reference value :  5.13775e-08
 Reference value :  5.14375e-08
 Reference value :  5.14975e-08
 Reference value :  5.15775e-08
 Reference value :  5.16375e-08
 Reference value :  5.17175e-08
 Reference value :  5.17775e-08
 Reference value :  5.18347e-08
 Reference value :  5.18519e-08
 Reference value :  5.18525e-08
 Reference value :  5.18562e-08
 Reference value :  5.18599e-08
 Reference value :  5.18648e-08
 Reference value :  5.18721e-08
 Reference value :  5.18796e-08
 Reference value :  5.18868e-08
 Reference value :  5.18948e-08
 Reference value :  5.19041e-08
 Reference value :  5.19151e-08
 Reference value :  5.19193e-08
 Reference value :  5.19230e-08
 Reference value :  5.19319e-08
 Reference value :  5.19319e-08
 Reference value :  5.19322e-08
 Reference value :  5.19334e-08
 Reference value :  5.19366e-08
 Reference value :  5.19427e-08
 Reference value :  5.19485e-08
 Reference value :  5.19578e-08
 Reference value :  5.19717e-08
 Reference value :  5.19880e-08
 Reference value :  5.20079e-08
 Reference value :  5.20328e-08
 Reference value :  5.20645e-08
 Reference value :  5.21037e-08
 Reference value :  5.21437e-08
 Reference value :  5.22037e-08
 Reference value :  5.22637e-08
 Reference value :  5.23237e-08
 Reference value :  5.23837e-08
 Reference value :  5.24437e-08
 Reference value :  5.25037e-08
 Reference value :  5.25637e-08
 Reference value :  5.26237e-08
 Reference value :  5.26837e-08
 Reference value :  5.27437e-08
 Reference value :  5.28037e-08
 Reference value :  5.28837e-08
 Reference value :  5.29437e-08
 Reference value :  5.29636e-08
 Reference value :  5.29642e-08
 Reference value :  5.29661e-08
 Reference value :  5.29818e-08
 Reference value :  5.30397e-08
 Reference value :  5.30997e-08
 Reference value :  5.31597e-08
 Reference value :  5.32197e-08
 Reference value :  5.32797e-08
 Reference value :  5.33597e-08
 Reference value :  5.34197e-08
 Reference value :  5.34797e-08
 Reference value :  5.35397e-08
 Reference value :  5.36197e-08
 Reference value :  5.36997e-08
 Reference value :  5.37797e-08
 Reference value :  5.38597e-08
 Reference value :  5.39197e-08
 Reference value :  5.39797e-08
 Reference value :  5.40397e-08
 Reference value :  5.40997e-08
 Reference value :  5.41597e-08
 Reference value :  5.42197e-08
 Reference value :  5.42797e-08
 Reference value :  5.43397e-08
 Reference value :  5.43997e-08
 Reference value :  5.44444e-08
 Reference value :  5.44451e-08
 Reference value :  5.44457e-08
 Reference value :  5.44476e-08
 Reference value :  5.44812e-08
 Reference value :  5.45412e-08
 Reference value :  5.46012e-08
 Reference value :  5.46612e-08
 Reference value :  5.47412e-08
 Reference value :  5.48012e-08
 Reference value :  5.48812e-08
 Reference value :  5.49612e-08
 Reference value :  5.50212e-08
 Reference value :  5.50812e-08
 Reference value :  5.51612e-08
 Reference value :  5.52412e-08
 Reference value :  5.53012e-08
 Reference value :  5.53612e-08
 Reference value :  5.54212e-08
 Reference value :  5.54812e-08
 Reference value :  5.55384e-08
 Reference value :  5.55556e-08
 Reference value :  5.55569e-08
 Reference value :  5.55599e-08
 Reference value :  5.55636e-08
 Reference value :  5.55685e-08
 Reference value :  5.55799e-08
 Reference value :  5.55870e-08
 Reference value :  5.55947e-08
 Reference value :  5.56031e-08
 Reference value :  5.56138e-08
 Reference value :  5.56230e-08
 Reference value :  5.56267e-08
 Reference value :  5.56333e-08
 Reference value :  5.56356e-08
 Reference value :  5.56359e-08
 Reference value :  5.56387e-08
 Reference value :  5.56440e-08
 Reference value :  5.56522e-08
 Reference value :  5.56615e-08
 Reference value :  5.56754e-08
 Reference value :  5.56917e-08
 Reference value :  5.57235e-08
 Reference value :  5.57516e-08
 Reference value :  5.57875e-08
 Reference value :  5.58275e-08
 Reference value :  5.58875e-08
 Reference value :  5.59475e-08
 Reference value :  5.60075e-08
 Reference value :  5.60675e-08
 Reference value :  5.61275e-08
 Reference value :  5.61875e-08
 Reference value :  5.62475e-08
 Reference value :  5.63075e-08
 Reference value :  5.63675e-08
 Reference value :  5.64275e-08
 Reference value :  5.64875e-08
 Reference value :  5.65475e-08
 Reference value :  5.66075e-08
 Reference value :  5.66668e-08
 Reference value :  5.66677e-08
 Reference value :  5.66682e-08
 Reference value :  5.66721e-08
 Reference value :  5.67034e-08
 Reference value :  5.67634e-08
 Reference value :  5.68234e-08
 Reference value :  5.68834e-08
 Reference value :  5.69434e-08
 Reference value :  5.70034e-08
 Reference value :  5.70634e-08
 Reference value :  5.71234e-08
 Reference value :  5.71834e-08
 Reference value :  5.72634e-08
 Reference value :  5.73234e-08
 Reference value :  5.73834e-08
 Reference value :  5.74434e-08
 Reference value :  5.75034e-08
 Reference value :  5.75634e-08
 Reference value :  5.76234e-08
 Reference value :  5.76834e-08
 Reference value :  5.77434e-08
 Reference value :  5.78034e-08
 Reference value :  5.78634e-08
 Reference value :  5.79234e-08
 Reference value :  5.80034e-08
 Reference value :  5.80634e-08
 Reference value :  5.81234e-08
 Reference value :  5.81482e-08
 Reference value :  5.81492e-08
 Reference value :  5.81513e-08
 Reference value :  5.81670e-08
 Reference value :  5.82449e-08
 Reference value :  5.83049e-08
 Reference value :  5.83649e-08
 Reference value :  5.84249e-08
 Reference value :  5.85017e-08
 Reference value :  5.85188e-08
 Reference value :  5.85196e-08
 Reference value :  5.85206e-08
 Reference value :  5.85284e-08
 Reference value :  5.85753e-08
 Reference value :  5.86353e-08
 Reference value :  5.86953e-08
 Reference value :  5.87553e-08
 Reference value :  5.88153e-08
 Reference value :  5.88753e-08
 Reference value :  5.89353e-08
 Reference value :  5.89953e-08
 Reference value :  5.90553e-08
 Reference value :  5.91153e-08
 Reference value :  5.91673e-08
 Reference value :  5.91793e-08
 Reference value :  5.91797e-08
 Reference value :  5.91812e-08
 Reference value :  5.91827e-08
 Reference value :  5.91863e-08
 Reference value :  5.91908e-08
 Reference value :  5.92015e-08
 Reference value :  5.92090e-08
 Reference value :  5.92204e-08
 Reference value :  5.92344e-08
 Reference value :  5.92443e-08
 Reference value :  5.92482e-08
 Reference value :  5.92521e-08
 Reference value :  5.92593e-08
 Reference value :  5.92593e-08
 Reference value :  5.92597e-08
 Reference value :  5.92627e-08
 Reference value :  5.92661e-08
 Reference value :  5.92705e-08
 Reference value :  5.92765e-08
 Reference value :  5.92861e-08
 Reference value :  5.93002e-08
 Reference value :  5.93265e-08
 Reference value :  5.93491e-08
 Reference value :  5.93777e-08
 Reference value :  5.94142e-08
 Reference value :  5.94542e-08
 Reference value :  5.95142e-08
 Reference value :  5.95742e-08
 Reference value :  5.96342e-08
 Reference value :  5.96942e-08
 Reference value :  5.97542e-08
 Reference value :  5.98142e-08
 Reference value :  5.98742e-08
 Reference value :  5.99342e-08
 Reference value :  5.99942e-08
 Reference value :  6.00742e-08
 Reference value :  6.01342e-08
 Reference value :  6.02142e-08
 Reference value :  6.02742e-08
 Reference value :  6.03342e-08
 Reference value :  6.03942e-08
 Reference value :  6.04542e-08
 Reference value :  6.05142e-08
 Reference value :  6.05742e-08
 Reference value :  6.06342e-08
 Reference value :  6.06942e-08
 Reference value :  6.07542e-08
 Reference value :  6.08142e-08
 Reference value :  6.08742e-08
 Reference value :  6.09342e-08
 Reference value :  6.09871e-08
No. of Data Rows : 3564
m_ui_ref            =  3.70370e-09 targ=  3.70770e-08 trig=  3.33733e-08
m_spa_in            =  1.48148e-08 targ=  4.81881e-08 trig=  3.33733e-08
m_spb_in            =  1.11111e-08 targ=  4.44844e-08 trig=  3.33733e-08
m_spa_c0            =  1.48148e-08 targ=  4.81959e-08 trig=  3.33811e-08
m_spb_c0            =  1.11111e-08 targ=  4.44922e-08 trig=  3.33811e-08
m_trise_c0          =  4.58766e-11 targ=  3.71061e-08 trig=  3.70602e-08
m_tfall_c0          =  4.58969e-11 targ=  4.08098e-08 trig=  4.07639e-08
m_spa_c1            =  1.48148e-08 targ=  4.82292e-08 trig=  3.34144e-08
m_spb_c1            =  1.11111e-08 targ=  4.45255e-08 trig=  3.34144e-08
m_trise_c1          =  1.15744e-10 targ=  3.71948e-08 trig=  3.70790e-08
m_tfall_c1          =  1.15756e-10 targ=  4.08985e-08 trig=  4.07827e-08
m_spa_c2            =  1.48148e-08 targ=  4.82592e-08 trig=  3.34443e-08
m_spb_c2            =  1.11111e-08 targ=  4.45554e-08 trig=  3.34443e-08
m_trise_c2          =  2.21077e-10 targ=  3.73094e-08 trig=  3.70883e-08
m_tfall_c2          =  2.21093e-10 targ=  4.10131e-08 trig=  4.07920e-08
m_spa_cmis          =  1.48148e-08 targ=  4.82395e-08 trig=  3.34246e-08
m_spb_cmis          =  1.11125e-08 targ=  4.45372e-08 trig=  3.34246e-08
m_dj_ui_c0 = 2.6999997835e-06
m_swing_c0 = 5.0368178959e-01
m_vpp_c0 = 6.2887169422e-01
m_vcm_c0 = 3.0481581161e+00
m_dj_ui_c1 = 2.6999997835e-06
m_swing_c1 = 5.0369651177e-01
m_vpp_c1 = 5.1282784793e-01
m_vcm_c1 = 3.0481507555e+00
m_dj_ui_c2 = 2.6999997835e-06
m_swing_c2 = 5.0367066655e-01
m_vpp_c2 = 5.0829548624e-01
m_vcm_c2 = 3.0481636735e+00
m_dj_ui_cmis = 3.8609996911e-04
m_swing_cmis = 5.0366888920e-01
m_swing_avcclo = 5.0336598351e-01
m_vcm_avcclo = 2.7183157899e+00
m_swing_avcchi = 5.0398443724e-01
m_vcm_avcchi = 3.3780069294e+00
m_vgs_sw_max = 1.7551707058e+00
m_vgd_sw_max = 1.6334991481e+00
m_vds_sw_max = 2.3488984987e+00
m_vgs_tail_max = 1.2646149376e+00
m_vds_tail_max = 1.4353602125e+00
m_swing_dc = 5.0307732521e-01
m_vcm_dc = 3.0484603501e+00
m_ioff_dc = 1.9745228403e-08
m_itail_dc = 1.0061585995e-02
m_icell_dc = 1.0561585996e-02
m_ro_leg = 5.5526265557e+04
Note: Simulation executed from .control section 

