
Note: No compatibility mode selected!


Circuit: * cml-driver-eye @ tt_-40c_3.63v_270mbps -- generated by sim/harness, do not edit

Doing analysis at TEMP = -40.000000 and TNOM = 27.000000

Using SPARSE 1.3 as Direct Linear Solver

Initial Transient Solution
--------------------------

Node                                   Voltage
----                                   -------
avcc                                       3.3
avcclo                                    2.97
avcchi                                    3.63
inp                                     3.0855
inn                                     1.9965
inpz                                    3.0855
innz                                    1.9965
inref                                    1.089
win                                          0
winc                                         0
xc0.tail                               1.60092
ib_c0                                  1.13257
outp_c0                                2.79011
outn_c0                                    3.3
vd_c0                                 0.509893
xc1.tail                               1.60092
ib_c1                                  1.13257
outp_c1                                2.79011
outn_c1                                    3.3
vd_c1                                 0.509893
xc2.tail                               1.60092
ib_c2                                  1.13257
outp_c2                                2.79011
outn_c2                                    3.3
vd_c2                                 0.509893
xcmis.tail                             1.60092
ib_cmis                                1.13257
outp_cmis                              2.79011
outn_cmis                                  3.3
vd_cmis                               0.509893
xvlo.tail                              1.58252
ib_vlo                                 1.13257
outp_vlo                               2.46046
outn_vlo                                  2.97
xvhi.tail                              1.61747
ib_vhi                                 1.13257
outp_vhi                               3.11979
outn_vhi                                  3.63
xz.tail                                1.60092
ib_z                                   1.13257
vss_z                                        0
outp_z                                 2.79011
outn_z                                     3.3
xza.tail                               1.59067
ib_za                                  1.13257
outp_za                                    2.6
outn_za                                    3.3
xzb.tail                               1.61158
ib_zb                                  1.13257
outp_zb                                      3
outn_zb                                    3.3
ediff_cmis#branch                            0
ediff_c2#branch                              0
ediff_c1#branch                              0
ediff_c0#branch                              0
einref#branch                                0
vforce_zb#branch                    -0.0102019
vforce_za#branch                    -0.0101939
vsens_z#branch                       0.0106979
vwinc#branch                                 0
vwin#branch                                  0
vinnz#branch                                 0
vinpz#branch                                 0
vinn#branch                                  0
vinp#branch                                  0
vavcchi#branch                      -0.0102042
vavcclo#branch                      -0.0101908
vavcc#branch                        -0.0509893

 Reference value :  0.00000e+00
 Reference value :  4.00000e-13
 Reference value :  6.40000e-12
 Reference value :  4.56000e-11
 Reference value :  1.05600e-10
 Reference value :  1.65600e-10
 Reference value :  2.25600e-10
 Reference value :  2.85600e-10
 Reference value :  3.45600e-10
 Reference value :  4.05600e-10
 Reference value :  4.65600e-10
 Reference value :  5.25600e-10
 Reference value :  6.05600e-10
 Reference value :  6.65600e-10
 Reference value :  7.25600e-10
 Reference value :  7.85600e-10
 Reference value :  8.45600e-10
 Reference value :  9.05600e-10
 Reference value :  9.65600e-10
 Reference value :  1.02560e-09
 Reference value :  1.08560e-09
 Reference value :  1.14560e-09
 Reference value :  1.20560e-09
 Reference value :  1.26560e-09
 Reference value :  1.32560e-09
 Reference value :  1.38560e-09
 Reference value :  1.44560e-09
 Reference value :  1.50560e-09
 Reference value :  1.56560e-09
 Reference value :  1.62560e-09
 Reference value :  1.68560e-09
 Reference value :  1.74560e-09
 Reference value :  1.80560e-09
 Reference value :  1.86560e-09
 Reference value :  1.92560e-09
 Reference value :  1.98560e-09
 Reference value :  2.04560e-09
 Reference value :  2.10560e-09
 Reference value :  2.16560e-09
 Reference value :  2.22560e-09
 Reference value :  2.28560e-09
 Reference value :  2.34560e-09
 Reference value :  2.40560e-09
 Reference value :  2.46560e-09
 Reference value :  2.52560e-09
 Reference value :  2.58560e-09
 Reference value :  2.64560e-09
 Reference value :  2.70560e-09
 Reference value :  2.76560e-09
 Reference value :  2.82560e-09
 Reference value :  2.88560e-09
 Reference value :  2.94560e-09
 Reference value :  3.00560e-09
 Reference value :  3.06560e-09
 Reference value :  3.12560e-09
 Reference value :  3.18560e-09
 Reference value :  3.24560e-09
 Reference value :  3.30560e-09
 Reference value :  3.36560e-09
 Reference value :  3.42560e-09
 Reference value :  3.48560e-09
 Reference value :  3.54560e-09
 Reference value :  3.60560e-09
 Reference value :  3.66560e-09
 Reference value :  3.74560e-09
 Reference value :  3.80560e-09
 Reference value :  3.86560e-09
 Reference value :  3.92560e-09
 Reference value :  3.98560e-09
 Reference value :  4.04560e-09
 Reference value :  4.10560e-09
 Reference value :  4.16560e-09
 Reference value :  4.22560e-09
 Reference value :  4.28560e-09
 Reference value :  4.34560e-09
 Reference value :  4.40560e-09
 Reference value :  4.46560e-09
 Reference value :  4.52560e-09
 Reference value :  4.58560e-09
 Reference value :  4.64560e-09
 Reference value :  4.70560e-09
 Reference value :  4.76560e-09
 Reference value :  4.82560e-09
 Reference value :  4.88560e-09
 Reference value :  4.94560e-09
 Reference value :  5.00560e-09
 Reference value :  5.06560e-09
 Reference value :  5.12560e-09
 Reference value :  5.18560e-09
 Reference value :  5.24560e-09
 Reference value :  5.30560e-09
 Reference value :  5.36560e-09
 Reference value :  5.44560e-09
 Reference value :  5.50560e-09
 Reference value :  5.56560e-09
 Reference value :  5.62560e-09
 Reference value :  5.68560e-09
 Reference value :  5.74560e-09
 Reference value :  5.80560e-09
 Reference value :  5.86560e-09
 Reference value :  5.92560e-09
 Reference value :  5.98560e-09
 Reference value :  6.04560e-09
 Reference value :  6.10560e-09
 Reference value :  6.16560e-09
 Reference value :  6.22560e-09
 Reference value :  6.28560e-09
 Reference value :  6.34560e-09
 Reference value :  6.40560e-09
 Reference value :  6.46560e-09
 Reference value :  6.52560e-09
 Reference value :  6.58560e-09
 Reference value :  6.64560e-09
 Reference value :  6.70560e-09
 Reference value :  6.76560e-09
 Reference value :  6.82560e-09
 Reference value :  6.88560e-09
 Reference value :  6.94560e-09
 Reference value :  7.00560e-09
 Reference value :  7.06560e-09
 Reference value :  7.12560e-09
 Reference value :  7.18560e-09
 Reference value :  7.24560e-09
 Reference value :  7.30560e-09
 Reference value :  7.36560e-09
 Reference value :  7.42560e-09
 Reference value :  7.48560e-09
 Reference value :  7.54560e-09
 Reference value :  7.60560e-09
 Reference value :  7.66560e-09
 Reference value :  7.72560e-09
 Reference value :  7.78560e-09
 Reference value :  7.86560e-09
 Reference value :  7.94560e-09
 Reference value :  8.00560e-09
 Reference value :  8.06560e-09
 Reference value :  8.12560e-09
 Reference value :  8.18560e-09
 Reference value :  8.24560e-09
 Reference value :  8.30560e-09
 Reference value :  8.36560e-09
 Reference value :  8.42560e-09
 Reference value :  8.50560e-09
 Reference value :  8.56560e-09
 Reference value :  8.62560e-09
 Reference value :  8.68560e-09
 Reference value :  8.74560e-09
 Reference value :  8.80560e-09
 Reference value :  8.86560e-09
 Reference value :  8.92560e-09
 Reference value :  8.98560e-09
 Reference value :  9.04560e-09
 Reference value :  9.10560e-09
 Reference value :  9.16560e-09
 Reference value :  9.22560e-09
 Reference value :  9.28560e-09
 Reference value :  9.34560e-09
 Reference value :  9.40560e-09
 Reference value :  9.46560e-09
 Reference value :  9.52560e-09
 Reference value :  9.58560e-09
 Reference value :  9.64560e-09
 Reference value :  9.70560e-09
 Reference value :  9.76560e-09
 Reference value :  9.82560e-09
 Reference value :  9.88560e-09
 Reference value :  9.94560e-09
 Reference value :  1.00056e-08
 Reference value :  1.00656e-08
 Reference value :  1.01456e-08
 Reference value :  1.02056e-08
 Reference value :  1.02656e-08
 Reference value :  1.03456e-08
 Reference value :  1.04056e-08
 Reference value :  1.04856e-08
 Reference value :  1.05456e-08
 Reference value :  1.06256e-08
 Reference value :  1.06856e-08
 Reference value :  1.07456e-08
 Reference value :  1.08056e-08
 Reference value :  1.08856e-08
 Reference value :  1.09456e-08
 Reference value :  1.10056e-08
 Reference value :  1.10656e-08
 Reference value :  1.11256e-08
 Reference value :  1.11856e-08
 Reference value :  1.12456e-08
 Reference value :  1.13256e-08
 Reference value :  1.14056e-08
 Reference value :  1.14856e-08
 Reference value :  1.15456e-08
 Reference value :  1.16056e-08
 Reference value :  1.16656e-08
 Reference value :  1.17256e-08
 Reference value :  1.17856e-08
 Reference value :  1.18456e-08
 Reference value :  1.19056e-08
 Reference value :  1.19656e-08
 Reference value :  1.20256e-08
 Reference value :  1.20856e-08
 Reference value :  1.21656e-08
 Reference value :  1.22256e-08
 Reference value :  1.22856e-08
 Reference value :  1.23456e-08
 Reference value :  1.24056e-08
 Reference value :  1.24656e-08
 Reference value :  1.25256e-08
 Reference value :  1.25856e-08
 Reference value :  1.26456e-08
 Reference value :  1.27056e-08
 Reference value :  1.27856e-08
 Reference value :  1.28456e-08
 Reference value :  1.29056e-08
 Reference value :  1.29856e-08
 Reference value :  1.30456e-08
 Reference value :  1.31056e-08
 Reference value :  1.31656e-08
 Reference value :  1.32456e-08
 Reference value :  1.33056e-08
 Reference value :  1.33656e-08
 Reference value :  1.34256e-08
 Reference value :  1.34856e-08
 Reference value :  1.35456e-08
 Reference value :  1.36056e-08
 Reference value :  1.36656e-08
 Reference value :  1.37256e-08
 Reference value :  1.37856e-08
 Reference value :  1.38456e-08
 Reference value :  1.39056e-08
 Reference value :  1.39656e-08
 Reference value :  1.40256e-08
 Reference value :  1.40856e-08
 Reference value :  1.41456e-08
 Reference value :  1.42056e-08
 Reference value :  1.42656e-08
 Reference value :  1.43256e-08
 Reference value :  1.44056e-08
 Reference value :  1.44656e-08
 Reference value :  1.45256e-08
 Reference value :  1.45856e-08
 Reference value :  1.46456e-08
 Reference value :  1.47056e-08
 Reference value :  1.47656e-08
 Reference value :  1.48256e-08
 Reference value :  1.48856e-08
 Reference value :  1.49456e-08
 Reference value :  1.50056e-08
 Reference value :  1.50856e-08
 Reference value :  1.51456e-08
 Reference value :  1.52056e-08
 Reference value :  1.52656e-08
 Reference value :  1.53256e-08
 Reference value :  1.53856e-08
 Reference value :  1.54456e-08
 Reference value :  1.55056e-08
 Reference value :  1.55656e-08
 Reference value :  1.56256e-08
 Reference value :  1.56856e-08
 Reference value :  1.57456e-08
 Reference value :  1.58056e-08
 Reference value :  1.58656e-08
 Reference value :  1.59256e-08
 Reference value :  1.59856e-08
 Reference value :  1.60456e-08
 Reference value :  1.61256e-08
 Reference value :  1.61856e-08
 Reference value :  1.62456e-08
 Reference value :  1.63056e-08
 Reference value :  1.63656e-08
 Reference value :  1.64256e-08
 Reference value :  1.64856e-08
 Reference value :  1.65456e-08
 Reference value :  1.66056e-08
 Reference value :  1.66656e-08
 Reference value :  1.67256e-08
 Reference value :  1.67856e-08
 Reference value :  1.68456e-08
 Reference value :  1.69056e-08
 Reference value :  1.69656e-08
 Reference value :  1.70256e-08
 Reference value :  1.71056e-08
 Reference value :  1.71656e-08
 Reference value :  1.72256e-08
 Reference value :  1.72856e-08
 Reference value :  1.73456e-08
 Reference value :  1.74256e-08
 Reference value :  1.74856e-08
 Reference value :  1.75456e-08
 Reference value :  1.76256e-08
 Reference value :  1.76856e-08
 Reference value :  1.77456e-08
 Reference value :  1.78056e-08
 Reference value :  1.78656e-08
 Reference value :  1.79256e-08
 Reference value :  1.79856e-08
 Reference value :  1.80456e-08
 Reference value :  1.81056e-08
 Reference value :  1.81656e-08
 Reference value :  1.82256e-08
 Reference value :  1.82856e-08
 Reference value :  1.83456e-08
 Reference value :  1.84056e-08
 Reference value :  1.84656e-08
 Reference value :  1.85256e-08
 Reference value :  1.85856e-08
 Reference value :  1.86456e-08
 Reference value :  1.87056e-08
 Reference value :  1.87656e-08
 Reference value :  1.88256e-08
 Reference value :  1.88856e-08
 Reference value :  1.89456e-08
 Reference value :  1.90056e-08
 Reference value :  1.90656e-08
 Reference value :  1.91256e-08
 Reference value :  1.91856e-08
 Reference value :  1.92456e-08
 Reference value :  1.93056e-08
 Reference value :  1.93656e-08
 Reference value :  1.94256e-08
 Reference value :  1.94856e-08
 Reference value :  1.95456e-08
 Reference value :  1.96056e-08
 Reference value :  1.96656e-08
 Reference value :  1.97256e-08
 Reference value :  1.97856e-08
 Reference value :  1.98456e-08
 Reference value :  1.99056e-08
 Reference value :  1.99656e-08
 Reference value :  2.00256e-08
 Reference value :  2.00856e-08
 Reference value :  2.01456e-08
 Reference value :  2.02056e-08
 Reference value :  2.02656e-08
 Reference value :  2.03256e-08
 Reference value :  2.03856e-08
 Reference value :  2.04456e-08
 Reference value :  2.05056e-08
 Reference value :  2.05656e-08
 Reference value :  2.06256e-08
 Reference value :  2.06856e-08
 Reference value :  2.07456e-08
 Reference value :  2.08056e-08
 Reference value :  2.08656e-08
 Reference value :  2.09256e-08
 Reference value :  2.09856e-08
 Reference value :  2.10456e-08
 Reference value :  2.11056e-08
 Reference value :  2.11656e-08
 Reference value :  2.12256e-08
 Reference value :  2.12856e-08
 Reference value :  2.13456e-08
 Reference value :  2.14056e-08
 Reference value :  2.14656e-08
 Reference value :  2.15256e-08
 Reference value :  2.15856e-08
 Reference value :  2.16456e-08
 Reference value :  2.17056e-08
 Reference value :  2.17856e-08
 Reference value :  2.18656e-08
 Reference value :  2.19256e-08
 Reference value :  2.19856e-08
 Reference value :  2.20456e-08
 Reference value :  2.21056e-08
 Reference value :  2.21656e-08
 Reference value :  2.22256e-08
 Reference value :  2.22856e-08
 Reference value :  2.23456e-08
 Reference value :  2.24056e-08
 Reference value :  2.24656e-08
 Reference value :  2.25256e-08
 Reference value :  2.25856e-08
 Reference value :  2.26456e-08
 Reference value :  2.27056e-08
 Reference value :  2.27656e-08
 Reference value :  2.28256e-08
 Reference value :  2.28856e-08
 Reference value :  2.29456e-08
 Reference value :  2.30056e-08
 Reference value :  2.30656e-08
 Reference value :  2.31256e-08
 Reference value :  2.31856e-08
 Reference value :  2.32456e-08
 Reference value :  2.33056e-08
 Reference value :  2.33656e-08
 Reference value :  2.34256e-08
 Reference value :  2.34856e-08
 Reference value :  2.35456e-08
 Reference value :  2.36056e-08
 Reference value :  2.36656e-08
 Reference value :  2.37256e-08
 Reference value :  2.37856e-08
 Reference value :  2.38456e-08
 Reference value :  2.39056e-08
 Reference value :  2.39656e-08
 Reference value :  2.40256e-08
 Reference value :  2.40856e-08
 Reference value :  2.41456e-08
 Reference value :  2.42056e-08
 Reference value :  2.42656e-08
 Reference value :  2.43256e-08
 Reference value :  2.43856e-08
 Reference value :  2.44456e-08
 Reference value :  2.45056e-08
 Reference value :  2.45656e-08
 Reference value :  2.46256e-08
 Reference value :  2.46856e-08
 Reference value :  2.47456e-08
 Reference value :  2.48056e-08
 Reference value :  2.48656e-08
 Reference value :  2.49256e-08
 Reference value :  2.49856e-08
 Reference value :  2.50456e-08
 Reference value :  2.51056e-08
 Reference value :  2.51656e-08
 Reference value :  2.52256e-08
 Reference value :  2.52856e-08
 Reference value :  2.53456e-08
 Reference value :  2.54056e-08
 Reference value :  2.54656e-08
 Reference value :  2.55256e-08
 Reference value :  2.55856e-08
 Reference value :  2.56456e-08
 Reference value :  2.57256e-08
 Reference value :  2.57856e-08
 Reference value :  2.58456e-08
 Reference value :  2.59056e-08
 Reference value :  2.59656e-08
 Reference value :  2.60256e-08
 Reference value :  2.60856e-08
 Reference value :  2.61656e-08
 Reference value :  2.62256e-08
 Reference value :  2.62856e-08
 Reference value :  2.63456e-08
 Reference value :  2.64056e-08
 Reference value :  2.64656e-08
 Reference value :  2.65256e-08
 Reference value :  2.65856e-08
 Reference value :  2.66456e-08
 Reference value :  2.67056e-08
 Reference value :  2.67656e-08
 Reference value :  2.68256e-08
 Reference value :  2.68856e-08
 Reference value :  2.69456e-08
 Reference value :  2.70056e-08
 Reference value :  2.70656e-08
 Reference value :  2.71256e-08
 Reference value :  2.71856e-08
 Reference value :  2.72456e-08
 Reference value :  2.73056e-08
 Reference value :  2.73656e-08
 Reference value :  2.74256e-08
 Reference value :  2.74856e-08
 Reference value :  2.75456e-08
 Reference value :  2.76056e-08
 Reference value :  2.76656e-08
 Reference value :  2.77256e-08
 Reference value :  2.77856e-08
 Reference value :  2.78456e-08
 Reference value :  2.79056e-08
 Reference value :  2.79656e-08
 Reference value :  2.80256e-08
 Reference value :  2.80856e-08
 Reference value :  2.81456e-08
 Reference value :  2.82056e-08
 Reference value :  2.82656e-08
 Reference value :  2.83256e-08
 Reference value :  2.83856e-08
 Reference value :  2.84456e-08
 Reference value :  2.85056e-08
 Reference value :  2.85656e-08
 Reference value :  2.86456e-08
 Reference value :  2.87056e-08
 Reference value :  2.87656e-08
 Reference value :  2.88256e-08
 Reference value :  2.88856e-08
 Reference value :  2.89456e-08
 Reference value :  2.90056e-08
 Reference value :  2.90656e-08
 Reference value :  2.91256e-08
 Reference value :  2.91856e-08
 Reference value :  2.92456e-08
 Reference value :  2.93056e-08
 Reference value :  2.93656e-08
 Reference value :  2.94256e-08
 Reference value :  2.94856e-08
 Reference value :  2.95456e-08
 Reference value :  2.96056e-08
 Reference value :  2.96656e-08
 Reference value :  2.97256e-08
 Reference value :  2.98056e-08
 Reference value :  2.98856e-08
 Reference value :  2.99456e-08
 Reference value :  3.00056e-08
 Reference value :  3.00656e-08
 Reference value :  3.01256e-08
 Reference value :  3.01856e-08
 Reference value :  3.02456e-08
 Reference value :  3.03056e-08
 Reference value :  3.03656e-08
 Reference value :  3.04256e-08
 Reference value :  3.04856e-08
 Reference value :  3.05456e-08
 Reference value :  3.06056e-08
 Reference value :  3.06856e-08
 Reference value :  3.07456e-08
 Reference value :  3.08256e-08
 Reference value :  3.08856e-08
 Reference value :  3.09656e-08
 Reference value :  3.10256e-08
 Reference value :  3.10856e-08
 Reference value :  3.11456e-08
 Reference value :  3.12056e-08
 Reference value :  3.12656e-08
 Reference value :  3.13256e-08
 Reference value :  3.13856e-08
 Reference value :  3.14456e-08
 Reference value :  3.15256e-08
 Reference value :  3.16056e-08
 Reference value :  3.16656e-08
 Reference value :  3.17456e-08
 Reference value :  3.18056e-08
 Reference value :  3.18656e-08
 Reference value :  3.19256e-08
 Reference value :  3.19856e-08
 Reference value :  3.20456e-08
 Reference value :  3.21056e-08
 Reference value :  3.21656e-08
 Reference value :  3.22256e-08
 Reference value :  3.22856e-08
 Reference value :  3.23456e-08
 Reference value :  3.24056e-08
 Reference value :  3.24856e-08
 Reference value :  3.25456e-08
 Reference value :  3.26256e-08
 Reference value :  3.26856e-08
 Reference value :  3.27456e-08
 Reference value :  3.28056e-08
 Reference value :  3.28656e-08
 Reference value :  3.29256e-08
 Reference value :  3.29856e-08
 Reference value :  3.30656e-08
 Reference value :  3.31256e-08
 Reference value :  3.31856e-08
 Reference value :  3.32456e-08
 Reference value :  3.33056e-08
 Reference value :  3.33334e-08
 Reference value :  3.33339e-08
 Reference value :  3.33373e-08
 Reference value :  3.33407e-08
 Reference value :  3.33452e-08
 Reference value :  3.33514e-08
 Reference value :  3.33541e-08
 Reference value :  3.33601e-08
 Reference value :  3.33628e-08
 Reference value :  3.33653e-08
 Reference value :  3.33711e-08
 Reference value :  3.33741e-08
 Reference value :  3.33807e-08
 Reference value :  3.33893e-08
 Reference value :  3.33932e-08
 Reference value :  3.33964e-08
 Reference value :  3.33996e-08
 Reference value :  3.34065e-08
 Reference value :  3.34133e-08
 Reference value :  3.34134e-08
 Reference value :  3.34140e-08
 Reference value :  3.34163e-08
 Reference value :  3.34195e-08
 Reference value :  3.34235e-08
 Reference value :  3.34291e-08
 Reference value :  3.34381e-08
 Reference value :  3.34502e-08
 Reference value :  3.34652e-08
 Reference value :  3.34845e-08
 Reference value :  3.35095e-08
 Reference value :  3.35419e-08
 Reference value :  3.35810e-08
 Reference value :  3.36210e-08
 Reference value :  3.36810e-08
 Reference value :  3.37410e-08
 Reference value :  3.38010e-08
 Reference value :  3.38610e-08
 Reference value :  3.39210e-08
 Reference value :  3.39810e-08
 Reference value :  3.40610e-08
 Reference value :  3.41210e-08
 Reference value :  3.41810e-08
 Reference value :  3.42610e-08
 Reference value :  3.43410e-08
 Reference value :  3.44210e-08
 Reference value :  3.45010e-08
 Reference value :  3.45810e-08
 Reference value :  3.46410e-08
 Reference value :  3.47210e-08
 Reference value :  3.48010e-08
 Reference value :  3.48610e-08
 Reference value :  3.49210e-08
 Reference value :  3.49810e-08
 Reference value :  3.50410e-08
 Reference value :  3.51010e-08
 Reference value :  3.51610e-08
 Reference value :  3.52210e-08
 Reference value :  3.52810e-08
 Reference value :  3.53410e-08
 Reference value :  3.54010e-08
 Reference value :  3.54610e-08
 Reference value :  3.55210e-08
 Reference value :  3.55810e-08
 Reference value :  3.56410e-08
 Reference value :  3.57010e-08
 Reference value :  3.57610e-08
 Reference value :  3.58210e-08
 Reference value :  3.58810e-08
 Reference value :  3.59410e-08
 Reference value :  3.60010e-08
 Reference value :  3.60610e-08
 Reference value :  3.61210e-08
 Reference value :  3.61810e-08
 Reference value :  3.62410e-08
 Reference value :  3.63010e-08
 Reference value :  3.63610e-08
 Reference value :  3.64210e-08
 Reference value :  3.64810e-08
 Reference value :  3.65410e-08
 Reference value :  3.66010e-08
 Reference value :  3.66610e-08
 Reference value :  3.67210e-08
 Reference value :  3.67810e-08
 Reference value :  3.68410e-08
 Reference value :  3.69010e-08
 Reference value :  3.69610e-08
 Reference value :  3.70190e-08
 Reference value :  3.70371e-08
 Reference value :  3.70377e-08
 Reference value :  3.70415e-08
 Reference value :  3.70450e-08
 Reference value :  3.70498e-08
 Reference value :  3.70561e-08
 Reference value :  3.70617e-08
 Reference value :  3.70675e-08
 Reference value :  3.70730e-08
 Reference value :  3.70761e-08
 Reference value :  3.70825e-08
 Reference value :  3.70903e-08
 Reference value :  3.70942e-08
 Reference value :  3.70979e-08
 Reference value :  3.71009e-08
 Reference value :  3.71079e-08
 Reference value :  3.71110e-08
 Reference value :  3.71170e-08
 Reference value :  3.71171e-08
 Reference value :  3.71183e-08
 Reference value :  3.71211e-08
 Reference value :  3.71244e-08
 Reference value :  3.71289e-08
 Reference value :  3.71355e-08
 Reference value :  3.71461e-08
 Reference value :  3.71591e-08
 Reference value :  3.71756e-08
 Reference value :  3.71969e-08
 Reference value :  3.72246e-08
 Reference value :  3.72602e-08
 Reference value :  3.73002e-08
 Reference value :  3.73402e-08
 Reference value :  3.74002e-08
 Reference value :  3.74602e-08
 Reference value :  3.75202e-08
 Reference value :  3.75802e-08
 Reference value :  3.76402e-08
 Reference value :  3.77002e-08
 Reference value :  3.77590e-08
 Reference value :  3.77781e-08
 Reference value :  3.77788e-08
 Reference value :  3.77798e-08
 Reference value :  3.77877e-08
 Reference value :  3.78345e-08
 Reference value :  3.79145e-08
 Reference value :  3.79745e-08
 Reference value :  3.80345e-08
 Reference value :  3.80945e-08
 Reference value :  3.81481e-08
 Reference value :  3.81488e-08
 Reference value :  3.81496e-08
 Reference value :  3.81580e-08
 Reference value :  3.82249e-08
 Reference value :  3.83049e-08
 Reference value :  3.83649e-08
 Reference value :  3.84249e-08
 Reference value :  3.84849e-08
 Reference value :  3.85649e-08
 Reference value :  3.86249e-08
 Reference value :  3.86849e-08
 Reference value :  3.87449e-08
 Reference value :  3.88049e-08
 Reference value :  3.88649e-08
 Reference value :  3.89249e-08
 Reference value :  3.89849e-08
 Reference value :  3.90449e-08
 Reference value :  3.91049e-08
 Reference value :  3.91649e-08
 Reference value :  3.92449e-08
 Reference value :  3.93049e-08
 Reference value :  3.93649e-08
 Reference value :  3.94449e-08
 Reference value :  3.95049e-08
 Reference value :  3.95849e-08
 Reference value :  3.96297e-08
 Reference value :  3.96306e-08
 Reference value :  3.96311e-08
 Reference value :  3.96350e-08
 Reference value :  3.96664e-08
 Reference value :  3.97264e-08
 Reference value :  3.97864e-08
 Reference value :  3.98464e-08
 Reference value :  3.99064e-08
 Reference value :  3.99664e-08
 Reference value :  4.00264e-08
 Reference value :  4.00864e-08
 Reference value :  4.01464e-08
 Reference value :  4.02064e-08
 Reference value :  4.02664e-08
 Reference value :  4.03264e-08
 Reference value :  4.03864e-08
 Reference value :  4.04464e-08
 Reference value :  4.05064e-08
 Reference value :  4.05664e-08
 Reference value :  4.06264e-08
 Reference value :  4.07064e-08
 Reference value :  4.07408e-08
 Reference value :  4.07414e-08
 Reference value :  4.07451e-08
 Reference value :  4.07486e-08
 Reference value :  4.07533e-08
 Reference value :  4.07595e-08
 Reference value :  4.07622e-08
 Reference value :  4.07709e-08
 Reference value :  4.07765e-08
 Reference value :  4.07829e-08
 Reference value :  4.07941e-08
 Reference value :  4.07981e-08
 Reference value :  4.08048e-08
 Reference value :  4.08118e-08
 Reference value :  4.08178e-08
 Reference value :  4.08208e-08
 Reference value :  4.08213e-08
 Reference value :  4.08232e-08
 Reference value :  4.08263e-08
 Reference value :  4.08301e-08
 Reference value :  4.08353e-08
 Reference value :  4.08494e-08
 Reference value :  4.08623e-08
 Reference value :  4.08786e-08
 Reference value :  4.08998e-08
 Reference value :  4.09272e-08
 Reference value :  4.09624e-08
 Reference value :  4.10024e-08
 Reference value :  4.10424e-08
 Reference value :  4.11024e-08
 Reference value :  4.11624e-08
 Reference value :  4.12224e-08
 Reference value :  4.12824e-08
 Reference value :  4.13424e-08
 Reference value :  4.14024e-08
 Reference value :  4.14624e-08
 Reference value :  4.15224e-08
 Reference value :  4.15824e-08
 Reference value :  4.16624e-08
 Reference value :  4.17224e-08
 Reference value :  4.17824e-08
 Reference value :  4.18371e-08
 Reference value :  4.18525e-08
 Reference value :  4.18533e-08
 Reference value :  4.18573e-08
 Reference value :  4.19086e-08
 Reference value :  4.19686e-08
 Reference value :  4.20286e-08
 Reference value :  4.21086e-08
 Reference value :  4.21886e-08
 Reference value :  4.22486e-08
 Reference value :  4.23086e-08
 Reference value :  4.23686e-08
 Reference value :  4.24486e-08
 Reference value :  4.25286e-08
 Reference value :  4.25886e-08
 Reference value :  4.26486e-08
 Reference value :  4.27086e-08
 Reference value :  4.27686e-08
 Reference value :  4.28286e-08
 Reference value :  4.28886e-08
 Reference value :  4.29486e-08
 Reference value :  4.30086e-08
 Reference value :  4.30686e-08
 Reference value :  4.31286e-08
 Reference value :  4.31886e-08
 Reference value :  4.32486e-08
 Reference value :  4.33086e-08
 Reference value :  4.33334e-08
 Reference value :  4.33343e-08
 Reference value :  4.33348e-08
 Reference value :  4.33387e-08
 Reference value :  4.33701e-08
 Reference value :  4.34301e-08
 Reference value :  4.34901e-08
 Reference value :  4.35501e-08
 Reference value :  4.36101e-08
 Reference value :  4.36701e-08
 Reference value :  4.37301e-08
 Reference value :  4.37901e-08
 Reference value :  4.38501e-08
 Reference value :  4.39101e-08
 Reference value :  4.39701e-08
 Reference value :  4.40301e-08
 Reference value :  4.40901e-08
 Reference value :  4.41501e-08
 Reference value :  4.42101e-08
 Reference value :  4.42701e-08
 Reference value :  4.43301e-08
 Reference value :  4.43901e-08
 Reference value :  4.44444e-08
 Reference value :  4.44445e-08
 Reference value :  4.44451e-08
 Reference value :  4.44488e-08
 Reference value :  4.44523e-08
 Reference value :  4.44570e-08
 Reference value :  4.44633e-08
 Reference value :  4.44659e-08
 Reference value :  4.44746e-08
 Reference value :  4.44802e-08
 Reference value :  4.44866e-08
 Reference value :  4.44934e-08
 Reference value :  4.45018e-08
 Reference value :  4.45085e-08
 Reference value :  4.45155e-08
 Reference value :  4.45215e-08
 Reference value :  4.45245e-08
 Reference value :  4.45250e-08
 Reference value :  4.45269e-08
 Reference value :  4.45300e-08
 Reference value :  4.45338e-08
 Reference value :  4.45426e-08
 Reference value :  4.45531e-08
 Reference value :  4.45660e-08
 Reference value :  4.45823e-08
 Reference value :  4.46035e-08
 Reference value :  4.46309e-08
 Reference value :  4.46661e-08
 Reference value :  4.47061e-08
 Reference value :  4.47461e-08
 Reference value :  4.48061e-08
 Reference value :  4.48661e-08
 Reference value :  4.49261e-08
 Reference value :  4.49861e-08
 Reference value :  4.50461e-08
 Reference value :  4.51261e-08
 Reference value :  4.51861e-08
 Reference value :  4.52461e-08
 Reference value :  4.53061e-08
 Reference value :  4.53661e-08
 Reference value :  4.54261e-08
 Reference value :  4.54861e-08
 Reference value :  4.55556e-08
 Reference value :  4.55562e-08
 Reference value :  4.55568e-08
 Reference value :  4.55587e-08
 Reference value :  4.55923e-08
 Reference value :  4.56723e-08
 Reference value :  4.57323e-08
 Reference value :  4.57923e-08
 Reference value :  4.58523e-08
 Reference value :  4.59123e-08
 Reference value :  4.59723e-08
 Reference value :  4.60323e-08
 Reference value :  4.60923e-08
 Reference value :  4.61523e-08
 Reference value :  4.62123e-08
 Reference value :  4.62723e-08
 Reference value :  4.63323e-08
 Reference value :  4.63923e-08
 Reference value :  4.64723e-08
 Reference value :  4.65323e-08
 Reference value :  4.65923e-08
 Reference value :  4.66523e-08
 Reference value :  4.67123e-08
 Reference value :  4.67723e-08
 Reference value :  4.68323e-08
 Reference value :  4.68923e-08
 Reference value :  4.69523e-08
 Reference value :  4.70123e-08
 Reference value :  4.70371e-08
 Reference value :  4.70381e-08
 Reference value :  4.70391e-08
 Reference value :  4.70469e-08
 Reference value :  4.70938e-08
 Reference value :  4.71738e-08
 Reference value :  4.72338e-08
 Reference value :  4.72938e-08
 Reference value :  4.73538e-08
 Reference value :  4.74138e-08
 Reference value :  4.74738e-08
 Reference value :  4.75338e-08
 Reference value :  4.75938e-08
 Reference value :  4.76538e-08
 Reference value :  4.77138e-08
 Reference value :  4.77938e-08
 Reference value :  4.78738e-08
 Reference value :  4.79338e-08
 Reference value :  4.80138e-08
 Reference value :  4.80738e-08
 Reference value :  4.81481e-08
 Reference value :  4.81482e-08
 Reference value :  4.81496e-08
 Reference value :  4.81542e-08
 Reference value :  4.81607e-08
 Reference value :  4.81670e-08
 Reference value :  4.81727e-08
 Reference value :  4.81783e-08
 Reference value :  4.81839e-08
 Reference value :  4.81903e-08
 Reference value :  4.81971e-08
 Reference value :  4.82055e-08
 Reference value :  4.82092e-08
 Reference value :  4.82122e-08
 Reference value :  4.82192e-08
 Reference value :  4.82223e-08
 Reference value :  4.82281e-08
 Reference value :  4.82282e-08
 Reference value :  4.82287e-08
 Reference value :  4.82306e-08
 Reference value :  4.82337e-08
 Reference value :  4.82375e-08
 Reference value :  4.82427e-08
 Reference value :  4.82513e-08
 Reference value :  4.82630e-08
 Reference value :  4.82775e-08
 Reference value :  4.82961e-08
 Reference value :  4.83202e-08
 Reference value :  4.83513e-08
 Reference value :  4.83898e-08
 Reference value :  4.84298e-08
 Reference value :  4.84898e-08
 Reference value :  4.85498e-08
 Reference value :  4.86098e-08
 Reference value :  4.86698e-08
 Reference value :  4.87298e-08
 Reference value :  4.87898e-08
 Reference value :  4.88498e-08
 Reference value :  4.89098e-08
 Reference value :  4.89698e-08
 Reference value :  4.90498e-08
 Reference value :  4.91298e-08
 Reference value :  4.91898e-08
 Reference value :  4.92445e-08
 Reference value :  4.92596e-08
 Reference value :  4.92603e-08
 Reference value :  4.92613e-08
 Reference value :  4.92781e-08
 Reference value :  4.93360e-08
 Reference value :  4.93960e-08
 Reference value :  4.94560e-08
 Reference value :  4.95160e-08
 Reference value :  4.95760e-08
 Reference value :  4.96360e-08
 Reference value :  4.96960e-08
 Reference value :  4.97560e-08
 Reference value :  4.98160e-08
 Reference value :  4.98760e-08
 Reference value :  4.99360e-08
 Reference value :  4.99960e-08
 Reference value :  5.00560e-08
 Reference value :  5.01160e-08
 Reference value :  5.01760e-08
 Reference value :  5.02360e-08
 Reference value :  5.02960e-08
 Reference value :  5.03560e-08
 Reference value :  5.04160e-08
 Reference value :  5.04760e-08
 Reference value :  5.05360e-08
 Reference value :  5.05960e-08
 Reference value :  5.06560e-08
 Reference value :  5.07284e-08
 Reference value :  5.07410e-08
 Reference value :  5.07418e-08
 Reference value :  5.07428e-08
 Reference value :  5.07506e-08
 Reference value :  5.07975e-08
 Reference value :  5.08575e-08
 Reference value :  5.09175e-08
 Reference value :  5.09775e-08
 Reference value :  5.10375e-08
 Reference value :  5.10975e-08
 Reference value :  5.11575e-08
 Reference value :  5.12175e-08
 Reference value :  5.12775e-08
 Reference value :  5.13375e-08
 Reference value :  5.13975e-08
 Reference value :  5.14575e-08
 Reference value :  5.15175e-08
 Reference value :  5.15775e-08
 Reference value :  5.16375e-08
 Reference value :  5.16975e-08
 Reference value :  5.17575e-08
 Reference value :  5.18175e-08
 Reference value :  5.18519e-08
 Reference value :  5.18525e-08
 Reference value :  5.18547e-08
 Reference value :  5.18579e-08
 Reference value :  5.18620e-08
 Reference value :  5.18678e-08
 Reference value :  5.18707e-08
 Reference value :  5.18733e-08
 Reference value :  5.18794e-08
 Reference value :  5.18820e-08
 Reference value :  5.18876e-08
 Reference value :  5.18940e-08
 Reference value :  5.19009e-08
 Reference value :  5.19092e-08
 Reference value :  5.19129e-08
 Reference value :  5.19159e-08
 Reference value :  5.19229e-08
 Reference value :  5.19260e-08
 Reference value :  5.19319e-08
 Reference value :  5.19319e-08
 Reference value :  5.19324e-08
 Reference value :  5.19343e-08
 Reference value :  5.19374e-08
 Reference value :  5.19412e-08
 Reference value :  5.19464e-08
 Reference value :  5.19550e-08
 Reference value :  5.19667e-08
 Reference value :  5.19812e-08
 Reference value :  5.19998e-08
 Reference value :  5.20239e-08
 Reference value :  5.20550e-08
 Reference value :  5.20935e-08
 Reference value :  5.21335e-08
 Reference value :  5.21935e-08
 Reference value :  5.22535e-08
 Reference value :  5.23135e-08
 Reference value :  5.23735e-08
 Reference value :  5.24335e-08
 Reference value :  5.25135e-08
 Reference value :  5.25735e-08
 Reference value :  5.26335e-08
 Reference value :  5.26935e-08
 Reference value :  5.27535e-08
 Reference value :  5.28135e-08
 Reference value :  5.28735e-08
 Reference value :  5.29335e-08
 Reference value :  5.29631e-08
 Reference value :  5.29640e-08
 Reference value :  5.29645e-08
 Reference value :  5.29684e-08
 Reference value :  5.29997e-08
 Reference value :  5.30597e-08
 Reference value :  5.31197e-08
 Reference value :  5.31797e-08
 Reference value :  5.32397e-08
 Reference value :  5.32997e-08
 Reference value :  5.33597e-08
 Reference value :  5.34397e-08
 Reference value :  5.34997e-08
 Reference value :  5.35597e-08
 Reference value :  5.36397e-08
 Reference value :  5.36997e-08
 Reference value :  5.37597e-08
 Reference value :  5.38197e-08
 Reference value :  5.38797e-08
 Reference value :  5.39397e-08
 Reference value :  5.39997e-08
 Reference value :  5.40597e-08
 Reference value :  5.41197e-08
 Reference value :  5.41797e-08
 Reference value :  5.42397e-08
 Reference value :  5.42997e-08
 Reference value :  5.43597e-08
 Reference value :  5.44197e-08
 Reference value :  5.44445e-08
 Reference value :  5.44454e-08
 Reference value :  5.44459e-08
 Reference value :  5.44499e-08
 Reference value :  5.44812e-08
 Reference value :  5.45412e-08
 Reference value :  5.46012e-08
 Reference value :  5.46612e-08
 Reference value :  5.47212e-08
 Reference value :  5.48012e-08
 Reference value :  5.48812e-08
 Reference value :  5.49812e-08
 Reference value :  5.50812e-08
 Reference value :  5.51412e-08
 Reference value :  5.52012e-08
 Reference value :  5.52612e-08
 Reference value :  5.53212e-08
 Reference value :  5.53812e-08
 Reference value :  5.54412e-08
 Reference value :  5.55012e-08
 Reference value :  5.55556e-08
 Reference value :  5.55557e-08
 Reference value :  5.55570e-08
 Reference value :  5.55599e-08
 Reference value :  5.55634e-08
 Reference value :  5.55682e-08
 Reference value :  5.55744e-08
 Reference value :  5.55770e-08
 Reference value :  5.55831e-08
 Reference value :  5.55857e-08
 Reference value :  5.55913e-08
 Reference value :  5.55977e-08
 Reference value :  5.56046e-08
 Reference value :  5.56129e-08
 Reference value :  5.56166e-08
 Reference value :  5.56232e-08
 Reference value :  5.56297e-08
 Reference value :  5.56356e-08
 Reference value :  5.56356e-08
 Reference value :  5.56361e-08
 Reference value :  5.56380e-08
 Reference value :  5.56411e-08
 Reference value :  5.56449e-08
 Reference value :  5.56501e-08
 Reference value :  5.56642e-08
 Reference value :  5.56849e-08
 Reference value :  5.57146e-08
 Reference value :  5.57420e-08
 Reference value :  5.57972e-08
 Reference value :  5.58572e-08
 Reference value :  5.59172e-08
 Reference value :  5.59772e-08
 Reference value :  5.60572e-08
 Reference value :  5.61372e-08
 Reference value :  5.61972e-08
 Reference value :  5.62572e-08
 Reference value :  5.63172e-08
 Reference value :  5.63772e-08
 Reference value :  5.64372e-08
 Reference value :  5.64972e-08
 Reference value :  5.65772e-08
 Reference value :  5.66372e-08
 Reference value :  5.66668e-08
 Reference value :  5.66677e-08
 Reference value :  5.66682e-08
 Reference value :  5.66721e-08
 Reference value :  5.67034e-08
 Reference value :  5.67634e-08
 Reference value :  5.68234e-08
 Reference value :  5.68834e-08
 Reference value :  5.69434e-08
 Reference value :  5.70034e-08
 Reference value :  5.70634e-08
 Reference value :  5.71234e-08
 Reference value :  5.71834e-08
 Reference value :  5.72434e-08
 Reference value :  5.73034e-08
 Reference value :  5.73634e-08
 Reference value :  5.74434e-08
 Reference value :  5.75034e-08
 Reference value :  5.75634e-08
 Reference value :  5.76234e-08
 Reference value :  5.76834e-08
 Reference value :  5.77434e-08
 Reference value :  5.78034e-08
 Reference value :  5.78634e-08
 Reference value :  5.79234e-08
 Reference value :  5.79834e-08
 Reference value :  5.80434e-08
 Reference value :  5.81034e-08
 Reference value :  5.81481e-08
 Reference value :  5.81488e-08
 Reference value :  5.81494e-08
 Reference value :  5.81513e-08
 Reference value :  5.81670e-08
 Reference value :  5.82249e-08
 Reference value :  5.82849e-08
 Reference value :  5.83449e-08
 Reference value :  5.84049e-08
 Reference value :  5.84649e-08
 Reference value :  5.85185e-08
 Reference value :  5.85192e-08
 Reference value :  5.85200e-08
 Reference value :  5.85239e-08
 Reference value :  5.85553e-08
 Reference value :  5.86153e-08
 Reference value :  5.86753e-08
 Reference value :  5.87353e-08
 Reference value :  5.87953e-08
 Reference value :  5.88553e-08
 Reference value :  5.89153e-08
 Reference value :  5.89753e-08
 Reference value :  5.90353e-08
 Reference value :  5.91153e-08
 Reference value :  5.91673e-08
 Reference value :  5.91793e-08
 Reference value :  5.91798e-08
 Reference value :  5.91830e-08
 Reference value :  5.91863e-08
 Reference value :  5.91907e-08
 Reference value :  5.91974e-08
 Reference value :  5.92002e-08
 Reference value :  5.92061e-08
 Reference value :  5.92088e-08
 Reference value :  5.92114e-08
 Reference value :  5.92172e-08
 Reference value :  5.92202e-08
 Reference value :  5.92269e-08
 Reference value :  5.92355e-08
 Reference value :  5.92431e-08
 Reference value :  5.92500e-08
 Reference value :  5.92562e-08
 Reference value :  5.92593e-08
 Reference value :  5.92599e-08
 Reference value :  5.92618e-08
 Reference value :  5.92650e-08
 Reference value :  5.92688e-08
 Reference value :  5.92741e-08
 Reference value :  5.92830e-08
 Reference value :  5.92948e-08
 Reference value :  5.93094e-08
 Reference value :  5.93282e-08
 Reference value :  5.93526e-08
 Reference value :  5.93841e-08
 Reference value :  5.94227e-08
 Reference value :  5.94627e-08
 Reference value :  5.95227e-08
 Reference value :  5.95827e-08
 Reference value :  5.96427e-08
 Reference value :  5.97027e-08
 Reference value :  5.97627e-08
 Reference value :  5.98427e-08
 Reference value :  5.99027e-08
 Reference value :  5.99627e-08
 Reference value :  6.00227e-08
 Reference value :  6.00827e-08
 Reference value :  6.01427e-08
 Reference value :  6.02027e-08
 Reference value :  6.02627e-08
 Reference value :  6.03227e-08
 Reference value :  6.03827e-08
 Reference value :  6.04427e-08
 Reference value :  6.05027e-08
 Reference value :  6.05627e-08
 Reference value :  6.06227e-08
 Reference value :  6.06827e-08
 Reference value :  6.07427e-08
 Reference value :  6.08027e-08
 Reference value :  6.08627e-08
 Reference value :  6.09227e-08
 Reference value :  6.09813e-08
No. of Data Rows : 3593
m_ui_ref            =  3.70370e-09 targ=  3.70770e-08 trig=  3.33733e-08
m_spa_in            =  1.48148e-08 targ=  4.81881e-08 trig=  3.33733e-08
m_spb_in            =  1.11111e-08 targ=  4.44844e-08 trig=  3.33733e-08
m_spa_c0            =  1.48148e-08 targ=  4.81946e-08 trig=  3.33798e-08
m_spb_c0            =  1.11111e-08 targ=  4.44909e-08 trig=  3.33798e-08
m_trise_c0          =  4.33377e-11 targ=  3.71006e-08 trig=  3.70573e-08
m_tfall_c0          =  4.33445e-11 targ=  4.08043e-08 trig=  4.07610e-08
m_spa_c1            =  1.48148e-08 targ=  4.82259e-08 trig=  3.34111e-08
m_spb_c1            =  1.11111e-08 targ=  4.45222e-08 trig=  3.34111e-08
m_trise_c1          =  1.08361e-10 targ=  3.71875e-08 trig=  3.70792e-08
m_tfall_c1          =  1.08416e-10 targ=  4.08913e-08 trig=  4.07829e-08
m_spa_c2            =  1.48148e-08 targ=  4.82554e-08 trig=  3.34406e-08
m_spb_c2            =  1.11111e-08 targ=  4.45517e-08 trig=  3.34406e-08
m_trise_c2          =  2.11655e-10 targ=  3.72997e-08 trig=  3.70880e-08
m_tfall_c2          =  2.11697e-10 targ=  4.10034e-08 trig=  4.07917e-08
m_spa_cmis          =  1.48148e-08 targ=  4.82356e-08 trig=  3.34208e-08
m_spb_cmis          =  1.11128e-08 targ=  4.45336e-08 trig=  3.34208e-08
m_dj_ui_c0 = 2.6999997835e-06
m_swing_c0 = 5.1034969671e-01
m_vpp_c0 = 6.6853390477e-01
m_vcm_c0 = 3.0448251453e+00
m_dj_ui_c1 = 2.6999997835e-06
m_swing_c1 = 5.1037854303e-01
m_vpp_c1 = 5.1983173006e-01
m_vcm_c1 = 3.0448107231e+00
m_dj_ui_c2 = 2.6999997844e-06
m_swing_c2 = 5.1037269225e-01
m_vpp_c2 = 5.1493029652e-01
m_vcm_c2 = 3.0448136468e+00
m_dj_ui_cmis = 4.4819996414e-04
m_swing_cmis = 5.1037126590e-01
m_swing_avcclo = 5.1001696622e-01
m_vcm_avcclo = 2.7149915124e+00
m_swing_avcchi = 5.1069836880e-01
m_vcm_avcchi = 3.3746508092e+00
m_vgs_sw_max = 1.5721044692e+00
m_vgd_sw_max = 1.6334999882e+00
m_vds_sw_max = 2.2255327161e+00
m_vgs_tail_max = 1.1349368983e+00
m_vds_tail_max = 1.6174694253e+00
m_swing_dc = 5.0989290352e-01
m_vcm_dc = 3.0450535375e+00
m_ioff_dc = 2.1519802829e-10
m_itail_dc = 1.0197858501e-02
m_icell_dc = 1.0697858502e-02
m_ro_leg = 4.9825008945e+04
Note: Simulation executed from .control section 

