
Note: No compatibility mode selected!


Circuit: * cml-driver-eye @ tt_125c_3.30v_270mbps -- generated by sim/harness, do not edit

Doing analysis at TEMP = 125.000000 and TNOM = 27.000000

Using SPARSE 1.3 as Direct Linear Solver

Initial Transient Solution
--------------------------

Node                                   Voltage
----                                   -------
avcc                                       3.3
avcclo                                    2.97
avcchi                                    3.63
inp                                      2.805
inn                                      1.815
inpz                                     2.805
innz                                     1.815
inref                                     0.99
win                                          0
winc                                         0
xc0.tail                               1.28727
ib_c0                                  1.11867
outp_c0                                2.79668
outn_c0                                3.29957
vd_c0                                 0.502897
xc1.tail                               1.28727
ib_c1                                  1.11867
outp_c1                                2.79668
outn_c1                                3.29957
vd_c1                                 0.502897
xc2.tail                               1.28727
ib_c2                                  1.11867
outp_c2                                2.79668
outn_c2                                3.29957
vd_c2                                 0.502897
xcmis.tail                             1.28727
ib_cmis                                1.11867
outp_cmis                              2.79668
outn_cmis                              3.29957
vd_cmis                               0.502897
xvlo.tail                              1.26924
ib_vlo                                 1.11867
outp_vlo                               2.46712
outn_vlo                               2.96951
xvhi.tail                               1.3036
ib_vhi                                 1.11867
outp_vhi                                3.1263
outn_vhi                               3.62961
xz.tail                                1.28727
ib_z                                   1.11867
vss_z                                        0
outp_z                                 2.79668
outn_z                                 3.29957
xza.tail                               1.27689
ib_za                                  1.11867
outp_za                                    2.6
outn_za                                3.29946
xzb.tail                               1.29741
ib_zb                                  1.11867
outp_zb                                      3
outn_zb                                3.29966
ediff_cmis#branch                            0
ediff_c2#branch                              0
ediff_c1#branch                              0
ediff_c0#branch                              0
einref#branch                                0
vforce_zb#branch                    -0.0100725
vforce_za#branch                    -0.0100598
vsens_z#branch                        0.010575
vwinc#branch                                 0
vwin#branch                                  0
vinnz#branch                                 0
vinpz#branch                                 0
vinn#branch                                  0
vinp#branch                                  0
vavcchi#branch                      -0.0100817
vavcclo#branch                      -0.0100675
vavcc#branch                        -0.0503925

 Reference value :  0.00000e+00
 Reference value :  4.00000e-13
 Reference value :  3.20000e-12
 Reference value :  2.56000e-11
 Reference value :  8.56000e-11
 Reference value :  1.45600e-10
 Reference value :  2.05600e-10
 Reference value :  2.65600e-10
 Reference value :  3.25600e-10
 Reference value :  3.85600e-10
 Reference value :  4.45600e-10
 Reference value :  5.25600e-10
 Reference value :  5.85600e-10
 Reference value :  6.45600e-10
 Reference value :  7.05600e-10
 Reference value :  7.65600e-10
 Reference value :  8.25600e-10
 Reference value :  8.85600e-10
 Reference value :  9.45600e-10
 Reference value :  1.00560e-09
 Reference value :  1.06560e-09
 Reference value :  1.12560e-09
 Reference value :  1.18560e-09
 Reference value :  1.24560e-09
 Reference value :  1.30560e-09
 Reference value :  1.36560e-09
 Reference value :  1.42560e-09
 Reference value :  1.48560e-09
 Reference value :  1.54560e-09
 Reference value :  1.60560e-09
 Reference value :  1.66560e-09
 Reference value :  1.72560e-09
 Reference value :  1.78560e-09
 Reference value :  1.84560e-09
 Reference value :  1.90560e-09
 Reference value :  1.96560e-09
 Reference value :  2.02560e-09
 Reference value :  2.08560e-09
 Reference value :  2.16560e-09
 Reference value :  2.24560e-09
 Reference value :  2.32560e-09
 Reference value :  2.40560e-09
 Reference value :  2.46560e-09
 Reference value :  2.52560e-09
 Reference value :  2.58560e-09
 Reference value :  2.64560e-09
 Reference value :  2.70560e-09
 Reference value :  2.76560e-09
 Reference value :  2.82560e-09
 Reference value :  2.90560e-09
 Reference value :  2.96560e-09
 Reference value :  3.02560e-09
 Reference value :  3.08560e-09
 Reference value :  3.16560e-09
 Reference value :  3.22560e-09
 Reference value :  3.28560e-09
 Reference value :  3.34560e-09
 Reference value :  3.40560e-09
 Reference value :  3.46560e-09
 Reference value :  3.52560e-09
 Reference value :  3.58560e-09
 Reference value :  3.64560e-09
 Reference value :  3.70560e-09
 Reference value :  3.76560e-09
 Reference value :  3.82560e-09
 Reference value :  3.88560e-09
 Reference value :  3.94560e-09
 Reference value :  4.00560e-09
 Reference value :  4.06560e-09
 Reference value :  4.12560e-09
 Reference value :  4.18560e-09
 Reference value :  4.24560e-09
 Reference value :  4.32560e-09
 Reference value :  4.38560e-09
 Reference value :  4.44560e-09
 Reference value :  4.50560e-09
 Reference value :  4.56560e-09
 Reference value :  4.62560e-09
 Reference value :  4.68560e-09
 Reference value :  4.74560e-09
 Reference value :  4.80560e-09
 Reference value :  4.86560e-09
 Reference value :  4.94560e-09
 Reference value :  5.00560e-09
 Reference value :  5.08560e-09
 Reference value :  5.16560e-09
 Reference value :  5.24560e-09
 Reference value :  5.32560e-09
 Reference value :  5.38560e-09
 Reference value :  5.44560e-09
 Reference value :  5.50560e-09
 Reference value :  5.56560e-09
 Reference value :  5.62560e-09
 Reference value :  5.68560e-09
 Reference value :  5.74560e-09
 Reference value :  5.80560e-09
 Reference value :  5.86560e-09
 Reference value :  5.92560e-09
 Reference value :  5.98560e-09
 Reference value :  6.04560e-09
 Reference value :  6.10560e-09
 Reference value :  6.16560e-09
 Reference value :  6.22560e-09
 Reference value :  6.28560e-09
 Reference value :  6.34560e-09
 Reference value :  6.40560e-09
 Reference value :  6.46560e-09
 Reference value :  6.52560e-09
 Reference value :  6.60560e-09
 Reference value :  6.66560e-09
 Reference value :  6.72560e-09
 Reference value :  6.80560e-09
 Reference value :  6.86560e-09
 Reference value :  6.92560e-09
 Reference value :  6.98560e-09
 Reference value :  7.04560e-09
 Reference value :  7.10560e-09
 Reference value :  7.16560e-09
 Reference value :  7.24560e-09
 Reference value :  7.30560e-09
 Reference value :  7.36560e-09
 Reference value :  7.42560e-09
 Reference value :  7.48560e-09
 Reference value :  7.54560e-09
 Reference value :  7.60560e-09
 Reference value :  7.66560e-09
 Reference value :  7.72560e-09
 Reference value :  7.78560e-09
 Reference value :  7.84560e-09
 Reference value :  7.90560e-09
 Reference value :  7.98560e-09
 Reference value :  8.04560e-09
 Reference value :  8.10560e-09
 Reference value :  8.16560e-09
 Reference value :  8.22560e-09
 Reference value :  8.30560e-09
 Reference value :  8.36560e-09
 Reference value :  8.42560e-09
 Reference value :  8.48560e-09
 Reference value :  8.54560e-09
 Reference value :  8.62560e-09
 Reference value :  8.68560e-09
 Reference value :  8.76560e-09
 Reference value :  8.82560e-09
 Reference value :  8.88560e-09
 Reference value :  8.94560e-09
 Reference value :  9.00560e-09
 Reference value :  9.06560e-09
 Reference value :  9.12560e-09
 Reference value :  9.20560e-09
 Reference value :  9.26560e-09
 Reference value :  9.32560e-09
 Reference value :  9.40560e-09
 Reference value :  9.46560e-09
 Reference value :  9.52560e-09
 Reference value :  9.58560e-09
 Reference value :  9.64560e-09
 Reference value :  9.70560e-09
 Reference value :  9.76560e-09
 Reference value :  9.82560e-09
 Reference value :  9.88560e-09
 Reference value :  9.94560e-09
 Reference value :  1.00056e-08
 Reference value :  1.00656e-08
 Reference value :  1.01256e-08
 Reference value :  1.01856e-08
 Reference value :  1.02456e-08
 Reference value :  1.03056e-08
 Reference value :  1.03656e-08
 Reference value :  1.04256e-08
 Reference value :  1.04856e-08
 Reference value :  1.05456e-08
 Reference value :  1.06056e-08
 Reference value :  1.06656e-08
 Reference value :  1.07256e-08
 Reference value :  1.07856e-08
 Reference value :  1.08456e-08
 Reference value :  1.09056e-08
 Reference value :  1.09656e-08
 Reference value :  1.10256e-08
 Reference value :  1.11056e-08
 Reference value :  1.11656e-08
 Reference value :  1.12256e-08
 Reference value :  1.12856e-08
 Reference value :  1.13456e-08
 Reference value :  1.14056e-08
 Reference value :  1.14656e-08
 Reference value :  1.15256e-08
 Reference value :  1.15856e-08
 Reference value :  1.16456e-08
 Reference value :  1.17056e-08
 Reference value :  1.17656e-08
 Reference value :  1.18256e-08
 Reference value :  1.18856e-08
 Reference value :  1.19456e-08
 Reference value :  1.20056e-08
 Reference value :  1.20656e-08
 Reference value :  1.21256e-08
 Reference value :  1.22056e-08
 Reference value :  1.22656e-08
 Reference value :  1.23256e-08
 Reference value :  1.23856e-08
 Reference value :  1.24456e-08
 Reference value :  1.25056e-08
 Reference value :  1.25656e-08
 Reference value :  1.26256e-08
 Reference value :  1.26856e-08
 Reference value :  1.27456e-08
 Reference value :  1.28056e-08
 Reference value :  1.28656e-08
 Reference value :  1.29256e-08
 Reference value :  1.29856e-08
 Reference value :  1.30656e-08
 Reference value :  1.31256e-08
 Reference value :  1.31856e-08
 Reference value :  1.32456e-08
 Reference value :  1.33056e-08
 Reference value :  1.33656e-08
 Reference value :  1.34256e-08
 Reference value :  1.34856e-08
 Reference value :  1.35456e-08
 Reference value :  1.36056e-08
 Reference value :  1.36656e-08
 Reference value :  1.37256e-08
 Reference value :  1.37856e-08
 Reference value :  1.38456e-08
 Reference value :  1.39056e-08
 Reference value :  1.39656e-08
 Reference value :  1.40256e-08
 Reference value :  1.40856e-08
 Reference value :  1.41456e-08
 Reference value :  1.42056e-08
 Reference value :  1.42856e-08
 Reference value :  1.43456e-08
 Reference value :  1.44056e-08
 Reference value :  1.44656e-08
 Reference value :  1.45256e-08
 Reference value :  1.45856e-08
 Reference value :  1.46456e-08
 Reference value :  1.47256e-08
 Reference value :  1.48056e-08
 Reference value :  1.48656e-08
 Reference value :  1.49256e-08
 Reference value :  1.49856e-08
 Reference value :  1.50456e-08
 Reference value :  1.51056e-08
 Reference value :  1.51656e-08
 Reference value :  1.52256e-08
 Reference value :  1.52856e-08
 Reference value :  1.53456e-08
 Reference value :  1.54256e-08
 Reference value :  1.54856e-08
 Reference value :  1.55456e-08
 Reference value :  1.56056e-08
 Reference value :  1.56656e-08
 Reference value :  1.57456e-08
 Reference value :  1.58256e-08
 Reference value :  1.58856e-08
 Reference value :  1.59456e-08
 Reference value :  1.60056e-08
 Reference value :  1.60656e-08
 Reference value :  1.61256e-08
 Reference value :  1.61856e-08
 Reference value :  1.62456e-08
 Reference value :  1.63056e-08
 Reference value :  1.63656e-08
 Reference value :  1.64256e-08
 Reference value :  1.65056e-08
 Reference value :  1.65656e-08
 Reference value :  1.66456e-08
 Reference value :  1.67056e-08
 Reference value :  1.67656e-08
 Reference value :  1.68256e-08
 Reference value :  1.68856e-08
 Reference value :  1.69456e-08
 Reference value :  1.70056e-08
 Reference value :  1.70856e-08
 Reference value :  1.71656e-08
 Reference value :  1.72256e-08
 Reference value :  1.72856e-08
 Reference value :  1.73456e-08
 Reference value :  1.74056e-08
 Reference value :  1.74656e-08
 Reference value :  1.75256e-08
 Reference value :  1.75856e-08
 Reference value :  1.76456e-08
 Reference value :  1.77056e-08
 Reference value :  1.77856e-08
 Reference value :  1.78656e-08
 Reference value :  1.79256e-08
 Reference value :  1.80056e-08
 Reference value :  1.80656e-08
 Reference value :  1.81256e-08
 Reference value :  1.81856e-08
 Reference value :  1.82456e-08
 Reference value :  1.83056e-08
 Reference value :  1.83656e-08
 Reference value :  1.84456e-08
 Reference value :  1.85056e-08
 Reference value :  1.85656e-08
 Reference value :  1.86256e-08
 Reference value :  1.86856e-08
 Reference value :  1.87456e-08
 Reference value :  1.88056e-08
 Reference value :  1.88656e-08
 Reference value :  1.89256e-08
 Reference value :  1.89856e-08
 Reference value :  1.90456e-08
 Reference value :  1.91056e-08
 Reference value :  1.91656e-08
 Reference value :  1.92256e-08
 Reference value :  1.92856e-08
 Reference value :  1.93456e-08
 Reference value :  1.94056e-08
 Reference value :  1.94656e-08
 Reference value :  1.95456e-08
 Reference value :  1.96056e-08
 Reference value :  1.96856e-08
 Reference value :  1.97656e-08
 Reference value :  1.98456e-08
 Reference value :  1.99056e-08
 Reference value :  1.99656e-08
 Reference value :  2.00456e-08
 Reference value :  2.01056e-08
 Reference value :  2.01656e-08
 Reference value :  2.02256e-08
 Reference value :  2.03056e-08
 Reference value :  2.03856e-08
 Reference value :  2.04656e-08
 Reference value :  2.05456e-08
 Reference value :  2.06056e-08
 Reference value :  2.06656e-08
 Reference value :  2.07256e-08
 Reference value :  2.07856e-08
 Reference value :  2.08456e-08
 Reference value :  2.09056e-08
 Reference value :  2.09656e-08
 Reference value :  2.10256e-08
 Reference value :  2.11056e-08
 Reference value :  2.11656e-08
 Reference value :  2.12456e-08
 Reference value :  2.13056e-08
 Reference value :  2.13856e-08
 Reference value :  2.14656e-08
 Reference value :  2.15256e-08
 Reference value :  2.15856e-08
 Reference value :  2.16656e-08
 Reference value :  2.17456e-08
 Reference value :  2.18256e-08
 Reference value :  2.19056e-08
 Reference value :  2.19856e-08
 Reference value :  2.20656e-08
 Reference value :  2.21456e-08
 Reference value :  2.22256e-08
 Reference value :  2.23056e-08
 Reference value :  2.23856e-08
 Reference value :  2.24656e-08
 Reference value :  2.25456e-08
 Reference value :  2.26256e-08
 Reference value :  2.27056e-08
 Reference value :  2.27856e-08
 Reference value :  2.28456e-08
 Reference value :  2.29056e-08
 Reference value :  2.29656e-08
 Reference value :  2.30456e-08
 Reference value :  2.31056e-08
 Reference value :  2.31656e-08
 Reference value :  2.32256e-08
 Reference value :  2.33056e-08
 Reference value :  2.33856e-08
 Reference value :  2.34456e-08
 Reference value :  2.35056e-08
 Reference value :  2.35656e-08
 Reference value :  2.36256e-08
 Reference value :  2.37056e-08
 Reference value :  2.37856e-08
 Reference value :  2.38456e-08
 Reference value :  2.39056e-08
 Reference value :  2.39656e-08
 Reference value :  2.40456e-08
 Reference value :  2.41256e-08
 Reference value :  2.42056e-08
 Reference value :  2.42856e-08
 Reference value :  2.43456e-08
 Reference value :  2.44256e-08
 Reference value :  2.44856e-08
 Reference value :  2.45656e-08
 Reference value :  2.46456e-08
 Reference value :  2.47056e-08
 Reference value :  2.47656e-08
 Reference value :  2.48256e-08
 Reference value :  2.49056e-08
 Reference value :  2.49856e-08
 Reference value :  2.50656e-08
 Reference value :  2.51256e-08
 Reference value :  2.51856e-08
 Reference value :  2.52456e-08
 Reference value :  2.53056e-08
 Reference value :  2.53656e-08
 Reference value :  2.54256e-08
 Reference value :  2.54856e-08
 Reference value :  2.55456e-08
 Reference value :  2.56256e-08
 Reference value :  2.56856e-08
 Reference value :  2.57456e-08
 Reference value :  2.58056e-08
 Reference value :  2.58656e-08
 Reference value :  2.59256e-08
 Reference value :  2.59856e-08
 Reference value :  2.60456e-08
 Reference value :  2.61056e-08
 Reference value :  2.61656e-08
 Reference value :  2.62256e-08
 Reference value :  2.62856e-08
 Reference value :  2.63456e-08
 Reference value :  2.64056e-08
 Reference value :  2.64656e-08
 Reference value :  2.65256e-08
 Reference value :  2.65856e-08
 Reference value :  2.66456e-08
 Reference value :  2.67056e-08
 Reference value :  2.67656e-08
 Reference value :  2.68256e-08
 Reference value :  2.68856e-08
 Reference value :  2.69456e-08
 Reference value :  2.70056e-08
 Reference value :  2.70656e-08
 Reference value :  2.71256e-08
 Reference value :  2.72056e-08
 Reference value :  2.72656e-08
 Reference value :  2.73256e-08
 Reference value :  2.73856e-08
 Reference value :  2.74456e-08
 Reference value :  2.75056e-08
 Reference value :  2.75656e-08
 Reference value :  2.76256e-08
 Reference value :  2.77056e-08
 Reference value :  2.77656e-08
 Reference value :  2.78256e-08
 Reference value :  2.78856e-08
 Reference value :  2.79456e-08
 Reference value :  2.80056e-08
 Reference value :  2.80656e-08
 Reference value :  2.81256e-08
 Reference value :  2.82056e-08
 Reference value :  2.82656e-08
 Reference value :  2.83256e-08
 Reference value :  2.83856e-08
 Reference value :  2.84456e-08
 Reference value :  2.85056e-08
 Reference value :  2.85656e-08
 Reference value :  2.86256e-08
 Reference value :  2.86856e-08
 Reference value :  2.87456e-08
 Reference value :  2.88056e-08
 Reference value :  2.88656e-08
 Reference value :  2.89256e-08
 Reference value :  2.90056e-08
 Reference value :  2.90856e-08
 Reference value :  2.91456e-08
 Reference value :  2.92056e-08
 Reference value :  2.92856e-08
 Reference value :  2.93456e-08
 Reference value :  2.94056e-08
 Reference value :  2.94656e-08
 Reference value :  2.95256e-08
 Reference value :  2.96056e-08
 Reference value :  2.97056e-08
 Reference value :  2.97856e-08
 Reference value :  2.98656e-08
 Reference value :  2.99256e-08
 Reference value :  3.00056e-08
 Reference value :  3.00656e-08
 Reference value :  3.01256e-08
 Reference value :  3.01856e-08
 Reference value :  3.02856e-08
 Reference value :  3.03456e-08
 Reference value :  3.04256e-08
 Reference value :  3.04856e-08
 Reference value :  3.05456e-08
 Reference value :  3.06056e-08
 Reference value :  3.06656e-08
 Reference value :  3.07256e-08
 Reference value :  3.07856e-08
 Reference value :  3.08456e-08
 Reference value :  3.09056e-08
 Reference value :  3.09656e-08
 Reference value :  3.10256e-08
 Reference value :  3.10856e-08
 Reference value :  3.11656e-08
 Reference value :  3.12256e-08
 Reference value :  3.12856e-08
 Reference value :  3.13456e-08
 Reference value :  3.14056e-08
 Reference value :  3.14656e-08
 Reference value :  3.15256e-08
 Reference value :  3.15856e-08
 Reference value :  3.16456e-08
 Reference value :  3.17056e-08
 Reference value :  3.17656e-08
 Reference value :  3.18256e-08
 Reference value :  3.18856e-08
 Reference value :  3.19456e-08
 Reference value :  3.20056e-08
 Reference value :  3.20856e-08
 Reference value :  3.21456e-08
 Reference value :  3.22256e-08
 Reference value :  3.22856e-08
 Reference value :  3.23456e-08
 Reference value :  3.24056e-08
 Reference value :  3.24656e-08
 Reference value :  3.25256e-08
 Reference value :  3.25856e-08
 Reference value :  3.26456e-08
 Reference value :  3.27056e-08
 Reference value :  3.27656e-08
 Reference value :  3.28256e-08
 Reference value :  3.28856e-08
 Reference value :  3.29456e-08
 Reference value :  3.30056e-08
 Reference value :  3.30656e-08
 Reference value :  3.31456e-08
 Reference value :  3.32056e-08
 Reference value :  3.32656e-08
 Reference value :  3.33195e-08
 Reference value :  3.33334e-08
 Reference value :  3.33339e-08
 Reference value :  3.33358e-08
 Reference value :  3.33394e-08
 Reference value :  3.33438e-08
 Reference value :  3.33502e-08
 Reference value :  3.33541e-08
 Reference value :  3.33628e-08
 Reference value :  3.33728e-08
 Reference value :  3.33840e-08
 Reference value :  3.33976e-08
 Reference value :  3.34033e-08
 Reference value :  3.34134e-08
 Reference value :  3.34140e-08
 Reference value :  3.34161e-08
 Reference value :  3.34197e-08
 Reference value :  3.34240e-08
 Reference value :  3.34301e-08
 Reference value :  3.34400e-08
 Reference value :  3.34553e-08
 Reference value :  3.34728e-08
 Reference value :  3.34942e-08
 Reference value :  3.35204e-08
 Reference value :  3.35534e-08
 Reference value :  3.35934e-08
 Reference value :  3.36334e-08
 Reference value :  3.36734e-08
 Reference value :  3.37534e-08
 Reference value :  3.38134e-08
 Reference value :  3.38734e-08
 Reference value :  3.39334e-08
 Reference value :  3.39934e-08
 Reference value :  3.40534e-08
 Reference value :  3.41134e-08
 Reference value :  3.41734e-08
 Reference value :  3.42334e-08
 Reference value :  3.42934e-08
 Reference value :  3.43534e-08
 Reference value :  3.44334e-08
 Reference value :  3.44934e-08
 Reference value :  3.45734e-08
 Reference value :  3.46334e-08
 Reference value :  3.46934e-08
 Reference value :  3.47534e-08
 Reference value :  3.48134e-08
 Reference value :  3.48734e-08
 Reference value :  3.49334e-08
 Reference value :  3.49934e-08
 Reference value :  3.50734e-08
 Reference value :  3.51334e-08
 Reference value :  3.52134e-08
 Reference value :  3.52734e-08
 Reference value :  3.53334e-08
 Reference value :  3.53934e-08
 Reference value :  3.54534e-08
 Reference value :  3.55134e-08
 Reference value :  3.55734e-08
 Reference value :  3.56334e-08
 Reference value :  3.56934e-08
 Reference value :  3.57534e-08
 Reference value :  3.58334e-08
 Reference value :  3.58934e-08
 Reference value :  3.59534e-08
 Reference value :  3.60134e-08
 Reference value :  3.60734e-08
 Reference value :  3.61334e-08
 Reference value :  3.62134e-08
 Reference value :  3.62934e-08
 Reference value :  3.63534e-08
 Reference value :  3.64134e-08
 Reference value :  3.64734e-08
 Reference value :  3.65334e-08
 Reference value :  3.65934e-08
 Reference value :  3.66534e-08
 Reference value :  3.67334e-08
 Reference value :  3.67934e-08
 Reference value :  3.68534e-08
 Reference value :  3.69134e-08
 Reference value :  3.69734e-08
 Reference value :  3.70252e-08
 Reference value :  3.70371e-08
 Reference value :  3.70381e-08
 Reference value :  3.70409e-08
 Reference value :  3.70447e-08
 Reference value :  3.70529e-08
 Reference value :  3.70660e-08
 Reference value :  3.70810e-08
 Reference value :  3.71003e-08
 Reference value :  3.71116e-08
 Reference value :  3.71171e-08
 Reference value :  3.71177e-08
 Reference value :  3.71200e-08
 Reference value :  3.71236e-08
 Reference value :  3.71281e-08
 Reference value :  3.71343e-08
 Reference value :  3.71445e-08
 Reference value :  3.71686e-08
 Reference value :  3.71881e-08
 Reference value :  3.72119e-08
 Reference value :  3.72416e-08
 Reference value :  3.72790e-08
 Reference value :  3.73190e-08
 Reference value :  3.73590e-08
 Reference value :  3.73990e-08
 Reference value :  3.74590e-08
 Reference value :  3.75390e-08
 Reference value :  3.75990e-08
 Reference value :  3.76590e-08
 Reference value :  3.77190e-08
 Reference value :  3.77778e-08
 Reference value :  3.77784e-08
 Reference value :  3.77790e-08
 Reference value :  3.77809e-08
 Reference value :  3.77966e-08
 Reference value :  3.78545e-08
 Reference value :  3.79145e-08
 Reference value :  3.79745e-08
 Reference value :  3.80345e-08
 Reference value :  3.80945e-08
 Reference value :  3.81481e-08
 Reference value :  3.81488e-08
 Reference value :  3.81494e-08
 Reference value :  3.81536e-08
 Reference value :  3.81849e-08
 Reference value :  3.82449e-08
 Reference value :  3.83049e-08
 Reference value :  3.83649e-08
 Reference value :  3.84249e-08
 Reference value :  3.84849e-08
 Reference value :  3.85449e-08
 Reference value :  3.86049e-08
 Reference value :  3.86649e-08
 Reference value :  3.87249e-08
 Reference value :  3.87849e-08
 Reference value :  3.88449e-08
 Reference value :  3.89049e-08
 Reference value :  3.89649e-08
 Reference value :  3.90249e-08
 Reference value :  3.90849e-08
 Reference value :  3.91449e-08
 Reference value :  3.92049e-08
 Reference value :  3.92649e-08
 Reference value :  3.93249e-08
 Reference value :  3.93849e-08
 Reference value :  3.94449e-08
 Reference value :  3.95049e-08
 Reference value :  3.95649e-08
 Reference value :  3.96173e-08
 Reference value :  3.96299e-08
 Reference value :  3.96307e-08
 Reference value :  3.96317e-08
 Reference value :  3.96395e-08
 Reference value :  3.96864e-08
 Reference value :  3.97464e-08
 Reference value :  3.98064e-08
 Reference value :  3.98664e-08
 Reference value :  3.99264e-08
 Reference value :  3.99864e-08
 Reference value :  4.00464e-08
 Reference value :  4.01064e-08
 Reference value :  4.01664e-08
 Reference value :  4.02264e-08
 Reference value :  4.03064e-08
 Reference value :  4.03664e-08
 Reference value :  4.04264e-08
 Reference value :  4.04864e-08
 Reference value :  4.05464e-08
 Reference value :  4.06264e-08
 Reference value :  4.06864e-08
 Reference value :  4.07407e-08
 Reference value :  4.07408e-08
 Reference value :  4.07422e-08
 Reference value :  4.07455e-08
 Reference value :  4.07495e-08
 Reference value :  4.07549e-08
 Reference value :  4.07629e-08
 Reference value :  4.07716e-08
 Reference value :  4.07872e-08
 Reference value :  4.08003e-08
 Reference value :  4.08067e-08
 Reference value :  4.08122e-08
 Reference value :  4.08207e-08
 Reference value :  4.08208e-08
 Reference value :  4.08213e-08
 Reference value :  4.08231e-08
 Reference value :  4.08266e-08
 Reference value :  4.08309e-08
 Reference value :  4.08367e-08
 Reference value :  4.08460e-08
 Reference value :  4.08530e-08
 Reference value :  4.08690e-08
 Reference value :  4.08878e-08
 Reference value :  4.09107e-08
 Reference value :  4.09391e-08
 Reference value :  4.09751e-08
 Reference value :  4.10151e-08
 Reference value :  4.10551e-08
 Reference value :  4.11151e-08
 Reference value :  4.11751e-08
 Reference value :  4.12351e-08
 Reference value :  4.12951e-08
 Reference value :  4.13551e-08
 Reference value :  4.14151e-08
 Reference value :  4.14751e-08
 Reference value :  4.15351e-08
 Reference value :  4.16151e-08
 Reference value :  4.16751e-08
 Reference value :  4.17351e-08
 Reference value :  4.17951e-08
 Reference value :  4.18519e-08
 Reference value :  4.18525e-08
 Reference value :  4.18533e-08
 Reference value :  4.18573e-08
 Reference value :  4.19086e-08
 Reference value :  4.19686e-08
 Reference value :  4.20286e-08
 Reference value :  4.20886e-08
 Reference value :  4.21486e-08
 Reference value :  4.22086e-08
 Reference value :  4.22686e-08
 Reference value :  4.23286e-08
 Reference value :  4.24086e-08
 Reference value :  4.24686e-08
 Reference value :  4.25286e-08
 Reference value :  4.25886e-08
 Reference value :  4.26686e-08
 Reference value :  4.27486e-08
 Reference value :  4.28086e-08
 Reference value :  4.28886e-08
 Reference value :  4.29486e-08
 Reference value :  4.30086e-08
 Reference value :  4.30686e-08
 Reference value :  4.31286e-08
 Reference value :  4.31886e-08
 Reference value :  4.32486e-08
 Reference value :  4.33086e-08
 Reference value :  4.33334e-08
 Reference value :  4.33344e-08
 Reference value :  4.33365e-08
 Reference value :  4.33701e-08
 Reference value :  4.34301e-08
 Reference value :  4.34901e-08
 Reference value :  4.35701e-08
 Reference value :  4.36301e-08
 Reference value :  4.36901e-08
 Reference value :  4.37701e-08
 Reference value :  4.38301e-08
 Reference value :  4.38901e-08
 Reference value :  4.39501e-08
 Reference value :  4.40101e-08
 Reference value :  4.40701e-08
 Reference value :  4.41301e-08
 Reference value :  4.41901e-08
 Reference value :  4.42501e-08
 Reference value :  4.43101e-08
 Reference value :  4.43701e-08
 Reference value :  4.44444e-08
 Reference value :  4.44445e-08
 Reference value :  4.44459e-08
 Reference value :  4.44492e-08
 Reference value :  4.44532e-08
 Reference value :  4.44586e-08
 Reference value :  4.44666e-08
 Reference value :  4.44803e-08
 Reference value :  4.44909e-08
 Reference value :  4.45040e-08
 Reference value :  4.45104e-08
 Reference value :  4.45159e-08
 Reference value :  4.45244e-08
 Reference value :  4.45245e-08
 Reference value :  4.45250e-08
 Reference value :  4.45268e-08
 Reference value :  4.45303e-08
 Reference value :  4.45346e-08
 Reference value :  4.45404e-08
 Reference value :  4.45497e-08
 Reference value :  4.45568e-08
 Reference value :  4.45727e-08
 Reference value :  4.45915e-08
 Reference value :  4.46144e-08
 Reference value :  4.46429e-08
 Reference value :  4.46788e-08
 Reference value :  4.47188e-08
 Reference value :  4.47588e-08
 Reference value :  4.47988e-08
 Reference value :  4.48588e-08
 Reference value :  4.49188e-08
 Reference value :  4.49788e-08
 Reference value :  4.50388e-08
 Reference value :  4.50988e-08
 Reference value :  4.51588e-08
 Reference value :  4.52188e-08
 Reference value :  4.52788e-08
 Reference value :  4.53388e-08
 Reference value :  4.53988e-08
 Reference value :  4.54588e-08
 Reference value :  4.55188e-08
 Reference value :  4.55557e-08
 Reference value :  4.55566e-08
 Reference value :  4.55570e-08
 Reference value :  4.55610e-08
 Reference value :  4.55923e-08
 Reference value :  4.56723e-08
 Reference value :  4.57323e-08
 Reference value :  4.57923e-08
 Reference value :  4.58523e-08
 Reference value :  4.59323e-08
 Reference value :  4.59923e-08
 Reference value :  4.60523e-08
 Reference value :  4.61123e-08
 Reference value :  4.61723e-08
 Reference value :  4.62323e-08
 Reference value :  4.62923e-08
 Reference value :  4.63523e-08
 Reference value :  4.64123e-08
 Reference value :  4.64723e-08
 Reference value :  4.65523e-08
 Reference value :  4.66123e-08
 Reference value :  4.66723e-08
 Reference value :  4.67523e-08
 Reference value :  4.68123e-08
 Reference value :  4.68723e-08
 Reference value :  4.69323e-08
 Reference value :  4.69923e-08
 Reference value :  4.70370e-08
 Reference value :  4.70377e-08
 Reference value :  4.70382e-08
 Reference value :  4.70402e-08
 Reference value :  4.70559e-08
 Reference value :  4.71138e-08
 Reference value :  4.71738e-08
 Reference value :  4.72338e-08
 Reference value :  4.72938e-08
 Reference value :  4.73538e-08
 Reference value :  4.74138e-08
 Reference value :  4.74738e-08
 Reference value :  4.75338e-08
 Reference value :  4.75938e-08
 Reference value :  4.76538e-08
 Reference value :  4.77138e-08
 Reference value :  4.77738e-08
 Reference value :  4.78338e-08
 Reference value :  4.78938e-08
 Reference value :  4.79738e-08
 Reference value :  4.80338e-08
 Reference value :  4.80938e-08
 Reference value :  4.81481e-08
 Reference value :  4.81482e-08
 Reference value :  4.81489e-08
 Reference value :  4.81512e-08
 Reference value :  4.81548e-08
 Reference value :  4.81623e-08
 Reference value :  4.81703e-08
 Reference value :  4.81790e-08
 Reference value :  4.81891e-08
 Reference value :  4.82007e-08
 Reference value :  4.82141e-08
 Reference value :  4.82196e-08
 Reference value :  4.82281e-08
 Reference value :  4.82282e-08
 Reference value :  4.82287e-08
 Reference value :  4.82305e-08
 Reference value :  4.82361e-08
 Reference value :  4.82411e-08
 Reference value :  4.82534e-08
 Reference value :  4.82680e-08
 Reference value :  4.82852e-08
 Reference value :  4.83059e-08
 Reference value :  4.83314e-08
 Reference value :  4.83633e-08
 Reference value :  4.84025e-08
 Reference value :  4.84425e-08
 Reference value :  4.84825e-08
 Reference value :  4.85425e-08
 Reference value :  4.86025e-08
 Reference value :  4.86625e-08
 Reference value :  4.87225e-08
 Reference value :  4.87825e-08
 Reference value :  4.88425e-08
 Reference value :  4.89225e-08
 Reference value :  4.89825e-08
 Reference value :  4.90625e-08
 Reference value :  4.91425e-08
 Reference value :  4.92025e-08
 Reference value :  4.92593e-08
 Reference value :  4.92603e-08
 Reference value :  4.92607e-08
 Reference value :  4.92647e-08
 Reference value :  4.92960e-08
 Reference value :  4.93560e-08
 Reference value :  4.94360e-08
 Reference value :  4.94960e-08
 Reference value :  4.95560e-08
 Reference value :  4.96160e-08
 Reference value :  4.96760e-08
 Reference value :  4.97360e-08
 Reference value :  4.97960e-08
 Reference value :  4.98560e-08
 Reference value :  4.99160e-08
 Reference value :  4.99760e-08
 Reference value :  5.00360e-08
 Reference value :  5.01160e-08
 Reference value :  5.01760e-08
 Reference value :  5.02360e-08
 Reference value :  5.02960e-08
 Reference value :  5.03560e-08
 Reference value :  5.04160e-08
 Reference value :  5.04960e-08
 Reference value :  5.05560e-08
 Reference value :  5.06360e-08
 Reference value :  5.06960e-08
 Reference value :  5.07407e-08
 Reference value :  5.07414e-08
 Reference value :  5.07420e-08
 Reference value :  5.07462e-08
 Reference value :  5.07775e-08
 Reference value :  5.08375e-08
 Reference value :  5.08975e-08
 Reference value :  5.09575e-08
 Reference value :  5.10175e-08
 Reference value :  5.10775e-08
 Reference value :  5.11375e-08
 Reference value :  5.11975e-08
 Reference value :  5.12575e-08
 Reference value :  5.13375e-08
 Reference value :  5.13975e-08
 Reference value :  5.14575e-08
 Reference value :  5.15175e-08
 Reference value :  5.15775e-08
 Reference value :  5.16375e-08
 Reference value :  5.16975e-08
 Reference value :  5.17775e-08
 Reference value :  5.18347e-08
 Reference value :  5.18519e-08
 Reference value :  5.18533e-08
 Reference value :  5.18566e-08
 Reference value :  5.18631e-08
 Reference value :  5.18699e-08
 Reference value :  5.18784e-08
 Reference value :  5.18877e-08
 Reference value :  5.18983e-08
 Reference value :  5.19114e-08
 Reference value :  5.19233e-08
 Reference value :  5.19319e-08
 Reference value :  5.19324e-08
 Reference value :  5.19342e-08
 Reference value :  5.19398e-08
 Reference value :  5.19448e-08
 Reference value :  5.19520e-08
 Reference value :  5.19642e-08
 Reference value :  5.19801e-08
 Reference value :  5.19989e-08
 Reference value :  5.20351e-08
 Reference value :  5.20670e-08
 Reference value :  5.21062e-08
 Reference value :  5.21462e-08
 Reference value :  5.21862e-08
 Reference value :  5.22462e-08
 Reference value :  5.23062e-08
 Reference value :  5.23662e-08
 Reference value :  5.24262e-08
 Reference value :  5.25062e-08
 Reference value :  5.25662e-08
 Reference value :  5.26262e-08
 Reference value :  5.26862e-08
 Reference value :  5.27462e-08
 Reference value :  5.28062e-08
 Reference value :  5.28662e-08
 Reference value :  5.29262e-08
 Reference value :  5.29631e-08
 Reference value :  5.29640e-08
 Reference value :  5.29650e-08
 Reference value :  5.29729e-08
 Reference value :  5.30197e-08
 Reference value :  5.30797e-08
 Reference value :  5.31397e-08
 Reference value :  5.31997e-08
 Reference value :  5.32597e-08
 Reference value :  5.33197e-08
 Reference value :  5.33797e-08
 Reference value :  5.34597e-08
 Reference value :  5.35197e-08
 Reference value :  5.35797e-08
 Reference value :  5.36397e-08
 Reference value :  5.36997e-08
 Reference value :  5.37597e-08
 Reference value :  5.38197e-08
 Reference value :  5.38797e-08
 Reference value :  5.39397e-08
 Reference value :  5.39997e-08
 Reference value :  5.40597e-08
 Reference value :  5.41197e-08
 Reference value :  5.41797e-08
 Reference value :  5.42597e-08
 Reference value :  5.43197e-08
 Reference value :  5.43797e-08
 Reference value :  5.44321e-08
 Reference value :  5.44447e-08
 Reference value :  5.44455e-08
 Reference value :  5.44465e-08
 Reference value :  5.44543e-08
 Reference value :  5.45012e-08
 Reference value :  5.45612e-08
 Reference value :  5.46212e-08
 Reference value :  5.46812e-08
 Reference value :  5.47612e-08
 Reference value :  5.48212e-08
 Reference value :  5.48812e-08
 Reference value :  5.49412e-08
 Reference value :  5.50012e-08
 Reference value :  5.50812e-08
 Reference value :  5.51412e-08
 Reference value :  5.52012e-08
 Reference value :  5.52612e-08
 Reference value :  5.53212e-08
 Reference value :  5.53812e-08
 Reference value :  5.54412e-08
 Reference value :  5.55012e-08
 Reference value :  5.55556e-08
 Reference value :  5.55556e-08
 Reference value :  5.55563e-08
 Reference value :  5.55586e-08
 Reference value :  5.55622e-08
 Reference value :  5.55668e-08
 Reference value :  5.55736e-08
 Reference value :  5.55821e-08
 Reference value :  5.55914e-08
 Reference value :  5.56020e-08
 Reference value :  5.56151e-08
 Reference value :  5.56215e-08
 Reference value :  5.56270e-08
 Reference value :  5.56356e-08
 Reference value :  5.56356e-08
 Reference value :  5.56361e-08
 Reference value :  5.56379e-08
 Reference value :  5.56414e-08
 Reference value :  5.56457e-08
 Reference value :  5.56516e-08
 Reference value :  5.56608e-08
 Reference value :  5.56679e-08
 Reference value :  5.56838e-08
 Reference value :  5.57026e-08
 Reference value :  5.57255e-08
 Reference value :  5.57540e-08
 Reference value :  5.57899e-08
 Reference value :  5.58299e-08
 Reference value :  5.58699e-08
 Reference value :  5.59299e-08
 Reference value :  5.59899e-08
 Reference value :  5.60499e-08
 Reference value :  5.61099e-08
 Reference value :  5.61699e-08
 Reference value :  5.62299e-08
 Reference value :  5.63099e-08
 Reference value :  5.63699e-08
 Reference value :  5.64299e-08
 Reference value :  5.64899e-08
 Reference value :  5.65499e-08
 Reference value :  5.66099e-08
 Reference value :  5.66668e-08
 Reference value :  5.66677e-08
 Reference value :  5.66682e-08
 Reference value :  5.66721e-08
 Reference value :  5.67034e-08
 Reference value :  5.67634e-08
 Reference value :  5.68234e-08
 Reference value :  5.68834e-08
 Reference value :  5.69434e-08
 Reference value :  5.70034e-08
 Reference value :  5.70634e-08
 Reference value :  5.71234e-08
 Reference value :  5.71834e-08
 Reference value :  5.72434e-08
 Reference value :  5.73034e-08
 Reference value :  5.73634e-08
 Reference value :  5.74434e-08
 Reference value :  5.75034e-08
 Reference value :  5.75634e-08
 Reference value :  5.76234e-08
 Reference value :  5.76834e-08
 Reference value :  5.77434e-08
 Reference value :  5.78234e-08
 Reference value :  5.78834e-08
 Reference value :  5.79434e-08
 Reference value :  5.80034e-08
 Reference value :  5.80634e-08
 Reference value :  5.81234e-08
 Reference value :  5.81484e-08
 Reference value :  5.81492e-08
 Reference value :  5.81513e-08
 Reference value :  5.81849e-08
 Reference value :  5.82449e-08
 Reference value :  5.83049e-08
 Reference value :  5.83649e-08
 Reference value :  5.84249e-08
 Reference value :  5.85017e-08
 Reference value :  5.85192e-08
 Reference value :  5.85200e-08
 Reference value :  5.85239e-08
 Reference value :  5.85753e-08
 Reference value :  5.86353e-08
 Reference value :  5.86953e-08
 Reference value :  5.87553e-08
 Reference value :  5.88153e-08
 Reference value :  5.88953e-08
 Reference value :  5.89753e-08
 Reference value :  5.90553e-08
 Reference value :  5.91153e-08
 Reference value :  5.91673e-08
 Reference value :  5.91793e-08
 Reference value :  5.91798e-08
 Reference value :  5.91831e-08
 Reference value :  5.91870e-08
 Reference value :  5.91919e-08
 Reference value :  5.91997e-08
 Reference value :  5.92083e-08
 Reference value :  5.92183e-08
 Reference value :  5.92294e-08
 Reference value :  5.92427e-08
 Reference value :  5.92485e-08
 Reference value :  5.92593e-08
 Reference value :  5.92600e-08
 Reference value :  5.92622e-08
 Reference value :  5.92658e-08
 Reference value :  5.92703e-08
 Reference value :  5.92765e-08
 Reference value :  5.92944e-08
 Reference value :  5.93108e-08
 Reference value :  5.93302e-08
 Reference value :  5.93540e-08
 Reference value :  5.93837e-08
 Reference value :  5.94210e-08
 Reference value :  5.94610e-08
 Reference value :  5.95010e-08
 Reference value :  5.95410e-08
 Reference value :  5.96010e-08
 Reference value :  5.96610e-08
 Reference value :  5.97210e-08
 Reference value :  5.97810e-08
 Reference value :  5.98410e-08
 Reference value :  5.99010e-08
 Reference value :  5.99610e-08
 Reference value :  6.00210e-08
 Reference value :  6.00810e-08
 Reference value :  6.01610e-08
 Reference value :  6.02410e-08
 Reference value :  6.03010e-08
 Reference value :  6.03610e-08
 Reference value :  6.04210e-08
 Reference value :  6.05010e-08
 Reference value :  6.05810e-08
 Reference value :  6.06610e-08
 Reference value :  6.07410e-08
 Reference value :  6.08210e-08
 Reference value :  6.08810e-08
 Reference value :  6.09610e-08
No. of Data Rows : 3522
m_ui_ref            =  3.70370e-09 targ=  3.70770e-08 trig=  3.33733e-08
m_spa_in            =  1.48148e-08 targ=  4.81881e-08 trig=  3.33733e-08
m_spb_in            =  1.11111e-08 targ=  4.44844e-08 trig=  3.33733e-08
m_spa_c0            =  1.48148e-08 targ=  4.81958e-08 trig=  3.33810e-08
m_spb_c0            =  1.11111e-08 targ=  4.44921e-08 trig=  3.33810e-08
m_trise_c0          =  5.12200e-11 targ=  3.71093e-08 trig=  3.70581e-08
m_tfall_c0          =  5.11725e-11 targ=  4.08129e-08 trig=  4.07618e-08
m_spa_c1            =  1.48148e-08 targ=  4.82304e-08 trig=  3.34156e-08
m_spb_c1            =  1.11111e-08 targ=  4.45267e-08 trig=  3.34156e-08
m_trise_c1          =  1.20926e-10 targ=  3.71983e-08 trig=  3.70774e-08
m_tfall_c1          =  1.21088e-10 targ=  4.09022e-08 trig=  4.07811e-08
m_spa_c2            =  1.48148e-08 targ=  4.82609e-08 trig=  3.34461e-08
m_spb_c2            =  1.11111e-08 targ=  4.45572e-08 trig=  3.34461e-08
m_trise_c2          =  2.25510e-10 targ=  3.73128e-08 trig=  3.70873e-08
m_tfall_c2          =  2.25268e-10 targ=  4.10162e-08 trig=  4.07910e-08
m_spa_cmis          =  1.48148e-08 targ=  4.82411e-08 trig=  3.34263e-08
m_spb_cmis          =  1.11125e-08 targ=  4.45388e-08 trig=  3.34263e-08
m_dj_ui_c0 = 2.6999997840e-06
m_swing_c0 = 5.0326210028e-01
m_vpp_c0 = 5.9158634945e-01
m_vcm_c0 = 3.0479422677e+00
m_dj_ui_c1 = 2.6999997835e-06
m_swing_c1 = 5.0325608475e-01
m_vpp_c1 = 5.0863245935e-01
m_vcm_c1 = 3.0479452780e+00
m_dj_ui_c2 = 1.3499998920e-05
m_swing_c2 = 5.0320731703e-01
m_vpp_c2 = 5.0610561296e-01
m_vcm_c2 = 3.0479696829e+00
m_dj_ui_cmis = 3.6719997062e-04
m_swing_cmis = 5.0320499593e-01
m_swing_avcclo = 5.0274044728e-01
m_vcm_avcclo = 2.7181395167e+00
m_swing_avcchi = 5.0368055172e-01
m_vcm_avcchi = 3.3777738965e+00
m_vgs_sw_max = 1.5816902478e+00
m_vgd_sw_max = 1.8146143828e+00
m_vds_sw_max = 2.4196787310e+00
m_vgs_tail_max = 1.1198832402e+00
m_vds_tail_max = 1.3035927819e+00
m_swing_dc = 5.0289683088e-01
m_vcm_dc = 3.0481251694e+00
m_ioff_dc = 8.5283037848e-06
m_itail_dc = 1.0074993225e-02
m_icell_dc = 1.0574993226e-02
m_ro_leg = 3.1685908264e+04
Note: Simulation executed from .control section 

