
Note: No compatibility mode selected!


Circuit: * cml-driver-eye @ tt_27c_3.63v_270mbps -- generated by sim/harness, do not edit

Doing analysis at TEMP = 27.000000 and TNOM = 27.000000

Using SPARSE 1.3 as Direct Linear Solver

Initial Transient Solution
--------------------------

Node                                   Voltage
----                                   -------
avcc                                       3.3
avcclo                                    2.97
avcchi                                    3.63
inp                                     3.0855
inn                                     1.9965
inpz                                    3.0855
innz                                    1.9965
inref                                    1.089
win                                          0
winc                                         0
xc0.tail                               1.56873
ib_c0                                   1.1278
outp_c0                                2.79099
outn_c0                                    3.3
vd_c0                                 0.509006
xc1.tail                               1.56873
ib_c1                                   1.1278
outp_c1                                2.79099
outn_c1                                    3.3
vd_c1                                 0.509006
xc2.tail                               1.56873
ib_c2                                   1.1278
outp_c2                                2.79099
outn_c2                                    3.3
vd_c2                                 0.509006
xcmis.tail                             1.56873
ib_cmis                                 1.1278
outp_cmis                              2.79099
outn_cmis                                  3.3
vd_cmis                               0.509006
xvlo.tail                              1.54898
ib_vlo                                  1.1278
outp_vlo                               2.46136
outn_vlo                                  2.97
xvhi.tail                              1.58598
ib_vhi                                  1.1278
outp_vhi                               3.12068
outn_vhi                                  3.63
xz.tail                                1.56873
ib_z                                    1.1278
vss_z                                        0
outp_z                                 2.79099
outn_z                                     3.3
xza.tail                               1.55779
ib_za                                   1.1278
outp_za                                    2.6
outn_za                                    3.3
xzb.tail                               1.57983
ib_zb                                   1.1278
outp_zb                                      3
outn_zb                                    3.3
ediff_cmis#branch                            0
ediff_c2#branch                              0
ediff_c1#branch                              0
ediff_c0#branch                              0
einref#branch                                0
vforce_zb#branch                    -0.0101842
vforce_za#branch                    -0.0101761
vsens_z#branch                       0.0106801
vwinc#branch                                 0
vwin#branch                                  0
vinnz#branch                                 0
vinpz#branch                                 0
vinn#branch                                  0
vinp#branch                                  0
vavcchi#branch                      -0.0101864
vavcclo#branch                      -0.0101729
vavcc#branch                        -0.0509007

 Reference value :  0.00000e+00
 Reference value :  4.00000e-13
 Reference value :  3.20000e-12
 Reference value :  2.56000e-11
 Reference value :  8.56000e-11
 Reference value :  1.45600e-10
 Reference value :  2.05600e-10
 Reference value :  2.65600e-10
 Reference value :  3.25600e-10
 Reference value :  3.85600e-10
 Reference value :  4.45600e-10
 Reference value :  5.05600e-10
 Reference value :  5.65600e-10
 Reference value :  6.25600e-10
 Reference value :  7.05600e-10
 Reference value :  7.65600e-10
 Reference value :  8.25600e-10
 Reference value :  8.85600e-10
 Reference value :  9.45600e-10
 Reference value :  1.02560e-09
 Reference value :  1.08560e-09
 Reference value :  1.16560e-09
 Reference value :  1.24560e-09
 Reference value :  1.30560e-09
 Reference value :  1.36560e-09
 Reference value :  1.42560e-09
 Reference value :  1.50560e-09
 Reference value :  1.56560e-09
 Reference value :  1.64560e-09
 Reference value :  1.70560e-09
 Reference value :  1.76560e-09
 Reference value :  1.82560e-09
 Reference value :  1.88560e-09
 Reference value :  1.94560e-09
 Reference value :  2.02560e-09
 Reference value :  2.08560e-09
 Reference value :  2.14560e-09
 Reference value :  2.20560e-09
 Reference value :  2.28560e-09
 Reference value :  2.34560e-09
 Reference value :  2.40560e-09
 Reference value :  2.46560e-09
 Reference value :  2.52560e-09
 Reference value :  2.58560e-09
 Reference value :  2.64560e-09
 Reference value :  2.70560e-09
 Reference value :  2.76560e-09
 Reference value :  2.82560e-09
 Reference value :  2.88560e-09
 Reference value :  2.94560e-09
 Reference value :  3.00560e-09
 Reference value :  3.06560e-09
 Reference value :  3.12560e-09
 Reference value :  3.18560e-09
 Reference value :  3.24560e-09
 Reference value :  3.30560e-09
 Reference value :  3.36560e-09
 Reference value :  3.42560e-09
 Reference value :  3.48560e-09
 Reference value :  3.54560e-09
 Reference value :  3.60560e-09
 Reference value :  3.66560e-09
 Reference value :  3.72560e-09
 Reference value :  3.78560e-09
 Reference value :  3.84560e-09
 Reference value :  3.90560e-09
 Reference value :  3.96560e-09
 Reference value :  4.02560e-09
 Reference value :  4.08560e-09
 Reference value :  4.14560e-09
 Reference value :  4.20560e-09
 Reference value :  4.26560e-09
 Reference value :  4.32560e-09
 Reference value :  4.38560e-09
 Reference value :  4.44560e-09
 Reference value :  4.50560e-09
 Reference value :  4.56560e-09
 Reference value :  4.62560e-09
 Reference value :  4.68560e-09
 Reference value :  4.74560e-09
 Reference value :  4.80560e-09
 Reference value :  4.86560e-09
 Reference value :  4.92560e-09
 Reference value :  4.98560e-09
 Reference value :  5.04560e-09
 Reference value :  5.10560e-09
 Reference value :  5.16560e-09
 Reference value :  5.22560e-09
 Reference value :  5.28560e-09
 Reference value :  5.34560e-09
 Reference value :  5.40560e-09
 Reference value :  5.46560e-09
 Reference value :  5.52560e-09
 Reference value :  5.58560e-09
 Reference value :  5.64560e-09
 Reference value :  5.70560e-09
 Reference value :  5.78560e-09
 Reference value :  5.84560e-09
 Reference value :  5.90560e-09
 Reference value :  5.96560e-09
 Reference value :  6.02560e-09
 Reference value :  6.08560e-09
 Reference value :  6.14560e-09
 Reference value :  6.20560e-09
 Reference value :  6.26560e-09
 Reference value :  6.32560e-09
 Reference value :  6.38560e-09
 Reference value :  6.44560e-09
 Reference value :  6.50560e-09
 Reference value :  6.56560e-09
 Reference value :  6.62560e-09
 Reference value :  6.68560e-09
 Reference value :  6.74560e-09
 Reference value :  6.80560e-09
 Reference value :  6.86560e-09
 Reference value :  6.92560e-09
 Reference value :  6.98560e-09
 Reference value :  7.04560e-09
 Reference value :  7.10560e-09
 Reference value :  7.16560e-09
 Reference value :  7.22560e-09
 Reference value :  7.28560e-09
 Reference value :  7.36560e-09
 Reference value :  7.42560e-09
 Reference value :  7.48560e-09
 Reference value :  7.54560e-09
 Reference value :  7.60560e-09
 Reference value :  7.66560e-09
 Reference value :  7.72560e-09
 Reference value :  7.78560e-09
 Reference value :  7.84560e-09
 Reference value :  7.90560e-09
 Reference value :  7.96560e-09
 Reference value :  8.04560e-09
 Reference value :  8.10560e-09
 Reference value :  8.16560e-09
 Reference value :  8.22560e-09
 Reference value :  8.28560e-09
 Reference value :  8.34560e-09
 Reference value :  8.40560e-09
 Reference value :  8.46560e-09
 Reference value :  8.52560e-09
 Reference value :  8.58560e-09
 Reference value :  8.64560e-09
 Reference value :  8.70560e-09
 Reference value :  8.76560e-09
 Reference value :  8.82560e-09
 Reference value :  8.88560e-09
 Reference value :  8.94560e-09
 Reference value :  9.00560e-09
 Reference value :  9.06560e-09
 Reference value :  9.12560e-09
 Reference value :  9.18560e-09
 Reference value :  9.24560e-09
 Reference value :  9.30560e-09
 Reference value :  9.36560e-09
 Reference value :  9.42560e-09
 Reference value :  9.50560e-09
 Reference value :  9.56560e-09
 Reference value :  9.62560e-09
 Reference value :  9.68560e-09
 Reference value :  9.74560e-09
 Reference value :  9.80560e-09
 Reference value :  9.88560e-09
 Reference value :  9.94560e-09
 Reference value :  1.00056e-08
 Reference value :  1.00656e-08
 Reference value :  1.01256e-08
 Reference value :  1.01856e-08
 Reference value :  1.02656e-08
 Reference value :  1.03256e-08
 Reference value :  1.03856e-08
 Reference value :  1.04656e-08
 Reference value :  1.05456e-08
 Reference value :  1.06256e-08
 Reference value :  1.06856e-08
 Reference value :  1.07456e-08
 Reference value :  1.08056e-08
 Reference value :  1.08656e-08
 Reference value :  1.09256e-08
 Reference value :  1.10056e-08
 Reference value :  1.10656e-08
 Reference value :  1.11256e-08
 Reference value :  1.11856e-08
 Reference value :  1.12456e-08
 Reference value :  1.13056e-08
 Reference value :  1.13656e-08
 Reference value :  1.14256e-08
 Reference value :  1.14856e-08
 Reference value :  1.15456e-08
 Reference value :  1.16056e-08
 Reference value :  1.16656e-08
 Reference value :  1.17456e-08
 Reference value :  1.18056e-08
 Reference value :  1.18656e-08
 Reference value :  1.19256e-08
 Reference value :  1.19856e-08
 Reference value :  1.20456e-08
 Reference value :  1.21056e-08
 Reference value :  1.21656e-08
 Reference value :  1.22256e-08
 Reference value :  1.22856e-08
 Reference value :  1.23456e-08
 Reference value :  1.24056e-08
 Reference value :  1.24656e-08
 Reference value :  1.25256e-08
 Reference value :  1.25856e-08
 Reference value :  1.26456e-08
 Reference value :  1.27056e-08
 Reference value :  1.27656e-08
 Reference value :  1.28256e-08
 Reference value :  1.28856e-08
 Reference value :  1.29456e-08
 Reference value :  1.30056e-08
 Reference value :  1.30656e-08
 Reference value :  1.31256e-08
 Reference value :  1.31856e-08
 Reference value :  1.32456e-08
 Reference value :  1.33056e-08
 Reference value :  1.33656e-08
 Reference value :  1.34256e-08
 Reference value :  1.34856e-08
 Reference value :  1.35456e-08
 Reference value :  1.36056e-08
 Reference value :  1.36656e-08
 Reference value :  1.37256e-08
 Reference value :  1.37856e-08
 Reference value :  1.38456e-08
 Reference value :  1.39056e-08
 Reference value :  1.39656e-08
 Reference value :  1.40256e-08
 Reference value :  1.40856e-08
 Reference value :  1.41456e-08
 Reference value :  1.42056e-08
 Reference value :  1.42656e-08
 Reference value :  1.43256e-08
 Reference value :  1.43856e-08
 Reference value :  1.44456e-08
 Reference value :  1.45056e-08
 Reference value :  1.45656e-08
 Reference value :  1.46256e-08
 Reference value :  1.46856e-08
 Reference value :  1.47456e-08
 Reference value :  1.48056e-08
 Reference value :  1.48656e-08
 Reference value :  1.49256e-08
 Reference value :  1.49856e-08
 Reference value :  1.50456e-08
 Reference value :  1.51056e-08
 Reference value :  1.51656e-08
 Reference value :  1.52256e-08
 Reference value :  1.52856e-08
 Reference value :  1.53456e-08
 Reference value :  1.54056e-08
 Reference value :  1.54656e-08
 Reference value :  1.55256e-08
 Reference value :  1.55856e-08
 Reference value :  1.56656e-08
 Reference value :  1.57256e-08
 Reference value :  1.57856e-08
 Reference value :  1.58456e-08
 Reference value :  1.59056e-08
 Reference value :  1.59656e-08
 Reference value :  1.60256e-08
 Reference value :  1.60856e-08
 Reference value :  1.61456e-08
 Reference value :  1.62056e-08
 Reference value :  1.62656e-08
 Reference value :  1.63456e-08
 Reference value :  1.64056e-08
 Reference value :  1.64656e-08
 Reference value :  1.65256e-08
 Reference value :  1.65856e-08
 Reference value :  1.66456e-08
 Reference value :  1.67056e-08
 Reference value :  1.67656e-08
 Reference value :  1.68256e-08
 Reference value :  1.68856e-08
 Reference value :  1.69456e-08
 Reference value :  1.70056e-08
 Reference value :  1.70656e-08
 Reference value :  1.71256e-08
 Reference value :  1.71856e-08
 Reference value :  1.72456e-08
 Reference value :  1.73056e-08
 Reference value :  1.73656e-08
 Reference value :  1.74256e-08
 Reference value :  1.74856e-08
 Reference value :  1.75456e-08
 Reference value :  1.76056e-08
 Reference value :  1.76656e-08
 Reference value :  1.77256e-08
 Reference value :  1.77856e-08
 Reference value :  1.78456e-08
 Reference value :  1.79056e-08
 Reference value :  1.79656e-08
 Reference value :  1.80256e-08
 Reference value :  1.80856e-08
 Reference value :  1.81456e-08
 Reference value :  1.82056e-08
 Reference value :  1.82656e-08
 Reference value :  1.83256e-08
 Reference value :  1.83856e-08
 Reference value :  1.84456e-08
 Reference value :  1.85056e-08
 Reference value :  1.85656e-08
 Reference value :  1.86256e-08
 Reference value :  1.86856e-08
 Reference value :  1.87456e-08
 Reference value :  1.88056e-08
 Reference value :  1.88656e-08
 Reference value :  1.89256e-08
 Reference value :  1.89856e-08
 Reference value :  1.90456e-08
 Reference value :  1.91056e-08
 Reference value :  1.91656e-08
 Reference value :  1.92256e-08
 Reference value :  1.92856e-08
 Reference value :  1.93456e-08
 Reference value :  1.94056e-08
 Reference value :  1.94656e-08
 Reference value :  1.95256e-08
 Reference value :  1.95856e-08
 Reference value :  1.96456e-08
 Reference value :  1.97056e-08
 Reference value :  1.97656e-08
 Reference value :  1.98256e-08
 Reference value :  1.98856e-08
 Reference value :  1.99456e-08
 Reference value :  2.00056e-08
 Reference value :  2.00656e-08
 Reference value :  2.01256e-08
 Reference value :  2.01856e-08
 Reference value :  2.02456e-08
 Reference value :  2.03056e-08
 Reference value :  2.03656e-08
 Reference value :  2.04256e-08
 Reference value :  2.04856e-08
 Reference value :  2.05456e-08
 Reference value :  2.06056e-08
 Reference value :  2.06656e-08
 Reference value :  2.07256e-08
 Reference value :  2.07856e-08
 Reference value :  2.08456e-08
 Reference value :  2.09056e-08
 Reference value :  2.09656e-08
 Reference value :  2.10256e-08
 Reference value :  2.10856e-08
 Reference value :  2.11456e-08
 Reference value :  2.12056e-08
 Reference value :  2.12656e-08
 Reference value :  2.13256e-08
 Reference value :  2.13856e-08
 Reference value :  2.14456e-08
 Reference value :  2.15056e-08
 Reference value :  2.15656e-08
 Reference value :  2.16256e-08
 Reference value :  2.16856e-08
 Reference value :  2.17456e-08
 Reference value :  2.18056e-08
 Reference value :  2.18656e-08
 Reference value :  2.19256e-08
 Reference value :  2.19856e-08
 Reference value :  2.20456e-08
 Reference value :  2.21056e-08
 Reference value :  2.21656e-08
 Reference value :  2.22256e-08
 Reference value :  2.22856e-08
 Reference value :  2.23456e-08
 Reference value :  2.24056e-08
 Reference value :  2.24656e-08
 Reference value :  2.25256e-08
 Reference value :  2.25856e-08
 Reference value :  2.26456e-08
 Reference value :  2.27056e-08
 Reference value :  2.27656e-08
 Reference value :  2.28256e-08
 Reference value :  2.28856e-08
 Reference value :  2.29456e-08
 Reference value :  2.30056e-08
 Reference value :  2.30656e-08
 Reference value :  2.31256e-08
 Reference value :  2.31856e-08
 Reference value :  2.32456e-08
 Reference value :  2.33056e-08
 Reference value :  2.33656e-08
 Reference value :  2.34256e-08
 Reference value :  2.34856e-08
 Reference value :  2.35456e-08
 Reference value :  2.36056e-08
 Reference value :  2.36856e-08
 Reference value :  2.37456e-08
 Reference value :  2.38256e-08
 Reference value :  2.38856e-08
 Reference value :  2.39456e-08
 Reference value :  2.40056e-08
 Reference value :  2.40656e-08
 Reference value :  2.41256e-08
 Reference value :  2.41856e-08
 Reference value :  2.42456e-08
 Reference value :  2.43256e-08
 Reference value :  2.44056e-08
 Reference value :  2.44656e-08
 Reference value :  2.45256e-08
 Reference value :  2.45856e-08
 Reference value :  2.46456e-08
 Reference value :  2.47056e-08
 Reference value :  2.47656e-08
 Reference value :  2.48256e-08
 Reference value :  2.48856e-08
 Reference value :  2.49456e-08
 Reference value :  2.50256e-08
 Reference value :  2.51056e-08
 Reference value :  2.51656e-08
 Reference value :  2.52256e-08
 Reference value :  2.52856e-08
 Reference value :  2.53456e-08
 Reference value :  2.54056e-08
 Reference value :  2.54656e-08
 Reference value :  2.55256e-08
 Reference value :  2.56056e-08
 Reference value :  2.56656e-08
 Reference value :  2.57256e-08
 Reference value :  2.57856e-08
 Reference value :  2.58456e-08
 Reference value :  2.59056e-08
 Reference value :  2.59656e-08
 Reference value :  2.60256e-08
 Reference value :  2.60856e-08
 Reference value :  2.61456e-08
 Reference value :  2.62056e-08
 Reference value :  2.62656e-08
 Reference value :  2.63256e-08
 Reference value :  2.63856e-08
 Reference value :  2.64456e-08
 Reference value :  2.65056e-08
 Reference value :  2.65656e-08
 Reference value :  2.66256e-08
 Reference value :  2.66856e-08
 Reference value :  2.67456e-08
 Reference value :  2.68056e-08
 Reference value :  2.68656e-08
 Reference value :  2.69256e-08
 Reference value :  2.69856e-08
 Reference value :  2.70456e-08
 Reference value :  2.71056e-08
 Reference value :  2.71656e-08
 Reference value :  2.72256e-08
 Reference value :  2.72856e-08
 Reference value :  2.73456e-08
 Reference value :  2.74056e-08
 Reference value :  2.74656e-08
 Reference value :  2.75256e-08
 Reference value :  2.75856e-08
 Reference value :  2.76456e-08
 Reference value :  2.77056e-08
 Reference value :  2.77656e-08
 Reference value :  2.78256e-08
 Reference value :  2.78856e-08
 Reference value :  2.79456e-08
 Reference value :  2.80256e-08
 Reference value :  2.80856e-08
 Reference value :  2.81456e-08
 Reference value :  2.82056e-08
 Reference value :  2.82856e-08
 Reference value :  2.83456e-08
 Reference value :  2.84056e-08
 Reference value :  2.84656e-08
 Reference value :  2.85256e-08
 Reference value :  2.85856e-08
 Reference value :  2.86656e-08
 Reference value :  2.87256e-08
 Reference value :  2.87856e-08
 Reference value :  2.88656e-08
 Reference value :  2.89256e-08
 Reference value :  2.89856e-08
 Reference value :  2.90456e-08
 Reference value :  2.91256e-08
 Reference value :  2.92056e-08
 Reference value :  2.92656e-08
 Reference value :  2.93256e-08
 Reference value :  2.93856e-08
 Reference value :  2.94456e-08
 Reference value :  2.95056e-08
 Reference value :  2.95656e-08
 Reference value :  2.96256e-08
 Reference value :  2.97056e-08
 Reference value :  2.97656e-08
 Reference value :  2.98256e-08
 Reference value :  2.99056e-08
 Reference value :  2.99856e-08
 Reference value :  3.00456e-08
 Reference value :  3.01056e-08
 Reference value :  3.01856e-08
 Reference value :  3.03056e-08
 Reference value :  3.04056e-08
 Reference value :  3.05056e-08
 Reference value :  3.05856e-08
 Reference value :  3.06856e-08
 Reference value :  3.07856e-08
 Reference value :  3.08656e-08
 Reference value :  3.09656e-08
 Reference value :  3.10656e-08
 Reference value :  3.11456e-08
 Reference value :  3.12256e-08
 Reference value :  3.13056e-08
 Reference value :  3.13656e-08
 Reference value :  3.14456e-08
 Reference value :  3.15056e-08
 Reference value :  3.15856e-08
 Reference value :  3.16656e-08
 Reference value :  3.17456e-08
 Reference value :  3.18056e-08
 Reference value :  3.18656e-08
 Reference value :  3.19256e-08
 Reference value :  3.19856e-08
 Reference value :  3.20456e-08
 Reference value :  3.21056e-08
 Reference value :  3.21656e-08
 Reference value :  3.22256e-08
 Reference value :  3.22856e-08
 Reference value :  3.23456e-08
 Reference value :  3.24256e-08
 Reference value :  3.24856e-08
 Reference value :  3.25656e-08
 Reference value :  3.26656e-08
 Reference value :  3.27456e-08
 Reference value :  3.28056e-08
 Reference value :  3.28856e-08
 Reference value :  3.29656e-08
 Reference value :  3.30456e-08
 Reference value :  3.31256e-08
 Reference value :  3.32056e-08
 Reference value :  3.32656e-08
 Reference value :  3.33195e-08
 Reference value :  3.33334e-08
 Reference value :  3.33339e-08
 Reference value :  3.33357e-08
 Reference value :  3.33390e-08
 Reference value :  3.33430e-08
 Reference value :  3.33487e-08
 Reference value :  3.33520e-08
 Reference value :  3.33595e-08
 Reference value :  3.33663e-08
 Reference value :  3.33737e-08
 Reference value :  3.33816e-08
 Reference value :  3.33912e-08
 Reference value :  3.33958e-08
 Reference value :  3.33996e-08
 Reference value :  3.34033e-08
 Reference value :  3.34103e-08
 Reference value :  3.34134e-08
 Reference value :  3.34137e-08
 Reference value :  3.34150e-08
 Reference value :  3.34164e-08
 Reference value :  3.34198e-08
 Reference value :  3.34239e-08
 Reference value :  3.34297e-08
 Reference value :  3.34395e-08
 Reference value :  3.34527e-08
 Reference value :  3.34776e-08
 Reference value :  3.34999e-08
 Reference value :  3.35284e-08
 Reference value :  3.35851e-08
 Reference value :  3.36451e-08
 Reference value :  3.37051e-08
 Reference value :  3.37651e-08
 Reference value :  3.38251e-08
 Reference value :  3.38851e-08
 Reference value :  3.39451e-08
 Reference value :  3.40051e-08
 Reference value :  3.40651e-08
 Reference value :  3.41251e-08
 Reference value :  3.41851e-08
 Reference value :  3.42451e-08
 Reference value :  3.43051e-08
 Reference value :  3.43651e-08
 Reference value :  3.44251e-08
 Reference value :  3.44851e-08
 Reference value :  3.45451e-08
 Reference value :  3.46051e-08
 Reference value :  3.46651e-08
 Reference value :  3.47251e-08
 Reference value :  3.47851e-08
 Reference value :  3.48451e-08
 Reference value :  3.49051e-08
 Reference value :  3.49651e-08
 Reference value :  3.50251e-08
 Reference value :  3.50851e-08
 Reference value :  3.51451e-08
 Reference value :  3.52051e-08
 Reference value :  3.52651e-08
 Reference value :  3.53251e-08
 Reference value :  3.53851e-08
 Reference value :  3.54451e-08
 Reference value :  3.55051e-08
 Reference value :  3.55651e-08
 Reference value :  3.56251e-08
 Reference value :  3.56851e-08
 Reference value :  3.57451e-08
 Reference value :  3.58051e-08
 Reference value :  3.58651e-08
 Reference value :  3.59451e-08
 Reference value :  3.60051e-08
 Reference value :  3.60651e-08
 Reference value :  3.61251e-08
 Reference value :  3.61851e-08
 Reference value :  3.62451e-08
 Reference value :  3.63051e-08
 Reference value :  3.63651e-08
 Reference value :  3.64251e-08
 Reference value :  3.64851e-08
 Reference value :  3.65451e-08
 Reference value :  3.66051e-08
 Reference value :  3.66651e-08
 Reference value :  3.67251e-08
 Reference value :  3.67851e-08
 Reference value :  3.68651e-08
 Reference value :  3.69251e-08
 Reference value :  3.70051e-08
 Reference value :  3.70371e-08
 Reference value :  3.70377e-08
 Reference value :  3.70413e-08
 Reference value :  3.70449e-08
 Reference value :  3.70498e-08
 Reference value :  3.70568e-08
 Reference value :  3.70637e-08
 Reference value :  3.70668e-08
 Reference value :  3.70736e-08
 Reference value :  3.70772e-08
 Reference value :  3.70851e-08
 Reference value :  3.70998e-08
 Reference value :  3.71036e-08
 Reference value :  3.71073e-08
 Reference value :  3.71142e-08
 Reference value :  3.71171e-08
 Reference value :  3.71179e-08
 Reference value :  3.71201e-08
 Reference value :  3.71254e-08
 Reference value :  3.71334e-08
 Reference value :  3.71494e-08
 Reference value :  3.71637e-08
 Reference value :  3.71813e-08
 Reference value :  3.72036e-08
 Reference value :  3.72321e-08
 Reference value :  3.72688e-08
 Reference value :  3.73288e-08
 Reference value :  3.73888e-08
 Reference value :  3.74488e-08
 Reference value :  3.75288e-08
 Reference value :  3.75888e-08
 Reference value :  3.76488e-08
 Reference value :  3.77088e-08
 Reference value :  3.77633e-08
 Reference value :  3.77781e-08
 Reference value :  3.77788e-08
 Reference value :  3.77798e-08
 Reference value :  3.77877e-08
 Reference value :  3.78345e-08
 Reference value :  3.78945e-08
 Reference value :  3.79545e-08
 Reference value :  3.80145e-08
 Reference value :  3.80745e-08
 Reference value :  3.81313e-08
 Reference value :  3.81484e-08
 Reference value :  3.81492e-08
 Reference value :  3.81502e-08
 Reference value :  3.81580e-08
 Reference value :  3.82049e-08
 Reference value :  3.82649e-08
 Reference value :  3.83249e-08
 Reference value :  3.83849e-08
 Reference value :  3.84449e-08
 Reference value :  3.85049e-08
 Reference value :  3.85649e-08
 Reference value :  3.86249e-08
 Reference value :  3.86849e-08
 Reference value :  3.87649e-08
 Reference value :  3.88249e-08
 Reference value :  3.88849e-08
 Reference value :  3.89449e-08
 Reference value :  3.90049e-08
 Reference value :  3.90649e-08
 Reference value :  3.91249e-08
 Reference value :  3.91849e-08
 Reference value :  3.92449e-08
 Reference value :  3.93049e-08
 Reference value :  3.93649e-08
 Reference value :  3.94249e-08
 Reference value :  3.95049e-08
 Reference value :  3.95649e-08
 Reference value :  3.96296e-08
 Reference value :  3.96303e-08
 Reference value :  3.96311e-08
 Reference value :  3.96350e-08
 Reference value :  3.96664e-08
 Reference value :  3.97264e-08
 Reference value :  3.97864e-08
 Reference value :  3.98464e-08
 Reference value :  3.99064e-08
 Reference value :  3.99664e-08
 Reference value :  4.00264e-08
 Reference value :  4.00864e-08
 Reference value :  4.01464e-08
 Reference value :  4.02064e-08
 Reference value :  4.02664e-08
 Reference value :  4.03264e-08
 Reference value :  4.03864e-08
 Reference value :  4.04464e-08
 Reference value :  4.05064e-08
 Reference value :  4.05664e-08
 Reference value :  4.06264e-08
 Reference value :  4.06864e-08
 Reference value :  4.07407e-08
 Reference value :  4.07408e-08
 Reference value :  4.07414e-08
 Reference value :  4.07436e-08
 Reference value :  4.07488e-08
 Reference value :  4.07537e-08
 Reference value :  4.07644e-08
 Reference value :  4.07716e-08
 Reference value :  4.07784e-08
 Reference value :  4.07903e-08
 Reference value :  4.08000e-08
 Reference value :  4.08081e-08
 Reference value :  4.08119e-08
 Reference value :  4.08207e-08
 Reference value :  4.08208e-08
 Reference value :  4.08221e-08
 Reference value :  4.08267e-08
 Reference value :  4.08307e-08
 Reference value :  4.08400e-08
 Reference value :  4.08581e-08
 Reference value :  4.08826e-08
 Reference value :  4.09170e-08
 Reference value :  4.09483e-08
 Reference value :  4.09872e-08
 Reference value :  4.10272e-08
 Reference value :  4.10872e-08
 Reference value :  4.11472e-08
 Reference value :  4.12272e-08
 Reference value :  4.12872e-08
 Reference value :  4.13472e-08
 Reference value :  4.14072e-08
 Reference value :  4.14672e-08
 Reference value :  4.15272e-08
 Reference value :  4.15872e-08
 Reference value :  4.16472e-08
 Reference value :  4.17072e-08
 Reference value :  4.17672e-08
 Reference value :  4.18272e-08
 Reference value :  4.18520e-08
 Reference value :  4.18529e-08
 Reference value :  4.18533e-08
 Reference value :  4.18573e-08
 Reference value :  4.18886e-08
 Reference value :  4.19486e-08
 Reference value :  4.20086e-08
 Reference value :  4.20686e-08
 Reference value :  4.21286e-08
 Reference value :  4.22086e-08
 Reference value :  4.22686e-08
 Reference value :  4.23286e-08
 Reference value :  4.23886e-08
 Reference value :  4.24486e-08
 Reference value :  4.25086e-08
 Reference value :  4.25686e-08
 Reference value :  4.26286e-08
 Reference value :  4.26886e-08
 Reference value :  4.27486e-08
 Reference value :  4.28086e-08
 Reference value :  4.28686e-08
 Reference value :  4.29286e-08
 Reference value :  4.29886e-08
 Reference value :  4.30486e-08
 Reference value :  4.31286e-08
 Reference value :  4.31886e-08
 Reference value :  4.32486e-08
 Reference value :  4.33086e-08
 Reference value :  4.33334e-08
 Reference value :  4.33343e-08
 Reference value :  4.33354e-08
 Reference value :  4.33432e-08
 Reference value :  4.33901e-08
 Reference value :  4.34501e-08
 Reference value :  4.35101e-08
 Reference value :  4.35701e-08
 Reference value :  4.36301e-08
 Reference value :  4.36901e-08
 Reference value :  4.37501e-08
 Reference value :  4.38101e-08
 Reference value :  4.38701e-08
 Reference value :  4.39301e-08
 Reference value :  4.39901e-08
 Reference value :  4.40501e-08
 Reference value :  4.41101e-08
 Reference value :  4.41701e-08
 Reference value :  4.42301e-08
 Reference value :  4.42901e-08
 Reference value :  4.43501e-08
 Reference value :  4.44101e-08
 Reference value :  4.44445e-08
 Reference value :  4.44451e-08
 Reference value :  4.44488e-08
 Reference value :  4.44525e-08
 Reference value :  4.44574e-08
 Reference value :  4.44645e-08
 Reference value :  4.44718e-08
 Reference value :  4.44785e-08
 Reference value :  4.44859e-08
 Reference value :  4.44940e-08
 Reference value :  4.45037e-08
 Reference value :  4.45118e-08
 Reference value :  4.45196e-08
 Reference value :  4.45245e-08
 Reference value :  4.45251e-08
 Reference value :  4.45272e-08
 Reference value :  4.45304e-08
 Reference value :  4.45369e-08
 Reference value :  4.45437e-08
 Reference value :  4.45552e-08
 Reference value :  4.45692e-08
 Reference value :  4.45863e-08
 Reference value :  4.46079e-08
 Reference value :  4.46355e-08
 Reference value :  4.46710e-08
 Reference value :  4.47110e-08
 Reference value :  4.47710e-08
 Reference value :  4.48310e-08
 Reference value :  4.48910e-08
 Reference value :  4.49510e-08
 Reference value :  4.50110e-08
 Reference value :  4.50710e-08
 Reference value :  4.51310e-08
 Reference value :  4.51910e-08
 Reference value :  4.52510e-08
 Reference value :  4.53110e-08
 Reference value :  4.53710e-08
 Reference value :  4.54310e-08
 Reference value :  4.54910e-08
 Reference value :  4.55433e-08
 Reference value :  4.55559e-08
 Reference value :  4.55566e-08
 Reference value :  4.55576e-08
 Reference value :  4.55744e-08
 Reference value :  4.56323e-08
 Reference value :  4.56923e-08
 Reference value :  4.57523e-08
 Reference value :  4.58123e-08
 Reference value :  4.58723e-08
 Reference value :  4.59323e-08
 Reference value :  4.59923e-08
 Reference value :  4.60523e-08
 Reference value :  4.61123e-08
 Reference value :  4.61923e-08
 Reference value :  4.62523e-08
 Reference value :  4.63123e-08
 Reference value :  4.63723e-08
 Reference value :  4.64323e-08
 Reference value :  4.64923e-08
 Reference value :  4.65523e-08
 Reference value :  4.66123e-08
 Reference value :  4.66723e-08
 Reference value :  4.67323e-08
 Reference value :  4.67923e-08
 Reference value :  4.68523e-08
 Reference value :  4.69123e-08
 Reference value :  4.69723e-08
 Reference value :  4.70247e-08
 Reference value :  4.70373e-08
 Reference value :  4.70381e-08
 Reference value :  4.70402e-08
 Reference value :  4.70559e-08
 Reference value :  4.71138e-08
 Reference value :  4.71738e-08
 Reference value :  4.72338e-08
 Reference value :  4.73138e-08
 Reference value :  4.73738e-08
 Reference value :  4.74338e-08
 Reference value :  4.74938e-08
 Reference value :  4.75538e-08
 Reference value :  4.76338e-08
 Reference value :  4.76938e-08
 Reference value :  4.77738e-08
 Reference value :  4.78338e-08
 Reference value :  4.78938e-08
 Reference value :  4.79538e-08
 Reference value :  4.80338e-08
 Reference value :  4.80938e-08
 Reference value :  4.81481e-08
 Reference value :  4.81483e-08
 Reference value :  4.81495e-08
 Reference value :  4.81525e-08
 Reference value :  4.81562e-08
 Reference value :  4.81645e-08
 Reference value :  4.81755e-08
 Reference value :  4.81822e-08
 Reference value :  4.81896e-08
 Reference value :  4.81977e-08
 Reference value :  4.82075e-08
 Reference value :  4.82118e-08
 Reference value :  4.82155e-08
 Reference value :  4.82233e-08
 Reference value :  4.82282e-08
 Reference value :  4.82288e-08
 Reference value :  4.82324e-08
 Reference value :  4.82359e-08
 Reference value :  4.82406e-08
 Reference value :  4.82474e-08
 Reference value :  4.82589e-08
 Reference value :  4.82729e-08
 Reference value :  4.82900e-08
 Reference value :  4.83115e-08
 Reference value :  4.83391e-08
 Reference value :  4.83746e-08
 Reference value :  4.84146e-08
 Reference value :  4.84746e-08
 Reference value :  4.85346e-08
 Reference value :  4.85946e-08
 Reference value :  4.86546e-08
 Reference value :  4.87146e-08
 Reference value :  4.87746e-08
 Reference value :  4.88346e-08
 Reference value :  4.88946e-08
 Reference value :  4.89546e-08
 Reference value :  4.90146e-08
 Reference value :  4.90746e-08
 Reference value :  4.91346e-08
 Reference value :  4.91946e-08
 Reference value :  4.92469e-08
 Reference value :  4.92596e-08
 Reference value :  4.92605e-08
 Reference value :  4.92624e-08
 Reference value :  4.92781e-08
 Reference value :  4.93360e-08
 Reference value :  4.93960e-08
 Reference value :  4.94560e-08
 Reference value :  4.95160e-08
 Reference value :  4.95760e-08
 Reference value :  4.96360e-08
 Reference value :  4.96960e-08
 Reference value :  4.97560e-08
 Reference value :  4.98160e-08
 Reference value :  4.98760e-08
 Reference value :  4.99360e-08
 Reference value :  4.99960e-08
 Reference value :  5.00560e-08
 Reference value :  5.01160e-08
 Reference value :  5.01760e-08
 Reference value :  5.02360e-08
 Reference value :  5.02960e-08
 Reference value :  5.03560e-08
 Reference value :  5.04160e-08
 Reference value :  5.04760e-08
 Reference value :  5.05360e-08
 Reference value :  5.05960e-08
 Reference value :  5.06560e-08
 Reference value :  5.07160e-08
 Reference value :  5.07408e-08
 Reference value :  5.07417e-08
 Reference value :  5.07422e-08
 Reference value :  5.07462e-08
 Reference value :  5.07775e-08
 Reference value :  5.08375e-08
 Reference value :  5.08975e-08
 Reference value :  5.09575e-08
 Reference value :  5.10175e-08
 Reference value :  5.10975e-08
 Reference value :  5.11575e-08
 Reference value :  5.12175e-08
 Reference value :  5.12775e-08
 Reference value :  5.13375e-08
 Reference value :  5.13975e-08
 Reference value :  5.14575e-08
 Reference value :  5.15175e-08
 Reference value :  5.15775e-08
 Reference value :  5.16375e-08
 Reference value :  5.16975e-08
 Reference value :  5.17575e-08
 Reference value :  5.18175e-08
 Reference value :  5.18519e-08
 Reference value :  5.18525e-08
 Reference value :  5.18562e-08
 Reference value :  5.18599e-08
 Reference value :  5.18648e-08
 Reference value :  5.18719e-08
 Reference value :  5.18792e-08
 Reference value :  5.18859e-08
 Reference value :  5.18972e-08
 Reference value :  5.19063e-08
 Reference value :  5.19155e-08
 Reference value :  5.19192e-08
 Reference value :  5.19230e-08
 Reference value :  5.19319e-08
 Reference value :  5.19320e-08
 Reference value :  5.19332e-08
 Reference value :  5.19361e-08
 Reference value :  5.19397e-08
 Reference value :  5.19443e-08
 Reference value :  5.19511e-08
 Reference value :  5.19693e-08
 Reference value :  5.19847e-08
 Reference value :  5.20039e-08
 Reference value :  5.20282e-08
 Reference value :  5.20595e-08
 Reference value :  5.20985e-08
 Reference value :  5.21385e-08
 Reference value :  5.21985e-08
 Reference value :  5.22785e-08
 Reference value :  5.23385e-08
 Reference value :  5.23985e-08
 Reference value :  5.24785e-08
 Reference value :  5.25585e-08
 Reference value :  5.26385e-08
 Reference value :  5.27185e-08
 Reference value :  5.27985e-08
 Reference value :  5.28585e-08
 Reference value :  5.29185e-08
 Reference value :  5.29630e-08
 Reference value :  5.29640e-08
 Reference value :  5.29645e-08
 Reference value :  5.29684e-08
 Reference value :  5.30197e-08
 Reference value :  5.30797e-08
 Reference value :  5.31397e-08
 Reference value :  5.31997e-08
 Reference value :  5.32597e-08
 Reference value :  5.33197e-08
 Reference value :  5.33797e-08
 Reference value :  5.34397e-08
 Reference value :  5.34997e-08
 Reference value :  5.35597e-08
 Reference value :  5.36197e-08
 Reference value :  5.36997e-08
 Reference value :  5.37597e-08
 Reference value :  5.38197e-08
 Reference value :  5.38797e-08
 Reference value :  5.39397e-08
 Reference value :  5.39997e-08
 Reference value :  5.40597e-08
 Reference value :  5.41197e-08
 Reference value :  5.41797e-08
 Reference value :  5.42397e-08
 Reference value :  5.43197e-08
 Reference value :  5.43797e-08
 Reference value :  5.44321e-08
 Reference value :  5.44447e-08
 Reference value :  5.44455e-08
 Reference value :  5.44465e-08
 Reference value :  5.44543e-08
 Reference value :  5.45012e-08
 Reference value :  5.45812e-08
 Reference value :  5.46412e-08
 Reference value :  5.47012e-08
 Reference value :  5.47612e-08
 Reference value :  5.48212e-08
 Reference value :  5.49012e-08
 Reference value :  5.49612e-08
 Reference value :  5.50212e-08
 Reference value :  5.50812e-08
 Reference value :  5.51412e-08
 Reference value :  5.52012e-08
 Reference value :  5.52612e-08
 Reference value :  5.53212e-08
 Reference value :  5.53812e-08
 Reference value :  5.54412e-08
 Reference value :  5.55212e-08
 Reference value :  5.55556e-08
 Reference value :  5.55562e-08
 Reference value :  5.55599e-08
 Reference value :  5.55636e-08
 Reference value :  5.55685e-08
 Reference value :  5.55756e-08
 Reference value :  5.55829e-08
 Reference value :  5.55896e-08
 Reference value :  5.55970e-08
 Reference value :  5.56100e-08
 Reference value :  5.56149e-08
 Reference value :  5.56229e-08
 Reference value :  5.56267e-08
 Reference value :  5.56356e-08
 Reference value :  5.56356e-08
 Reference value :  5.56362e-08
 Reference value :  5.56383e-08
 Reference value :  5.56433e-08
 Reference value :  5.56480e-08
 Reference value :  5.56548e-08
 Reference value :  5.56663e-08
 Reference value :  5.56803e-08
 Reference value :  5.56974e-08
 Reference value :  5.57190e-08
 Reference value :  5.57465e-08
 Reference value :  5.57820e-08
 Reference value :  5.58220e-08
 Reference value :  5.58820e-08
 Reference value :  5.59420e-08
 Reference value :  5.60020e-08
 Reference value :  5.60620e-08
 Reference value :  5.61220e-08
 Reference value :  5.61820e-08
 Reference value :  5.62420e-08
 Reference value :  5.63020e-08
 Reference value :  5.63620e-08
 Reference value :  5.64220e-08
 Reference value :  5.64820e-08
 Reference value :  5.65420e-08
 Reference value :  5.66020e-08
 Reference value :  5.66667e-08
 Reference value :  5.66673e-08
 Reference value :  5.66679e-08
 Reference value :  5.66698e-08
 Reference value :  5.66855e-08
 Reference value :  5.67434e-08
 Reference value :  5.68034e-08
 Reference value :  5.68634e-08
 Reference value :  5.69234e-08
 Reference value :  5.69834e-08
 Reference value :  5.70434e-08
 Reference value :  5.71034e-08
 Reference value :  5.71634e-08
 Reference value :  5.72234e-08
 Reference value :  5.72834e-08
 Reference value :  5.73434e-08
 Reference value :  5.74034e-08
 Reference value :  5.74634e-08
 Reference value :  5.75234e-08
 Reference value :  5.75834e-08
 Reference value :  5.76434e-08
 Reference value :  5.77034e-08
 Reference value :  5.77634e-08
 Reference value :  5.78234e-08
 Reference value :  5.79034e-08
 Reference value :  5.79634e-08
 Reference value :  5.80234e-08
 Reference value :  5.80834e-08
 Reference value :  5.81358e-08
 Reference value :  5.81484e-08
 Reference value :  5.81492e-08
 Reference value :  5.81502e-08
 Reference value :  5.81580e-08
 Reference value :  5.82049e-08
 Reference value :  5.82649e-08
 Reference value :  5.83449e-08
 Reference value :  5.84249e-08
 Reference value :  5.84849e-08
 Reference value :  5.85186e-08
 Reference value :  5.85195e-08
 Reference value :  5.85200e-08
 Reference value :  5.85284e-08
 Reference value :  5.85753e-08
 Reference value :  5.86553e-08
 Reference value :  5.87153e-08
 Reference value :  5.87753e-08
 Reference value :  5.88353e-08
 Reference value :  5.88953e-08
 Reference value :  5.89553e-08
 Reference value :  5.90153e-08
 Reference value :  5.90753e-08
 Reference value :  5.91353e-08
 Reference value :  5.91793e-08
 Reference value :  5.91793e-08
 Reference value :  5.91798e-08
 Reference value :  5.91829e-08
 Reference value :  5.91864e-08
 Reference value :  5.91938e-08
 Reference value :  5.91972e-08
 Reference value :  5.92042e-08
 Reference value :  5.92074e-08
 Reference value :  5.92141e-08
 Reference value :  5.92216e-08
 Reference value :  5.92299e-08
 Reference value :  5.92399e-08
 Reference value :  5.92440e-08
 Reference value :  5.92477e-08
 Reference value :  5.92555e-08
 Reference value :  5.92593e-08
 Reference value :  5.92597e-08
 Reference value :  5.92624e-08
 Reference value :  5.92677e-08
 Reference value :  5.92726e-08
 Reference value :  5.92800e-08
 Reference value :  5.92920e-08
 Reference value :  5.93065e-08
 Reference value :  5.93242e-08
 Reference value :  5.93466e-08
 Reference value :  5.93754e-08
 Reference value :  5.94124e-08
 Reference value :  5.94524e-08
 Reference value :  5.95124e-08
 Reference value :  5.95724e-08
 Reference value :  5.96324e-08
 Reference value :  5.97124e-08
 Reference value :  5.97724e-08
 Reference value :  5.98324e-08
 Reference value :  5.98924e-08
 Reference value :  5.99524e-08
 Reference value :  6.00124e-08
 Reference value :  6.00724e-08
 Reference value :  6.01324e-08
 Reference value :  6.01924e-08
 Reference value :  6.02524e-08
 Reference value :  6.03124e-08
 Reference value :  6.03724e-08
 Reference value :  6.04324e-08
 Reference value :  6.04924e-08
 Reference value :  6.05524e-08
 Reference value :  6.06124e-08
 Reference value :  6.06724e-08
 Reference value :  6.07324e-08
 Reference value :  6.07924e-08
 Reference value :  6.08524e-08
 Reference value :  6.09124e-08
 Reference value :  6.09862e-08
No. of Data Rows : 3567
m_ui_ref            =  3.70370e-09 targ=  3.70770e-08 trig=  3.33733e-08
m_spa_in            =  1.48148e-08 targ=  4.81881e-08 trig=  3.33733e-08
m_spb_in            =  1.11111e-08 targ=  4.44844e-08 trig=  3.33733e-08
m_spa_c0            =  1.48148e-08 targ=  4.81952e-08 trig=  3.33804e-08
m_spb_c0            =  1.11111e-08 targ=  4.44915e-08 trig=  3.33804e-08
m_trise_c0          =  4.37945e-11 targ=  3.71034e-08 trig=  3.70596e-08
m_tfall_c0          =  4.38526e-11 targ=  4.08072e-08 trig=  4.07633e-08
m_spa_c1            =  1.48148e-08 targ=  4.82276e-08 trig=  3.34128e-08
m_spb_c1            =  1.11111e-08 targ=  4.45239e-08 trig=  3.34128e-08
m_trise_c1          =  1.11156e-10 targ=  3.71903e-08 trig=  3.70791e-08
m_tfall_c1          =  1.11085e-10 targ=  4.08940e-08 trig=  4.07829e-08
m_spa_c2            =  1.48148e-08 targ=  4.82573e-08 trig=  3.34424e-08
m_spb_c2            =  1.11111e-08 targ=  4.45535e-08 trig=  3.34424e-08
m_trise_c2          =  2.15037e-10 targ=  3.73034e-08 trig=  3.70884e-08
m_tfall_c2          =  2.14700e-10 targ=  4.10068e-08 trig=  4.07921e-08
m_spa_cmis          =  1.48148e-08 targ=  4.82375e-08 trig=  3.34227e-08
m_spb_cmis          =  1.11127e-08 targ=  4.45354e-08 trig=  3.34227e-08
m_dj_ui_c0 = 2.6999997835e-06
m_swing_c0 = 5.0947322357e-01
m_vpp_c0 = 6.4875302377e-01
m_vcm_c0 = 3.0452631803e+00
m_dj_ui_c1 = 2.6999997840e-06
m_swing_c1 = 5.0948722343e-01
m_vpp_c1 = 5.1782590333e-01
m_vcm_c1 = 3.0452561803e+00
m_dj_ui_c2 = 2.6999997844e-06
m_swing_c2 = 5.0946144596e-01
m_vpp_c2 = 5.1365980457e-01
m_vcm_c2 = 3.0452690691e+00
m_dj_ui_cmis = 4.3739996501e-04
m_swing_cmis = 5.0945987357e-01
m_swing_avcclo = 5.0911223059e-01
m_vcm_avcclo = 2.7154436193e+00
m_swing_avcchi = 5.0980639685e-01
m_vcm_avcchi = 3.3750966239e+00
m_vgs_sw_max = 1.6062794870e+00
m_vgd_sw_max = 1.6334998235e+00
m_vds_sw_max = 2.2213085781e+00
m_vgs_tail_max = 1.1296931117e+00
m_vds_tail_max = 1.5859826448e+00
m_swing_dc = 5.0900617925e-01
m_vcm_dc = 3.0454967039e+00
m_ioff_dc = 4.1298326092e-09
m_itail_dc = 1.0180131845e-02
m_icell_dc = 1.0680131846e-02
m_ro_leg = 4.9697385197e+04
Note: Simulation executed from .control section 

