
Note: No compatibility mode selected!


Circuit: * cml-driver-eye @ tt_27c_3.30v_742p5mbps -- generated by sim/harness, do not edit

Doing analysis at TEMP = 27.000000 and TNOM = 27.000000

Using SPARSE 1.3 as Direct Linear Solver

Initial Transient Solution
--------------------------

Node                                   Voltage
----                                   -------
avcc                                       3.3
avcclo                                    2.97
avcchi                                    3.63
inp                                      2.805
inn                                      1.815
inpz                                     2.805
innz                                     1.815
inref                                     0.99
win                                          0
winc                                         0
xc0.tail                                1.3301
ib_c0                                   1.1278
outp_c0                                2.79559
outn_c0                                    3.3
vd_c0                                 0.504405
xc1.tail                                1.3301
ib_c1                                   1.1278
outp_c1                                2.79559
outn_c1                                    3.3
vd_c1                                 0.504405
xc2.tail                                1.3301
ib_c2                                   1.1278
outp_c2                                2.79559
outn_c2                                    3.3
vd_c2                                 0.504405
xcmis.tail                              1.3301
ib_cmis                                 1.1278
outp_cmis                              2.79559
outn_cmis                                  3.3
vd_cmis                               0.504405
xvlo.tail                              1.31329
ib_vlo                                  1.1278
outp_vlo                               2.46594
outn_vlo                                  2.97
xvhi.tail                              1.34571
ib_vhi                                  1.1278
outp_vhi                               3.12527
outn_vhi                                  3.63
xz.tail                                 1.3301
ib_z                                    1.1278
vss_z                                        0
outp_z                                 2.79559
outn_z                                     3.3
xza.tail                               1.32034
ib_za                                   1.1278
outp_za                                    2.6
outn_za                                    3.3
xzb.tail                               1.33987
ib_zb                                   1.1278
outp_zb                                      3
outn_zb                                    3.3
ediff_cmis#branch                            0
ediff_c2#branch                              0
ediff_c1#branch                              0
ediff_c0#branch                              0
einref#branch                                0
vforce_zb#branch                    -0.0100922
vforce_za#branch                    -0.0100841
vsens_z#branch                       0.0105882
vwinc#branch                                 0
vwin#branch                                  0
vinnz#branch                                 0
vinpz#branch                                 0
vinn#branch                                  0
vinp#branch                                  0
vavcchi#branch                      -0.0100946
vavcclo#branch                      -0.0100813
vavcc#branch                        -0.0504413

 Reference value :  0.00000e+00
 Reference value :  4.00000e-13
 Reference value :  3.20000e-12
 Reference value :  2.56000e-11
 Reference value :  8.56000e-11
 Reference value :  1.45600e-10
 Reference value :  2.05600e-10
 Reference value :  2.65600e-10
 Reference value :  3.25600e-10
 Reference value :  3.85600e-10
 Reference value :  4.45600e-10
 Reference value :  5.05600e-10
 Reference value :  5.65600e-10
 Reference value :  6.25600e-10
 Reference value :  6.85600e-10
 Reference value :  7.45600e-10
 Reference value :  8.05600e-10
 Reference value :  8.65600e-10
 Reference value :  9.25600e-10
 Reference value :  9.85600e-10
 Reference value :  1.04560e-09
 Reference value :  1.10560e-09
 Reference value :  1.16560e-09
 Reference value :  1.22560e-09
 Reference value :  1.28560e-09
 Reference value :  1.34560e-09
 Reference value :  1.40560e-09
 Reference value :  1.46560e-09
 Reference value :  1.52560e-09
 Reference value :  1.58560e-09
 Reference value :  1.64560e-09
 Reference value :  1.70560e-09
 Reference value :  1.76560e-09
 Reference value :  1.82560e-09
 Reference value :  1.88560e-09
 Reference value :  1.94560e-09
 Reference value :  2.00560e-09
 Reference value :  2.06560e-09
 Reference value :  2.12560e-09
 Reference value :  2.18560e-09
 Reference value :  2.26560e-09
 Reference value :  2.34560e-09
 Reference value :  2.40560e-09
 Reference value :  2.46560e-09
 Reference value :  2.52560e-09
 Reference value :  2.58560e-09
 Reference value :  2.64560e-09
 Reference value :  2.70560e-09
 Reference value :  2.76560e-09
 Reference value :  2.82560e-09
 Reference value :  2.88560e-09
 Reference value :  2.94560e-09
 Reference value :  3.00560e-09
 Reference value :  3.06560e-09
 Reference value :  3.12560e-09
 Reference value :  3.20560e-09
 Reference value :  3.26560e-09
 Reference value :  3.32560e-09
 Reference value :  3.38560e-09
 Reference value :  3.44560e-09
 Reference value :  3.50560e-09
 Reference value :  3.54560e-09
 Reference value :  3.60560e-09
 Reference value :  3.66560e-09
 Reference value :  3.72560e-09
 Reference value :  3.78560e-09
 Reference value :  3.84560e-09
 Reference value :  3.90560e-09
 Reference value :  3.96560e-09
 Reference value :  4.02560e-09
 Reference value :  4.08560e-09
 Reference value :  4.14560e-09
 Reference value :  4.20560e-09
 Reference value :  4.26560e-09
 Reference value :  4.34560e-09
 Reference value :  4.42560e-09
 Reference value :  4.48560e-09
 Reference value :  4.54560e-09
 Reference value :  4.60560e-09
 Reference value :  4.66560e-09
 Reference value :  4.72560e-09
 Reference value :  4.78560e-09
 Reference value :  4.84560e-09
 Reference value :  4.90560e-09
 Reference value :  4.96560e-09
 Reference value :  5.02560e-09
 Reference value :  5.08560e-09
 Reference value :  5.14560e-09
 Reference value :  5.20560e-09
 Reference value :  5.26560e-09
 Reference value :  5.32560e-09
 Reference value :  5.38560e-09
 Reference value :  5.44560e-09
 Reference value :  5.50560e-09
 Reference value :  5.56560e-09
 Reference value :  5.64560e-09
 Reference value :  5.70560e-09
 Reference value :  5.78560e-09
 Reference value :  5.84560e-09
 Reference value :  5.90560e-09
 Reference value :  5.96560e-09
 Reference value :  6.02560e-09
 Reference value :  6.08560e-09
 Reference value :  6.14560e-09
 Reference value :  6.20560e-09
 Reference value :  6.26560e-09
 Reference value :  6.32560e-09
 Reference value :  6.38560e-09
 Reference value :  6.44560e-09
 Reference value :  6.50560e-09
 Reference value :  6.56560e-09
 Reference value :  6.62560e-09
 Reference value :  6.68560e-09
 Reference value :  6.74560e-09
 Reference value :  6.80560e-09
 Reference value :  6.86560e-09
 Reference value :  6.92560e-09
 Reference value :  6.98560e-09
 Reference value :  7.04560e-09
 Reference value :  7.12560e-09
 Reference value :  7.18560e-09
 Reference value :  7.24560e-09
 Reference value :  7.30560e-09
 Reference value :  7.36560e-09
 Reference value :  7.42560e-09
 Reference value :  7.48560e-09
 Reference value :  7.54560e-09
 Reference value :  7.60560e-09
 Reference value :  7.66560e-09
 Reference value :  7.72560e-09
 Reference value :  7.78560e-09
 Reference value :  7.84560e-09
 Reference value :  7.90560e-09
 Reference value :  7.98560e-09
 Reference value :  8.04560e-09
 Reference value :  8.10560e-09
 Reference value :  8.16560e-09
 Reference value :  8.22560e-09
 Reference value :  8.28560e-09
 Reference value :  8.34560e-09
 Reference value :  8.40560e-09
 Reference value :  8.46560e-09
 Reference value :  8.54560e-09
 Reference value :  8.60560e-09
 Reference value :  8.66560e-09
 Reference value :  8.72560e-09
 Reference value :  8.78560e-09
 Reference value :  8.84560e-09
 Reference value :  8.90560e-09
 Reference value :  8.96560e-09
 Reference value :  9.02560e-09
 Reference value :  9.08560e-09
 Reference value :  9.14560e-09
 Reference value :  9.20560e-09
 Reference value :  9.26560e-09
 Reference value :  9.32560e-09
 Reference value :  9.38560e-09
 Reference value :  9.44560e-09
 Reference value :  9.50560e-09
 Reference value :  9.56560e-09
 Reference value :  9.62560e-09
 Reference value :  9.68560e-09
 Reference value :  9.74560e-09
 Reference value :  9.80560e-09
 Reference value :  9.86560e-09
 Reference value :  9.92560e-09
 Reference value :  9.98560e-09
 Reference value :  1.00456e-08
 Reference value :  1.01056e-08
 Reference value :  1.01656e-08
 Reference value :  1.02256e-08
 Reference value :  1.02856e-08
 Reference value :  1.03456e-08
 Reference value :  1.04056e-08
 Reference value :  1.04856e-08
 Reference value :  1.05456e-08
 Reference value :  1.06056e-08
 Reference value :  1.06656e-08
 Reference value :  1.07256e-08
 Reference value :  1.07856e-08
 Reference value :  1.08656e-08
 Reference value :  1.09456e-08
 Reference value :  1.10256e-08
 Reference value :  1.10856e-08
 Reference value :  1.11456e-08
 Reference value :  1.12056e-08
 Reference value :  1.12656e-08
 Reference value :  1.13256e-08
 Reference value :  1.13856e-08
 Reference value :  1.14456e-08
 Reference value :  1.15056e-08
 Reference value :  1.15656e-08
 Reference value :  1.16256e-08
 Reference value :  1.16856e-08
 Reference value :  1.17456e-08
 Reference value :  1.18056e-08
 Reference value :  1.18656e-08
 Reference value :  1.19256e-08
 Reference value :  1.19856e-08
 Reference value :  1.20456e-08
 Reference value :  1.21034e-08
 Reference value :  1.21213e-08
 Reference value :  1.21220e-08
 Reference value :  1.21244e-08
 Reference value :  1.21279e-08
 Reference value :  1.21324e-08
 Reference value :  1.21391e-08
 Reference value :  1.21512e-08
 Reference value :  1.21589e-08
 Reference value :  1.21673e-08
 Reference value :  1.21778e-08
 Reference value :  1.21830e-08
 Reference value :  1.21876e-08
 Reference value :  1.21916e-08
 Reference value :  1.21987e-08
 Reference value :  1.22012e-08
 Reference value :  1.22016e-08
 Reference value :  1.22030e-08
 Reference value :  1.22062e-08
 Reference value :  1.22124e-08
 Reference value :  1.22186e-08
 Reference value :  1.22296e-08
 Reference value :  1.22436e-08
 Reference value :  1.22605e-08
 Reference value :  1.22817e-08
 Reference value :  1.23085e-08
 Reference value :  1.23427e-08
 Reference value :  1.23827e-08
 Reference value :  1.24227e-08
 Reference value :  1.24827e-08
 Reference value :  1.25427e-08
 Reference value :  1.26027e-08
 Reference value :  1.26627e-08
 Reference value :  1.27227e-08
 Reference value :  1.27827e-08
 Reference value :  1.28427e-08
 Reference value :  1.29027e-08
 Reference value :  1.29627e-08
 Reference value :  1.30227e-08
 Reference value :  1.30827e-08
 Reference value :  1.31427e-08
 Reference value :  1.32027e-08
 Reference value :  1.32827e-08
 Reference value :  1.33427e-08
 Reference value :  1.34027e-08
 Reference value :  1.34680e-08
 Reference value :  1.34681e-08
 Reference value :  1.34692e-08
 Reference value :  1.34721e-08
 Reference value :  1.34758e-08
 Reference value :  1.34807e-08
 Reference value :  1.34879e-08
 Reference value :  1.34957e-08
 Reference value :  1.35031e-08
 Reference value :  1.35070e-08
 Reference value :  1.35208e-08
 Reference value :  1.35318e-08
 Reference value :  1.35361e-08
 Reference value :  1.35402e-08
 Reference value :  1.35480e-08
 Reference value :  1.35481e-08
 Reference value :  1.35486e-08
 Reference value :  1.35507e-08
 Reference value :  1.35541e-08
 Reference value :  1.35582e-08
 Reference value :  1.35639e-08
 Reference value :  1.35734e-08
 Reference value :  1.35870e-08
 Reference value :  1.36032e-08
 Reference value :  1.36233e-08
 Reference value :  1.36488e-08
 Reference value :  1.36812e-08
 Reference value :  1.37191e-08
 Reference value :  1.37377e-08
 Reference value :  1.37386e-08
 Reference value :  1.37405e-08
 Reference value :  1.37741e-08
 Reference value :  1.38141e-08
 Reference value :  1.38721e-08
 Reference value :  1.38731e-08
 Reference value :  1.38735e-08
 Reference value :  1.38819e-08
 Reference value :  1.39288e-08
 Reference value :  1.39888e-08
 Reference value :  1.40688e-08
 Reference value :  1.41288e-08
 Reference value :  1.41888e-08
 Reference value :  1.42488e-08
 Reference value :  1.43088e-08
 Reference value :  1.43688e-08
 Reference value :  1.44108e-08
 Reference value :  1.44114e-08
 Reference value :  1.44120e-08
 Reference value :  1.44139e-08
 Reference value :  1.44296e-08
 Reference value :  1.44875e-08
 Reference value :  1.45475e-08
 Reference value :  1.46075e-08
 Reference value :  1.46675e-08
 Reference value :  1.47275e-08
 Reference value :  1.47875e-08
 Reference value :  1.48149e-08
 Reference value :  1.48154e-08
 Reference value :  1.48173e-08
 Reference value :  1.48208e-08
 Reference value :  1.48250e-08
 Reference value :  1.48311e-08
 Reference value :  1.48350e-08
 Reference value :  1.48431e-08
 Reference value :  1.48506e-08
 Reference value :  1.48589e-08
 Reference value :  1.48688e-08
 Reference value :  1.48742e-08
 Reference value :  1.48791e-08
 Reference value :  1.48834e-08
 Reference value :  1.48874e-08
 Reference value :  1.48948e-08
 Reference value :  1.48949e-08
 Reference value :  1.48954e-08
 Reference value :  1.48972e-08
 Reference value :  1.49005e-08
 Reference value :  1.49046e-08
 Reference value :  1.49102e-08
 Reference value :  1.49191e-08
 Reference value :  1.49327e-08
 Reference value :  1.49486e-08
 Reference value :  1.49685e-08
 Reference value :  1.49935e-08
 Reference value :  1.50254e-08
 Reference value :  1.50650e-08
 Reference value :  1.51050e-08
 Reference value :  1.51450e-08
 Reference value :  1.52019e-08
 Reference value :  1.52192e-08
 Reference value :  1.52199e-08
 Reference value :  1.52209e-08
 Reference value :  1.52287e-08
 Reference value :  1.52756e-08
 Reference value :  1.53356e-08
 Reference value :  1.53956e-08
 Reference value :  1.54556e-08
 Reference value :  1.55156e-08
 Reference value :  1.55756e-08
 Reference value :  1.56356e-08
 Reference value :  1.56956e-08
 Reference value :  1.57466e-08
 Reference value :  1.57579e-08
 Reference value :  1.57586e-08
 Reference value :  1.57596e-08
 Reference value :  1.57675e-08
 Reference value :  1.58143e-08
 Reference value :  1.58743e-08
 Reference value :  1.59343e-08
 Reference value :  1.59943e-08
 Reference value :  1.60543e-08
 Reference value :  1.61143e-08
 Reference value :  1.61616e-08
 Reference value :  1.61617e-08
 Reference value :  1.61622e-08
 Reference value :  1.61641e-08
 Reference value :  1.61676e-08
 Reference value :  1.61718e-08
 Reference value :  1.61779e-08
 Reference value :  1.61818e-08
 Reference value :  1.61899e-08
 Reference value :  1.61974e-08
 Reference value :  1.62057e-08
 Reference value :  1.62156e-08
 Reference value :  1.62210e-08
 Reference value :  1.62259e-08
 Reference value :  1.62302e-08
 Reference value :  1.62342e-08
 Reference value :  1.62416e-08
 Reference value :  1.62417e-08
 Reference value :  1.62422e-08
 Reference value :  1.62440e-08
 Reference value :  1.62473e-08
 Reference value :  1.62540e-08
 Reference value :  1.62609e-08
 Reference value :  1.62729e-08
 Reference value :  1.62875e-08
 Reference value :  1.63052e-08
 Reference value :  1.63274e-08
 Reference value :  1.63557e-08
 Reference value :  1.63918e-08
 Reference value :  1.64318e-08
 Reference value :  1.64718e-08
 Reference value :  1.65118e-08
 Reference value :  1.65657e-08
 Reference value :  1.65663e-08
 Reference value :  1.65669e-08
 Reference value :  1.65688e-08
 Reference value :  1.65845e-08
 Reference value :  1.66424e-08
 Reference value :  1.67024e-08
 Reference value :  1.67624e-08
 Reference value :  1.68224e-08
 Reference value :  1.68824e-08
 Reference value :  1.69424e-08
 Reference value :  1.70024e-08
 Reference value :  1.70624e-08
 Reference value :  1.71044e-08
 Reference value :  1.71050e-08
 Reference value :  1.71056e-08
 Reference value :  1.71075e-08
 Reference value :  1.71232e-08
 Reference value :  1.71811e-08
 Reference value :  1.72411e-08
 Reference value :  1.73011e-08
 Reference value :  1.73611e-08
 Reference value :  1.74211e-08
 Reference value :  1.74811e-08
 Reference value :  1.75085e-08
 Reference value :  1.75090e-08
 Reference value :  1.75109e-08
 Reference value :  1.75144e-08
 Reference value :  1.75186e-08
 Reference value :  1.75247e-08
 Reference value :  1.75286e-08
 Reference value :  1.75367e-08
 Reference value :  1.75442e-08
 Reference value :  1.75525e-08
 Reference value :  1.75624e-08
 Reference value :  1.75678e-08
 Reference value :  1.75727e-08
 Reference value :  1.75770e-08
 Reference value :  1.75810e-08
 Reference value :  1.75884e-08
 Reference value :  1.75885e-08
 Reference value :  1.75890e-08
 Reference value :  1.75908e-08
 Reference value :  1.75941e-08
 Reference value :  1.75982e-08
 Reference value :  1.76038e-08
 Reference value :  1.76127e-08
 Reference value :  1.76263e-08
 Reference value :  1.76422e-08
 Reference value :  1.76621e-08
 Reference value :  1.76871e-08
 Reference value :  1.77190e-08
 Reference value :  1.77586e-08
 Reference value :  1.77986e-08
 Reference value :  1.78586e-08
 Reference value :  1.79126e-08
 Reference value :  1.79135e-08
 Reference value :  1.79139e-08
 Reference value :  1.79179e-08
 Reference value :  1.79492e-08
 Reference value :  1.80092e-08
 Reference value :  1.80692e-08
 Reference value :  1.81292e-08
 Reference value :  1.81892e-08
 Reference value :  1.82492e-08
 Reference value :  1.83092e-08
 Reference value :  1.83692e-08
 Reference value :  1.84292e-08
 Reference value :  1.84512e-08
 Reference value :  1.84518e-08
 Reference value :  1.84524e-08
 Reference value :  1.84543e-08
 Reference value :  1.84700e-08
 Reference value :  1.85279e-08
 Reference value :  1.85879e-08
 Reference value :  1.86479e-08
 Reference value :  1.87079e-08
 Reference value :  1.87679e-08
 Reference value :  1.88279e-08
 Reference value :  1.88553e-08
 Reference value :  1.88558e-08
 Reference value :  1.88577e-08
 Reference value :  1.88632e-08
 Reference value :  1.88681e-08
 Reference value :  1.88754e-08
 Reference value :  1.88835e-08
 Reference value :  1.88910e-08
 Reference value :  1.88993e-08
 Reference value :  1.89146e-08
 Reference value :  1.89195e-08
 Reference value :  1.89238e-08
 Reference value :  1.89278e-08
 Reference value :  1.89353e-08
 Reference value :  1.89358e-08
 Reference value :  1.89376e-08
 Reference value :  1.89410e-08
 Reference value :  1.89450e-08
 Reference value :  1.89506e-08
 Reference value :  1.89665e-08
 Reference value :  1.89811e-08
 Reference value :  1.90089e-08
 Reference value :  1.90493e-08
 Reference value :  1.90854e-08
 Reference value :  1.91254e-08
 Reference value :  1.91654e-08
 Reference value :  1.92054e-08
 Reference value :  1.92593e-08
 Reference value :  1.92599e-08
 Reference value :  1.92605e-08
 Reference value :  1.92624e-08
 Reference value :  1.92781e-08
 Reference value :  1.93360e-08
 Reference value :  1.93960e-08
 Reference value :  1.94560e-08
 Reference value :  1.95160e-08
 Reference value :  1.95760e-08
 Reference value :  1.96360e-08
 Reference value :  1.96960e-08
 Reference value :  1.97760e-08
 Reference value :  1.97981e-08
 Reference value :  1.97990e-08
 Reference value :  1.98000e-08
 Reference value :  1.98079e-08
 Reference value :  1.98547e-08
 Reference value :  1.99147e-08
 Reference value :  1.99747e-08
 Reference value :  2.00347e-08
 Reference value :  2.00947e-08
 Reference value :  2.01547e-08
 Reference value :  2.02020e-08
 Reference value :  2.02021e-08
 Reference value :  2.02026e-08
 Reference value :  2.02045e-08
 Reference value :  2.02080e-08
 Reference value :  2.02122e-08
 Reference value :  2.02222e-08
 Reference value :  2.02303e-08
 Reference value :  2.02421e-08
 Reference value :  2.02560e-08
 Reference value :  2.02614e-08
 Reference value :  2.02663e-08
 Reference value :  2.02746e-08
 Reference value :  2.02820e-08
 Reference value :  2.02821e-08
 Reference value :  2.02832e-08
 Reference value :  2.02861e-08
 Reference value :  2.02918e-08
 Reference value :  2.03013e-08
 Reference value :  2.03199e-08
 Reference value :  2.03358e-08
 Reference value :  2.03678e-08
 Reference value :  2.03961e-08
 Reference value :  2.04322e-08
 Reference value :  2.04722e-08
 Reference value :  2.05122e-08
 Reference value :  2.05522e-08
 Reference value :  2.06061e-08
 Reference value :  2.06067e-08
 Reference value :  2.06073e-08
 Reference value :  2.06092e-08
 Reference value :  2.06249e-08
 Reference value :  2.06828e-08
 Reference value :  2.07428e-08
 Reference value :  2.08028e-08
 Reference value :  2.08628e-08
 Reference value :  2.09228e-08
 Reference value :  2.09828e-08
 Reference value :  2.10428e-08
 Reference value :  2.11028e-08
 Reference value :  2.11448e-08
 Reference value :  2.11454e-08
 Reference value :  2.11460e-08
 Reference value :  2.11480e-08
 Reference value :  2.11636e-08
 Reference value :  2.12416e-08
 Reference value :  2.12796e-08
 Reference value :  2.12805e-08
 Reference value :  2.12810e-08
 Reference value :  2.12849e-08
 Reference value :  2.13162e-08
 Reference value :  2.13762e-08
 Reference value :  2.14362e-08
 Reference value :  2.14689e-08
 Reference value :  2.14695e-08
 Reference value :  2.14718e-08
 Reference value :  2.14753e-08
 Reference value :  2.14796e-08
 Reference value :  2.14861e-08
 Reference value :  2.14900e-08
 Reference value :  2.14937e-08
 Reference value :  2.14971e-08
 Reference value :  2.15047e-08
 Reference value :  2.15130e-08
 Reference value :  2.15229e-08
 Reference value :  2.15283e-08
 Reference value :  2.15332e-08
 Reference value :  2.15374e-08
 Reference value :  2.15415e-08
 Reference value :  2.15488e-08
 Reference value :  2.15489e-08
 Reference value :  2.15494e-08
 Reference value :  2.15512e-08
 Reference value :  2.15545e-08
 Reference value :  2.15586e-08
 Reference value :  2.15642e-08
 Reference value :  2.15731e-08
 Reference value :  2.15867e-08
 Reference value :  2.16124e-08
 Reference value :  2.16346e-08
 Reference value :  2.16629e-08
 Reference value :  2.17189e-08
 Reference value :  2.17789e-08
 Reference value :  2.18189e-08
 Reference value :  2.18989e-08
 Reference value :  2.19589e-08
 Reference value :  2.20189e-08
 Reference value :  2.20789e-08
 Reference value :  2.21589e-08
 Reference value :  2.22189e-08
 Reference value :  2.22789e-08
 Reference value :  2.23389e-08
 Reference value :  2.23989e-08
 Reference value :  2.24589e-08
 Reference value :  2.25189e-08
 Reference value :  2.25789e-08
 Reference value :  2.26389e-08
 Reference value :  2.26989e-08
 Reference value :  2.27789e-08
 Reference value :  2.28389e-08
 Reference value :  2.28989e-08
 Reference value :  2.29589e-08
 Reference value :  2.30189e-08
 Reference value :  2.30789e-08
 Reference value :  2.31389e-08
 Reference value :  2.31989e-08
 Reference value :  2.32589e-08
 Reference value :  2.33189e-08
 Reference value :  2.33789e-08
 Reference value :  2.34389e-08
 Reference value :  2.35189e-08
 Reference value :  2.35789e-08
 Reference value :  2.36389e-08
 Reference value :  2.36989e-08
 Reference value :  2.37589e-08
 Reference value :  2.38189e-08
 Reference value :  2.38789e-08
 Reference value :  2.39389e-08
 Reference value :  2.39989e-08
 Reference value :  2.40589e-08
 Reference value :  2.41189e-08
 Reference value :  2.41789e-08
 Reference value :  2.42389e-08
 Reference value :  2.42989e-08
 Reference value :  2.43589e-08
 Reference value :  2.44189e-08
 Reference value :  2.44789e-08
 Reference value :  2.45389e-08
 Reference value :  2.45989e-08
 Reference value :  2.46589e-08
 Reference value :  2.47189e-08
 Reference value :  2.47989e-08
 Reference value :  2.48589e-08
 Reference value :  2.49189e-08
 Reference value :  2.49789e-08
 Reference value :  2.50389e-08
 Reference value :  2.50989e-08
 Reference value :  2.51589e-08
 Reference value :  2.52189e-08
 Reference value :  2.52789e-08
 Reference value :  2.53389e-08
 Reference value :  2.54189e-08
 Reference value :  2.54789e-08
 Reference value :  2.55389e-08
 Reference value :  2.55989e-08
 Reference value :  2.56589e-08
 Reference value :  2.57189e-08
 Reference value :  2.57789e-08
 Reference value :  2.58389e-08
 Reference value :  2.58989e-08
 Reference value :  2.59589e-08
 Reference value :  2.60189e-08
 Reference value :  2.60789e-08
 Reference value :  2.61389e-08
 Reference value :  2.61989e-08
 Reference value :  2.62589e-08
 Reference value :  2.63189e-08
 Reference value :  2.63789e-08
 Reference value :  2.64389e-08
 Reference value :  2.64989e-08
 Reference value :  2.65589e-08
 Reference value :  2.66189e-08
 Reference value :  2.66789e-08
 Reference value :  2.67389e-08
 Reference value :  2.67989e-08
 Reference value :  2.68589e-08
 Reference value :  2.69189e-08
 Reference value :  2.69789e-08
 Reference value :  2.70589e-08
 Reference value :  2.71189e-08
 Reference value :  2.71789e-08
 Reference value :  2.72389e-08
 Reference value :  2.72989e-08
 Reference value :  2.73589e-08
 Reference value :  2.74189e-08
 Reference value :  2.74789e-08
 Reference value :  2.75589e-08
 Reference value :  2.76189e-08
 Reference value :  2.76789e-08
 Reference value :  2.77389e-08
 Reference value :  2.77989e-08
 Reference value :  2.78789e-08
 Reference value :  2.79389e-08
 Reference value :  2.79989e-08
 Reference value :  2.80589e-08
 Reference value :  2.81189e-08
 Reference value :  2.81789e-08
 Reference value :  2.82389e-08
 Reference value :  2.82989e-08
 Reference value :  2.83589e-08
 Reference value :  2.84189e-08
 Reference value :  2.84789e-08
 Reference value :  2.85389e-08
 Reference value :  2.85989e-08
 Reference value :  2.86589e-08
 Reference value :  2.87189e-08
 Reference value :  2.87789e-08
 Reference value :  2.88389e-08
 Reference value :  2.88989e-08
 Reference value :  2.89789e-08
 Reference value :  2.90389e-08
 Reference value :  2.90989e-08
 Reference value :  2.91789e-08
 Reference value :  2.92389e-08
 Reference value :  2.92989e-08
 Reference value :  2.93589e-08
 Reference value :  2.94189e-08
 Reference value :  2.94789e-08
 Reference value :  2.95389e-08
 Reference value :  2.96189e-08
 Reference value :  2.96789e-08
 Reference value :  2.97389e-08
 Reference value :  2.97989e-08
 Reference value :  2.98589e-08
 Reference value :  2.99189e-08
 Reference value :  2.99789e-08
 Reference value :  3.00389e-08
 Reference value :  3.00989e-08
 Reference value :  3.01589e-08
 Reference value :  3.02189e-08
 Reference value :  3.02789e-08
 Reference value :  3.03389e-08
 Reference value :  3.03989e-08
 Reference value :  3.04589e-08
 Reference value :  3.05189e-08
 Reference value :  3.05789e-08
 Reference value :  3.06389e-08
 Reference value :  3.06989e-08
 Reference value :  3.07589e-08
 Reference value :  3.08189e-08
 Reference value :  3.08789e-08
 Reference value :  3.09389e-08
 Reference value :  3.09989e-08
 Reference value :  3.10589e-08
 Reference value :  3.11189e-08
 Reference value :  3.11989e-08
 Reference value :  3.12589e-08
 Reference value :  3.13189e-08
 Reference value :  3.13789e-08
 Reference value :  3.14389e-08
 Reference value :  3.14989e-08
 Reference value :  3.15589e-08
 Reference value :  3.16189e-08
 Reference value :  3.16789e-08
 Reference value :  3.17589e-08
 Reference value :  3.18189e-08
 Reference value :  3.18789e-08
 Reference value :  3.19389e-08
 Reference value :  3.19989e-08
 Reference value :  3.20589e-08
 Reference value :  3.21189e-08
 Reference value :  3.21789e-08
 Reference value :  3.22389e-08
 Reference value :  3.22989e-08
 Reference value :  3.23589e-08
 Reference value :  3.24389e-08
 Reference value :  3.24989e-08
 Reference value :  3.25589e-08
 Reference value :  3.26189e-08
 Reference value :  3.26789e-08
 Reference value :  3.27389e-08
 Reference value :  3.27989e-08
 Reference value :  3.28589e-08
 Reference value :  3.29389e-08
 Reference value :  3.29989e-08
 Reference value :  3.30589e-08
 Reference value :  3.31389e-08
 Reference value :  3.32189e-08
 Reference value :  3.32789e-08
 Reference value :  3.33589e-08
 Reference value :  3.34189e-08
 Reference value :  3.34789e-08
 Reference value :  3.35589e-08
 Reference value :  3.36189e-08
 Reference value :  3.36700e-08
 Reference value :  3.36702e-08
 Reference value :  3.36714e-08
 Reference value :  3.36763e-08
 Reference value :  3.36807e-08
 Reference value :  3.36870e-08
 Reference value :  3.36909e-08
 Reference value :  3.36981e-08
 Reference value :  3.37095e-08
 Reference value :  3.37182e-08
 Reference value :  3.37346e-08
 Reference value :  3.37388e-08
 Reference value :  3.37465e-08
 Reference value :  3.37501e-08
 Reference value :  3.37506e-08
 Reference value :  3.37540e-08
 Reference value :  3.37576e-08
 Reference value :  3.37651e-08
 Reference value :  3.37739e-08
 Reference value :  3.37955e-08
 Reference value :  3.38230e-08
 Reference value :  3.38479e-08
 Reference value :  3.38992e-08
 Reference value :  3.39392e-08
 Reference value :  3.39792e-08
 Reference value :  3.40392e-08
 Reference value :  3.40992e-08
 Reference value :  3.41592e-08
 Reference value :  3.42392e-08
 Reference value :  3.42992e-08
 Reference value :  3.43792e-08
 Reference value :  3.44592e-08
 Reference value :  3.45192e-08
 Reference value :  3.45792e-08
 Reference value :  3.46392e-08
 Reference value :  3.46992e-08
 Reference value :  3.47592e-08
 Reference value :  3.48192e-08
 Reference value :  3.48792e-08
 Reference value :  3.49392e-08
 Reference value :  3.49980e-08
 Reference value :  3.50169e-08
 Reference value :  3.50176e-08
 Reference value :  3.50202e-08
 Reference value :  3.50238e-08
 Reference value :  3.50283e-08
 Reference value :  3.50352e-08
 Reference value :  3.50431e-08
 Reference value :  3.50504e-08
 Reference value :  3.50586e-08
 Reference value :  3.50678e-08
 Reference value :  3.50789e-08
 Reference value :  3.50835e-08
 Reference value :  3.50921e-08
 Reference value :  3.50968e-08
 Reference value :  3.50969e-08
 Reference value :  3.50977e-08
 Reference value :  3.51001e-08
 Reference value :  3.51036e-08
 Reference value :  3.51080e-08
 Reference value :  3.51143e-08
 Reference value :  3.51252e-08
 Reference value :  3.51393e-08
 Reference value :  3.51562e-08
 Reference value :  3.51773e-08
 Reference value :  3.52041e-08
 Reference value :  3.52383e-08
 Reference value :  3.52783e-08
 Reference value :  3.53183e-08
 Reference value :  3.53583e-08
 Reference value :  3.54183e-08
 Reference value :  3.54783e-08
 Reference value :  3.55383e-08
 Reference value :  3.55983e-08
 Reference value :  3.56783e-08
 Reference value :  3.57383e-08
 Reference value :  3.57983e-08
 Reference value :  3.58583e-08
 Reference value :  3.59183e-08
 Reference value :  3.59783e-08
 Reference value :  3.60383e-08
 Reference value :  3.61183e-08
 Reference value :  3.61983e-08
 Reference value :  3.62583e-08
 Reference value :  3.63183e-08
 Reference value :  3.63636e-08
 Reference value :  3.63637e-08
 Reference value :  3.63642e-08
 Reference value :  3.63677e-08
 Reference value :  3.63714e-08
 Reference value :  3.63763e-08
 Reference value :  3.63835e-08
 Reference value :  3.63913e-08
 Reference value :  3.64026e-08
 Reference value :  3.64113e-08
 Reference value :  3.64223e-08
 Reference value :  3.64274e-08
 Reference value :  3.64318e-08
 Reference value :  3.64358e-08
 Reference value :  3.64436e-08
 Reference value :  3.64438e-08
 Reference value :  3.64449e-08
 Reference value :  3.64479e-08
 Reference value :  3.64516e-08
 Reference value :  3.64564e-08
 Reference value :  3.64635e-08
 Reference value :  3.64757e-08
 Reference value :  3.64904e-08
 Reference value :  3.65084e-08
 Reference value :  3.65310e-08
 Reference value :  3.65768e-08
 Reference value :  3.66364e-08
 Reference value :  3.67164e-08
 Reference value :  3.68364e-08
 Reference value :  3.69364e-08
 Reference value :  3.70164e-08
 Reference value :  3.70764e-08
 Reference value :  3.71364e-08
 Reference value :  3.71964e-08
 Reference value :  3.72764e-08
 Reference value :  3.73564e-08
 Reference value :  3.74164e-08
 Reference value :  3.74964e-08
 Reference value :  3.75564e-08
 Reference value :  3.76364e-08
 Reference value :  3.76934e-08
 Reference value :  3.77105e-08
 Reference value :  3.77112e-08
 Reference value :  3.77151e-08
 Reference value :  3.77190e-08
 Reference value :  3.77242e-08
 Reference value :  3.77320e-08
 Reference value :  3.77356e-08
 Reference value :  3.77390e-08
 Reference value :  3.77466e-08
 Reference value :  3.77550e-08
 Reference value :  3.77649e-08
 Reference value :  3.77703e-08
 Reference value :  3.77751e-08
 Reference value :  3.77793e-08
 Reference value :  3.77834e-08
 Reference value :  3.77904e-08
 Reference value :  3.77905e-08
 Reference value :  3.77910e-08
 Reference value :  3.77926e-08
 Reference value :  3.77960e-08
 Reference value :  3.78000e-08
 Reference value :  3.78055e-08
 Reference value :  3.78142e-08
 Reference value :  3.78277e-08
 Reference value :  3.78533e-08
 Reference value :  3.78754e-08
 Reference value :  3.79035e-08
 Reference value :  3.79392e-08
 Reference value :  3.79792e-08
 Reference value :  3.80192e-08
 Reference value :  3.80592e-08
 Reference value :  3.81192e-08
 Reference value :  3.81792e-08
 Reference value :  3.82392e-08
 Reference value :  3.82992e-08
 Reference value :  3.83592e-08
 Reference value :  3.84192e-08
 Reference value :  3.84792e-08
 Reference value :  3.85392e-08
 Reference value :  3.85992e-08
 Reference value :  3.86792e-08
 Reference value :  3.87592e-08
 Reference value :  3.88192e-08
 Reference value :  3.88792e-08
 Reference value :  3.89392e-08
 Reference value :  3.89992e-08
 Reference value :  3.90572e-08
 Reference value :  3.90573e-08
 Reference value :  3.90580e-08
 Reference value :  3.90605e-08
 Reference value :  3.90640e-08
 Reference value :  3.90685e-08
 Reference value :  3.90753e-08
 Reference value :  3.90836e-08
 Reference value :  3.90909e-08
 Reference value :  3.90991e-08
 Reference value :  3.91082e-08
 Reference value :  3.91191e-08
 Reference value :  3.91238e-08
 Reference value :  3.91278e-08
 Reference value :  3.91348e-08
 Reference value :  3.91373e-08
 Reference value :  3.91381e-08
 Reference value :  3.91405e-08
 Reference value :  3.91440e-08
 Reference value :  3.91512e-08
 Reference value :  3.91591e-08
 Reference value :  3.91720e-08
 Reference value :  3.91874e-08
 Reference value :  3.92062e-08
 Reference value :  3.92300e-08
 Reference value :  3.92603e-08
 Reference value :  3.92987e-08
 Reference value :  3.93387e-08
 Reference value :  3.93787e-08
 Reference value :  3.94587e-08
 Reference value :  3.95187e-08
 Reference value :  3.95787e-08
 Reference value :  3.96387e-08
 Reference value :  3.96987e-08
 Reference value :  3.97787e-08
 Reference value :  3.98387e-08
 Reference value :  3.99187e-08
 Reference value :  3.99987e-08
 Reference value :  4.00787e-08
 Reference value :  4.01387e-08
 Reference value :  4.01987e-08
 Reference value :  4.02587e-08
 Reference value :  4.03187e-08
 Reference value :  4.03787e-08
 Reference value :  4.04041e-08
 Reference value :  4.04046e-08
 Reference value :  4.04081e-08
 Reference value :  4.04118e-08
 Reference value :  4.04167e-08
 Reference value :  4.04239e-08
 Reference value :  4.04317e-08
 Reference value :  4.04392e-08
 Reference value :  4.04431e-08
 Reference value :  4.04568e-08
 Reference value :  4.04678e-08
 Reference value :  4.04722e-08
 Reference value :  4.04762e-08
 Reference value :  4.04840e-08
 Reference value :  4.04841e-08
 Reference value :  4.04847e-08
 Reference value :  4.04867e-08
 Reference value :  4.04901e-08
 Reference value :  4.04942e-08
 Reference value :  4.05000e-08
 Reference value :  4.05094e-08
 Reference value :  4.05230e-08
 Reference value :  4.05392e-08
 Reference value :  4.05593e-08
 Reference value :  4.05848e-08
 Reference value :  4.06172e-08
 Reference value :  4.06568e-08
 Reference value :  4.06968e-08
 Reference value :  4.07568e-08
 Reference value :  4.08168e-08
 Reference value :  4.08768e-08
 Reference value :  4.09368e-08
 Reference value :  4.10168e-08
 Reference value :  4.10768e-08
 Reference value :  4.11368e-08
 Reference value :  4.11968e-08
 Reference value :  4.12568e-08
 Reference value :  4.13168e-08
 Reference value :  4.13768e-08
 Reference value :  4.14568e-08
 Reference value :  4.15168e-08
 Reference value :  4.15968e-08
 Reference value :  4.16768e-08
 Reference value :  4.17338e-08
 Reference value :  4.17509e-08
 Reference value :  4.17524e-08
 Reference value :  4.17555e-08
 Reference value :  4.17594e-08
 Reference value :  4.17684e-08
 Reference value :  4.17760e-08
 Reference value :  4.17831e-08
 Reference value :  4.17913e-08
 Reference value :  4.18002e-08
 Reference value :  4.18107e-08
 Reference value :  4.18155e-08
 Reference value :  4.18238e-08
 Reference value :  4.18309e-08
 Reference value :  4.18314e-08
 Reference value :  4.18330e-08
 Reference value :  4.18364e-08
 Reference value :  4.18430e-08
 Reference value :  4.18497e-08
 Reference value :  4.18616e-08
 Reference value :  4.18839e-08
 Reference value :  4.19036e-08
 Reference value :  4.19284e-08
 Reference value :  4.19601e-08
 Reference value :  4.19996e-08
 Reference value :  4.20396e-08
 Reference value :  4.20996e-08
 Reference value :  4.21596e-08
 Reference value :  4.22196e-08
 Reference value :  4.22796e-08
 Reference value :  4.23396e-08
 Reference value :  4.24196e-08
 Reference value :  4.24796e-08
 Reference value :  4.25596e-08
 Reference value :  4.26196e-08
 Reference value :  4.26996e-08
 Reference value :  4.27796e-08
 Reference value :  4.28396e-08
 Reference value :  4.28996e-08
 Reference value :  4.29596e-08
 Reference value :  4.30176e-08
 Reference value :  4.30177e-08
 Reference value :  4.30184e-08
 Reference value :  4.30209e-08
 Reference value :  4.30244e-08
 Reference value :  4.30289e-08
 Reference value :  4.30357e-08
 Reference value :  4.30440e-08
 Reference value :  4.30513e-08
 Reference value :  4.30595e-08
 Reference value :  4.30687e-08
 Reference value :  4.30796e-08
 Reference value :  4.30842e-08
 Reference value :  4.30882e-08
 Reference value :  4.30952e-08
 Reference value :  4.30977e-08
 Reference value :  4.30981e-08
 Reference value :  4.30995e-08
 Reference value :  4.31009e-08
 Reference value :  4.31064e-08
 Reference value :  4.31151e-08
 Reference value :  4.31260e-08
 Reference value :  4.31478e-08
 Reference value :  4.31781e-08
 Reference value :  4.32049e-08
 Reference value :  4.32391e-08
 Reference value :  4.32791e-08
 Reference value :  4.33391e-08
 Reference value :  4.33991e-08
 Reference value :  4.34591e-08
 Reference value :  4.35391e-08
 Reference value :  4.35991e-08
 Reference value :  4.36791e-08
 Reference value :  4.37591e-08
 Reference value :  4.38391e-08
 Reference value :  4.39191e-08
 Reference value :  4.39991e-08
 Reference value :  4.40791e-08
 Reference value :  4.41591e-08
 Reference value :  4.42391e-08
 Reference value :  4.43191e-08
 Reference value :  4.43991e-08
 Reference value :  4.44791e-08
 Reference value :  4.45591e-08
 Reference value :  4.46391e-08
 Reference value :  4.47191e-08
 Reference value :  4.47791e-08
 Reference value :  4.48391e-08
 Reference value :  4.48991e-08
 Reference value :  4.49591e-08
 Reference value :  4.50391e-08
 Reference value :  4.50991e-08
 Reference value :  4.51791e-08
 Reference value :  4.52591e-08
 Reference value :  4.53191e-08
 Reference value :  4.53791e-08
 Reference value :  4.54391e-08
 Reference value :  4.54991e-08
 Reference value :  4.55791e-08
 Reference value :  4.56591e-08
 Reference value :  4.57191e-08
 Reference value :  4.57791e-08
 Reference value :  4.58391e-08
 Reference value :  4.58991e-08
 Reference value :  4.59591e-08
 Reference value :  4.60391e-08
 Reference value :  4.60991e-08
 Reference value :  4.61591e-08
 Reference value :  4.62191e-08
 Reference value :  4.62791e-08
 Reference value :  4.63391e-08
 Reference value :  4.63991e-08
 Reference value :  4.64591e-08
 Reference value :  4.65191e-08
 Reference value :  4.65791e-08
 Reference value :  4.66391e-08
 Reference value :  4.66991e-08
 Reference value :  4.67591e-08
 Reference value :  4.68191e-08
 Reference value :  4.68991e-08
 Reference value :  4.69591e-08
 Reference value :  4.70191e-08
 Reference value :  4.70791e-08
 Reference value :  4.71391e-08
 Reference value :  4.71991e-08
 Reference value :  4.72591e-08
 Reference value :  4.73191e-08
 Reference value :  4.73991e-08
 Reference value :  4.74591e-08
 Reference value :  4.75391e-08
 Reference value :  4.76191e-08
 Reference value :  4.76791e-08
 Reference value :  4.77391e-08
 Reference value :  4.77991e-08
 Reference value :  4.78591e-08
 Reference value :  4.79191e-08
 Reference value :  4.79791e-08
 Reference value :  4.80391e-08
 Reference value :  4.80991e-08
 Reference value :  4.81591e-08
 Reference value :  4.82191e-08
 Reference value :  4.82791e-08
 Reference value :  4.83391e-08
 Reference value :  4.83991e-08
 Reference value :  4.84591e-08
 Reference value :  4.85191e-08
 Reference value :  4.85791e-08
 Reference value :  4.86391e-08
 Reference value :  4.86991e-08
 Reference value :  4.87591e-08
 Reference value :  4.88191e-08
 Reference value :  4.88791e-08
 Reference value :  4.89391e-08
 Reference value :  4.89991e-08
 Reference value :  4.90591e-08
 Reference value :  4.91191e-08
 Reference value :  4.91791e-08
 Reference value :  4.92391e-08
 Reference value :  4.92991e-08
 Reference value :  4.93591e-08
 Reference value :  4.94391e-08
 Reference value :  4.94991e-08
 Reference value :  4.95591e-08
 Reference value :  4.96191e-08
 Reference value :  4.96791e-08
 Reference value :  4.97391e-08
 Reference value :  4.97991e-08
 Reference value :  4.98591e-08
 Reference value :  4.99191e-08
 Reference value :  4.99791e-08
 Reference value :  5.00391e-08
 Reference value :  5.00991e-08
 Reference value :  5.01591e-08
 Reference value :  5.02191e-08
 Reference value :  5.02791e-08
 Reference value :  5.03391e-08
 Reference value :  5.03991e-08
 Reference value :  5.04591e-08
 Reference value :  5.05191e-08
 Reference value :  5.05791e-08
 Reference value :  5.06391e-08
 Reference value :  5.06991e-08
 Reference value :  5.07591e-08
 Reference value :  5.08191e-08
 Reference value :  5.08791e-08
 Reference value :  5.09391e-08
 Reference value :  5.09991e-08
 Reference value :  5.10591e-08
 Reference value :  5.11191e-08
 Reference value :  5.11791e-08
 Reference value :  5.12391e-08
 Reference value :  5.12991e-08
 Reference value :  5.13591e-08
 Reference value :  5.14391e-08
 Reference value :  5.15191e-08
 Reference value :  5.15791e-08
 Reference value :  5.16391e-08
 Reference value :  5.16991e-08
 Reference value :  5.17591e-08
 Reference value :  5.18191e-08
 Reference value :  5.18791e-08
 Reference value :  5.19391e-08
 Reference value :  5.19991e-08
 Reference value :  5.20591e-08
 Reference value :  5.21191e-08
 Reference value :  5.21791e-08
 Reference value :  5.22391e-08
 Reference value :  5.22991e-08
 Reference value :  5.23591e-08
 Reference value :  5.24191e-08
 Reference value :  5.24791e-08
 Reference value :  5.25391e-08
 Reference value :  5.25991e-08
 Reference value :  5.26791e-08
 Reference value :  5.27391e-08
 Reference value :  5.28191e-08
 Reference value :  5.28991e-08
 Reference value :  5.29791e-08
 Reference value :  5.30591e-08
 Reference value :  5.31391e-08
 Reference value :  5.32191e-08
 Reference value :  5.32991e-08
 Reference value :  5.33791e-08
 Reference value :  5.34591e-08
 Reference value :  5.35391e-08
 Reference value :  5.35991e-08
 Reference value :  5.36591e-08
 Reference value :  5.37191e-08
 Reference value :  5.37791e-08
 Reference value :  5.38591e-08
 Reference value :  5.39391e-08
 Reference value :  5.40191e-08
 Reference value :  5.40791e-08
 Reference value :  5.41391e-08
 Reference value :  5.42191e-08
 Reference value :  5.42991e-08
 Reference value :  5.43591e-08
 Reference value :  5.44191e-08
 Reference value :  5.44791e-08
 Reference value :  5.45391e-08
 Reference value :  5.45991e-08
 Reference value :  5.46791e-08
 Reference value :  5.47391e-08
 Reference value :  5.47991e-08
 Reference value :  5.48591e-08
 Reference value :  5.49191e-08
 Reference value :  5.49791e-08
 Reference value :  5.50391e-08
 Reference value :  5.50991e-08
 Reference value :  5.51591e-08
 Reference value :  5.52189e-08
 Reference value :  5.52189e-08
 Reference value :  5.52197e-08
 Reference value :  5.52221e-08
 Reference value :  5.52257e-08
 Reference value :  5.52302e-08
 Reference value :  5.52370e-08
 Reference value :  5.52409e-08
 Reference value :  5.52444e-08
 Reference value :  5.52479e-08
 Reference value :  5.52556e-08
 Reference value :  5.52639e-08
 Reference value :  5.52793e-08
 Reference value :  5.52841e-08
 Reference value :  5.52882e-08
 Reference value :  5.52923e-08
 Reference value :  5.52989e-08
 Reference value :  5.52989e-08
 Reference value :  5.52993e-08
 Reference value :  5.53023e-08
 Reference value :  5.53058e-08
 Reference value :  5.53102e-08
 Reference value :  5.53166e-08
 Reference value :  5.53279e-08
 Reference value :  5.53497e-08
 Reference value :  5.53688e-08
 Reference value :  5.53929e-08
 Reference value :  5.54235e-08
 Reference value :  5.54624e-08
 Reference value :  5.55024e-08
 Reference value :  5.55424e-08
 Reference value :  5.56024e-08
 Reference value :  5.56624e-08
 Reference value :  5.57224e-08
 Reference value :  5.57824e-08
 Reference value :  5.58424e-08
 Reference value :  5.59024e-08
 Reference value :  5.59624e-08
 Reference value :  5.60424e-08
 Reference value :  5.61024e-08
 Reference value :  5.61624e-08
 Reference value :  5.62224e-08
 Reference value :  5.62824e-08
 Reference value :  5.63624e-08
 Reference value :  5.64424e-08
 Reference value :  5.65024e-08
 Reference value :  5.65540e-08
 Reference value :  5.65657e-08
 Reference value :  5.65667e-08
 Reference value :  5.65696e-08
 Reference value :  5.65733e-08
 Reference value :  5.65781e-08
 Reference value :  5.65852e-08
 Reference value :  5.65931e-08
 Reference value :  5.66005e-08
 Reference value :  5.66044e-08
 Reference value :  5.66129e-08
 Reference value :  5.66289e-08
 Reference value :  5.66334e-08
 Reference value :  5.66374e-08
 Reference value :  5.66457e-08
 Reference value :  5.66464e-08
 Reference value :  5.66486e-08
 Reference value :  5.66520e-08
 Reference value :  5.66562e-08
 Reference value :  5.66621e-08
 Reference value :  5.66721e-08
 Reference value :  5.66858e-08
 Reference value :  5.67022e-08
 Reference value :  5.67227e-08
 Reference value :  5.67486e-08
 Reference value :  5.67816e-08
 Reference value :  5.68212e-08
 Reference value :  5.68612e-08
 Reference value :  5.69012e-08
 Reference value :  5.69412e-08
 Reference value :  5.70012e-08
 Reference value :  5.70612e-08
 Reference value :  5.71212e-08
 Reference value :  5.71812e-08
 Reference value :  5.72412e-08
 Reference value :  5.73012e-08
 Reference value :  5.73612e-08
 Reference value :  5.74212e-08
 Reference value :  5.74812e-08
 Reference value :  5.75412e-08
 Reference value :  5.76012e-08
 Reference value :  5.76612e-08
 Reference value :  5.77212e-08
 Reference value :  5.77812e-08
 Reference value :  5.78412e-08
 Reference value :  5.78968e-08
 Reference value :  5.79125e-08
 Reference value :  5.79131e-08
 Reference value :  5.79153e-08
 Reference value :  5.79188e-08
 Reference value :  5.79231e-08
 Reference value :  5.79295e-08
 Reference value :  5.79334e-08
 Reference value :  5.79371e-08
 Reference value :  5.79405e-08
 Reference value :  5.79480e-08
 Reference value :  5.79520e-08
 Reference value :  5.79607e-08
 Reference value :  5.79719e-08
 Reference value :  5.79770e-08
 Reference value :  5.79813e-08
 Reference value :  5.79889e-08
 Reference value :  5.79925e-08
 Reference value :  5.79930e-08
 Reference value :  5.79947e-08
 Reference value :  5.79980e-08
 Reference value :  5.80020e-08
 Reference value :  5.80075e-08
 Reference value :  5.80163e-08
 Reference value :  5.80298e-08
 Reference value :  5.80555e-08
 Reference value :  5.80776e-08
 Reference value :  5.81057e-08
 Reference value :  5.81415e-08
 Reference value :  5.81815e-08
 Reference value :  5.82415e-08
 Reference value :  5.83215e-08
 Reference value :  5.84015e-08
 Reference value :  5.84815e-08
 Reference value :  5.85615e-08
 Reference value :  5.86215e-08
 Reference value :  5.86815e-08
 Reference value :  5.87415e-08
 Reference value :  5.88015e-08
 Reference value :  5.88615e-08
 Reference value :  5.89215e-08
 Reference value :  5.90015e-08
 Reference value :  5.90615e-08
 Reference value :  5.91215e-08
 Reference value :  5.92015e-08
 Reference value :  5.92593e-08
 Reference value :  5.92601e-08
 Reference value :  5.92625e-08
 Reference value :  5.92680e-08
 Reference value :  5.92733e-08
 Reference value :  5.92811e-08
 Reference value :  5.92847e-08
 Reference value :  5.92882e-08
 Reference value :  5.92958e-08
 Reference value :  5.93089e-08
 Reference value :  5.93195e-08
 Reference value :  5.93285e-08
 Reference value :  5.93359e-08
 Reference value :  5.93393e-08
 Reference value :  5.93402e-08
 Reference value :  5.93428e-08
 Reference value :  5.93484e-08
 Reference value :  5.93537e-08
 Reference value :  5.93619e-08
 Reference value :  5.93682e-08
 Reference value :  5.93824e-08
 Reference value :  5.93995e-08
 Reference value :  5.94209e-08
 Reference value :  5.94480e-08
 Reference value :  5.94826e-08
 Reference value :  5.95226e-08
 Reference value :  5.95626e-08
 Reference value :  5.96026e-08
 Reference value :  5.96626e-08
 Reference value :  5.97426e-08
 Reference value :  5.98026e-08
 Reference value :  5.98626e-08
 Reference value :  5.99226e-08
 Reference value :  5.99826e-08
 Reference value :  6.00426e-08
 Reference value :  6.01026e-08
 Reference value :  6.01626e-08
 Reference value :  6.02226e-08
 Reference value :  6.03026e-08
 Reference value :  6.03626e-08
 Reference value :  6.04226e-08
 Reference value :  6.05026e-08
 Reference value :  6.05626e-08
 Reference value :  6.06061e-08
 Reference value :  6.06061e-08
 Reference value :  6.06066e-08
 Reference value :  6.06100e-08
 Reference value :  6.06137e-08
 Reference value :  6.06217e-08
 Reference value :  6.06256e-08
 Reference value :  6.06335e-08
 Reference value :  6.06409e-08
 Reference value :  6.06448e-08
 Reference value :  6.06534e-08
 Reference value :  6.06643e-08
 Reference value :  6.06694e-08
 Reference value :  6.06738e-08
 Reference value :  6.06778e-08
 Reference value :  6.06861e-08
 Reference value :  6.06861e-08
 Reference value :  6.06868e-08
 Reference value :  6.06905e-08
 Reference value :  6.06942e-08
 Reference value :  6.06992e-08
 Reference value :  6.07065e-08
 Reference value :  6.07189e-08
 Reference value :  6.07339e-08
 Reference value :  6.07521e-08
 Reference value :  6.07750e-08
 Reference value :  6.08218e-08
 Reference value :  6.08615e-08
 Reference value :  6.09015e-08
 Reference value :  6.09615e-08
No. of Data Rows : 4084
m_ui_ref            =  1.34680e-09 targ=  1.35080e-08 trig=  1.21612e-08
m_spa_in            =  5.38721e-09 targ=  1.75484e-08 trig=  1.21612e-08
m_spb_in            =  4.04040e-09 targ=  1.62016e-08 trig=  1.21612e-08
m_spa_c0            =  5.38720e-09 targ=  1.75554e-08 trig=  1.21682e-08
m_spb_c0            =  4.04040e-09 targ=  1.62086e-08 trig=  1.21682e-08
m_trise_c0          =  4.60245e-11 targ=  1.35358e-08 trig=  1.34897e-08
m_tfall_c0          =  4.60380e-11 targ=  1.48826e-08 trig=  1.48366e-08
m_spa_c1            =  5.38721e-09 targ=  1.75885e-08 trig=  1.22012e-08
m_spb_c1            =  4.04041e-09 targ=  1.62417e-08 trig=  1.22012e-08
m_trise_c1          =  1.15484e-10 targ=  1.36246e-08 trig=  1.35091e-08
m_tfall_c1          =  1.15583e-10 targ=  1.49715e-08 trig=  1.48559e-08
m_spa_c2            =  5.38721e-09 targ=  1.76184e-08 trig=  1.22312e-08
m_spb_c2            =  4.04041e-09 targ=  1.62716e-08 trig=  1.22312e-08
m_trise_c2          =  2.20045e-10 targ=  1.37385e-08 trig=  1.35185e-08
m_tfall_c2          =  2.20033e-10 targ=  1.50853e-08 trig=  1.48653e-08
m_spa_cmis          =  5.38721e-09 targ=  1.75986e-08 trig=  1.22114e-08
m_spb_cmis          =  4.04195e-09 targ=  1.62534e-08 trig=  1.22114e-08
m_dj_ui_c0 = 5.9400015290e-06
m_swing_c0 = 5.0661345119e-01
m_vpp_c0 = 6.2594033088e-01
m_vcm_c0 = 3.0466898487e+00
m_dj_ui_c1 = 2.2275005737e-06
m_swing_c1 = 5.0622349124e-01
m_vpp_c1 = 5.1204190349e-01
m_vcm_c1 = 3.0468847976e+00
m_dj_ui_c2 = 5.9400015296e-06
m_swing_c2 = 5.0494467660e-01
m_vpp_c2 = 5.0849005293e-01
m_vcm_c2 = 3.0474416368e+00
m_dj_ui_cmis = 1.1456777950e-03
m_swing_cmis = 5.0494838671e-01
m_swing_avcclo = 5.0582526864e-01
m_vcm_avcclo = 2.7170832665e+00
m_swing_avcchi = 5.0657461111e-01
m_vcm_avcchi = 3.3767096620e+00
m_vgs_sw_max = 1.5517168185e+00
m_vgd_sw_max = 1.8149971019e+00
m_vds_sw_max = 2.4254803872e+00
m_vgs_tail_max = 1.1296352749e+00
m_vds_tail_max = 1.3455001132e+00
m_swing_dc = 5.0440472043e-01
m_vcm_dc = 3.0477944119e+00
m_ioff_dc = 6.4558325485e-08
m_itail_dc = 1.0088223525e-02
m_icell_dc = 1.0588223526e-02
m_ro_leg = 4.9827386882e+04
Note: Simulation executed from .control section 

