
Note: Compatibility modes selected: hs a


Circuit: * tmds-final-mux-eye @ sf_27c_3.30v_270mbps -- generated by sim/harness, do not edit

Doing analysis at TEMP = 27.000000 and TNOM = 27.000000

Using SPARSE 1.3 as Direct Linear Solver

Initial Transient Solution
--------------------------

Node                                   Voltage
----                                   -------
vdd                                        3.3
avcc                                       3.3
clkp                                      1.98
clkn                                      0.99
d0p                                      2.805
d0n                                      1.815
d1p                                      2.805
d1n                                      1.815
d0ps                                     1.815
d0ns                                     2.805
d1ps                                     1.815
d1ns                                     2.805
ckref                                     0.99
win                                          0
winr                                         0
winc                                         0
xmux_m.top                             2.82968
xmux_m.xrc.11                          2.85655
xmux_m.xrc.21                          3.27313
outp_m                                  1.8862
xmux_m.xrlp.11                         1.91308
xmux_m.xrlp.21                         2.80281
outn_m                                 2.82967
xmux_m.xrln.11                         2.82967
xmux_m.xrln.21                         2.82968
xmux_m.ibias                           1.20347
xmux_m.xrref.11                        1.21772
xmux_m.xrref.21                        3.28574
xmux_m.sa                              1.22055
xmux_m.sb                               1.8862
xmux_m.tail                           0.632041
dop_m                                  3.29997
xdrv_m.tail                            1.24983
don_m                                  2.79946
ib_m                                   1.22263
vd_m                                  0.943463
vdn_m                                 0.952993
vdg_m                                        0
xmux_s.top                             2.82968
xmux_s.xrc.11                          2.85655
xmux_s.xrc.21                          3.27313
outp_s                                 2.82967
xmux_s.xrlp.11                         2.82967
xmux_s.xrlp.21                         2.82968
outn_s                                  1.8862
xmux_s.xrln.11                         1.91308
xmux_s.xrln.21                         2.80281
xmux_s.ibias                           1.20347
xmux_s.xrref.11                        1.21772
xmux_s.xrref.21                        3.28574
xmux_s.sa                              1.22055
xmux_s.sb                               1.8862
xmux_s.tail                           0.632041
dop_s                                  2.79946
xdrv_s.tail                            1.24983
don_s                                  3.29997
ib_s                                   1.22263
vd_s                                 -0.943463
vdn_s                                -0.952993
vdg_s                                        0
xmux_n.top                             2.82968
xmux_n.xrc.11                          2.85655
xmux_n.xrc.21                          3.27313
outp_n                                  1.8862
xmux_n.xrlp.11                         1.91308
xmux_n.xrlp.21                         2.80281
outn_n                                 2.82967
xmux_n.xrln.11                         2.82967
xmux_n.xrln.21                         2.82968
xmux_n.ibias                           1.20347
xmux_n.xrref.11                        1.21772
xmux_n.xrref.21                        3.28574
xmux_n.sa                              1.22055
xmux_n.sb                               1.8862
xmux_n.tail                           0.632041
vd_n                                  0.943463
vdn_n                                 0.952993
vdg_n                                        0
d0pz                                     2.805
d0nz                                     1.815
clkpz                                     1.98
clknz                                     0.99
vdd_z                                      3.3
xmux_z.top                             2.82968
xmux_z.xrc.11                          2.85655
xmux_z.xrc.21                          3.27313
outp_z                                  1.8862
xmux_z.xrlp.11                         1.91308
xmux_z.xrlp.21                         2.80281
outn_z                                 2.82967
xmux_z.xrln.11                         2.82967
xmux_z.xrln.21                         2.82968
xmux_z.ibias                           1.20347
xmux_z.xrref.11                        1.21772
xmux_z.xrref.21                        3.28574
xmux_z.sa                              1.22055
xmux_z.sb                              2.20938
xmux_z.tail                           0.632041
dop_z                                  3.29997
xdrv_z.tail                            1.24983
don_z                                  2.79946
ib_z                                   1.22263
bvdg_n#branch                                0
bvdg_s#branch                                0
bvdg_m#branch                                0
envd_n#branch                                0
emux_n#branch                                0
envd_s#branch                                0
emux_s#branch                                0
envd_m#branch                                0
emux_m#branch                                0
eckref#branch                                0
vsens_z#branch                     -0.00942593
vclknz#branch                                0
vclkpz#branch                                0
vd0nz#branch                                 0
vd0pz#branch                                 0
vwinc#branch                                 0
vwinr#branch                                 0
vwin#branch                                  0
vd1ns#branch                                 0
vd1ps#branch                                 0
vd0ns#branch                                 0
vd0ps#branch                                 0
vd1n#branch                                  0
vd1p#branch                                  0
vd0n#branch                                  0
vd0p#branch                                  0
vclkn#branch                                 0
vclkp#branch                                 0
vavcc#branch                        -0.0300344
vvdd#branch                         -0.0282778

 Reference value :  0.00000e+00
 Reference value :  6.10191e-09
 Reference value :  1.11625e-08
 Reference value :  1.50201e-08
 Reference value :  2.01922e-08
 Reference value :  2.59514e-08
 Reference value :  2.98317e-08
 Reference value :  3.46928e-08
 Reference value :  3.95649e-08
 Reference value :  4.43301e-08
 Reference value :  4.82407e-08
 Reference value :  5.20644e-08
 Reference value :  5.68034e-08
No. of Data Rows : 4652
m_ui_ref            =  3.70370e-09 targ=  3.71120e-08 trig=  3.34083e-08
m_spa_in            =  1.48148e-08 targ=  4.82231e-08 trig=  3.34083e-08
m_spb_in            =  1.11111e-08 targ=  4.45194e-08 trig=  3.34083e-08
m_spa_m             =  1.48148e-08 targ=  4.82821e-08 trig=  3.34673e-08
m_spb_m             =  1.11111e-08 targ=  4.45784e-08 trig=  3.34673e-08
m_trise_m           =  7.34572e-11 targ=  4.46158e-08 trig=  4.45424e-08
m_tfall_m           =  7.34565e-11 targ=  4.09121e-08 trig=  4.08387e-08
m_trise_n           =  6.01749e-11 targ=  4.45956e-08 trig=  4.45354e-08
m_dj_ui_m = 5.3999995675e-06
m_vih_m = 2.8288462151e+00
m_vil_m = 1.8817701381e+00
m_vswing_m = 9.4707607694e-01
m_vih_m_frac = 8.5722612578e-01
m_vil_m_frac = 5.7023337519e-01
m_vcm_m_frac = 7.1372975184e-01
m_vswing_s = 9.4907386711e-01
m_vglitch_m = 4.1387026116e-01
m_vswing_n = 9.4698586691e-01
m_vswing_dc = 9.4346290801e-01
m_vcm_dc_frac = 7.1452581487e-01
m_icell_dc = 9.4259327364e-03
m_vgs_mu_max = 1.6078344523e+00
m_vds_mu_max = 1.3411350031e+00
m_vds_mt_max = 6.3203760471e-01
Note: Simulation executed from .control section 

Warning: m=xx on .subckt line will override multiplier m hierarchy!

