
Note: Compatibility modes selected: hs a


Circuit: * tmds-final-mux-eye @ sf_27c_3.63v_742p5mbps -- generated by sim/harness, do not edit

Doing analysis at TEMP = 27.000000 and TNOM = 27.000000

Using SPARSE 1.3 as Direct Linear Solver

Initial Transient Solution
--------------------------

Node                                   Voltage
----                                   -------
vdd                                       3.63
avcc                                       3.3
clkp                                     2.178
clkn                                     1.089
d0p                                     3.0855
d0n                                     1.9965
d1p                                     3.0855
d1n                                     1.9965
d0ps                                    1.9965
d0ns                                    3.0855
d1ps                                    1.9965
d1ns                                    3.0855
ckref                                    1.089
win                                          0
winr                                         0
winc                                         0
xmux_m.top                             3.08808
xmux_m.xrc.11                          3.11905
xmux_m.xrc.21                          3.59903
outp_m                                 2.00098
xmux_m.xrlp.11                         2.03194
xmux_m.xrlp.21                         3.05712
outn_m                                 3.08808
xmux_m.xrln.11                         3.08808
xmux_m.xrln.21                         3.08808
xmux_m.ibias                           1.23831
xmux_m.xrref.11                        1.25457
xmux_m.xrref.21                        3.61374
xmux_m.sa                              1.39757
xmux_m.sb                              2.00098
xmux_m.tail                           0.762894
dop_m                                      3.3
xdrv_m.tail                            1.46903
don_m                                  2.79514
ib_m                                   1.22263
vd_m                                    1.0871
vdn_m                                 0.998252
vdg_m                                        0
xmux_s.top                             3.08808
xmux_s.xrc.11                          3.11905
xmux_s.xrc.21                          3.59903
outp_s                                 3.08808
xmux_s.xrlp.11                         3.08808
xmux_s.xrlp.21                         3.08808
outn_s                                 2.00098
xmux_s.xrln.11                         2.03194
xmux_s.xrln.21                         3.05712
xmux_s.ibias                           1.23831
xmux_s.xrref.11                        1.25457
xmux_s.xrref.21                        3.61374
xmux_s.sa                              1.39757
xmux_s.sb                              2.00098
xmux_s.tail                           0.762894
dop_s                                  2.79514
xdrv_s.tail                            1.46903
don_s                                      3.3
ib_s                                   1.22263
vd_s                                   -1.0871
vdn_s                                -0.998252
vdg_s                                        0
xmux_n.top                             3.08808
xmux_n.xrc.11                          3.11905
xmux_n.xrc.21                          3.59903
outp_n                                 2.00098
xmux_n.xrlp.11                         2.03194
xmux_n.xrlp.21                         3.05712
outn_n                                 3.08808
xmux_n.xrln.11                         3.08808
xmux_n.xrln.21                         3.08808
xmux_n.ibias                           1.23831
xmux_n.xrref.11                        1.25457
xmux_n.xrref.21                        3.61374
xmux_n.sa                              1.39757
xmux_n.sb                              2.00098
xmux_n.tail                           0.762894
vd_n                                    1.0871
vdn_n                                 0.998252
vdg_n                                        0
d0pz                                    3.0855
d0nz                                    1.9965
clkpz                                    2.178
clknz                                    1.089
vdd_z                                     3.63
xmux_z.top                             3.08808
xmux_z.xrc.11                          3.11905
xmux_z.xrc.21                          3.59903
outp_z                                 2.00098
xmux_z.xrlp.11                         2.03194
xmux_z.xrlp.21                         3.05712
outn_z                                 3.08808
xmux_z.xrln.11                         3.08808
xmux_z.xrln.21                         3.08808
xmux_z.ibias                           1.23831
xmux_z.xrref.11                        1.25457
xmux_z.xrref.21                        3.61374
xmux_z.sa                              1.39757
xmux_z.sb                              2.50821
xmux_z.tail                           0.762894
dop_z                                      3.3
xdrv_z.tail                            1.46903
don_z                                  2.79514
ib_z                                   1.22263
bvdg_n#branch                                0
bvdg_s#branch                                0
bvdg_m#branch                                0
envd_n#branch                                0
emux_n#branch                                0
envd_s#branch                                0
emux_s#branch                                0
envd_m#branch                                0
emux_m#branch                                0
eckref#branch                                0
vsens_z#branch                      -0.0108555
vclknz#branch                                0
vclkpz#branch                                0
vd0nz#branch                                 0
vd0pz#branch                                 0
vwinc#branch                                 0
vwinr#branch                                 0
vwin#branch                                  0
vd1ns#branch                                 0
vd1ps#branch                                 0
vd0ns#branch                                 0
vd0ps#branch                                 0
vd1n#branch                                  0
vd1p#branch                                  0
vd0n#branch                                  0
vd0p#branch                                  0
vclkn#branch                                 0
vclkp#branch                                 0
vavcc#branch                        -0.0302913
vvdd#branch                         -0.0325665

 Reference value :  3.25600e-10
 Reference value :  2.89377e-09
 Reference value :  5.56038e-09
 Reference value :  8.24237e-09
 Reference value :  1.09145e-08
 Reference value :  1.36184e-08
 Reference value :  1.61635e-08
 Reference value :  1.80692e-08
 Reference value :  2.04031e-08
 Reference value :  2.30457e-08
 Reference value :  2.57340e-08
 Reference value :  2.82951e-08
 Reference value :  3.09766e-08
 Reference value :  3.36700e-08
 Reference value :  3.63637e-08
 Reference value :  3.90750e-08
 Reference value :  4.17515e-08
 Reference value :  4.44605e-08
 Reference value :  4.71400e-08
 Reference value :  4.95827e-08
 Reference value :  5.25259e-08
 Reference value :  5.40506e-08
 Reference value :  5.67127e-08
 Reference value :  5.93905e-08
No. of Data Rows : 7361
m_ui_ref            =  1.34680e-09 targ=  1.35430e-08 trig=  1.21962e-08
m_spa_in            =  5.38721e-09 targ=  1.75834e-08 trig=  1.21962e-08
m_spb_in            =  4.04040e-09 targ=  1.62366e-08 trig=  1.21962e-08
m_spa_m             =  5.38724e-09 targ=  1.76394e-08 trig=  1.22522e-08
m_spb_m             =  4.04044e-09 targ=  1.62926e-08 trig=  1.22522e-08
m_trise_m           =  6.78643e-11 targ=  1.63274e-08 trig=  1.62596e-08
m_tfall_m           =  6.78547e-11 targ=  1.49806e-08 trig=  1.49128e-08
m_trise_n           =  5.43584e-11 targ=  1.63081e-08 trig=  1.62537e-08
m_dj_ui_m = 2.5987506692e-05
m_vih_m = 3.0827949964e+00
m_vil_m = 1.9733808297e+00
m_vswing_m = 1.1094141667e+00
m_vih_m_frac = 8.4925481995e-01
m_vil_m_frac = 5.4363108256e-01
m_vcm_m_frac = 6.9644305120e-01
m_vswing_s = 1.1256754890e+00
m_vglitch_m = 5.0424601513e-01
m_vswing_n = 1.1108505787e+00
m_vswing_dc = 1.0870958038e+00
m_vcm_dc_frac = 7.0097176460e-01
m_icell_dc = 1.0855498567e-02
m_vgs_mu_max = 1.7089001428e+00
m_vds_mu_max = 1.3498526796e+00
m_vds_mt_max = 7.6241950759e-01
Note: Simulation executed from .control section 

Warning: m=xx on .subckt line will override multiplier m hierarchy!

