
Note: Compatibility modes selected: hs a


Circuit: * tmds-final-mux-eye @ fs_125c_3.63v_742p5mbps -- generated by sim/harness, do not edit

Doing analysis at TEMP = 125.000000 and TNOM = 27.000000

Using SPARSE 1.3 as Direct Linear Solver

Initial Transient Solution
--------------------------

Node                                   Voltage
----                                   -------
vdd                                       3.63
avcc                                       3.3
clkp                                     2.178
clkn                                     1.089
d0p                                     3.0855
d0n                                     1.9965
d1p                                     3.0855
d1n                                     1.9965
d0ps                                    1.9965
d0ns                                    3.0855
d1ps                                    1.9965
d1ns                                    3.0855
ckref                                    1.089
win                                          0
winr                                         0
winc                                         0
xmux_m.top                             3.04791
xmux_m.xrc.11                          3.07714
xmux_m.xrc.21                          3.60077
outp_m                                 1.88027
xmux_m.xrlp.11                         1.90927
xmux_m.xrlp.21                         3.01891
outn_m                                 3.03868
xmux_m.xrln.11                         3.03891
xmux_m.xrln.21                         3.04768
xmux_m.ibias                           1.06334
xmux_m.xrref.11                        1.07847
xmux_m.xrref.21                        3.61487
xmux_m.sa                              1.40273
xmux_m.sb                              1.88026
xmux_m.tail                           0.876539
dop_m                                  3.29999
xdrv_m.tail                            1.58485
don_m                                  2.78797
ib_m                                   1.02193
vd_m                                   1.15842
vdn_m                                  1.06374
vdg_m                                        0
xmux_s.top                             3.04791
xmux_s.xrc.11                          3.07714
xmux_s.xrc.21                          3.60077
outp_s                                 3.03868
xmux_s.xrlp.11                         3.03891
xmux_s.xrlp.21                         3.04768
outn_s                                 1.88027
xmux_s.xrln.11                         1.90927
xmux_s.xrln.21                         3.01891
xmux_s.ibias                           1.06334
xmux_s.xrref.11                        1.07847
xmux_s.xrref.21                        3.61487
xmux_s.sa                              1.40273
xmux_s.sb                              1.88026
xmux_s.tail                           0.876539
dop_s                                  2.78797
xdrv_s.tail                            1.58485
don_s                                  3.29999
ib_s                                   1.02193
vd_s                                  -1.15842
vdn_s                                 -1.06374
vdg_s                                        0
xmux_n.top                             3.04791
xmux_n.xrc.11                          3.07714
xmux_n.xrc.21                          3.60077
outp_n                                 1.88027
xmux_n.xrlp.11                         1.90927
xmux_n.xrlp.21                         3.01891
outn_n                                 3.03868
xmux_n.xrln.11                         3.03891
xmux_n.xrln.21                         3.04768
xmux_n.ibias                           1.06334
xmux_n.xrref.11                        1.07847
xmux_n.xrref.21                        3.61487
xmux_n.sa                              1.40273
xmux_n.sb                              1.88026
xmux_n.tail                           0.876539
vd_n                                   1.15842
vdn_n                                  1.06374
vdg_n                                        0
d0pz                                    3.0855
d0nz                                    1.9965
clkpz                                    2.178
clknz                                    1.089
vdd_z                                     3.63
xmux_z.top                             3.04791
xmux_z.xrc.11                          3.07714
xmux_z.xrc.21                          3.60077
outp_z                                 1.88029
xmux_z.xrlp.11                         1.90929
xmux_z.xrlp.21                         3.01891
outn_z                                 3.03866
xmux_z.xrln.11                         3.03889
xmux_z.xrln.21                         3.04768
xmux_z.ibias                           1.06334
xmux_z.xrref.11                        1.07847
xmux_z.xrref.21                        3.61487
xmux_z.sa                              1.40275
xmux_z.sb                               2.6151
xmux_z.tail                           0.876545
dop_z                                  3.29999
xdrv_z.tail                            1.58484
don_z                                  2.78797
ib_z                                   1.02193
bvdg_n#branch                                0
bvdg_s#branch                                0
bvdg_m#branch                                0
envd_n#branch                                0
emux_n#branch                                0
envd_s#branch                                0
emux_s#branch                                0
envd_m#branch                                0
emux_m#branch                                0
eckref#branch                                0
vsens_z#branch                      -0.0118558
vclknz#branch                                0
vclkpz#branch                                0
vd0nz#branch                                 0
vd0pz#branch                                 0
vwinc#branch                                 0
vwinr#branch                                 0
vwin#branch                                  0
vd1ns#branch                                 0
vd1ps#branch                                 0
vd0ns#branch                                 0
vd0ps#branch                                 0
vd1n#branch                                  0
vd1p#branch                                  0
vd0n#branch                                  0
vd0p#branch                                  0
vclkn#branch                                 0
vclkp#branch                                 0
vavcc#branch                        -0.0307225
vvdd#branch                         -0.0355675

 Reference value :  0.00000e+00
 Reference value :  2.88552e-09
 Reference value :  5.54000e-09
 Reference value :  8.22427e-09
 Reference value :  1.08586e-08
 Reference value :  1.34741e-08
 Reference value :  1.52243e-08
 Reference value :  1.76703e-08
 Reference value :  2.02642e-08
 Reference value :  2.27377e-08
 Reference value :  2.55513e-08
 Reference value :  2.70362e-08
 Reference value :  2.97175e-08
 Reference value :  3.23995e-08
 Reference value :  3.51020e-08
 Reference value :  3.78075e-08
 Reference value :  4.04845e-08
 Reference value :  4.31644e-08
 Reference value :  4.58225e-08
 Reference value :  4.85205e-08
 Reference value :  5.11984e-08
 Reference value :  5.38721e-08
 Reference value :  5.53559e-08
 Reference value :  5.80366e-08
 Reference value :  6.07302e-08
No. of Data Rows : 7112
m_ui_ref            =  1.34680e-09 targ=  1.35430e-08 trig=  1.21962e-08
m_spa_in            =  5.38721e-09 targ=  1.75834e-08 trig=  1.21962e-08
m_spb_in            =  4.04040e-09 targ=  1.62366e-08 trig=  1.21962e-08
m_spa_m             =  5.38723e-09 targ=  1.76402e-08 trig=  1.22530e-08
m_spb_m             =  4.04042e-09 targ=  1.62934e-08 trig=  1.22530e-08
m_trise_m           =  6.28562e-11 targ=  1.63268e-08 trig=  1.62639e-08
m_tfall_m           =  6.28590e-11 targ=  1.49800e-08 trig=  1.49171e-08
m_trise_n           =  5.10431e-11 targ=  1.63091e-08 trig=  1.62581e-08
m_dj_ui_m = 1.6335004207e-05
m_vih_m = 3.0332568478e+00
m_vil_m = 1.8692700878e+00
m_vswing_m = 1.1639867600e+00
m_vih_m_frac = 8.3560794706e-01
m_vil_m_frac = 5.1495043741e-01
m_vcm_m_frac = 6.7527955721e-01
m_vswing_s = 1.1894804880e+00
m_vglitch_m = 6.5161977219e-01
m_vswing_n = 1.1685054619e+00
m_vswing_dc = 1.1583783602e+00
m_vcm_dc_frac = 6.7754112994e-01
m_icell_dc = 1.1855836888e-02
m_vgs_mu_max = 1.6900882549e+00
m_vds_mu_max = 1.0782070567e+00
m_vds_mt_max = 8.7875186339e-01
Note: Simulation executed from .control section 

Warning: m=xx on .subckt line will override multiplier m hierarchy!

