
Note: Compatibility modes selected: hs a


Circuit: * tmds-final-mux-eye @ fs_125c_2.97v_270mbps -- generated by sim/harness, do not edit

Doing analysis at TEMP = 125.000000 and TNOM = 27.000000

Using SPARSE 1.3 as Direct Linear Solver

Initial Transient Solution
--------------------------

Node                                   Voltage
----                                   -------
vdd                                       2.97
avcc                                       3.3
clkp                                     1.782
clkn                                     0.891
d0p                                     2.5245
d0n                                     1.6335
d1p                                     2.5245
d1n                                     1.6335
d0ps                                    1.6335
d0ns                                    2.5245
d1ps                                    1.6335
d1ns                                    2.5245
ckref                                    0.891
win                                          0
winr                                         0
winc                                         0
xmux_m.top                             2.52771
xmux_m.xrc.11                          2.54992
xmux_m.xrc.21                          2.94779
outp_m                                 1.63691
xmux_m.xrlp.11                         1.65903
xmux_m.xrlp.21                         2.50559
outn_m                                 2.52431
xmux_m.xrln.11                          2.5244
xmux_m.xrln.21                         2.52763
xmux_m.ibias                          0.985701
xmux_m.xrref.11                       0.997398
xmux_m.xrref.21                         2.9583
xmux_m.sa                              1.11689
xmux_m.sb                              1.63682
xmux_m.tail                           0.631464
dop_m                                  3.29857
xdrv_m.tail                            1.15593
don_m                                  2.79805
ib_m                                   1.02193
vd_m                                  0.887408
vdn_m                                 0.995968
vdg_m                                        0
xmux_s.top                             2.52771
xmux_s.xrc.11                          2.54992
xmux_s.xrc.21                          2.94779
outp_s                                 2.52431
xmux_s.xrlp.11                          2.5244
xmux_s.xrlp.21                         2.52763
outn_s                                 1.63691
xmux_s.xrln.11                         1.65903
xmux_s.xrln.21                         2.50559
xmux_s.ibias                          0.985701
xmux_s.xrref.11                       0.997398
xmux_s.xrref.21                         2.9583
xmux_s.sa                              1.11689
xmux_s.sb                              1.63682
xmux_s.tail                           0.631464
dop_s                                  2.79805
xdrv_s.tail                            1.15593
don_s                                  3.29857
ib_s                                   1.02193
vd_s                                 -0.887408
vdn_s                                -0.995968
vdg_s                                        0
xmux_n.top                             2.52771
xmux_n.xrc.11                          2.54992
xmux_n.xrc.21                          2.94779
outp_n                                 1.63691
xmux_n.xrlp.11                         1.65903
xmux_n.xrlp.21                         2.50559
outn_n                                 2.52431
xmux_n.xrln.11                          2.5244
xmux_n.xrln.21                         2.52763
xmux_n.ibias                          0.985701
xmux_n.xrref.11                       0.997398
xmux_n.xrref.21                         2.9583
xmux_n.sa                              1.11689
xmux_n.sb                              1.63682
xmux_n.tail                           0.631464
vd_n                                  0.887408
vdn_n                                 0.995968
vdg_n                                        0
d0pz                                    2.5245
d0nz                                    1.6335
clkpz                                    1.782
clknz                                    0.891
vdd_z                                     2.97
xmux_z.top                             2.52771
xmux_z.xrc.11                          2.54992
xmux_z.xrc.21                          2.94779
outp_z                                   1.637
xmux_z.xrlp.11                         1.65912
xmux_z.xrlp.21                         2.50559
outn_z                                 2.52422
xmux_z.xrln.11                          2.5243
xmux_z.xrln.21                         2.52763
xmux_z.ibias                          0.985701
xmux_z.xrref.11                       0.997398
xmux_z.xrref.21                         2.9583
xmux_z.sa                              1.11693
xmux_z.sb                               2.0385
xmux_z.tail                            0.63148
dop_z                                  3.29856
xdrv_z.tail                            1.15585
don_z                                  2.79806
ib_z                                   1.02193
bvdg_n#branch                                0
bvdg_s#branch                                0
bvdg_m#branch                                0
envd_n#branch                                0
emux_n#branch                                0
envd_s#branch                                0
emux_s#branch                                0
envd_m#branch                                0
emux_m#branch                                0
eckref#branch                                0
vsens_z#branch                      -0.0090159
vclknz#branch                                0
vclkpz#branch                                0
vd0nz#branch                                 0
vd0pz#branch                                 0
vwinc#branch                                 0
vwinr#branch                                 0
vwin#branch                                  0
vd1ns#branch                                 0
vd1ps#branch                                 0
vd0ns#branch                                 0
vd0ps#branch                                 0
vd1n#branch                                  0
vd1p#branch                                  0
vd0n#branch                                  0
vd0p#branch                                  0
vclkn#branch                                 0
vclkp#branch                                 0
vavcc#branch                         -0.030203
vvdd#branch                         -0.0270476

 Reference value :  0.00000e+00
 Reference value :  5.15519e-09
 Reference value :  1.01854e-08
 Reference value :  1.49010e-08
 Reference value :  1.98100e-08
 Reference value :  2.51202e-08
 Reference value :  2.97480e-08
 Reference value :  3.36017e-08
 Reference value :  3.83249e-08
 Reference value :  4.31886e-08
 Reference value :  4.76738e-08
 Reference value :  5.18926e-08
 Reference value :  5.56906e-08
 Reference value :  5.94631e-08
No. of Data Rows : 4501
m_ui_ref            =  3.70370e-09 targ=  3.71120e-08 trig=  3.34083e-08
m_spa_in            =  1.48148e-08 targ=  4.82231e-08 trig=  3.34083e-08
m_spb_in            =  1.11111e-08 targ=  4.45194e-08 trig=  3.34083e-08
m_spa_m             =  1.48148e-08 targ=  4.82845e-08 trig=  3.34696e-08
m_spb_m             =  1.11111e-08 targ=  4.45808e-08 trig=  3.34696e-08
m_trise_m           =  7.10897e-11 targ=  4.46183e-08 trig=  4.45472e-08
m_tfall_m           =  7.11037e-11 targ=  4.09146e-08 trig=  4.08435e-08
m_trise_n           =  5.89179e-11 targ=  4.45994e-08 trig=  4.45405e-08
m_dj_ui_m = 5.3999995675e-06
m_vih_m = 2.5233185132e+00
m_vil_m = 1.6339232152e+00
m_vswing_m = 8.8939529799e-01
m_vih_m_frac = 8.4960219299e-01
m_vil_m_frac = 5.5014249669e-01
m_vcm_m_frac = 6.9987233410e-01
m_vswing_s = 8.9062998300e-01
m_vglitch_m = 5.1654879199e-01
m_vswing_n = 8.8940584695e-01
m_vswing_dc = 8.8721703996e-01
m_vcm_dc_frac = 7.0054186618e-01
m_icell_dc = 9.0159006865e-03
m_vgs_mu_max = 1.4130124959e+00
m_vds_mu_max = 1.0562433861e+00
m_vds_mt_max = 6.3146562005e-01
Note: Simulation executed from .control section 

Warning: m=xx on .subckt line will override multiplier m hierarchy!

