
Note: Compatibility modes selected: hs a


Circuit: * smoke-cml-pair @ ff_-40c_3.63v_742p5mbps -- generated by sim/harness, do not edit

Doing analysis at TEMP = -40.000000 and TNOM = 27.000000

Using SPARSE 1.3 as Direct Linear Solver

Initial Transient Solution
--------------------------

Node                                   Voltage
----                                   -------
vdd                                       3.63
tail                                  0.731757
inp                                          1
inn                                        2.6
outp                                      3.63
outn                                   3.12997
vdiff                                 0.500032
vdiffref                                     0
edif#branch                                  0
vinn#branch                                  0
vinp#branch                                  0
vdd#branch                          -0.0100006

 Reference value :  1.40123e-08
No. of Data Rows : 11836
m_trise_10_90       =  1.56351e-11 targ=  6.98925e-10 trig=  6.83290e-10
m_tfall_10_90       =  1.56382e-11 targ=  2.55245e-11 trig=  9.88635e-12
m_swing_diff_v = 5.2795901931e-01
m_vcm_v = 3.3802465703e+00
Note: Simulation executed from .control section 

Warning: m=xx on .subckt line will override multiplier m hierarchy!

