
Note: Compatibility modes selected: hs a


Circuit: * smoke-cml-pair @ ff_125c_2.97v_270mbps -- generated by sim/harness, do not edit

Doing analysis at TEMP = 125.000000 and TNOM = 27.000000

Using SPARSE 1.3 as Direct Linear Solver

Initial Transient Solution
--------------------------

Node                                   Voltage
----                                   -------
vdd                                       2.97
tail                                  0.473866
inp                                          1
inn                                        2.6
outp                                   2.96283
outn                                   2.47715
vdiff                                 0.485681
vdiffref                                     0
edif#branch                                  0
vinn#branch                                  0
vinp#branch                                  0
vdd#branch                          -0.0100003

 Reference value :  1.87352e-08
No. of Data Rows : 10415
m_trise_10_90       =  1.98197e-11 targ=  1.88081e-09 trig=  1.86099e-09
m_tfall_10_90       =  1.98136e-11 targ=  2.89382e-11 trig=  9.12462e-12
m_swing_diff_v = 5.1788526041e-01
m_vcm_v = 2.7200019289e+00
Note: Simulation executed from .control section 

Warning: m=xx on .subckt line will override multiplier m hierarchy!

