
Note: Compatibility modes selected: hs a


Circuit: * smoke-cml-pair @ ff_125c_3.30v_270mbps -- generated by sim/harness, do not edit

Doing analysis at TEMP = 125.000000 and TNOM = 27.000000

Using SPARSE 1.3 as Direct Linear Solver

Initial Transient Solution
--------------------------

Node                                   Voltage
----                                   -------
vdd                                        3.3
tail                                  0.491781
inp                                          1
inn                                        2.6
outp                                   3.29344
outn                                   2.80652
vdiff                                 0.486914
vdiffref                                     0
edif#branch                                  0
vinn#branch                                  0
vinp#branch                                  0
vdd#branch                          -0.0100008

 Reference value :  1.73567e-08
No. of Data Rows : 10437
m_trise_10_90       =  1.96335e-11 targ=  1.88056e-09 trig=  1.86093e-09
m_tfall_10_90       =  1.96216e-11 targ=  2.87174e-11 trig=  9.09576e-12
m_swing_diff_v = 5.1771480011e-01
m_vcm_v = 3.0499785393e+00
Note: Simulation executed from .control section 

Warning: m=xx on .subckt line will override multiplier m hierarchy!

