
Note: Compatibility modes selected: hs a


Circuit: * smoke-cml-pair @ ff_27c_3.30v_742p5mbps -- generated by sim/harness, do not edit

Doing analysis at TEMP = 27.000000 and TNOM = 27.000000

Using SPARSE 1.3 as Direct Linear Solver

Initial Transient Solution
--------------------------

Node                                   Voltage
----                                   -------
vdd                                        3.3
tail                                  0.620635
inp                                          1
inn                                        2.6
outp                                   3.29996
outn                                   2.80004
vdiff                                 0.499913
vdiffref                                     0
edif#branch                                  0
vinn#branch                                  0
vinp#branch                                  0
vdd#branch                               -0.01

 Reference value :  1.42230e-08
No. of Data Rows : 11475
m_trise_10_90       =  1.69662e-11 targ=  7.00048e-10 trig=  6.83082e-10
m_tfall_10_90       =  1.69708e-11 targ=  2.66489e-11 trig=  9.67806e-12
m_swing_diff_v = 5.3249704729e-01
m_vcm_v = 3.0501173418e+00
Note: Simulation executed from .control section 

Warning: m=xx on .subckt line will override multiplier m hierarchy!

