
Note: Compatibility modes selected: hs a


Circuit: * smoke-cml-pair @ fs_-40c_2.97v_742p5mbps -- generated by sim/harness, do not edit

Doing analysis at TEMP = -40.000000 and TNOM = 27.000000

Using SPARSE 1.3 as Direct Linear Solver

Initial Transient Solution
--------------------------

Node                                   Voltage
----                                   -------
vdd                                       2.97
tail                                  0.638323
inp                                          1
inn                                        2.6
outp                                      2.97
outn                                      2.47
vdiff                                      0.5
vdiffref                                     0
edif#branch                                  0
vinn#branch                                  0
vinp#branch                                  0
vdd#branch                               -0.01

 Reference value :  1.42743e-08
No. of Data Rows : 11650
m_trise_10_90       =  1.61226e-11 targ=  6.99565e-10 trig=  6.83442e-10
m_tfall_10_90       =  1.61194e-11 targ=  2.61547e-11 trig=  1.00353e-11
m_swing_diff_v = 5.3476966148e-01
m_vcm_v = 2.7201691678e+00
Note: Simulation executed from .control section 

Warning: m=xx on .subckt line will override multiplier m hierarchy!

