
Note: Compatibility modes selected: hs a


Circuit: * smoke-cml-pair @ fs_125c_3.63v_270mbps -- generated by sim/harness, do not edit

Doing analysis at TEMP = 125.000000 and TNOM = 27.000000

Using SPARSE 1.3 as Direct Linear Solver

Initial Transient Solution
--------------------------

Node                                   Voltage
----                                   -------
vdd                                       3.63
tail                                  0.446516
inp                                          1
inn                                        2.6
outp                                   3.62056
outn                                   3.13925
vdiff                                  0.48131
vdiffref                                     0
edif#branch                                  0
vinn#branch                                  0
vinp#branch                                  0
vdd#branch                          -0.0100036

 Reference value :  1.57607e-08
No. of Data Rows : 10452
m_trise_10_90       =  2.02509e-11 targ=  1.88109e-09 trig=  1.86084e-09
m_tfall_10_90       =  2.02110e-11 targ=  2.92137e-11 trig=  9.00270e-12
m_swing_diff_v = 5.1263550303e-01
m_vcm_v = 3.3798960279e+00
Note: Simulation executed from .control section 

Warning: m=xx on .subckt line will override multiplier m hierarchy!

