
Note: Compatibility modes selected: hs a


Circuit: * smoke-cml-pair @ fs_125c_3.63v_742p5mbps -- generated by sim/harness, do not edit

Doing analysis at TEMP = 125.000000 and TNOM = 27.000000

Using SPARSE 1.3 as Direct Linear Solver

Initial Transient Solution
--------------------------

Node                                   Voltage
----                                   -------
vdd                                       3.63
tail                                  0.446516
inp                                          1
inn                                        2.6
outp                                   3.62056
outn                                   3.13925
vdiff                                  0.48131
vdiffref                                     0
edif#branch                                  0
vinn#branch                                  0
vinp#branch                                  0
vdd#branch                          -0.0100036

 Reference value :  1.47476e-08
No. of Data Rows : 11249
m_trise_10_90       =  2.02446e-11 targ=  7.02633e-10 trig=  6.82389e-10
m_tfall_10_90       =  2.02110e-11 targ=  2.92137e-11 trig=  9.00270e-12
m_swing_diff_v = 5.1263776284e-01
m_vcm_v = 3.3798758929e+00
Note: Simulation executed from .control section 

Warning: m=xx on .subckt line will override multiplier m hierarchy!

