
Note: Compatibility modes selected: hs a


Circuit: * smoke-cml-pair @ fs_125c_2.97v_270mbps -- generated by sim/harness, do not edit

Doing analysis at TEMP = 125.000000 and TNOM = 27.000000

Using SPARSE 1.3 as Direct Linear Solver

Initial Transient Solution
--------------------------

Node                                   Voltage
----                                   -------
vdd                                       2.97
tail                                  0.413718
inp                                          1
inn                                        2.6
outp                                    2.9594
outn                                   2.48058
vdiff                                 0.478826
vdiffref                                     0
edif#branch                                  0
vinn#branch                                  0
vinp#branch                                  0
vdd#branch                          -0.0100004

 Reference value :  1.55513e-08
No. of Data Rows : 10396
m_trise_10_90       =  2.06138e-11 targ=  1.88155e-09 trig=  1.86093e-09
m_tfall_10_90       =  2.06058e-11 targ=  2.96801e-11 trig=  9.07430e-12
m_swing_diff_v = 5.1256901523e-01
m_vcm_v = 2.7199948988e+00
Note: Simulation executed from .control section 

Warning: m=xx on .subckt line will override multiplier m hierarchy!

