
Note: Compatibility modes selected: hs a


Circuit: * smoke-cml-pair @ fs_27c_3.30v_742p5mbps -- generated by sim/harness, do not edit

Doing analysis at TEMP = 27.000000 and TNOM = 27.000000

Using SPARSE 1.3 as Direct Linear Solver

Initial Transient Solution
--------------------------

Node                                   Voltage
----                                   -------
vdd                                        3.3
tail                                  0.557657
inp                                          1
inn                                        2.6
outp                                   3.29986
outn                                   2.80014
vdiff                                 0.499722
vdiffref                                     0
edif#branch                                  0
vinn#branch                                  0
vinp#branch                                  0
vdd#branch                          -0.0100001

 Reference value :  1.48960e-08
No. of Data Rows : 11475
m_trise_10_90       =  1.73420e-11 targ=  7.00447e-10 trig=  6.83105e-10
m_tfall_10_90       =  1.73418e-11 targ=  2.70463e-11 trig=  9.70445e-12
m_swing_diff_v = 5.3427398004e-01
m_vcm_v = 3.0500975910e+00
Note: Simulation executed from .control section 

Warning: m=xx on .subckt line will override multiplier m hierarchy!

