
Note: Compatibility modes selected: hs a


Circuit: * smoke-cml-pair @ sf_125c_3.63v_742p5mbps -- generated by sim/harness, do not edit

Doing analysis at TEMP = 125.000000 and TNOM = 27.000000

Using SPARSE 1.3 as Direct Linear Solver

Initial Transient Solution
--------------------------

Node                                   Voltage
----                                   -------
vdd                                       3.63
tail                                  0.180585
inp                                          1
inn                                        2.6
outp                                   3.60359
outn                                   3.15569
vdiff                                 0.447901
vdiffref                                     0
edif#branch                                  0
vinn#branch                                  0
vinp#branch                                  0
vdd#branch                          -0.0100143

 Reference value :  1.64178e-08
No. of Data Rows : 11045
m_trise_10_90       =  2.43730e-11 targ=  7.06272e-10 trig=  6.81899e-10
m_tfall_10_90       =  2.43706e-11 targ=  3.28661e-11 trig=  8.49552e-12
m_swing_diff_v = 4.8412833579e-01
m_vcm_v = 3.3796216498e+00
Note: Simulation executed from .control section 

Warning: m=xx on .subckt line will override multiplier m hierarchy!

