
Note: Compatibility modes selected: hs a


Circuit: * smoke-cml-pair @ sf_125c_3.30v_742p5mbps -- generated by sim/harness, do not edit

Doing analysis at TEMP = 125.000000 and TNOM = 27.000000

Using SPARSE 1.3 as Direct Linear Solver

Initial Transient Solution
--------------------------

Node                                   Voltage
----                                   -------
vdd                                        3.3
tail                                  0.168306
inp                                          1
inn                                        2.6
outp                                   3.27334
outn                                   2.82638
vdiff                                 0.446955
vdiffref                                     0
edif#branch                                  0
vinn#branch                                  0
vinp#branch                                  0
vdd#branch                          -0.0100056

 Reference value :  1.77206e-08
No. of Data Rows : 10996
m_trise_10_90       =  2.45579e-11 targ=  7.06506e-10 trig=  6.81948e-10
m_tfall_10_90       =  2.45515e-11 targ=  3.31040e-11 trig=  8.55253e-12
m_swing_diff_v = 4.8424804017e-01
m_vcm_v = 3.0498775065e+00
Note: Simulation executed from .control section 

Warning: m=xx on .subckt line will override multiplier m hierarchy!

