
Note: Compatibility modes selected: hs a


Circuit: * smoke-cml-pair @ sf_27c_3.63v_270mbps -- generated by sim/harness, do not edit

Doing analysis at TEMP = 27.000000 and TNOM = 27.000000

Using SPARSE 1.3 as Direct Linear Solver

Initial Transient Solution
--------------------------

Node                                   Voltage
----                                   -------
vdd                                       3.63
tail                                  0.293555
inp                                          1
inn                                        2.6
outp                                   3.62667
outn                                   3.13309
vdiff                                 0.493575
vdiffref                                     0
edif#branch                                  0
vinn#branch                                  0
vinp#branch                                  0
vdd#branch                          -0.0100048

 Reference value :  1.79195e-08
No. of Data Rows : 10470
m_trise_10_90       =  1.89732e-11 targ=  1.88041e-09 trig=  1.86143e-09
m_tfall_10_90       =  1.89705e-11 targ=  2.85521e-11 trig=  9.58158e-12
m_swing_diff_v = 5.3031287980e-01
m_vcm_v = 3.3798669218e+00
Note: Simulation executed from .control section 

Warning: m=xx on .subckt line will override multiplier m hierarchy!

