
Note: Compatibility modes selected: hs a


Circuit: * smoke-cml-pair @ ss_-40c_2.97v_742p5mbps -- generated by sim/harness, do not edit

Doing analysis at TEMP = -40.000000 and TNOM = 27.000000

Using SPARSE 1.3 as Direct Linear Solver

Initial Transient Solution
--------------------------

Node                                   Voltage
----                                   -------
vdd                                       2.97
tail                                  0.302949
inp                                          1
inn                                        2.6
outp                                   2.96984
outn                                   2.47016
vdiff                                 0.499684
vdiffref                                     0
edif#branch                                  0
vinn#branch                                  0
vinp#branch                                  0
vdd#branch                          -0.0100001

 Reference value :  1.73462e-08
No. of Data Rows : 11288
m_trise_10_90       =  1.77605e-11 targ=  7.01285e-10 trig=  6.83525e-10
m_tfall_10_90       =  1.77695e-11 targ=  2.78989e-11 trig=  1.01294e-11
m_swing_diff_v = 5.4401273702e-01
m_vcm_v = 2.7201281187e+00
Note: Simulation executed from .control section 

Warning: m=xx on .subckt line will override multiplier m hierarchy!

