
Note: Compatibility modes selected: hs a


Circuit: * smoke-cml-pair @ ss_-40c_3.30v_270mbps -- generated by sim/harness, do not edit

Doing analysis at TEMP = -40.000000 and TNOM = 27.000000

Using SPARSE 1.3 as Direct Linear Solver

Initial Transient Solution
--------------------------

Node                                   Voltage
----                                   -------
vdd                                        3.3
tail                                   0.31625
inp                                          1
inn                                        2.6
outp                                   3.29987
outn                                   2.80009
vdiff                                 0.499776
vdiffref                                     0
edif#branch                                  0
vinn#branch                                  0
vinp#branch                                  0
vdd#branch                          -0.0100008

 Reference value :  1.81774e-08
No. of Data Rows : 10514
m_trise_10_90       =  1.76570e-11 targ=  1.87957e-09 trig=  1.86191e-09
m_tfall_10_90       =  1.76459e-11 targ=  2.77060e-11 trig=  1.00601e-11
m_swing_diff_v = 5.4212185470e-01
m_vcm_v = 3.0500184447e+00
Note: Simulation executed from .control section 

Warning: m=xx on .subckt line will override multiplier m hierarchy!

