
Note: Compatibility modes selected: hs a


Circuit: * smoke-cml-pair @ ss_125c_3.63v_270mbps -- generated by sim/harness, do not edit

Doing analysis at TEMP = 125.000000 and TNOM = 27.000000

Using SPARSE 1.3 as Direct Linear Solver

Initial Transient Solution
--------------------------

Node                                   Voltage
----                                   -------
vdd                                       3.63
tail                                   0.11746
inp                                          1
inn                                        2.6
outp                                   3.59686
outn                                   3.16218
vdiff                                 0.434679
vdiffref                                     0
edif#branch                                  0
vinn#branch                                  0
vinp#branch                                  0
vdd#branch                           -0.010019

 Reference value :  1.66201e-08
No. of Data Rows : 10368
m_trise_10_90       =  2.66544e-11 targ=  1.88678e-09 trig=  1.86013e-09
m_tfall_10_90       =  2.66662e-11 targ=  3.49224e-11 trig=  8.25617e-12
m_swing_diff_v = 4.7294223998e-01
m_vcm_v = 3.3795179196e+00
Note: Simulation executed from .control section 

Warning: m=xx on .subckt line will override multiplier m hierarchy!

