
Note: Compatibility modes selected: hs a


Circuit: * smoke-cml-pair @ ss_125c_2.97v_270mbps -- generated by sim/harness, do not edit

Doing analysis at TEMP = 125.000000 and TNOM = 27.000000

Using SPARSE 1.3 as Direct Linear Solver

Initial Transient Solution
--------------------------

Node                                   Voltage
----                                   -------
vdd                                       2.97
tail                                 0.0935964
inp                                          1
inn                                        2.6
outp                                   2.93621
outn                                   2.50366
vdiff                                 0.432549
vdiffref                                     0
edif#branch                                  0
vinn#branch                                  0
vinp#branch                                  0
vdd#branch                          -0.0100026

 Reference value :  1.70780e-08
No. of Data Rows : 10348
m_trise_10_90       =  2.72296e-11 targ=  1.88750e-09 trig=  1.86027e-09
m_tfall_10_90       =  2.72101e-11 targ=  3.56366e-11 trig=  8.42647e-12
m_swing_diff_v = 4.7344454934e-01
m_vcm_v = 2.7199438489e+00
Note: Simulation executed from .control section 

Warning: m=xx on .subckt line will override multiplier m hierarchy!

