
Note: Compatibility modes selected: hs a


Circuit: * smoke-cml-pair @ ss_27c_2.97v_742p5mbps -- generated by sim/harness, do not edit

Doing analysis at TEMP = 27.000000 and TNOM = 27.000000

Using SPARSE 1.3 as Direct Linear Solver

Initial Transient Solution
--------------------------

Node                                   Voltage
----                                   -------
vdd                                       2.97
tail                                  0.201952
inp                                          1
inn                                        2.6
outp                                   2.96263
outn                                   2.47733
vdiff                                 0.485291
vdiffref                                     0
edif#branch                                  0
vinn#branch                                  0
vinp#branch                                  0
vdd#branch                          -0.0100008

 Reference value :  1.68597e-08
No. of Data Rows : 11107
m_trise_10_90       =  2.00859e-11 targ=  7.03120e-10 trig=  6.83034e-10
m_tfall_10_90       =  2.00740e-11 targ=  2.97182e-11 trig=  9.64422e-12
m_swing_diff_v = 5.2609970284e-01
m_vcm_v = 2.7200166387e+00
Note: Simulation executed from .control section 

Warning: m=xx on .subckt line will override multiplier m hierarchy!

