
Note: Compatibility modes selected: hs a


Circuit: * tmds-final-mux-eye @ tt_-40c_3.30v_270mbps -- generated by sim/harness, do not edit

Doing analysis at TEMP = -40.000000 and TNOM = 27.000000

Using SPARSE 1.3 as Direct Linear Solver

Initial Transient Solution
--------------------------

Node                                   Voltage
----                                   -------
vdd                                        3.3
avcc                                       3.3
clkp                                      1.98
clkn                                      0.99
d0p                                      2.805
d0n                                      1.815
d1p                                      2.805
d1n                                      1.815
d0ps                                     1.815
d0ns                                     2.805
d1ps                                     1.815
d1ns                                     2.805
ckref                                     0.99
win                                          0
winr                                         0
winc                                         0
xmux_m.top                               2.801
xmux_m.xrc.11                          2.83182
xmux_m.xrc.21                          3.26918
outp_m                                 1.76561
xmux_m.xrlp.11                         1.79643
xmux_m.xrlp.21                         2.77018
outn_m                                   2.801
xmux_m.xrln.11                           2.801
xmux_m.xrln.21                           2.801
xmux_m.ibias                           1.12283
xmux_m.xrref.11                        1.13898
xmux_m.xrref.21                        3.28385
xmux_m.sa                              1.31554
xmux_m.sb                              1.76561
xmux_m.tail                            0.72151
dop_m                                      3.3
xdrv_m.tail                            1.35624
don_m                                  2.79502
ib_m                                   1.13262
vd_m                                   1.03539
vdn_m                                  1.04585
vdg_m                                        0
xmux_s.top                               2.801
xmux_s.xrc.11                          2.83182
xmux_s.xrc.21                          3.26918
outp_s                                   2.801
xmux_s.xrlp.11                           2.801
xmux_s.xrlp.21                           2.801
outn_s                                 1.76561
xmux_s.xrln.11                         1.79643
xmux_s.xrln.21                         2.77018
xmux_s.ibias                           1.12283
xmux_s.xrref.11                        1.13898
xmux_s.xrref.21                        3.28385
xmux_s.sa                              1.31554
xmux_s.sb                              1.76561
xmux_s.tail                            0.72151
dop_s                                  2.79502
xdrv_s.tail                            1.35624
don_s                                      3.3
ib_s                                   1.13262
vd_s                                  -1.03539
vdn_s                                 -1.04585
vdg_s                                        0
xmux_n.top                               2.801
xmux_n.xrc.11                          2.83182
xmux_n.xrc.21                          3.26918
outp_n                                 1.76561
xmux_n.xrlp.11                         1.79643
xmux_n.xrlp.21                         2.77018
outn_n                                   2.801
xmux_n.xrln.11                           2.801
xmux_n.xrln.21                           2.801
xmux_n.ibias                           1.12283
xmux_n.xrref.11                        1.13898
xmux_n.xrref.21                        3.28385
xmux_n.sa                              1.31554
xmux_n.sb                              1.76561
xmux_n.tail                            0.72151
vd_n                                   1.03539
vdn_n                                  1.04585
vdg_n                                        0
d0pz                                     2.805
d0nz                                     1.815
clkpz                                     1.98
clknz                                     0.99
vdd_z                                      3.3
xmux_z.top                               2.801
xmux_z.xrc.11                          2.83182
xmux_z.xrc.21                          3.26918
outp_z                                 1.76561
xmux_z.xrlp.11                         1.79643
xmux_z.xrlp.21                         2.77018
outn_z                                   2.801
xmux_z.xrln.11                           2.801
xmux_z.xrln.21                           2.801
xmux_z.ibias                           1.12283
xmux_z.xrref.11                        1.13898
xmux_z.xrref.21                        3.28385
xmux_z.sa                              1.31554
xmux_z.sb                              2.27789
xmux_z.tail                            0.72151
dop_z                                      3.3
xdrv_z.tail                            1.35624
don_z                                  2.79502
ib_z                                   1.13262
bvdg_n#branch                                0
bvdg_s#branch                                0
bvdg_m#branch                                0
envd_n#branch                                0
emux_n#branch                                0
envd_s#branch                                0
emux_s#branch                                0
envd_m#branch                                0
emux_m#branch                                0
eckref#branch                                0
vsens_z#branch                     -0.00980222
vclknz#branch                                0
vclkpz#branch                                0
vd0nz#branch                                 0
vd0pz#branch                                 0
vwinc#branch                                 0
vwinr#branch                                 0
vwin#branch                                  0
vd1ns#branch                                 0
vd1ps#branch                                 0
vd0ns#branch                                 0
vd0ps#branch                                 0
vd1n#branch                                  0
vd1p#branch                                  0
vd0n#branch                                  0
vd0p#branch                                  0
vclkn#branch                                 0
vclkp#branch                                 0
vavcc#branch                         -0.030299
vvdd#branch                         -0.0294067

 Reference value :  0.00000e+00
 Reference value :  4.64502e-09
 Reference value :  9.46537e-09
 Reference value :  1.44638e-08
 Reference value :  1.85776e-08
 Reference value :  2.23703e-08
 Reference value :  2.61290e-08
 Reference value :  3.00568e-08
 Reference value :  3.51650e-08
 Reference value :  3.95249e-08
 Reference value :  4.36501e-08
 Reference value :  4.78938e-08
 Reference value :  5.18702e-08
 Reference value :  5.56140e-08
 Reference value :  5.93447e-08
No. of Data Rows : 4763
m_ui_ref            =  3.70370e-09 targ=  3.71120e-08 trig=  3.34083e-08
m_spa_in            =  1.48148e-08 targ=  4.82231e-08 trig=  3.34083e-08
m_spb_in            =  1.11111e-08 targ=  4.45194e-08 trig=  3.34083e-08
m_spa_m             =  1.48148e-08 targ=  4.82740e-08 trig=  3.34592e-08
m_spb_m             =  1.11111e-08 targ=  4.45703e-08 trig=  3.34592e-08
m_trise_m           =  5.96349e-11 targ=  4.46009e-08 trig=  4.45412e-08
m_tfall_m           =  5.96025e-11 targ=  4.08972e-08 trig=  4.08376e-08
m_trise_n           =  4.60802e-11 targ=  4.45825e-08 trig=  4.45365e-08
m_dj_ui_m = 2.6999997844e-06
m_vih_m = 2.8003606691e+00
m_vil_m = 1.7612987628e+00
m_vswing_m = 1.0390619063e+00
m_vih_m_frac = 8.4859414215e-01
m_vil_m_frac = 5.3372689783e-01
m_vcm_m_frac = 6.9116051216e-01
m_vswing_s = 1.0403874281e+00
m_vglitch_m = 5.5797497897e-01
m_vswing_n = 1.0389612112e+00
m_vswing_dc = 1.0353898154e+00
m_vcm_dc_frac = 6.9191004969e-01
m_icell_dc = 9.8022236601e-03
m_vgs_mu_max = 1.5128754587e+00
m_vds_mu_max = 1.2389376251e+00
m_vds_mt_max = 7.2150791322e-01
Note: Simulation executed from .control section 

Warning: m=xx on .subckt line will override multiplier m hierarchy!

Note: Starting dynamic gmin stepping
Note: Dynamic gmin stepping completed
