
Note: No compatibility mode selected!


Circuit: * cml-driver-eye-realmux @ tt_-40c_3.30v_270mbps -- generated by sim/harness, do not edit

Doing analysis at TEMP = -40.000000 and TNOM = 27.000000

Using SPARSE 1.3 as Direct Linear Solver

Initial Transient Solution
--------------------------

Node                                   Voltage
----                                   -------
vdd                                        3.3
avcc                                       3.3
avcclo                                    2.97
avcchi                                    3.63
clkp                                      1.98
clkn                                      0.99
d0p                                      2.805
d0n                                      1.815
d1p                                      2.805
d1n                                      1.815
d0pz                                     2.805
d0nz                                     1.815
clkpz                                     1.98
clknz                                     0.99
ckref                                     0.99
win                                          0
winc                                         0
xmux_c0.top                            2.80098
xmux_c0.xrc.11                         2.83181
xmux_c0.xrc.21                         3.26918
mp_c0                                  1.80517
xmux_c0.xrlp.11                          1.836
xmux_c0.xrlp.21                        2.77016
mn_c0                                  2.80098
xmux_c0.xrln.11                        2.80098
xmux_c0.xrln.21                        2.80098
xmux_c0.ibias                          1.12283
xmux_c0.xrref.11                       1.13898
xmux_c0.xrref.21                       3.28385
xmux_c0.sa                             1.32216
xmux_c0.sb                             1.80517
xmux_c0.tail                            0.7219
outp_c0                                2.79502
xc0.tail                               1.35623
outn_c0                                    3.3
ib_c0                                  1.13262
vd_c0                                 0.504984
xmux_c1.top                            2.80098
xmux_c1.xrc.11                         2.83181
xmux_c1.xrc.21                         3.26918
mp_c1                                  1.80517
xmux_c1.xrlp.11                          1.836
xmux_c1.xrlp.21                        2.77016
mn_c1                                  2.80098
xmux_c1.xrln.11                        2.80098
xmux_c1.xrln.21                        2.80098
xmux_c1.ibias                          1.12283
xmux_c1.xrref.11                       1.13898
xmux_c1.xrref.21                       3.28385
xmux_c1.sa                             1.32216
xmux_c1.sb                             1.80517
xmux_c1.tail                            0.7219
outp_c1                                2.79502
xc1.tail                               1.35623
outn_c1                                    3.3
ib_c1                                  1.13262
vd_c1                                 0.504984
muxref                                0.995809
xmux_c2.top                            2.80098
xmux_c2.xrc.11                         2.83181
xmux_c2.xrc.21                         3.26918
mp_c2                                  1.80517
xmux_c2.xrlp.11                          1.836
xmux_c2.xrlp.21                        2.77016
mn_c2                                  2.80098
xmux_c2.xrln.11                        2.80098
xmux_c2.xrln.21                        2.80098
xmux_c2.ibias                          1.12283
xmux_c2.xrref.11                       1.13898
xmux_c2.xrref.21                       3.28385
xmux_c2.sa                             1.32216
xmux_c2.sb                             1.80517
xmux_c2.tail                            0.7219
outp_c2                                2.79502
xc2.tail                               1.35623
outn_c2                                    3.3
ib_c2                                  1.13262
vd_c2                                 0.504984
xmux_cmis.top                          2.80098
xmux_cmis.xrc.11                       2.83181
xmux_cmis.xrc.21                       3.26918
mp_cm                                  1.80517
xmux_cmis.xrlp.11                        1.836
xmux_cmis.xrlp.21                      2.77016
mn_cm                                  2.80098
xmux_cmis.xrln.11                      2.80098
xmux_cmis.xrln.21                      2.80098
xmux_cmis.ibias                        1.12283
xmux_cmis.xrref.11                     1.13898
xmux_cmis.xrref.21                     3.28385
xmux_cmis.sa                           1.32216
xmux_cmis.sb                           1.80517
xmux_cmis.tail                          0.7219
outp_cmis                              2.79502
xcmis.tail                             1.35623
outn_cmis                                  3.3
ib_cmis                                1.13262
vd_cmis                               0.504984
xmux_vlo.top                           2.80098
xmux_vlo.xrc.11                        2.83181
xmux_vlo.xrc.21                        3.26918
mp_vlo                                 1.80517
xmux_vlo.xrlp.11                         1.836
xmux_vlo.xrlp.21                       2.77016
mn_vlo                                 2.80098
xmux_vlo.xrln.11                       2.80098
xmux_vlo.xrln.21                       2.80098
xmux_vlo.ibias                         1.12283
xmux_vlo.xrref.11                      1.13898
xmux_vlo.xrref.21                      3.28385
xmux_vlo.sa                            1.32216
xmux_vlo.sb                            1.80517
xmux_vlo.tail                           0.7219
outp_vlo                               2.46535
xvlo.tail                              1.34021
outn_vlo                                  2.97
ib_vlo                                 1.13262
xmux_vhi.top                           2.80098
xmux_vhi.xrc.11                        2.83181
xmux_vhi.xrc.21                        3.26918
mp_vhi                                 1.80517
xmux_vhi.xrlp.11                         1.836
xmux_vhi.xrlp.21                       2.77016
mn_vhi                                 2.80098
xmux_vhi.xrln.11                       2.80098
xmux_vhi.xrln.21                       2.80098
xmux_vhi.ibias                         1.12283
xmux_vhi.xrref.11                      1.13898
xmux_vhi.xrref.21                      3.28385
xmux_vhi.sa                            1.32216
xmux_vhi.sb                            1.80517
xmux_vhi.tail                           0.7219
outp_vhi                                3.1247
xvhi.tail                              1.37135
outn_vhi                                  3.63
ib_vhi                                 1.13262
xmux_z.top                             2.80098
xmux_z.xrc.11                          2.83181
xmux_z.xrc.21                          3.26918
mp_z                                   1.80517
xmux_z.xrlp.11                           1.836
xmux_z.xrlp.21                         2.77016
mn_z                                   2.80098
xmux_z.xrln.11                         2.80098
xmux_z.xrln.21                         2.80098
xmux_z.ibias                           1.12283
xmux_z.xrref.11                        1.13898
xmux_z.xrref.21                        3.28385
xmux_z.sa                              1.32216
xmux_z.sb                              2.27777
xmux_z.tail                             0.7219
outp_z                                 2.79502
xz.tail                                1.35623
vss_z                                        0
outn_z                                     3.3
ib_z                                   1.13262
vmuxz                                 0.995809
emuxz#branch                                 0
ediff_cmis#branch                            0
ediff_c2#branch                              0
emuxref#branch                               0
ediff_c1#branch                              0
ediff_c0#branch                              0
eckref#branch                                0
vsens_z#branch                       0.0105997
vwinc#branch                                 0
vwin#branch                                  0
vclknz#branch                                0
vclkpz#branch                                0
vd0nz#branch                                 0
vd0pz#branch                                 0
vd1n#branch                                  0
vd1p#branch                                  0
vd0n#branch                                  0
vd0p#branch                                  0
vclkn#branch                                 0
vclkp#branch                                 0
vavcchi#branch                       -0.010106
vavcclo#branch                      -0.0100929
vavcc#branch                        -0.0504984
vvdd#branch                         -0.0686175

 Reference value :  0.00000e+00
 Reference value :  8.00000e-13
 Reference value :  1.28000e-11
 Reference value :  6.56000e-11
 Reference value :  1.25600e-10
 Reference value :  2.05600e-10
 Reference value :  2.85600e-10
 Reference value :  3.65600e-10
 Reference value :  4.25600e-10
 Reference value :  4.85600e-10
 Reference value :  5.65600e-10
 Reference value :  6.45600e-10
 Reference value :  7.05600e-10
 Reference value :  7.65600e-10
 Reference value :  8.25600e-10
 Reference value :  8.85600e-10
 Reference value :  9.45600e-10
 Reference value :  1.00560e-09
 Reference value :  1.06560e-09
 Reference value :  1.12560e-09
 Reference value :  1.18560e-09
 Reference value :  1.26560e-09
 Reference value :  1.34560e-09
 Reference value :  1.40560e-09
 Reference value :  1.46560e-09
 Reference value :  1.54560e-09
 Reference value :  1.60560e-09
 Reference value :  1.68560e-09
 Reference value :  1.74560e-09
 Reference value :  1.80560e-09
 Reference value :  1.86560e-09
 Reference value :  1.94560e-09
 Reference value :  2.00560e-09
 Reference value :  2.08560e-09
 Reference value :  2.16560e-09
 Reference value :  2.28560e-09
 Reference value :  2.40560e-09
 Reference value :  2.50560e-09
 Reference value :  2.58560e-09
 Reference value :  2.68560e-09
 Reference value :  2.78560e-09
 Reference value :  2.84560e-09
 Reference value :  2.90560e-09
 Reference value :  2.98560e-09
 Reference value :  3.06560e-09
 Reference value :  3.12560e-09
 Reference value :  3.18560e-09
 Reference value :  3.24560e-09
 Reference value :  3.30560e-09
 Reference value :  3.36560e-09
 Reference value :  3.44560e-09
 Reference value :  3.52560e-09
 Reference value :  3.58560e-09
 Reference value :  3.64560e-09
 Reference value :  3.70370e-09
 Reference value :  3.70373e-09
 Reference value :  3.70403e-09
 Reference value :  3.70645e-09
 Reference value :  3.71013e-09
 Reference value :  3.71676e-09
 Reference value :  3.72523e-09
 Reference value :  3.73056e-09
 Reference value :  3.73755e-09
 Reference value :  3.74460e-09
 Reference value :  3.75429e-09
 Reference value :  3.76089e-09
 Reference value :  3.76390e-09
 Reference value :  3.77040e-09
 Reference value :  3.77723e-09
 Reference value :  3.78353e-09
 Reference value :  3.78603e-09
 Reference value :  3.79137e-09
 Reference value :  3.80033e-09
 Reference value :  3.80711e-09
 Reference value :  3.81758e-09
 Reference value :  3.82755e-09
 Reference value :  3.83775e-09
 Reference value :  3.84883e-09
 Reference value :  3.85370e-09
 Reference value :  3.85374e-09
 Reference value :  3.85412e-09
 Reference value :  3.85539e-09
 Reference value :  3.85689e-09
 Reference value :  3.86031e-09
 Reference value :  3.86413e-09
 Reference value :  3.87034e-09
 Reference value :  3.87375e-09
 Reference value :  3.88212e-09
 Reference value :  3.89188e-09
 Reference value :  3.89973e-09
 Reference value :  3.91538e-09
 Reference value :  3.94116e-09
 Reference value :  3.96297e-09
 Reference value :  3.99231e-09
 Reference value :  4.03005e-09
 Reference value :  4.11005e-09
 Reference value :  4.19005e-09
 Reference value :  4.27005e-09
 Reference value :  4.35005e-09
 Reference value :  4.43005e-09
 Reference value :  4.51005e-09
 Reference value :  4.59005e-09
 Reference value :  4.67005e-09
 Reference value :  4.73005e-09
 Reference value :  4.81005e-09
 Reference value :  4.89005e-09
 Reference value :  4.97005e-09
 Reference value :  5.05005e-09
 Reference value :  5.13005e-09
 Reference value :  5.19005e-09
 Reference value :  5.27005e-09
 Reference value :  5.33005e-09
 Reference value :  5.39005e-09
 Reference value :  5.45005e-09
 Reference value :  5.51005e-09
 Reference value :  5.57005e-09
 Reference value :  5.63005e-09
 Reference value :  5.71005e-09
 Reference value :  5.79005e-09
 Reference value :  5.87005e-09
 Reference value :  5.95005e-09
 Reference value :  6.03005e-09
 Reference value :  6.11005e-09
 Reference value :  6.19005e-09
 Reference value :  6.27005e-09
 Reference value :  6.35005e-09
 Reference value :  6.43005e-09
 Reference value :  6.51005e-09
 Reference value :  6.59005e-09
 Reference value :  6.67005e-09
 Reference value :  6.73005e-09
 Reference value :  6.81005e-09
 Reference value :  6.87005e-09
 Reference value :  6.93005e-09
 Reference value :  6.99005e-09
 Reference value :  7.07005e-09
 Reference value :  7.13005e-09
 Reference value :  7.19005e-09
 Reference value :  7.27005e-09
 Reference value :  7.33005e-09
 Reference value :  7.40741e-09
 Reference value :  7.40747e-09
 Reference value :  7.40810e-09
 Reference value :  7.41208e-09
 Reference value :  7.41596e-09
 Reference value :  7.42318e-09
 Reference value :  7.42909e-09
 Reference value :  7.43447e-09
 Reference value :  7.44147e-09
 Reference value :  7.44478e-09
 Reference value :  7.44777e-09
 Reference value :  7.45750e-09
 Reference value :  7.46107e-09
 Reference value :  7.46418e-09
 Reference value :  7.47041e-09
 Reference value :  7.47700e-09
 Reference value :  7.48369e-09
 Reference value :  7.48886e-09
 Reference value :  7.49409e-09
 Reference value :  7.50272e-09
 Reference value :  7.51301e-09
 Reference value :  7.51936e-09
 Reference value :  7.52589e-09
 Reference value :  7.53270e-09
 Reference value :  7.53948e-09
 Reference value :  7.55032e-09
 Reference value :  7.55741e-09
 Reference value :  7.55747e-09
 Reference value :  7.55805e-09
 Reference value :  7.56004e-09
 Reference value :  7.56344e-09
 Reference value :  7.56936e-09
 Reference value :  7.57343e-09
 Reference value :  7.57710e-09
 Reference value :  7.58163e-09
 Reference value :  7.58760e-09
 Reference value :  7.59778e-09
 Reference value :  7.61096e-09
 Reference value :  7.63109e-09
 Reference value :  7.65118e-09
 Reference value :  7.69056e-09
 Reference value :  7.72649e-09
 Reference value :  7.78649e-09
 Reference value :  7.86649e-09
 Reference value :  7.94649e-09
 Reference value :  8.00649e-09
 Reference value :  8.06649e-09
 Reference value :  8.14649e-09
 Reference value :  8.22649e-09
 Reference value :  8.28649e-09
 Reference value :  8.34649e-09
 Reference value :  8.40649e-09
 Reference value :  8.46649e-09
 Reference value :  8.54649e-09
 Reference value :  8.60649e-09
 Reference value :  8.66649e-09
 Reference value :  8.74649e-09
 Reference value :  8.82649e-09
 Reference value :  8.90649e-09
 Reference value :  8.98649e-09
 Reference value :  9.04649e-09
 Reference value :  9.12649e-09
 Reference value :  9.18649e-09
 Reference value :  9.26649e-09
 Reference value :  9.34649e-09
 Reference value :  9.40649e-09
 Reference value :  9.48649e-09
 Reference value :  9.56649e-09
 Reference value :  9.64649e-09
 Reference value :  9.72649e-09
 Reference value :  9.78649e-09
 Reference value :  9.84649e-09
 Reference value :  9.90649e-09
 Reference value :  9.98649e-09
 Reference value :  1.00665e-08
 Reference value :  1.01465e-08
 Reference value :  1.02265e-08
 Reference value :  1.02865e-08
 Reference value :  1.03465e-08
 Reference value :  1.04065e-08
 Reference value :  1.04865e-08
 Reference value :  1.05665e-08
 Reference value :  1.06465e-08
 Reference value :  1.07065e-08
 Reference value :  1.07665e-08
 Reference value :  1.08465e-08
 Reference value :  1.09265e-08
 Reference value :  1.09865e-08
 Reference value :  1.10665e-08
 Reference value :  1.11111e-08
 Reference value :  1.11113e-08
 Reference value :  1.11131e-08
 Reference value :  1.11165e-08
 Reference value :  1.11228e-08
 Reference value :  1.11313e-08
 Reference value :  1.11368e-08
 Reference value :  1.11437e-08
 Reference value :  1.11504e-08
 Reference value :  1.11565e-08
 Reference value :  1.11633e-08
 Reference value :  1.11697e-08
 Reference value :  1.11762e-08
 Reference value :  1.11829e-08
 Reference value :  1.11861e-08
 Reference value :  1.11890e-08
 Reference value :  1.11915e-08
 Reference value :  1.11940e-08
 Reference value :  1.11994e-08
 Reference value :  1.12052e-08
 Reference value :  1.12117e-08
 Reference value :  1.12186e-08
 Reference value :  1.12252e-08
 Reference value :  1.12351e-08
 Reference value :  1.12418e-08
 Reference value :  1.12490e-08
 Reference value :  1.12564e-08
 Reference value :  1.12611e-08
 Reference value :  1.12612e-08
 Reference value :  1.12615e-08
 Reference value :  1.12643e-08
 Reference value :  1.12695e-08
 Reference value :  1.12761e-08
 Reference value :  1.12795e-08
 Reference value :  1.12865e-08
 Reference value :  1.12958e-08
 Reference value :  1.13071e-08
 Reference value :  1.13169e-08
 Reference value :  1.13385e-08
 Reference value :  1.13593e-08
 Reference value :  1.13847e-08
 Reference value :  1.14375e-08
 Reference value :  1.14975e-08
 Reference value :  1.15775e-08
 Reference value :  1.16375e-08
 Reference value :  1.16975e-08
 Reference value :  1.17575e-08
 Reference value :  1.18375e-08
 Reference value :  1.18975e-08
 Reference value :  1.19575e-08
 Reference value :  1.20175e-08
 Reference value :  1.20975e-08
 Reference value :  1.21575e-08
 Reference value :  1.22375e-08
 Reference value :  1.22975e-08
 Reference value :  1.23775e-08
 Reference value :  1.24575e-08
 Reference value :  1.25175e-08
 Reference value :  1.25975e-08
 Reference value :  1.26775e-08
 Reference value :  1.27575e-08
 Reference value :  1.28175e-08
 Reference value :  1.28775e-08
 Reference value :  1.29575e-08
 Reference value :  1.30375e-08
 Reference value :  1.31175e-08
 Reference value :  1.31975e-08
 Reference value :  1.32775e-08
 Reference value :  1.33575e-08
 Reference value :  1.34375e-08
 Reference value :  1.35175e-08
 Reference value :  1.35975e-08
 Reference value :  1.36775e-08
 Reference value :  1.37575e-08
 Reference value :  1.38375e-08
 Reference value :  1.38975e-08
 Reference value :  1.39775e-08
 Reference value :  1.40575e-08
 Reference value :  1.41375e-08
 Reference value :  1.42175e-08
 Reference value :  1.42975e-08
 Reference value :  1.43775e-08
 Reference value :  1.44375e-08
 Reference value :  1.44975e-08
 Reference value :  1.45575e-08
 Reference value :  1.46175e-08
 Reference value :  1.46775e-08
 Reference value :  1.47375e-08
 Reference value :  1.48148e-08
 Reference value :  1.48148e-08
 Reference value :  1.48151e-08
 Reference value :  1.48176e-08
 Reference value :  1.48213e-08
 Reference value :  1.48279e-08
 Reference value :  1.48337e-08
 Reference value :  1.48365e-08
 Reference value :  1.48391e-08
 Reference value :  1.48452e-08
 Reference value :  1.48522e-08
 Reference value :  1.48584e-08
 Reference value :  1.48649e-08
 Reference value :  1.48716e-08
 Reference value :  1.48746e-08
 Reference value :  1.48844e-08
 Reference value :  1.48911e-08
 Reference value :  1.48963e-08
 Reference value :  1.49015e-08
 Reference value :  1.49101e-08
 Reference value :  1.49204e-08
 Reference value :  1.49268e-08
 Reference value :  1.49367e-08
 Reference value :  1.49435e-08
 Reference value :  1.49504e-08
 Reference value :  1.49613e-08
 Reference value :  1.49648e-08
 Reference value :  1.49651e-08
 Reference value :  1.49661e-08
 Reference value :  1.49708e-08
 Reference value :  1.49746e-08
 Reference value :  1.49790e-08
 Reference value :  1.49808e-08
 Reference value :  1.49845e-08
 Reference value :  1.49890e-08
 Reference value :  1.49950e-08
 Reference value :  1.50016e-08
 Reference value :  1.50091e-08
 Reference value :  1.50184e-08
 Reference value :  1.50305e-08
 Reference value :  1.50586e-08
 Reference value :  1.50833e-08
 Reference value :  1.51339e-08
 Reference value :  1.51939e-08
 Reference value :  1.52539e-08
 Reference value :  1.53339e-08
 Reference value :  1.53939e-08
 Reference value :  1.54539e-08
 Reference value :  1.55139e-08
 Reference value :  1.55939e-08
 Reference value :  1.56539e-08
 Reference value :  1.57139e-08
 Reference value :  1.57739e-08
 Reference value :  1.58339e-08
 Reference value :  1.58939e-08
 Reference value :  1.59539e-08
 Reference value :  1.60139e-08
 Reference value :  1.60739e-08
 Reference value :  1.61339e-08
 Reference value :  1.61939e-08
 Reference value :  1.62539e-08
 Reference value :  1.63339e-08
 Reference value :  1.64139e-08
 Reference value :  1.64939e-08
 Reference value :  1.65539e-08
 Reference value :  1.66139e-08
 Reference value :  1.66939e-08
 Reference value :  1.67539e-08
 Reference value :  1.68139e-08
 Reference value :  1.68739e-08
 Reference value :  1.69339e-08
 Reference value :  1.70139e-08
 Reference value :  1.70739e-08
 Reference value :  1.71339e-08
 Reference value :  1.71939e-08
 Reference value :  1.72539e-08
 Reference value :  1.73339e-08
 Reference value :  1.74139e-08
 Reference value :  1.74739e-08
 Reference value :  1.75539e-08
 Reference value :  1.76139e-08
 Reference value :  1.76939e-08
 Reference value :  1.77739e-08
 Reference value :  1.78539e-08
 Reference value :  1.79339e-08
 Reference value :  1.80139e-08
 Reference value :  1.80939e-08
 Reference value :  1.81539e-08
 Reference value :  1.82139e-08
 Reference value :  1.82739e-08
 Reference value :  1.83339e-08
 Reference value :  1.83939e-08
 Reference value :  1.84539e-08
 Reference value :  1.85185e-08
 Reference value :  1.85186e-08
 Reference value :  1.85190e-08
 Reference value :  1.85205e-08
 Reference value :  1.85239e-08
 Reference value :  1.85302e-08
 Reference value :  1.85387e-08
 Reference value :  1.85442e-08
 Reference value :  1.85511e-08
 Reference value :  1.85578e-08
 Reference value :  1.85639e-08
 Reference value :  1.85707e-08
 Reference value :  1.85742e-08
 Reference value :  1.85771e-08
 Reference value :  1.85836e-08
 Reference value :  1.85903e-08
 Reference value :  1.85935e-08
 Reference value :  1.85964e-08
 Reference value :  1.85989e-08
 Reference value :  1.86014e-08
 Reference value :  1.86096e-08
 Reference value :  1.86158e-08
 Reference value :  1.86260e-08
 Reference value :  1.86292e-08
 Reference value :  1.86391e-08
 Reference value :  1.86459e-08
 Reference value :  1.86527e-08
 Reference value :  1.86638e-08
 Reference value :  1.86685e-08
 Reference value :  1.86685e-08
 Reference value :  1.86687e-08
 Reference value :  1.86694e-08
 Reference value :  1.86717e-08
 Reference value :  1.86751e-08
 Reference value :  1.86789e-08
 Reference value :  1.86852e-08
 Reference value :  1.86911e-08
 Reference value :  1.87000e-08
 Reference value :  1.87104e-08
 Reference value :  1.87191e-08
 Reference value :  1.87302e-08
 Reference value :  1.87560e-08
 Reference value :  1.87778e-08
 Reference value :  1.88249e-08
 Reference value :  1.88849e-08
 Reference value :  1.89649e-08
 Reference value :  1.90249e-08
 Reference value :  1.91049e-08
 Reference value :  1.91649e-08
 Reference value :  1.92249e-08
 Reference value :  1.93049e-08
 Reference value :  1.93649e-08
 Reference value :  1.94249e-08
 Reference value :  1.94849e-08
 Reference value :  1.95649e-08
 Reference value :  1.96249e-08
 Reference value :  1.96849e-08
 Reference value :  1.97449e-08
 Reference value :  1.98249e-08
 Reference value :  1.98849e-08
 Reference value :  1.99649e-08
 Reference value :  2.00249e-08
 Reference value :  2.01049e-08
 Reference value :  2.01849e-08
 Reference value :  2.02449e-08
 Reference value :  2.03249e-08
 Reference value :  2.03849e-08
 Reference value :  2.04449e-08
 Reference value :  2.05049e-08
 Reference value :  2.05849e-08
 Reference value :  2.06449e-08
 Reference value :  2.07049e-08
 Reference value :  2.07849e-08
 Reference value :  2.08449e-08
 Reference value :  2.09249e-08
 Reference value :  2.09849e-08
 Reference value :  2.10449e-08
 Reference value :  2.11049e-08
 Reference value :  2.11849e-08
 Reference value :  2.12649e-08
 Reference value :  2.13249e-08
 Reference value :  2.14049e-08
 Reference value :  2.14849e-08
 Reference value :  2.15649e-08
 Reference value :  2.16449e-08
 Reference value :  2.17249e-08
 Reference value :  2.18049e-08
 Reference value :  2.18649e-08
 Reference value :  2.19449e-08
 Reference value :  2.20249e-08
 Reference value :  2.21049e-08
 Reference value :  2.21649e-08
 Reference value :  2.22222e-08
 Reference value :  2.22222e-08
 Reference value :  2.22224e-08
 Reference value :  2.22236e-08
 Reference value :  2.22287e-08
 Reference value :  2.22354e-08
 Reference value :  2.22439e-08
 Reference value :  2.22493e-08
 Reference value :  2.22526e-08
 Reference value :  2.22596e-08
 Reference value :  2.22626e-08
 Reference value :  2.22723e-08
 Reference value :  2.22759e-08
 Reference value :  2.22790e-08
 Reference value :  2.22820e-08
 Reference value :  2.22885e-08
 Reference value :  2.22985e-08
 Reference value :  2.23012e-08
 Reference value :  2.23037e-08
 Reference value :  2.23089e-08
 Reference value :  2.23175e-08
 Reference value :  2.23242e-08
 Reference value :  2.23311e-08
 Reference value :  2.23342e-08
 Reference value :  2.23441e-08
 Reference value :  2.23543e-08
 Reference value :  2.23651e-08
 Reference value :  2.23722e-08
 Reference value :  2.23725e-08
 Reference value :  2.23749e-08
 Reference value :  2.23801e-08
 Reference value :  2.23842e-08
 Reference value :  2.23882e-08
 Reference value :  2.23919e-08
 Reference value :  2.23964e-08
 Reference value :  2.24056e-08
 Reference value :  2.24126e-08
 Reference value :  2.24258e-08
 Reference value :  2.24379e-08
 Reference value :  2.24660e-08
 Reference value :  2.24907e-08
 Reference value :  2.25413e-08
 Reference value :  2.26013e-08
 Reference value :  2.26813e-08
 Reference value :  2.27613e-08
 Reference value :  2.28213e-08
 Reference value :  2.28813e-08
 Reference value :  2.29613e-08
 Reference value :  2.30413e-08
 Reference value :  2.31013e-08
 Reference value :  2.31813e-08
 Reference value :  2.32613e-08
 Reference value :  2.33613e-08
 Reference value :  2.34413e-08
 Reference value :  2.35213e-08
 Reference value :  2.36013e-08
 Reference value :  2.37013e-08
 Reference value :  2.37813e-08
 Reference value :  2.38413e-08
 Reference value :  2.39013e-08
 Reference value :  2.39613e-08
 Reference value :  2.40213e-08
 Reference value :  2.40813e-08
 Reference value :  2.41413e-08
 Reference value :  2.42013e-08
 Reference value :  2.42613e-08
 Reference value :  2.43213e-08
 Reference value :  2.43813e-08
 Reference value :  2.44413e-08
 Reference value :  2.45013e-08
 Reference value :  2.45613e-08
 Reference value :  2.46413e-08
 Reference value :  2.47213e-08
 Reference value :  2.48213e-08
 Reference value :  2.49013e-08
 Reference value :  2.49813e-08
 Reference value :  2.50413e-08
 Reference value :  2.51213e-08
 Reference value :  2.52013e-08
 Reference value :  2.52813e-08
 Reference value :  2.53613e-08
 Reference value :  2.54413e-08
 Reference value :  2.55213e-08
 Reference value :  2.56013e-08
 Reference value :  2.56813e-08
 Reference value :  2.57413e-08
 Reference value :  2.58013e-08
 Reference value :  2.58613e-08
 Reference value :  2.59136e-08
 Reference value :  2.59259e-08
 Reference value :  2.59262e-08
 Reference value :  2.59269e-08
 Reference value :  2.59295e-08
 Reference value :  2.59333e-08
 Reference value :  2.59376e-08
 Reference value :  2.59429e-08
 Reference value :  2.59516e-08
 Reference value :  2.59652e-08
 Reference value :  2.59682e-08
 Reference value :  2.59781e-08
 Reference value :  2.59816e-08
 Reference value :  2.59879e-08
 Reference value :  2.59944e-08
 Reference value :  2.60010e-08
 Reference value :  2.60038e-08
 Reference value :  2.60088e-08
 Reference value :  2.60171e-08
 Reference value :  2.60265e-08
 Reference value :  2.60334e-08
 Reference value :  2.60366e-08
 Reference value :  2.60465e-08
 Reference value :  2.60567e-08
 Reference value :  2.60674e-08
 Reference value :  2.60759e-08
 Reference value :  2.60760e-08
 Reference value :  2.60763e-08
 Reference value :  2.60791e-08
 Reference value :  2.60843e-08
 Reference value :  2.60909e-08
 Reference value :  2.60943e-08
 Reference value :  2.61013e-08
 Reference value :  2.61106e-08
 Reference value :  2.61220e-08
 Reference value :  2.61447e-08
 Reference value :  2.61742e-08
 Reference value :  2.62145e-08
 Reference value :  2.62523e-08
 Reference value :  2.62923e-08
 Reference value :  2.63523e-08
 Reference value :  2.64123e-08
 Reference value :  2.64923e-08
 Reference value :  2.65723e-08
 Reference value :  2.66523e-08
 Reference value :  2.67323e-08
 Reference value :  2.68123e-08
 Reference value :  2.68923e-08
 Reference value :  2.69723e-08
 Reference value :  2.70523e-08
 Reference value :  2.71323e-08
 Reference value :  2.72123e-08
 Reference value :  2.72923e-08
 Reference value :  2.73723e-08
 Reference value :  2.74523e-08
 Reference value :  2.75123e-08
 Reference value :  2.75723e-08
 Reference value :  2.76523e-08
 Reference value :  2.77323e-08
 Reference value :  2.78123e-08
 Reference value :  2.78923e-08
 Reference value :  2.79723e-08
 Reference value :  2.80523e-08
 Reference value :  2.81323e-08
 Reference value :  2.81923e-08
 Reference value :  2.82723e-08
 Reference value :  2.83523e-08
 Reference value :  2.84323e-08
 Reference value :  2.85123e-08
 Reference value :  2.85923e-08
 Reference value :  2.86723e-08
 Reference value :  2.87323e-08
 Reference value :  2.87923e-08
 Reference value :  2.88723e-08
 Reference value :  2.89323e-08
 Reference value :  2.89923e-08
 Reference value :  2.90523e-08
 Reference value :  2.91123e-08
 Reference value :  2.91923e-08
 Reference value :  2.92723e-08
 Reference value :  2.93523e-08
 Reference value :  2.94323e-08
 Reference value :  2.95123e-08
 Reference value :  2.95923e-08
 Reference value :  2.96297e-08
 Reference value :  2.96300e-08
 Reference value :  2.96310e-08
 Reference value :  2.96344e-08
 Reference value :  2.96388e-08
 Reference value :  2.96437e-08
 Reference value :  2.96459e-08
 Reference value :  2.96509e-08
 Reference value :  2.96568e-08
 Reference value :  2.96635e-08
 Reference value :  2.96667e-08
 Reference value :  2.96728e-08
 Reference value :  2.96792e-08
 Reference value :  2.96828e-08
 Reference value :  2.96859e-08
 Reference value :  2.96920e-08
 Reference value :  2.97018e-08
 Reference value :  2.97052e-08
 Reference value :  2.97100e-08
 Reference value :  2.97148e-08
 Reference value :  2.97200e-08
 Reference value :  2.97261e-08
 Reference value :  2.97330e-08
 Reference value :  2.97405e-08
 Reference value :  2.97470e-08
 Reference value :  2.97499e-08
 Reference value :  2.97556e-08
 Reference value :  2.97614e-08
 Reference value :  2.97714e-08
 Reference value :  2.97796e-08
 Reference value :  2.97797e-08
 Reference value :  2.97801e-08
 Reference value :  2.97814e-08
 Reference value :  2.97829e-08
 Reference value :  2.97881e-08
 Reference value :  2.97947e-08
 Reference value :  2.98036e-08
 Reference value :  2.98101e-08
 Reference value :  2.98167e-08
 Reference value :  2.98268e-08
 Reference value :  2.98297e-08
 Reference value :  2.98305e-08
 Reference value :  2.98352e-08
 Reference value :  2.98452e-08
 Reference value :  2.98589e-08
 Reference value :  2.98707e-08
 Reference value :  2.98838e-08
 Reference value :  2.98984e-08
 Reference value :  2.99164e-08
 Reference value :  2.99562e-08
 Reference value :  2.99918e-08
 Reference value :  3.00518e-08
 Reference value :  3.01118e-08
 Reference value :  3.01718e-08
 Reference value :  3.02118e-08
 Reference value :  3.02718e-08
 Reference value :  3.03518e-08
 Reference value :  3.04118e-08
 Reference value :  3.04918e-08
 Reference value :  3.05518e-08
 Reference value :  3.06118e-08
 Reference value :  3.06718e-08
 Reference value :  3.07318e-08
 Reference value :  3.07918e-08
 Reference value :  3.08518e-08
 Reference value :  3.09318e-08
 Reference value :  3.09918e-08
 Reference value :  3.10518e-08
 Reference value :  3.11118e-08
 Reference value :  3.11918e-08
 Reference value :  3.12518e-08
 Reference value :  3.13118e-08
 Reference value :  3.13918e-08
 Reference value :  3.14718e-08
 Reference value :  3.15518e-08
 Reference value :  3.16318e-08
 Reference value :  3.16918e-08
 Reference value :  3.17718e-08
 Reference value :  3.18518e-08
 Reference value :  3.19318e-08
 Reference value :  3.20118e-08
 Reference value :  3.20918e-08
 Reference value :  3.21718e-08
 Reference value :  3.22518e-08
 Reference value :  3.23118e-08
 Reference value :  3.23918e-08
 Reference value :  3.24718e-08
 Reference value :  3.25318e-08
 Reference value :  3.25918e-08
 Reference value :  3.26518e-08
 Reference value :  3.27118e-08
 Reference value :  3.27918e-08
 Reference value :  3.28518e-08
 Reference value :  3.29118e-08
 Reference value :  3.29918e-08
 Reference value :  3.30718e-08
 Reference value :  3.31518e-08
 Reference value :  3.32318e-08
 Reference value :  3.33118e-08
 Reference value :  3.33333e-08
 Reference value :  3.33335e-08
 Reference value :  3.33342e-08
 Reference value :  3.33367e-08
 Reference value :  3.33405e-08
 Reference value :  3.33471e-08
 Reference value :  3.33566e-08
 Reference value :  3.33711e-08
 Reference value :  3.33803e-08
 Reference value :  3.33904e-08
 Reference value :  3.34001e-08
 Reference value :  3.34058e-08
 Reference value :  3.34104e-08
 Reference value :  3.34178e-08
 Reference value :  3.34220e-08
 Reference value :  3.34262e-08
 Reference value :  3.34339e-08
 Reference value :  3.34402e-08
 Reference value :  3.34460e-08
 Reference value :  3.34546e-08
 Reference value :  3.34608e-08
 Reference value :  3.34709e-08
 Reference value :  3.34781e-08
 Reference value :  3.34833e-08
 Reference value :  3.34833e-08
 Reference value :  3.34838e-08
 Reference value :  3.34866e-08
 Reference value :  3.34919e-08
 Reference value :  3.34961e-08
 Reference value :  3.35038e-08
 Reference value :  3.35095e-08
 Reference value :  3.35156e-08
 Reference value :  3.35223e-08
 Reference value :  3.35294e-08
 Reference value :  3.35372e-08
 Reference value :  3.35513e-08
 Reference value :  3.35631e-08
 Reference value :  3.35778e-08
 Reference value :  3.35972e-08
 Reference value :  3.36237e-08
 Reference value :  3.36556e-08
 Reference value :  3.37135e-08
 Reference value :  3.37735e-08
 Reference value :  3.38335e-08
 Reference value :  3.38735e-08
 Reference value :  3.39335e-08
 Reference value :  3.40135e-08
 Reference value :  3.40935e-08
 Reference value :  3.41735e-08
 Reference value :  3.42535e-08
 Reference value :  3.43335e-08
 Reference value :  3.44135e-08
 Reference value :  3.44735e-08
 Reference value :  3.45535e-08
 Reference value :  3.46535e-08
 Reference value :  3.47335e-08
 Reference value :  3.48135e-08
 Reference value :  3.48935e-08
 Reference value :  3.49535e-08
 Reference value :  3.50335e-08
 Reference value :  3.50935e-08
 Reference value :  3.51535e-08
 Reference value :  3.52135e-08
 Reference value :  3.52935e-08
 Reference value :  3.53735e-08
 Reference value :  3.54535e-08
 Reference value :  3.55335e-08
 Reference value :  3.56135e-08
 Reference value :  3.57135e-08
 Reference value :  3.57935e-08
 Reference value :  3.58735e-08
 Reference value :  3.59535e-08
 Reference value :  3.60135e-08
 Reference value :  3.60735e-08
 Reference value :  3.61335e-08
 Reference value :  3.62135e-08
 Reference value :  3.62735e-08
 Reference value :  3.63535e-08
 Reference value :  3.64335e-08
 Reference value :  3.65135e-08
 Reference value :  3.65935e-08
 Reference value :  3.66735e-08
 Reference value :  3.67535e-08
 Reference value :  3.68135e-08
 Reference value :  3.68735e-08
 Reference value :  3.69335e-08
 Reference value :  3.69935e-08
 Reference value :  3.70370e-08
 Reference value :  3.70371e-08
 Reference value :  3.70375e-08
 Reference value :  3.70388e-08
 Reference value :  3.70405e-08
 Reference value :  3.70462e-08
 Reference value :  3.70509e-08
 Reference value :  3.70570e-08
 Reference value :  3.70645e-08
 Reference value :  3.70752e-08
 Reference value :  3.70813e-08
 Reference value :  3.70881e-08
 Reference value :  3.70951e-08
 Reference value :  3.71052e-08
 Reference value :  3.71108e-08
 Reference value :  3.71153e-08
 Reference value :  3.71203e-08
 Reference value :  3.71227e-08
 Reference value :  3.71266e-08
 Reference value :  3.71310e-08
 Reference value :  3.71393e-08
 Reference value :  3.71489e-08
 Reference value :  3.71547e-08
 Reference value :  3.71606e-08
 Reference value :  3.71669e-08
 Reference value :  3.71772e-08
 Reference value :  3.71840e-08
 Reference value :  3.71871e-08
 Reference value :  3.71873e-08
 Reference value :  3.71893e-08
 Reference value :  3.71907e-08
 Reference value :  3.71962e-08
 Reference value :  3.72004e-08
 Reference value :  3.72086e-08
 Reference value :  3.72172e-08
 Reference value :  3.72272e-08
 Reference value :  3.72382e-08
 Reference value :  3.72515e-08
 Reference value :  3.72625e-08
 Reference value :  3.72761e-08
 Reference value :  3.72936e-08
 Reference value :  3.73322e-08
 Reference value :  3.73836e-08
 Reference value :  3.74436e-08
 Reference value :  3.75036e-08
 Reference value :  3.75636e-08
 Reference value :  3.76036e-08
 Reference value :  3.76636e-08
 Reference value :  3.77236e-08
 Reference value :  3.77778e-08
 Reference value :  3.77784e-08
 Reference value :  3.77793e-08
 Reference value :  3.77877e-08
 Reference value :  3.78545e-08
 Reference value :  3.79345e-08
 Reference value :  3.79945e-08
 Reference value :  3.80745e-08
 Reference value :  3.81313e-08
 Reference value :  3.81484e-08
 Reference value :  3.81494e-08
 Reference value :  3.81513e-08
 Reference value :  3.81849e-08
 Reference value :  3.82649e-08
 Reference value :  3.83249e-08
 Reference value :  3.83849e-08
 Reference value :  3.84449e-08
 Reference value :  3.85049e-08
 Reference value :  3.85849e-08
 Reference value :  3.86649e-08
 Reference value :  3.87449e-08
 Reference value :  3.88249e-08
 Reference value :  3.89049e-08
 Reference value :  3.89849e-08
 Reference value :  3.90649e-08
 Reference value :  3.91249e-08
 Reference value :  3.91849e-08
 Reference value :  3.92449e-08
 Reference value :  3.93249e-08
 Reference value :  3.94049e-08
 Reference value :  3.95049e-08
 Reference value :  3.95849e-08
 Reference value :  3.96297e-08
 Reference value :  3.96306e-08
 Reference value :  3.96311e-08
 Reference value :  3.96350e-08
 Reference value :  3.96864e-08
 Reference value :  3.97664e-08
 Reference value :  3.98464e-08
 Reference value :  3.99064e-08
 Reference value :  3.99664e-08
 Reference value :  4.00264e-08
 Reference value :  4.00864e-08
 Reference value :  4.01664e-08
 Reference value :  4.02264e-08
 Reference value :  4.02864e-08
 Reference value :  4.03664e-08
 Reference value :  4.04264e-08
 Reference value :  4.05064e-08
 Reference value :  4.05864e-08
 Reference value :  4.06464e-08
 Reference value :  4.07236e-08
 Reference value :  4.07408e-08
 Reference value :  4.07409e-08
 Reference value :  4.07420e-08
 Reference value :  4.07450e-08
 Reference value :  4.07509e-08
 Reference value :  4.07589e-08
 Reference value :  4.07659e-08
 Reference value :  4.07767e-08
 Reference value :  4.07826e-08
 Reference value :  4.07889e-08
 Reference value :  4.07960e-08
 Reference value :  4.08022e-08
 Reference value :  4.08121e-08
 Reference value :  4.08168e-08
 Reference value :  4.08191e-08
 Reference value :  4.08242e-08
 Reference value :  4.08265e-08
 Reference value :  4.08305e-08
 Reference value :  4.08373e-08
 Reference value :  4.08432e-08
 Reference value :  4.08491e-08
 Reference value :  4.08549e-08
 Reference value :  4.08636e-08
 Reference value :  4.08732e-08
 Reference value :  4.08838e-08
 Reference value :  4.08907e-08
 Reference value :  4.08908e-08
 Reference value :  4.08911e-08
 Reference value :  4.08934e-08
 Reference value :  4.08968e-08
 Reference value :  4.09006e-08
 Reference value :  4.09050e-08
 Reference value :  4.09133e-08
 Reference value :  4.09191e-08
 Reference value :  4.09254e-08
 Reference value :  4.09358e-08
 Reference value :  4.09477e-08
 Reference value :  4.09572e-08
 Reference value :  4.09686e-08
 Reference value :  4.09915e-08
 Reference value :  4.10267e-08
 Reference value :  4.10579e-08
 Reference value :  4.10951e-08
 Reference value :  4.11551e-08
 Reference value :  4.11951e-08
 Reference value :  4.12351e-08
 Reference value :  4.12951e-08
 Reference value :  4.13751e-08
 Reference value :  4.14751e-08
 Reference value :  4.15751e-08
 Reference value :  4.16551e-08
 Reference value :  4.17151e-08
 Reference value :  4.17951e-08
 Reference value :  4.18519e-08
 Reference value :  4.18529e-08
 Reference value :  4.18539e-08
 Reference value :  4.18707e-08
 Reference value :  4.19486e-08
 Reference value :  4.20086e-08
 Reference value :  4.20886e-08
 Reference value :  4.21686e-08
 Reference value :  4.22486e-08
 Reference value :  4.23286e-08
 Reference value :  4.24086e-08
 Reference value :  4.24886e-08
 Reference value :  4.25486e-08
 Reference value :  4.26086e-08
 Reference value :  4.26686e-08
 Reference value :  4.27486e-08
 Reference value :  4.28286e-08
 Reference value :  4.29086e-08
 Reference value :  4.29686e-08
 Reference value :  4.30486e-08
 Reference value :  4.31286e-08
 Reference value :  4.32086e-08
 Reference value :  4.32886e-08
 Reference value :  4.33334e-08
 Reference value :  4.33343e-08
 Reference value :  4.33354e-08
 Reference value :  4.33522e-08
 Reference value :  4.34101e-08
 Reference value :  4.34901e-08
 Reference value :  4.35701e-08
 Reference value :  4.36301e-08
 Reference value :  4.36901e-08
 Reference value :  4.37701e-08
 Reference value :  4.38501e-08
 Reference value :  4.39301e-08
 Reference value :  4.39901e-08
 Reference value :  4.40701e-08
 Reference value :  4.41301e-08
 Reference value :  4.42101e-08
 Reference value :  4.42901e-08
 Reference value :  4.43501e-08
 Reference value :  4.44273e-08
 Reference value :  4.44445e-08
 Reference value :  4.44447e-08
 Reference value :  4.44457e-08
 Reference value :  4.44487e-08
 Reference value :  4.44525e-08
 Reference value :  4.44596e-08
 Reference value :  4.44696e-08
 Reference value :  4.44804e-08
 Reference value :  4.44863e-08
 Reference value :  4.44962e-08
 Reference value :  4.45026e-08
 Reference value :  4.45128e-08
 Reference value :  4.45183e-08
 Reference value :  4.45228e-08
 Reference value :  4.45302e-08
 Reference value :  4.45342e-08
 Reference value :  4.45410e-08
 Reference value :  4.45500e-08
 Reference value :  4.45528e-08
 Reference value :  4.45556e-08
 Reference value :  4.45614e-08
 Reference value :  4.45673e-08
 Reference value :  4.45736e-08
 Reference value :  4.45804e-08
 Reference value :  4.45910e-08
 Reference value :  4.45945e-08
 Reference value :  4.45948e-08
 Reference value :  4.45958e-08
 Reference value :  4.45989e-08
 Reference value :  4.46024e-08
 Reference value :  4.46087e-08
 Reference value :  4.46142e-08
 Reference value :  4.46198e-08
 Reference value :  4.46291e-08
 Reference value :  4.46359e-08
 Reference value :  4.46472e-08
 Reference value :  4.46560e-08
 Reference value :  4.46663e-08
 Reference value :  4.46865e-08
 Reference value :  4.47051e-08
 Reference value :  4.47304e-08
 Reference value :  4.47616e-08
 Reference value :  4.48188e-08
 Reference value :  4.48788e-08
 Reference value :  4.49388e-08
 Reference value :  4.49788e-08
 Reference value :  4.50388e-08
 Reference value :  4.50988e-08
 Reference value :  4.51588e-08
 Reference value :  4.52188e-08
 Reference value :  4.52988e-08
 Reference value :  4.53788e-08
 Reference value :  4.54588e-08
 Reference value :  4.55188e-08
 Reference value :  4.55557e-08
 Reference value :  4.55566e-08
 Reference value :  4.55587e-08
 Reference value :  4.55744e-08
 Reference value :  4.56323e-08
 Reference value :  4.56923e-08
 Reference value :  4.57723e-08
 Reference value :  4.58323e-08
 Reference value :  4.58923e-08
 Reference value :  4.59723e-08
 Reference value :  4.60523e-08
 Reference value :  4.61123e-08
 Reference value :  4.61923e-08
 Reference value :  4.62723e-08
 Reference value :  4.63523e-08
 Reference value :  4.64123e-08
 Reference value :  4.64723e-08
 Reference value :  4.65323e-08
 Reference value :  4.65923e-08
 Reference value :  4.66523e-08
 Reference value :  4.67323e-08
 Reference value :  4.68123e-08
 Reference value :  4.68923e-08
 Reference value :  4.69523e-08
 Reference value :  4.70123e-08
 Reference value :  4.70373e-08
 Reference value :  4.70382e-08
 Reference value :  4.70424e-08
 Reference value :  4.70738e-08
 Reference value :  4.71338e-08
 Reference value :  4.72138e-08
 Reference value :  4.72938e-08
 Reference value :  4.73738e-08
 Reference value :  4.74538e-08
 Reference value :  4.75338e-08
 Reference value :  4.75938e-08
 Reference value :  4.76538e-08
 Reference value :  4.77138e-08
 Reference value :  4.77738e-08
 Reference value :  4.78538e-08
 Reference value :  4.79138e-08
 Reference value :  4.79938e-08
 Reference value :  4.80738e-08
 Reference value :  4.81310e-08
 Reference value :  4.81482e-08
 Reference value :  4.81484e-08
 Reference value :  4.81507e-08
 Reference value :  4.81542e-08
 Reference value :  4.81607e-08
 Reference value :  4.81697e-08
 Reference value :  4.81733e-08
 Reference value :  4.81808e-08
 Reference value :  4.81841e-08
 Reference value :  4.81900e-08
 Reference value :  4.81963e-08
 Reference value :  4.81999e-08
 Reference value :  4.82063e-08
 Reference value :  4.82128e-08
 Reference value :  4.82195e-08
 Reference value :  4.82220e-08
 Reference value :  4.82265e-08
 Reference value :  4.82316e-08
 Reference value :  4.82339e-08
 Reference value :  4.82379e-08
 Reference value :  4.82447e-08
 Reference value :  4.82506e-08
 Reference value :  4.82537e-08
 Reference value :  4.82593e-08
 Reference value :  4.82681e-08
 Reference value :  4.82741e-08
 Reference value :  4.82841e-08
 Reference value :  4.82912e-08
 Reference value :  4.82982e-08
 Reference value :  4.82985e-08
 Reference value :  4.83008e-08
 Reference value :  4.83042e-08
 Reference value :  4.83102e-08
 Reference value :  4.83179e-08
 Reference value :  4.83235e-08
 Reference value :  4.83328e-08
 Reference value :  4.83432e-08
 Reference value :  4.83509e-08
 Reference value :  4.83646e-08
 Reference value :  4.83760e-08
 Reference value :  4.83989e-08
 Reference value :  4.84341e-08
 Reference value :  4.84653e-08
 Reference value :  4.85025e-08
 Reference value :  4.85425e-08
 Reference value :  4.85825e-08
 Reference value :  4.86425e-08
 Reference value :  4.87025e-08
 Reference value :  4.87825e-08
 Reference value :  4.88425e-08
 Reference value :  4.89225e-08
 Reference value :  4.90025e-08
 Reference value :  4.90825e-08
 Reference value :  4.91625e-08
 Reference value :  4.92593e-08
 Reference value :  4.92603e-08
 Reference value :  4.92607e-08
 Reference value :  4.92647e-08
 Reference value :  4.93160e-08
 Reference value :  4.93760e-08
 Reference value :  4.94360e-08
 Reference value :  4.95160e-08
 Reference value :  4.95760e-08
 Reference value :  4.96560e-08
 Reference value :  4.97360e-08
 Reference value :  4.97960e-08
 Reference value :  4.98560e-08
 Reference value :  4.99360e-08
 Reference value :  5.00160e-08
 Reference value :  5.00760e-08
 Reference value :  5.01360e-08
 Reference value :  5.01960e-08
 Reference value :  5.02760e-08
 Reference value :  5.03360e-08
 Reference value :  5.03960e-08
 Reference value :  5.04760e-08
 Reference value :  5.05560e-08
 Reference value :  5.06360e-08
 Reference value :  5.07160e-08
 Reference value :  5.07408e-08
 Reference value :  5.07418e-08
 Reference value :  5.07439e-08
 Reference value :  5.07775e-08
 Reference value :  5.08775e-08
 Reference value :  5.09775e-08
 Reference value :  5.10575e-08
 Reference value :  5.11175e-08
 Reference value :  5.11775e-08
 Reference value :  5.12575e-08
 Reference value :  5.13175e-08
 Reference value :  5.13775e-08
 Reference value :  5.14375e-08
 Reference value :  5.14975e-08
 Reference value :  5.15775e-08
 Reference value :  5.16375e-08
 Reference value :  5.16975e-08
 Reference value :  5.17775e-08
 Reference value :  5.18519e-08
 Reference value :  5.18519e-08
 Reference value :  5.18525e-08
 Reference value :  5.18561e-08
 Reference value :  5.18620e-08
 Reference value :  5.18734e-08
 Reference value :  5.18808e-08
 Reference value :  5.18878e-08
 Reference value :  5.18937e-08
 Reference value :  5.19000e-08
 Reference value :  5.19036e-08
 Reference value :  5.19100e-08
 Reference value :  5.19202e-08
 Reference value :  5.19232e-08
 Reference value :  5.19257e-08
 Reference value :  5.19280e-08
 Reference value :  5.19302e-08
 Reference value :  5.19376e-08
 Reference value :  5.19416e-08
 Reference value :  5.19484e-08
 Reference value :  5.19543e-08
 Reference value :  5.19603e-08
 Reference value :  5.19660e-08
 Reference value :  5.19718e-08
 Reference value :  5.19778e-08
 Reference value :  5.19878e-08
 Reference value :  5.19949e-08
 Reference value :  5.20019e-08
 Reference value :  5.20019e-08
 Reference value :  5.20025e-08
 Reference value :  5.20045e-08
 Reference value :  5.20098e-08
 Reference value :  5.20161e-08
 Reference value :  5.20245e-08
 Reference value :  5.20333e-08
 Reference value :  5.20433e-08
 Reference value :  5.20546e-08
 Reference value :  5.20634e-08
 Reference value :  5.20737e-08
 Reference value :  5.20939e-08
 Reference value :  5.21125e-08
 Reference value :  5.21378e-08
 Reference value :  5.21867e-08
 Reference value :  5.22462e-08
 Reference value :  5.23062e-08
 Reference value :  5.23462e-08
 Reference value :  5.24062e-08
 Reference value :  5.24862e-08
 Reference value :  5.25662e-08
 Reference value :  5.26462e-08
 Reference value :  5.27262e-08
 Reference value :  5.28062e-08
 Reference value :  5.28862e-08
 Reference value :  5.29630e-08
 Reference value :  5.29640e-08
 Reference value :  5.29661e-08
 Reference value :  5.29818e-08
 Reference value :  5.30597e-08
 Reference value :  5.31397e-08
 Reference value :  5.31997e-08
 Reference value :  5.32597e-08
 Reference value :  5.33197e-08
 Reference value :  5.33797e-08
 Reference value :  5.34397e-08
 Reference value :  5.34997e-08
 Reference value :  5.35597e-08
 Reference value :  5.36397e-08
 Reference value :  5.37197e-08
 Reference value :  5.37997e-08
 Reference value :  5.38797e-08
 Reference value :  5.39397e-08
 Reference value :  5.39997e-08
 Reference value :  5.40597e-08
 Reference value :  5.41397e-08
 Reference value :  5.41997e-08
 Reference value :  5.42797e-08
 Reference value :  5.43597e-08
 Reference value :  5.44197e-08
 Reference value :  5.44445e-08
 Reference value :  5.44455e-08
 Reference value :  5.44476e-08
 Reference value :  5.44633e-08
 Reference value :  5.45412e-08
 Reference value :  5.46212e-08
 Reference value :  5.46812e-08
 Reference value :  5.47412e-08
 Reference value :  5.48012e-08
 Reference value :  5.48612e-08
 Reference value :  5.49212e-08
 Reference value :  5.49812e-08
 Reference value :  5.50412e-08
 Reference value :  5.51212e-08
 Reference value :  5.51812e-08
 Reference value :  5.52412e-08
 Reference value :  5.53012e-08
 Reference value :  5.53612e-08
 Reference value :  5.54212e-08
 Reference value :  5.54812e-08
 Reference value :  5.55384e-08
 Reference value :  5.55556e-08
 Reference value :  5.55557e-08
 Reference value :  5.55568e-08
 Reference value :  5.55598e-08
 Reference value :  5.55636e-08
 Reference value :  5.55681e-08
 Reference value :  5.55737e-08
 Reference value :  5.55807e-08
 Reference value :  5.55915e-08
 Reference value :  5.55945e-08
 Reference value :  5.56006e-08
 Reference value :  5.56073e-08
 Reference value :  5.56108e-08
 Reference value :  5.56137e-08
 Reference value :  5.56239e-08
 Reference value :  5.56294e-08
 Reference value :  5.56339e-08
 Reference value :  5.56413e-08
 Reference value :  5.56453e-08
 Reference value :  5.56496e-08
 Reference value :  5.56580e-08
 Reference value :  5.56640e-08
 Reference value :  5.56667e-08
 Reference value :  5.56725e-08
 Reference value :  5.56816e-08
 Reference value :  5.56881e-08
 Reference value :  5.56950e-08
 Reference value :  5.57021e-08
 Reference value :  5.57056e-08
 Reference value :  5.57059e-08
 Reference value :  5.57069e-08
 Reference value :  5.57100e-08
 Reference value :  5.57135e-08
 Reference value :  5.57176e-08
 Reference value :  5.57225e-08
 Reference value :  5.57282e-08
 Reference value :  5.57339e-08
 Reference value :  5.57436e-08
 Reference value :  5.57506e-08
 Reference value :  5.57583e-08
 Reference value :  5.57720e-08
 Reference value :  5.57834e-08
 Reference value :  5.58063e-08
 Reference value :  5.58415e-08
 Reference value :  5.58904e-08
 Reference value :  5.59299e-08
 Reference value :  5.59699e-08
 Reference value :  5.60299e-08
 Reference value :  5.60899e-08
 Reference value :  5.61499e-08
 Reference value :  5.62299e-08
 Reference value :  5.63099e-08
 Reference value :  5.63699e-08
 Reference value :  5.64499e-08
 Reference value :  5.65299e-08
 Reference value :  5.65899e-08
 Reference value :  5.66668e-08
 Reference value :  5.66679e-08
 Reference value :  5.66721e-08
 Reference value :  5.67034e-08
 Reference value :  5.67834e-08
 Reference value :  5.68634e-08
 Reference value :  5.69234e-08
 Reference value :  5.69834e-08
 Reference value :  5.70434e-08
 Reference value :  5.71234e-08
 Reference value :  5.72034e-08
 Reference value :  5.72634e-08
 Reference value :  5.73234e-08
 Reference value :  5.73834e-08
 Reference value :  5.74634e-08
 Reference value :  5.75234e-08
 Reference value :  5.76034e-08
 Reference value :  5.76634e-08
 Reference value :  5.77234e-08
 Reference value :  5.77834e-08
 Reference value :  5.78434e-08
 Reference value :  5.79034e-08
 Reference value :  5.79634e-08
 Reference value :  5.80234e-08
 Reference value :  5.80834e-08
 Reference value :  5.81481e-08
 Reference value :  5.81488e-08
 Reference value :  5.81494e-08
 Reference value :  5.81513e-08
 Reference value :  5.81670e-08
 Reference value :  5.82249e-08
 Reference value :  5.82849e-08
 Reference value :  5.83649e-08
 Reference value :  5.84249e-08
 Reference value :  5.84849e-08
 Reference value :  5.85186e-08
 Reference value :  5.85195e-08
 Reference value :  5.85200e-08
 Reference value :  5.85239e-08
 Reference value :  5.85553e-08
 Reference value :  5.86553e-08
 Reference value :  5.87353e-08
 Reference value :  5.87953e-08
 Reference value :  5.88553e-08
 Reference value :  5.89353e-08
 Reference value :  5.90153e-08
 Reference value :  5.90953e-08
 Reference value :  5.91753e-08
 Reference value :  5.92473e-08
 Reference value :  5.92593e-08
 Reference value :  5.92595e-08
 Reference value :  5.92602e-08
 Reference value :  5.92627e-08
 Reference value :  5.92685e-08
 Reference value :  5.92761e-08
 Reference value :  5.92832e-08
 Reference value :  5.92944e-08
 Reference value :  5.92975e-08
 Reference value :  5.93036e-08
 Reference value :  5.93143e-08
 Reference value :  5.93207e-08
 Reference value :  5.93305e-08
 Reference value :  5.93330e-08
 Reference value :  5.93376e-08
 Reference value :  5.93426e-08
 Reference value :  5.93450e-08
 Reference value :  5.93470e-08
 Reference value :  5.93511e-08
 Reference value :  5.93557e-08
 Reference value :  5.93616e-08
 Reference value :  5.93648e-08
 Reference value :  5.93676e-08
 Reference value :  5.93704e-08
 Reference value :  5.93761e-08
 Reference value :  5.93821e-08
 Reference value :  5.93917e-08
 Reference value :  5.94022e-08
 Reference value :  5.94093e-08
 Reference value :  5.94099e-08
 Reference value :  5.94120e-08
 Reference value :  5.94154e-08
 Reference value :  5.94191e-08
 Reference value :  5.94236e-08
 Reference value :  5.94290e-08
 Reference value :  5.94377e-08
 Reference value :  5.94440e-08
 Reference value :  5.94508e-08
 Reference value :  5.94621e-08
 Reference value :  5.94709e-08
 Reference value :  5.94812e-08
 Reference value :  5.95015e-08
 Reference value :  5.95318e-08
 Reference value :  5.95605e-08
 Reference value :  5.95945e-08
 Reference value :  5.96540e-08
 Reference value :  5.97140e-08
 Reference value :  5.97540e-08
 Reference value :  5.98140e-08
 Reference value :  5.98940e-08
 Reference value :  5.99740e-08
 Reference value :  6.00340e-08
 Reference value :  6.01140e-08
 Reference value :  6.01740e-08
 Reference value :  6.02540e-08
 Reference value :  6.03140e-08
 Reference value :  6.03740e-08
 Reference value :  6.04340e-08
 Reference value :  6.04940e-08
 Reference value :  6.05740e-08
 Reference value :  6.06340e-08
 Reference value :  6.06940e-08
 Reference value :  6.07540e-08
 Reference value :  6.08340e-08
 Reference value :  6.08940e-08
 Reference value :  6.09540e-08
 Reference value :  6.10000e-08
No. of Data Rows : 4495
m_ui_ref            =  3.70370e-09 targ=  3.71120e-08 trig=  3.34083e-08
m_spa_in            =  1.48148e-08 targ=  4.82231e-08 trig=  3.34083e-08
m_spb_in            =  1.11111e-08 targ=  4.45194e-08 trig=  3.34083e-08
m_spa_c0            =  1.48148e-08 targ=  4.82798e-08 trig=  3.34649e-08
m_spb_c0            =  1.11111e-08 targ=  4.45761e-08 trig=  3.34649e-08
m_trise_c0          =  4.49696e-11 targ=  3.71935e-08 trig=  3.71485e-08
m_tfall_c0          =  4.49583e-11 targ=  4.08972e-08 trig=  4.08522e-08
m_spa_c1            =  1.48148e-08 targ=  4.83162e-08 trig=  3.35013e-08
m_spb_c1            =  1.11111e-08 targ=  4.46125e-08 trig=  3.35013e-08
m_trise_c1          =  1.22265e-10 targ=  3.72882e-08 trig=  3.71659e-08
m_tfall_c1          =  1.22065e-10 targ=  4.09917e-08 trig=  4.08697e-08
m_spa_mux           =  1.48148e-08 targ=  4.82732e-08 trig=  3.34584e-08
m_spb_mux           =  1.11111e-08 targ=  4.45695e-08 trig=  3.34584e-08
m_spa_c2            =  1.48148e-08 targ=  4.83491e-08 trig=  3.35342e-08
m_spb_c2            =  1.11111e-08 targ=  4.46454e-08 trig=  3.35342e-08
m_trise_c2          =  2.25628e-10 targ=  3.74004e-08 trig=  3.71747e-08
m_tfall_c2          =  2.25835e-10 targ=  4.11043e-08 trig=  4.08784e-08
m_spa_cmis          =  1.48148e-08 targ=  4.83293e-08 trig=  3.35144e-08
m_spb_cmis          =  1.11108e-08 targ=  4.46253e-08 trig=  3.35144e-08
m_dj_ui_c0 = 2.6999997840e-06
m_swing_c0 = 5.0600235064e-01
m_vpp_c0 = 5.3592108982e-01
m_vcm_c0 = 3.0470079045e+00
m_dj_ui_c1 = 8.0999993519e-06
m_swing_c1 = 5.0605772943e-01
m_vpp_c1 = 5.1857542206e-01
m_vcm_c1 = 3.0469817156e+00
m_dj_ui_mux = 2.6999997840e-06
m_dj_ui_drv_c1 = 5.3999995684e-06
m_dj_ui_c2 = 5.3999995684e-06
m_swing_c2 = 5.0601412905e-01
m_vpp_c2 = 5.1345590375e-01
m_vcm_c2 = 3.0469965289e+00
m_dj_ui_cmis = 8.3699993303e-05
m_swing_cmis = 5.0601602484e-01
m_swing_avcclo = 5.0572222879e-01
m_vcm_avcclo = 2.7171497901e+00
m_swing_avcchi = 5.0637104789e-01
m_vcm_avcchi = 3.3768248181e+00
m_vgs_sw_max = 1.4556391155e+00
m_vgd_sw_max = 1.8522121672e+00
m_vds_sw_max = 2.2747530922e+00
m_vgs_tail_max = 1.1374536274e+00
m_vds_tail_max = 1.4331762909e+00
m_vmux_dc = 9.9580918450e-01
m_swing_dc = 5.0498380213e-01
m_vcm_dc = 3.0475080922e+00
m_ioff_dc = 1.3395335507e-10
m_itail_dc = 1.0099676311e-02
m_icell_dc = 1.0599676311e-02
Note: Simulation executed from .control section 

