
Note: No compatibility mode selected!


Circuit: * cml-driver-eye-realmux @ tt_125c_3.63v_270mbps -- generated by sim/harness, do not edit

Doing analysis at TEMP = 125.000000 and TNOM = 27.000000

Using SPARSE 1.3 as Direct Linear Solver

Initial Transient Solution
--------------------------

Node                                   Voltage
----                                   -------
vdd                                       3.63
avcc                                       3.3
avcclo                                    2.97
avcchi                                    3.63
clkp                                     2.178
clkn                                     1.089
d0p                                     3.0855
d0n                                     1.9965
d1p                                     3.0855
d1n                                     1.9965
d0pz                                    3.0855
d0nz                                    1.9965
clkpz                                    2.178
clknz                                    1.089
ckref                                    1.089
win                                          0
winc                                         0
xmux_c0.top                              3.073
xmux_c0.xrc.11                         3.10098
xmux_c0.xrc.21                         3.60203
mp_c0                                  1.95007
xmux_c0.xrlp.11                        1.97796
xmux_c0.xrlp.21                        3.04511
mn_c0                                  3.06981
xmux_c0.xrln.11                        3.06989
xmux_c0.xrln.21                        3.07293
xmux_c0.ibias                           1.1502
xmux_c0.xrref.11                       1.16481
xmux_c0.xrref.21                       3.61538
xmux_c0.sa                             1.37948
xmux_c0.sb                             1.95006
xmux_c0.tail                          0.805849
outp_c0                                2.79204
xc0.tail                               1.50824
outn_c0                                3.29997
ib_c0                                  1.11872
vd_c0                                 0.507927
xmux_c1.top                              3.073
xmux_c1.xrc.11                         3.10098
xmux_c1.xrc.21                         3.60203
mp_c1                                  1.95007
xmux_c1.xrlp.11                        1.97796
xmux_c1.xrlp.21                        3.04511
mn_c1                                  3.06981
xmux_c1.xrln.11                        3.06989
xmux_c1.xrln.21                        3.07293
xmux_c1.ibias                           1.1502
xmux_c1.xrref.11                       1.16481
xmux_c1.xrref.21                       3.61538
xmux_c1.sa                             1.37948
xmux_c1.sb                             1.95006
xmux_c1.tail                          0.805849
outp_c1                                2.79204
xc1.tail                               1.50824
outn_c1                                3.29997
ib_c1                                  1.11872
vd_c1                                 0.507927
muxref                                 1.11975
xmux_c2.top                              3.073
xmux_c2.xrc.11                         3.10098
xmux_c2.xrc.21                         3.60203
mp_c2                                  1.95007
xmux_c2.xrlp.11                        1.97796
xmux_c2.xrlp.21                        3.04511
mn_c2                                  3.06981
xmux_c2.xrln.11                        3.06989
xmux_c2.xrln.21                        3.07293
xmux_c2.ibias                           1.1502
xmux_c2.xrref.11                       1.16481
xmux_c2.xrref.21                       3.61538
xmux_c2.sa                             1.37948
xmux_c2.sb                             1.95006
xmux_c2.tail                          0.805849
outp_c2                                2.79204
xc2.tail                               1.50824
outn_c2                                3.29997
ib_c2                                  1.11872
vd_c2                                 0.507927
xmux_cmis.top                            3.073
xmux_cmis.xrc.11                       3.10098
xmux_cmis.xrc.21                       3.60203
mp_cm                                  1.95007
xmux_cmis.xrlp.11                      1.97796
xmux_cmis.xrlp.21                      3.04511
mn_cm                                  3.06981
xmux_cmis.xrln.11                      3.06989
xmux_cmis.xrln.21                      3.07293
xmux_cmis.ibias                         1.1502
xmux_cmis.xrref.11                     1.16481
xmux_cmis.xrref.21                     3.61538
xmux_cmis.sa                           1.37948
xmux_cmis.sb                           1.95006
xmux_cmis.tail                        0.805849
outp_cmis                              2.79204
xcmis.tail                             1.50824
outn_cmis                              3.29997
ib_cmis                                1.11872
vd_cmis                               0.507927
xmux_vlo.top                             3.073
xmux_vlo.xrc.11                        3.10098
xmux_vlo.xrc.21                        3.60203
mp_vlo                                 1.95007
xmux_vlo.xrlp.11                       1.97796
xmux_vlo.xrlp.21                       3.04511
mn_vlo                                 3.06981
xmux_vlo.xrln.11                       3.06989
xmux_vlo.xrln.21                       3.07293
xmux_vlo.ibias                          1.1502
xmux_vlo.xrref.11                      1.16481
xmux_vlo.xrref.21                      3.61538
xmux_vlo.sa                            1.37948
xmux_vlo.sb                            1.95006
xmux_vlo.tail                         0.805849
outp_vlo                               2.46244
xvlo.tail                              1.48637
outn_vlo                               2.96996
ib_vlo                                 1.11872
xmux_vhi.top                             3.073
xmux_vhi.xrc.11                        3.10098
xmux_vhi.xrc.21                        3.60203
mp_vhi                                 1.95007
xmux_vhi.xrlp.11                       1.97796
xmux_vhi.xrlp.21                       3.04511
mn_vhi                                 3.06981
xmux_vhi.xrln.11                       3.06989
xmux_vhi.xrln.21                       3.07293
xmux_vhi.ibias                          1.1502
xmux_vhi.xrref.11                      1.16481
xmux_vhi.xrref.21                      3.61538
xmux_vhi.sa                            1.37948
xmux_vhi.sb                            1.95006
xmux_vhi.tail                         0.805849
outp_vhi                               3.12171
xvhi.tail                              1.52651
outn_vhi                               3.62997
ib_vhi                                 1.11872
xmux_z.top                               3.073
xmux_z.xrc.11                          3.10098
xmux_z.xrc.21                          3.60203
mp_z                                   1.95009
xmux_z.xrlp.11                         1.97798
xmux_z.xrlp.21                         3.04511
mn_z                                    3.0698
xmux_z.xrln.11                         3.06988
xmux_z.xrln.21                         3.07292
xmux_z.ibias                            1.1502
xmux_z.xrref.11                        1.16481
xmux_z.xrref.21                        3.61538
xmux_z.sa                              1.37949
xmux_z.sb                               2.5444
xmux_z.tail                           0.805853
outp_z                                 2.79204
xz.tail                                1.50823
vss_z                                        0
outn_z                                 3.29997
ib_z                                   1.11872
vmuxz                                  1.11971
emuxz#branch                                 0
ediff_cmis#branch                            0
ediff_c2#branch                              0
emuxref#branch                               0
ediff_c1#branch                              0
ediff_c0#branch                              0
eckref#branch                                0
vsens_z#branch                       0.0106599
vwinc#branch                                 0
vwin#branch                                  0
vclknz#branch                                0
vclkpz#branch                                0
vd0nz#branch                                 0
vd0pz#branch                                 0
vd1n#branch                                  0
vd1p#branch                                  0
vd0n#branch                                  0
vd0p#branch                                  0
vclkn#branch                                 0
vclkp#branch                                 0
vavcchi#branch                      -0.0101664
vavcclo#branch                       -0.010152
vavcc#branch                        -0.0507993
vvdd#branch                         -0.0794497

 Reference value :  0.00000e+00
 Reference value :  4.00000e-13
 Reference value :  3.20000e-12
 Reference value :  4.56000e-11
 Reference value :  1.25600e-10
 Reference value :  1.85600e-10
 Reference value :  2.65600e-10
 Reference value :  3.25600e-10
 Reference value :  3.85600e-10
 Reference value :  4.65600e-10
 Reference value :  5.25600e-10
 Reference value :  5.85600e-10
 Reference value :  6.45600e-10
 Reference value :  7.05600e-10
 Reference value :  7.65600e-10
 Reference value :  8.45600e-10
 Reference value :  9.05600e-10
 Reference value :  9.65600e-10
 Reference value :  1.02560e-09
 Reference value :  1.10560e-09
 Reference value :  1.18560e-09
 Reference value :  1.26560e-09
 Reference value :  1.34560e-09
 Reference value :  1.42560e-09
 Reference value :  1.50560e-09
 Reference value :  1.58560e-09
 Reference value :  1.66560e-09
 Reference value :  1.74560e-09
 Reference value :  1.82560e-09
 Reference value :  1.88560e-09
 Reference value :  1.94560e-09
 Reference value :  2.00560e-09
 Reference value :  2.06560e-09
 Reference value :  2.12560e-09
 Reference value :  2.18560e-09
 Reference value :  2.26560e-09
 Reference value :  2.32560e-09
 Reference value :  2.40560e-09
 Reference value :  2.46560e-09
 Reference value :  2.52560e-09
 Reference value :  2.58560e-09
 Reference value :  2.64560e-09
 Reference value :  2.70560e-09
 Reference value :  2.78560e-09
 Reference value :  2.84560e-09
 Reference value :  2.90560e-09
 Reference value :  2.96560e-09
 Reference value :  3.02560e-09
 Reference value :  3.08560e-09
 Reference value :  3.16560e-09
 Reference value :  3.22560e-09
 Reference value :  3.28560e-09
 Reference value :  3.34560e-09
 Reference value :  3.42560e-09
 Reference value :  3.50560e-09
 Reference value :  3.56560e-09
 Reference value :  3.62560e-09
 Reference value :  3.70370e-09
 Reference value :  3.70372e-09
 Reference value :  3.70402e-09
 Reference value :  3.70639e-09
 Reference value :  3.70836e-09
 Reference value :  3.71540e-09
 Reference value :  3.72521e-09
 Reference value :  3.73398e-09
 Reference value :  3.73785e-09
 Reference value :  3.74139e-09
 Reference value :  3.74939e-09
 Reference value :  3.76144e-09
 Reference value :  3.77309e-09
 Reference value :  3.78194e-09
 Reference value :  3.79698e-09
 Reference value :  3.81102e-09
 Reference value :  3.82019e-09
 Reference value :  3.83416e-09
 Reference value :  3.84758e-09
 Reference value :  3.85372e-09
 Reference value :  3.85394e-09
 Reference value :  3.85570e-09
 Reference value :  3.85934e-09
 Reference value :  3.86349e-09
 Reference value :  3.86820e-09
 Reference value :  3.87315e-09
 Reference value :  3.87512e-09
 Reference value :  3.88085e-09
 Reference value :  3.88854e-09
 Reference value :  3.90208e-09
 Reference value :  3.92090e-09
 Reference value :  3.93924e-09
 Reference value :  3.97981e-09
 Reference value :  4.03563e-09
 Reference value :  4.11563e-09
 Reference value :  4.19563e-09
 Reference value :  4.25563e-09
 Reference value :  4.31563e-09
 Reference value :  4.37563e-09
 Reference value :  4.43563e-09
 Reference value :  4.49563e-09
 Reference value :  4.57563e-09
 Reference value :  4.63563e-09
 Reference value :  4.69563e-09
 Reference value :  4.75563e-09
 Reference value :  4.81563e-09
 Reference value :  4.89563e-09
 Reference value :  4.95563e-09
 Reference value :  5.01563e-09
 Reference value :  5.07563e-09
 Reference value :  5.15563e-09
 Reference value :  5.21563e-09
 Reference value :  5.29563e-09
 Reference value :  5.35563e-09
 Reference value :  5.41563e-09
 Reference value :  5.49563e-09
 Reference value :  5.59563e-09
 Reference value :  5.65563e-09
 Reference value :  5.73563e-09
 Reference value :  5.81563e-09
 Reference value :  5.89563e-09
 Reference value :  5.95563e-09
 Reference value :  6.01563e-09
 Reference value :  6.11563e-09
 Reference value :  6.19563e-09
 Reference value :  6.27563e-09
 Reference value :  6.35563e-09
 Reference value :  6.45563e-09
 Reference value :  6.55563e-09
 Reference value :  6.63563e-09
 Reference value :  6.73563e-09
 Reference value :  6.81563e-09
 Reference value :  6.89563e-09
 Reference value :  6.99563e-09
 Reference value :  7.09563e-09
 Reference value :  7.17563e-09
 Reference value :  7.23563e-09
 Reference value :  7.31563e-09
 Reference value :  7.39152e-09
 Reference value :  7.40743e-09
 Reference value :  7.40769e-09
 Reference value :  7.40859e-09
 Reference value :  7.41168e-09
 Reference value :  7.41863e-09
 Reference value :  7.42821e-09
 Reference value :  7.44066e-09
 Reference value :  7.45218e-09
 Reference value :  7.46045e-09
 Reference value :  7.46826e-09
 Reference value :  7.47597e-09
 Reference value :  7.48925e-09
 Reference value :  7.49910e-09
 Reference value :  7.50367e-09
 Reference value :  7.51302e-09
 Reference value :  7.52218e-09
 Reference value :  7.53614e-09
 Reference value :  7.54552e-09
 Reference value :  7.55741e-09
 Reference value :  7.55743e-09
 Reference value :  7.55754e-09
 Reference value :  7.55861e-09
 Reference value :  7.56153e-09
 Reference value :  7.56773e-09
 Reference value :  7.57462e-09
 Reference value :  7.57917e-09
 Reference value :  7.58497e-09
 Reference value :  7.59269e-09
 Reference value :  7.60640e-09
 Reference value :  7.62546e-09
 Reference value :  7.64419e-09
 Reference value :  7.67052e-09
 Reference value :  7.70234e-09
 Reference value :  7.74182e-09
 Reference value :  7.80182e-09
 Reference value :  7.86182e-09
 Reference value :  7.94182e-09
 Reference value :  8.00182e-09
 Reference value :  8.08182e-09
 Reference value :  8.16182e-09
 Reference value :  8.22182e-09
 Reference value :  8.28182e-09
 Reference value :  8.34182e-09
 Reference value :  8.40182e-09
 Reference value :  8.50182e-09
 Reference value :  8.56182e-09
 Reference value :  8.62182e-09
 Reference value :  8.70182e-09
 Reference value :  8.76182e-09
 Reference value :  8.82182e-09
 Reference value :  8.90182e-09
 Reference value :  8.96182e-09
 Reference value :  9.04182e-09
 Reference value :  9.10182e-09
 Reference value :  9.18182e-09
 Reference value :  9.24182e-09
 Reference value :  9.30182e-09
 Reference value :  9.36182e-09
 Reference value :  9.42182e-09
 Reference value :  9.48182e-09
 Reference value :  9.54182e-09
 Reference value :  9.62182e-09
 Reference value :  9.68182e-09
 Reference value :  9.76182e-09
 Reference value :  9.84182e-09
 Reference value :  9.92182e-09
 Reference value :  1.00018e-08
 Reference value :  1.00618e-08
 Reference value :  1.01218e-08
 Reference value :  1.01818e-08
 Reference value :  1.02418e-08
 Reference value :  1.03018e-08
 Reference value :  1.03818e-08
 Reference value :  1.04618e-08
 Reference value :  1.05218e-08
 Reference value :  1.06018e-08
 Reference value :  1.06818e-08
 Reference value :  1.07418e-08
 Reference value :  1.08218e-08
 Reference value :  1.08818e-08
 Reference value :  1.09618e-08
 Reference value :  1.10218e-08
 Reference value :  1.10818e-08
 Reference value :  1.11111e-08
 Reference value :  1.11114e-08
 Reference value :  1.11122e-08
 Reference value :  1.11153e-08
 Reference value :  1.11221e-08
 Reference value :  1.11280e-08
 Reference value :  1.11403e-08
 Reference value :  1.11442e-08
 Reference value :  1.11522e-08
 Reference value :  1.11604e-08
 Reference value :  1.11685e-08
 Reference value :  1.11762e-08
 Reference value :  1.11842e-08
 Reference value :  1.11936e-08
 Reference value :  1.12035e-08
 Reference value :  1.12129e-08
 Reference value :  1.12220e-08
 Reference value :  1.12358e-08
 Reference value :  1.12499e-08
 Reference value :  1.12578e-08
 Reference value :  1.12611e-08
 Reference value :  1.12612e-08
 Reference value :  1.12616e-08
 Reference value :  1.12633e-08
 Reference value :  1.12650e-08
 Reference value :  1.12690e-08
 Reference value :  1.12758e-08
 Reference value :  1.12806e-08
 Reference value :  1.12826e-08
 Reference value :  1.12883e-08
 Reference value :  1.12960e-08
 Reference value :  1.13046e-08
 Reference value :  1.13213e-08
 Reference value :  1.13370e-08
 Reference value :  1.13587e-08
 Reference value :  1.13875e-08
 Reference value :  1.14234e-08
 Reference value :  1.14834e-08
 Reference value :  1.15634e-08
 Reference value :  1.16234e-08
 Reference value :  1.16834e-08
 Reference value :  1.17434e-08
 Reference value :  1.18034e-08
 Reference value :  1.18834e-08
 Reference value :  1.19434e-08
 Reference value :  1.20234e-08
 Reference value :  1.20834e-08
 Reference value :  1.21434e-08
 Reference value :  1.22034e-08
 Reference value :  1.22834e-08
 Reference value :  1.23634e-08
 Reference value :  1.24234e-08
 Reference value :  1.24834e-08
 Reference value :  1.25434e-08
 Reference value :  1.26034e-08
 Reference value :  1.26834e-08
 Reference value :  1.27434e-08
 Reference value :  1.28034e-08
 Reference value :  1.28634e-08
 Reference value :  1.29234e-08
 Reference value :  1.29834e-08
 Reference value :  1.30434e-08
 Reference value :  1.31234e-08
 Reference value :  1.32034e-08
 Reference value :  1.32634e-08
 Reference value :  1.33234e-08
 Reference value :  1.34034e-08
 Reference value :  1.34834e-08
 Reference value :  1.35434e-08
 Reference value :  1.36034e-08
 Reference value :  1.36834e-08
 Reference value :  1.37634e-08
 Reference value :  1.38434e-08
 Reference value :  1.39234e-08
 Reference value :  1.40034e-08
 Reference value :  1.40834e-08
 Reference value :  1.41434e-08
 Reference value :  1.42234e-08
 Reference value :  1.43034e-08
 Reference value :  1.44034e-08
 Reference value :  1.44634e-08
 Reference value :  1.45234e-08
 Reference value :  1.46234e-08
 Reference value :  1.47034e-08
 Reference value :  1.47634e-08
 Reference value :  1.48148e-08
 Reference value :  1.48151e-08
 Reference value :  1.48160e-08
 Reference value :  1.48191e-08
 Reference value :  1.48260e-08
 Reference value :  1.48356e-08
 Reference value :  1.48480e-08
 Reference value :  1.48596e-08
 Reference value :  1.48679e-08
 Reference value :  1.48795e-08
 Reference value :  1.48921e-08
 Reference value :  1.48967e-08
 Reference value :  1.49111e-08
 Reference value :  1.49205e-08
 Reference value :  1.49343e-08
 Reference value :  1.49482e-08
 Reference value :  1.49612e-08
 Reference value :  1.49648e-08
 Reference value :  1.49649e-08
 Reference value :  1.49660e-08
 Reference value :  1.49689e-08
 Reference value :  1.49751e-08
 Reference value :  1.49820e-08
 Reference value :  1.49865e-08
 Reference value :  1.49923e-08
 Reference value :  1.50042e-08
 Reference value :  1.50192e-08
 Reference value :  1.50328e-08
 Reference value :  1.50635e-08
 Reference value :  1.51095e-08
 Reference value :  1.51889e-08
 Reference value :  1.52889e-08
 Reference value :  1.53689e-08
 Reference value :  1.54489e-08
 Reference value :  1.55289e-08
 Reference value :  1.56089e-08
 Reference value :  1.56889e-08
 Reference value :  1.57689e-08
 Reference value :  1.58689e-08
 Reference value :  1.59689e-08
 Reference value :  1.60689e-08
 Reference value :  1.61889e-08
 Reference value :  1.62889e-08
 Reference value :  1.63689e-08
 Reference value :  1.64489e-08
 Reference value :  1.65289e-08
 Reference value :  1.65889e-08
 Reference value :  1.66689e-08
 Reference value :  1.67289e-08
 Reference value :  1.68089e-08
 Reference value :  1.68889e-08
 Reference value :  1.69689e-08
 Reference value :  1.70489e-08
 Reference value :  1.71089e-08
 Reference value :  1.71689e-08
 Reference value :  1.72689e-08
 Reference value :  1.73489e-08
 Reference value :  1.74689e-08
 Reference value :  1.75689e-08
 Reference value :  1.76689e-08
 Reference value :  1.77689e-08
 Reference value :  1.78289e-08
 Reference value :  1.78889e-08
 Reference value :  1.79689e-08
 Reference value :  1.80289e-08
 Reference value :  1.80889e-08
 Reference value :  1.81689e-08
 Reference value :  1.82289e-08
 Reference value :  1.82889e-08
 Reference value :  1.83689e-08
 Reference value :  1.84489e-08
 Reference value :  1.85185e-08
 Reference value :  1.85185e-08
 Reference value :  1.85188e-08
 Reference value :  1.85208e-08
 Reference value :  1.85248e-08
 Reference value :  1.85324e-08
 Reference value :  1.85431e-08
 Reference value :  1.85516e-08
 Reference value :  1.85639e-08
 Reference value :  1.85716e-08
 Reference value :  1.85872e-08
 Reference value :  1.86005e-08
 Reference value :  1.86149e-08
 Reference value :  1.86289e-08
 Reference value :  1.86427e-08
 Reference value :  1.86568e-08
 Reference value :  1.86685e-08
 Reference value :  1.86686e-08
 Reference value :  1.86726e-08
 Reference value :  1.86766e-08
 Reference value :  1.86835e-08
 Reference value :  1.86880e-08
 Reference value :  1.86960e-08
 Reference value :  1.87123e-08
 Reference value :  1.87228e-08
 Reference value :  1.87450e-08
 Reference value :  1.87812e-08
 Reference value :  1.88323e-08
 Reference value :  1.89323e-08
 Reference value :  1.90323e-08
 Reference value :  1.91123e-08
 Reference value :  1.91723e-08
 Reference value :  1.92523e-08
 Reference value :  1.93323e-08
 Reference value :  1.94323e-08
 Reference value :  1.95323e-08
 Reference value :  1.96123e-08
 Reference value :  1.97123e-08
 Reference value :  1.98123e-08
 Reference value :  1.99323e-08
 Reference value :  2.00323e-08
 Reference value :  2.01323e-08
 Reference value :  2.02323e-08
 Reference value :  2.03323e-08
 Reference value :  2.04323e-08
 Reference value :  2.04923e-08
 Reference value :  2.05523e-08
 Reference value :  2.06723e-08
 Reference value :  2.07723e-08
 Reference value :  2.08723e-08
 Reference value :  2.09723e-08
 Reference value :  2.10723e-08
 Reference value :  2.11723e-08
 Reference value :  2.12523e-08
 Reference value :  2.13523e-08
 Reference value :  2.14323e-08
 Reference value :  2.15123e-08
 Reference value :  2.15923e-08
 Reference value :  2.16523e-08
 Reference value :  2.17123e-08
 Reference value :  2.17923e-08
 Reference value :  2.18523e-08
 Reference value :  2.19323e-08
 Reference value :  2.20123e-08
 Reference value :  2.20923e-08
 Reference value :  2.21723e-08
 Reference value :  2.22222e-08
 Reference value :  2.22225e-08
 Reference value :  2.22264e-08
 Reference value :  2.22361e-08
 Reference value :  2.22515e-08
 Reference value :  2.22594e-08
 Reference value :  2.22715e-08
 Reference value :  2.22794e-08
 Reference value :  2.22909e-08
 Reference value :  2.23042e-08
 Reference value :  2.23186e-08
 Reference value :  2.23371e-08
 Reference value :  2.23556e-08
 Reference value :  2.23686e-08
 Reference value :  2.23722e-08
 Reference value :  2.23728e-08
 Reference value :  2.23763e-08
 Reference value :  2.23848e-08
 Reference value :  2.23917e-08
 Reference value :  2.23964e-08
 Reference value :  2.24035e-08
 Reference value :  2.24161e-08
 Reference value :  2.24329e-08
 Reference value :  2.24588e-08
 Reference value :  2.24998e-08
 Reference value :  2.25562e-08
 Reference value :  2.26562e-08
 Reference value :  2.27562e-08
 Reference value :  2.28362e-08
 Reference value :  2.29162e-08
 Reference value :  2.29962e-08
 Reference value :  2.30762e-08
 Reference value :  2.31562e-08
 Reference value :  2.32362e-08
 Reference value :  2.33162e-08
 Reference value :  2.33962e-08
 Reference value :  2.34962e-08
 Reference value :  2.35762e-08
 Reference value :  2.36562e-08
 Reference value :  2.37362e-08
 Reference value :  2.38362e-08
 Reference value :  2.39362e-08
 Reference value :  2.40162e-08
 Reference value :  2.40962e-08
 Reference value :  2.41762e-08
 Reference value :  2.42762e-08
 Reference value :  2.43562e-08
 Reference value :  2.44162e-08
 Reference value :  2.44762e-08
 Reference value :  2.45562e-08
 Reference value :  2.46362e-08
 Reference value :  2.47162e-08
 Reference value :  2.47962e-08
 Reference value :  2.48762e-08
 Reference value :  2.49562e-08
 Reference value :  2.50362e-08
 Reference value :  2.51162e-08
 Reference value :  2.52162e-08
 Reference value :  2.52962e-08
 Reference value :  2.53762e-08
 Reference value :  2.54362e-08
 Reference value :  2.55162e-08
 Reference value :  2.55762e-08
 Reference value :  2.56762e-08
 Reference value :  2.57562e-08
 Reference value :  2.58362e-08
 Reference value :  2.59111e-08
 Reference value :  2.59260e-08
 Reference value :  2.59265e-08
 Reference value :  2.59301e-08
 Reference value :  2.59370e-08
 Reference value :  2.59465e-08
 Reference value :  2.59590e-08
 Reference value :  2.59670e-08
 Reference value :  2.59790e-08
 Reference value :  2.59908e-08
 Reference value :  2.59987e-08
 Reference value :  2.60079e-08
 Reference value :  2.60177e-08
 Reference value :  2.60223e-08
 Reference value :  2.60363e-08
 Reference value :  2.60501e-08
 Reference value :  2.60642e-08
 Reference value :  2.60723e-08
 Reference value :  2.60759e-08
 Reference value :  2.60761e-08
 Reference value :  2.60765e-08
 Reference value :  2.60783e-08
 Reference value :  2.60820e-08
 Reference value :  2.60862e-08
 Reference value :  2.60931e-08
 Reference value :  2.60976e-08
 Reference value :  2.61034e-08
 Reference value :  2.61153e-08
 Reference value :  2.61303e-08
 Reference value :  2.61624e-08
 Reference value :  2.62035e-08
 Reference value :  2.62397e-08
 Reference value :  2.62997e-08
 Reference value :  2.63597e-08
 Reference value :  2.64197e-08
 Reference value :  2.64797e-08
 Reference value :  2.65597e-08
 Reference value :  2.66197e-08
 Reference value :  2.66797e-08
 Reference value :  2.67597e-08
 Reference value :  2.68597e-08
 Reference value :  2.69397e-08
 Reference value :  2.70397e-08
 Reference value :  2.71197e-08
 Reference value :  2.71997e-08
 Reference value :  2.72797e-08
 Reference value :  2.73797e-08
 Reference value :  2.74797e-08
 Reference value :  2.75597e-08
 Reference value :  2.76597e-08
 Reference value :  2.77597e-08
 Reference value :  2.78597e-08
 Reference value :  2.79597e-08
 Reference value :  2.80597e-08
 Reference value :  2.81597e-08
 Reference value :  2.82597e-08
 Reference value :  2.83397e-08
 Reference value :  2.84397e-08
 Reference value :  2.85397e-08
 Reference value :  2.86197e-08
 Reference value :  2.86997e-08
 Reference value :  2.87997e-08
 Reference value :  2.88997e-08
 Reference value :  2.89797e-08
 Reference value :  2.90597e-08
 Reference value :  2.91197e-08
 Reference value :  2.92197e-08
 Reference value :  2.92997e-08
 Reference value :  2.93997e-08
 Reference value :  2.94597e-08
 Reference value :  2.95397e-08
 Reference value :  2.96147e-08
 Reference value :  2.96296e-08
 Reference value :  2.96299e-08
 Reference value :  2.96342e-08
 Reference value :  2.96421e-08
 Reference value :  2.96491e-08
 Reference value :  2.96556e-08
 Reference value :  2.96630e-08
 Reference value :  2.96709e-08
 Reference value :  2.96826e-08
 Reference value :  2.96926e-08
 Reference value :  2.97045e-08
 Reference value :  2.97081e-08
 Reference value :  2.97157e-08
 Reference value :  2.97234e-08
 Reference value :  2.97363e-08
 Reference value :  2.97496e-08
 Reference value :  2.97635e-08
 Reference value :  2.97705e-08
 Reference value :  2.97768e-08
 Reference value :  2.97796e-08
 Reference value :  2.97799e-08
 Reference value :  2.97817e-08
 Reference value :  2.97854e-08
 Reference value :  2.97920e-08
 Reference value :  2.98000e-08
 Reference value :  2.98113e-08
 Reference value :  2.98241e-08
 Reference value :  2.98297e-08
 Reference value :  2.98312e-08
 Reference value :  2.98409e-08
 Reference value :  2.98560e-08
 Reference value :  2.98740e-08
 Reference value :  2.98986e-08
 Reference value :  2.99286e-08
 Reference value :  2.99717e-08
 Reference value :  3.00278e-08
 Reference value :  3.00878e-08
 Reference value :  3.01478e-08
 Reference value :  3.02078e-08
 Reference value :  3.02678e-08
 Reference value :  3.03278e-08
 Reference value :  3.04078e-08
 Reference value :  3.04878e-08
 Reference value :  3.05678e-08
 Reference value :  3.06478e-08
 Reference value :  3.07478e-08
 Reference value :  3.08278e-08
 Reference value :  3.09078e-08
 Reference value :  3.09878e-08
 Reference value :  3.10678e-08
 Reference value :  3.11478e-08
 Reference value :  3.12478e-08
 Reference value :  3.13278e-08
 Reference value :  3.14078e-08
 Reference value :  3.15078e-08
 Reference value :  3.16078e-08
 Reference value :  3.16878e-08
 Reference value :  3.17678e-08
 Reference value :  3.18478e-08
 Reference value :  3.19078e-08
 Reference value :  3.20078e-08
 Reference value :  3.20878e-08
 Reference value :  3.21678e-08
 Reference value :  3.22478e-08
 Reference value :  3.23478e-08
 Reference value :  3.24678e-08
 Reference value :  3.25678e-08
 Reference value :  3.26478e-08
 Reference value :  3.27278e-08
 Reference value :  3.28078e-08
 Reference value :  3.28678e-08
 Reference value :  3.29478e-08
 Reference value :  3.30078e-08
 Reference value :  3.30878e-08
 Reference value :  3.31478e-08
 Reference value :  3.32278e-08
 Reference value :  3.33206e-08
 Reference value :  3.33333e-08
 Reference value :  3.33335e-08
 Reference value :  3.33351e-08
 Reference value :  3.33390e-08
 Reference value :  3.33436e-08
 Reference value :  3.33529e-08
 Reference value :  3.33656e-08
 Reference value :  3.33783e-08
 Reference value :  3.33912e-08
 Reference value :  3.34027e-08
 Reference value :  3.34129e-08
 Reference value :  3.34191e-08
 Reference value :  3.34248e-08
 Reference value :  3.34345e-08
 Reference value :  3.34428e-08
 Reference value :  3.34504e-08
 Reference value :  3.34620e-08
 Reference value :  3.34738e-08
 Reference value :  3.34833e-08
 Reference value :  3.34835e-08
 Reference value :  3.34865e-08
 Reference value :  3.34950e-08
 Reference value :  3.35058e-08
 Reference value :  3.35211e-08
 Reference value :  3.35371e-08
 Reference value :  3.35565e-08
 Reference value :  3.35819e-08
 Reference value :  3.36193e-08
 Reference value :  3.36575e-08
 Reference value :  3.37072e-08
 Reference value :  3.37872e-08
 Reference value :  3.39272e-08
 Reference value :  3.41672e-08
 Reference value :  3.42472e-08
 Reference value :  3.43072e-08
 Reference value :  3.44072e-08
 Reference value :  3.45072e-08
 Reference value :  3.45872e-08
 Reference value :  3.46672e-08
 Reference value :  3.47472e-08
 Reference value :  3.48472e-08
 Reference value :  3.49272e-08
 Reference value :  3.50072e-08
 Reference value :  3.50872e-08
 Reference value :  3.51672e-08
 Reference value :  3.52672e-08
 Reference value :  3.53472e-08
 Reference value :  3.54072e-08
 Reference value :  3.55072e-08
 Reference value :  3.55872e-08
 Reference value :  3.56872e-08
 Reference value :  3.57472e-08
 Reference value :  3.58072e-08
 Reference value :  3.58872e-08
 Reference value :  3.59672e-08
 Reference value :  3.60272e-08
 Reference value :  3.61072e-08
 Reference value :  3.61672e-08
 Reference value :  3.62272e-08
 Reference value :  3.63072e-08
 Reference value :  3.64072e-08
 Reference value :  3.64872e-08
 Reference value :  3.65872e-08
 Reference value :  3.66672e-08
 Reference value :  3.67472e-08
 Reference value :  3.68472e-08
 Reference value :  3.69472e-08
 Reference value :  3.70221e-08
 Reference value :  3.70371e-08
 Reference value :  3.70373e-08
 Reference value :  3.70391e-08
 Reference value :  3.70456e-08
 Reference value :  3.70537e-08
 Reference value :  3.70660e-08
 Reference value :  3.70748e-08
 Reference value :  3.70872e-08
 Reference value :  3.71001e-08
 Reference value :  3.71104e-08
 Reference value :  3.71202e-08
 Reference value :  3.71258e-08
 Reference value :  3.71350e-08
 Reference value :  3.71468e-08
 Reference value :  3.71544e-08
 Reference value :  3.71621e-08
 Reference value :  3.71697e-08
 Reference value :  3.71818e-08
 Reference value :  3.71870e-08
 Reference value :  3.71871e-08
 Reference value :  3.71872e-08
 Reference value :  3.71901e-08
 Reference value :  3.71986e-08
 Reference value :  3.72093e-08
 Reference value :  3.72206e-08
 Reference value :  3.72324e-08
 Reference value :  3.72451e-08
 Reference value :  3.72599e-08
 Reference value :  3.72781e-08
 Reference value :  3.73018e-08
 Reference value :  3.73342e-08
 Reference value :  3.73604e-08
 Reference value :  3.73916e-08
 Reference value :  3.74298e-08
 Reference value :  3.74898e-08
 Reference value :  3.75298e-08
 Reference value :  3.75698e-08
 Reference value :  3.76298e-08
 Reference value :  3.77098e-08
 Reference value :  3.77638e-08
 Reference value :  3.77784e-08
 Reference value :  3.77798e-08
 Reference value :  3.78145e-08
 Reference value :  3.78945e-08
 Reference value :  3.79945e-08
 Reference value :  3.80745e-08
 Reference value :  3.81481e-08
 Reference value :  3.81488e-08
 Reference value :  3.81496e-08
 Reference value :  3.81580e-08
 Reference value :  3.82049e-08
 Reference value :  3.82649e-08
 Reference value :  3.83449e-08
 Reference value :  3.84249e-08
 Reference value :  3.85049e-08
 Reference value :  3.85849e-08
 Reference value :  3.86649e-08
 Reference value :  3.87249e-08
 Reference value :  3.88049e-08
 Reference value :  3.88849e-08
 Reference value :  3.89649e-08
 Reference value :  3.90449e-08
 Reference value :  3.91249e-08
 Reference value :  3.92249e-08
 Reference value :  3.93049e-08
 Reference value :  3.94049e-08
 Reference value :  3.94849e-08
 Reference value :  3.95849e-08
 Reference value :  3.96299e-08
 Reference value :  3.96311e-08
 Reference value :  3.96485e-08
 Reference value :  3.97464e-08
 Reference value :  3.98464e-08
 Reference value :  3.99464e-08
 Reference value :  4.00264e-08
 Reference value :  4.01264e-08
 Reference value :  4.02064e-08
 Reference value :  4.02664e-08
 Reference value :  4.03464e-08
 Reference value :  4.04064e-08
 Reference value :  4.04864e-08
 Reference value :  4.05664e-08
 Reference value :  4.06464e-08
 Reference value :  4.07407e-08
 Reference value :  4.07408e-08
 Reference value :  4.07413e-08
 Reference value :  4.07450e-08
 Reference value :  4.07518e-08
 Reference value :  4.07615e-08
 Reference value :  4.07745e-08
 Reference value :  4.07870e-08
 Reference value :  4.07956e-08
 Reference value :  4.08078e-08
 Reference value :  4.08177e-08
 Reference value :  4.08241e-08
 Reference value :  4.08296e-08
 Reference value :  4.08388e-08
 Reference value :  4.08465e-08
 Reference value :  4.08544e-08
 Reference value :  4.08622e-08
 Reference value :  4.08735e-08
 Reference value :  4.08856e-08
 Reference value :  4.08907e-08
 Reference value :  4.08908e-08
 Reference value :  4.08909e-08
 Reference value :  4.08923e-08
 Reference value :  4.08979e-08
 Reference value :  4.09047e-08
 Reference value :  4.09130e-08
 Reference value :  4.09243e-08
 Reference value :  4.09322e-08
 Reference value :  4.09443e-08
 Reference value :  4.09584e-08
 Reference value :  4.09752e-08
 Reference value :  4.09969e-08
 Reference value :  4.10261e-08
 Reference value :  4.10641e-08
 Reference value :  4.11135e-08
 Reference value :  4.11735e-08
 Reference value :  4.12335e-08
 Reference value :  4.12735e-08
 Reference value :  4.13335e-08
 Reference value :  4.14135e-08
 Reference value :  4.14735e-08
 Reference value :  4.15535e-08
 Reference value :  4.16135e-08
 Reference value :  4.16935e-08
 Reference value :  4.17735e-08
 Reference value :  4.18519e-08
 Reference value :  4.18529e-08
 Reference value :  4.18539e-08
 Reference value :  4.18707e-08
 Reference value :  4.19486e-08
 Reference value :  4.20286e-08
 Reference value :  4.21086e-08
 Reference value :  4.21686e-08
 Reference value :  4.22486e-08
 Reference value :  4.23086e-08
 Reference value :  4.23886e-08
 Reference value :  4.24686e-08
 Reference value :  4.25486e-08
 Reference value :  4.26286e-08
 Reference value :  4.27086e-08
 Reference value :  4.27886e-08
 Reference value :  4.28686e-08
 Reference value :  4.29686e-08
 Reference value :  4.30486e-08
 Reference value :  4.31486e-08
 Reference value :  4.32486e-08
 Reference value :  4.33333e-08
 Reference value :  4.33344e-08
 Reference value :  4.33387e-08
 Reference value :  4.34101e-08
 Reference value :  4.35101e-08
 Reference value :  4.35901e-08
 Reference value :  4.36901e-08
 Reference value :  4.37501e-08
 Reference value :  4.38101e-08
 Reference value :  4.38701e-08
 Reference value :  4.39501e-08
 Reference value :  4.40301e-08
 Reference value :  4.40901e-08
 Reference value :  4.41901e-08
 Reference value :  4.43101e-08
 Reference value :  4.44101e-08
 Reference value :  4.44445e-08
 Reference value :  4.44450e-08
 Reference value :  4.44487e-08
 Reference value :  4.44555e-08
 Reference value :  4.44652e-08
 Reference value :  4.44736e-08
 Reference value :  4.44867e-08
 Reference value :  4.44993e-08
 Reference value :  4.45115e-08
 Reference value :  4.45214e-08
 Reference value :  4.45278e-08
 Reference value :  4.45333e-08
 Reference value :  4.45425e-08
 Reference value :  4.45543e-08
 Reference value :  4.45619e-08
 Reference value :  4.45735e-08
 Reference value :  4.45852e-08
 Reference value :  4.45944e-08
 Reference value :  4.45945e-08
 Reference value :  4.45952e-08
 Reference value :  4.45995e-08
 Reference value :  4.46060e-08
 Reference value :  4.46109e-08
 Reference value :  4.46168e-08
 Reference value :  4.46280e-08
 Reference value :  4.46398e-08
 Reference value :  4.46525e-08
 Reference value :  4.46673e-08
 Reference value :  4.46789e-08
 Reference value :  4.47006e-08
 Reference value :  4.47190e-08
 Reference value :  4.47541e-08
 Reference value :  4.47990e-08
 Reference value :  4.48373e-08
 Reference value :  4.48973e-08
 Reference value :  4.49573e-08
 Reference value :  4.50173e-08
 Reference value :  4.50973e-08
 Reference value :  4.51773e-08
 Reference value :  4.52573e-08
 Reference value :  4.53373e-08
 Reference value :  4.54373e-08
 Reference value :  4.55173e-08
 Reference value :  4.55559e-08
 Reference value :  4.55568e-08
 Reference value :  4.55610e-08
 Reference value :  4.55923e-08
 Reference value :  4.56523e-08
 Reference value :  4.57123e-08
 Reference value :  4.57923e-08
 Reference value :  4.58723e-08
 Reference value :  4.59723e-08
 Reference value :  4.60523e-08
 Reference value :  4.61323e-08
 Reference value :  4.62323e-08
 Reference value :  4.63523e-08
 Reference value :  4.64523e-08
 Reference value :  4.65523e-08
 Reference value :  4.66523e-08
 Reference value :  4.67523e-08
 Reference value :  4.68723e-08
 Reference value :  4.69923e-08
 Reference value :  4.70371e-08
 Reference value :  4.70381e-08
 Reference value :  4.70424e-08
 Reference value :  4.71338e-08
 Reference value :  4.72338e-08
 Reference value :  4.73538e-08
 Reference value :  4.74538e-08
 Reference value :  4.75338e-08
 Reference value :  4.75938e-08
 Reference value :  4.76738e-08
 Reference value :  4.77338e-08
 Reference value :  4.78138e-08
 Reference value :  4.78938e-08
 Reference value :  4.79738e-08
 Reference value :  4.80538e-08
 Reference value :  4.81138e-08
 Reference value :  4.81482e-08
 Reference value :  4.81484e-08
 Reference value :  4.81505e-08
 Reference value :  4.81545e-08
 Reference value :  4.81652e-08
 Reference value :  4.81774e-08
 Reference value :  4.81904e-08
 Reference value :  4.82030e-08
 Reference value :  4.82152e-08
 Reference value :  4.82284e-08
 Reference value :  4.82343e-08
 Reference value :  4.82400e-08
 Reference value :  4.82462e-08
 Reference value :  4.82580e-08
 Reference value :  4.82656e-08
 Reference value :  4.82772e-08
 Reference value :  4.82849e-08
 Reference value :  4.82931e-08
 Reference value :  4.82982e-08
 Reference value :  4.82983e-08
 Reference value :  4.83012e-08
 Reference value :  4.83074e-08
 Reference value :  4.83146e-08
 Reference value :  4.83275e-08
 Reference value :  4.83396e-08
 Reference value :  4.83517e-08
 Reference value :  4.83710e-08
 Reference value :  4.83963e-08
 Reference value :  4.84227e-08
 Reference value :  4.84578e-08
 Reference value :  4.85027e-08
 Reference value :  4.85610e-08
 Reference value :  4.86210e-08
 Reference value :  4.86810e-08
 Reference value :  4.87410e-08
 Reference value :  4.88210e-08
 Reference value :  4.89010e-08
 Reference value :  4.89810e-08
 Reference value :  4.90810e-08
 Reference value :  4.91810e-08
 Reference value :  4.92594e-08
 Reference value :  4.92607e-08
 Reference value :  4.92647e-08
 Reference value :  4.93360e-08
 Reference value :  4.94160e-08
 Reference value :  4.95160e-08
 Reference value :  4.95960e-08
 Reference value :  4.96760e-08
 Reference value :  4.97560e-08
 Reference value :  4.98560e-08
 Reference value :  4.99360e-08
 Reference value :  4.99960e-08
 Reference value :  5.00760e-08
 Reference value :  5.01560e-08
 Reference value :  5.02360e-08
 Reference value :  5.03160e-08
 Reference value :  5.03960e-08
 Reference value :  5.04760e-08
 Reference value :  5.05760e-08
 Reference value :  5.06760e-08
 Reference value :  5.07408e-08
 Reference value :  5.07420e-08
 Reference value :  5.07506e-08
 Reference value :  5.08175e-08
 Reference value :  5.09175e-08
 Reference value :  5.10175e-08
 Reference value :  5.11175e-08
 Reference value :  5.11975e-08
 Reference value :  5.12775e-08
 Reference value :  5.13575e-08
 Reference value :  5.14375e-08
 Reference value :  5.15375e-08
 Reference value :  5.16175e-08
 Reference value :  5.17175e-08
 Reference value :  5.18175e-08
 Reference value :  5.18519e-08
 Reference value :  5.18524e-08
 Reference value :  5.18561e-08
 Reference value :  5.18629e-08
 Reference value :  5.18726e-08
 Reference value :  5.18856e-08
 Reference value :  5.18941e-08
 Reference value :  5.19067e-08
 Reference value :  5.19189e-08
 Reference value :  5.19255e-08
 Reference value :  5.19321e-08
 Reference value :  5.19380e-08
 Reference value :  5.19437e-08
 Reference value :  5.19535e-08
 Reference value :  5.19617e-08
 Reference value :  5.19693e-08
 Reference value :  5.19846e-08
 Reference value :  5.19993e-08
 Reference value :  5.20019e-08
 Reference value :  5.20026e-08
 Reference value :  5.20090e-08
 Reference value :  5.20184e-08
 Reference value :  5.20242e-08
 Reference value :  5.20354e-08
 Reference value :  5.20472e-08
 Reference value :  5.20645e-08
 Reference value :  5.20803e-08
 Reference value :  5.20929e-08
 Reference value :  5.21265e-08
 Reference value :  5.21491e-08
 Reference value :  5.21900e-08
 Reference value :  5.22447e-08
 Reference value :  5.22847e-08
 Reference value :  5.23247e-08
 Reference value :  5.23847e-08
 Reference value :  5.24447e-08
 Reference value :  5.25047e-08
 Reference value :  5.25847e-08
 Reference value :  5.26647e-08
 Reference value :  5.27447e-08
 Reference value :  5.28247e-08
 Reference value :  5.29047e-08
 Reference value :  5.29631e-08
 Reference value :  5.29640e-08
 Reference value :  5.29661e-08
 Reference value :  5.30197e-08
 Reference value :  5.30997e-08
 Reference value :  5.31797e-08
 Reference value :  5.32597e-08
 Reference value :  5.33397e-08
 Reference value :  5.34397e-08
 Reference value :  5.35197e-08
 Reference value :  5.35797e-08
 Reference value :  5.36397e-08
 Reference value :  5.36997e-08
 Reference value :  5.37797e-08
 Reference value :  5.38597e-08
 Reference value :  5.39397e-08
 Reference value :  5.39997e-08
 Reference value :  5.40997e-08
 Reference value :  5.41997e-08
 Reference value :  5.42997e-08
 Reference value :  5.43797e-08
 Reference value :  5.44321e-08
 Reference value :  5.44447e-08
 Reference value :  5.44457e-08
 Reference value :  5.44543e-08
 Reference value :  5.45412e-08
 Reference value :  5.46412e-08
 Reference value :  5.47012e-08
 Reference value :  5.47612e-08
 Reference value :  5.48212e-08
 Reference value :  5.48812e-08
 Reference value :  5.49412e-08
 Reference value :  5.50012e-08
 Reference value :  5.50812e-08
 Reference value :  5.51612e-08
 Reference value :  5.52212e-08
 Reference value :  5.53012e-08
 Reference value :  5.53812e-08
 Reference value :  5.54612e-08
 Reference value :  5.55384e-08
 Reference value :  5.55556e-08
 Reference value :  5.55561e-08
 Reference value :  5.55598e-08
 Reference value :  5.55666e-08
 Reference value :  5.55763e-08
 Reference value :  5.55893e-08
 Reference value :  5.56018e-08
 Reference value :  5.56148e-08
 Reference value :  5.56260e-08
 Reference value :  5.56358e-08
 Reference value :  5.56417e-08
 Reference value :  5.56474e-08
 Reference value :  5.56572e-08
 Reference value :  5.56693e-08
 Reference value :  5.56770e-08
 Reference value :  5.56883e-08
 Reference value :  5.57005e-08
 Reference value :  5.57056e-08
 Reference value :  5.57057e-08
 Reference value :  5.57071e-08
 Reference value :  5.57127e-08
 Reference value :  5.57171e-08
 Reference value :  5.57248e-08
 Reference value :  5.57311e-08
 Reference value :  5.57431e-08
 Reference value :  5.57509e-08
 Reference value :  5.57591e-08
 Reference value :  5.57682e-08
 Reference value :  5.57840e-08
 Reference value :  5.58037e-08
 Reference value :  5.58204e-08
 Reference value :  5.58409e-08
 Reference value :  5.58653e-08
 Reference value :  5.59101e-08
 Reference value :  5.59684e-08
 Reference value :  5.60284e-08
 Reference value :  5.61084e-08
 Reference value :  5.61884e-08
 Reference value :  5.62884e-08
 Reference value :  5.63684e-08
 Reference value :  5.64684e-08
 Reference value :  5.65684e-08
 Reference value :  5.66667e-08
 Reference value :  5.66677e-08
 Reference value :  5.66687e-08
 Reference value :  5.67034e-08
 Reference value :  5.67834e-08
 Reference value :  5.68634e-08
 Reference value :  5.69434e-08
 Reference value :  5.70234e-08
 Reference value :  5.70834e-08
 Reference value :  5.71634e-08
 Reference value :  5.72234e-08
 Reference value :  5.73034e-08
 Reference value :  5.73834e-08
 Reference value :  5.74834e-08
 Reference value :  5.75634e-08
 Reference value :  5.76234e-08
 Reference value :  5.76834e-08
 Reference value :  5.77434e-08
 Reference value :  5.78034e-08
 Reference value :  5.78634e-08
 Reference value :  5.79234e-08
 Reference value :  5.79834e-08
 Reference value :  5.80634e-08
 Reference value :  5.81234e-08
 Reference value :  5.81482e-08
 Reference value :  5.81492e-08
 Reference value :  5.81502e-08
 Reference value :  5.81670e-08
 Reference value :  5.82249e-08
 Reference value :  5.82849e-08
 Reference value :  5.83449e-08
 Reference value :  5.84249e-08
 Reference value :  5.85017e-08
 Reference value :  5.85192e-08
 Reference value :  5.85197e-08
 Reference value :  5.85239e-08
 Reference value :  5.85553e-08
 Reference value :  5.86353e-08
 Reference value :  5.87153e-08
 Reference value :  5.87953e-08
 Reference value :  5.88753e-08
 Reference value :  5.89553e-08
 Reference value :  5.90353e-08
 Reference value :  5.90953e-08
 Reference value :  5.91753e-08
 Reference value :  5.92473e-08
 Reference value :  5.92593e-08
 Reference value :  5.92595e-08
 Reference value :  5.92610e-08
 Reference value :  5.92670e-08
 Reference value :  5.92721e-08
 Reference value :  5.92785e-08
 Reference value :  5.92868e-08
 Reference value :  5.92957e-08
 Reference value :  5.93079e-08
 Reference value :  5.93206e-08
 Reference value :  5.93272e-08
 Reference value :  5.93338e-08
 Reference value :  5.93405e-08
 Reference value :  5.93462e-08
 Reference value :  5.93553e-08
 Reference value :  5.93667e-08
 Reference value :  5.93744e-08
 Reference value :  5.93820e-08
 Reference value :  5.93934e-08
 Reference value :  5.94015e-08
 Reference value :  5.94093e-08
 Reference value :  5.94093e-08
 Reference value :  5.94099e-08
 Reference value :  5.94136e-08
 Reference value :  5.94200e-08
 Reference value :  5.94276e-08
 Reference value :  5.94373e-08
 Reference value :  5.94533e-08
 Reference value :  5.94704e-08
 Reference value :  5.94858e-08
 Reference value :  5.95050e-08
 Reference value :  5.95410e-08
 Reference value :  5.95923e-08
 Reference value :  5.96455e-08
 Reference value :  5.97055e-08
 Reference value :  5.97455e-08
 Reference value :  5.98055e-08
 Reference value :  5.98655e-08
 Reference value :  5.99455e-08
 Reference value :  6.00055e-08
 Reference value :  6.00855e-08
 Reference value :  6.01655e-08
 Reference value :  6.02655e-08
 Reference value :  6.03455e-08
 Reference value :  6.04455e-08
 Reference value :  6.05255e-08
 Reference value :  6.06055e-08
 Reference value :  6.06855e-08
 Reference value :  6.07855e-08
 Reference value :  6.08855e-08
 Reference value :  6.09828e-08
No. of Data Rows : 4314
m_ui_ref            =  3.70370e-09 targ=  3.71120e-08 trig=  3.34083e-08
m_spa_in            =  1.48148e-08 targ=  4.82231e-08 trig=  3.34083e-08
m_spb_in            =  1.11111e-08 targ=  4.45194e-08 trig=  3.34083e-08
m_spa_c0            =  1.48148e-08 targ=  4.82912e-08 trig=  3.34764e-08
m_spb_c0            =  1.11111e-08 targ=  4.45875e-08 trig=  3.34764e-08
m_trise_c0          =  6.34335e-11 targ=  3.72148e-08 trig=  3.71514e-08
m_tfall_c0          =  6.34287e-11 targ=  4.09185e-08 trig=  4.08551e-08
m_spa_c1            =  1.48148e-08 targ=  4.83297e-08 trig=  3.35149e-08
m_spb_c1            =  1.11111e-08 targ=  4.46260e-08 trig=  3.35149e-08
m_trise_c1          =  1.27811e-10 targ=  3.72997e-08 trig=  3.71719e-08
m_tfall_c1          =  1.27812e-10 targ=  4.10034e-08 trig=  4.08756e-08
m_spa_mux           =  1.48148e-08 targ=  4.82834e-08 trig=  3.34686e-08
m_spb_mux           =  1.11111e-08 targ=  4.45797e-08 trig=  3.34686e-08
m_spa_c2            =  1.48148e-08 targ=  4.83622e-08 trig=  3.35473e-08
m_spb_c2            =  1.11111e-08 targ=  4.46585e-08 trig=  3.35473e-08
m_trise_c2          =  2.25893e-10 targ=  3.74085e-08 trig=  3.71826e-08
m_tfall_c2          =  2.25893e-10 targ=  4.11122e-08 trig=  4.08863e-08
m_spa_cmis          =  1.48148e-08 targ=  4.83432e-08 trig=  3.35283e-08
m_spb_cmis          =  1.11105e-08 targ=  4.46388e-08 trig=  3.35283e-08
m_dj_ui_c0 = 2.6999997840e-06
m_swing_c0 = 5.0887089739e-01
m_vpp_c0 = 5.3203989627e-01
m_vcm_c0 = 3.0455370654e+00
m_dj_ui_c1 = 2.6999997840e-06
m_swing_c1 = 5.0889576748e-01
m_vpp_c1 = 5.1488632206e-01
m_vcm_c1 = 3.0455254486e+00
m_dj_ui_mux = 2.6999997840e-06
m_dj_ui_drv_c1 = 0.0000000000e+00
m_dj_ui_c2 = 5.3999995675e-06
m_swing_c2 = 5.0882282173e-01
m_vpp_c2 = 5.1221572144e-01
m_vcm_c2 = 3.0455574392e+00
m_dj_ui_cmis = 1.6469998682e-04
m_swing_cmis = 5.0882025163e-01
m_swing_avcclo = 5.0844772894e-01
m_vcm_avcclo = 2.7157406173e+00
m_swing_avcchi = 5.0924212259e-01
m_vcm_avcchi = 3.3753567873e+00
m_vgs_sw_max = 1.5599883292e+00
m_vgd_sw_max = 1.6924454663e+00
m_vds_sw_max = 2.1181850893e+00
m_vgs_tail_max = 1.1222567766e+00
m_vds_tail_max = 1.5723315506e+00
m_vmux_dc = 1.1197079850e+00
m_swing_dc = 5.0792665740e-01
m_vcm_dc = 3.0460036239e+00
m_ioff_dc = 6.6094894682e-07
m_itail_dc = 1.0159855046e-02
m_icell_dc = 1.0659855046e-02
Note: Simulation executed from .control section 

