
Note: No compatibility mode selected!


Circuit: * cml-driver-eye-realmux @ tt_125c_2.97v_742p5mbps -- generated by sim/harness, do not edit

Doing analysis at TEMP = 125.000000 and TNOM = 27.000000

Using SPARSE 1.3 as Direct Linear Solver

Initial Transient Solution
--------------------------

Node                                   Voltage
----                                   -------
vdd                                       2.97
avcc                                       3.3
avcclo                                    2.97
avcchi                                    3.63
clkp                                     1.782
clkn                                     0.891
d0p                                     2.5245
d0n                                     1.6335
d1p                                     2.5245
d1n                                     1.6335
d0pz                                    2.5245
d0nz                                    1.6335
clkpz                                    1.782
clknz                                    0.891
ckref                                    0.891
win                                          0
winc                                         0
xmux_c0.top                             2.5525
xmux_c0.xrc.11                         2.57347
xmux_c0.xrc.21                         2.94903
mp_c0                                  1.71029
xmux_c0.xrlp.11                        1.73121
xmux_c0.xrlp.21                        2.53158
mn_c0                                  2.55063
xmux_c0.xrln.11                        2.55068
xmux_c0.xrln.21                        2.55246
xmux_c0.ibias                          1.06887
xmux_c0.xrref.11                       1.08007
xmux_c0.xrref.21                       2.95879
xmux_c0.sa                             1.07075
xmux_c0.sb                             1.70991
xmux_c0.tail                          0.562754
outp_c0                                2.80587
xc0.tail                               1.07976
outn_c0                                3.29508
ib_c0                                  1.11872
vd_c0                                  0.48921
xmux_c1.top                             2.5525
xmux_c1.xrc.11                         2.57347
xmux_c1.xrc.21                         2.94903
mp_c1                                  1.71029
xmux_c1.xrlp.11                        1.73121
xmux_c1.xrlp.21                        2.53158
mn_c1                                  2.55063
xmux_c1.xrln.11                        2.55068
xmux_c1.xrln.21                        2.55246
xmux_c1.ibias                          1.06887
xmux_c1.xrref.11                       1.08007
xmux_c1.xrref.21                       2.95879
xmux_c1.sa                             1.07075
xmux_c1.sb                             1.70991
xmux_c1.tail                          0.562754
outp_c1                                2.80587
xc1.tail                               1.07976
outn_c1                                3.29508
ib_c1                                  1.11872
vd_c1                                  0.48921
muxref                                0.840344
xmux_c2.top                             2.5525
xmux_c2.xrc.11                         2.57347
xmux_c2.xrc.21                         2.94903
mp_c2                                  1.71029
xmux_c2.xrlp.11                        1.73121
xmux_c2.xrlp.21                        2.53158
mn_c2                                  2.55063
xmux_c2.xrln.11                        2.55068
xmux_c2.xrln.21                        2.55246
xmux_c2.ibias                          1.06887
xmux_c2.xrref.11                       1.08007
xmux_c2.xrref.21                       2.95879
xmux_c2.sa                             1.07075
xmux_c2.sb                             1.70991
xmux_c2.tail                          0.562754
outp_c2                                2.80587
xc2.tail                               1.07976
outn_c2                                3.29508
ib_c2                                  1.11872
vd_c2                                  0.48921
xmux_cmis.top                           2.5525
xmux_cmis.xrc.11                       2.57347
xmux_cmis.xrc.21                       2.94903
mp_cm                                  1.71029
xmux_cmis.xrlp.11                      1.73121
xmux_cmis.xrlp.21                      2.53158
mn_cm                                  2.55063
xmux_cmis.xrln.11                      2.55068
xmux_cmis.xrln.21                      2.55246
xmux_cmis.ibias                        1.06887
xmux_cmis.xrref.11                     1.08007
xmux_cmis.xrref.21                     2.95879
xmux_cmis.sa                           1.07075
xmux_cmis.sb                           1.70991
xmux_cmis.tail                        0.562754
outp_cmis                              2.80587
xcmis.tail                             1.07976
outn_cmis                              3.29508
ib_cmis                                1.11872
vd_cmis                                0.48921
xmux_vlo.top                            2.5525
xmux_vlo.xrc.11                        2.57347
xmux_vlo.xrc.21                        2.94903
mp_vlo                                 1.71029
xmux_vlo.xrlp.11                       1.73121
xmux_vlo.xrlp.21                       2.53158
mn_vlo                                 2.55063
xmux_vlo.xrln.11                       2.55068
xmux_vlo.xrln.21                       2.55246
xmux_vlo.ibias                         1.06887
xmux_vlo.xrref.11                      1.08007
xmux_vlo.xrref.21                      2.95879
xmux_vlo.sa                            1.07075
xmux_vlo.sb                            1.70991
xmux_vlo.tail                         0.562754
outp_vlo                               2.47663
xvlo.tail                              1.06416
outn_vlo                               2.96472
ib_vlo                                 1.11872
xmux_vhi.top                            2.5525
xmux_vhi.xrc.11                        2.57347
xmux_vhi.xrc.21                        2.94903
mp_vhi                                 1.71029
xmux_vhi.xrlp.11                       1.73121
xmux_vhi.xrlp.21                       2.53158
mn_vhi                                 2.55063
xmux_vhi.xrln.11                       2.55068
xmux_vhi.xrln.21                       2.55246
xmux_vhi.ibias                         1.06887
xmux_vhi.xrref.11                      1.08007
xmux_vhi.xrref.21                      2.95879
xmux_vhi.sa                            1.07075
xmux_vhi.sb                            1.70991
xmux_vhi.tail                         0.562754
outp_vhi                               3.13523
xvhi.tail                              1.09446
outn_vhi                               3.62534
ib_vhi                                 1.11872
xmux_z.top                              2.5525
xmux_z.xrc.11                          2.57347
xmux_z.xrc.21                          2.94903
mp_z                                   1.71038
xmux_z.xrlp.11                         1.73129
xmux_z.xrlp.21                         2.53159
mn_z                                   2.55054
xmux_z.xrln.11                         2.55059
xmux_z.xrln.21                         2.55245
xmux_z.ibias                           1.06887
xmux_z.xrref.11                        1.08007
xmux_z.xrref.21                        2.95879
xmux_z.sa                              1.07077
xmux_z.sb                              1.96803
xmux_z.tail                           0.562763
outp_z                                 2.80589
xz.tail                                 1.0797
vss_z                                        0
outn_z                                 3.29507
ib_z                                   1.11872
vmuxz                                  0.84016
emuxz#branch                                 0
ediff_cmis#branch                            0
ediff_c2#branch                              0
emuxref#branch                               0
ediff_c1#branch                              0
ediff_c0#branch                              0
eckref#branch                                0
vsens_z#branch                       0.0104809
vwinc#branch                                 0
vwin#branch                                  0
vclknz#branch                                0
vclkpz#branch                                0
vd0nz#branch                                 0
vd0pz#branch                                 0
vd1n#branch                                  0
vd1p#branch                                  0
vd0n#branch                                  0
vd0p#branch                                  0
vclkn#branch                                 0
vclkp#branch                                 0
vavcchi#branch                     -0.00998848
vavcclo#branch                     -0.00997297
vavcc#branch                        -0.0499046
vvdd#branch                         -0.0596177

 Reference value :  0.00000e+00
 Reference value :  8.00000e-13
 Reference value :  6.40000e-12
 Reference value :  4.56000e-11
 Reference value :  1.25600e-10
 Reference value :  2.05600e-10
 Reference value :  2.85600e-10
 Reference value :  3.45600e-10
 Reference value :  4.05600e-10
 Reference value :  4.65600e-10
 Reference value :  5.45600e-10
 Reference value :  6.05600e-10
 Reference value :  6.65600e-10
 Reference value :  7.45600e-10
 Reference value :  8.25600e-10
 Reference value :  8.85600e-10
 Reference value :  9.45600e-10
 Reference value :  1.00560e-09
 Reference value :  1.08560e-09
 Reference value :  1.16560e-09
 Reference value :  1.22560e-09
 Reference value :  1.30560e-09
 Reference value :  1.34682e-09
 Reference value :  1.34702e-09
 Reference value :  1.34772e-09
 Reference value :  1.35051e-09
 Reference value :  1.35449e-09
 Reference value :  1.35968e-09
 Reference value :  1.36949e-09
 Reference value :  1.37864e-09
 Reference value :  1.38619e-09
 Reference value :  1.39560e-09
 Reference value :  1.40287e-09
 Reference value :  1.41551e-09
 Reference value :  1.41947e-09
 Reference value :  1.42680e-09
 Reference value :  1.43038e-09
 Reference value :  1.44188e-09
 Reference value :  1.44984e-09
 Reference value :  1.45812e-09
 Reference value :  1.46728e-09
 Reference value :  1.48210e-09
 Reference value :  1.49397e-09
 Reference value :  1.49682e-09
 Reference value :  1.49723e-09
 Reference value :  1.50034e-09
 Reference value :  1.50654e-09
 Reference value :  1.51120e-09
 Reference value :  1.51650e-09
 Reference value :  1.52267e-09
 Reference value :  1.53424e-09
 Reference value :  1.54772e-09
 Reference value :  1.55804e-09
 Reference value :  1.57021e-09
 Reference value :  1.59357e-09
 Reference value :  1.61425e-09
 Reference value :  1.66086e-09
 Reference value :  1.72086e-09
 Reference value :  1.78086e-09
 Reference value :  1.84086e-09
 Reference value :  1.90086e-09
 Reference value :  1.96086e-09
 Reference value :  2.02086e-09
 Reference value :  2.08086e-09
 Reference value :  2.16086e-09
 Reference value :  2.22086e-09
 Reference value :  2.28086e-09
 Reference value :  2.34086e-09
 Reference value :  2.42086e-09
 Reference value :  2.50086e-09
 Reference value :  2.56086e-09
 Reference value :  2.66086e-09
 Reference value :  2.69362e-09
 Reference value :  2.69426e-09
 Reference value :  2.69797e-09
 Reference value :  2.70461e-09
 Reference value :  2.71396e-09
 Reference value :  2.72226e-09
 Reference value :  2.73648e-09
 Reference value :  2.74301e-09
 Reference value :  2.74652e-09
 Reference value :  2.75406e-09
 Reference value :  2.76342e-09
 Reference value :  2.76737e-09
 Reference value :  2.77464e-09
 Reference value :  2.78614e-09
 Reference value :  2.79806e-09
 Reference value :  2.81107e-09
 Reference value :  2.82592e-09
 Reference value :  2.83517e-09
 Reference value :  2.84360e-09
 Reference value :  2.84363e-09
 Reference value :  2.84396e-09
 Reference value :  2.84660e-09
 Reference value :  2.85060e-09
 Reference value :  2.85729e-09
 Reference value :  2.86536e-09
 Reference value :  2.87574e-09
 Reference value :  2.88866e-09
 Reference value :  2.90339e-09
 Reference value :  2.92214e-09
 Reference value :  2.94751e-09
 Reference value :  2.98499e-09
 Reference value :  3.02268e-09
 Reference value :  3.06268e-09
 Reference value :  3.10268e-09
 Reference value :  3.14268e-09
 Reference value :  3.18268e-09
 Reference value :  3.24268e-09
 Reference value :  3.30268e-09
 Reference value :  3.36268e-09
 Reference value :  3.42268e-09
 Reference value :  3.48268e-09
 Reference value :  3.54268e-09
 Reference value :  3.62268e-09
 Reference value :  3.70268e-09
 Reference value :  3.76268e-09
 Reference value :  3.82268e-09
 Reference value :  3.88268e-09
 Reference value :  3.94268e-09
 Reference value :  4.00268e-09
 Reference value :  4.04043e-09
 Reference value :  4.04077e-09
 Reference value :  4.04347e-09
 Reference value :  4.05012e-09
 Reference value :  4.05879e-09
 Reference value :  4.07133e-09
 Reference value :  4.07900e-09
 Reference value :  4.08553e-09
 Reference value :  4.09277e-09
 Reference value :  4.10498e-09
 Reference value :  4.10922e-09
 Reference value :  4.11690e-09
 Reference value :  4.12050e-09
 Reference value :  4.12410e-09
 Reference value :  4.13163e-09
 Reference value :  4.14363e-09
 Reference value :  4.15192e-09
 Reference value :  4.16618e-09
 Reference value :  4.18058e-09
 Reference value :  4.18771e-09
 Reference value :  4.19042e-09
 Reference value :  4.19061e-09
 Reference value :  4.19214e-09
 Reference value :  4.19584e-09
 Reference value :  4.20009e-09
 Reference value :  4.20474e-09
 Reference value :  4.21003e-09
 Reference value :  4.21985e-09
 Reference value :  4.22773e-09
 Reference value :  4.23649e-09
 Reference value :  4.25151e-09
 Reference value :  4.26367e-09
 Reference value :  4.28702e-09
 Reference value :  4.30768e-09
 Reference value :  4.33566e-09
 Reference value :  4.39429e-09
 Reference value :  4.45429e-09
 Reference value :  4.51429e-09
 Reference value :  4.55429e-09
 Reference value :  4.59429e-09
 Reference value :  4.65429e-09
 Reference value :  4.71429e-09
 Reference value :  4.79429e-09
 Reference value :  4.87429e-09
 Reference value :  4.95429e-09
 Reference value :  5.01429e-09
 Reference value :  5.07429e-09
 Reference value :  5.15429e-09
 Reference value :  5.23429e-09
 Reference value :  5.31429e-09
 Reference value :  5.37075e-09
 Reference value :  5.38723e-09
 Reference value :  5.38753e-09
 Reference value :  5.38991e-09
 Reference value :  5.39318e-09
 Reference value :  5.39801e-09
 Reference value :  5.40379e-09
 Reference value :  5.41093e-09
 Reference value :  5.42050e-09
 Reference value :  5.42941e-09
 Reference value :  5.43231e-09
 Reference value :  5.43926e-09
 Reference value :  5.44672e-09
 Reference value :  5.45559e-09
 Reference value :  5.46333e-09
 Reference value :  5.46694e-09
 Reference value :  5.47437e-09
 Reference value :  5.48205e-09
 Reference value :  5.49003e-09
 Reference value :  5.50272e-09
 Reference value :  5.51245e-09
 Reference value :  5.52231e-09
 Reference value :  5.53138e-09
 Reference value :  5.53721e-09
 Reference value :  5.53722e-09
 Reference value :  5.53742e-09
 Reference value :  5.53812e-09
 Reference value :  5.54281e-09
 Reference value :  5.54947e-09
 Reference value :  5.55709e-09
 Reference value :  5.56702e-09
 Reference value :  5.57490e-09
 Reference value :  5.58369e-09
 Reference value :  5.59881e-09
 Reference value :  5.61106e-09
 Reference value :  5.62602e-09
 Reference value :  5.65553e-09
 Reference value :  5.68394e-09
 Reference value :  5.74295e-09
 Reference value :  5.78295e-09
 Reference value :  5.82295e-09
 Reference value :  5.86295e-09
 Reference value :  5.90295e-09
 Reference value :  5.96295e-09
 Reference value :  6.02295e-09
 Reference value :  6.10295e-09
 Reference value :  6.18295e-09
 Reference value :  6.24295e-09
 Reference value :  6.30295e-09
 Reference value :  6.38295e-09
 Reference value :  6.44295e-09
 Reference value :  6.50295e-09
 Reference value :  6.56295e-09
 Reference value :  6.64295e-09
 Reference value :  6.71848e-09
 Reference value :  6.73403e-09
 Reference value :  6.73431e-09
 Reference value :  6.73528e-09
 Reference value :  6.73803e-09
 Reference value :  6.74195e-09
 Reference value :  6.74723e-09
 Reference value :  6.75350e-09
 Reference value :  6.76151e-09
 Reference value :  6.77129e-09
 Reference value :  6.77467e-09
 Reference value :  6.77757e-09
 Reference value :  6.78411e-09
 Reference value :  6.79133e-09
 Reference value :  6.80052e-09
 Reference value :  6.80506e-09
 Reference value :  6.81264e-09
 Reference value :  6.82010e-09
 Reference value :  6.82770e-09
 Reference value :  6.83969e-09
 Reference value :  6.85286e-09
 Reference value :  6.86249e-09
 Reference value :  6.87182e-09
 Reference value :  6.88401e-09
 Reference value :  6.88407e-09
 Reference value :  6.88467e-09
 Reference value :  6.88848e-09
 Reference value :  6.89268e-09
 Reference value :  6.89973e-09
 Reference value :  6.90828e-09
 Reference value :  6.91538e-09
 Reference value :  6.92387e-09
 Reference value :  6.93278e-09
 Reference value :  6.94278e-09
 Reference value :  6.95448e-09
 Reference value :  6.96864e-09
 Reference value :  6.98605e-09
 Reference value :  7.02243e-09
 Reference value :  7.07945e-09
 Reference value :  7.11945e-09
 Reference value :  7.15945e-09
 Reference value :  7.21945e-09
 Reference value :  7.25945e-09
 Reference value :  7.29945e-09
 Reference value :  7.35945e-09
 Reference value :  7.43945e-09
 Reference value :  7.51945e-09
 Reference value :  7.57945e-09
 Reference value :  7.63945e-09
 Reference value :  7.69945e-09
 Reference value :  7.77945e-09
 Reference value :  7.85945e-09
 Reference value :  7.91945e-09
 Reference value :  7.97945e-09
 Reference value :  8.03945e-09
 Reference value :  8.08082e-09
 Reference value :  8.08103e-09
 Reference value :  8.08267e-09
 Reference value :  8.08820e-09
 Reference value :  8.09948e-09
 Reference value :  8.10724e-09
 Reference value :  8.11696e-09
 Reference value :  8.12264e-09
 Reference value :  8.12881e-09
 Reference value :  8.13612e-09
 Reference value :  8.14416e-09
 Reference value :  8.14863e-09
 Reference value :  8.15656e-09
 Reference value :  8.16377e-09
 Reference value :  8.17528e-09
 Reference value :  8.18326e-09
 Reference value :  8.19590e-09
 Reference value :  8.20557e-09
 Reference value :  8.21548e-09
 Reference value :  8.22459e-09
 Reference value :  8.23082e-09
 Reference value :  8.23092e-09
 Reference value :  8.23130e-09
 Reference value :  8.23281e-09
 Reference value :  8.23869e-09
 Reference value :  8.24554e-09
 Reference value :  8.25391e-09
 Reference value :  8.26075e-09
 Reference value :  8.26918e-09
 Reference value :  8.28255e-09
 Reference value :  8.29305e-09
 Reference value :  8.31269e-09
 Reference value :  8.32945e-09
 Reference value :  8.36387e-09
 Reference value :  8.39914e-09
 Reference value :  8.45914e-09
 Reference value :  8.51914e-09
 Reference value :  8.55914e-09
 Reference value :  8.61914e-09
 Reference value :  8.67914e-09
 Reference value :  8.73914e-09
 Reference value :  8.81914e-09
 Reference value :  8.87914e-09
 Reference value :  8.93914e-09
 Reference value :  9.01914e-09
 Reference value :  9.09914e-09
 Reference value :  9.17914e-09
 Reference value :  9.23914e-09
 Reference value :  9.31914e-09
 Reference value :  9.37914e-09
 Reference value :  9.42761e-09
 Reference value :  9.42763e-09
 Reference value :  9.42774e-09
 Reference value :  9.42819e-09
 Reference value :  9.43147e-09
 Reference value :  9.43561e-09
 Reference value :  9.44087e-09
 Reference value :  9.44716e-09
 Reference value :  9.45519e-09
 Reference value :  9.46496e-09
 Reference value :  9.46839e-09
 Reference value :  9.47133e-09
 Reference value :  9.47791e-09
 Reference value :  9.48140e-09
 Reference value :  9.49446e-09
 Reference value :  9.50824e-09
 Reference value :  9.51578e-09
 Reference value :  9.52354e-09
 Reference value :  9.53154e-09
 Reference value :  9.54440e-09
 Reference value :  9.55431e-09
 Reference value :  9.56400e-09
 Reference value :  9.57299e-09
 Reference value :  9.57761e-09
 Reference value :  9.57762e-09
 Reference value :  9.57771e-09
 Reference value :  9.57847e-09
 Reference value :  9.58306e-09
 Reference value :  9.58731e-09
 Reference value :  9.59462e-09
 Reference value :  9.60341e-09
 Reference value :  9.61496e-09
 Reference value :  9.62373e-09
 Reference value :  9.63336e-09
 Reference value :  9.65092e-09
 Reference value :  9.67429e-09
 Reference value :  9.70784e-09
 Reference value :  9.76165e-09
 Reference value :  9.80165e-09
 Reference value :  9.84165e-09
 Reference value :  9.90165e-09
 Reference value :  9.96165e-09
 Reference value :  1.00216e-08
 Reference value :  1.01016e-08
 Reference value :  1.01616e-08
 Reference value :  1.02216e-08
 Reference value :  1.02816e-08
 Reference value :  1.03416e-08
 Reference value :  1.04016e-08
 Reference value :  1.04616e-08
 Reference value :  1.05216e-08
 Reference value :  1.05816e-08
 Reference value :  1.06416e-08
 Reference value :  1.07216e-08
 Reference value :  1.07744e-08
 Reference value :  1.07744e-08
 Reference value :  1.07747e-08
 Reference value :  1.07757e-08
 Reference value :  1.07798e-08
 Reference value :  1.07853e-08
 Reference value :  1.07921e-08
 Reference value :  1.07982e-08
 Reference value :  1.08044e-08
 Reference value :  1.08082e-08
 Reference value :  1.08203e-08
 Reference value :  1.08294e-08
 Reference value :  1.08397e-08
 Reference value :  1.08490e-08
 Reference value :  1.08526e-08
 Reference value :  1.08561e-08
 Reference value :  1.08635e-08
 Reference value :  1.08713e-08
 Reference value :  1.08794e-08
 Reference value :  1.08880e-08
 Reference value :  1.09031e-08
 Reference value :  1.09119e-08
 Reference value :  1.09203e-08
 Reference value :  1.09244e-08
 Reference value :  1.09245e-08
 Reference value :  1.09246e-08
 Reference value :  1.09253e-08
 Reference value :  1.09281e-08
 Reference value :  1.09322e-08
 Reference value :  1.09367e-08
 Reference value :  1.09444e-08
 Reference value :  1.09506e-08
 Reference value :  1.09580e-08
 Reference value :  1.09710e-08
 Reference value :  1.09744e-08
 Reference value :  1.09748e-08
 Reference value :  1.09780e-08
 Reference value :  1.09836e-08
 Reference value :  1.09929e-08
 Reference value :  1.10045e-08
 Reference value :  1.10181e-08
 Reference value :  1.10326e-08
 Reference value :  1.10483e-08
 Reference value :  1.10665e-08
 Reference value :  1.10894e-08
 Reference value :  1.11231e-08
 Reference value :  1.11625e-08
 Reference value :  1.12225e-08
 Reference value :  1.12825e-08
 Reference value :  1.13225e-08
 Reference value :  1.13825e-08
 Reference value :  1.14425e-08
 Reference value :  1.15225e-08
 Reference value :  1.15825e-08
 Reference value :  1.16425e-08
 Reference value :  1.17025e-08
 Reference value :  1.17625e-08
 Reference value :  1.18225e-08
 Reference value :  1.18825e-08
 Reference value :  1.19625e-08
 Reference value :  1.20225e-08
 Reference value :  1.20825e-08
 Reference value :  1.21212e-08
 Reference value :  1.21216e-08
 Reference value :  1.21227e-08
 Reference value :  1.21262e-08
 Reference value :  1.21336e-08
 Reference value :  1.21397e-08
 Reference value :  1.21523e-08
 Reference value :  1.21618e-08
 Reference value :  1.21756e-08
 Reference value :  1.21896e-08
 Reference value :  1.22024e-08
 Reference value :  1.22062e-08
 Reference value :  1.22097e-08
 Reference value :  1.22208e-08
 Reference value :  1.22283e-08
 Reference value :  1.22413e-08
 Reference value :  1.22544e-08
 Reference value :  1.22630e-08
 Reference value :  1.22712e-08
 Reference value :  1.22715e-08
 Reference value :  1.22740e-08
 Reference value :  1.22780e-08
 Reference value :  1.22847e-08
 Reference value :  1.22927e-08
 Reference value :  1.23028e-08
 Reference value :  1.23166e-08
 Reference value :  1.23263e-08
 Reference value :  1.23420e-08
 Reference value :  1.23537e-08
 Reference value :  1.23669e-08
 Reference value :  1.23821e-08
 Reference value :  1.24109e-08
 Reference value :  1.24501e-08
 Reference value :  1.24840e-08
 Reference value :  1.25237e-08
 Reference value :  1.25837e-08
 Reference value :  1.26437e-08
 Reference value :  1.26837e-08
 Reference value :  1.27437e-08
 Reference value :  1.28037e-08
 Reference value :  1.28837e-08
 Reference value :  1.29437e-08
 Reference value :  1.30037e-08
 Reference value :  1.30637e-08
 Reference value :  1.31237e-08
 Reference value :  1.31837e-08
 Reference value :  1.32637e-08
 Reference value :  1.33437e-08
 Reference value :  1.34237e-08
 Reference value :  1.34680e-08
 Reference value :  1.34680e-08
 Reference value :  1.34683e-08
 Reference value :  1.34700e-08
 Reference value :  1.34742e-08
 Reference value :  1.34820e-08
 Reference value :  1.34885e-08
 Reference value :  1.35018e-08
 Reference value :  1.35157e-08
 Reference value :  1.35299e-08
 Reference value :  1.35429e-08
 Reference value :  1.35508e-08
 Reference value :  1.35577e-08
 Reference value :  1.35651e-08
 Reference value :  1.35725e-08
 Reference value :  1.35849e-08
 Reference value :  1.35938e-08
 Reference value :  1.36066e-08
 Reference value :  1.36145e-08
 Reference value :  1.36180e-08
 Reference value :  1.36183e-08
 Reference value :  1.36202e-08
 Reference value :  1.36241e-08
 Reference value :  1.36308e-08
 Reference value :  1.36386e-08
 Reference value :  1.36486e-08
 Reference value :  1.36620e-08
 Reference value :  1.36717e-08
 Reference value :  1.36819e-08
 Reference value :  1.36929e-08
 Reference value :  1.37117e-08
 Reference value :  1.37320e-08
 Reference value :  1.37377e-08
 Reference value :  1.37386e-08
 Reference value :  1.37405e-08
 Reference value :  1.37562e-08
 Reference value :  1.37975e-08
 Reference value :  1.38504e-08
 Reference value :  1.38721e-08
 Reference value :  1.38727e-08
 Reference value :  1.38733e-08
 Reference value :  1.38752e-08
 Reference value :  1.38909e-08
 Reference value :  1.39288e-08
 Reference value :  1.39688e-08
 Reference value :  1.40088e-08
 Reference value :  1.40488e-08
 Reference value :  1.41088e-08
 Reference value :  1.41688e-08
 Reference value :  1.42488e-08
 Reference value :  1.43088e-08
 Reference value :  1.43688e-08
 Reference value :  1.44108e-08
 Reference value :  1.44114e-08
 Reference value :  1.44123e-08
 Reference value :  1.44207e-08
 Reference value :  1.44875e-08
 Reference value :  1.45475e-08
 Reference value :  1.46075e-08
 Reference value :  1.46675e-08
 Reference value :  1.47475e-08
 Reference value :  1.48012e-08
 Reference value :  1.48148e-08
 Reference value :  1.48151e-08
 Reference value :  1.48159e-08
 Reference value :  1.48193e-08
 Reference value :  1.48237e-08
 Reference value :  1.48321e-08
 Reference value :  1.48441e-08
 Reference value :  1.48584e-08
 Reference value :  1.48724e-08
 Reference value :  1.48817e-08
 Reference value :  1.48943e-08
 Reference value :  1.48980e-08
 Reference value :  1.49015e-08
 Reference value :  1.49087e-08
 Reference value :  1.49197e-08
 Reference value :  1.49277e-08
 Reference value :  1.49365e-08
 Reference value :  1.49452e-08
 Reference value :  1.49538e-08
 Reference value :  1.49615e-08
 Reference value :  1.49648e-08
 Reference value :  1.49651e-08
 Reference value :  1.49658e-08
 Reference value :  1.49689e-08
 Reference value :  1.49728e-08
 Reference value :  1.49773e-08
 Reference value :  1.49851e-08
 Reference value :  1.49913e-08
 Reference value :  1.49988e-08
 Reference value :  1.50081e-08
 Reference value :  1.50229e-08
 Reference value :  1.50390e-08
 Reference value :  1.50511e-08
 Reference value :  1.50647e-08
 Reference value :  1.50898e-08
 Reference value :  1.51113e-08
 Reference value :  1.51375e-08
 Reference value :  1.51891e-08
 Reference value :  1.52190e-08
 Reference value :  1.52199e-08
 Reference value :  1.52209e-08
 Reference value :  1.52287e-08
 Reference value :  1.52756e-08
 Reference value :  1.53356e-08
 Reference value :  1.53756e-08
 Reference value :  1.54356e-08
 Reference value :  1.55156e-08
 Reference value :  1.55756e-08
 Reference value :  1.56556e-08
 Reference value :  1.57156e-08
 Reference value :  1.57577e-08
 Reference value :  1.57586e-08
 Reference value :  1.57607e-08
 Reference value :  1.57943e-08
 Reference value :  1.58743e-08
 Reference value :  1.59543e-08
 Reference value :  1.60143e-08
 Reference value :  1.60743e-08
 Reference value :  1.61343e-08
 Reference value :  1.61616e-08
 Reference value :  1.61619e-08
 Reference value :  1.61638e-08
 Reference value :  1.61681e-08
 Reference value :  1.61705e-08
 Reference value :  1.61759e-08
 Reference value :  1.61862e-08
 Reference value :  1.61958e-08
 Reference value :  1.62052e-08
 Reference value :  1.62144e-08
 Reference value :  1.62240e-08
 Reference value :  1.62369e-08
 Reference value :  1.62448e-08
 Reference value :  1.62517e-08
 Reference value :  1.62628e-08
 Reference value :  1.62745e-08
 Reference value :  1.62833e-08
 Reference value :  1.62920e-08
 Reference value :  1.63051e-08
 Reference value :  1.63116e-08
 Reference value :  1.63119e-08
 Reference value :  1.63126e-08
 Reference value :  1.63176e-08
 Reference value :  1.63196e-08
 Reference value :  1.63241e-08
 Reference value :  1.63319e-08
 Reference value :  1.63381e-08
 Reference value :  1.63500e-08
 Reference value :  1.63647e-08
 Reference value :  1.63749e-08
 Reference value :  1.63858e-08
 Reference value :  1.63979e-08
 Reference value :  1.64192e-08
 Reference value :  1.64469e-08
 Reference value :  1.64706e-08
 Reference value :  1.64997e-08
 Reference value :  1.65359e-08
 Reference value :  1.65658e-08
 Reference value :  1.65667e-08
 Reference value :  1.65677e-08
 Reference value :  1.65755e-08
 Reference value :  1.66224e-08
 Reference value :  1.66624e-08
 Reference value :  1.67224e-08
 Reference value :  1.67824e-08
 Reference value :  1.68424e-08
 Reference value :  1.69224e-08
 Reference value :  1.69824e-08
 Reference value :  1.70424e-08
 Reference value :  1.70934e-08
 Reference value :  1.71047e-08
 Reference value :  1.71056e-08
 Reference value :  1.71098e-08
 Reference value :  1.71611e-08
 Reference value :  1.72211e-08
 Reference value :  1.73011e-08
 Reference value :  1.73811e-08
 Reference value :  1.74611e-08
 Reference value :  1.75084e-08
 Reference value :  1.75087e-08
 Reference value :  1.75095e-08
 Reference value :  1.75150e-08
 Reference value :  1.75198e-08
 Reference value :  1.75257e-08
 Reference value :  1.75377e-08
 Reference value :  1.75520e-08
 Reference value :  1.75660e-08
 Reference value :  1.75753e-08
 Reference value :  1.75879e-08
 Reference value :  1.75916e-08
 Reference value :  1.75985e-08
 Reference value :  1.76096e-08
 Reference value :  1.76213e-08
 Reference value :  1.76301e-08
 Reference value :  1.76388e-08
 Reference value :  1.76519e-08
 Reference value :  1.76584e-08
 Reference value :  1.76584e-08
 Reference value :  1.76587e-08
 Reference value :  1.76604e-08
 Reference value :  1.76644e-08
 Reference value :  1.76686e-08
 Reference value :  1.76760e-08
 Reference value :  1.76849e-08
 Reference value :  1.76968e-08
 Reference value :  1.77115e-08
 Reference value :  1.77270e-08
 Reference value :  1.77447e-08
 Reference value :  1.77660e-08
 Reference value :  1.77937e-08
 Reference value :  1.78311e-08
 Reference value :  1.78827e-08
 Reference value :  1.79126e-08
 Reference value :  1.79135e-08
 Reference value :  1.79145e-08
 Reference value :  1.79313e-08
 Reference value :  1.79692e-08
 Reference value :  1.80092e-08
 Reference value :  1.80492e-08
 Reference value :  1.80892e-08
 Reference value :  1.81692e-08
 Reference value :  1.82292e-08
 Reference value :  1.82892e-08
 Reference value :  1.83492e-08
 Reference value :  1.84092e-08
 Reference value :  1.84513e-08
 Reference value :  1.84522e-08
 Reference value :  1.84543e-08
 Reference value :  1.85079e-08
 Reference value :  1.85879e-08
 Reference value :  1.86479e-08
 Reference value :  1.87279e-08
 Reference value :  1.87879e-08
 Reference value :  1.88552e-08
 Reference value :  1.88553e-08
 Reference value :  1.88558e-08
 Reference value :  1.88574e-08
 Reference value :  1.88641e-08
 Reference value :  1.88725e-08
 Reference value :  1.88798e-08
 Reference value :  1.88894e-08
 Reference value :  1.88988e-08
 Reference value :  1.89080e-08
 Reference value :  1.89176e-08
 Reference value :  1.89305e-08
 Reference value :  1.89384e-08
 Reference value :  1.89419e-08
 Reference value :  1.89453e-08
 Reference value :  1.89527e-08
 Reference value :  1.89601e-08
 Reference value :  1.89726e-08
 Reference value :  1.89815e-08
 Reference value :  1.89900e-08
 Reference value :  1.89987e-08
 Reference value :  1.90052e-08
 Reference value :  1.90053e-08
 Reference value :  1.90057e-08
 Reference value :  1.90093e-08
 Reference value :  1.90132e-08
 Reference value :  1.90202e-08
 Reference value :  1.90255e-08
 Reference value :  1.90317e-08
 Reference value :  1.90392e-08
 Reference value :  1.90485e-08
 Reference value :  1.90633e-08
 Reference value :  1.90794e-08
 Reference value :  1.90915e-08
 Reference value :  1.91051e-08
 Reference value :  1.91211e-08
 Reference value :  1.91517e-08
 Reference value :  1.91933e-08
 Reference value :  1.92295e-08
 Reference value :  1.92594e-08
 Reference value :  1.92603e-08
 Reference value :  1.92624e-08
 Reference value :  1.92781e-08
 Reference value :  1.93360e-08
 Reference value :  1.93960e-08
 Reference value :  1.94560e-08
 Reference value :  1.95360e-08
 Reference value :  1.96160e-08
 Reference value :  1.96960e-08
 Reference value :  1.97760e-08
 Reference value :  1.97981e-08
 Reference value :  1.97990e-08
 Reference value :  1.97995e-08
 Reference value :  1.98079e-08
 Reference value :  1.98747e-08
 Reference value :  1.99547e-08
 Reference value :  2.00347e-08
 Reference value :  2.00947e-08
 Reference value :  2.01547e-08
 Reference value :  2.02020e-08
 Reference value :  2.02023e-08
 Reference value :  2.02031e-08
 Reference value :  2.02086e-08
 Reference value :  2.02134e-08
 Reference value :  2.02193e-08
 Reference value :  2.02266e-08
 Reference value :  2.02362e-08
 Reference value :  2.02501e-08
 Reference value :  2.02644e-08
 Reference value :  2.02773e-08
 Reference value :  2.02852e-08
 Reference value :  2.02887e-08
 Reference value :  2.02921e-08
 Reference value :  2.02995e-08
 Reference value :  2.03069e-08
 Reference value :  2.03149e-08
 Reference value :  2.03237e-08
 Reference value :  2.03324e-08
 Reference value :  2.03410e-08
 Reference value :  2.03487e-08
 Reference value :  2.03520e-08
 Reference value :  2.03523e-08
 Reference value :  2.03530e-08
 Reference value :  2.03561e-08
 Reference value :  2.03600e-08
 Reference value :  2.03645e-08
 Reference value :  2.03696e-08
 Reference value :  2.03785e-08
 Reference value :  2.03860e-08
 Reference value :  2.03953e-08
 Reference value :  2.04051e-08
 Reference value :  2.04153e-08
 Reference value :  2.04262e-08
 Reference value :  2.04383e-08
 Reference value :  2.04519e-08
 Reference value :  2.04770e-08
 Reference value :  2.05110e-08
 Reference value :  2.05401e-08
 Reference value :  2.05763e-08
 Reference value :  2.06061e-08
 Reference value :  2.06067e-08
 Reference value :  2.06076e-08
 Reference value :  2.06115e-08
 Reference value :  2.06428e-08
 Reference value :  2.06828e-08
 Reference value :  2.07228e-08
 Reference value :  2.07628e-08
 Reference value :  2.08228e-08
 Reference value :  2.09028e-08
 Reference value :  2.09628e-08
 Reference value :  2.10228e-08
 Reference value :  2.11028e-08
 Reference value :  2.11449e-08
 Reference value :  2.11459e-08
 Reference value :  2.11480e-08
 Reference value :  2.11816e-08
 Reference value :  2.12605e-08
 Reference value :  2.12801e-08
 Reference value :  2.12810e-08
 Reference value :  2.12894e-08
 Reference value :  2.13562e-08
 Reference value :  2.14362e-08
 Reference value :  2.15162e-08
 Reference value :  2.15488e-08
 Reference value :  2.15491e-08
 Reference value :  2.15514e-08
 Reference value :  2.15534e-08
 Reference value :  2.15607e-08
 Reference value :  2.15667e-08
 Reference value :  2.15789e-08
 Reference value :  2.15886e-08
 Reference value :  2.16024e-08
 Reference value :  2.16119e-08
 Reference value :  2.16206e-08
 Reference value :  2.16328e-08
 Reference value :  2.16397e-08
 Reference value :  2.16508e-08
 Reference value :  2.16585e-08
 Reference value :  2.16672e-08
 Reference value :  2.16805e-08
 Reference value :  2.16891e-08
 Reference value :  2.16961e-08
 Reference value :  2.16988e-08
 Reference value :  2.16990e-08
 Reference value :  2.16997e-08
 Reference value :  2.17023e-08
 Reference value :  2.17086e-08
 Reference value :  2.17133e-08
 Reference value :  2.17186e-08
 Reference value :  2.17283e-08
 Reference value :  2.17365e-08
 Reference value :  2.17462e-08
 Reference value :  2.17560e-08
 Reference value :  2.17720e-08
 Reference value :  2.17839e-08
 Reference value :  2.18050e-08
 Reference value :  2.18322e-08
 Reference value :  2.18689e-08
 Reference value :  2.19195e-08
 Reference value :  2.19795e-08
 Reference value :  2.20195e-08
 Reference value :  2.20795e-08
 Reference value :  2.21395e-08
 Reference value :  2.22195e-08
 Reference value :  2.22995e-08
 Reference value :  2.23795e-08
 Reference value :  2.24595e-08
 Reference value :  2.25595e-08
 Reference value :  2.26195e-08
 Reference value :  2.26995e-08
 Reference value :  2.27795e-08
 Reference value :  2.28595e-08
 Reference value :  2.28956e-08
 Reference value :  2.28958e-08
 Reference value :  2.28970e-08
 Reference value :  2.29005e-08
 Reference value :  2.29052e-08
 Reference value :  2.29107e-08
 Reference value :  2.29175e-08
 Reference value :  2.29264e-08
 Reference value :  2.29360e-08
 Reference value :  2.29451e-08
 Reference value :  2.29546e-08
 Reference value :  2.29638e-08
 Reference value :  2.29721e-08
 Reference value :  2.29802e-08
 Reference value :  2.29837e-08
 Reference value :  2.29948e-08
 Reference value :  2.30062e-08
 Reference value :  2.30151e-08
 Reference value :  2.30240e-08
 Reference value :  2.30326e-08
 Reference value :  2.30413e-08
 Reference value :  2.30456e-08
 Reference value :  2.30460e-08
 Reference value :  2.30487e-08
 Reference value :  2.30527e-08
 Reference value :  2.30595e-08
 Reference value :  2.30676e-08
 Reference value :  2.30779e-08
 Reference value :  2.30917e-08
 Reference value :  2.31065e-08
 Reference value :  2.31230e-08
 Reference value :  2.31355e-08
 Reference value :  2.31497e-08
 Reference value :  2.31762e-08
 Reference value :  2.32120e-08
 Reference value :  2.32611e-08
 Reference value :  2.33210e-08
 Reference value :  2.33810e-08
 Reference value :  2.34410e-08
 Reference value :  2.35010e-08
 Reference value :  2.35810e-08
 Reference value :  2.36810e-08
 Reference value :  2.37810e-08
 Reference value :  2.38610e-08
 Reference value :  2.39410e-08
 Reference value :  2.40210e-08
 Reference value :  2.41010e-08
 Reference value :  2.41810e-08
 Reference value :  2.42424e-08
 Reference value :  2.42425e-08
 Reference value :  2.42426e-08
 Reference value :  2.42433e-08
 Reference value :  2.42461e-08
 Reference value :  2.42507e-08
 Reference value :  2.42559e-08
 Reference value :  2.42622e-08
 Reference value :  2.42704e-08
 Reference value :  2.42801e-08
 Reference value :  2.42940e-08
 Reference value :  2.43036e-08
 Reference value :  2.43166e-08
 Reference value :  2.43247e-08
 Reference value :  2.43317e-08
 Reference value :  2.43428e-08
 Reference value :  2.43544e-08
 Reference value :  2.43636e-08
 Reference value :  2.43723e-08
 Reference value :  2.43809e-08
 Reference value :  2.43888e-08
 Reference value :  2.43924e-08
 Reference value :  2.43927e-08
 Reference value :  2.43936e-08
 Reference value :  2.43966e-08
 Reference value :  2.44008e-08
 Reference value :  2.44078e-08
 Reference value :  2.44163e-08
 Reference value :  2.44232e-08
 Reference value :  2.44317e-08
 Reference value :  2.44415e-08
 Reference value :  2.44514e-08
 Reference value :  2.44620e-08
 Reference value :  2.44736e-08
 Reference value :  2.44865e-08
 Reference value :  2.45015e-08
 Reference value :  2.45298e-08
 Reference value :  2.45680e-08
 Reference value :  2.46205e-08
 Reference value :  2.46605e-08
 Reference value :  2.47205e-08
 Reference value :  2.47805e-08
 Reference value :  2.48405e-08
 Reference value :  2.49205e-08
 Reference value :  2.50005e-08
 Reference value :  2.50805e-08
 Reference value :  2.51605e-08
 Reference value :  2.52205e-08
 Reference value :  2.53005e-08
 Reference value :  2.53805e-08
 Reference value :  2.54605e-08
 Reference value :  2.55405e-08
 Reference value :  2.55892e-08
 Reference value :  2.55895e-08
 Reference value :  2.55916e-08
 Reference value :  2.55936e-08
 Reference value :  2.55983e-08
 Reference value :  2.56036e-08
 Reference value :  2.56102e-08
 Reference value :  2.56237e-08
 Reference value :  2.56330e-08
 Reference value :  2.56423e-08
 Reference value :  2.56563e-08
 Reference value :  2.56690e-08
 Reference value :  2.56727e-08
 Reference value :  2.56796e-08
 Reference value :  2.56869e-08
 Reference value :  2.56983e-08
 Reference value :  2.57112e-08
 Reference value :  2.57244e-08
 Reference value :  2.57361e-08
 Reference value :  2.57392e-08
 Reference value :  2.57394e-08
 Reference value :  2.57411e-08
 Reference value :  2.57472e-08
 Reference value :  2.57517e-08
 Reference value :  2.57568e-08
 Reference value :  2.57625e-08
 Reference value :  2.57731e-08
 Reference value :  2.57824e-08
 Reference value :  2.57972e-08
 Reference value :  2.58077e-08
 Reference value :  2.58253e-08
 Reference value :  2.58466e-08
 Reference value :  2.58743e-08
 Reference value :  2.58980e-08
 Reference value :  2.59439e-08
 Reference value :  2.59830e-08
 Reference value :  2.60430e-08
 Reference value :  2.61030e-08
 Reference value :  2.61430e-08
 Reference value :  2.61830e-08
 Reference value :  2.62430e-08
 Reference value :  2.63230e-08
 Reference value :  2.64030e-08
 Reference value :  2.64630e-08
 Reference value :  2.65430e-08
 Reference value :  2.66030e-08
 Reference value :  2.66830e-08
 Reference value :  2.67630e-08
 Reference value :  2.68430e-08
 Reference value :  2.69030e-08
 Reference value :  2.69360e-08
 Reference value :  2.69360e-08
 Reference value :  2.69360e-08
 Reference value :  2.69360e-08
 Reference value :  2.69360e-08
 Reference value :  2.69360e-08
 Reference value :  2.69360e-08
 Reference value :  2.69360e-08
 Reference value :  2.69360e-08
 Reference value :  2.69360e-08
 Reference value :  2.69360e-08
 Reference value :  2.69360e-08
 Reference value :  2.69360e-08
 Reference value :  2.69362e-08
 Reference value :  2.69370e-08
 Reference value :  2.69383e-08
 Reference value :  2.69400e-08
 Reference value :  2.69420e-08
 Reference value :  2.69437e-08
 Reference value :  2.69456e-08
 Reference value :  2.69495e-08
 Reference value :  2.69555e-08
 Reference value :  2.69603e-08
 Reference value :  2.69659e-08
 Reference value :  2.69720e-08
 Reference value :  2.69788e-08
 Reference value :  2.69862e-08
 Reference value :  2.69983e-08
 Reference value :  2.70107e-08
 Reference value :  2.70186e-08
 Reference value :  2.70219e-08
 Reference value :  2.70248e-08
 Reference value :  2.70312e-08
 Reference value :  2.70381e-08
 Reference value :  2.70455e-08
 Reference value :  2.70539e-08
 Reference value :  2.70680e-08
 Reference value :  2.70766e-08
 Reference value :  2.70834e-08
 Reference value :  2.70860e-08
 Reference value :  2.70862e-08
 Reference value :  2.70869e-08
 Reference value :  2.70915e-08
 Reference value :  2.70981e-08
 Reference value :  2.71056e-08
 Reference value :  2.71117e-08
 Reference value :  2.71190e-08
 Reference value :  2.71281e-08
 Reference value :  2.71418e-08
 Reference value :  2.71580e-08
 Reference value :  2.71713e-08
 Reference value :  2.71973e-08
 Reference value :  2.72207e-08
 Reference value :  2.72721e-08
 Reference value :  2.73121e-08
 Reference value :  2.73521e-08
 Reference value :  2.73921e-08
 Reference value :  2.74521e-08
 Reference value :  2.75121e-08
 Reference value :  2.75921e-08
 Reference value :  2.76721e-08
 Reference value :  2.77521e-08
 Reference value :  2.78121e-08
 Reference value :  2.78921e-08
 Reference value :  2.79721e-08
 Reference value :  2.80321e-08
 Reference value :  2.80921e-08
 Reference value :  2.81721e-08
 Reference value :  2.82321e-08
 Reference value :  2.82828e-08
 Reference value :  2.82831e-08
 Reference value :  2.82841e-08
 Reference value :  2.82869e-08
 Reference value :  2.82908e-08
 Reference value :  2.82990e-08
 Reference value :  2.83105e-08
 Reference value :  2.83203e-08
 Reference value :  2.83237e-08
 Reference value :  2.83266e-08
 Reference value :  2.83332e-08
 Reference value :  2.83367e-08
 Reference value :  2.83444e-08
 Reference value :  2.83548e-08
 Reference value :  2.83626e-08
 Reference value :  2.83661e-08
 Reference value :  2.83776e-08
 Reference value :  2.83856e-08
 Reference value :  2.83983e-08
 Reference value :  2.84132e-08
 Reference value :  2.84270e-08
 Reference value :  2.84328e-08
 Reference value :  2.84329e-08
 Reference value :  2.84330e-08
 Reference value :  2.84337e-08
 Reference value :  2.84366e-08
 Reference value :  2.84427e-08
 Reference value :  2.84501e-08
 Reference value :  2.84590e-08
 Reference value :  2.84706e-08
 Reference value :  2.84841e-08
 Reference value :  2.85003e-08
 Reference value :  2.85218e-08
 Reference value :  2.85514e-08
 Reference value :  2.85799e-08
 Reference value :  2.86190e-08
 Reference value :  2.86590e-08
 Reference value :  2.86990e-08
 Reference value :  2.87590e-08
 Reference value :  2.88190e-08
 Reference value :  2.88990e-08
 Reference value :  2.89590e-08
 Reference value :  2.90190e-08
 Reference value :  2.90790e-08
 Reference value :  2.91590e-08
 Reference value :  2.92190e-08
 Reference value :  2.92790e-08
 Reference value :  2.93390e-08
 Reference value :  2.93990e-08
 Reference value :  2.94590e-08
 Reference value :  2.95190e-08
 Reference value :  2.95790e-08
 Reference value :  2.96296e-08
 Reference value :  2.96299e-08
 Reference value :  2.96309e-08
 Reference value :  2.96336e-08
 Reference value :  2.96376e-08
 Reference value :  2.96428e-08
 Reference value :  2.96527e-08
 Reference value :  2.96620e-08
 Reference value :  2.96703e-08
 Reference value :  2.96763e-08
 Reference value :  2.96832e-08
 Reference value :  2.96961e-08
 Reference value :  2.97006e-08
 Reference value :  2.97046e-08
 Reference value :  2.97118e-08
 Reference value :  2.97193e-08
 Reference value :  2.97313e-08
 Reference value :  2.97395e-08
 Reference value :  2.97484e-08
 Reference value :  2.97581e-08
 Reference value :  2.97626e-08
 Reference value :  2.97757e-08
 Reference value :  2.97797e-08
 Reference value :  2.97800e-08
 Reference value :  2.97810e-08
 Reference value :  2.97841e-08
 Reference value :  2.97883e-08
 Reference value :  2.97929e-08
 Reference value :  2.97980e-08
 Reference value :  2.98073e-08
 Reference value :  2.98195e-08
 Reference value :  2.98332e-08
 Reference value :  2.98502e-08
 Reference value :  2.98726e-08
 Reference value :  2.99042e-08
 Reference value :  2.99553e-08
 Reference value :  3.00153e-08
 Reference value :  3.00553e-08
 Reference value :  3.01153e-08
 Reference value :  3.01753e-08
 Reference value :  3.02353e-08
 Reference value :  3.02953e-08
 Reference value :  3.03753e-08
 Reference value :  3.04553e-08
 Reference value :  3.05153e-08
 Reference value :  3.05753e-08
 Reference value :  3.06353e-08
 Reference value :  3.06953e-08
 Reference value :  3.07553e-08
 Reference value :  3.08153e-08
 Reference value :  3.08953e-08
 Reference value :  3.09658e-08
 Reference value :  3.09764e-08
 Reference value :  3.09765e-08
 Reference value :  3.09773e-08
 Reference value :  3.09799e-08
 Reference value :  3.09838e-08
 Reference value :  3.09918e-08
 Reference value :  3.09986e-08
 Reference value :  3.10126e-08
 Reference value :  3.10153e-08
 Reference value :  3.10244e-08
 Reference value :  3.10318e-08
 Reference value :  3.10443e-08
 Reference value :  3.10522e-08
 Reference value :  3.10558e-08
 Reference value :  3.10633e-08
 Reference value :  3.10749e-08
 Reference value :  3.10871e-08
 Reference value :  3.11012e-08
 Reference value :  3.11158e-08
 Reference value :  3.11233e-08
 Reference value :  3.11264e-08
 Reference value :  3.11267e-08
 Reference value :  3.11274e-08
 Reference value :  3.11304e-08
 Reference value :  3.11343e-08
 Reference value :  3.11412e-08
 Reference value :  3.11495e-08
 Reference value :  3.11603e-08
 Reference value :  3.11690e-08
 Reference value :  3.11782e-08
 Reference value :  3.11947e-08
 Reference value :  3.12162e-08
 Reference value :  3.12463e-08
 Reference value :  3.12947e-08
 Reference value :  3.13347e-08
 Reference value :  3.13947e-08
 Reference value :  3.14547e-08
 Reference value :  3.14947e-08
 Reference value :  3.15347e-08
 Reference value :  3.16147e-08
 Reference value :  3.16947e-08
 Reference value :  3.17747e-08
 Reference value :  3.18347e-08
 Reference value :  3.19147e-08
 Reference value :  3.19747e-08
 Reference value :  3.20547e-08
 Reference value :  3.21347e-08
 Reference value :  3.21947e-08
 Reference value :  3.22547e-08
 Reference value :  3.23090e-08
 Reference value :  3.23233e-08
 Reference value :  3.23235e-08
 Reference value :  3.23256e-08
 Reference value :  3.23271e-08
 Reference value :  3.23312e-08
 Reference value :  3.23365e-08
 Reference value :  3.23428e-08
 Reference value :  3.23556e-08
 Reference value :  3.23640e-08
 Reference value :  3.23669e-08
 Reference value :  3.23735e-08
 Reference value :  3.23770e-08
 Reference value :  3.23847e-08
 Reference value :  3.23951e-08
 Reference value :  3.24039e-08
 Reference value :  3.24152e-08
 Reference value :  3.24231e-08
 Reference value :  3.24312e-08
 Reference value :  3.24400e-08
 Reference value :  3.24499e-08
 Reference value :  3.24596e-08
 Reference value :  3.24709e-08
 Reference value :  3.24732e-08
 Reference value :  3.24733e-08
 Reference value :  3.24741e-08
 Reference value :  3.24767e-08
 Reference value :  3.24809e-08
 Reference value :  3.24876e-08
 Reference value :  3.24959e-08
 Reference value :  3.25065e-08
 Reference value :  3.25150e-08
 Reference value :  3.25241e-08
 Reference value :  3.25401e-08
 Reference value :  3.25614e-08
 Reference value :  3.25796e-08
 Reference value :  3.26186e-08
 Reference value :  3.26573e-08
 Reference value :  3.26973e-08
 Reference value :  3.27373e-08
 Reference value :  3.27773e-08
 Reference value :  3.28373e-08
 Reference value :  3.28973e-08
 Reference value :  3.29573e-08
 Reference value :  3.30373e-08
 Reference value :  3.30973e-08
 Reference value :  3.31773e-08
 Reference value :  3.32573e-08
 Reference value :  3.33373e-08
 Reference value :  3.34173e-08
 Reference value :  3.34773e-08
 Reference value :  3.35573e-08
 Reference value :  3.36173e-08
 Reference value :  3.36701e-08
 Reference value :  3.36704e-08
 Reference value :  3.36727e-08
 Reference value :  3.36743e-08
 Reference value :  3.36808e-08
 Reference value :  3.36900e-08
 Reference value :  3.36982e-08
 Reference value :  3.37121e-08
 Reference value :  3.37184e-08
 Reference value :  3.37219e-08
 Reference value :  3.37339e-08
 Reference value :  3.37382e-08
 Reference value :  3.37460e-08
 Reference value :  3.37496e-08
 Reference value :  3.37571e-08
 Reference value :  3.37648e-08
 Reference value :  3.37727e-08
 Reference value :  3.37810e-08
 Reference value :  3.37951e-08
 Reference value :  3.38050e-08
 Reference value :  3.38141e-08
 Reference value :  3.38200e-08
 Reference value :  3.38200e-08
 Reference value :  3.38203e-08
 Reference value :  3.38210e-08
 Reference value :  3.38257e-08
 Reference value :  3.38299e-08
 Reference value :  3.38372e-08
 Reference value :  3.38461e-08
 Reference value :  3.38535e-08
 Reference value :  3.38669e-08
 Reference value :  3.38819e-08
 Reference value :  3.39014e-08
 Reference value :  3.39278e-08
 Reference value :  3.39521e-08
 Reference value :  3.39868e-08
 Reference value :  3.40468e-08
 Reference value :  3.41068e-08
 Reference value :  3.41668e-08
 Reference value :  3.42268e-08
 Reference value :  3.43068e-08
 Reference value :  3.43668e-08
 Reference value :  3.44268e-08
 Reference value :  3.44868e-08
 Reference value :  3.45668e-08
 Reference value :  3.46468e-08
 Reference value :  3.47068e-08
 Reference value :  3.47868e-08
 Reference value :  3.48668e-08
 Reference value :  3.49268e-08
 Reference value :  3.49868e-08
 Reference value :  3.50169e-08
 Reference value :  3.50171e-08
 Reference value :  3.50181e-08
 Reference value :  3.50208e-08
 Reference value :  3.50272e-08
 Reference value :  3.50329e-08
 Reference value :  3.50444e-08
 Reference value :  3.50541e-08
 Reference value :  3.50604e-08
 Reference value :  3.50670e-08
 Reference value :  3.50704e-08
 Reference value :  3.50834e-08
 Reference value :  3.50919e-08
 Reference value :  3.50991e-08
 Reference value :  3.51106e-08
 Reference value :  3.51226e-08
 Reference value :  3.51311e-08
 Reference value :  3.51407e-08
 Reference value :  3.51499e-08
 Reference value :  3.51591e-08
 Reference value :  3.51668e-08
 Reference value :  3.51669e-08
 Reference value :  3.51672e-08
 Reference value :  3.51695e-08
 Reference value :  3.51713e-08
 Reference value :  3.51755e-08
 Reference value :  3.51825e-08
 Reference value :  3.51880e-08
 Reference value :  3.51944e-08
 Reference value :  3.52023e-08
 Reference value :  3.52110e-08
 Reference value :  3.52203e-08
 Reference value :  3.52372e-08
 Reference value :  3.52596e-08
 Reference value :  3.52791e-08
 Reference value :  3.53220e-08
 Reference value :  3.53820e-08
 Reference value :  3.54420e-08
 Reference value :  3.55020e-08
 Reference value :  3.55620e-08
 Reference value :  3.56220e-08
 Reference value :  3.57020e-08
 Reference value :  3.57820e-08
 Reference value :  3.58420e-08
 Reference value :  3.59220e-08
 Reference value :  3.59820e-08
 Reference value :  3.60620e-08
 Reference value :  3.61420e-08
 Reference value :  3.62020e-08
 Reference value :  3.62820e-08
 Reference value :  3.63528e-08
 Reference value :  3.63637e-08
 Reference value :  3.63639e-08
 Reference value :  3.63646e-08
 Reference value :  3.63671e-08
 Reference value :  3.63710e-08
 Reference value :  3.63762e-08
 Reference value :  3.63823e-08
 Reference value :  3.63901e-08
 Reference value :  3.63998e-08
 Reference value :  3.64025e-08
 Reference value :  3.64083e-08
 Reference value :  3.64151e-08
 Reference value :  3.64225e-08
 Reference value :  3.64314e-08
 Reference value :  3.64394e-08
 Reference value :  3.64430e-08
 Reference value :  3.64504e-08
 Reference value :  3.64581e-08
 Reference value :  3.64701e-08
 Reference value :  3.64787e-08
 Reference value :  3.64884e-08
 Reference value :  3.64983e-08
 Reference value :  3.65074e-08
 Reference value :  3.65137e-08
 Reference value :  3.65139e-08
 Reference value :  3.65156e-08
 Reference value :  3.65215e-08
 Reference value :  3.65284e-08
 Reference value :  3.65337e-08
 Reference value :  3.65400e-08
 Reference value :  3.65475e-08
 Reference value :  3.65562e-08
 Reference value :  3.65654e-08
 Reference value :  3.65759e-08
 Reference value :  3.65883e-08
 Reference value :  3.66035e-08
 Reference value :  3.66336e-08
 Reference value :  3.66821e-08
 Reference value :  3.67421e-08
 Reference value :  3.67821e-08
 Reference value :  3.68221e-08
 Reference value :  3.68621e-08
 Reference value :  3.69021e-08
 Reference value :  3.69621e-08
 Reference value :  3.70221e-08
 Reference value :  3.70821e-08
 Reference value :  3.71421e-08
 Reference value :  3.72021e-08
 Reference value :  3.72621e-08
 Reference value :  3.73221e-08
 Reference value :  3.73821e-08
 Reference value :  3.74421e-08
 Reference value :  3.75221e-08
 Reference value :  3.76021e-08
 Reference value :  3.76621e-08
 Reference value :  3.77104e-08
 Reference value :  3.77105e-08
 Reference value :  3.77110e-08
 Reference value :  3.77127e-08
 Reference value :  3.77175e-08
 Reference value :  3.77235e-08
 Reference value :  3.77295e-08
 Reference value :  3.77356e-08
 Reference value :  3.77428e-08
 Reference value :  3.77549e-08
 Reference value :  3.77687e-08
 Reference value :  3.77833e-08
 Reference value :  3.77904e-08
 Reference value :  3.77979e-08
 Reference value :  3.78055e-08
 Reference value :  3.78136e-08
 Reference value :  3.78220e-08
 Reference value :  3.78314e-08
 Reference value :  3.78416e-08
 Reference value :  3.78500e-08
 Reference value :  3.78572e-08
 Reference value :  3.78605e-08
 Reference value :  3.78607e-08
 Reference value :  3.78616e-08
 Reference value :  3.78646e-08
 Reference value :  3.78710e-08
 Reference value :  3.78784e-08
 Reference value :  3.78842e-08
 Reference value :  3.78952e-08
 Reference value :  3.79077e-08
 Reference value :  3.79105e-08
 Reference value :  3.79108e-08
 Reference value :  3.79139e-08
 Reference value :  3.79195e-08
 Reference value :  3.79288e-08
 Reference value :  3.79404e-08
 Reference value :  3.79540e-08
 Reference value :  3.79684e-08
 Reference value :  3.79841e-08
 Reference value :  3.80022e-08
 Reference value :  3.80250e-08
 Reference value :  3.80779e-08
 Reference value :  3.81179e-08
 Reference value :  3.81779e-08
 Reference value :  3.82379e-08
 Reference value :  3.82779e-08
 Reference value :  3.83179e-08
 Reference value :  3.83779e-08
 Reference value :  3.84379e-08
 Reference value :  3.84979e-08
 Reference value :  3.85579e-08
 Reference value :  3.86179e-08
 Reference value :  3.86779e-08
 Reference value :  3.87379e-08
 Reference value :  3.87979e-08
 Reference value :  3.88579e-08
 Reference value :  3.89379e-08
 Reference value :  3.89979e-08
 Reference value :  3.90573e-08
 Reference value :  3.90576e-08
 Reference value :  3.90603e-08
 Reference value :  3.90623e-08
 Reference value :  3.90671e-08
 Reference value :  3.90759e-08
 Reference value :  3.90836e-08
 Reference value :  3.90981e-08
 Reference value :  3.91119e-08
 Reference value :  3.91259e-08
 Reference value :  3.91387e-08
 Reference value :  3.91460e-08
 Reference value :  3.91571e-08
 Reference value :  3.91647e-08
 Reference value :  3.91730e-08
 Reference value :  3.91865e-08
 Reference value :  3.91951e-08
 Reference value :  3.92033e-08
 Reference value :  3.92073e-08
 Reference value :  3.92075e-08
 Reference value :  3.92085e-08
 Reference value :  3.92116e-08
 Reference value :  3.92159e-08
 Reference value :  3.92204e-08
 Reference value :  3.92284e-08
 Reference value :  3.92348e-08
 Reference value :  3.92425e-08
 Reference value :  3.92521e-08
 Reference value :  3.92619e-08
 Reference value :  3.92722e-08
 Reference value :  3.92832e-08
 Reference value :  3.92955e-08
 Reference value :  3.93095e-08
 Reference value :  3.93259e-08
 Reference value :  3.93459e-08
 Reference value :  3.93847e-08
 Reference value :  3.94378e-08
 Reference value :  3.94978e-08
 Reference value :  3.95578e-08
 Reference value :  3.96178e-08
 Reference value :  3.96778e-08
 Reference value :  3.97378e-08
 Reference value :  3.97978e-08
 Reference value :  3.98578e-08
 Reference value :  3.99378e-08
 Reference value :  3.99978e-08
 Reference value :  4.00778e-08
 Reference value :  4.01578e-08
 Reference value :  4.02378e-08
 Reference value :  4.03178e-08
 Reference value :  4.03909e-08
 Reference value :  4.04041e-08
 Reference value :  4.04043e-08
 Reference value :  4.04062e-08
 Reference value :  4.04131e-08
 Reference value :  4.04213e-08
 Reference value :  4.04287e-08
 Reference value :  4.04432e-08
 Reference value :  4.04524e-08
 Reference value :  4.04618e-08
 Reference value :  4.04711e-08
 Reference value :  4.04837e-08
 Reference value :  4.04874e-08
 Reference value :  4.04908e-08
 Reference value :  4.04943e-08
 Reference value :  4.05016e-08
 Reference value :  4.05091e-08
 Reference value :  4.05216e-08
 Reference value :  4.05259e-08
 Reference value :  4.05346e-08
 Reference value :  4.05432e-08
 Reference value :  4.05509e-08
 Reference value :  4.05541e-08
 Reference value :  4.05543e-08
 Reference value :  4.05560e-08
 Reference value :  4.05619e-08
 Reference value :  4.05688e-08
 Reference value :  4.05742e-08
 Reference value :  4.05804e-08
 Reference value :  4.05878e-08
 Reference value :  4.06020e-08
 Reference value :  4.06118e-08
 Reference value :  4.06223e-08
 Reference value :  4.06399e-08
 Reference value :  4.06611e-08
 Reference value :  4.06887e-08
 Reference value :  4.07259e-08
 Reference value :  4.07581e-08
 Reference value :  4.07972e-08
 Reference value :  4.08372e-08
 Reference value :  4.08972e-08
 Reference value :  4.09572e-08
 Reference value :  4.09972e-08
 Reference value :  4.10772e-08
 Reference value :  4.11572e-08
 Reference value :  4.12172e-08
 Reference value :  4.12972e-08
 Reference value :  4.13572e-08
 Reference value :  4.14172e-08
 Reference value :  4.14972e-08
 Reference value :  4.15772e-08
 Reference value :  4.16372e-08
 Reference value :  4.16972e-08
 Reference value :  4.17509e-08
 Reference value :  4.17512e-08
 Reference value :  4.17535e-08
 Reference value :  4.17578e-08
 Reference value :  4.17656e-08
 Reference value :  4.17723e-08
 Reference value :  4.17811e-08
 Reference value :  4.17907e-08
 Reference value :  4.18046e-08
 Reference value :  4.18141e-08
 Reference value :  4.18269e-08
 Reference value :  4.18350e-08
 Reference value :  4.18419e-08
 Reference value :  4.18530e-08
 Reference value :  4.18649e-08
 Reference value :  4.18784e-08
 Reference value :  4.18913e-08
 Reference value :  4.19008e-08
 Reference value :  4.19009e-08
 Reference value :  4.19010e-08
 Reference value :  4.19026e-08
 Reference value :  4.19085e-08
 Reference value :  4.19130e-08
 Reference value :  4.19206e-08
 Reference value :  4.19304e-08
 Reference value :  4.19385e-08
 Reference value :  4.19482e-08
 Reference value :  4.19580e-08
 Reference value :  4.19685e-08
 Reference value :  4.19798e-08
 Reference value :  4.19994e-08
 Reference value :  4.20241e-08
 Reference value :  4.20576e-08
 Reference value :  4.20861e-08
 Reference value :  4.21215e-08
 Reference value :  4.21815e-08
 Reference value :  4.22215e-08
 Reference value :  4.22615e-08
 Reference value :  4.23215e-08
 Reference value :  4.23815e-08
 Reference value :  4.24615e-08
 Reference value :  4.25215e-08
 Reference value :  4.26015e-08
 Reference value :  4.26615e-08
 Reference value :  4.27415e-08
 Reference value :  4.28215e-08
 Reference value :  4.29015e-08
 Reference value :  4.29615e-08
 Reference value :  4.30215e-08
 Reference value :  4.30796e-08
 Reference value :  4.30977e-08
 Reference value :  4.30980e-08
 Reference value :  4.30991e-08
 Reference value :  4.31025e-08
 Reference value :  4.31072e-08
 Reference value :  4.31127e-08
 Reference value :  4.31195e-08
 Reference value :  4.31284e-08
 Reference value :  4.31380e-08
 Reference value :  4.31518e-08
 Reference value :  4.31658e-08
 Reference value :  4.31741e-08
 Reference value :  4.31822e-08
 Reference value :  4.31896e-08
 Reference value :  4.31968e-08
 Reference value :  4.32083e-08
 Reference value :  4.32172e-08
 Reference value :  4.32260e-08
 Reference value :  4.32389e-08
 Reference value :  4.32476e-08
 Reference value :  4.32477e-08
 Reference value :  4.32480e-08
 Reference value :  4.32507e-08
 Reference value :  4.32526e-08
 Reference value :  4.32591e-08
 Reference value :  4.32667e-08
 Reference value :  4.32761e-08
 Reference value :  4.32888e-08
 Reference value :  4.32986e-08
 Reference value :  4.33086e-08
 Reference value :  4.33251e-08
 Reference value :  4.33375e-08
 Reference value :  4.33518e-08
 Reference value :  4.33783e-08
 Reference value :  4.34141e-08
 Reference value :  4.34449e-08
 Reference value :  4.34831e-08
 Reference value :  4.35231e-08
 Reference value :  4.35831e-08
 Reference value :  4.36231e-08
 Reference value :  4.36631e-08
 Reference value :  4.37231e-08
 Reference value :  4.37831e-08
 Reference value :  4.38431e-08
 Reference value :  4.39031e-08
 Reference value :  4.39831e-08
 Reference value :  4.40431e-08
 Reference value :  4.41031e-08
 Reference value :  4.41831e-08
 Reference value :  4.42431e-08
 Reference value :  4.43031e-08
 Reference value :  4.43631e-08
 Reference value :  4.44231e-08
 Reference value :  4.44445e-08
 Reference value :  4.44445e-08
 Reference value :  4.44449e-08
 Reference value :  4.44481e-08
 Reference value :  4.44527e-08
 Reference value :  4.44579e-08
 Reference value :  4.44642e-08
 Reference value :  4.44724e-08
 Reference value :  4.44821e-08
 Reference value :  4.44913e-08
 Reference value :  4.45007e-08
 Reference value :  4.45101e-08
 Reference value :  4.45228e-08
 Reference value :  4.45303e-08
 Reference value :  4.45375e-08
 Reference value :  4.45485e-08
 Reference value :  4.45564e-08
 Reference value :  4.45699e-08
 Reference value :  4.45785e-08
 Reference value :  4.45872e-08
 Reference value :  4.45945e-08
 Reference value :  4.45946e-08
 Reference value :  4.45950e-08
 Reference value :  4.45968e-08
 Reference value :  4.45986e-08
 Reference value :  4.46051e-08
 Reference value :  4.46098e-08
 Reference value :  4.46183e-08
 Reference value :  4.46292e-08
 Reference value :  4.46388e-08
 Reference value :  4.46535e-08
 Reference value :  4.46698e-08
 Reference value :  4.46886e-08
 Reference value :  4.47120e-08
 Reference value :  4.47433e-08
 Reference value :  4.47857e-08
 Reference value :  4.48426e-08
 Reference value :  4.48826e-08
 Reference value :  4.49226e-08
 Reference value :  4.49626e-08
 Reference value :  4.50026e-08
 Reference value :  4.50626e-08
 Reference value :  4.51426e-08
 Reference value :  4.52026e-08
 Reference value :  4.52826e-08
 Reference value :  4.53626e-08
 Reference value :  4.54426e-08
 Reference value :  4.55226e-08
 Reference value :  4.56026e-08
 Reference value :  4.56826e-08
 Reference value :  4.57626e-08
 Reference value :  4.57913e-08
 Reference value :  4.57915e-08
 Reference value :  4.57936e-08
 Reference value :  4.57978e-08
 Reference value :  4.58028e-08
 Reference value :  4.58087e-08
 Reference value :  4.58161e-08
 Reference value :  4.58257e-08
 Reference value :  4.58351e-08
 Reference value :  4.58443e-08
 Reference value :  4.58583e-08
 Reference value :  4.58667e-08
 Reference value :  4.58747e-08
 Reference value :  4.58816e-08
 Reference value :  4.58927e-08
 Reference value :  4.59045e-08
 Reference value :  4.59132e-08
 Reference value :  4.59264e-08
 Reference value :  4.59381e-08
 Reference value :  4.59413e-08
 Reference value :  4.59415e-08
 Reference value :  4.59422e-08
 Reference value :  4.59470e-08
 Reference value :  4.59513e-08
 Reference value :  4.59561e-08
 Reference value :  4.59614e-08
 Reference value :  4.59713e-08
 Reference value :  4.59844e-08
 Reference value :  4.59942e-08
 Reference value :  4.60044e-08
 Reference value :  4.60153e-08
 Reference value :  4.60340e-08
 Reference value :  4.60487e-08
 Reference value :  4.60660e-08
 Reference value :  4.61000e-08
 Reference value :  4.61290e-08
 Reference value :  4.61851e-08
 Reference value :  4.62651e-08
 Reference value :  4.63251e-08
 Reference value :  4.63651e-08
 Reference value :  4.64251e-08
 Reference value :  4.64851e-08
 Reference value :  4.65451e-08
 Reference value :  4.66051e-08
 Reference value :  4.66651e-08
 Reference value :  4.67251e-08
 Reference value :  4.67851e-08
 Reference value :  4.68651e-08
 Reference value :  4.69251e-08
 Reference value :  4.69851e-08
 Reference value :  4.70451e-08
 Reference value :  4.71051e-08
 Reference value :  4.71381e-08
 Reference value :  4.71384e-08
 Reference value :  4.71407e-08
 Reference value :  4.71426e-08
 Reference value :  4.71474e-08
 Reference value :  4.71528e-08
 Reference value :  4.71595e-08
 Reference value :  4.71731e-08
 Reference value :  4.71870e-08
 Reference value :  4.71965e-08
 Reference value :  4.72057e-08
 Reference value :  4.72140e-08
 Reference value :  4.72221e-08
 Reference value :  4.72290e-08
 Reference value :  4.72401e-08
 Reference value :  4.72478e-08
 Reference value :  4.72565e-08
 Reference value :  4.72698e-08
 Reference value :  4.72827e-08
 Reference value :  4.72881e-08
 Reference value :  4.72881e-08
 Reference value :  4.72889e-08
 Reference value :  4.72935e-08
 Reference value :  4.72978e-08
 Reference value :  4.73025e-08
 Reference value :  4.73078e-08
 Reference value :  4.73176e-08
 Reference value :  4.73304e-08
 Reference value :  4.73402e-08
 Reference value :  4.73557e-08
 Reference value :  4.73670e-08
 Reference value :  4.73797e-08
 Reference value :  4.74024e-08
 Reference value :  4.74324e-08
 Reference value :  4.74582e-08
 Reference value :  4.74899e-08
 Reference value :  4.75287e-08
 Reference value :  4.75687e-08
 Reference value :  4.76087e-08
 Reference value :  4.76687e-08
 Reference value :  4.77287e-08
 Reference value :  4.78087e-08
 Reference value :  4.78887e-08
 Reference value :  4.79487e-08
 Reference value :  4.80287e-08
 Reference value :  4.81087e-08
 Reference value :  4.81687e-08
 Reference value :  4.82287e-08
 Reference value :  4.83087e-08
 Reference value :  4.83887e-08
 Reference value :  4.84668e-08
 Reference value :  4.84849e-08
 Reference value :  4.84852e-08
 Reference value :  4.84877e-08
 Reference value :  4.84920e-08
 Reference value :  4.84999e-08
 Reference value :  4.85108e-08
 Reference value :  4.85252e-08
 Reference value :  4.85343e-08
 Reference value :  4.85485e-08
 Reference value :  4.85572e-08
 Reference value :  4.85695e-08
 Reference value :  4.85768e-08
 Reference value :  4.85840e-08
 Reference value :  4.85916e-08
 Reference value :  4.85998e-08
 Reference value :  4.86090e-08
 Reference value :  4.86176e-08
 Reference value :  4.86305e-08
 Reference value :  4.86349e-08
 Reference value :  4.86352e-08
 Reference value :  4.86379e-08
 Reference value :  4.86398e-08
 Reference value :  4.86441e-08
 Reference value :  4.86487e-08
 Reference value :  4.86539e-08
 Reference value :  4.86633e-08
 Reference value :  4.86760e-08
 Reference value :  4.86907e-08
 Reference value :  4.87010e-08
 Reference value :  4.87183e-08
 Reference value :  4.87316e-08
 Reference value :  4.87470e-08
 Reference value :  4.87655e-08
 Reference value :  4.88013e-08
 Reference value :  4.88321e-08
 Reference value :  4.88903e-08
 Reference value :  4.89303e-08
 Reference value :  4.89903e-08
 Reference value :  4.90303e-08
 Reference value :  4.90703e-08
 Reference value :  4.91503e-08
 Reference value :  4.92103e-08
 Reference value :  4.92903e-08
 Reference value :  4.93503e-08
 Reference value :  4.94103e-08
 Reference value :  4.94703e-08
 Reference value :  4.95503e-08
 Reference value :  4.96103e-08
 Reference value :  4.96703e-08
 Reference value :  4.97503e-08
 Reference value :  4.98210e-08
 Reference value :  4.98317e-08
 Reference value :  4.98317e-08
 Reference value :  4.98325e-08
 Reference value :  4.98353e-08
 Reference value :  4.98399e-08
 Reference value :  4.98480e-08
 Reference value :  4.98551e-08
 Reference value :  4.98646e-08
 Reference value :  4.98786e-08
 Reference value :  4.98928e-08
 Reference value :  4.99058e-08
 Reference value :  4.99139e-08
 Reference value :  4.99209e-08
 Reference value :  4.99320e-08
 Reference value :  4.99436e-08
 Reference value :  4.99572e-08
 Reference value :  4.99701e-08
 Reference value :  4.99816e-08
 Reference value :  4.99817e-08
 Reference value :  4.99822e-08
 Reference value :  4.99858e-08
 Reference value :  4.99946e-08
 Reference value :  5.00055e-08
 Reference value :  5.00164e-08
 Reference value :  5.00260e-08
 Reference value :  5.00357e-08
 Reference value :  5.00513e-08
 Reference value :  5.00692e-08
 Reference value :  5.00830e-08
 Reference value :  5.00992e-08
 Reference value :  5.01305e-08
 Reference value :  5.01729e-08
 Reference value :  5.02098e-08
 Reference value :  5.02698e-08
 Reference value :  5.03098e-08
 Reference value :  5.03498e-08
 Reference value :  5.04098e-08
 Reference value :  5.04698e-08
 Reference value :  5.05298e-08
 Reference value :  5.05898e-08
 Reference value :  5.06498e-08
 Reference value :  5.07298e-08
 Reference value :  5.07898e-08
 Reference value :  5.08898e-08
 Reference value :  5.10098e-08
 Reference value :  5.10898e-08
 Reference value :  5.11641e-08
 Reference value :  5.11785e-08
 Reference value :  5.11786e-08
 Reference value :  5.11796e-08
 Reference value :  5.11828e-08
 Reference value :  5.11875e-08
 Reference value :  5.11929e-08
 Reference value :  5.11995e-08
 Reference value :  5.12080e-08
 Reference value :  5.12223e-08
 Reference value :  5.12363e-08
 Reference value :  5.12456e-08
 Reference value :  5.12539e-08
 Reference value :  5.12619e-08
 Reference value :  5.12654e-08
 Reference value :  5.12726e-08
 Reference value :  5.12799e-08
 Reference value :  5.12917e-08
 Reference value :  5.13004e-08
 Reference value :  5.13136e-08
 Reference value :  5.13253e-08
 Reference value :  5.13285e-08
 Reference value :  5.13287e-08
 Reference value :  5.13294e-08
 Reference value :  5.13342e-08
 Reference value :  5.13385e-08
 Reference value :  5.13460e-08
 Reference value :  5.13518e-08
 Reference value :  5.13585e-08
 Reference value :  5.13716e-08
 Reference value :  5.13814e-08
 Reference value :  5.13969e-08
 Reference value :  5.14084e-08
 Reference value :  5.14282e-08
 Reference value :  5.14441e-08
 Reference value :  5.14635e-08
 Reference value :  5.14872e-08
 Reference value :  5.15162e-08
 Reference value :  5.15523e-08
 Reference value :  5.16123e-08
 Reference value :  5.16723e-08
 Reference value :  5.17123e-08
 Reference value :  5.17523e-08
 Reference value :  5.18123e-08
 Reference value :  5.18723e-08
 Reference value :  5.19523e-08
 Reference value :  5.20123e-08
 Reference value :  5.20923e-08
 Reference value :  5.21723e-08
 Reference value :  5.22323e-08
 Reference value :  5.22923e-08
 Reference value :  5.23723e-08
 Reference value :  5.24323e-08
 Reference value :  5.24923e-08
 Reference value :  5.25253e-08
 Reference value :  5.25256e-08
 Reference value :  5.25266e-08
 Reference value :  5.25299e-08
 Reference value :  5.25346e-08
 Reference value :  5.25431e-08
 Reference value :  5.25507e-08
 Reference value :  5.25603e-08
 Reference value :  5.25696e-08
 Reference value :  5.25837e-08
 Reference value :  5.25929e-08
 Reference value :  5.26056e-08
 Reference value :  5.26127e-08
 Reference value :  5.26162e-08
 Reference value :  5.26235e-08
 Reference value :  5.26310e-08
 Reference value :  5.26391e-08
 Reference value :  5.26484e-08
 Reference value :  5.26613e-08
 Reference value :  5.26699e-08
 Reference value :  5.26753e-08
 Reference value :  5.26755e-08
 Reference value :  5.26770e-08
 Reference value :  5.26807e-08
 Reference value :  5.26874e-08
 Reference value :  5.26950e-08
 Reference value :  5.27048e-08
 Reference value :  5.27129e-08
 Reference value :  5.27226e-08
 Reference value :  5.27375e-08
 Reference value :  5.27542e-08
 Reference value :  5.27669e-08
 Reference value :  5.27896e-08
 Reference value :  5.28196e-08
 Reference value :  5.28605e-08
 Reference value :  5.29159e-08
 Reference value :  5.29559e-08
 Reference value :  5.29959e-08
 Reference value :  5.30359e-08
 Reference value :  5.30759e-08
 Reference value :  5.31359e-08
 Reference value :  5.31959e-08
 Reference value :  5.32559e-08
 Reference value :  5.33359e-08
 Reference value :  5.33959e-08
 Reference value :  5.34559e-08
 Reference value :  5.35359e-08
 Reference value :  5.36159e-08
 Reference value :  5.36759e-08
 Reference value :  5.37559e-08
 Reference value :  5.38159e-08
 Reference value :  5.38721e-08
 Reference value :  5.38721e-08
 Reference value :  5.38721e-08
 Reference value :  5.38721e-08
 Reference value :  5.38721e-08
 Reference value :  5.38721e-08
 Reference value :  5.38721e-08
 Reference value :  5.38721e-08
 Reference value :  5.38721e-08
 Reference value :  5.38721e-08
 Reference value :  5.38721e-08
 Reference value :  5.38721e-08
 Reference value :  5.38721e-08
 Reference value :  5.38723e-08
 Reference value :  5.38732e-08
 Reference value :  5.38741e-08
 Reference value :  5.38752e-08
 Reference value :  5.38770e-08
 Reference value :  5.38793e-08
 Reference value :  5.38811e-08
 Reference value :  5.38847e-08
 Reference value :  5.38884e-08
 Reference value :  5.38951e-08
 Reference value :  5.39035e-08
 Reference value :  5.39098e-08
 Reference value :  5.39167e-08
 Reference value :  5.39282e-08
 Reference value :  5.39407e-08
 Reference value :  5.39528e-08
 Reference value :  5.39597e-08
 Reference value :  5.39660e-08
 Reference value :  5.39762e-08
 Reference value :  5.39880e-08
 Reference value :  5.39970e-08
 Reference value :  5.40057e-08
 Reference value :  5.40182e-08
 Reference value :  5.40221e-08
 Reference value :  5.40224e-08
 Reference value :  5.40248e-08
 Reference value :  5.40287e-08
 Reference value :  5.40331e-08
 Reference value :  5.40378e-08
 Reference value :  5.40433e-08
 Reference value :  5.40496e-08
 Reference value :  5.40574e-08
 Reference value :  5.40665e-08
 Reference value :  5.40805e-08
 Reference value :  5.40973e-08
 Reference value :  5.41195e-08
 Reference value :  5.41391e-08
 Reference value :  5.41799e-08
 Reference value :  5.42188e-08
 Reference value :  5.42588e-08
 Reference value :  5.42988e-08
 Reference value :  5.43588e-08
 Reference value :  5.44188e-08
 Reference value :  5.44988e-08
 Reference value :  5.45588e-08
 Reference value :  5.46388e-08
 Reference value :  5.47188e-08
 Reference value :  5.47788e-08
 Reference value :  5.48388e-08
 Reference value :  5.49188e-08
 Reference value :  5.49988e-08
 Reference value :  5.50588e-08
 Reference value :  5.51188e-08
 Reference value :  5.51988e-08
 Reference value :  5.52189e-08
 Reference value :  5.52191e-08
 Reference value :  5.52206e-08
 Reference value :  5.52261e-08
 Reference value :  5.52341e-08
 Reference value :  5.52451e-08
 Reference value :  5.52548e-08
 Reference value :  5.52607e-08
 Reference value :  5.52679e-08
 Reference value :  5.52754e-08
 Reference value :  5.52840e-08
 Reference value :  5.52883e-08
 Reference value :  5.52922e-08
 Reference value :  5.52995e-08
 Reference value :  5.53071e-08
 Reference value :  5.53190e-08
 Reference value :  5.53313e-08
 Reference value :  5.53458e-08
 Reference value :  5.53555e-08
 Reference value :  5.53645e-08
 Reference value :  5.53689e-08
 Reference value :  5.53689e-08
 Reference value :  5.53691e-08
 Reference value :  5.53697e-08
 Reference value :  5.53724e-08
 Reference value :  5.53765e-08
 Reference value :  5.53832e-08
 Reference value :  5.53916e-08
 Reference value :  5.54021e-08
 Reference value :  5.54106e-08
 Reference value :  5.54246e-08
 Reference value :  5.54358e-08
 Reference value :  5.54570e-08
 Reference value :  5.54753e-08
 Reference value :  5.55143e-08
 Reference value :  5.55529e-08
 Reference value :  5.55929e-08
 Reference value :  5.56329e-08
 Reference value :  5.56729e-08
 Reference value :  5.57329e-08
 Reference value :  5.57729e-08
 Reference value :  5.58529e-08
 Reference value :  5.59129e-08
 Reference value :  5.59729e-08
 Reference value :  5.60329e-08
 Reference value :  5.60929e-08
 Reference value :  5.61729e-08
 Reference value :  5.62529e-08
 Reference value :  5.63329e-08
 Reference value :  5.64129e-08
 Reference value :  5.64929e-08
 Reference value :  5.65493e-08
 Reference value :  5.65657e-08
 Reference value :  5.65660e-08
 Reference value :  5.65684e-08
 Reference value :  5.65716e-08
 Reference value :  5.65764e-08
 Reference value :  5.65857e-08
 Reference value :  5.65938e-08
 Reference value :  5.66077e-08
 Reference value :  5.66140e-08
 Reference value :  5.66175e-08
 Reference value :  5.66250e-08
 Reference value :  5.66339e-08
 Reference value :  5.66379e-08
 Reference value :  5.66417e-08
 Reference value :  5.66453e-08
 Reference value :  5.66489e-08
 Reference value :  5.66564e-08
 Reference value :  5.66684e-08
 Reference value :  5.66766e-08
 Reference value :  5.66857e-08
 Reference value :  5.67006e-08
 Reference value :  5.67097e-08
 Reference value :  5.67157e-08
 Reference value :  5.67158e-08
 Reference value :  5.67166e-08
 Reference value :  5.67214e-08
 Reference value :  5.67234e-08
 Reference value :  5.67278e-08
 Reference value :  5.67328e-08
 Reference value :  5.67385e-08
 Reference value :  5.67453e-08
 Reference value :  5.67537e-08
 Reference value :  5.67625e-08
 Reference value :  5.67722e-08
 Reference value :  5.67835e-08
 Reference value :  5.68049e-08
 Reference value :  5.68234e-08
 Reference value :  5.68477e-08
 Reference value :  5.68825e-08
 Reference value :  5.69225e-08
 Reference value :  5.69825e-08
 Reference value :  5.70425e-08
 Reference value :  5.70825e-08
 Reference value :  5.71425e-08
 Reference value :  5.72225e-08
 Reference value :  5.72825e-08
 Reference value :  5.73625e-08
 Reference value :  5.74225e-08
 Reference value :  5.74825e-08
 Reference value :  5.75625e-08
 Reference value :  5.76425e-08
 Reference value :  5.77225e-08
 Reference value :  5.77825e-08
 Reference value :  5.78425e-08
 Reference value :  5.78975e-08
 Reference value :  5.79125e-08
 Reference value :  5.79128e-08
 Reference value :  5.79150e-08
 Reference value :  5.79164e-08
 Reference value :  5.79228e-08
 Reference value :  5.79285e-08
 Reference value :  5.79355e-08
 Reference value :  5.79448e-08
 Reference value :  5.79531e-08
 Reference value :  5.79592e-08
 Reference value :  5.79626e-08
 Reference value :  5.79698e-08
 Reference value :  5.79836e-08
 Reference value :  5.79875e-08
 Reference value :  5.79911e-08
 Reference value :  5.79986e-08
 Reference value :  5.80062e-08
 Reference value :  5.80142e-08
 Reference value :  5.80224e-08
 Reference value :  5.80314e-08
 Reference value :  5.80410e-08
 Reference value :  5.80455e-08
 Reference value :  5.80547e-08
 Reference value :  5.80625e-08
 Reference value :  5.80628e-08
 Reference value :  5.80638e-08
 Reference value :  5.80669e-08
 Reference value :  5.80734e-08
 Reference value :  5.80781e-08
 Reference value :  5.80836e-08
 Reference value :  5.80900e-08
 Reference value :  5.80979e-08
 Reference value :  5.81066e-08
 Reference value :  5.81212e-08
 Reference value :  5.81395e-08
 Reference value :  5.81644e-08
 Reference value :  5.81867e-08
 Reference value :  5.82177e-08
 Reference value :  5.82777e-08
 Reference value :  5.83177e-08
 Reference value :  5.83777e-08
 Reference value :  5.84377e-08
 Reference value :  5.84977e-08
 Reference value :  5.85577e-08
 Reference value :  5.86377e-08
 Reference value :  5.87177e-08
 Reference value :  5.87977e-08
 Reference value :  5.88577e-08
 Reference value :  5.89377e-08
 Reference value :  5.89977e-08
 Reference value :  5.90577e-08
 Reference value :  5.91177e-08
 Reference value :  5.91777e-08
 Reference value :  5.92485e-08
 Reference value :  5.92593e-08
 Reference value :  5.92594e-08
 Reference value :  5.92597e-08
 Reference value :  5.92628e-08
 Reference value :  5.92667e-08
 Reference value :  5.92779e-08
 Reference value :  5.92857e-08
 Reference value :  5.92954e-08
 Reference value :  5.93011e-08
 Reference value :  5.93072e-08
 Reference value :  5.93107e-08
 Reference value :  5.93181e-08
 Reference value :  5.93271e-08
 Reference value :  5.93312e-08
 Reference value :  5.93350e-08
 Reference value :  5.93422e-08
 Reference value :  5.93537e-08
 Reference value :  5.93657e-08
 Reference value :  5.93743e-08
 Reference value :  5.93840e-08
 Reference value :  5.93939e-08
 Reference value :  5.94061e-08
 Reference value :  5.94093e-08
 Reference value :  5.94095e-08
 Reference value :  5.94103e-08
 Reference value :  5.94133e-08
 Reference value :  5.94171e-08
 Reference value :  5.94240e-08
 Reference value :  5.94293e-08
 Reference value :  5.94356e-08
 Reference value :  5.94477e-08
 Reference value :  5.94610e-08
 Reference value :  5.94775e-08
 Reference value :  5.94991e-08
 Reference value :  5.95292e-08
 Reference value :  5.95777e-08
 Reference value :  5.96377e-08
 Reference value :  5.96977e-08
 Reference value :  5.97377e-08
 Reference value :  5.97777e-08
 Reference value :  5.98177e-08
 Reference value :  5.98777e-08
 Reference value :  5.99577e-08
 Reference value :  6.00177e-08
 Reference value :  6.00977e-08
 Reference value :  6.01777e-08
 Reference value :  6.02577e-08
 Reference value :  6.03377e-08
 Reference value :  6.04177e-08
 Reference value :  6.04777e-08
 Reference value :  6.05377e-08
 Reference value :  6.05919e-08
 Reference value :  6.06061e-08
 Reference value :  6.06063e-08
 Reference value :  6.06084e-08
 Reference value :  6.06099e-08
 Reference value :  6.06141e-08
 Reference value :  6.06221e-08
 Reference value :  6.06336e-08
 Reference value :  6.06434e-08
 Reference value :  6.06469e-08
 Reference value :  6.06530e-08
 Reference value :  6.06564e-08
 Reference value :  6.06636e-08
 Reference value :  6.06729e-08
 Reference value :  6.06867e-08
 Reference value :  6.06943e-08
 Reference value :  6.07060e-08
 Reference value :  6.07184e-08
 Reference value :  6.07328e-08
 Reference value :  6.07470e-08
 Reference value :  6.07561e-08
 Reference value :  6.07561e-08
 Reference value :  6.07565e-08
 Reference value :  6.07596e-08
 Reference value :  6.07658e-08
 Reference value :  6.07704e-08
 Reference value :  6.07788e-08
 Reference value :  6.07893e-08
 Reference value :  6.07978e-08
 Reference value :  6.08118e-08
 Reference value :  6.08230e-08
 Reference value :  6.08363e-08
 Reference value :  6.08625e-08
 Reference value :  6.08863e-08
 Reference value :  6.09201e-08
 Reference value :  6.09601e-08
 Reference value :  6.10000e-08
No. of Data Rows : 6340
m_ui_ref            =  1.34680e-09 targ=  1.35430e-08 trig=  1.21962e-08
m_spa_in            =  5.38721e-09 targ=  1.75834e-08 trig=  1.21962e-08
m_spb_in            =  4.04040e-09 targ=  1.62366e-08 trig=  1.21962e-08
m_spa_c0            =  5.38724e-09 targ=  1.76552e-08 trig=  1.22680e-08
m_spb_c0            =  4.04044e-09 targ=  1.63084e-08 trig=  1.22680e-08
m_trise_c0          =  -2.60852e-09 targ=  1.09643e-08 trig=  1.35729e-08
m_tfall_c0          =  2.78920e-09 targ=  1.50151e-08 trig=  1.22259e-08
m_spa_c1            =  5.38724e-09 targ=  1.76956e-08 trig=  1.23083e-08
m_spb_c1            =  4.04044e-09 targ=  1.63488e-08 trig=  1.23083e-08
m_trise_c1          =  -2.58409e-09 targ=  1.10109e-08 trig=  1.35950e-08
m_tfall_c1          =  2.85561e-09 targ=  1.51037e-08 trig=  1.22481e-08
m_spa_mux           =  5.38724e-09 targ=  1.76477e-08 trig=  1.22605e-08
m_spb_mux           =  4.04044e-09 targ=  1.63009e-08 trig=  1.22605e-08
m_spa_c2            =  5.38727e-09 targ=  1.77295e-08 trig=  1.23422e-08
m_spb_c2            =  4.04047e-09 targ=  1.63827e-08 trig=  1.23422e-08
m_trise_c2          =  -2.59183e-09 targ=  1.10151e-08 trig=  1.36069e-08
m_tfall_c2          =  2.95495e-09 targ=  1.52150e-08 trig=  1.22601e-08
m_spa_cmis          =  5.38724e-09 targ=  1.77103e-08 trig=  1.23230e-08
m_spb_cmis          =  4.03939e-09 targ=  1.63624e-08 trig=  1.23230e-08
m_dj_ui_c0 = 2.5245006501e-05
m_swing_c0 = 4.8978353409e-01
m_vpp_c0 = 4.9152766324e-01
m_vcm_c0 = 3.0501165396e+00
m_dj_ui_c1 = 2.7472507074e-05
m_swing_c1 = 4.8974738506e-01
m_vpp_c1 = 4.9033120224e-01
m_vcm_c1 = 3.0501359739e+00
m_dj_ui_mux = 2.6730006884e-05
m_dj_ui_drv_c1 = 7.4250019082e-07
m_dj_ui_c2 = 4.6035011853e-05
m_swing_c2 = 4.8919564277e-01
m_vpp_c2 = 4.8994483931e-01
m_vcm_c2 = 3.0501905281e+00
m_dj_ui_cmis = 7.7591269980e-04
m_swing_cmis = 4.8917401366e-01
m_swing_avcclo = 4.8859001820e-01
m_vcm_avcclo = 2.7203486376e+00
m_swing_avcchi = 4.9067334740e-01
m_vcm_avcchi = 3.3799366881e+00
m_vgs_sw_max = 1.4578538726e+00
m_vgd_sw_max = 1.9258426202e+00
m_vds_sw_max = 2.5430096113e+00
m_vgs_tail_max = 1.1256442467e+00
m_vds_tail_max = 1.1662747364e+00
m_vmux_dc = 8.4016002632e-01
m_swing_dc = 4.8918255763e-01
m_vcm_dc = 3.0504775814e+00
m_ioff_dc = 9.8622794868e-05
m_itail_dc = 9.9808967423e-03
m_icell_dc = 1.0480896769e-02
Note: Simulation executed from .control section 

