
Note: No compatibility mode selected!


Circuit: * cml-driver-eye-realmux @ tt_27c_3.63v_270mbps -- generated by sim/harness, do not edit

Doing analysis at TEMP = 27.000000 and TNOM = 27.000000

Using SPARSE 1.3 as Direct Linear Solver

Initial Transient Solution
--------------------------

Node                                   Voltage
----                                   -------
vdd                                       3.63
avcc                                       3.3
avcclo                                    2.97
avcchi                                    3.63
clkp                                     2.178
clkn                                     1.089
d0p                                     3.0855
d0n                                     1.9965
d1p                                     3.0855
d1n                                     1.9965
d0pz                                    3.0855
d0nz                                    1.9965
clkpz                                    2.178
clknz                                    1.089
ckref                                    1.089
win                                          0
winc                                         0
xmux_c0.top                             3.0635
xmux_c0.xrc.11                         3.09587
xmux_c0.xrc.21                         3.59763
mp_c0                                  1.92708
xmux_c0.xrlp.11                        1.95945
xmux_c0.xrlp.21                        3.03113
mn_c0                                  3.06347
xmux_c0.xrln.11                        3.06348
xmux_c0.xrln.21                         3.0635
xmux_c0.ibias                           1.1523
xmux_c0.xrref.11                       1.16915
xmux_c0.xrref.21                       3.61315
xmux_c0.sa                             1.44727
xmux_c0.sb                             1.92708
xmux_c0.tail                          0.841029
outp_c0                                2.79134
xc0.tail                               1.54987
outn_c0                                    3.3
ib_c0                                  1.12784
vd_c0                                 0.508659
xmux_c1.top                             3.0635
xmux_c1.xrc.11                         3.09587
xmux_c1.xrc.21                         3.59763
mp_c1                                  1.92708
xmux_c1.xrlp.11                        1.95945
xmux_c1.xrlp.21                        3.03113
mn_c1                                  3.06347
xmux_c1.xrln.11                        3.06348
xmux_c1.xrln.21                         3.0635
xmux_c1.ibias                           1.1523
xmux_c1.xrref.11                       1.16915
xmux_c1.xrref.21                       3.61315
xmux_c1.sa                             1.44727
xmux_c1.sb                             1.92708
xmux_c1.tail                          0.841029
outp_c1                                2.79134
xc1.tail                               1.54987
outn_c1                                    3.3
ib_c1                                  1.12784
vd_c1                                 0.508659
muxref                                  1.1364
xmux_c2.top                             3.0635
xmux_c2.xrc.11                         3.09587
xmux_c2.xrc.21                         3.59763
mp_c2                                  1.92708
xmux_c2.xrlp.11                        1.95945
xmux_c2.xrlp.21                        3.03113
mn_c2                                  3.06347
xmux_c2.xrln.11                        3.06348
xmux_c2.xrln.21                         3.0635
xmux_c2.ibias                           1.1523
xmux_c2.xrref.11                       1.16915
xmux_c2.xrref.21                       3.61315
xmux_c2.sa                             1.44727
xmux_c2.sb                             1.92708
xmux_c2.tail                          0.841029
outp_c2                                2.79134
xc2.tail                               1.54987
outn_c2                                    3.3
ib_c2                                  1.12784
vd_c2                                 0.508659
xmux_cmis.top                           3.0635
xmux_cmis.xrc.11                       3.09587
xmux_cmis.xrc.21                       3.59763
mp_cm                                  1.92708
xmux_cmis.xrlp.11                      1.95945
xmux_cmis.xrlp.21                      3.03113
mn_cm                                  3.06347
xmux_cmis.xrln.11                      3.06348
xmux_cmis.xrln.21                       3.0635
xmux_cmis.ibias                         1.1523
xmux_cmis.xrref.11                     1.16915
xmux_cmis.xrref.21                     3.61315
xmux_cmis.sa                           1.44727
xmux_cmis.sb                           1.92708
xmux_cmis.tail                        0.841029
outp_cmis                              2.79134
xcmis.tail                             1.54987
outn_cmis                                  3.3
ib_cmis                                1.12784
vd_cmis                               0.508659
xmux_vlo.top                            3.0635
xmux_vlo.xrc.11                        3.09587
xmux_vlo.xrc.21                        3.59763
mp_vlo                                 1.92708
xmux_vlo.xrlp.11                       1.95945
xmux_vlo.xrlp.21                       3.03113
mn_vlo                                 3.06347
xmux_vlo.xrln.11                       3.06348
xmux_vlo.xrln.21                        3.0635
xmux_vlo.ibias                          1.1523
xmux_vlo.xrref.11                      1.16915
xmux_vlo.xrref.21                      3.61315
xmux_vlo.sa                            1.44727
xmux_vlo.sb                            1.92708
xmux_vlo.tail                         0.841029
outp_vlo                                2.4617
xvlo.tail                              1.53043
outn_vlo                                  2.97
ib_vlo                                 1.12784
xmux_vhi.top                            3.0635
xmux_vhi.xrc.11                        3.09587
xmux_vhi.xrc.21                        3.59763
mp_vhi                                 1.92708
xmux_vhi.xrlp.11                       1.95945
xmux_vhi.xrlp.21                       3.03113
mn_vhi                                 3.06347
xmux_vhi.xrln.11                       3.06348
xmux_vhi.xrln.21                        3.0635
xmux_vhi.ibias                          1.1523
xmux_vhi.xrref.11                      1.16915
xmux_vhi.xrref.21                      3.61315
xmux_vhi.sa                            1.44727
xmux_vhi.sb                            1.92708
xmux_vhi.tail                         0.841029
outp_vhi                               3.12103
xvhi.tail                              1.56697
outn_vhi                                  3.63
ib_vhi                                 1.12784
xmux_z.top                              3.0635
xmux_z.xrc.11                          3.09587
xmux_z.xrc.21                          3.59763
mp_z                                   1.92708
xmux_z.xrlp.11                         1.95945
xmux_z.xrlp.21                         3.03113
mn_z                                   3.06347
xmux_z.xrln.11                         3.06348
xmux_z.xrln.21                          3.0635
xmux_z.ibias                            1.1523
xmux_z.xrref.11                        1.16915
xmux_z.xrref.21                        3.61315
xmux_z.sa                              1.44727
xmux_z.sb                              2.58828
xmux_z.tail                           0.841029
outp_z                                 2.79134
xz.tail                                1.54987
vss_z                                        0
outn_z                                     3.3
ib_z                                   1.12784
vmuxz                                   1.1364
emuxz#branch                                 0
ediff_cmis#branch                            0
ediff_c2#branch                              0
emuxref#branch                               0
ediff_c1#branch                              0
ediff_c0#branch                              0
eckref#branch                                0
vsens_z#branch                       0.0106732
vwinc#branch                                 0
vwin#branch                                  0
vclknz#branch                                0
vclkpz#branch                                0
vd0nz#branch                                 0
vd0pz#branch                                 0
vd1n#branch                                  0
vd1p#branch                                  0
vd0n#branch                                  0
vd0p#branch                                  0
vclkn#branch                                 0
vclkp#branch                                 0
vavcchi#branch                      -0.0101794
vavcclo#branch                       -0.010166
vavcc#branch                        -0.0508659
vvdd#branch                         -0.0794015

 Reference value :  0.00000e+00
 Reference value :  8.00000e-13
 Reference value :  1.28000e-11
 Reference value :  8.56000e-11
 Reference value :  1.65600e-10
 Reference value :  2.45600e-10
 Reference value :  3.05600e-10
 Reference value :  3.65600e-10
 Reference value :  4.25600e-10
 Reference value :  4.85600e-10
 Reference value :  5.65600e-10
 Reference value :  6.45600e-10
 Reference value :  7.25600e-10
 Reference value :  7.85600e-10
 Reference value :  8.45600e-10
 Reference value :  9.25600e-10
 Reference value :  9.85600e-10
 Reference value :  1.04560e-09
 Reference value :  1.12560e-09
 Reference value :  1.20560e-09
 Reference value :  1.28560e-09
 Reference value :  1.36560e-09
 Reference value :  1.44560e-09
 Reference value :  1.52560e-09
 Reference value :  1.60560e-09
 Reference value :  1.68560e-09
 Reference value :  1.76560e-09
 Reference value :  1.84560e-09
 Reference value :  1.90560e-09
 Reference value :  1.96560e-09
 Reference value :  2.04560e-09
 Reference value :  2.10560e-09
 Reference value :  2.18560e-09
 Reference value :  2.26560e-09
 Reference value :  2.32560e-09
 Reference value :  2.38560e-09
 Reference value :  2.44560e-09
 Reference value :  2.50560e-09
 Reference value :  2.58560e-09
 Reference value :  2.64560e-09
 Reference value :  2.70560e-09
 Reference value :  2.78560e-09
 Reference value :  2.86560e-09
 Reference value :  2.92560e-09
 Reference value :  2.98560e-09
 Reference value :  3.06560e-09
 Reference value :  3.12560e-09
 Reference value :  3.18560e-09
 Reference value :  3.24560e-09
 Reference value :  3.30560e-09
 Reference value :  3.38560e-09
 Reference value :  3.44560e-09
 Reference value :  3.50560e-09
 Reference value :  3.56560e-09
 Reference value :  3.62560e-09
 Reference value :  3.70370e-09
 Reference value :  3.70377e-09
 Reference value :  3.70436e-09
 Reference value :  3.70824e-09
 Reference value :  3.71230e-09
 Reference value :  3.71714e-09
 Reference value :  3.72328e-09
 Reference value :  3.72621e-09
 Reference value :  3.73250e-09
 Reference value :  3.73571e-09
 Reference value :  3.73895e-09
 Reference value :  3.74584e-09
 Reference value :  3.75775e-09
 Reference value :  3.76779e-09
 Reference value :  3.77431e-09
 Reference value :  3.78160e-09
 Reference value :  3.78875e-09
 Reference value :  3.79645e-09
 Reference value :  3.80418e-09
 Reference value :  3.81195e-09
 Reference value :  3.82377e-09
 Reference value :  3.83448e-09
 Reference value :  3.84129e-09
 Reference value :  3.84453e-09
 Reference value :  3.85370e-09
 Reference value :  3.85372e-09
 Reference value :  3.85382e-09
 Reference value :  3.85479e-09
 Reference value :  3.85672e-09
 Reference value :  3.85907e-09
 Reference value :  3.86236e-09
 Reference value :  3.86685e-09
 Reference value :  3.87528e-09
 Reference value :  3.88500e-09
 Reference value :  3.89270e-09
 Reference value :  3.90227e-09
 Reference value :  3.92271e-09
 Reference value :  3.95256e-09
 Reference value :  3.97826e-09
 Reference value :  4.01468e-09
 Reference value :  4.07468e-09
 Reference value :  4.13468e-09
 Reference value :  4.19468e-09
 Reference value :  4.25468e-09
 Reference value :  4.33468e-09
 Reference value :  4.41468e-09
 Reference value :  4.47468e-09
 Reference value :  4.53468e-09
 Reference value :  4.59468e-09
 Reference value :  4.67468e-09
 Reference value :  4.75468e-09
 Reference value :  4.83468e-09
 Reference value :  4.91468e-09
 Reference value :  4.99468e-09
 Reference value :  5.07468e-09
 Reference value :  5.17468e-09
 Reference value :  5.25468e-09
 Reference value :  5.33468e-09
 Reference value :  5.41468e-09
 Reference value :  5.49468e-09
 Reference value :  5.57468e-09
 Reference value :  5.63468e-09
 Reference value :  5.71468e-09
 Reference value :  5.81468e-09
 Reference value :  5.91468e-09
 Reference value :  6.01468e-09
 Reference value :  6.13468e-09
 Reference value :  6.25468e-09
 Reference value :  6.35468e-09
 Reference value :  6.45468e-09
 Reference value :  6.53468e-09
 Reference value :  6.59468e-09
 Reference value :  6.65468e-09
 Reference value :  6.71468e-09
 Reference value :  6.77468e-09
 Reference value :  6.85468e-09
 Reference value :  6.93468e-09
 Reference value :  6.99468e-09
 Reference value :  7.07468e-09
 Reference value :  7.15468e-09
 Reference value :  7.21468e-09
 Reference value :  7.29468e-09
 Reference value :  7.37468e-09
 Reference value :  7.40743e-09
 Reference value :  7.40770e-09
 Reference value :  7.40985e-09
 Reference value :  7.41579e-09
 Reference value :  7.42327e-09
 Reference value :  7.42947e-09
 Reference value :  7.43558e-09
 Reference value :  7.44202e-09
 Reference value :  7.44888e-09
 Reference value :  7.45653e-09
 Reference value :  7.46303e-09
 Reference value :  7.46980e-09
 Reference value :  7.47623e-09
 Reference value :  7.48336e-09
 Reference value :  7.48684e-09
 Reference value :  7.49808e-09
 Reference value :  7.50966e-09
 Reference value :  7.51749e-09
 Reference value :  7.52553e-09
 Reference value :  7.53258e-09
 Reference value :  7.54310e-09
 Reference value :  7.54641e-09
 Reference value :  7.55531e-09
 Reference value :  7.55742e-09
 Reference value :  7.55760e-09
 Reference value :  7.55820e-09
 Reference value :  7.55993e-09
 Reference value :  7.56156e-09
 Reference value :  7.56618e-09
 Reference value :  7.57335e-09
 Reference value :  7.57895e-09
 Reference value :  7.58875e-09
 Reference value :  7.60098e-09
 Reference value :  7.61186e-09
 Reference value :  7.62637e-09
 Reference value :  7.65645e-09
 Reference value :  7.68228e-09
 Reference value :  7.71821e-09
 Reference value :  7.77821e-09
 Reference value :  7.83821e-09
 Reference value :  7.89821e-09
 Reference value :  7.97821e-09
 Reference value :  8.03821e-09
 Reference value :  8.09821e-09
 Reference value :  8.17821e-09
 Reference value :  8.23821e-09
 Reference value :  8.29821e-09
 Reference value :  8.37821e-09
 Reference value :  8.43821e-09
 Reference value :  8.49821e-09
 Reference value :  8.55821e-09
 Reference value :  8.63821e-09
 Reference value :  8.69821e-09
 Reference value :  8.75821e-09
 Reference value :  8.81821e-09
 Reference value :  8.87821e-09
 Reference value :  8.95821e-09
 Reference value :  9.03821e-09
 Reference value :  9.09821e-09
 Reference value :  9.15821e-09
 Reference value :  9.23821e-09
 Reference value :  9.29821e-09
 Reference value :  9.35821e-09
 Reference value :  9.41821e-09
 Reference value :  9.47821e-09
 Reference value :  9.55821e-09
 Reference value :  9.63821e-09
 Reference value :  9.71821e-09
 Reference value :  9.77821e-09
 Reference value :  9.83821e-09
 Reference value :  9.91821e-09
 Reference value :  9.99821e-09
 Reference value :  1.00782e-08
 Reference value :  1.01582e-08
 Reference value :  1.02382e-08
 Reference value :  1.03182e-08
 Reference value :  1.03782e-08
 Reference value :  1.04382e-08
 Reference value :  1.05182e-08
 Reference value :  1.05782e-08
 Reference value :  1.06582e-08
 Reference value :  1.07382e-08
 Reference value :  1.07982e-08
 Reference value :  1.08582e-08
 Reference value :  1.09382e-08
 Reference value :  1.09982e-08
 Reference value :  1.10582e-08
 Reference value :  1.11111e-08
 Reference value :  1.11111e-08
 Reference value :  1.11112e-08
 Reference value :  1.11117e-08
 Reference value :  1.11136e-08
 Reference value :  1.11173e-08
 Reference value :  1.11216e-08
 Reference value :  1.11270e-08
 Reference value :  1.11332e-08
 Reference value :  1.11393e-08
 Reference value :  1.11458e-08
 Reference value :  1.11526e-08
 Reference value :  1.11603e-08
 Reference value :  1.11668e-08
 Reference value :  1.11736e-08
 Reference value :  1.11800e-08
 Reference value :  1.11871e-08
 Reference value :  1.11906e-08
 Reference value :  1.12018e-08
 Reference value :  1.12096e-08
 Reference value :  1.12173e-08
 Reference value :  1.12253e-08
 Reference value :  1.12330e-08
 Reference value :  1.12363e-08
 Reference value :  1.12468e-08
 Reference value :  1.12502e-08
 Reference value :  1.12570e-08
 Reference value :  1.12611e-08
 Reference value :  1.12611e-08
 Reference value :  1.12615e-08
 Reference value :  1.12627e-08
 Reference value :  1.12644e-08
 Reference value :  1.12680e-08
 Reference value :  1.12722e-08
 Reference value :  1.12770e-08
 Reference value :  1.12827e-08
 Reference value :  1.12890e-08
 Reference value :  1.13002e-08
 Reference value :  1.13097e-08
 Reference value :  1.13223e-08
 Reference value :  1.13492e-08
 Reference value :  1.13860e-08
 Reference value :  1.14419e-08
 Reference value :  1.15019e-08
 Reference value :  1.15619e-08
 Reference value :  1.16419e-08
 Reference value :  1.17219e-08
 Reference value :  1.17819e-08
 Reference value :  1.18419e-08
 Reference value :  1.19019e-08
 Reference value :  1.19819e-08
 Reference value :  1.20819e-08
 Reference value :  1.21619e-08
 Reference value :  1.22419e-08
 Reference value :  1.23019e-08
 Reference value :  1.23619e-08
 Reference value :  1.24219e-08
 Reference value :  1.25019e-08
 Reference value :  1.25819e-08
 Reference value :  1.26619e-08
 Reference value :  1.27219e-08
 Reference value :  1.27819e-08
 Reference value :  1.28619e-08
 Reference value :  1.29419e-08
 Reference value :  1.30019e-08
 Reference value :  1.30819e-08
 Reference value :  1.31419e-08
 Reference value :  1.32019e-08
 Reference value :  1.32819e-08
 Reference value :  1.33419e-08
 Reference value :  1.34219e-08
 Reference value :  1.34819e-08
 Reference value :  1.35419e-08
 Reference value :  1.36019e-08
 Reference value :  1.36619e-08
 Reference value :  1.37419e-08
 Reference value :  1.38019e-08
 Reference value :  1.38819e-08
 Reference value :  1.39619e-08
 Reference value :  1.40419e-08
 Reference value :  1.41219e-08
 Reference value :  1.41819e-08
 Reference value :  1.42419e-08
 Reference value :  1.43019e-08
 Reference value :  1.43619e-08
 Reference value :  1.44219e-08
 Reference value :  1.44819e-08
 Reference value :  1.45619e-08
 Reference value :  1.46219e-08
 Reference value :  1.46819e-08
 Reference value :  1.47419e-08
 Reference value :  1.48148e-08
 Reference value :  1.48149e-08
 Reference value :  1.48151e-08
 Reference value :  1.48160e-08
 Reference value :  1.48210e-08
 Reference value :  1.48253e-08
 Reference value :  1.48307e-08
 Reference value :  1.48369e-08
 Reference value :  1.48430e-08
 Reference value :  1.48495e-08
 Reference value :  1.48563e-08
 Reference value :  1.48640e-08
 Reference value :  1.48705e-08
 Reference value :  1.48805e-08
 Reference value :  1.48872e-08
 Reference value :  1.48908e-08
 Reference value :  1.48980e-08
 Reference value :  1.49094e-08
 Reference value :  1.49210e-08
 Reference value :  1.49330e-08
 Reference value :  1.49400e-08
 Reference value :  1.49505e-08
 Reference value :  1.49574e-08
 Reference value :  1.49648e-08
 Reference value :  1.49649e-08
 Reference value :  1.49652e-08
 Reference value :  1.49673e-08
 Reference value :  1.49690e-08
 Reference value :  1.49717e-08
 Reference value :  1.49759e-08
 Reference value :  1.49834e-08
 Reference value :  1.49895e-08
 Reference value :  1.49998e-08
 Reference value :  1.50084e-08
 Reference value :  1.50260e-08
 Reference value :  1.50432e-08
 Reference value :  1.50755e-08
 Reference value :  1.51056e-08
 Reference value :  1.51656e-08
 Reference value :  1.52456e-08
 Reference value :  1.53256e-08
 Reference value :  1.54056e-08
 Reference value :  1.54856e-08
 Reference value :  1.55656e-08
 Reference value :  1.56456e-08
 Reference value :  1.57056e-08
 Reference value :  1.57856e-08
 Reference value :  1.58456e-08
 Reference value :  1.59056e-08
 Reference value :  1.59856e-08
 Reference value :  1.60456e-08
 Reference value :  1.61056e-08
 Reference value :  1.61856e-08
 Reference value :  1.62456e-08
 Reference value :  1.63256e-08
 Reference value :  1.63856e-08
 Reference value :  1.64456e-08
 Reference value :  1.65256e-08
 Reference value :  1.65856e-08
 Reference value :  1.66456e-08
 Reference value :  1.67056e-08
 Reference value :  1.67856e-08
 Reference value :  1.68656e-08
 Reference value :  1.69256e-08
 Reference value :  1.69856e-08
 Reference value :  1.70456e-08
 Reference value :  1.71056e-08
 Reference value :  1.71656e-08
 Reference value :  1.72256e-08
 Reference value :  1.72856e-08
 Reference value :  1.73656e-08
 Reference value :  1.74256e-08
 Reference value :  1.75056e-08
 Reference value :  1.75856e-08
 Reference value :  1.76656e-08
 Reference value :  1.77256e-08
 Reference value :  1.78056e-08
 Reference value :  1.78856e-08
 Reference value :  1.79456e-08
 Reference value :  1.80256e-08
 Reference value :  1.80856e-08
 Reference value :  1.81656e-08
 Reference value :  1.82456e-08
 Reference value :  1.83256e-08
 Reference value :  1.84056e-08
 Reference value :  1.84656e-08
 Reference value :  1.85185e-08
 Reference value :  1.85187e-08
 Reference value :  1.85197e-08
 Reference value :  1.85229e-08
 Reference value :  1.85269e-08
 Reference value :  1.85317e-08
 Reference value :  1.85406e-08
 Reference value :  1.85467e-08
 Reference value :  1.85532e-08
 Reference value :  1.85640e-08
 Reference value :  1.85677e-08
 Reference value :  1.85742e-08
 Reference value :  1.85842e-08
 Reference value :  1.85945e-08
 Reference value :  1.86017e-08
 Reference value :  1.86092e-08
 Reference value :  1.86170e-08
 Reference value :  1.86287e-08
 Reference value :  1.86404e-08
 Reference value :  1.86437e-08
 Reference value :  1.86543e-08
 Reference value :  1.86611e-08
 Reference value :  1.86685e-08
 Reference value :  1.86685e-08
 Reference value :  1.86687e-08
 Reference value :  1.86701e-08
 Reference value :  1.86718e-08
 Reference value :  1.86736e-08
 Reference value :  1.86773e-08
 Reference value :  1.86818e-08
 Reference value :  1.86871e-08
 Reference value :  1.86901e-08
 Reference value :  1.86999e-08
 Reference value :  1.87121e-08
 Reference value :  1.87297e-08
 Reference value :  1.87566e-08
 Reference value :  1.87792e-08
 Reference value :  1.88293e-08
 Reference value :  1.88893e-08
 Reference value :  1.89493e-08
 Reference value :  1.90293e-08
 Reference value :  1.91093e-08
 Reference value :  1.91693e-08
 Reference value :  1.92493e-08
 Reference value :  1.93293e-08
 Reference value :  1.93893e-08
 Reference value :  1.94493e-08
 Reference value :  1.95093e-08
 Reference value :  1.95893e-08
 Reference value :  1.96693e-08
 Reference value :  1.97493e-08
 Reference value :  1.98093e-08
 Reference value :  1.98693e-08
 Reference value :  1.99293e-08
 Reference value :  1.99893e-08
 Reference value :  2.00493e-08
 Reference value :  2.01093e-08
 Reference value :  2.01693e-08
 Reference value :  2.02493e-08
 Reference value :  2.03293e-08
 Reference value :  2.03893e-08
 Reference value :  2.04693e-08
 Reference value :  2.05493e-08
 Reference value :  2.06293e-08
 Reference value :  2.06893e-08
 Reference value :  2.07693e-08
 Reference value :  2.08293e-08
 Reference value :  2.08893e-08
 Reference value :  2.09493e-08
 Reference value :  2.10293e-08
 Reference value :  2.11093e-08
 Reference value :  2.11693e-08
 Reference value :  2.12293e-08
 Reference value :  2.13093e-08
 Reference value :  2.13893e-08
 Reference value :  2.14493e-08
 Reference value :  2.15093e-08
 Reference value :  2.15693e-08
 Reference value :  2.16493e-08
 Reference value :  2.17093e-08
 Reference value :  2.17693e-08
 Reference value :  2.18293e-08
 Reference value :  2.19093e-08
 Reference value :  2.19693e-08
 Reference value :  2.20493e-08
 Reference value :  2.21093e-08
 Reference value :  2.21693e-08
 Reference value :  2.22222e-08
 Reference value :  2.22224e-08
 Reference value :  2.22228e-08
 Reference value :  2.22266e-08
 Reference value :  2.22328e-08
 Reference value :  2.22415e-08
 Reference value :  2.22474e-08
 Reference value :  2.22537e-08
 Reference value :  2.22604e-08
 Reference value :  2.22677e-08
 Reference value :  2.22747e-08
 Reference value :  2.22814e-08
 Reference value :  2.22911e-08
 Reference value :  2.22982e-08
 Reference value :  2.23054e-08
 Reference value :  2.23168e-08
 Reference value :  2.23245e-08
 Reference value :  2.23404e-08
 Reference value :  2.23510e-08
 Reference value :  2.23613e-08
 Reference value :  2.23722e-08
 Reference value :  2.23723e-08
 Reference value :  2.23738e-08
 Reference value :  2.23755e-08
 Reference value :  2.23810e-08
 Reference value :  2.23909e-08
 Reference value :  2.23969e-08
 Reference value :  2.24073e-08
 Reference value :  2.24158e-08
 Reference value :  2.24267e-08
 Reference value :  2.24412e-08
 Reference value :  2.24603e-08
 Reference value :  2.24971e-08
 Reference value :  2.25330e-08
 Reference value :  2.25930e-08
 Reference value :  2.26530e-08
 Reference value :  2.27330e-08
 Reference value :  2.27930e-08
 Reference value :  2.28730e-08
 Reference value :  2.29530e-08
 Reference value :  2.30130e-08
 Reference value :  2.30930e-08
 Reference value :  2.31730e-08
 Reference value :  2.32530e-08
 Reference value :  2.33330e-08
 Reference value :  2.33930e-08
 Reference value :  2.34730e-08
 Reference value :  2.35330e-08
 Reference value :  2.35930e-08
 Reference value :  2.36530e-08
 Reference value :  2.37130e-08
 Reference value :  2.37730e-08
 Reference value :  2.38330e-08
 Reference value :  2.39130e-08
 Reference value :  2.39930e-08
 Reference value :  2.40730e-08
 Reference value :  2.41530e-08
 Reference value :  2.42330e-08
 Reference value :  2.42930e-08
 Reference value :  2.43530e-08
 Reference value :  2.44130e-08
 Reference value :  2.44730e-08
 Reference value :  2.45530e-08
 Reference value :  2.46330e-08
 Reference value :  2.46930e-08
 Reference value :  2.47730e-08
 Reference value :  2.48530e-08
 Reference value :  2.49130e-08
 Reference value :  2.49930e-08
 Reference value :  2.50730e-08
 Reference value :  2.51530e-08
 Reference value :  2.52330e-08
 Reference value :  2.53130e-08
 Reference value :  2.53930e-08
 Reference value :  2.54530e-08
 Reference value :  2.55330e-08
 Reference value :  2.55930e-08
 Reference value :  2.56530e-08
 Reference value :  2.57130e-08
 Reference value :  2.57730e-08
 Reference value :  2.58530e-08
 Reference value :  2.59259e-08
 Reference value :  2.59259e-08
 Reference value :  2.59261e-08
 Reference value :  2.59271e-08
 Reference value :  2.59321e-08
 Reference value :  2.59365e-08
 Reference value :  2.59480e-08
 Reference value :  2.59574e-08
 Reference value :  2.59675e-08
 Reference value :  2.59784e-08
 Reference value :  2.59884e-08
 Reference value :  2.60019e-08
 Reference value :  2.60127e-08
 Reference value :  2.60282e-08
 Reference value :  2.60441e-08
 Reference value :  2.60547e-08
 Reference value :  2.60650e-08
 Reference value :  2.60759e-08
 Reference value :  2.60760e-08
 Reference value :  2.60763e-08
 Reference value :  2.60775e-08
 Reference value :  2.60784e-08
 Reference value :  2.60801e-08
 Reference value :  2.60847e-08
 Reference value :  2.60892e-08
 Reference value :  2.60946e-08
 Reference value :  2.60975e-08
 Reference value :  2.61038e-08
 Reference value :  2.61110e-08
 Reference value :  2.61245e-08
 Reference value :  2.61449e-08
 Reference value :  2.61750e-08
 Reference value :  2.62008e-08
 Reference value :  2.62567e-08
 Reference value :  2.63167e-08
 Reference value :  2.63967e-08
 Reference value :  2.64767e-08
 Reference value :  2.65567e-08
 Reference value :  2.66367e-08
 Reference value :  2.67167e-08
 Reference value :  2.67767e-08
 Reference value :  2.68367e-08
 Reference value :  2.68967e-08
 Reference value :  2.69567e-08
 Reference value :  2.70367e-08
 Reference value :  2.71167e-08
 Reference value :  2.71767e-08
 Reference value :  2.72567e-08
 Reference value :  2.73367e-08
 Reference value :  2.74167e-08
 Reference value :  2.74967e-08
 Reference value :  2.75767e-08
 Reference value :  2.76767e-08
 Reference value :  2.77567e-08
 Reference value :  2.78367e-08
 Reference value :  2.78967e-08
 Reference value :  2.79567e-08
 Reference value :  2.80367e-08
 Reference value :  2.80967e-08
 Reference value :  2.81567e-08
 Reference value :  2.82167e-08
 Reference value :  2.82767e-08
 Reference value :  2.83367e-08
 Reference value :  2.84167e-08
 Reference value :  2.84967e-08
 Reference value :  2.85767e-08
 Reference value :  2.86567e-08
 Reference value :  2.87367e-08
 Reference value :  2.88167e-08
 Reference value :  2.89167e-08
 Reference value :  2.89967e-08
 Reference value :  2.90767e-08
 Reference value :  2.91567e-08
 Reference value :  2.92567e-08
 Reference value :  2.93367e-08
 Reference value :  2.94167e-08
 Reference value :  2.94767e-08
 Reference value :  2.95367e-08
 Reference value :  2.95967e-08
 Reference value :  2.96296e-08
 Reference value :  2.96299e-08
 Reference value :  2.96321e-08
 Reference value :  2.96362e-08
 Reference value :  2.96412e-08
 Reference value :  2.96466e-08
 Reference value :  2.96517e-08
 Reference value :  2.96591e-08
 Reference value :  2.96660e-08
 Reference value :  2.96761e-08
 Reference value :  2.96818e-08
 Reference value :  2.96913e-08
 Reference value :  2.96983e-08
 Reference value :  2.97052e-08
 Reference value :  2.97118e-08
 Reference value :  2.97183e-08
 Reference value :  2.97252e-08
 Reference value :  2.97368e-08
 Reference value :  2.97449e-08
 Reference value :  2.97561e-08
 Reference value :  2.97591e-08
 Reference value :  2.97653e-08
 Reference value :  2.97718e-08
 Reference value :  2.97796e-08
 Reference value :  2.97797e-08
 Reference value :  2.97800e-08
 Reference value :  2.97830e-08
 Reference value :  2.97885e-08
 Reference value :  2.97956e-08
 Reference value :  2.98019e-08
 Reference value :  2.98088e-08
 Reference value :  2.98189e-08
 Reference value :  2.98296e-08
 Reference value :  2.98297e-08
 Reference value :  2.98307e-08
 Reference value :  2.98339e-08
 Reference value :  2.98389e-08
 Reference value :  2.98516e-08
 Reference value :  2.98615e-08
 Reference value :  2.98738e-08
 Reference value :  2.98887e-08
 Reference value :  2.99055e-08
 Reference value :  2.99404e-08
 Reference value :  2.99691e-08
 Reference value :  3.00055e-08
 Reference value :  3.00655e-08
 Reference value :  3.01255e-08
 Reference value :  3.01855e-08
 Reference value :  3.02455e-08
 Reference value :  3.03255e-08
 Reference value :  3.03855e-08
 Reference value :  3.04655e-08
 Reference value :  3.05255e-08
 Reference value :  3.06055e-08
 Reference value :  3.06855e-08
 Reference value :  3.07655e-08
 Reference value :  3.08455e-08
 Reference value :  3.09255e-08
 Reference value :  3.10055e-08
 Reference value :  3.10855e-08
 Reference value :  3.11655e-08
 Reference value :  3.12455e-08
 Reference value :  3.13255e-08
 Reference value :  3.14055e-08
 Reference value :  3.14855e-08
 Reference value :  3.15655e-08
 Reference value :  3.16455e-08
 Reference value :  3.17255e-08
 Reference value :  3.18055e-08
 Reference value :  3.18855e-08
 Reference value :  3.19455e-08
 Reference value :  3.20255e-08
 Reference value :  3.21055e-08
 Reference value :  3.21655e-08
 Reference value :  3.22255e-08
 Reference value :  3.22855e-08
 Reference value :  3.23655e-08
 Reference value :  3.24455e-08
 Reference value :  3.25255e-08
 Reference value :  3.25855e-08
 Reference value :  3.26655e-08
 Reference value :  3.27455e-08
 Reference value :  3.28255e-08
 Reference value :  3.29055e-08
 Reference value :  3.29855e-08
 Reference value :  3.30655e-08
 Reference value :  3.31455e-08
 Reference value :  3.32055e-08
 Reference value :  3.32655e-08
 Reference value :  3.33333e-08
 Reference value :  3.33334e-08
 Reference value :  3.33338e-08
 Reference value :  3.33353e-08
 Reference value :  3.33370e-08
 Reference value :  3.33410e-08
 Reference value :  3.33482e-08
 Reference value :  3.33586e-08
 Reference value :  3.33662e-08
 Reference value :  3.33729e-08
 Reference value :  3.33802e-08
 Reference value :  3.33838e-08
 Reference value :  3.33870e-08
 Reference value :  3.33941e-08
 Reference value :  3.33975e-08
 Reference value :  3.34033e-08
 Reference value :  3.34086e-08
 Reference value :  3.34141e-08
 Reference value :  3.34167e-08
 Reference value :  3.34190e-08
 Reference value :  3.34212e-08
 Reference value :  3.34260e-08
 Reference value :  3.34351e-08
 Reference value :  3.34386e-08
 Reference value :  3.34419e-08
 Reference value :  3.34451e-08
 Reference value :  3.34516e-08
 Reference value :  3.34580e-08
 Reference value :  3.34647e-08
 Reference value :  3.34719e-08
 Reference value :  3.34793e-08
 Reference value :  3.34833e-08
 Reference value :  3.34834e-08
 Reference value :  3.34841e-08
 Reference value :  3.34882e-08
 Reference value :  3.34921e-08
 Reference value :  3.34990e-08
 Reference value :  3.35078e-08
 Reference value :  3.35138e-08
 Reference value :  3.35234e-08
 Reference value :  3.35306e-08
 Reference value :  3.35384e-08
 Reference value :  3.35522e-08
 Reference value :  3.35703e-08
 Reference value :  3.35861e-08
 Reference value :  3.36062e-08
 Reference value :  3.36460e-08
 Reference value :  3.36981e-08
 Reference value :  3.37581e-08
 Reference value :  3.38181e-08
 Reference value :  3.38581e-08
 Reference value :  3.38981e-08
 Reference value :  3.39581e-08
 Reference value :  3.40181e-08
 Reference value :  3.40781e-08
 Reference value :  3.41381e-08
 Reference value :  3.42181e-08
 Reference value :  3.42981e-08
 Reference value :  3.43781e-08
 Reference value :  3.44381e-08
 Reference value :  3.45181e-08
 Reference value :  3.45981e-08
 Reference value :  3.46581e-08
 Reference value :  3.47181e-08
 Reference value :  3.47981e-08
 Reference value :  3.48581e-08
 Reference value :  3.49381e-08
 Reference value :  3.49981e-08
 Reference value :  3.50581e-08
 Reference value :  3.51181e-08
 Reference value :  3.51781e-08
 Reference value :  3.52581e-08
 Reference value :  3.53381e-08
 Reference value :  3.53981e-08
 Reference value :  3.54581e-08
 Reference value :  3.55381e-08
 Reference value :  3.55981e-08
 Reference value :  3.56781e-08
 Reference value :  3.57581e-08
 Reference value :  3.58181e-08
 Reference value :  3.58981e-08
 Reference value :  3.59981e-08
 Reference value :  3.60981e-08
 Reference value :  3.61781e-08
 Reference value :  3.62581e-08
 Reference value :  3.63381e-08
 Reference value :  3.64181e-08
 Reference value :  3.64981e-08
 Reference value :  3.65781e-08
 Reference value :  3.66381e-08
 Reference value :  3.67181e-08
 Reference value :  3.67781e-08
 Reference value :  3.68581e-08
 Reference value :  3.69381e-08
 Reference value :  3.70181e-08
 Reference value :  3.70371e-08
 Reference value :  3.70372e-08
 Reference value :  3.70383e-08
 Reference value :  3.70414e-08
 Reference value :  3.70477e-08
 Reference value :  3.70531e-08
 Reference value :  3.70603e-08
 Reference value :  3.70680e-08
 Reference value :  3.70748e-08
 Reference value :  3.70863e-08
 Reference value :  3.70897e-08
 Reference value :  3.70967e-08
 Reference value :  3.71070e-08
 Reference value :  3.71124e-08
 Reference value :  3.71179e-08
 Reference value :  3.71205e-08
 Reference value :  3.71228e-08
 Reference value :  3.71250e-08
 Reference value :  3.71298e-08
 Reference value :  3.71354e-08
 Reference value :  3.71424e-08
 Reference value :  3.71457e-08
 Reference value :  3.71522e-08
 Reference value :  3.71587e-08
 Reference value :  3.71685e-08
 Reference value :  3.71793e-08
 Reference value :  3.71850e-08
 Reference value :  3.71870e-08
 Reference value :  3.71874e-08
 Reference value :  3.71902e-08
 Reference value :  3.71958e-08
 Reference value :  3.72027e-08
 Reference value :  3.72085e-08
 Reference value :  3.72146e-08
 Reference value :  3.72237e-08
 Reference value :  3.72305e-08
 Reference value :  3.72421e-08
 Reference value :  3.72509e-08
 Reference value :  3.72673e-08
 Reference value :  3.72898e-08
 Reference value :  3.73099e-08
 Reference value :  3.73353e-08
 Reference value :  3.73652e-08
 Reference value :  3.74218e-08
 Reference value :  3.74818e-08
 Reference value :  3.75218e-08
 Reference value :  3.75818e-08
 Reference value :  3.76418e-08
 Reference value :  3.77218e-08
 Reference value :  3.77779e-08
 Reference value :  3.77788e-08
 Reference value :  3.77809e-08
 Reference value :  3.77966e-08
 Reference value :  3.78545e-08
 Reference value :  3.79145e-08
 Reference value :  3.79745e-08
 Reference value :  3.80545e-08
 Reference value :  3.81145e-08
 Reference value :  3.81484e-08
 Reference value :  3.81492e-08
 Reference value :  3.81502e-08
 Reference value :  3.81580e-08
 Reference value :  3.82249e-08
 Reference value :  3.82849e-08
 Reference value :  3.83649e-08
 Reference value :  3.84449e-08
 Reference value :  3.85049e-08
 Reference value :  3.85649e-08
 Reference value :  3.86249e-08
 Reference value :  3.86849e-08
 Reference value :  3.87449e-08
 Reference value :  3.88049e-08
 Reference value :  3.88649e-08
 Reference value :  3.89249e-08
 Reference value :  3.89849e-08
 Reference value :  3.90449e-08
 Reference value :  3.91249e-08
 Reference value :  3.92049e-08
 Reference value :  3.93049e-08
 Reference value :  3.93649e-08
 Reference value :  3.94449e-08
 Reference value :  3.95249e-08
 Reference value :  3.96049e-08
 Reference value :  3.96299e-08
 Reference value :  3.96307e-08
 Reference value :  3.96328e-08
 Reference value :  3.96664e-08
 Reference value :  3.97264e-08
 Reference value :  3.98064e-08
 Reference value :  3.98864e-08
 Reference value :  3.99664e-08
 Reference value :  4.00264e-08
 Reference value :  4.00864e-08
 Reference value :  4.01464e-08
 Reference value :  4.02064e-08
 Reference value :  4.02864e-08
 Reference value :  4.03464e-08
 Reference value :  4.04264e-08
 Reference value :  4.05064e-08
 Reference value :  4.05864e-08
 Reference value :  4.06464e-08
 Reference value :  4.07064e-08
 Reference value :  4.07408e-08
 Reference value :  4.07410e-08
 Reference value :  4.07431e-08
 Reference value :  4.07467e-08
 Reference value :  4.07510e-08
 Reference value :  4.07563e-08
 Reference value :  4.07634e-08
 Reference value :  4.07711e-08
 Reference value :  4.07780e-08
 Reference value :  4.07852e-08
 Reference value :  4.07890e-08
 Reference value :  4.07957e-08
 Reference value :  4.08028e-08
 Reference value :  4.08090e-08
 Reference value :  4.08142e-08
 Reference value :  4.08195e-08
 Reference value :  4.08280e-08
 Reference value :  4.08354e-08
 Reference value :  4.08492e-08
 Reference value :  4.08592e-08
 Reference value :  4.08689e-08
 Reference value :  4.08794e-08
 Reference value :  4.08868e-08
 Reference value :  4.08908e-08
 Reference value :  4.08909e-08
 Reference value :  4.08923e-08
 Reference value :  4.08976e-08
 Reference value :  4.09039e-08
 Reference value :  4.09122e-08
 Reference value :  4.09152e-08
 Reference value :  4.09213e-08
 Reference value :  4.09308e-08
 Reference value :  4.09380e-08
 Reference value :  4.09458e-08
 Reference value :  4.09596e-08
 Reference value :  4.09777e-08
 Reference value :  4.09935e-08
 Reference value :  4.10259e-08
 Reference value :  4.10689e-08
 Reference value :  4.11055e-08
 Reference value :  4.11455e-08
 Reference value :  4.12055e-08
 Reference value :  4.12455e-08
 Reference value :  4.12855e-08
 Reference value :  4.13255e-08
 Reference value :  4.14055e-08
 Reference value :  4.14855e-08
 Reference value :  4.15455e-08
 Reference value :  4.16255e-08
 Reference value :  4.17055e-08
 Reference value :  4.17855e-08
 Reference value :  4.18519e-08
 Reference value :  4.18525e-08
 Reference value :  4.18533e-08
 Reference value :  4.18617e-08
 Reference value :  4.19286e-08
 Reference value :  4.20086e-08
 Reference value :  4.20686e-08
 Reference value :  4.21486e-08
 Reference value :  4.22286e-08
 Reference value :  4.22886e-08
 Reference value :  4.23486e-08
 Reference value :  4.24086e-08
 Reference value :  4.24686e-08
 Reference value :  4.25486e-08
 Reference value :  4.26086e-08
 Reference value :  4.26686e-08
 Reference value :  4.27286e-08
 Reference value :  4.27886e-08
 Reference value :  4.28486e-08
 Reference value :  4.29086e-08
 Reference value :  4.29686e-08
 Reference value :  4.30286e-08
 Reference value :  4.31086e-08
 Reference value :  4.31686e-08
 Reference value :  4.32286e-08
 Reference value :  4.32886e-08
 Reference value :  4.33333e-08
 Reference value :  4.33340e-08
 Reference value :  4.33348e-08
 Reference value :  4.33387e-08
 Reference value :  4.33901e-08
 Reference value :  4.34701e-08
 Reference value :  4.35501e-08
 Reference value :  4.36301e-08
 Reference value :  4.36901e-08
 Reference value :  4.37501e-08
 Reference value :  4.38101e-08
 Reference value :  4.38701e-08
 Reference value :  4.39301e-08
 Reference value :  4.40101e-08
 Reference value :  4.40901e-08
 Reference value :  4.41701e-08
 Reference value :  4.42301e-08
 Reference value :  4.43101e-08
 Reference value :  4.43901e-08
 Reference value :  4.44445e-08
 Reference value :  4.44446e-08
 Reference value :  4.44450e-08
 Reference value :  4.44468e-08
 Reference value :  4.44505e-08
 Reference value :  4.44572e-08
 Reference value :  4.44633e-08
 Reference value :  4.44711e-08
 Reference value :  4.44817e-08
 Reference value :  4.44927e-08
 Reference value :  4.44994e-08
 Reference value :  4.45099e-08
 Reference value :  4.45154e-08
 Reference value :  4.45206e-08
 Reference value :  4.45265e-08
 Reference value :  4.45317e-08
 Reference value :  4.45392e-08
 Reference value :  4.45453e-08
 Reference value :  4.45564e-08
 Reference value :  4.45629e-08
 Reference value :  4.45693e-08
 Reference value :  4.45760e-08
 Reference value :  4.45868e-08
 Reference value :  4.45925e-08
 Reference value :  4.45945e-08
 Reference value :  4.45946e-08
 Reference value :  4.45960e-08
 Reference value :  4.46013e-08
 Reference value :  4.46076e-08
 Reference value :  4.46159e-08
 Reference value :  4.46189e-08
 Reference value :  4.46250e-08
 Reference value :  4.46312e-08
 Reference value :  4.46417e-08
 Reference value :  4.46495e-08
 Reference value :  4.46633e-08
 Reference value :  4.46748e-08
 Reference value :  4.46888e-08
 Reference value :  4.47173e-08
 Reference value :  4.47571e-08
 Reference value :  4.48092e-08
 Reference value :  4.48692e-08
 Reference value :  4.49292e-08
 Reference value :  4.49692e-08
 Reference value :  4.50292e-08
 Reference value :  4.51092e-08
 Reference value :  4.51892e-08
 Reference value :  4.52692e-08
 Reference value :  4.53492e-08
 Reference value :  4.54092e-08
 Reference value :  4.54692e-08
 Reference value :  4.55292e-08
 Reference value :  4.55557e-08
 Reference value :  4.55566e-08
 Reference value :  4.55587e-08
 Reference value :  4.55923e-08
 Reference value :  4.56723e-08
 Reference value :  4.57323e-08
 Reference value :  4.58123e-08
 Reference value :  4.58723e-08
 Reference value :  4.59723e-08
 Reference value :  4.60723e-08
 Reference value :  4.61723e-08
 Reference value :  4.62523e-08
 Reference value :  4.63123e-08
 Reference value :  4.63923e-08
 Reference value :  4.64523e-08
 Reference value :  4.65323e-08
 Reference value :  4.66123e-08
 Reference value :  4.66923e-08
 Reference value :  4.67523e-08
 Reference value :  4.68123e-08
 Reference value :  4.68723e-08
 Reference value :  4.69523e-08
 Reference value :  4.70247e-08
 Reference value :  4.70377e-08
 Reference value :  4.70385e-08
 Reference value :  4.70424e-08
 Reference value :  4.70738e-08
 Reference value :  4.71338e-08
 Reference value :  4.72138e-08
 Reference value :  4.72938e-08
 Reference value :  4.73738e-08
 Reference value :  4.74538e-08
 Reference value :  4.75338e-08
 Reference value :  4.76138e-08
 Reference value :  4.77138e-08
 Reference value :  4.77738e-08
 Reference value :  4.78538e-08
 Reference value :  4.79138e-08
 Reference value :  4.79738e-08
 Reference value :  4.80338e-08
 Reference value :  4.80938e-08
 Reference value :  4.81482e-08
 Reference value :  4.81484e-08
 Reference value :  4.81505e-08
 Reference value :  4.81542e-08
 Reference value :  4.81584e-08
 Reference value :  4.81637e-08
 Reference value :  4.81708e-08
 Reference value :  4.81821e-08
 Reference value :  4.81926e-08
 Reference value :  4.81964e-08
 Reference value :  4.81999e-08
 Reference value :  4.82031e-08
 Reference value :  4.82102e-08
 Reference value :  4.82136e-08
 Reference value :  4.82165e-08
 Reference value :  4.82191e-08
 Reference value :  4.82216e-08
 Reference value :  4.82269e-08
 Reference value :  4.82331e-08
 Reference value :  4.82379e-08
 Reference value :  4.82429e-08
 Reference value :  4.82528e-08
 Reference value :  4.82601e-08
 Reference value :  4.82666e-08
 Reference value :  4.82763e-08
 Reference value :  4.82833e-08
 Reference value :  4.82905e-08
 Reference value :  4.82962e-08
 Reference value :  4.82982e-08
 Reference value :  4.82983e-08
 Reference value :  4.82997e-08
 Reference value :  4.83031e-08
 Reference value :  4.83091e-08
 Reference value :  4.83139e-08
 Reference value :  4.83196e-08
 Reference value :  4.83257e-08
 Reference value :  4.83349e-08
 Reference value :  4.83454e-08
 Reference value :  4.83574e-08
 Reference value :  4.83725e-08
 Reference value :  4.83925e-08
 Reference value :  4.84210e-08
 Reference value :  4.84608e-08
 Reference value :  4.84937e-08
 Reference value :  4.85529e-08
 Reference value :  4.85929e-08
 Reference value :  4.86329e-08
 Reference value :  4.86929e-08
 Reference value :  4.87329e-08
 Reference value :  4.87929e-08
 Reference value :  4.88529e-08
 Reference value :  4.89329e-08
 Reference value :  4.90129e-08
 Reference value :  4.90929e-08
 Reference value :  4.91729e-08
 Reference value :  4.92329e-08
 Reference value :  4.92594e-08
 Reference value :  4.92603e-08
 Reference value :  4.92607e-08
 Reference value :  4.92647e-08
 Reference value :  4.93360e-08
 Reference value :  4.94160e-08
 Reference value :  4.94760e-08
 Reference value :  4.95360e-08
 Reference value :  4.96160e-08
 Reference value :  4.97160e-08
 Reference value :  4.98160e-08
 Reference value :  4.98960e-08
 Reference value :  4.99760e-08
 Reference value :  5.00560e-08
 Reference value :  5.01160e-08
 Reference value :  5.01960e-08
 Reference value :  5.02560e-08
 Reference value :  5.03160e-08
 Reference value :  5.03960e-08
 Reference value :  5.04560e-08
 Reference value :  5.05360e-08
 Reference value :  5.05960e-08
 Reference value :  5.06560e-08
 Reference value :  5.07160e-08
 Reference value :  5.07408e-08
 Reference value :  5.07418e-08
 Reference value :  5.07428e-08
 Reference value :  5.07596e-08
 Reference value :  5.08375e-08
 Reference value :  5.08975e-08
 Reference value :  5.09575e-08
 Reference value :  5.10375e-08
 Reference value :  5.10975e-08
 Reference value :  5.11575e-08
 Reference value :  5.12175e-08
 Reference value :  5.12775e-08
 Reference value :  5.13575e-08
 Reference value :  5.14175e-08
 Reference value :  5.14975e-08
 Reference value :  5.15575e-08
 Reference value :  5.16175e-08
 Reference value :  5.16975e-08
 Reference value :  5.17575e-08
 Reference value :  5.18347e-08
 Reference value :  5.18519e-08
 Reference value :  5.18520e-08
 Reference value :  5.18524e-08
 Reference value :  5.18559e-08
 Reference value :  5.18646e-08
 Reference value :  5.18785e-08
 Reference value :  5.18891e-08
 Reference value :  5.19001e-08
 Reference value :  5.19068e-08
 Reference value :  5.19173e-08
 Reference value :  5.19228e-08
 Reference value :  5.19306e-08
 Reference value :  5.19391e-08
 Reference value :  5.19439e-08
 Reference value :  5.19493e-08
 Reference value :  5.19603e-08
 Reference value :  5.19703e-08
 Reference value :  5.19767e-08
 Reference value :  5.19870e-08
 Reference value :  5.19942e-08
 Reference value :  5.19999e-08
 Reference value :  5.20019e-08
 Reference value :  5.20020e-08
 Reference value :  5.20034e-08
 Reference value :  5.20068e-08
 Reference value :  5.20128e-08
 Reference value :  5.20176e-08
 Reference value :  5.20233e-08
 Reference value :  5.20263e-08
 Reference value :  5.20324e-08
 Reference value :  5.20386e-08
 Reference value :  5.20454e-08
 Reference value :  5.20529e-08
 Reference value :  5.20658e-08
 Reference value :  5.20762e-08
 Reference value :  5.20888e-08
 Reference value :  5.21140e-08
 Reference value :  5.21370e-08
 Reference value :  5.21645e-08
 Reference value :  5.21974e-08
 Reference value :  5.22366e-08
 Reference value :  5.22966e-08
 Reference value :  5.23566e-08
 Reference value :  5.24166e-08
 Reference value :  5.24966e-08
 Reference value :  5.25766e-08
 Reference value :  5.26366e-08
 Reference value :  5.26966e-08
 Reference value :  5.27766e-08
 Reference value :  5.28566e-08
 Reference value :  5.29166e-08
 Reference value :  5.29631e-08
 Reference value :  5.29640e-08
 Reference value :  5.29645e-08
 Reference value :  5.29684e-08
 Reference value :  5.30197e-08
 Reference value :  5.30797e-08
 Reference value :  5.31597e-08
 Reference value :  5.32197e-08
 Reference value :  5.32797e-08
 Reference value :  5.33397e-08
 Reference value :  5.33997e-08
 Reference value :  5.34597e-08
 Reference value :  5.35397e-08
 Reference value :  5.36197e-08
 Reference value :  5.36797e-08
 Reference value :  5.37397e-08
 Reference value :  5.38197e-08
 Reference value :  5.38797e-08
 Reference value :  5.39397e-08
 Reference value :  5.39997e-08
 Reference value :  5.40797e-08
 Reference value :  5.41597e-08
 Reference value :  5.42397e-08
 Reference value :  5.42997e-08
 Reference value :  5.43797e-08
 Reference value :  5.44444e-08
 Reference value :  5.44451e-08
 Reference value :  5.44459e-08
 Reference value :  5.44499e-08
 Reference value :  5.45012e-08
 Reference value :  5.45812e-08
 Reference value :  5.46612e-08
 Reference value :  5.47212e-08
 Reference value :  5.47812e-08
 Reference value :  5.48412e-08
 Reference value :  5.49212e-08
 Reference value :  5.50012e-08
 Reference value :  5.50812e-08
 Reference value :  5.51412e-08
 Reference value :  5.52012e-08
 Reference value :  5.52612e-08
 Reference value :  5.53212e-08
 Reference value :  5.54012e-08
 Reference value :  5.54812e-08
 Reference value :  5.55384e-08
 Reference value :  5.55556e-08
 Reference value :  5.55558e-08
 Reference value :  5.55579e-08
 Reference value :  5.55596e-08
 Reference value :  5.55636e-08
 Reference value :  5.55683e-08
 Reference value :  5.55744e-08
 Reference value :  5.55822e-08
 Reference value :  5.55895e-08
 Reference value :  5.56000e-08
 Reference value :  5.56038e-08
 Reference value :  5.56073e-08
 Reference value :  5.56140e-08
 Reference value :  5.56210e-08
 Reference value :  5.56265e-08
 Reference value :  5.56290e-08
 Reference value :  5.56376e-08
 Reference value :  5.56428e-08
 Reference value :  5.56503e-08
 Reference value :  5.56602e-08
 Reference value :  5.56675e-08
 Reference value :  5.56772e-08
 Reference value :  5.56871e-08
 Reference value :  5.56979e-08
 Reference value :  5.57056e-08
 Reference value :  5.57056e-08
 Reference value :  5.57057e-08
 Reference value :  5.57071e-08
 Reference value :  5.57105e-08
 Reference value :  5.57143e-08
 Reference value :  5.57187e-08
 Reference value :  5.57239e-08
 Reference value :  5.57300e-08
 Reference value :  5.57361e-08
 Reference value :  5.57423e-08
 Reference value :  5.57528e-08
 Reference value :  5.57648e-08
 Reference value :  5.57744e-08
 Reference value :  5.57925e-08
 Reference value :  5.58083e-08
 Reference value :  5.58285e-08
 Reference value :  5.58682e-08
 Reference value :  5.59203e-08
 Reference value :  5.59803e-08
 Reference value :  5.60403e-08
 Reference value :  5.61003e-08
 Reference value :  5.61603e-08
 Reference value :  5.62403e-08
 Reference value :  5.63203e-08
 Reference value :  5.64003e-08
 Reference value :  5.64803e-08
 Reference value :  5.65403e-08
 Reference value :  5.66003e-08
 Reference value :  5.66535e-08
 Reference value :  5.66670e-08
 Reference value :  5.66677e-08
 Reference value :  5.66698e-08
 Reference value :  5.66855e-08
 Reference value :  5.67434e-08
 Reference value :  5.68234e-08
 Reference value :  5.68834e-08
 Reference value :  5.69434e-08
 Reference value :  5.70234e-08
 Reference value :  5.71034e-08
 Reference value :  5.71634e-08
 Reference value :  5.72234e-08
 Reference value :  5.72834e-08
 Reference value :  5.73434e-08
 Reference value :  5.74234e-08
 Reference value :  5.74834e-08
 Reference value :  5.75434e-08
 Reference value :  5.76234e-08
 Reference value :  5.77034e-08
 Reference value :  5.77634e-08
 Reference value :  5.78434e-08
 Reference value :  5.79234e-08
 Reference value :  5.80034e-08
 Reference value :  5.80634e-08
 Reference value :  5.81358e-08
 Reference value :  5.81488e-08
 Reference value :  5.81494e-08
 Reference value :  5.81513e-08
 Reference value :  5.81670e-08
 Reference value :  5.82449e-08
 Reference value :  5.83049e-08
 Reference value :  5.83849e-08
 Reference value :  5.84649e-08
 Reference value :  5.85188e-08
 Reference value :  5.85196e-08
 Reference value :  5.85206e-08
 Reference value :  5.85284e-08
 Reference value :  5.85953e-08
 Reference value :  5.86753e-08
 Reference value :  5.87553e-08
 Reference value :  5.88353e-08
 Reference value :  5.89153e-08
 Reference value :  5.89953e-08
 Reference value :  5.90753e-08
 Reference value :  5.91553e-08
 Reference value :  5.92153e-08
 Reference value :  5.92593e-08
 Reference value :  5.92595e-08
 Reference value :  5.92601e-08
 Reference value :  5.92627e-08
 Reference value :  5.92687e-08
 Reference value :  5.92770e-08
 Reference value :  5.92840e-08
 Reference value :  5.92950e-08
 Reference value :  5.93056e-08
 Reference value :  5.93125e-08
 Reference value :  5.93234e-08
 Reference value :  5.93297e-08
 Reference value :  5.93322e-08
 Reference value :  5.93407e-08
 Reference value :  5.93455e-08
 Reference value :  5.93502e-08
 Reference value :  5.93619e-08
 Reference value :  5.93686e-08
 Reference value :  5.93782e-08
 Reference value :  5.93914e-08
 Reference value :  5.94022e-08
 Reference value :  5.94093e-08
 Reference value :  5.94096e-08
 Reference value :  5.94118e-08
 Reference value :  5.94154e-08
 Reference value :  5.94239e-08
 Reference value :  5.94327e-08
 Reference value :  5.94449e-08
 Reference value :  5.94552e-08
 Reference value :  5.94629e-08
 Reference value :  5.94817e-08
 Reference value :  5.95091e-08
 Reference value :  5.95400e-08
 Reference value :  5.95819e-08
 Reference value :  5.96372e-08
 Reference value :  5.96972e-08
 Reference value :  5.97572e-08
 Reference value :  5.98172e-08
 Reference value :  5.99172e-08
 Reference value :  5.99972e-08
 Reference value :  6.00572e-08
 Reference value :  6.01372e-08
 Reference value :  6.02172e-08
 Reference value :  6.02972e-08
 Reference value :  6.03772e-08
 Reference value :  6.04572e-08
 Reference value :  6.05372e-08
 Reference value :  6.05972e-08
 Reference value :  6.06772e-08
 Reference value :  6.07572e-08
 Reference value :  6.08372e-08
 Reference value :  6.08972e-08
 Reference value :  6.09572e-08
 Reference value :  6.10000e-08
No. of Data Rows : 4444
m_ui_ref            =  3.70370e-09 targ=  3.71120e-08 trig=  3.34083e-08
m_spa_in            =  1.48148e-08 targ=  4.82231e-08 trig=  3.34083e-08
m_spb_in            =  1.11111e-08 targ=  4.45194e-08 trig=  3.34083e-08
m_spa_c0            =  1.48148e-08 targ=  4.82836e-08 trig=  3.34688e-08
m_spb_c0            =  1.11111e-08 targ=  4.45799e-08 trig=  3.34688e-08
m_trise_c0          =  4.84201e-11 targ=  3.71989e-08 trig=  3.71505e-08
m_tfall_c0          =  4.84140e-11 targ=  4.09026e-08 trig=  4.08542e-08
m_spa_c1            =  1.48148e-08 targ=  4.83203e-08 trig=  3.35055e-08
m_spb_c1            =  1.11111e-08 targ=  4.46166e-08 trig=  3.35055e-08
m_trise_c1          =  1.19719e-10 targ=  3.72886e-08 trig=  3.71689e-08
m_tfall_c1          =  1.19716e-10 targ=  4.09923e-08 trig=  4.08726e-08
m_spa_mux           =  1.48148e-08 targ=  4.82764e-08 trig=  3.34616e-08
m_spb_mux           =  1.11111e-08 targ=  4.45727e-08 trig=  3.34616e-08
m_spa_c2            =  1.48148e-08 targ=  4.83527e-08 trig=  3.35379e-08
m_spb_c2            =  1.11111e-08 targ=  4.46490e-08 trig=  3.35379e-08
m_trise_c2          =  2.21166e-10 targ=  3.73993e-08 trig=  3.71782e-08
m_tfall_c2          =  2.21166e-10 targ=  4.11030e-08 trig=  4.08819e-08
m_spa_cmis          =  1.48148e-08 targ=  4.83333e-08 trig=  3.35185e-08
m_spb_cmis          =  1.11108e-08 targ=  4.46293e-08 trig=  3.35185e-08
m_dj_ui_c0 = 2.6999997840e-06
m_swing_c0 = 5.0972496264e-01
m_vpp_c0 = 5.4106120950e-01
m_vcm_c0 = 3.0451467335e+00
m_dj_ui_c1 = 5.3999995675e-06
m_swing_c1 = 5.0977206712e-01
m_vpp_c1 = 5.2109984264e-01
m_vcm_c1 = 3.0451245301e+00
m_dj_ui_mux = 2.6999997840e-06
m_dj_ui_drv_c1 = 2.6999997840e-06
m_dj_ui_c2 = 5.3999995675e-06
m_swing_c2 = 5.0972324391e-01
m_vpp_c2 = 5.1633138802e-01
m_vcm_c2 = 3.0451422577e+00
m_dj_ui_cmis = 9.1799992655e-05
m_swing_cmis = 5.0972344454e-01
m_swing_avcclo = 5.0939789541e-01
m_vcm_avcclo = 2.7153119765e+00
m_swing_avcchi = 5.1008653172e-01
m_vcm_avcchi = 3.3749670411e+00
m_vgs_sw_max = 1.5199103976e+00
m_vgd_sw_max = 1.7251709719e+00
m_vds_sw_max = 2.1003905678e+00
m_vgs_tail_max = 1.1317763669e+00
m_vds_tail_max = 1.6196586922e+00
m_vmux_dc = 1.1363983680e+00
m_swing_dc = 5.0865876989e-01
m_vcm_dc = 3.0456705706e+00
m_ioff_dc = 8.8817957433e-10
m_itail_dc = 1.0173177174e-02
m_icell_dc = 1.0673177175e-02
Note: Simulation executed from .control section 

