
Note: No compatibility mode selected!


Circuit: * cml-driver-eye-realmux @ tt_27c_2.97v_742p5mbps -- generated by sim/harness, do not edit

Doing analysis at TEMP = 27.000000 and TNOM = 27.000000

Using SPARSE 1.3 as Direct Linear Solver

Initial Transient Solution
--------------------------

Node                                   Voltage
----                                   -------
vdd                                       2.97
avcc                                       3.3
avcclo                                    2.97
avcchi                                    3.63
clkp                                     1.782
clkn                                     0.891
d0p                                     2.5245
d0n                                     1.6335
d1p                                     2.5245
d1n                                     1.6335
d0pz                                    2.5245
d0nz                                    1.6335
clkpz                                    1.782
clknz                                    0.891
ckref                                    0.891
win                                          0
winc                                         0
xmux_c0.top                            2.54728
xmux_c0.xrc.11                         2.57143
xmux_c0.xrc.21                         2.94585
mp_c0                                  1.69931
xmux_c0.xrlp.11                        1.72346
xmux_c0.xrlp.21                        2.52313
mn_c0                                  2.54725
xmux_c0.xrln.11                        2.54726
xmux_c0.xrln.21                        2.54728
xmux_c0.ibias                          1.08449
xmux_c0.xrref.11                       1.09731
xmux_c0.xrref.21                       2.95718
xmux_c0.sa                             1.10704
xmux_c0.sb                              1.6993
xmux_c0.tail                          0.575679
outp_c0                                2.80054
xc0.tail                               1.11198
outn_c0                                3.29983
ib_c0                                  1.12784
vd_c0                                 0.499296
xmux_c1.top                            2.54728
xmux_c1.xrc.11                         2.57143
xmux_c1.xrc.21                         2.94585
mp_c1                                  1.69931
xmux_c1.xrlp.11                        1.72346
xmux_c1.xrlp.21                        2.52313
mn_c1                                  2.54725
xmux_c1.xrln.11                        2.54726
xmux_c1.xrln.21                        2.54728
xmux_c1.ibias                          1.08449
xmux_c1.xrref.11                       1.09731
xmux_c1.xrref.21                       2.95718
xmux_c1.sa                             1.10704
xmux_c1.sb                              1.6993
xmux_c1.tail                          0.575679
outp_c1                                2.80054
xc1.tail                               1.11198
outn_c1                                3.29983
ib_c1                                  1.12784
vd_c1                                 0.499296
muxref                                0.847948
xmux_c2.top                            2.54728
xmux_c2.xrc.11                         2.57143
xmux_c2.xrc.21                         2.94585
mp_c2                                  1.69931
xmux_c2.xrlp.11                        1.72346
xmux_c2.xrlp.21                        2.52313
mn_c2                                  2.54725
xmux_c2.xrln.11                        2.54726
xmux_c2.xrln.21                        2.54728
xmux_c2.ibias                          1.08449
xmux_c2.xrref.11                       1.09731
xmux_c2.xrref.21                       2.95718
xmux_c2.sa                             1.10704
xmux_c2.sb                              1.6993
xmux_c2.tail                          0.575679
outp_c2                                2.80054
xc2.tail                               1.11198
outn_c2                                3.29983
ib_c2                                  1.12784
vd_c2                                 0.499296
xmux_cmis.top                          2.54728
xmux_cmis.xrc.11                       2.57143
xmux_cmis.xrc.21                       2.94585
mp_cm                                  1.69931
xmux_cmis.xrlp.11                      1.72346
xmux_cmis.xrlp.21                      2.52313
mn_cm                                  2.54725
xmux_cmis.xrln.11                      2.54726
xmux_cmis.xrln.21                      2.54728
xmux_cmis.ibias                        1.08449
xmux_cmis.xrref.11                     1.09731
xmux_cmis.xrref.21                     2.95718
xmux_cmis.sa                           1.10704
xmux_cmis.sb                            1.6993
xmux_cmis.tail                        0.575679
outp_cmis                              2.80054
xcmis.tail                             1.11198
outn_cmis                              3.29983
ib_cmis                                1.12784
vd_cmis                               0.499296
xmux_vlo.top                           2.54728
xmux_vlo.xrc.11                        2.57143
xmux_vlo.xrc.21                        2.94585
mp_vlo                                 1.69931
xmux_vlo.xrlp.11                       1.72346
xmux_vlo.xrlp.21                       2.52313
mn_vlo                                 2.54725
xmux_vlo.xrln.11                       2.54726
xmux_vlo.xrln.21                       2.54728
xmux_vlo.ibias                         1.08449
xmux_vlo.xrref.11                      1.09731
xmux_vlo.xrref.21                      2.95718
xmux_vlo.sa                            1.10704
xmux_vlo.sb                             1.6993
xmux_vlo.tail                         0.575679
outp_vlo                               2.47092
xvlo.tail                              1.09687
outn_vlo                               2.96981
ib_vlo                                 1.12784
xmux_vhi.top                           2.54728
xmux_vhi.xrc.11                        2.57143
xmux_vhi.xrc.21                        2.94585
mp_vhi                                 1.69931
xmux_vhi.xrlp.11                       1.72346
xmux_vhi.xrlp.21                       2.52313
mn_vhi                                 2.54725
xmux_vhi.xrln.11                       2.54726
xmux_vhi.xrln.21                       2.54728
xmux_vhi.ibias                         1.08449
xmux_vhi.xrref.11                      1.09731
xmux_vhi.xrref.21                      2.95718
xmux_vhi.sa                            1.10704
xmux_vhi.sb                             1.6993
xmux_vhi.tail                         0.575679
outp_vhi                               3.13018
xvhi.tail                               1.1264
outn_vhi                               3.62985
ib_vhi                                 1.12784
xmux_z.top                             2.54728
xmux_z.xrc.11                          2.57143
xmux_z.xrc.21                          2.94585
mp_z                                   1.69931
xmux_z.xrlp.11                         1.72346
xmux_z.xrlp.21                         2.52313
mn_z                                   2.54725
xmux_z.xrln.11                         2.54725
xmux_z.xrln.21                         2.54728
xmux_z.ibias                           1.08449
xmux_z.xrref.11                        1.09731
xmux_z.xrref.21                        2.95718
xmux_z.sa                              1.10704
xmux_z.sb                              1.98916
xmux_z.tail                           0.575679
outp_z                                 2.80054
xz.tail                                1.11198
vss_z                                        0
outn_z                                 3.29983
ib_z                                   1.12784
vmuxz                                 0.847947
emuxz#branch                                 0
ediff_cmis#branch                            0
ediff_c2#branch                              0
emuxref#branch                               0
ediff_c1#branch                              0
ediff_c0#branch                              0
eckref#branch                                0
vsens_z#branch                       0.0104925
vwinc#branch                                 0
vwin#branch                                  0
vclknz#branch                                0
vclkpz#branch                                0
vd0nz#branch                                 0
vd0pz#branch                                 0
vd1n#branch                                  0
vd1p#branch                                  0
vd0n#branch                                  0
vd0p#branch                                  0
vclkn#branch                                 0
vclkp#branch                                 0
vavcchi#branch                     -0.00999944
vavcclo#branch                      -0.0099853
vavcc#branch                        -0.0499626
vvdd#branch                         -0.0593054

 Reference value :  0.00000e+00
 Reference value :  8.00000e-13
 Reference value :  6.40000e-12
 Reference value :  6.56000e-11
 Reference value :  1.25600e-10
 Reference value :  1.85600e-10
 Reference value :  2.45600e-10
 Reference value :  3.05600e-10
 Reference value :  3.65600e-10
 Reference value :  4.45600e-10
 Reference value :  5.05600e-10
 Reference value :  5.65600e-10
 Reference value :  6.25600e-10
 Reference value :  6.85600e-10
 Reference value :  7.45600e-10
 Reference value :  8.25600e-10
 Reference value :  8.85600e-10
 Reference value :  9.45600e-10
 Reference value :  1.00560e-09
 Reference value :  1.06560e-09
 Reference value :  1.12560e-09
 Reference value :  1.18560e-09
 Reference value :  1.26560e-09
 Reference value :  1.32560e-09
 Reference value :  1.34682e-09
 Reference value :  1.34702e-09
 Reference value :  1.34774e-09
 Reference value :  1.35245e-09
 Reference value :  1.35681e-09
 Reference value :  1.36507e-09
 Reference value :  1.37515e-09
 Reference value :  1.38088e-09
 Reference value :  1.38922e-09
 Reference value :  1.39718e-09
 Reference value :  1.40087e-09
 Reference value :  1.40877e-09
 Reference value :  1.41681e-09
 Reference value :  1.42434e-09
 Reference value :  1.42784e-09
 Reference value :  1.43299e-09
 Reference value :  1.43833e-09
 Reference value :  1.44412e-09
 Reference value :  1.45057e-09
 Reference value :  1.45794e-09
 Reference value :  1.46166e-09
 Reference value :  1.46512e-09
 Reference value :  1.46851e-09
 Reference value :  1.47552e-09
 Reference value :  1.48237e-09
 Reference value :  1.48939e-09
 Reference value :  1.49680e-09
 Reference value :  1.49683e-09
 Reference value :  1.49718e-09
 Reference value :  1.49841e-09
 Reference value :  1.50369e-09
 Reference value :  1.50981e-09
 Reference value :  1.51755e-09
 Reference value :  1.52807e-09
 Reference value :  1.53527e-09
 Reference value :  1.54291e-09
 Reference value :  1.55646e-09
 Reference value :  1.57440e-09
 Reference value :  1.59962e-09
 Reference value :  1.62552e-09
 Reference value :  1.67708e-09
 Reference value :  1.71708e-09
 Reference value :  1.75708e-09
 Reference value :  1.81708e-09
 Reference value :  1.87708e-09
 Reference value :  1.93708e-09
 Reference value :  2.01708e-09
 Reference value :  2.09708e-09
 Reference value :  2.15708e-09
 Reference value :  2.21708e-09
 Reference value :  2.29708e-09
 Reference value :  2.35708e-09
 Reference value :  2.41708e-09
 Reference value :  2.49708e-09
 Reference value :  2.55708e-09
 Reference value :  2.63708e-09
 Reference value :  2.69363e-09
 Reference value :  2.69377e-09
 Reference value :  2.69435e-09
 Reference value :  2.69665e-09
 Reference value :  2.70075e-09
 Reference value :  2.70802e-09
 Reference value :  2.71412e-09
 Reference value :  2.72210e-09
 Reference value :  2.73055e-09
 Reference value :  2.73957e-09
 Reference value :  2.75200e-09
 Reference value :  2.76417e-09
 Reference value :  2.77188e-09
 Reference value :  2.77511e-09
 Reference value :  2.77773e-09
 Reference value :  2.78316e-09
 Reference value :  2.78882e-09
 Reference value :  2.79515e-09
 Reference value :  2.80218e-09
 Reference value :  2.80971e-09
 Reference value :  2.81313e-09
 Reference value :  2.82029e-09
 Reference value :  2.83072e-09
 Reference value :  2.84074e-09
 Reference value :  2.84362e-09
 Reference value :  2.84387e-09
 Reference value :  2.84588e-09
 Reference value :  2.84740e-09
 Reference value :  2.85311e-09
 Reference value :  2.85983e-09
 Reference value :  2.86540e-09
 Reference value :  2.87238e-09
 Reference value :  2.88320e-09
 Reference value :  2.89100e-09
 Reference value :  2.89995e-09
 Reference value :  2.91060e-09
 Reference value :  2.92355e-09
 Reference value :  2.95023e-09
 Reference value :  2.97827e-09
 Reference value :  3.01200e-09
 Reference value :  3.05179e-09
 Reference value :  3.09179e-09
 Reference value :  3.13179e-09
 Reference value :  3.19179e-09
 Reference value :  3.27179e-09
 Reference value :  3.35179e-09
 Reference value :  3.43179e-09
 Reference value :  3.49179e-09
 Reference value :  3.57179e-09
 Reference value :  3.65179e-09
 Reference value :  3.73179e-09
 Reference value :  3.81179e-09
 Reference value :  3.89179e-09
 Reference value :  3.95179e-09
 Reference value :  4.02610e-09
 Reference value :  4.04042e-09
 Reference value :  4.04069e-09
 Reference value :  4.04162e-09
 Reference value :  4.04458e-09
 Reference value :  4.04877e-09
 Reference value :  4.05628e-09
 Reference value :  4.06276e-09
 Reference value :  4.07535e-09
 Reference value :  4.08819e-09
 Reference value :  4.09193e-09
 Reference value :  4.09966e-09
 Reference value :  4.11176e-09
 Reference value :  4.11952e-09
 Reference value :  4.12519e-09
 Reference value :  4.13059e-09
 Reference value :  4.13943e-09
 Reference value :  4.14613e-09
 Reference value :  4.15761e-09
 Reference value :  4.16474e-09
 Reference value :  4.17504e-09
 Reference value :  4.18580e-09
 Reference value :  4.19042e-09
 Reference value :  4.19062e-09
 Reference value :  4.19225e-09
 Reference value :  4.19560e-09
 Reference value :  4.19939e-09
 Reference value :  4.20364e-09
 Reference value :  4.20860e-09
 Reference value :  4.21832e-09
 Reference value :  4.22557e-09
 Reference value :  4.23291e-09
 Reference value :  4.24109e-09
 Reference value :  4.25061e-09
 Reference value :  4.26211e-09
 Reference value :  4.28460e-09
 Reference value :  4.32132e-09
 Reference value :  4.37359e-09
 Reference value :  4.43359e-09
 Reference value :  4.49359e-09
 Reference value :  4.57359e-09
 Reference value :  4.65359e-09
 Reference value :  4.71359e-09
 Reference value :  4.77359e-09
 Reference value :  4.83359e-09
 Reference value :  4.89359e-09
 Reference value :  4.95359e-09
 Reference value :  5.01359e-09
 Reference value :  5.07359e-09
 Reference value :  5.13359e-09
 Reference value :  5.19359e-09
 Reference value :  5.27359e-09
 Reference value :  5.35359e-09
 Reference value :  5.38723e-09
 Reference value :  5.38754e-09
 Reference value :  5.38861e-09
 Reference value :  5.39191e-09
 Reference value :  5.39846e-09
 Reference value :  5.40379e-09
 Reference value :  5.41047e-09
 Reference value :  5.41894e-09
 Reference value :  5.42744e-09
 Reference value :  5.43614e-09
 Reference value :  5.44399e-09
 Reference value :  5.45210e-09
 Reference value :  5.46000e-09
 Reference value :  5.46741e-09
 Reference value :  5.47021e-09
 Reference value :  5.47272e-09
 Reference value :  5.47530e-09
 Reference value :  5.48089e-09
 Reference value :  5.49041e-09
 Reference value :  5.49772e-09
 Reference value :  5.50582e-09
 Reference value :  5.51302e-09
 Reference value :  5.51993e-09
 Reference value :  5.52686e-09
 Reference value :  5.53721e-09
 Reference value :  5.53727e-09
 Reference value :  5.53790e-09
 Reference value :  5.54196e-09
 Reference value :  5.54761e-09
 Reference value :  5.55210e-09
 Reference value :  5.56057e-09
 Reference value :  5.56728e-09
 Reference value :  5.57449e-09
 Reference value :  5.58205e-09
 Reference value :  5.59548e-09
 Reference value :  5.61284e-09
 Reference value :  5.63729e-09
 Reference value :  5.67746e-09
 Reference value :  5.71237e-09
 Reference value :  5.77237e-09
 Reference value :  5.81237e-09
 Reference value :  5.87237e-09
 Reference value :  5.95237e-09
 Reference value :  6.01237e-09
 Reference value :  6.07237e-09
 Reference value :  6.13237e-09
 Reference value :  6.21237e-09
 Reference value :  6.29237e-09
 Reference value :  6.37237e-09
 Reference value :  6.45237e-09
 Reference value :  6.51237e-09
 Reference value :  6.59237e-09
 Reference value :  6.67237e-09
 Reference value :  6.73401e-09
 Reference value :  6.73405e-09
 Reference value :  6.73448e-09
 Reference value :  6.73788e-09
 Reference value :  6.74409e-09
 Reference value :  6.74921e-09
 Reference value :  6.75920e-09
 Reference value :  6.76804e-09
 Reference value :  6.77665e-09
 Reference value :  6.78462e-09
 Reference value :  6.78831e-09
 Reference value :  6.80010e-09
 Reference value :  6.80799e-09
 Reference value :  6.81523e-09
 Reference value :  6.81789e-09
 Reference value :  6.82334e-09
 Reference value :  6.83198e-09
 Reference value :  6.84225e-09
 Reference value :  6.84972e-09
 Reference value :  6.85313e-09
 Reference value :  6.86032e-09
 Reference value :  6.86724e-09
 Reference value :  6.87420e-09
 Reference value :  6.88401e-09
 Reference value :  6.88407e-09
 Reference value :  6.88524e-09
 Reference value :  6.88811e-09
 Reference value :  6.89181e-09
 Reference value :  6.89818e-09
 Reference value :  6.90629e-09
 Reference value :  6.91695e-09
 Reference value :  6.92418e-09
 Reference value :  6.93645e-09
 Reference value :  6.94630e-09
 Reference value :  6.95824e-09
 Reference value :  6.97294e-09
 Reference value :  6.99248e-09
 Reference value :  7.02093e-09
 Reference value :  7.07510e-09
 Reference value :  7.11510e-09
 Reference value :  7.15510e-09
 Reference value :  7.21510e-09
 Reference value :  7.29510e-09
 Reference value :  7.35510e-09
 Reference value :  7.41510e-09
 Reference value :  7.47510e-09
 Reference value :  7.53510e-09
 Reference value :  7.61510e-09
 Reference value :  7.69510e-09
 Reference value :  7.75510e-09
 Reference value :  7.81510e-09
 Reference value :  7.87510e-09
 Reference value :  7.95510e-09
 Reference value :  8.03510e-09
 Reference value :  8.08083e-09
 Reference value :  8.08107e-09
 Reference value :  8.08304e-09
 Reference value :  8.08481e-09
 Reference value :  8.08896e-09
 Reference value :  8.09368e-09
 Reference value :  8.09939e-09
 Reference value :  8.10652e-09
 Reference value :  8.11942e-09
 Reference value :  8.12804e-09
 Reference value :  8.13181e-09
 Reference value :  8.13551e-09
 Reference value :  8.14346e-09
 Reference value :  8.15143e-09
 Reference value :  8.16236e-09
 Reference value :  8.16499e-09
 Reference value :  8.16751e-09
 Reference value :  8.17608e-09
 Reference value :  8.18241e-09
 Reference value :  8.18945e-09
 Reference value :  8.19702e-09
 Reference value :  8.20044e-09
 Reference value :  8.21116e-09
 Reference value :  8.21803e-09
 Reference value :  8.22800e-09
 Reference value :  8.23083e-09
 Reference value :  8.23107e-09
 Reference value :  8.23191e-09
 Reference value :  8.23453e-09
 Reference value :  8.24023e-09
 Reference value :  8.24453e-09
 Reference value :  8.24958e-09
 Reference value :  8.25571e-09
 Reference value :  8.26305e-09
 Reference value :  8.27402e-09
 Reference value :  8.28695e-09
 Reference value :  8.29755e-09
 Reference value :  8.31044e-09
 Reference value :  8.33694e-09
 Reference value :  8.36488e-09
 Reference value :  8.41818e-09
 Reference value :  8.45818e-09
 Reference value :  8.49818e-09
 Reference value :  8.55818e-09
 Reference value :  8.61818e-09
 Reference value :  8.69818e-09
 Reference value :  8.77818e-09
 Reference value :  8.85818e-09
 Reference value :  8.93818e-09
 Reference value :  9.01818e-09
 Reference value :  9.09818e-09
 Reference value :  9.15818e-09
 Reference value :  9.21818e-09
 Reference value :  9.29818e-09
 Reference value :  9.37818e-09
 Reference value :  9.42763e-09
 Reference value :  9.42791e-09
 Reference value :  9.43013e-09
 Reference value :  9.43396e-09
 Reference value :  9.44085e-09
 Reference value :  9.44665e-09
 Reference value :  9.45411e-09
 Reference value :  9.46272e-09
 Reference value :  9.47146e-09
 Reference value :  9.47932e-09
 Reference value :  9.48305e-09
 Reference value :  9.49528e-09
 Reference value :  9.50691e-09
 Reference value :  9.50998e-09
 Reference value :  9.51255e-09
 Reference value :  9.51795e-09
 Reference value :  9.52681e-09
 Reference value :  9.53353e-09
 Reference value :  9.54141e-09
 Reference value :  9.54912e-09
 Reference value :  9.55962e-09
 Reference value :  9.56653e-09
 Reference value :  9.57761e-09
 Reference value :  9.57764e-09
 Reference value :  9.57842e-09
 Reference value :  9.58268e-09
 Reference value :  9.58853e-09
 Reference value :  9.59308e-09
 Reference value :  9.60162e-09
 Reference value :  9.61245e-09
 Reference value :  9.62377e-09
 Reference value :  9.63740e-09
 Reference value :  9.64882e-09
 Reference value :  9.66274e-09
 Reference value :  9.68085e-09
 Reference value :  9.72292e-09
 Reference value :  9.77904e-09
 Reference value :  9.83904e-09
 Reference value :  9.91904e-09
 Reference value :  9.99904e-09
 Reference value :  1.00790e-08
 Reference value :  1.01590e-08
 Reference value :  1.02390e-08
 Reference value :  1.02990e-08
 Reference value :  1.03590e-08
 Reference value :  1.04190e-08
 Reference value :  1.04990e-08
 Reference value :  1.05590e-08
 Reference value :  1.06190e-08
 Reference value :  1.06790e-08
 Reference value :  1.07390e-08
 Reference value :  1.07744e-08
 Reference value :  1.07748e-08
 Reference value :  1.07759e-08
 Reference value :  1.07795e-08
 Reference value :  1.07843e-08
 Reference value :  1.07901e-08
 Reference value :  1.07972e-08
 Reference value :  1.08084e-08
 Reference value :  1.08168e-08
 Reference value :  1.08209e-08
 Reference value :  1.08288e-08
 Reference value :  1.08367e-08
 Reference value :  1.08447e-08
 Reference value :  1.08523e-08
 Reference value :  1.08553e-08
 Reference value :  1.08579e-08
 Reference value :  1.08604e-08
 Reference value :  1.08661e-08
 Reference value :  1.08721e-08
 Reference value :  1.08788e-08
 Reference value :  1.08866e-08
 Reference value :  1.08945e-08
 Reference value :  1.09017e-08
 Reference value :  1.09125e-08
 Reference value :  1.09221e-08
 Reference value :  1.09244e-08
 Reference value :  1.09249e-08
 Reference value :  1.09279e-08
 Reference value :  1.09316e-08
 Reference value :  1.09378e-08
 Reference value :  1.09428e-08
 Reference value :  1.09488e-08
 Reference value :  1.09609e-08
 Reference value :  1.09719e-08
 Reference value :  1.09744e-08
 Reference value :  1.09748e-08
 Reference value :  1.09777e-08
 Reference value :  1.09829e-08
 Reference value :  1.09961e-08
 Reference value :  1.10140e-08
 Reference value :  1.10280e-08
 Reference value :  1.10511e-08
 Reference value :  1.10818e-08
 Reference value :  1.11328e-08
 Reference value :  1.11928e-08
 Reference value :  1.12528e-08
 Reference value :  1.13128e-08
 Reference value :  1.13728e-08
 Reference value :  1.14328e-08
 Reference value :  1.15128e-08
 Reference value :  1.15928e-08
 Reference value :  1.16728e-08
 Reference value :  1.17328e-08
 Reference value :  1.17928e-08
 Reference value :  1.18728e-08
 Reference value :  1.19528e-08
 Reference value :  1.20328e-08
 Reference value :  1.20928e-08
 Reference value :  1.21212e-08
 Reference value :  1.21215e-08
 Reference value :  1.21236e-08
 Reference value :  1.21274e-08
 Reference value :  1.21318e-08
 Reference value :  1.21400e-08
 Reference value :  1.21515e-08
 Reference value :  1.21600e-08
 Reference value :  1.21687e-08
 Reference value :  1.21726e-08
 Reference value :  1.21763e-08
 Reference value :  1.21881e-08
 Reference value :  1.21915e-08
 Reference value :  1.21948e-08
 Reference value :  1.22049e-08
 Reference value :  1.22107e-08
 Reference value :  1.22167e-08
 Reference value :  1.22228e-08
 Reference value :  1.22295e-08
 Reference value :  1.22374e-08
 Reference value :  1.22446e-08
 Reference value :  1.22553e-08
 Reference value :  1.22630e-08
 Reference value :  1.22712e-08
 Reference value :  1.22713e-08
 Reference value :  1.22717e-08
 Reference value :  1.22731e-08
 Reference value :  1.22764e-08
 Reference value :  1.22803e-08
 Reference value :  1.22846e-08
 Reference value :  1.22925e-08
 Reference value :  1.23032e-08
 Reference value :  1.23112e-08
 Reference value :  1.23237e-08
 Reference value :  1.23329e-08
 Reference value :  1.23433e-08
 Reference value :  1.23551e-08
 Reference value :  1.23690e-08
 Reference value :  1.23859e-08
 Reference value :  1.24070e-08
 Reference value :  1.24338e-08
 Reference value :  1.24681e-08
 Reference value :  1.25279e-08
 Reference value :  1.25879e-08
 Reference value :  1.26479e-08
 Reference value :  1.26879e-08
 Reference value :  1.27479e-08
 Reference value :  1.28079e-08
 Reference value :  1.28679e-08
 Reference value :  1.29279e-08
 Reference value :  1.30079e-08
 Reference value :  1.30679e-08
 Reference value :  1.31279e-08
 Reference value :  1.31879e-08
 Reference value :  1.32479e-08
 Reference value :  1.33079e-08
 Reference value :  1.33679e-08
 Reference value :  1.34279e-08
 Reference value :  1.34680e-08
 Reference value :  1.34681e-08
 Reference value :  1.34689e-08
 Reference value :  1.34735e-08
 Reference value :  1.34803e-08
 Reference value :  1.34891e-08
 Reference value :  1.35017e-08
 Reference value :  1.35144e-08
 Reference value :  1.35220e-08
 Reference value :  1.35300e-08
 Reference value :  1.35338e-08
 Reference value :  1.35406e-08
 Reference value :  1.35510e-08
 Reference value :  1.35570e-08
 Reference value :  1.35628e-08
 Reference value :  1.35688e-08
 Reference value :  1.35754e-08
 Reference value :  1.35826e-08
 Reference value :  1.35896e-08
 Reference value :  1.35967e-08
 Reference value :  1.36040e-08
 Reference value :  1.36118e-08
 Reference value :  1.36180e-08
 Reference value :  1.36181e-08
 Reference value :  1.36186e-08
 Reference value :  1.36205e-08
 Reference value :  1.36240e-08
 Reference value :  1.36300e-08
 Reference value :  1.36375e-08
 Reference value :  1.36437e-08
 Reference value :  1.36518e-08
 Reference value :  1.36598e-08
 Reference value :  1.36680e-08
 Reference value :  1.36817e-08
 Reference value :  1.36982e-08
 Reference value :  1.37190e-08
 Reference value :  1.37324e-08
 Reference value :  1.37377e-08
 Reference value :  1.37384e-08
 Reference value :  1.37394e-08
 Reference value :  1.37562e-08
 Reference value :  1.37855e-08
 Reference value :  1.38409e-08
 Reference value :  1.38721e-08
 Reference value :  1.38731e-08
 Reference value :  1.38741e-08
 Reference value :  1.38909e-08
 Reference value :  1.39488e-08
 Reference value :  1.39888e-08
 Reference value :  1.40288e-08
 Reference value :  1.40888e-08
 Reference value :  1.41688e-08
 Reference value :  1.42288e-08
 Reference value :  1.42888e-08
 Reference value :  1.43688e-08
 Reference value :  1.44109e-08
 Reference value :  1.44118e-08
 Reference value :  1.44128e-08
 Reference value :  1.44207e-08
 Reference value :  1.44875e-08
 Reference value :  1.45675e-08
 Reference value :  1.46275e-08
 Reference value :  1.47075e-08
 Reference value :  1.47675e-08
 Reference value :  1.48148e-08
 Reference value :  1.48151e-08
 Reference value :  1.48160e-08
 Reference value :  1.48189e-08
 Reference value :  1.48230e-08
 Reference value :  1.48305e-08
 Reference value :  1.48369e-08
 Reference value :  1.48450e-08
 Reference value :  1.48580e-08
 Reference value :  1.48622e-08
 Reference value :  1.48697e-08
 Reference value :  1.48777e-08
 Reference value :  1.48850e-08
 Reference value :  1.48918e-08
 Reference value :  1.48987e-08
 Reference value :  1.49053e-08
 Reference value :  1.49112e-08
 Reference value :  1.49172e-08
 Reference value :  1.49282e-08
 Reference value :  1.49391e-08
 Reference value :  1.49499e-08
 Reference value :  1.49576e-08
 Reference value :  1.49648e-08
 Reference value :  1.49648e-08
 Reference value :  1.49652e-08
 Reference value :  1.49663e-08
 Reference value :  1.49698e-08
 Reference value :  1.49735e-08
 Reference value :  1.49778e-08
 Reference value :  1.49827e-08
 Reference value :  1.49886e-08
 Reference value :  1.49960e-08
 Reference value :  1.50041e-08
 Reference value :  1.50122e-08
 Reference value :  1.50209e-08
 Reference value :  1.50358e-08
 Reference value :  1.50540e-08
 Reference value :  1.50690e-08
 Reference value :  1.50875e-08
 Reference value :  1.51245e-08
 Reference value :  1.51776e-08
 Reference value :  1.52082e-08
 Reference value :  1.52192e-08
 Reference value :  1.52199e-08
 Reference value :  1.52209e-08
 Reference value :  1.52377e-08
 Reference value :  1.52756e-08
 Reference value :  1.53356e-08
 Reference value :  1.53956e-08
 Reference value :  1.54756e-08
 Reference value :  1.55356e-08
 Reference value :  1.55956e-08
 Reference value :  1.56756e-08
 Reference value :  1.57466e-08
 Reference value :  1.57582e-08
 Reference value :  1.57591e-08
 Reference value :  1.57675e-08
 Reference value :  1.58343e-08
 Reference value :  1.59143e-08
 Reference value :  1.59743e-08
 Reference value :  1.60543e-08
 Reference value :  1.61343e-08
 Reference value :  1.61616e-08
 Reference value :  1.61619e-08
 Reference value :  1.61628e-08
 Reference value :  1.61657e-08
 Reference value :  1.61698e-08
 Reference value :  1.61746e-08
 Reference value :  1.61803e-08
 Reference value :  1.61918e-08
 Reference value :  1.62002e-08
 Reference value :  1.62090e-08
 Reference value :  1.62128e-08
 Reference value :  1.62165e-08
 Reference value :  1.62245e-08
 Reference value :  1.62283e-08
 Reference value :  1.62318e-08
 Reference value :  1.62351e-08
 Reference value :  1.62418e-08
 Reference value :  1.62489e-08
 Reference value :  1.62550e-08
 Reference value :  1.62609e-08
 Reference value :  1.62674e-08
 Reference value :  1.62750e-08
 Reference value :  1.62824e-08
 Reference value :  1.62930e-08
 Reference value :  1.63005e-08
 Reference value :  1.63080e-08
 Reference value :  1.63116e-08
 Reference value :  1.63120e-08
 Reference value :  1.63147e-08
 Reference value :  1.63203e-08
 Reference value :  1.63246e-08
 Reference value :  1.63295e-08
 Reference value :  1.63354e-08
 Reference value :  1.63428e-08
 Reference value :  1.63509e-08
 Reference value :  1.63590e-08
 Reference value :  1.63724e-08
 Reference value :  1.63883e-08
 Reference value :  1.64080e-08
 Reference value :  1.64246e-08
 Reference value :  1.64574e-08
 Reference value :  1.64872e-08
 Reference value :  1.65244e-08
 Reference value :  1.65657e-08
 Reference value :  1.65663e-08
 Reference value :  1.65669e-08
 Reference value :  1.65688e-08
 Reference value :  1.66024e-08
 Reference value :  1.66624e-08
 Reference value :  1.67224e-08
 Reference value :  1.68024e-08
 Reference value :  1.69024e-08
 Reference value :  1.70024e-08
 Reference value :  1.70824e-08
 Reference value :  1.71047e-08
 Reference value :  1.71056e-08
 Reference value :  1.71075e-08
 Reference value :  1.71232e-08
 Reference value :  1.72011e-08
 Reference value :  1.72811e-08
 Reference value :  1.73411e-08
 Reference value :  1.74211e-08
 Reference value :  1.74948e-08
 Reference value :  1.75084e-08
 Reference value :  1.75087e-08
 Reference value :  1.75096e-08
 Reference value :  1.75125e-08
 Reference value :  1.75166e-08
 Reference value :  1.75241e-08
 Reference value :  1.75345e-08
 Reference value :  1.75429e-08
 Reference value :  1.75558e-08
 Reference value :  1.75596e-08
 Reference value :  1.75674e-08
 Reference value :  1.75751e-08
 Reference value :  1.75819e-08
 Reference value :  1.75923e-08
 Reference value :  1.76018e-08
 Reference value :  1.76077e-08
 Reference value :  1.76142e-08
 Reference value :  1.76218e-08
 Reference value :  1.76327e-08
 Reference value :  1.76435e-08
 Reference value :  1.76548e-08
 Reference value :  1.76584e-08
 Reference value :  1.76588e-08
 Reference value :  1.76600e-08
 Reference value :  1.76634e-08
 Reference value :  1.76692e-08
 Reference value :  1.76763e-08
 Reference value :  1.76856e-08
 Reference value :  1.76937e-08
 Reference value :  1.77017e-08
 Reference value :  1.77145e-08
 Reference value :  1.77242e-08
 Reference value :  1.77411e-08
 Reference value :  1.77548e-08
 Reference value :  1.77714e-08
 Reference value :  1.77920e-08
 Reference value :  1.78340e-08
 Reference value :  1.78712e-08
 Reference value :  1.79018e-08
 Reference value :  1.79128e-08
 Reference value :  1.79135e-08
 Reference value :  1.79145e-08
 Reference value :  1.79223e-08
 Reference value :  1.79692e-08
 Reference value :  1.80092e-08
 Reference value :  1.80692e-08
 Reference value :  1.81292e-08
 Reference value :  1.81892e-08
 Reference value :  1.82492e-08
 Reference value :  1.83092e-08
 Reference value :  1.83692e-08
 Reference value :  1.84292e-08
 Reference value :  1.84515e-08
 Reference value :  1.84524e-08
 Reference value :  1.84566e-08
 Reference value :  1.84879e-08
 Reference value :  1.85479e-08
 Reference value :  1.86079e-08
 Reference value :  1.86879e-08
 Reference value :  1.87479e-08
 Reference value :  1.88079e-08
 Reference value :  1.88552e-08
 Reference value :  1.88552e-08
 Reference value :  1.88555e-08
 Reference value :  1.88564e-08
 Reference value :  1.88593e-08
 Reference value :  1.88657e-08
 Reference value :  1.88739e-08
 Reference value :  1.88813e-08
 Reference value :  1.88897e-08
 Reference value :  1.88984e-08
 Reference value :  1.89026e-08
 Reference value :  1.89102e-08
 Reference value :  1.89181e-08
 Reference value :  1.89219e-08
 Reference value :  1.89254e-08
 Reference value :  1.89287e-08
 Reference value :  1.89354e-08
 Reference value :  1.89425e-08
 Reference value :  1.89486e-08
 Reference value :  1.89577e-08
 Reference value :  1.89646e-08
 Reference value :  1.89723e-08
 Reference value :  1.89830e-08
 Reference value :  1.89941e-08
 Reference value :  1.90052e-08
 Reference value :  1.90052e-08
 Reference value :  1.90056e-08
 Reference value :  1.90083e-08
 Reference value :  1.90120e-08
 Reference value :  1.90182e-08
 Reference value :  1.90231e-08
 Reference value :  1.90324e-08
 Reference value :  1.90405e-08
 Reference value :  1.90526e-08
 Reference value :  1.90613e-08
 Reference value :  1.90762e-08
 Reference value :  1.90879e-08
 Reference value :  1.91016e-08
 Reference value :  1.91279e-08
 Reference value :  1.91510e-08
 Reference value :  1.91808e-08
 Reference value :  1.92380e-08
 Reference value :  1.92594e-08
 Reference value :  1.92603e-08
 Reference value :  1.92613e-08
 Reference value :  1.92781e-08
 Reference value :  1.93160e-08
 Reference value :  1.93560e-08
 Reference value :  1.94160e-08
 Reference value :  1.94960e-08
 Reference value :  1.95760e-08
 Reference value :  1.96560e-08
 Reference value :  1.97160e-08
 Reference value :  1.97760e-08
 Reference value :  1.97981e-08
 Reference value :  1.97990e-08
 Reference value :  1.98000e-08
 Reference value :  1.98079e-08
 Reference value :  1.98747e-08
 Reference value :  1.99547e-08
 Reference value :  2.00347e-08
 Reference value :  2.01147e-08
 Reference value :  2.01884e-08
 Reference value :  2.02020e-08
 Reference value :  2.02023e-08
 Reference value :  2.02043e-08
 Reference value :  2.02061e-08
 Reference value :  2.02125e-08
 Reference value :  2.02207e-08
 Reference value :  2.02322e-08
 Reference value :  2.02452e-08
 Reference value :  2.02532e-08
 Reference value :  2.02570e-08
 Reference value :  2.02650e-08
 Reference value :  2.02722e-08
 Reference value :  2.02790e-08
 Reference value :  2.02893e-08
 Reference value :  2.02984e-08
 Reference value :  2.03045e-08
 Reference value :  2.03154e-08
 Reference value :  2.03263e-08
 Reference value :  2.03371e-08
 Reference value :  2.03484e-08
 Reference value :  2.03520e-08
 Reference value :  2.03524e-08
 Reference value :  2.03551e-08
 Reference value :  2.03588e-08
 Reference value :  2.03650e-08
 Reference value :  2.03727e-08
 Reference value :  2.03792e-08
 Reference value :  2.03873e-08
 Reference value :  2.03994e-08
 Reference value :  2.04128e-08
 Reference value :  2.04287e-08
 Reference value :  2.04484e-08
 Reference value :  2.04747e-08
 Reference value :  2.05117e-08
 Reference value :  2.05648e-08
 Reference value :  2.05954e-08
 Reference value :  2.06064e-08
 Reference value :  2.06071e-08
 Reference value :  2.06092e-08
 Reference value :  2.06249e-08
 Reference value :  2.06628e-08
 Reference value :  2.07228e-08
 Reference value :  2.07628e-08
 Reference value :  2.08228e-08
 Reference value :  2.09028e-08
 Reference value :  2.09828e-08
 Reference value :  2.10428e-08
 Reference value :  2.11228e-08
 Reference value :  2.11449e-08
 Reference value :  2.11459e-08
 Reference value :  2.11480e-08
 Reference value :  2.11816e-08
 Reference value :  2.12605e-08
 Reference value :  2.12801e-08
 Reference value :  2.12810e-08
 Reference value :  2.12894e-08
 Reference value :  2.13562e-08
 Reference value :  2.14162e-08
 Reference value :  2.14962e-08
 Reference value :  2.15488e-08
 Reference value :  2.15491e-08
 Reference value :  2.15515e-08
 Reference value :  2.15554e-08
 Reference value :  2.15624e-08
 Reference value :  2.15718e-08
 Reference value :  2.15800e-08
 Reference value :  2.15884e-08
 Reference value :  2.16019e-08
 Reference value :  2.16140e-08
 Reference value :  2.16217e-08
 Reference value :  2.16284e-08
 Reference value :  2.16351e-08
 Reference value :  2.16380e-08
 Reference value :  2.16408e-08
 Reference value :  2.16467e-08
 Reference value :  2.16529e-08
 Reference value :  2.16636e-08
 Reference value :  2.16670e-08
 Reference value :  2.16778e-08
 Reference value :  2.16851e-08
 Reference value :  2.16959e-08
 Reference value :  2.16988e-08
 Reference value :  2.16991e-08
 Reference value :  2.17012e-08
 Reference value :  2.17027e-08
 Reference value :  2.17065e-08
 Reference value :  2.17106e-08
 Reference value :  2.17180e-08
 Reference value :  2.17278e-08
 Reference value :  2.17400e-08
 Reference value :  2.17525e-08
 Reference value :  2.17670e-08
 Reference value :  2.17845e-08
 Reference value :  2.17988e-08
 Reference value :  2.18162e-08
 Reference value :  2.18380e-08
 Reference value :  2.18658e-08
 Reference value :  2.19211e-08
 Reference value :  2.19611e-08
 Reference value :  2.20211e-08
 Reference value :  2.20611e-08
 Reference value :  2.21011e-08
 Reference value :  2.21611e-08
 Reference value :  2.22411e-08
 Reference value :  2.23011e-08
 Reference value :  2.23811e-08
 Reference value :  2.24611e-08
 Reference value :  2.25411e-08
 Reference value :  2.26411e-08
 Reference value :  2.27011e-08
 Reference value :  2.27611e-08
 Reference value :  2.28211e-08
 Reference value :  2.28783e-08
 Reference value :  2.28956e-08
 Reference value :  2.28960e-08
 Reference value :  2.28970e-08
 Reference value :  2.29004e-08
 Reference value :  2.29069e-08
 Reference value :  2.29154e-08
 Reference value :  2.29272e-08
 Reference value :  2.29357e-08
 Reference value :  2.29450e-08
 Reference value :  2.29531e-08
 Reference value :  2.29653e-08
 Reference value :  2.29756e-08
 Reference value :  2.29859e-08
 Reference value :  2.29948e-08
 Reference value :  2.30011e-08
 Reference value :  2.30125e-08
 Reference value :  2.30196e-08
 Reference value :  2.30304e-08
 Reference value :  2.30420e-08
 Reference value :  2.30456e-08
 Reference value :  2.30460e-08
 Reference value :  2.30472e-08
 Reference value :  2.30507e-08
 Reference value :  2.30565e-08
 Reference value :  2.30611e-08
 Reference value :  2.30664e-08
 Reference value :  2.30730e-08
 Reference value :  2.30852e-08
 Reference value :  2.30975e-08
 Reference value :  2.31067e-08
 Reference value :  2.31169e-08
 Reference value :  2.31287e-08
 Reference value :  2.31503e-08
 Reference value :  2.31798e-08
 Reference value :  2.32222e-08
 Reference value :  2.32595e-08
 Reference value :  2.33195e-08
 Reference value :  2.33795e-08
 Reference value :  2.34395e-08
 Reference value :  2.35195e-08
 Reference value :  2.35995e-08
 Reference value :  2.36595e-08
 Reference value :  2.37195e-08
 Reference value :  2.37795e-08
 Reference value :  2.38395e-08
 Reference value :  2.38995e-08
 Reference value :  2.39595e-08
 Reference value :  2.40195e-08
 Reference value :  2.40795e-08
 Reference value :  2.41395e-08
 Reference value :  2.42195e-08
 Reference value :  2.42424e-08
 Reference value :  2.42427e-08
 Reference value :  2.42444e-08
 Reference value :  2.42503e-08
 Reference value :  2.42576e-08
 Reference value :  2.42639e-08
 Reference value :  2.42723e-08
 Reference value :  2.42807e-08
 Reference value :  2.42894e-08
 Reference value :  2.42932e-08
 Reference value :  2.42969e-08
 Reference value :  2.43049e-08
 Reference value :  2.43087e-08
 Reference value :  2.43122e-08
 Reference value :  2.43190e-08
 Reference value :  2.43294e-08
 Reference value :  2.43355e-08
 Reference value :  2.43414e-08
 Reference value :  2.43478e-08
 Reference value :  2.43591e-08
 Reference value :  2.43663e-08
 Reference value :  2.43734e-08
 Reference value :  2.43808e-08
 Reference value :  2.43905e-08
 Reference value :  2.43924e-08
 Reference value :  2.43926e-08
 Reference value :  2.43943e-08
 Reference value :  2.43959e-08
 Reference value :  2.43996e-08
 Reference value :  2.44036e-08
 Reference value :  2.44108e-08
 Reference value :  2.44168e-08
 Reference value :  2.44244e-08
 Reference value :  2.44365e-08
 Reference value :  2.44449e-08
 Reference value :  2.44541e-08
 Reference value :  2.44645e-08
 Reference value :  2.44763e-08
 Reference value :  2.44902e-08
 Reference value :  2.45170e-08
 Reference value :  2.45407e-08
 Reference value :  2.45893e-08
 Reference value :  2.46490e-08
 Reference value :  2.46890e-08
 Reference value :  2.47490e-08
 Reference value :  2.47890e-08
 Reference value :  2.48490e-08
 Reference value :  2.49290e-08
 Reference value :  2.49890e-08
 Reference value :  2.50490e-08
 Reference value :  2.51090e-08
 Reference value :  2.52090e-08
 Reference value :  2.52890e-08
 Reference value :  2.53690e-08
 Reference value :  2.54290e-08
 Reference value :  2.54890e-08
 Reference value :  2.55490e-08
 Reference value :  2.55892e-08
 Reference value :  2.55892e-08
 Reference value :  2.55894e-08
 Reference value :  2.55910e-08
 Reference value :  2.55947e-08
 Reference value :  2.55990e-08
 Reference value :  2.56041e-08
 Reference value :  2.56103e-08
 Reference value :  2.56229e-08
 Reference value :  2.56357e-08
 Reference value :  2.56432e-08
 Reference value :  2.56550e-08
 Reference value :  2.56618e-08
 Reference value :  2.56722e-08
 Reference value :  2.56782e-08
 Reference value :  2.56840e-08
 Reference value :  2.56931e-08
 Reference value :  2.57038e-08
 Reference value :  2.57109e-08
 Reference value :  2.57215e-08
 Reference value :  2.57290e-08
 Reference value :  2.57361e-08
 Reference value :  2.57392e-08
 Reference value :  2.57398e-08
 Reference value :  2.57417e-08
 Reference value :  2.57452e-08
 Reference value :  2.57491e-08
 Reference value :  2.57535e-08
 Reference value :  2.57586e-08
 Reference value :  2.57649e-08
 Reference value :  2.57729e-08
 Reference value :  2.57849e-08
 Reference value :  2.57980e-08
 Reference value :  2.58080e-08
 Reference value :  2.58256e-08
 Reference value :  2.58485e-08
 Reference value :  2.58797e-08
 Reference value :  2.59079e-08
 Reference value :  2.59637e-08
 Reference value :  2.60237e-08
 Reference value :  2.60837e-08
 Reference value :  2.61237e-08
 Reference value :  2.61837e-08
 Reference value :  2.62637e-08
 Reference value :  2.63637e-08
 Reference value :  2.64437e-08
 Reference value :  2.65237e-08
 Reference value :  2.66037e-08
 Reference value :  2.66837e-08
 Reference value :  2.67637e-08
 Reference value :  2.68437e-08
 Reference value :  2.69037e-08
 Reference value :  2.69360e-08
 Reference value :  2.69360e-08
 Reference value :  2.69360e-08
 Reference value :  2.69360e-08
 Reference value :  2.69360e-08
 Reference value :  2.69360e-08
 Reference value :  2.69360e-08
 Reference value :  2.69360e-08
 Reference value :  2.69360e-08
 Reference value :  2.69360e-08
 Reference value :  2.69360e-08
 Reference value :  2.69360e-08
 Reference value :  2.69361e-08
 Reference value :  2.69366e-08
 Reference value :  2.69374e-08
 Reference value :  2.69383e-08
 Reference value :  2.69393e-08
 Reference value :  2.69411e-08
 Reference value :  2.69434e-08
 Reference value :  2.69452e-08
 Reference value :  2.69475e-08
 Reference value :  2.69504e-08
 Reference value :  2.69536e-08
 Reference value :  2.69575e-08
 Reference value :  2.69618e-08
 Reference value :  2.69668e-08
 Reference value :  2.69729e-08
 Reference value :  2.69793e-08
 Reference value :  2.69858e-08
 Reference value :  2.69927e-08
 Reference value :  2.70006e-08
 Reference value :  2.70086e-08
 Reference value :  2.70187e-08
 Reference value :  2.70241e-08
 Reference value :  2.70292e-08
 Reference value :  2.70345e-08
 Reference value :  2.70406e-08
 Reference value :  2.70476e-08
 Reference value :  2.70513e-08
 Reference value :  2.70547e-08
 Reference value :  2.70617e-08
 Reference value :  2.70685e-08
 Reference value :  2.70754e-08
 Reference value :  2.70826e-08
 Reference value :  2.70861e-08
 Reference value :  2.70864e-08
 Reference value :  2.70892e-08
 Reference value :  2.70929e-08
 Reference value :  2.70990e-08
 Reference value :  2.71067e-08
 Reference value :  2.71173e-08
 Reference value :  2.71286e-08
 Reference value :  2.71366e-08
 Reference value :  2.71457e-08
 Reference value :  2.71565e-08
 Reference value :  2.71699e-08
 Reference value :  2.71867e-08
 Reference value :  2.72254e-08
 Reference value :  2.72592e-08
 Reference value :  2.73192e-08
 Reference value :  2.73592e-08
 Reference value :  2.74192e-08
 Reference value :  2.74992e-08
 Reference value :  2.75592e-08
 Reference value :  2.76192e-08
 Reference value :  2.77192e-08
 Reference value :  2.78392e-08
 Reference value :  2.79392e-08
 Reference value :  2.80592e-08
 Reference value :  2.81392e-08
 Reference value :  2.82192e-08
 Reference value :  2.82828e-08
 Reference value :  2.82829e-08
 Reference value :  2.82833e-08
 Reference value :  2.82867e-08
 Reference value :  2.82930e-08
 Reference value :  2.82981e-08
 Reference value :  2.83045e-08
 Reference value :  2.83121e-08
 Reference value :  2.83251e-08
 Reference value :  2.83332e-08
 Reference value :  2.83369e-08
 Reference value :  2.83448e-08
 Reference value :  2.83487e-08
 Reference value :  2.83566e-08
 Reference value :  2.83639e-08
 Reference value :  2.83690e-08
 Reference value :  2.83717e-08
 Reference value :  2.83773e-08
 Reference value :  2.83836e-08
 Reference value :  2.83905e-08
 Reference value :  2.83981e-08
 Reference value :  2.84050e-08
 Reference value :  2.84120e-08
 Reference value :  2.84189e-08
 Reference value :  2.84260e-08
 Reference value :  2.84329e-08
 Reference value :  2.84332e-08
 Reference value :  2.84357e-08
 Reference value :  2.84413e-08
 Reference value :  2.84455e-08
 Reference value :  2.84504e-08
 Reference value :  2.84562e-08
 Reference value :  2.84630e-08
 Reference value :  2.84702e-08
 Reference value :  2.84778e-08
 Reference value :  2.84912e-08
 Reference value :  2.85086e-08
 Reference value :  2.85238e-08
 Reference value :  2.85441e-08
 Reference value :  2.85900e-08
 Reference value :  2.86284e-08
 Reference value :  2.86684e-08
 Reference value :  2.87084e-08
 Reference value :  2.87684e-08
 Reference value :  2.88484e-08
 Reference value :  2.89284e-08
 Reference value :  2.90084e-08
 Reference value :  2.90684e-08
 Reference value :  2.91284e-08
 Reference value :  2.92084e-08
 Reference value :  2.92684e-08
 Reference value :  2.93484e-08
 Reference value :  2.94284e-08
 Reference value :  2.95284e-08
 Reference value :  2.96084e-08
 Reference value :  2.96296e-08
 Reference value :  2.96299e-08
 Reference value :  2.96315e-08
 Reference value :  2.96353e-08
 Reference value :  2.96423e-08
 Reference value :  2.96479e-08
 Reference value :  2.96592e-08
 Reference value :  2.96721e-08
 Reference value :  2.96801e-08
 Reference value :  2.96879e-08
 Reference value :  2.96956e-08
 Reference value :  2.97074e-08
 Reference value :  2.97134e-08
 Reference value :  2.97186e-08
 Reference value :  2.97242e-08
 Reference value :  2.97305e-08
 Reference value :  2.97374e-08
 Reference value :  2.97451e-08
 Reference value :  2.97519e-08
 Reference value :  2.97624e-08
 Reference value :  2.97729e-08
 Reference value :  2.97796e-08
 Reference value :  2.97797e-08
 Reference value :  2.97803e-08
 Reference value :  2.97844e-08
 Reference value :  2.97900e-08
 Reference value :  2.97945e-08
 Reference value :  2.98030e-08
 Reference value :  2.98097e-08
 Reference value :  2.98207e-08
 Reference value :  2.98330e-08
 Reference value :  2.98430e-08
 Reference value :  2.98552e-08
 Reference value :  2.98796e-08
 Reference value :  2.99197e-08
 Reference value :  2.99546e-08
 Reference value :  3.00146e-08
 Reference value :  3.00546e-08
 Reference value :  3.01146e-08
 Reference value :  3.01746e-08
 Reference value :  3.02346e-08
 Reference value :  3.02946e-08
 Reference value :  3.03546e-08
 Reference value :  3.04346e-08
 Reference value :  3.05146e-08
 Reference value :  3.05946e-08
 Reference value :  3.06546e-08
 Reference value :  3.07146e-08
 Reference value :  3.07746e-08
 Reference value :  3.08346e-08
 Reference value :  3.09146e-08
 Reference value :  3.09764e-08
 Reference value :  3.09765e-08
 Reference value :  3.09769e-08
 Reference value :  3.09803e-08
 Reference value :  3.09842e-08
 Reference value :  3.09915e-08
 Reference value :  3.10012e-08
 Reference value :  3.10143e-08
 Reference value :  3.10230e-08
 Reference value :  3.10268e-08
 Reference value :  3.10305e-08
 Reference value :  3.10422e-08
 Reference value :  3.10502e-08
 Reference value :  3.10574e-08
 Reference value :  3.10601e-08
 Reference value :  3.10626e-08
 Reference value :  3.10653e-08
 Reference value :  3.10709e-08
 Reference value :  3.10772e-08
 Reference value :  3.10880e-08
 Reference value :  3.10917e-08
 Reference value :  3.10952e-08
 Reference value :  3.11022e-08
 Reference value :  3.11125e-08
 Reference value :  3.11230e-08
 Reference value :  3.11265e-08
 Reference value :  3.11268e-08
 Reference value :  3.11279e-08
 Reference value :  3.11330e-08
 Reference value :  3.11391e-08
 Reference value :  3.11440e-08
 Reference value :  3.11499e-08
 Reference value :  3.11566e-08
 Reference value :  3.11676e-08
 Reference value :  3.11799e-08
 Reference value :  3.11959e-08
 Reference value :  3.12174e-08
 Reference value :  3.12515e-08
 Reference value :  3.13021e-08
 Reference value :  3.13621e-08
 Reference value :  3.14221e-08
 Reference value :  3.15021e-08
 Reference value :  3.15621e-08
 Reference value :  3.16421e-08
 Reference value :  3.17021e-08
 Reference value :  3.17821e-08
 Reference value :  3.18621e-08
 Reference value :  3.19421e-08
 Reference value :  3.20221e-08
 Reference value :  3.20821e-08
 Reference value :  3.21621e-08
 Reference value :  3.22221e-08
 Reference value :  3.23021e-08
 Reference value :  3.23232e-08
 Reference value :  3.23235e-08
 Reference value :  3.23251e-08
 Reference value :  3.23312e-08
 Reference value :  3.23383e-08
 Reference value :  3.23446e-08
 Reference value :  3.23571e-08
 Reference value :  3.23657e-08
 Reference value :  3.23699e-08
 Reference value :  3.23774e-08
 Reference value :  3.23853e-08
 Reference value :  3.23933e-08
 Reference value :  3.24043e-08
 Reference value :  3.24070e-08
 Reference value :  3.24122e-08
 Reference value :  3.24209e-08
 Reference value :  3.24310e-08
 Reference value :  3.24386e-08
 Reference value :  3.24421e-08
 Reference value :  3.24455e-08
 Reference value :  3.24525e-08
 Reference value :  3.24594e-08
 Reference value :  3.24699e-08
 Reference value :  3.24733e-08
 Reference value :  3.24736e-08
 Reference value :  3.24746e-08
 Reference value :  3.24780e-08
 Reference value :  3.24817e-08
 Reference value :  3.24881e-08
 Reference value :  3.24966e-08
 Reference value :  3.25033e-08
 Reference value :  3.25105e-08
 Reference value :  3.25223e-08
 Reference value :  3.25366e-08
 Reference value :  3.25488e-08
 Reference value :  3.25733e-08
 Reference value :  3.26134e-08
 Reference value :  3.26683e-08
 Reference value :  3.27283e-08
 Reference value :  3.28083e-08
 Reference value :  3.28883e-08
 Reference value :  3.29483e-08
 Reference value :  3.30083e-08
 Reference value :  3.30883e-08
 Reference value :  3.31483e-08
 Reference value :  3.32083e-08
 Reference value :  3.32683e-08
 Reference value :  3.33283e-08
 Reference value :  3.34083e-08
 Reference value :  3.34683e-08
 Reference value :  3.35283e-08
 Reference value :  3.36083e-08
 Reference value :  3.36700e-08
 Reference value :  3.36700e-08
 Reference value :  3.36703e-08
 Reference value :  3.36720e-08
 Reference value :  3.36758e-08
 Reference value :  3.36778e-08
 Reference value :  3.36851e-08
 Reference value :  3.36948e-08
 Reference value :  3.37079e-08
 Reference value :  3.37165e-08
 Reference value :  3.37241e-08
 Reference value :  3.37358e-08
 Reference value :  3.37437e-08
 Reference value :  3.37510e-08
 Reference value :  3.37537e-08
 Reference value :  3.37562e-08
 Reference value :  3.37617e-08
 Reference value :  3.37707e-08
 Reference value :  3.37777e-08
 Reference value :  3.37853e-08
 Reference value :  3.37888e-08
 Reference value :  3.37922e-08
 Reference value :  3.37992e-08
 Reference value :  3.38096e-08
 Reference value :  3.38166e-08
 Reference value :  3.38201e-08
 Reference value :  3.38204e-08
 Reference value :  3.38215e-08
 Reference value :  3.38266e-08
 Reference value :  3.38327e-08
 Reference value :  3.38376e-08
 Reference value :  3.38435e-08
 Reference value :  3.38502e-08
 Reference value :  3.38612e-08
 Reference value :  3.38736e-08
 Reference value :  3.38896e-08
 Reference value :  3.39110e-08
 Reference value :  3.39451e-08
 Reference value :  3.39958e-08
 Reference value :  3.40558e-08
 Reference value :  3.41158e-08
 Reference value :  3.41758e-08
 Reference value :  3.42558e-08
 Reference value :  3.43358e-08
 Reference value :  3.44158e-08
 Reference value :  3.44958e-08
 Reference value :  3.45758e-08
 Reference value :  3.46558e-08
 Reference value :  3.47358e-08
 Reference value :  3.48158e-08
 Reference value :  3.48958e-08
 Reference value :  3.49558e-08
 Reference value :  3.50063e-08
 Reference value :  3.50168e-08
 Reference value :  3.50171e-08
 Reference value :  3.50187e-08
 Reference value :  3.50225e-08
 Reference value :  3.50294e-08
 Reference value :  3.50382e-08
 Reference value :  3.50507e-08
 Reference value :  3.50635e-08
 Reference value :  3.50673e-08
 Reference value :  3.50750e-08
 Reference value :  3.50828e-08
 Reference value :  3.50907e-08
 Reference value :  3.50979e-08
 Reference value :  3.51006e-08
 Reference value :  3.51031e-08
 Reference value :  3.51057e-08
 Reference value :  3.51145e-08
 Reference value :  3.51210e-08
 Reference value :  3.51322e-08
 Reference value :  3.51357e-08
 Reference value :  3.51427e-08
 Reference value :  3.51565e-08
 Reference value :  3.51669e-08
 Reference value :  3.51675e-08
 Reference value :  3.51716e-08
 Reference value :  3.51772e-08
 Reference value :  3.51817e-08
 Reference value :  3.51902e-08
 Reference value :  3.51969e-08
 Reference value :  3.52079e-08
 Reference value :  3.52202e-08
 Reference value :  3.52362e-08
 Reference value :  3.52576e-08
 Reference value :  3.52915e-08
 Reference value :  3.53420e-08
 Reference value :  3.53820e-08
 Reference value :  3.54420e-08
 Reference value :  3.55020e-08
 Reference value :  3.55820e-08
 Reference value :  3.56620e-08
 Reference value :  3.57220e-08
 Reference value :  3.58020e-08
 Reference value :  3.58820e-08
 Reference value :  3.59620e-08
 Reference value :  3.60420e-08
 Reference value :  3.61220e-08
 Reference value :  3.62020e-08
 Reference value :  3.62620e-08
 Reference value :  3.63420e-08
 Reference value :  3.63637e-08
 Reference value :  3.63639e-08
 Reference value :  3.63656e-08
 Reference value :  3.63717e-08
 Reference value :  3.63763e-08
 Reference value :  3.63852e-08
 Reference value :  3.63977e-08
 Reference value :  3.64105e-08
 Reference value :  3.64142e-08
 Reference value :  3.64220e-08
 Reference value :  3.64297e-08
 Reference value :  3.64376e-08
 Reference value :  3.64449e-08
 Reference value :  3.64500e-08
 Reference value :  3.64556e-08
 Reference value :  3.64649e-08
 Reference value :  3.64758e-08
 Reference value :  3.64828e-08
 Reference value :  3.64935e-08
 Reference value :  3.65038e-08
 Reference value :  3.65106e-08
 Reference value :  3.65137e-08
 Reference value :  3.65139e-08
 Reference value :  3.65161e-08
 Reference value :  3.65196e-08
 Reference value :  3.65255e-08
 Reference value :  3.65303e-08
 Reference value :  3.65392e-08
 Reference value :  3.65466e-08
 Reference value :  3.65538e-08
 Reference value :  3.65661e-08
 Reference value :  3.65759e-08
 Reference value :  3.65947e-08
 Reference value :  3.66221e-08
 Reference value :  3.66668e-08
 Reference value :  3.67248e-08
 Reference value :  3.67848e-08
 Reference value :  3.68448e-08
 Reference value :  3.69248e-08
 Reference value :  3.70048e-08
 Reference value :  3.70848e-08
 Reference value :  3.71648e-08
 Reference value :  3.72448e-08
 Reference value :  3.73048e-08
 Reference value :  3.73648e-08
 Reference value :  3.74448e-08
 Reference value :  3.75248e-08
 Reference value :  3.76248e-08
 Reference value :  3.76976e-08
 Reference value :  3.77105e-08
 Reference value :  3.77107e-08
 Reference value :  3.77127e-08
 Reference value :  3.77197e-08
 Reference value :  3.77285e-08
 Reference value :  3.77352e-08
 Reference value :  3.77467e-08
 Reference value :  3.77550e-08
 Reference value :  3.77626e-08
 Reference value :  3.77747e-08
 Reference value :  3.77862e-08
 Reference value :  3.77925e-08
 Reference value :  3.77977e-08
 Reference value :  3.78063e-08
 Reference value :  3.78128e-08
 Reference value :  3.78244e-08
 Reference value :  3.78319e-08
 Reference value :  3.78355e-08
 Reference value :  3.78465e-08
 Reference value :  3.78536e-08
 Reference value :  3.78604e-08
 Reference value :  3.78605e-08
 Reference value :  3.78612e-08
 Reference value :  3.78653e-08
 Reference value :  3.78690e-08
 Reference value :  3.78732e-08
 Reference value :  3.78808e-08
 Reference value :  3.78874e-08
 Reference value :  3.78958e-08
 Reference value :  3.79073e-08
 Reference value :  3.79105e-08
 Reference value :  3.79114e-08
 Reference value :  3.79166e-08
 Reference value :  3.79281e-08
 Reference value :  3.79444e-08
 Reference value :  3.79653e-08
 Reference value :  3.79885e-08
 Reference value :  3.80200e-08
 Reference value :  3.80528e-08
 Reference value :  3.81125e-08
 Reference value :  3.81525e-08
 Reference value :  3.81925e-08
 Reference value :  3.82325e-08
 Reference value :  3.82725e-08
 Reference value :  3.83325e-08
 Reference value :  3.83925e-08
 Reference value :  3.84525e-08
 Reference value :  3.85325e-08
 Reference value :  3.85925e-08
 Reference value :  3.86725e-08
 Reference value :  3.87325e-08
 Reference value :  3.88125e-08
 Reference value :  3.88725e-08
 Reference value :  3.89525e-08
 Reference value :  3.90125e-08
 Reference value :  3.90573e-08
 Reference value :  3.90575e-08
 Reference value :  3.90583e-08
 Reference value :  3.90612e-08
 Reference value :  3.90653e-08
 Reference value :  3.90726e-08
 Reference value :  3.90790e-08
 Reference value :  3.90917e-08
 Reference value :  3.91003e-08
 Reference value :  3.91045e-08
 Reference value :  3.91084e-08
 Reference value :  3.91161e-08
 Reference value :  3.91238e-08
 Reference value :  3.91273e-08
 Reference value :  3.91341e-08
 Reference value :  3.91411e-08
 Reference value :  3.91477e-08
 Reference value :  3.91566e-08
 Reference value :  3.91666e-08
 Reference value :  3.91780e-08
 Reference value :  3.91887e-08
 Reference value :  3.91961e-08
 Reference value :  3.92037e-08
 Reference value :  3.92073e-08
 Reference value :  3.92076e-08
 Reference value :  3.92088e-08
 Reference value :  3.92121e-08
 Reference value :  3.92179e-08
 Reference value :  3.92225e-08
 Reference value :  3.92278e-08
 Reference value :  3.92343e-08
 Reference value :  3.92425e-08
 Reference value :  3.92505e-08
 Reference value :  3.92633e-08
 Reference value :  3.92729e-08
 Reference value :  3.92898e-08
 Reference value :  3.93035e-08
 Reference value :  3.93201e-08
 Reference value :  3.93529e-08
 Reference value :  3.94004e-08
 Reference value :  3.94397e-08
 Reference value :  3.94797e-08
 Reference value :  3.95197e-08
 Reference value :  3.95597e-08
 Reference value :  3.95997e-08
 Reference value :  3.96597e-08
 Reference value :  3.97197e-08
 Reference value :  3.97997e-08
 Reference value :  3.98597e-08
 Reference value :  3.99397e-08
 Reference value :  3.99997e-08
 Reference value :  4.00797e-08
 Reference value :  4.01597e-08
 Reference value :  4.02197e-08
 Reference value :  4.02997e-08
 Reference value :  4.03597e-08
 Reference value :  4.04040e-08
 Reference value :  4.04041e-08
 Reference value :  4.04046e-08
 Reference value :  4.04061e-08
 Reference value :  4.04079e-08
 Reference value :  4.04143e-08
 Reference value :  4.04194e-08
 Reference value :  4.04297e-08
 Reference value :  4.04384e-08
 Reference value :  4.04471e-08
 Reference value :  4.04513e-08
 Reference value :  4.04551e-08
 Reference value :  4.04629e-08
 Reference value :  4.04706e-08
 Reference value :  4.04741e-08
 Reference value :  4.04773e-08
 Reference value :  4.04878e-08
 Reference value :  4.04944e-08
 Reference value :  4.05003e-08
 Reference value :  4.05063e-08
 Reference value :  4.05132e-08
 Reference value :  4.05246e-08
 Reference value :  4.05353e-08
 Reference value :  4.05466e-08
 Reference value :  4.05541e-08
 Reference value :  4.05544e-08
 Reference value :  4.05572e-08
 Reference value :  4.05628e-08
 Reference value :  4.05694e-08
 Reference value :  4.05779e-08
 Reference value :  4.05895e-08
 Reference value :  4.06016e-08
 Reference value :  4.06149e-08
 Reference value :  4.06252e-08
 Reference value :  4.06434e-08
 Reference value :  4.06672e-08
 Reference value :  4.07001e-08
 Reference value :  4.07478e-08
 Reference value :  4.07872e-08
 Reference value :  4.08472e-08
 Reference value :  4.09072e-08
 Reference value :  4.09672e-08
 Reference value :  4.10272e-08
 Reference value :  4.10872e-08
 Reference value :  4.11472e-08
 Reference value :  4.12272e-08
 Reference value :  4.13072e-08
 Reference value :  4.13872e-08
 Reference value :  4.14672e-08
 Reference value :  4.15472e-08
 Reference value :  4.16272e-08
 Reference value :  4.16872e-08
 Reference value :  4.17508e-08
 Reference value :  4.17509e-08
 Reference value :  4.17513e-08
 Reference value :  4.17547e-08
 Reference value :  4.17610e-08
 Reference value :  4.17661e-08
 Reference value :  4.17764e-08
 Reference value :  4.17893e-08
 Reference value :  4.17979e-08
 Reference value :  4.18055e-08
 Reference value :  4.18172e-08
 Reference value :  4.18207e-08
 Reference value :  4.18240e-08
 Reference value :  4.18345e-08
 Reference value :  4.18441e-08
 Reference value :  4.18499e-08
 Reference value :  4.18563e-08
 Reference value :  4.18639e-08
 Reference value :  4.18713e-08
 Reference value :  4.18784e-08
 Reference value :  4.18856e-08
 Reference value :  4.18972e-08
 Reference value :  4.19009e-08
 Reference value :  4.19012e-08
 Reference value :  4.19025e-08
 Reference value :  4.19059e-08
 Reference value :  4.19097e-08
 Reference value :  4.19139e-08
 Reference value :  4.19189e-08
 Reference value :  4.19283e-08
 Reference value :  4.19404e-08
 Reference value :  4.19485e-08
 Reference value :  4.19573e-08
 Reference value :  4.19669e-08
 Reference value :  4.19779e-08
 Reference value :  4.19905e-08
 Reference value :  4.20144e-08
 Reference value :  4.20475e-08
 Reference value :  4.20776e-08
 Reference value :  4.21150e-08
 Reference value :  4.21550e-08
 Reference value :  4.21950e-08
 Reference value :  4.22350e-08
 Reference value :  4.22950e-08
 Reference value :  4.23550e-08
 Reference value :  4.24350e-08
 Reference value :  4.25150e-08
 Reference value :  4.25950e-08
 Reference value :  4.26750e-08
 Reference value :  4.27350e-08
 Reference value :  4.28150e-08
 Reference value :  4.28750e-08
 Reference value :  4.29750e-08
 Reference value :  4.30350e-08
 Reference value :  4.30863e-08
 Reference value :  4.30977e-08
 Reference value :  4.30979e-08
 Reference value :  4.30986e-08
 Reference value :  4.31016e-08
 Reference value :  4.31055e-08
 Reference value :  4.31128e-08
 Reference value :  4.31230e-08
 Reference value :  4.31359e-08
 Reference value :  4.31445e-08
 Reference value :  4.31484e-08
 Reference value :  4.31561e-08
 Reference value :  4.31638e-08
 Reference value :  4.31706e-08
 Reference value :  4.31810e-08
 Reference value :  4.31870e-08
 Reference value :  4.31899e-08
 Reference value :  4.31989e-08
 Reference value :  4.32094e-08
 Reference value :  4.32163e-08
 Reference value :  4.32270e-08
 Reference value :  4.32343e-08
 Reference value :  4.32449e-08
 Reference value :  4.32477e-08
 Reference value :  4.32479e-08
 Reference value :  4.32487e-08
 Reference value :  4.32513e-08
 Reference value :  4.32570e-08
 Reference value :  4.32613e-08
 Reference value :  4.32664e-08
 Reference value :  4.32724e-08
 Reference value :  4.32802e-08
 Reference value :  4.32882e-08
 Reference value :  4.32964e-08
 Reference value :  4.33052e-08
 Reference value :  4.33150e-08
 Reference value :  4.33261e-08
 Reference value :  4.33390e-08
 Reference value :  4.33545e-08
 Reference value :  4.33736e-08
 Reference value :  4.33976e-08
 Reference value :  4.34287e-08
 Reference value :  4.34669e-08
 Reference value :  4.35069e-08
 Reference value :  4.35469e-08
 Reference value :  4.35869e-08
 Reference value :  4.36469e-08
 Reference value :  4.37069e-08
 Reference value :  4.37669e-08
 Reference value :  4.38269e-08
 Reference value :  4.39069e-08
 Reference value :  4.39869e-08
 Reference value :  4.40469e-08
 Reference value :  4.41269e-08
 Reference value :  4.42069e-08
 Reference value :  4.43069e-08
 Reference value :  4.43869e-08
 Reference value :  4.44445e-08
 Reference value :  4.44448e-08
 Reference value :  4.44460e-08
 Reference value :  4.44516e-08
 Reference value :  4.44562e-08
 Reference value :  4.44616e-08
 Reference value :  4.44730e-08
 Reference value :  4.44858e-08
 Reference value :  4.44901e-08
 Reference value :  4.44977e-08
 Reference value :  4.45095e-08
 Reference value :  4.45165e-08
 Reference value :  4.45197e-08
 Reference value :  4.45265e-08
 Reference value :  4.45324e-08
 Reference value :  4.45383e-08
 Reference value :  4.45473e-08
 Reference value :  4.45579e-08
 Reference value :  4.45650e-08
 Reference value :  4.45721e-08
 Reference value :  4.45794e-08
 Reference value :  4.45909e-08
 Reference value :  4.45945e-08
 Reference value :  4.45948e-08
 Reference value :  4.45976e-08
 Reference value :  4.46013e-08
 Reference value :  4.46052e-08
 Reference value :  4.46098e-08
 Reference value :  4.46183e-08
 Reference value :  4.46299e-08
 Reference value :  4.46379e-08
 Reference value :  4.46507e-08
 Reference value :  4.46603e-08
 Reference value :  4.46712e-08
 Reference value :  4.46838e-08
 Reference value :  4.46988e-08
 Reference value :  4.47283e-08
 Reference value :  4.47545e-08
 Reference value :  4.48077e-08
 Reference value :  4.48677e-08
 Reference value :  4.49077e-08
 Reference value :  4.49677e-08
 Reference value :  4.50277e-08
 Reference value :  4.50877e-08
 Reference value :  4.51477e-08
 Reference value :  4.52477e-08
 Reference value :  4.53677e-08
 Reference value :  4.54677e-08
 Reference value :  4.55477e-08
 Reference value :  4.56277e-08
 Reference value :  4.57077e-08
 Reference value :  4.57795e-08
 Reference value :  4.57913e-08
 Reference value :  4.57915e-08
 Reference value :  4.57933e-08
 Reference value :  4.57951e-08
 Reference value :  4.58014e-08
 Reference value :  4.58096e-08
 Reference value :  4.58168e-08
 Reference value :  4.58297e-08
 Reference value :  4.58383e-08
 Reference value :  4.58459e-08
 Reference value :  4.58576e-08
 Reference value :  4.58644e-08
 Reference value :  4.58749e-08
 Reference value :  4.58845e-08
 Reference value :  4.58903e-08
 Reference value :  4.59003e-08
 Reference value :  4.59081e-08
 Reference value :  4.59188e-08
 Reference value :  4.59260e-08
 Reference value :  4.59376e-08
 Reference value :  4.59413e-08
 Reference value :  4.59416e-08
 Reference value :  4.59445e-08
 Reference value :  4.59482e-08
 Reference value :  4.59522e-08
 Reference value :  4.59567e-08
 Reference value :  4.59621e-08
 Reference value :  4.59728e-08
 Reference value :  4.59808e-08
 Reference value :  4.59932e-08
 Reference value :  4.60073e-08
 Reference value :  4.60183e-08
 Reference value :  4.60309e-08
 Reference value :  4.60460e-08
 Reference value :  4.60646e-08
 Reference value :  4.61020e-08
 Reference value :  4.61554e-08
 Reference value :  4.62154e-08
 Reference value :  4.62554e-08
 Reference value :  4.63154e-08
 Reference value :  4.63554e-08
 Reference value :  4.64354e-08
 Reference value :  4.64954e-08
 Reference value :  4.65554e-08
 Reference value :  4.66354e-08
 Reference value :  4.67154e-08
 Reference value :  4.67954e-08
 Reference value :  4.68754e-08
 Reference value :  4.69754e-08
 Reference value :  4.70554e-08
 Reference value :  4.71154e-08
 Reference value :  4.71381e-08
 Reference value :  4.71383e-08
 Reference value :  4.71400e-08
 Reference value :  4.71438e-08
 Reference value :  4.71481e-08
 Reference value :  4.71532e-08
 Reference value :  4.71634e-08
 Reference value :  4.71721e-08
 Reference value :  4.71807e-08
 Reference value :  4.71849e-08
 Reference value :  4.71887e-08
 Reference value :  4.71965e-08
 Reference value :  4.72042e-08
 Reference value :  4.72077e-08
 Reference value :  4.72110e-08
 Reference value :  4.72214e-08
 Reference value :  4.72246e-08
 Reference value :  4.72274e-08
 Reference value :  4.72333e-08
 Reference value :  4.72393e-08
 Reference value :  4.72460e-08
 Reference value :  4.72533e-08
 Reference value :  4.72566e-08
 Reference value :  4.72674e-08
 Reference value :  4.72785e-08
 Reference value :  4.72880e-08
 Reference value :  4.72881e-08
 Reference value :  4.72883e-08
 Reference value :  4.72891e-08
 Reference value :  4.72917e-08
 Reference value :  4.72974e-08
 Reference value :  4.73017e-08
 Reference value :  4.73068e-08
 Reference value :  4.73128e-08
 Reference value :  4.73206e-08
 Reference value :  4.73327e-08
 Reference value :  4.73456e-08
 Reference value :  4.73608e-08
 Reference value :  4.73727e-08
 Reference value :  4.73950e-08
 Reference value :  4.74253e-08
 Reference value :  4.74526e-08
 Reference value :  4.75074e-08
 Reference value :  4.75674e-08
 Reference value :  4.76274e-08
 Reference value :  4.76674e-08
 Reference value :  4.77074e-08
 Reference value :  4.77674e-08
 Reference value :  4.78274e-08
 Reference value :  4.79074e-08
 Reference value :  4.79874e-08
 Reference value :  4.80674e-08
 Reference value :  4.81474e-08
 Reference value :  4.82274e-08
 Reference value :  4.83074e-08
 Reference value :  4.83674e-08
 Reference value :  4.84274e-08
 Reference value :  4.84849e-08
 Reference value :  4.84850e-08
 Reference value :  4.84864e-08
 Reference value :  4.84901e-08
 Reference value :  4.84943e-08
 Reference value :  4.84993e-08
 Reference value :  4.85089e-08
 Reference value :  4.85219e-08
 Reference value :  4.85305e-08
 Reference value :  4.85344e-08
 Reference value :  4.85381e-08
 Reference value :  4.85499e-08
 Reference value :  4.85569e-08
 Reference value :  4.85601e-08
 Reference value :  4.85700e-08
 Reference value :  4.85728e-08
 Reference value :  4.85787e-08
 Reference value :  4.85877e-08
 Reference value :  4.85983e-08
 Reference value :  4.86054e-08
 Reference value :  4.86160e-08
 Reference value :  4.86235e-08
 Reference value :  4.86313e-08
 Reference value :  4.86349e-08
 Reference value :  4.86352e-08
 Reference value :  4.86380e-08
 Reference value :  4.86436e-08
 Reference value :  4.86502e-08
 Reference value :  4.86587e-08
 Reference value :  4.86662e-08
 Reference value :  4.86783e-08
 Reference value :  4.86866e-08
 Reference value :  4.87007e-08
 Reference value :  4.87177e-08
 Reference value :  4.87393e-08
 Reference value :  4.87687e-08
 Reference value :  4.87950e-08
 Reference value :  4.88287e-08
 Reference value :  4.88681e-08
 Reference value :  4.89081e-08
 Reference value :  4.89481e-08
 Reference value :  4.89881e-08
 Reference value :  4.90281e-08
 Reference value :  4.90881e-08
 Reference value :  4.91681e-08
 Reference value :  4.92681e-08
 Reference value :  4.93281e-08
 Reference value :  4.94081e-08
 Reference value :  4.94681e-08
 Reference value :  4.95281e-08
 Reference value :  4.95881e-08
 Reference value :  4.96481e-08
 Reference value :  4.97081e-08
 Reference value :  4.97881e-08
 Reference value :  4.98316e-08
 Reference value :  4.98317e-08
 Reference value :  4.98319e-08
 Reference value :  4.98327e-08
 Reference value :  4.98355e-08
 Reference value :  4.98396e-08
 Reference value :  4.98443e-08
 Reference value :  4.98500e-08
 Reference value :  4.98572e-08
 Reference value :  4.98701e-08
 Reference value :  4.98787e-08
 Reference value :  4.98826e-08
 Reference value :  4.98903e-08
 Reference value :  4.98980e-08
 Reference value :  4.99015e-08
 Reference value :  4.99048e-08
 Reference value :  4.99116e-08
 Reference value :  4.99187e-08
 Reference value :  4.99249e-08
 Reference value :  4.99307e-08
 Reference value :  4.99371e-08
 Reference value :  4.99447e-08
 Reference value :  4.99521e-08
 Reference value :  4.99627e-08
 Reference value :  4.99741e-08
 Reference value :  4.99816e-08
 Reference value :  4.99817e-08
 Reference value :  4.99820e-08
 Reference value :  4.99833e-08
 Reference value :  4.99867e-08
 Reference value :  4.99905e-08
 Reference value :  4.99971e-08
 Reference value :  5.00057e-08
 Reference value :  5.00132e-08
 Reference value :  5.00212e-08
 Reference value :  5.00294e-08
 Reference value :  5.00428e-08
 Reference value :  5.00530e-08
 Reference value :  5.00648e-08
 Reference value :  5.00785e-08
 Reference value :  5.00953e-08
 Reference value :  5.01160e-08
 Reference value :  5.01424e-08
 Reference value :  5.01959e-08
 Reference value :  5.02559e-08
 Reference value :  5.02959e-08
 Reference value :  5.03559e-08
 Reference value :  5.03959e-08
 Reference value :  5.04559e-08
 Reference value :  5.05159e-08
 Reference value :  5.05759e-08
 Reference value :  5.06359e-08
 Reference value :  5.06959e-08
 Reference value :  5.07759e-08
 Reference value :  5.08559e-08
 Reference value :  5.09359e-08
 Reference value :  5.10359e-08
 Reference value :  5.10959e-08
 Reference value :  5.11559e-08
 Reference value :  5.11785e-08
 Reference value :  5.11787e-08
 Reference value :  5.11804e-08
 Reference value :  5.11842e-08
 Reference value :  5.11863e-08
 Reference value :  5.11910e-08
 Reference value :  5.11966e-08
 Reference value :  5.12038e-08
 Reference value :  5.12167e-08
 Reference value :  5.12253e-08
 Reference value :  5.12329e-08
 Reference value :  5.12408e-08
 Reference value :  5.12446e-08
 Reference value :  5.12481e-08
 Reference value :  5.12514e-08
 Reference value :  5.12582e-08
 Reference value :  5.12650e-08
 Reference value :  5.12678e-08
 Reference value :  5.12707e-08
 Reference value :  5.12797e-08
 Reference value :  5.12863e-08
 Reference value :  5.12936e-08
 Reference value :  5.13007e-08
 Reference value :  5.13078e-08
 Reference value :  5.13151e-08
 Reference value :  5.13257e-08
 Reference value :  5.13285e-08
 Reference value :  5.13287e-08
 Reference value :  5.13295e-08
 Reference value :  5.13321e-08
 Reference value :  5.13358e-08
 Reference value :  5.13422e-08
 Reference value :  5.13472e-08
 Reference value :  5.13533e-08
 Reference value :  5.13610e-08
 Reference value :  5.13691e-08
 Reference value :  5.13772e-08
 Reference value :  5.13861e-08
 Reference value :  5.13959e-08
 Reference value :  5.14132e-08
 Reference value :  5.14273e-08
 Reference value :  5.14445e-08
 Reference value :  5.14786e-08
 Reference value :  5.15098e-08
 Reference value :  5.15679e-08
 Reference value :  5.16079e-08
 Reference value :  5.16479e-08
 Reference value :  5.16879e-08
 Reference value :  5.17279e-08
 Reference value :  5.17879e-08
 Reference value :  5.18479e-08
 Reference value :  5.19079e-08
 Reference value :  5.19679e-08
 Reference value :  5.20279e-08
 Reference value :  5.20879e-08
 Reference value :  5.21479e-08
 Reference value :  5.22079e-08
 Reference value :  5.22679e-08
 Reference value :  5.23279e-08
 Reference value :  5.24079e-08
 Reference value :  5.24679e-08
 Reference value :  5.25253e-08
 Reference value :  5.25253e-08
 Reference value :  5.25256e-08
 Reference value :  5.25268e-08
 Reference value :  5.25304e-08
 Reference value :  5.25347e-08
 Reference value :  5.25424e-08
 Reference value :  5.25538e-08
 Reference value :  5.25666e-08
 Reference value :  5.25748e-08
 Reference value :  5.25785e-08
 Reference value :  5.25865e-08
 Reference value :  5.25903e-08
 Reference value :  5.25939e-08
 Reference value :  5.25973e-08
 Reference value :  5.26005e-08
 Reference value :  5.26073e-08
 Reference value :  5.26104e-08
 Reference value :  5.26132e-08
 Reference value :  5.26191e-08
 Reference value :  5.26281e-08
 Reference value :  5.26350e-08
 Reference value :  5.26421e-08
 Reference value :  5.26529e-08
 Reference value :  5.26601e-08
 Reference value :  5.26678e-08
 Reference value :  5.26753e-08
 Reference value :  5.26753e-08
 Reference value :  5.26760e-08
 Reference value :  5.26784e-08
 Reference value :  5.26840e-08
 Reference value :  5.26906e-08
 Reference value :  5.26960e-08
 Reference value :  5.27026e-08
 Reference value :  5.27147e-08
 Reference value :  5.27228e-08
 Reference value :  5.27315e-08
 Reference value :  5.27411e-08
 Reference value :  5.27581e-08
 Reference value :  5.27718e-08
 Reference value :  5.27885e-08
 Reference value :  5.28215e-08
 Reference value :  5.28692e-08
 Reference value :  5.29086e-08
 Reference value :  5.29486e-08
 Reference value :  5.29886e-08
 Reference value :  5.30486e-08
 Reference value :  5.30886e-08
 Reference value :  5.31686e-08
 Reference value :  5.32486e-08
 Reference value :  5.33086e-08
 Reference value :  5.33686e-08
 Reference value :  5.34286e-08
 Reference value :  5.34886e-08
 Reference value :  5.35486e-08
 Reference value :  5.36086e-08
 Reference value :  5.36686e-08
 Reference value :  5.37286e-08
 Reference value :  5.37886e-08
 Reference value :  5.38486e-08
 Reference value :  5.38721e-08
 Reference value :  5.38721e-08
 Reference value :  5.38721e-08
 Reference value :  5.38721e-08
 Reference value :  5.38721e-08
 Reference value :  5.38721e-08
 Reference value :  5.38721e-08
 Reference value :  5.38721e-08
 Reference value :  5.38721e-08
 Reference value :  5.38721e-08
 Reference value :  5.38721e-08
 Reference value :  5.38721e-08
 Reference value :  5.38721e-08
 Reference value :  5.38721e-08
 Reference value :  5.38721e-08
 Reference value :  5.38727e-08
 Reference value :  5.38735e-08
 Reference value :  5.38745e-08
 Reference value :  5.38761e-08
 Reference value :  5.38774e-08
 Reference value :  5.38788e-08
 Reference value :  5.38806e-08
 Reference value :  5.38827e-08
 Reference value :  5.38855e-08
 Reference value :  5.38885e-08
 Reference value :  5.38944e-08
 Reference value :  5.39011e-08
 Reference value :  5.39069e-08
 Reference value :  5.39165e-08
 Reference value :  5.39265e-08
 Reference value :  5.39382e-08
 Reference value :  5.39459e-08
 Reference value :  5.39526e-08
 Reference value :  5.39588e-08
 Reference value :  5.39636e-08
 Reference value :  5.39688e-08
 Reference value :  5.39779e-08
 Reference value :  5.39888e-08
 Reference value :  5.39921e-08
 Reference value :  5.39991e-08
 Reference value :  5.40095e-08
 Reference value :  5.40193e-08
 Reference value :  5.40221e-08
 Reference value :  5.40222e-08
 Reference value :  5.40226e-08
 Reference value :  5.40243e-08
 Reference value :  5.40277e-08
 Reference value :  5.40315e-08
 Reference value :  5.40358e-08
 Reference value :  5.40437e-08
 Reference value :  5.40506e-08
 Reference value :  5.40622e-08
 Reference value :  5.40700e-08
 Reference value :  5.40787e-08
 Reference value :  5.40889e-08
 Reference value :  5.41012e-08
 Reference value :  5.41168e-08
 Reference value :  5.41374e-08
 Reference value :  5.41665e-08
 Reference value :  5.42014e-08
 Reference value :  5.42414e-08
 Reference value :  5.42814e-08
 Reference value :  5.43414e-08
 Reference value :  5.44214e-08
 Reference value :  5.44814e-08
 Reference value :  5.45614e-08
 Reference value :  5.46214e-08
 Reference value :  5.47014e-08
 Reference value :  5.47814e-08
 Reference value :  5.48614e-08
 Reference value :  5.49214e-08
 Reference value :  5.49814e-08
 Reference value :  5.50414e-08
 Reference value :  5.51014e-08
 Reference value :  5.51814e-08
 Reference value :  5.52189e-08
 Reference value :  5.52190e-08
 Reference value :  5.52196e-08
 Reference value :  5.52220e-08
 Reference value :  5.52261e-08
 Reference value :  5.52306e-08
 Reference value :  5.52394e-08
 Reference value :  5.52515e-08
 Reference value :  5.52649e-08
 Reference value :  5.52773e-08
 Reference value :  5.52894e-08
 Reference value :  5.52971e-08
 Reference value :  5.53030e-08
 Reference value :  5.53084e-08
 Reference value :  5.53171e-08
 Reference value :  5.53238e-08
 Reference value :  5.53314e-08
 Reference value :  5.53350e-08
 Reference value :  5.53384e-08
 Reference value :  5.53456e-08
 Reference value :  5.53525e-08
 Reference value :  5.53631e-08
 Reference value :  5.53689e-08
 Reference value :  5.53691e-08
 Reference value :  5.53711e-08
 Reference value :  5.53726e-08
 Reference value :  5.53783e-08
 Reference value :  5.53851e-08
 Reference value :  5.53906e-08
 Reference value :  5.53976e-08
 Reference value :  5.54048e-08
 Reference value :  5.54122e-08
 Reference value :  5.54205e-08
 Reference value :  5.54302e-08
 Reference value :  5.54487e-08
 Reference value :  5.54754e-08
 Reference value :  5.55034e-08
 Reference value :  5.55568e-08
 Reference value :  5.55968e-08
 Reference value :  5.56568e-08
 Reference value :  5.57368e-08
 Reference value :  5.58168e-08
 Reference value :  5.58968e-08
 Reference value :  5.59568e-08
 Reference value :  5.60168e-08
 Reference value :  5.60768e-08
 Reference value :  5.61368e-08
 Reference value :  5.61968e-08
 Reference value :  5.62568e-08
 Reference value :  5.63168e-08
 Reference value :  5.63768e-08
 Reference value :  5.64568e-08
 Reference value :  5.65168e-08
 Reference value :  5.65657e-08
 Reference value :  5.65657e-08
 Reference value :  5.65659e-08
 Reference value :  5.65669e-08
 Reference value :  5.65699e-08
 Reference value :  5.65740e-08
 Reference value :  5.65816e-08
 Reference value :  5.65880e-08
 Reference value :  5.65963e-08
 Reference value :  5.66048e-08
 Reference value :  5.66135e-08
 Reference value :  5.66210e-08
 Reference value :  5.66332e-08
 Reference value :  5.66448e-08
 Reference value :  5.66505e-08
 Reference value :  5.66530e-08
 Reference value :  5.66586e-08
 Reference value :  5.66647e-08
 Reference value :  5.66714e-08
 Reference value :  5.66793e-08
 Reference value :  5.66864e-08
 Reference value :  5.66970e-08
 Reference value :  5.67039e-08
 Reference value :  5.67111e-08
 Reference value :  5.67157e-08
 Reference value :  5.67157e-08
 Reference value :  5.67159e-08
 Reference value :  5.67175e-08
 Reference value :  5.67191e-08
 Reference value :  5.67228e-08
 Reference value :  5.67268e-08
 Reference value :  5.67313e-08
 Reference value :  5.67399e-08
 Reference value :  5.67472e-08
 Reference value :  5.67582e-08
 Reference value :  5.67663e-08
 Reference value :  5.67759e-08
 Reference value :  5.67940e-08
 Reference value :  5.68198e-08
 Reference value :  5.68466e-08
 Reference value :  5.68989e-08
 Reference value :  5.69389e-08
 Reference value :  5.69789e-08
 Reference value :  5.70389e-08
 Reference value :  5.70989e-08
 Reference value :  5.71789e-08
 Reference value :  5.72389e-08
 Reference value :  5.73189e-08
 Reference value :  5.73989e-08
 Reference value :  5.74589e-08
 Reference value :  5.75389e-08
 Reference value :  5.76189e-08
 Reference value :  5.76789e-08
 Reference value :  5.77589e-08
 Reference value :  5.78189e-08
 Reference value :  5.78789e-08
 Reference value :  5.79125e-08
 Reference value :  5.79128e-08
 Reference value :  5.79139e-08
 Reference value :  5.79172e-08
 Reference value :  5.79214e-08
 Reference value :  5.79263e-08
 Reference value :  5.79322e-08
 Reference value :  5.79399e-08
 Reference value :  5.79527e-08
 Reference value :  5.79614e-08
 Reference value :  5.79692e-08
 Reference value :  5.79773e-08
 Reference value :  5.79853e-08
 Reference value :  5.79927e-08
 Reference value :  5.79955e-08
 Reference value :  5.80006e-08
 Reference value :  5.80061e-08
 Reference value :  5.80157e-08
 Reference value :  5.80230e-08
 Reference value :  5.80311e-08
 Reference value :  5.80383e-08
 Reference value :  5.80452e-08
 Reference value :  5.80557e-08
 Reference value :  5.80625e-08
 Reference value :  5.80625e-08
 Reference value :  5.80628e-08
 Reference value :  5.80639e-08
 Reference value :  5.80672e-08
 Reference value :  5.80709e-08
 Reference value :  5.80773e-08
 Reference value :  5.80826e-08
 Reference value :  5.80892e-08
 Reference value :  5.80963e-08
 Reference value :  5.81035e-08
 Reference value :  5.81115e-08
 Reference value :  5.81207e-08
 Reference value :  5.81318e-08
 Reference value :  5.81532e-08
 Reference value :  5.81871e-08
 Reference value :  5.82193e-08
 Reference value :  5.82776e-08
 Reference value :  5.83176e-08
 Reference value :  5.83576e-08
 Reference value :  5.84176e-08
 Reference value :  5.84976e-08
 Reference value :  5.85576e-08
 Reference value :  5.86376e-08
 Reference value :  5.87176e-08
 Reference value :  5.87976e-08
 Reference value :  5.88576e-08
 Reference value :  5.89176e-08
 Reference value :  5.89776e-08
 Reference value :  5.90376e-08
 Reference value :  5.90976e-08
 Reference value :  5.91576e-08
 Reference value :  5.92176e-08
 Reference value :  5.92593e-08
 Reference value :  5.92593e-08
 Reference value :  5.92595e-08
 Reference value :  5.92612e-08
 Reference value :  5.92650e-08
 Reference value :  5.92693e-08
 Reference value :  5.92745e-08
 Reference value :  5.92808e-08
 Reference value :  5.92890e-08
 Reference value :  5.93019e-08
 Reference value :  5.93099e-08
 Reference value :  5.93136e-08
 Reference value :  5.93215e-08
 Reference value :  5.93254e-08
 Reference value :  5.93332e-08
 Reference value :  5.93405e-08
 Reference value :  5.93431e-08
 Reference value :  5.93486e-08
 Reference value :  5.93542e-08
 Reference value :  5.93605e-08
 Reference value :  5.93675e-08
 Reference value :  5.93750e-08
 Reference value :  5.93784e-08
 Reference value :  5.93856e-08
 Reference value :  5.93925e-08
 Reference value :  5.93995e-08
 Reference value :  5.94062e-08
 Reference value :  5.94093e-08
 Reference value :  5.94096e-08
 Reference value :  5.94105e-08
 Reference value :  5.94134e-08
 Reference value :  5.94171e-08
 Reference value :  5.94212e-08
 Reference value :  5.94259e-08
 Reference value :  5.94348e-08
 Reference value :  5.94459e-08
 Reference value :  5.94533e-08
 Reference value :  5.94617e-08
 Reference value :  5.94716e-08
 Reference value :  5.94904e-08
 Reference value :  5.95071e-08
 Reference value :  5.95305e-08
 Reference value :  5.95624e-08
 Reference value :  5.96204e-08
 Reference value :  5.96804e-08
 Reference value :  5.97404e-08
 Reference value :  5.98204e-08
 Reference value :  5.99004e-08
 Reference value :  5.99604e-08
 Reference value :  6.00204e-08
 Reference value :  6.00804e-08
 Reference value :  6.01404e-08
 Reference value :  6.02204e-08
 Reference value :  6.02804e-08
 Reference value :  6.03604e-08
 Reference value :  6.04404e-08
 Reference value :  6.05204e-08
 Reference value :  6.05932e-08
 Reference value :  6.06061e-08
 Reference value :  6.06063e-08
 Reference value :  6.06072e-08
 Reference value :  6.06101e-08
 Reference value :  6.06142e-08
 Reference value :  6.06216e-08
 Reference value :  6.06280e-08
 Reference value :  6.06362e-08
 Reference value :  6.06447e-08
 Reference value :  6.06533e-08
 Reference value :  6.06608e-08
 Reference value :  6.06726e-08
 Reference value :  6.06843e-08
 Reference value :  6.06902e-08
 Reference value :  6.06957e-08
 Reference value :  6.07044e-08
 Reference value :  6.07147e-08
 Reference value :  6.07223e-08
 Reference value :  6.07257e-08
 Reference value :  6.07364e-08
 Reference value :  6.07467e-08
 Reference value :  6.07532e-08
 Reference value :  6.07561e-08
 Reference value :  6.07563e-08
 Reference value :  6.07572e-08
 Reference value :  6.07598e-08
 Reference value :  6.07635e-08
 Reference value :  6.07675e-08
 Reference value :  6.07722e-08
 Reference value :  6.07777e-08
 Reference value :  6.07847e-08
 Reference value :  6.07955e-08
 Reference value :  6.08033e-08
 Reference value :  6.08172e-08
 Reference value :  6.08290e-08
 Reference value :  6.08433e-08
 Reference value :  6.08745e-08
 Reference value :  6.09061e-08
 Reference value :  6.09634e-08
No. of Data Rows : 6593
m_ui_ref            =  1.34680e-09 targ=  1.35430e-08 trig=  1.21962e-08
m_spa_in            =  5.38721e-09 targ=  1.75834e-08 trig=  1.21962e-08
m_spb_in            =  4.04040e-09 targ=  1.62366e-08 trig=  1.21962e-08
m_spa_c0            =  5.38724e-09 targ=  1.76474e-08 trig=  1.22602e-08
m_spb_c0            =  4.04044e-09 targ=  1.63006e-08 trig=  1.22602e-08
m_trise_c0          =  -2.64797e-09 targ=  1.09289e-08 trig=  1.35769e-08
m_tfall_c0          =  2.76018e-09 targ=  1.49902e-08 trig=  1.22300e-08
m_spa_c1            =  5.38724e-09 targ=  1.76858e-08 trig=  1.22985e-08
m_spb_c1            =  4.04044e-09 targ=  1.63390e-08 trig=  1.22985e-08
m_trise_c1          =  -2.65646e-09 targ=  1.09405e-08 trig=  1.35969e-08
m_tfall_c1          =  2.83012e-09 targ=  1.50802e-08 trig=  1.22500e-08
m_spa_mux           =  5.38725e-09 targ=  1.76405e-08 trig=  1.22533e-08
m_spb_mux           =  4.04044e-09 targ=  1.62937e-08 trig=  1.22533e-08
m_spa_c2            =  5.38723e-09 targ=  1.77186e-08 trig=  1.23314e-08
m_spb_c2            =  4.04043e-09 targ=  1.63718e-08 trig=  1.23314e-08
m_trise_c2          =  2.37786e-10 targ=  1.38452e-08 trig=  1.36074e-08
m_tfall_c2          =  2.37947e-10 targ=  1.51921e-08 trig=  1.49542e-08
m_spa_cmis          =  5.38725e-09 targ=  1.76995e-08 trig=  1.23123e-08
m_spb_cmis          =  4.03962e-09 targ=  1.63519e-08 trig=  1.23123e-08
m_dj_ui_c0 = 2.5987506692e-05
m_swing_c0 = 5.0069168201e-01
m_vpp_c0 = 5.0814762526e-01
m_vcm_c0 = 3.0495424722e+00
m_dj_ui_c1 = 2.6730006884e-05
m_swing_c1 = 5.0056228292e-01
m_vpp_c1 = 5.0321805090e-01
m_vcm_c1 = 3.0495755040e+00
m_dj_ui_mux = 3.0442507839e-05
m_dj_ui_drv_c1 = 3.7125009559e-06
m_dj_ui_c2 = 2.0790005354e-05
m_swing_c2 = 4.9991983013e-01
m_vpp_c2 = 5.0188062756e-01
m_vcm_c2 = 3.0496893734e+00
m_dj_ui_cmis = 6.1182015754e-04
m_swing_cmis = 4.9991864426e-01
m_swing_avcclo = 5.0014063195e-01
m_vcm_avcclo = 2.7197664745e+00
m_swing_avcchi = 5.0095471223e-01
m_vcm_avcchi = 3.3793939960e+00
m_vgs_sw_max = 1.4330848997e+00
m_vgd_sw_max = 1.9483107983e+00
m_vds_sw_max = 2.5176046856e+00
m_vgs_tail_max = 1.1339996294e+00
m_vds_tail_max = 1.1914596326e+00
m_vmux_dc = 8.4794704184e-01
m_swing_dc = 4.9929584264e-01
m_vcm_dc = 3.0501867913e+00
m_ioff_dc = 3.3057469486e-06
m_itail_dc = 9.9925283466e-03
m_icell_dc = 1.0492528364e-02
Note: Simulation executed from .control section 

