
Note: No compatibility mode selected!


Circuit: * tmds-final-mux-eye @ ss_125c_2.97v_270mbps -- generated by sim/harness, do not edit

Doing analysis at TEMP = 125.000000 and TNOM = 27.000000

Using SPARSE 1.3 as Direct Linear Solver

Initial Transient Solution
--------------------------

Node                                   Voltage
----                                   -------
vdd                                       2.97
avcc                                       3.3
clkp                                     1.782
clkn                                     0.891
d0p                                     2.5245
d0n                                     1.6335
d1p                                     2.5245
d1n                                     1.6335
d0ps                                    1.6335
d0ns                                    2.5245
d1ps                                    1.6335
d1ns                                    2.5245
ckref                                    0.891
win                                          0
winr                                         0
winc                                         0
xmux_m.top                              2.5794
xmux_m.xrc.11                          2.59602
xmux_m.xrc.21                          2.95338
outp_m                                 1.78344
xmux_m.xrlp.11                         1.80006
xmux_m.xrlp.21                         2.56279
outn_m                                 2.57884
xmux_m.xrln.11                         2.57885
xmux_m.xrln.21                         2.57939
xmux_m.ibias                           1.14427
xmux_m.xrref.11                        1.15325
xmux_m.xrref.21                        2.96101
xmux_m.sa                              1.03126
xmux_m.sb                              1.77968
xmux_m.tail                           0.508653
dop_m                                  3.28427
xdrv_m.tail                           0.962023
don_m                                  2.82293
ib_m                                   1.25994
vd_m                                  0.795398
vdn_m                                 0.892703
vdg_m                                        0
xmux_s.top                              2.5794
xmux_s.xrc.11                          2.59602
xmux_s.xrc.21                          2.95338
outp_s                                 2.57884
xmux_s.xrlp.11                         2.57885
xmux_s.xrlp.21                         2.57939
outn_s                                 1.78344
xmux_s.xrln.11                         1.80006
xmux_s.xrln.21                         2.56279
xmux_s.ibias                           1.14427
xmux_s.xrref.11                        1.15325
xmux_s.xrref.21                        2.96101
xmux_s.sa                              1.03126
xmux_s.sb                              1.77968
xmux_s.tail                           0.508653
dop_s                                  2.82293
xdrv_s.tail                           0.962023
don_s                                  3.28427
ib_s                                   1.25994
vd_s                                 -0.795398
vdn_s                                -0.892703
vdg_s                                        0
xmux_n.top                              2.5794
xmux_n.xrc.11                          2.59602
xmux_n.xrc.21                          2.95338
outp_n                                 1.78344
xmux_n.xrlp.11                         1.80006
xmux_n.xrlp.21                         2.56279
outn_n                                 2.57884
xmux_n.xrln.11                         2.57885
xmux_n.xrln.21                         2.57939
xmux_n.ibias                           1.14427
xmux_n.xrref.11                        1.15325
xmux_n.xrref.21                        2.96101
xmux_n.sa                              1.03126
xmux_n.sb                              1.77968
xmux_n.tail                           0.508653
vd_n                                  0.795398
vdn_n                                 0.892703
vdg_n                                        0
d0pz                                    2.5245
d0nz                                    1.6335
clkpz                                    1.782
clknz                                    0.891
vdd_z                                     2.97
xmux_z.top                              2.5794
xmux_z.xrc.11                          2.59602
xmux_z.xrc.21                          2.95338
outp_z                                 1.78348
xmux_z.xrlp.11                          1.8001
xmux_z.xrlp.21                         2.56279
outn_z                                  2.5788
xmux_z.xrln.11                         2.57881
xmux_z.xrln.21                         2.57939
xmux_z.ibias                           1.14427
xmux_z.xrref.11                        1.15325
xmux_z.xrref.21                        2.96101
xmux_z.sa                              1.03127
xmux_z.sb                              1.90557
xmux_z.tail                           0.508655
dop_z                                  3.28426
xdrv_z.tail                           0.962002
don_z                                  2.82294
ib_z                                   1.25994
bvdg_n#branch                                0
bvdg_s#branch                                0
bvdg_m#branch                                0
envd_n#branch                                0
emux_n#branch                                0
envd_s#branch                                0
emux_s#branch                                0
envd_m#branch                                0
emux_m#branch                                0
eckref#branch                                0
vsens_z#branch                     -0.00675696
vclknz#branch                                0
vclkpz#branch                                0
vd0nz#branch                                 0
vd0pz#branch                                 0
vwinc#branch                                 0
vwinr#branch                                 0
vwin#branch                                  0
vd1ns#branch                                 0
vd1ps#branch                                 0
vd0ns#branch                                 0
vd0ps#branch                                 0
vd1n#branch                                  0
vd1p#branch                                  0
vd0n#branch                                  0
vd0p#branch                                  0
vclkn#branch                                 0
vclkp#branch                                 0
vavcc#branch                        -0.0295678
vvdd#branch                         -0.0202709

 Reference value :  0.00000e+00
 Reference value :  1.60000e-12
 Reference value :  4.56000e-11
 Reference value :  1.45600e-10
 Reference value :  2.25600e-10
 Reference value :  3.05600e-10
 Reference value :  4.05600e-10
 Reference value :  5.25600e-10
 Reference value :  6.25600e-10
 Reference value :  7.25600e-10
 Reference value :  8.25600e-10
 Reference value :  9.25600e-10
 Reference value :  1.04560e-09
 Reference value :  1.14560e-09
 Reference value :  1.24560e-09
 Reference value :  1.34560e-09
 Reference value :  1.46560e-09
 Reference value :  1.56560e-09
 Reference value :  1.66560e-09
 Reference value :  1.74560e-09
 Reference value :  1.84560e-09
 Reference value :  1.94560e-09
 Reference value :  2.02560e-09
 Reference value :  2.10560e-09
 Reference value :  2.20560e-09
 Reference value :  2.28560e-09
 Reference value :  2.36560e-09
 Reference value :  2.44560e-09
 Reference value :  2.52560e-09
 Reference value :  2.60560e-09
 Reference value :  2.70560e-09
 Reference value :  2.80560e-09
 Reference value :  2.90560e-09
 Reference value :  3.00560e-09
 Reference value :  3.08560e-09
 Reference value :  3.16560e-09
 Reference value :  3.26560e-09
 Reference value :  3.36560e-09
 Reference value :  3.48560e-09
 Reference value :  3.58560e-09
 Reference value :  3.68560e-09
 Reference value :  3.70376e-09
 Reference value :  3.70620e-09
 Reference value :  3.71211e-09
 Reference value :  3.72044e-09
 Reference value :  3.72900e-09
 Reference value :  3.73596e-09
 Reference value :  3.74774e-09
 Reference value :  3.75395e-09
 Reference value :  3.75934e-09
 Reference value :  3.76893e-09
 Reference value :  3.77969e-09
 Reference value :  3.78915e-09
 Reference value :  3.79735e-09
 Reference value :  3.80340e-09
 Reference value :  3.81278e-09
 Reference value :  3.82692e-09
 Reference value :  3.83960e-09
 Reference value :  3.85062e-09
 Reference value :  3.85372e-09
 Reference value :  3.85397e-09
 Reference value :  3.85791e-09
 Reference value :  3.86454e-09
 Reference value :  3.87200e-09
 Reference value :  3.88377e-09
 Reference value :  3.89923e-09
 Reference value :  3.90384e-09
 Reference value :  3.90953e-09
 Reference value :  3.92482e-09
 Reference value :  3.94921e-09
 Reference value :  3.97186e-09
 Reference value :  3.99750e-09
 Reference value :  4.03043e-09
 Reference value :  4.09653e-09
 Reference value :  4.15653e-09
 Reference value :  4.21653e-09
 Reference value :  4.29653e-09
 Reference value :  4.39653e-09
 Reference value :  4.49653e-09
 Reference value :  4.59653e-09
 Reference value :  4.69653e-09
 Reference value :  4.81653e-09
 Reference value :  4.91653e-09
 Reference value :  5.03653e-09
 Reference value :  5.15653e-09
 Reference value :  5.25653e-09
 Reference value :  5.35653e-09
 Reference value :  5.43653e-09
 Reference value :  5.49653e-09
 Reference value :  5.57653e-09
 Reference value :  5.65653e-09
 Reference value :  5.73653e-09
 Reference value :  5.81653e-09
 Reference value :  5.89653e-09
 Reference value :  5.99653e-09
 Reference value :  6.11653e-09
 Reference value :  6.19653e-09
 Reference value :  6.27653e-09
 Reference value :  6.35653e-09
 Reference value :  6.43653e-09
 Reference value :  6.49653e-09
 Reference value :  6.55653e-09
 Reference value :  6.63653e-09
 Reference value :  6.69653e-09
 Reference value :  6.77653e-09
 Reference value :  6.85653e-09
 Reference value :  6.93653e-09
 Reference value :  6.99653e-09
 Reference value :  7.03714e-09
 Reference value :  7.03804e-09
 Reference value :  7.03853e-09
 Reference value :  7.05589e-09
 Reference value :  7.15381e-09
 Reference value :  7.23381e-09
 Reference value :  7.33381e-09
 Reference value :  7.40743e-09
 Reference value :  7.40769e-09
 Reference value :  7.40976e-09
 Reference value :  7.41431e-09
 Reference value :  7.41937e-09
 Reference value :  7.42534e-09
 Reference value :  7.43677e-09
 Reference value :  7.44629e-09
 Reference value :  7.45615e-09
 Reference value :  7.47058e-09
 Reference value :  7.48608e-09
 Reference value :  7.49899e-09
 Reference value :  7.50526e-09
 Reference value :  7.51480e-09
 Reference value :  7.52888e-09
 Reference value :  7.54165e-09
 Reference value :  7.55741e-09
 Reference value :  7.55757e-09
 Reference value :  7.56030e-09
 Reference value :  7.56665e-09
 Reference value :  7.57388e-09
 Reference value :  7.58519e-09
 Reference value :  7.59983e-09
 Reference value :  7.60744e-09
 Reference value :  7.60934e-09
 Reference value :  7.62312e-09
 Reference value :  7.64094e-09
 Reference value :  7.66284e-09
 Reference value :  7.69188e-09
 Reference value :  7.73472e-09
 Reference value :  7.80561e-09
 Reference value :  7.88561e-09
 Reference value :  7.98561e-09
 Reference value :  8.08561e-09
 Reference value :  8.18561e-09
 Reference value :  8.30561e-09
 Reference value :  8.40561e-09
 Reference value :  8.50561e-09
 Reference value :  8.58561e-09
 Reference value :  8.66561e-09
 Reference value :  8.74561e-09
 Reference value :  8.82561e-09
 Reference value :  8.90561e-09
 Reference value :  8.96561e-09
 Reference value :  9.04561e-09
 Reference value :  9.12561e-09
 Reference value :  9.18561e-09
 Reference value :  9.26561e-09
 Reference value :  9.34561e-09
 Reference value :  9.42561e-09
 Reference value :  9.48561e-09
 Reference value :  9.56561e-09
 Reference value :  9.66561e-09
 Reference value :  9.74561e-09
 Reference value :  9.80561e-09
 Reference value :  9.86561e-09
 Reference value :  9.96561e-09
 Reference value :  1.00656e-08
 Reference value :  1.01656e-08
 Reference value :  1.02456e-08
 Reference value :  1.03056e-08
 Reference value :  1.03656e-08
 Reference value :  1.04656e-08
 Reference value :  1.05656e-08
 Reference value :  1.06456e-08
 Reference value :  1.07256e-08
 Reference value :  1.08256e-08
 Reference value :  1.09256e-08
 Reference value :  1.10256e-08
 Reference value :  1.11111e-08
 Reference value :  1.11112e-08
 Reference value :  1.11130e-08
 Reference value :  1.11223e-08
 Reference value :  1.11315e-08
 Reference value :  1.11393e-08
 Reference value :  1.11485e-08
 Reference value :  1.11634e-08
 Reference value :  1.11828e-08
 Reference value :  1.11925e-08
 Reference value :  1.12045e-08
 Reference value :  1.12106e-08
 Reference value :  1.12238e-08
 Reference value :  1.12391e-08
 Reference value :  1.12470e-08
 Reference value :  1.12611e-08
 Reference value :  1.12612e-08
 Reference value :  1.12654e-08
 Reference value :  1.12718e-08
 Reference value :  1.12819e-08
 Reference value :  1.12877e-08
 Reference value :  1.12980e-08
 Reference value :  1.13111e-08
 Reference value :  1.13113e-08
 Reference value :  1.13144e-08
 Reference value :  1.13224e-08
 Reference value :  1.13388e-08
 Reference value :  1.13579e-08
 Reference value :  1.13729e-08
 Reference value :  1.13976e-08
 Reference value :  1.14405e-08
 Reference value :  1.14884e-08
 Reference value :  1.15484e-08
 Reference value :  1.16084e-08
 Reference value :  1.17084e-08
 Reference value :  1.17884e-08
 Reference value :  1.18884e-08
 Reference value :  1.19684e-08
 Reference value :  1.20484e-08
 Reference value :  1.21284e-08
 Reference value :  1.22084e-08
 Reference value :  1.22684e-08
 Reference value :  1.23284e-08
 Reference value :  1.24084e-08
 Reference value :  1.24684e-08
 Reference value :  1.25484e-08
 Reference value :  1.26284e-08
 Reference value :  1.27284e-08
 Reference value :  1.28284e-08
 Reference value :  1.29284e-08
 Reference value :  1.30284e-08
 Reference value :  1.31084e-08
 Reference value :  1.31884e-08
 Reference value :  1.32884e-08
 Reference value :  1.33884e-08
 Reference value :  1.34884e-08
 Reference value :  1.35884e-08
 Reference value :  1.36884e-08
 Reference value :  1.38084e-08
 Reference value :  1.39084e-08
 Reference value :  1.40084e-08
 Reference value :  1.40884e-08
 Reference value :  1.41684e-08
 Reference value :  1.42484e-08
 Reference value :  1.43484e-08
 Reference value :  1.44284e-08
 Reference value :  1.45284e-08
 Reference value :  1.46084e-08
 Reference value :  1.46684e-08
 Reference value :  1.47484e-08
 Reference value :  1.48148e-08
 Reference value :  1.48149e-08
 Reference value :  1.48168e-08
 Reference value :  1.48261e-08
 Reference value :  1.48354e-08
 Reference value :  1.48476e-08
 Reference value :  1.48576e-08
 Reference value :  1.48718e-08
 Reference value :  1.48867e-08
 Reference value :  1.48958e-08
 Reference value :  1.49085e-08
 Reference value :  1.49145e-08
 Reference value :  1.49245e-08
 Reference value :  1.49349e-08
 Reference value :  1.49469e-08
 Reference value :  1.49550e-08
 Reference value :  1.49648e-08
 Reference value :  1.49649e-08
 Reference value :  1.49658e-08
 Reference value :  1.49710e-08
 Reference value :  1.49754e-08
 Reference value :  1.49828e-08
 Reference value :  1.49883e-08
 Reference value :  1.49945e-08
 Reference value :  1.50054e-08
 Reference value :  1.50148e-08
 Reference value :  1.50149e-08
 Reference value :  1.50177e-08
 Reference value :  1.50285e-08
 Reference value :  1.50415e-08
 Reference value :  1.50561e-08
 Reference value :  1.50737e-08
 Reference value :  1.50954e-08
 Reference value :  1.51243e-08
 Reference value :  1.51838e-08
 Reference value :  1.52438e-08
 Reference value :  1.53038e-08
 Reference value :  1.53838e-08
 Reference value :  1.54638e-08
 Reference value :  1.55438e-08
 Reference value :  1.56438e-08
 Reference value :  1.57438e-08
 Reference value :  1.58438e-08
 Reference value :  1.59638e-08
 Reference value :  1.60838e-08
 Reference value :  1.62038e-08
 Reference value :  1.63038e-08
 Reference value :  1.64038e-08
 Reference value :  1.65038e-08
 Reference value :  1.66038e-08
 Reference value :  1.67038e-08
 Reference value :  1.68038e-08
 Reference value :  1.69038e-08
 Reference value :  1.69638e-08
 Reference value :  1.70238e-08
 Reference value :  1.71038e-08
 Reference value :  1.71838e-08
 Reference value :  1.72638e-08
 Reference value :  1.73838e-08
 Reference value :  1.75038e-08
 Reference value :  1.76238e-08
 Reference value :  1.77438e-08
 Reference value :  1.78438e-08
 Reference value :  1.79238e-08
 Reference value :  1.80238e-08
 Reference value :  1.81238e-08
 Reference value :  1.82238e-08
 Reference value :  1.83238e-08
 Reference value :  1.84238e-08
 Reference value :  1.85185e-08
 Reference value :  1.85186e-08
 Reference value :  1.85197e-08
 Reference value :  1.85254e-08
 Reference value :  1.85366e-08
 Reference value :  1.85528e-08
 Reference value :  1.85576e-08
 Reference value :  1.85675e-08
 Reference value :  1.85770e-08
 Reference value :  1.85925e-08
 Reference value :  1.86067e-08
 Reference value :  1.86138e-08
 Reference value :  1.86199e-08
 Reference value :  1.86264e-08
 Reference value :  1.86369e-08
 Reference value :  1.86491e-08
 Reference value :  1.86615e-08
 Reference value :  1.86685e-08
 Reference value :  1.86685e-08
 Reference value :  1.86692e-08
 Reference value :  1.86711e-08
 Reference value :  1.86730e-08
 Reference value :  1.86774e-08
 Reference value :  1.86846e-08
 Reference value :  1.86899e-08
 Reference value :  1.86958e-08
 Reference value :  1.87025e-08
 Reference value :  1.87103e-08
 Reference value :  1.87186e-08
 Reference value :  1.87197e-08
 Reference value :  1.87286e-08
 Reference value :  1.87444e-08
 Reference value :  1.87565e-08
 Reference value :  1.87705e-08
 Reference value :  1.87940e-08
 Reference value :  1.88116e-08
 Reference value :  1.88442e-08
 Reference value :  1.88904e-08
 Reference value :  1.89504e-08
 Reference value :  1.89904e-08
 Reference value :  1.90504e-08
 Reference value :  1.91304e-08
 Reference value :  1.92304e-08
 Reference value :  1.93104e-08
 Reference value :  1.93904e-08
 Reference value :  1.94904e-08
 Reference value :  1.95904e-08
 Reference value :  1.96504e-08
 Reference value :  1.97104e-08
 Reference value :  1.97704e-08
 Reference value :  1.98504e-08
 Reference value :  1.99104e-08
 Reference value :  1.99704e-08
 Reference value :  2.00304e-08
 Reference value :  2.00904e-08
 Reference value :  2.01704e-08
 Reference value :  2.02504e-08
 Reference value :  2.03104e-08
 Reference value :  2.03904e-08
 Reference value :  2.04504e-08
 Reference value :  2.05104e-08
 Reference value :  2.05904e-08
 Reference value :  2.06504e-08
 Reference value :  2.07304e-08
 Reference value :  2.07904e-08
 Reference value :  2.08504e-08
 Reference value :  2.09104e-08
 Reference value :  2.09904e-08
 Reference value :  2.10704e-08
 Reference value :  2.11304e-08
 Reference value :  2.11904e-08
 Reference value :  2.12704e-08
 Reference value :  2.13304e-08
 Reference value :  2.13904e-08
 Reference value :  2.14504e-08
 Reference value :  2.15104e-08
 Reference value :  2.15904e-08
 Reference value :  2.16704e-08
 Reference value :  2.17704e-08
 Reference value :  2.18704e-08
 Reference value :  2.19504e-08
 Reference value :  2.20104e-08
 Reference value :  2.20904e-08
 Reference value :  2.21704e-08
 Reference value :  2.22222e-08
 Reference value :  2.22225e-08
 Reference value :  2.22245e-08
 Reference value :  2.22289e-08
 Reference value :  2.22341e-08
 Reference value :  2.22437e-08
 Reference value :  2.22563e-08
 Reference value :  2.22657e-08
 Reference value :  2.22752e-08
 Reference value :  2.22955e-08
 Reference value :  2.23096e-08
 Reference value :  2.23135e-08
 Reference value :  2.23168e-08
 Reference value :  2.23229e-08
 Reference value :  2.23329e-08
 Reference value :  2.23398e-08
 Reference value :  2.23517e-08
 Reference value :  2.23600e-08
 Reference value :  2.23680e-08
 Reference value :  2.23722e-08
 Reference value :  2.23723e-08
 Reference value :  2.23726e-08
 Reference value :  2.23757e-08
 Reference value :  2.23801e-08
 Reference value :  2.23846e-08
 Reference value :  2.23896e-08
 Reference value :  2.23951e-08
 Reference value :  2.24012e-08
 Reference value :  2.24081e-08
 Reference value :  2.24193e-08
 Reference value :  2.24222e-08
 Reference value :  2.24226e-08
 Reference value :  2.24281e-08
 Reference value :  2.24359e-08
 Reference value :  2.24489e-08
 Reference value :  2.24635e-08
 Reference value :  2.24811e-08
 Reference value :  2.25028e-08
 Reference value :  2.25317e-08
 Reference value :  2.25727e-08
 Reference value :  2.26112e-08
 Reference value :  2.26712e-08
 Reference value :  2.27312e-08
 Reference value :  2.28112e-08
 Reference value :  2.28712e-08
 Reference value :  2.29512e-08
 Reference value :  2.30312e-08
 Reference value :  2.31112e-08
 Reference value :  2.31912e-08
 Reference value :  2.32712e-08
 Reference value :  2.33312e-08
 Reference value :  2.33912e-08
 Reference value :  2.34512e-08
 Reference value :  2.35112e-08
 Reference value :  2.35712e-08
 Reference value :  2.36512e-08
 Reference value :  2.37312e-08
 Reference value :  2.38112e-08
 Reference value :  2.38912e-08
 Reference value :  2.39712e-08
 Reference value :  2.40512e-08
 Reference value :  2.41312e-08
 Reference value :  2.42112e-08
 Reference value :  2.42912e-08
 Reference value :  2.43512e-08
 Reference value :  2.44112e-08
 Reference value :  2.44912e-08
 Reference value :  2.45512e-08
 Reference value :  2.46312e-08
 Reference value :  2.46912e-08
 Reference value :  2.47512e-08
 Reference value :  2.48112e-08
 Reference value :  2.48712e-08
 Reference value :  2.49312e-08
 Reference value :  2.50112e-08
 Reference value :  2.50712e-08
 Reference value :  2.51312e-08
 Reference value :  2.51912e-08
 Reference value :  2.52712e-08
 Reference value :  2.53312e-08
 Reference value :  2.54112e-08
 Reference value :  2.54712e-08
 Reference value :  2.55312e-08
 Reference value :  2.56112e-08
 Reference value :  2.56712e-08
 Reference value :  2.57312e-08
 Reference value :  2.58112e-08
 Reference value :  2.58712e-08
 Reference value :  2.59259e-08
 Reference value :  2.59260e-08
 Reference value :  2.59271e-08
 Reference value :  2.59305e-08
 Reference value :  2.59380e-08
 Reference value :  2.59440e-08
 Reference value :  2.59512e-08
 Reference value :  2.59602e-08
 Reference value :  2.59702e-08
 Reference value :  2.59844e-08
 Reference value :  2.59945e-08
 Reference value :  2.60048e-08
 Reference value :  2.60141e-08
 Reference value :  2.60180e-08
 Reference value :  2.60212e-08
 Reference value :  2.60273e-08
 Reference value :  2.60338e-08
 Reference value :  2.60407e-08
 Reference value :  2.60521e-08
 Reference value :  2.60649e-08
 Reference value :  2.60724e-08
 Reference value :  2.60759e-08
 Reference value :  2.60766e-08
 Reference value :  2.60804e-08
 Reference value :  2.60872e-08
 Reference value :  2.60920e-08
 Reference value :  2.60973e-08
 Reference value :  2.61032e-08
 Reference value :  2.61137e-08
 Reference value :  2.61259e-08
 Reference value :  2.61260e-08
 Reference value :  2.61271e-08
 Reference value :  2.61360e-08
 Reference value :  2.61518e-08
 Reference value :  2.61639e-08
 Reference value :  2.61779e-08
 Reference value :  2.62015e-08
 Reference value :  2.62286e-08
 Reference value :  2.62516e-08
 Reference value :  2.62804e-08
 Reference value :  2.63379e-08
 Reference value :  2.63979e-08
 Reference value :  2.64379e-08
 Reference value :  2.65179e-08
 Reference value :  2.65779e-08
 Reference value :  2.66379e-08
 Reference value :  2.66979e-08
 Reference value :  2.67779e-08
 Reference value :  2.68579e-08
 Reference value :  2.69379e-08
 Reference value :  2.69979e-08
 Reference value :  2.70779e-08
 Reference value :  2.71579e-08
 Reference value :  2.72379e-08
 Reference value :  2.73179e-08
 Reference value :  2.73979e-08
 Reference value :  2.74579e-08
 Reference value :  2.75179e-08
 Reference value :  2.75779e-08
 Reference value :  2.76579e-08
 Reference value :  2.77379e-08
 Reference value :  2.78179e-08
 Reference value :  2.78979e-08
 Reference value :  2.79579e-08
 Reference value :  2.80179e-08
 Reference value :  2.80779e-08
 Reference value :  2.81579e-08
 Reference value :  2.82379e-08
 Reference value :  2.83179e-08
 Reference value :  2.83979e-08
 Reference value :  2.84579e-08
 Reference value :  2.85179e-08
 Reference value :  2.85779e-08
 Reference value :  2.86579e-08
 Reference value :  2.87379e-08
 Reference value :  2.88179e-08
 Reference value :  2.88779e-08
 Reference value :  2.89579e-08
 Reference value :  2.90379e-08
 Reference value :  2.91179e-08
 Reference value :  2.91979e-08
 Reference value :  2.92779e-08
 Reference value :  2.93379e-08
 Reference value :  2.93979e-08
 Reference value :  2.94779e-08
 Reference value :  2.95579e-08
 Reference value :  2.96137e-08
 Reference value :  2.96296e-08
 Reference value :  2.96302e-08
 Reference value :  2.96320e-08
 Reference value :  2.96402e-08
 Reference value :  2.96505e-08
 Reference value :  2.96592e-08
 Reference value :  2.96733e-08
 Reference value :  2.96877e-08
 Reference value :  2.97030e-08
 Reference value :  2.97127e-08
 Reference value :  2.97209e-08
 Reference value :  2.97244e-08
 Reference value :  2.97314e-08
 Reference value :  2.97416e-08
 Reference value :  2.97525e-08
 Reference value :  2.97611e-08
 Reference value :  2.97695e-08
 Reference value :  2.97765e-08
 Reference value :  2.97796e-08
 Reference value :  2.97799e-08
 Reference value :  2.97821e-08
 Reference value :  2.97840e-08
 Reference value :  2.97907e-08
 Reference value :  2.97982e-08
 Reference value :  2.98068e-08
 Reference value :  2.98174e-08
 Reference value :  2.98255e-08
 Reference value :  2.98297e-08
 Reference value :  2.98302e-08
 Reference value :  2.98341e-08
 Reference value :  2.98415e-08
 Reference value :  2.98540e-08
 Reference value :  2.98684e-08
 Reference value :  2.98794e-08
 Reference value :  2.98918e-08
 Reference value :  2.99145e-08
 Reference value :  2.99335e-08
 Reference value :  2.99568e-08
 Reference value :  2.99852e-08
 Reference value :  3.00003e-08
 Reference value :  3.00012e-08
 Reference value :  3.00032e-08
 Reference value :  3.00189e-08
 Reference value :  3.00568e-08
 Reference value :  3.00968e-08
 Reference value :  3.01368e-08
 Reference value :  3.01768e-08
 Reference value :  3.02568e-08
 Reference value :  3.03368e-08
 Reference value :  3.04168e-08
 Reference value :  3.04968e-08
 Reference value :  3.05768e-08
 Reference value :  3.06368e-08
 Reference value :  3.07168e-08
 Reference value :  3.07968e-08
 Reference value :  3.08768e-08
 Reference value :  3.09568e-08
 Reference value :  3.10368e-08
 Reference value :  3.11168e-08
 Reference value :  3.11968e-08
 Reference value :  3.12768e-08
 Reference value :  3.13568e-08
 Reference value :  3.14368e-08
 Reference value :  3.15168e-08
 Reference value :  3.15968e-08
 Reference value :  3.16568e-08
 Reference value :  3.17368e-08
 Reference value :  3.17968e-08
 Reference value :  3.18768e-08
 Reference value :  3.19568e-08
 Reference value :  3.20168e-08
 Reference value :  3.20768e-08
 Reference value :  3.21368e-08
 Reference value :  3.21968e-08
 Reference value :  3.23168e-08
 Reference value :  3.23968e-08
 Reference value :  3.24568e-08
 Reference value :  3.25368e-08
 Reference value :  3.26168e-08
 Reference value :  3.26968e-08
 Reference value :  3.27768e-08
 Reference value :  3.28568e-08
 Reference value :  3.29168e-08
 Reference value :  3.29768e-08
 Reference value :  3.30568e-08
 Reference value :  3.31168e-08
 Reference value :  3.31968e-08
 Reference value :  3.32568e-08
 Reference value :  3.33151e-08
 Reference value :  3.33334e-08
 Reference value :  3.33336e-08
 Reference value :  3.33359e-08
 Reference value :  3.33403e-08
 Reference value :  3.33485e-08
 Reference value :  3.33588e-08
 Reference value :  3.33727e-08
 Reference value :  3.33874e-08
 Reference value :  3.34023e-08
 Reference value :  3.34172e-08
 Reference value :  3.34260e-08
 Reference value :  3.34328e-08
 Reference value :  3.34399e-08
 Reference value :  3.34467e-08
 Reference value :  3.34538e-08
 Reference value :  3.34619e-08
 Reference value :  3.34702e-08
 Reference value :  3.34782e-08
 Reference value :  3.34833e-08
 Reference value :  3.34833e-08
 Reference value :  3.34835e-08
 Reference value :  3.34850e-08
 Reference value :  3.34889e-08
 Reference value :  3.34958e-08
 Reference value :  3.35007e-08
 Reference value :  3.35063e-08
 Reference value :  3.35124e-08
 Reference value :  3.35195e-08
 Reference value :  3.35305e-08
 Reference value :  3.35334e-08
 Reference value :  3.35350e-08
 Reference value :  3.35444e-08
 Reference value :  3.35601e-08
 Reference value :  3.35778e-08
 Reference value :  3.35918e-08
 Reference value :  3.36076e-08
 Reference value :  3.36348e-08
 Reference value :  3.36704e-08
 Reference value :  3.37187e-08
 Reference value :  3.37782e-08
 Reference value :  3.38382e-08
 Reference value :  3.39182e-08
 Reference value :  3.39982e-08
 Reference value :  3.40982e-08
 Reference value :  3.41782e-08
 Reference value :  3.42582e-08
 Reference value :  3.43382e-08
 Reference value :  3.43982e-08
 Reference value :  3.44782e-08
 Reference value :  3.45582e-08
 Reference value :  3.46182e-08
 Reference value :  3.47182e-08
 Reference value :  3.47982e-08
 Reference value :  3.48782e-08
 Reference value :  3.49382e-08
 Reference value :  3.50182e-08
 Reference value :  3.50782e-08
 Reference value :  3.51382e-08
 Reference value :  3.52182e-08
 Reference value :  3.52782e-08
 Reference value :  3.53582e-08
 Reference value :  3.54382e-08
 Reference value :  3.54982e-08
 Reference value :  3.55782e-08
 Reference value :  3.56582e-08
 Reference value :  3.57382e-08
 Reference value :  3.58182e-08
 Reference value :  3.58782e-08
 Reference value :  3.59582e-08
 Reference value :  3.60382e-08
 Reference value :  3.61182e-08
 Reference value :  3.61982e-08
 Reference value :  3.62782e-08
 Reference value :  3.63582e-08
 Reference value :  3.64382e-08
 Reference value :  3.65182e-08
 Reference value :  3.65782e-08
 Reference value :  3.66582e-08
 Reference value :  3.67382e-08
 Reference value :  3.67982e-08
 Reference value :  3.68782e-08
 Reference value :  3.69382e-08
 Reference value :  3.69982e-08
 Reference value :  3.70371e-08
 Reference value :  3.70373e-08
 Reference value :  3.70396e-08
 Reference value :  3.70441e-08
 Reference value :  3.70493e-08
 Reference value :  3.70589e-08
 Reference value :  3.70669e-08
 Reference value :  3.70819e-08
 Reference value :  3.70964e-08
 Reference value :  3.71118e-08
 Reference value :  3.71258e-08
 Reference value :  3.71339e-08
 Reference value :  3.71406e-08
 Reference value :  3.71475e-08
 Reference value :  3.71544e-08
 Reference value :  3.71620e-08
 Reference value :  3.71747e-08
 Reference value :  3.71827e-08
 Reference value :  3.71870e-08
 Reference value :  3.71871e-08
 Reference value :  3.71872e-08
 Reference value :  3.71887e-08
 Reference value :  3.71949e-08
 Reference value :  3.71995e-08
 Reference value :  3.72045e-08
 Reference value :  3.72100e-08
 Reference value :  3.72195e-08
 Reference value :  3.72271e-08
 Reference value :  3.72343e-08
 Reference value :  3.72371e-08
 Reference value :  3.72374e-08
 Reference value :  3.72429e-08
 Reference value :  3.72550e-08
 Reference value :  3.72682e-08
 Reference value :  3.72839e-08
 Reference value :  3.72959e-08
 Reference value :  3.73176e-08
 Reference value :  3.73358e-08
 Reference value :  3.73584e-08
 Reference value :  3.73858e-08
 Reference value :  3.74380e-08
 Reference value :  3.74980e-08
 Reference value :  3.75580e-08
 Reference value :  3.76380e-08
 Reference value :  3.77180e-08
 Reference value :  3.77779e-08
 Reference value :  3.77788e-08
 Reference value :  3.77793e-08
 Reference value :  3.77877e-08
 Reference value :  3.78545e-08
 Reference value :  3.79345e-08
 Reference value :  3.80145e-08
 Reference value :  3.80945e-08
 Reference value :  3.81482e-08
 Reference value :  3.81491e-08
 Reference value :  3.81496e-08
 Reference value :  3.81580e-08
 Reference value :  3.82049e-08
 Reference value :  3.82649e-08
 Reference value :  3.83449e-08
 Reference value :  3.84049e-08
 Reference value :  3.84649e-08
 Reference value :  3.85249e-08
 Reference value :  3.85849e-08
 Reference value :  3.86649e-08
 Reference value :  3.87449e-08
 Reference value :  3.88249e-08
 Reference value :  3.89049e-08
 Reference value :  3.89649e-08
 Reference value :  3.90449e-08
 Reference value :  3.91049e-08
 Reference value :  3.91849e-08
 Reference value :  3.92449e-08
 Reference value :  3.93249e-08
 Reference value :  3.94049e-08
 Reference value :  3.94649e-08
 Reference value :  3.95249e-08
 Reference value :  3.96049e-08
 Reference value :  3.96299e-08
 Reference value :  3.96308e-08
 Reference value :  3.96350e-08
 Reference value :  3.96864e-08
 Reference value :  3.97864e-08
 Reference value :  3.98664e-08
 Reference value :  3.99464e-08
 Reference value :  4.00264e-08
 Reference value :  4.01064e-08
 Reference value :  4.01664e-08
 Reference value :  4.02264e-08
 Reference value :  4.02864e-08
 Reference value :  4.03464e-08
 Reference value :  4.04064e-08
 Reference value :  4.04664e-08
 Reference value :  4.05264e-08
 Reference value :  4.06064e-08
 Reference value :  4.06664e-08
 Reference value :  4.07236e-08
 Reference value :  4.07408e-08
 Reference value :  4.07410e-08
 Reference value :  4.07431e-08
 Reference value :  4.07477e-08
 Reference value :  4.07502e-08
 Reference value :  4.07557e-08
 Reference value :  4.07622e-08
 Reference value :  4.07702e-08
 Reference value :  4.07798e-08
 Reference value :  4.07897e-08
 Reference value :  4.07992e-08
 Reference value :  4.08147e-08
 Reference value :  4.08287e-08
 Reference value :  4.08367e-08
 Reference value :  4.08433e-08
 Reference value :  4.08536e-08
 Reference value :  4.08645e-08
 Reference value :  4.08727e-08
 Reference value :  4.08809e-08
 Reference value :  4.08879e-08
 Reference value :  4.08908e-08
 Reference value :  4.08908e-08
 Reference value :  4.08917e-08
 Reference value :  4.08946e-08
 Reference value :  4.08990e-08
 Reference value :  4.09060e-08
 Reference value :  4.09112e-08
 Reference value :  4.09171e-08
 Reference value :  4.09275e-08
 Reference value :  4.09383e-08
 Reference value :  4.09408e-08
 Reference value :  4.09415e-08
 Reference value :  4.09473e-08
 Reference value :  4.09571e-08
 Reference value :  4.09675e-08
 Reference value :  4.09852e-08
 Reference value :  4.10071e-08
 Reference value :  4.10236e-08
 Reference value :  4.10526e-08
 Reference value :  4.10778e-08
 Reference value :  4.11261e-08
 Reference value :  4.11855e-08
 Reference value :  4.12455e-08
 Reference value :  4.13255e-08
 Reference value :  4.13855e-08
 Reference value :  4.14655e-08
 Reference value :  4.15255e-08
 Reference value :  4.15855e-08
 Reference value :  4.16655e-08
 Reference value :  4.17455e-08
 Reference value :  4.18255e-08
 Reference value :  4.18522e-08
 Reference value :  4.18531e-08
 Reference value :  4.18573e-08
 Reference value :  4.19086e-08
 Reference value :  4.19886e-08
 Reference value :  4.20486e-08
 Reference value :  4.21086e-08
 Reference value :  4.21686e-08
 Reference value :  4.22486e-08
 Reference value :  4.23086e-08
 Reference value :  4.23686e-08
 Reference value :  4.24486e-08
 Reference value :  4.25086e-08
 Reference value :  4.25886e-08
 Reference value :  4.26486e-08
 Reference value :  4.27286e-08
 Reference value :  4.28086e-08
 Reference value :  4.28886e-08
 Reference value :  4.29486e-08
 Reference value :  4.30286e-08
 Reference value :  4.31086e-08
 Reference value :  4.31886e-08
 Reference value :  4.32686e-08
 Reference value :  4.33210e-08
 Reference value :  4.33343e-08
 Reference value :  4.33348e-08
 Reference value :  4.33387e-08
 Reference value :  4.33701e-08
 Reference value :  4.34301e-08
 Reference value :  4.34901e-08
 Reference value :  4.35501e-08
 Reference value :  4.36301e-08
 Reference value :  4.37101e-08
 Reference value :  4.37701e-08
 Reference value :  4.38501e-08
 Reference value :  4.39101e-08
 Reference value :  4.39701e-08
 Reference value :  4.40501e-08
 Reference value :  4.41101e-08
 Reference value :  4.41901e-08
 Reference value :  4.42501e-08
 Reference value :  4.43301e-08
 Reference value :  4.43901e-08
 Reference value :  4.44445e-08
 Reference value :  4.44450e-08
 Reference value :  4.44468e-08
 Reference value :  4.44539e-08
 Reference value :  4.44594e-08
 Reference value :  4.44696e-08
 Reference value :  4.44787e-08
 Reference value :  4.44835e-08
 Reference value :  4.44933e-08
 Reference value :  4.45079e-08
 Reference value :  4.45234e-08
 Reference value :  4.45324e-08
 Reference value :  4.45406e-08
 Reference value :  4.45473e-08
 Reference value :  4.45541e-08
 Reference value :  4.45609e-08
 Reference value :  4.45683e-08
 Reference value :  4.45764e-08
 Reference value :  4.45845e-08
 Reference value :  4.45944e-08
 Reference value :  4.45945e-08
 Reference value :  4.45955e-08
 Reference value :  4.45986e-08
 Reference value :  4.46028e-08
 Reference value :  4.46099e-08
 Reference value :  4.46152e-08
 Reference value :  4.46244e-08
 Reference value :  4.46315e-08
 Reference value :  4.46399e-08
 Reference value :  4.46445e-08
 Reference value :  4.46457e-08
 Reference value :  4.46532e-08
 Reference value :  4.46654e-08
 Reference value :  4.46745e-08
 Reference value :  4.46844e-08
 Reference value :  4.47016e-08
 Reference value :  4.47229e-08
 Reference value :  4.47406e-08
 Reference value :  4.47753e-08
 Reference value :  4.48214e-08
 Reference value :  4.48800e-08
 Reference value :  4.49200e-08
 Reference value :  4.49800e-08
 Reference value :  4.50400e-08
 Reference value :  4.51000e-08
 Reference value :  4.51600e-08
 Reference value :  4.52400e-08
 Reference value :  4.53200e-08
 Reference value :  4.54000e-08
 Reference value :  4.54800e-08
 Reference value :  4.55556e-08
 Reference value :  4.55566e-08
 Reference value :  4.55576e-08
 Reference value :  4.55923e-08
 Reference value :  4.56723e-08
 Reference value :  4.57523e-08
 Reference value :  4.58323e-08
 Reference value :  4.59123e-08
 Reference value :  4.59723e-08
 Reference value :  4.60523e-08
 Reference value :  4.61323e-08
 Reference value :  4.62123e-08
 Reference value :  4.62923e-08
 Reference value :  4.63523e-08
 Reference value :  4.64323e-08
 Reference value :  4.65123e-08
 Reference value :  4.65723e-08
 Reference value :  4.66523e-08
 Reference value :  4.67123e-08
 Reference value :  4.67923e-08
 Reference value :  4.68523e-08
 Reference value :  4.69323e-08
 Reference value :  4.69923e-08
 Reference value :  4.70371e-08
 Reference value :  4.70381e-08
 Reference value :  4.70391e-08
 Reference value :  4.70559e-08
 Reference value :  4.71338e-08
 Reference value :  4.72138e-08
 Reference value :  4.72738e-08
 Reference value :  4.73338e-08
 Reference value :  4.74138e-08
 Reference value :  4.74938e-08
 Reference value :  4.75938e-08
 Reference value :  4.76538e-08
 Reference value :  4.77338e-08
 Reference value :  4.78138e-08
 Reference value :  4.78938e-08
 Reference value :  4.79538e-08
 Reference value :  4.80338e-08
 Reference value :  4.80938e-08
 Reference value :  4.81482e-08
 Reference value :  4.81487e-08
 Reference value :  4.81529e-08
 Reference value :  4.81576e-08
 Reference value :  4.81631e-08
 Reference value :  4.81733e-08
 Reference value :  4.81824e-08
 Reference value :  4.81872e-08
 Reference value :  4.82019e-08
 Reference value :  4.82115e-08
 Reference value :  4.82221e-08
 Reference value :  4.82361e-08
 Reference value :  4.82441e-08
 Reference value :  4.82473e-08
 Reference value :  4.82507e-08
 Reference value :  4.82610e-08
 Reference value :  4.82719e-08
 Reference value :  4.82801e-08
 Reference value :  4.82883e-08
 Reference value :  4.82981e-08
 Reference value :  4.82982e-08
 Reference value :  4.82991e-08
 Reference value :  4.83041e-08
 Reference value :  4.83110e-08
 Reference value :  4.83186e-08
 Reference value :  4.83245e-08
 Reference value :  4.83350e-08
 Reference value :  4.83457e-08
 Reference value :  4.83482e-08
 Reference value :  4.83489e-08
 Reference value :  4.83547e-08
 Reference value :  4.83593e-08
 Reference value :  4.83749e-08
 Reference value :  4.83864e-08
 Reference value :  4.84066e-08
 Reference value :  4.84224e-08
 Reference value :  4.84398e-08
 Reference value :  4.84720e-08
 Reference value :  4.84999e-08
 Reference value :  4.85529e-08
 Reference value :  4.86129e-08
 Reference value :  4.86729e-08
 Reference value :  4.87529e-08
 Reference value :  4.88329e-08
 Reference value :  4.88929e-08
 Reference value :  4.89529e-08
 Reference value :  4.90129e-08
 Reference value :  4.90729e-08
 Reference value :  4.91329e-08
 Reference value :  4.92129e-08
 Reference value :  4.92594e-08
 Reference value :  4.92603e-08
 Reference value :  4.92624e-08
 Reference value :  4.92781e-08
 Reference value :  4.93560e-08
 Reference value :  4.94160e-08
 Reference value :  4.94960e-08
 Reference value :  4.95760e-08
 Reference value :  4.96560e-08
 Reference value :  4.97160e-08
 Reference value :  4.97760e-08
 Reference value :  4.98560e-08
 Reference value :  4.99160e-08
 Reference value :  4.99760e-08
 Reference value :  5.00560e-08
 Reference value :  5.01360e-08
 Reference value :  5.02160e-08
 Reference value :  5.02960e-08
 Reference value :  5.03760e-08
 Reference value :  5.04360e-08
 Reference value :  5.05160e-08
 Reference value :  5.05960e-08
 Reference value :  5.06760e-08
 Reference value :  5.07407e-08
 Reference value :  5.07417e-08
 Reference value :  5.07422e-08
 Reference value :  5.07506e-08
 Reference value :  5.08175e-08
 Reference value :  5.08775e-08
 Reference value :  5.09375e-08
 Reference value :  5.10175e-08
 Reference value :  5.10975e-08
 Reference value :  5.11775e-08
 Reference value :  5.12575e-08
 Reference value :  5.13375e-08
 Reference value :  5.13975e-08
 Reference value :  5.14575e-08
 Reference value :  5.15375e-08
 Reference value :  5.16375e-08
 Reference value :  5.16975e-08
 Reference value :  5.17575e-08
 Reference value :  5.18175e-08
 Reference value :  5.18519e-08
 Reference value :  5.18521e-08
 Reference value :  5.18542e-08
 Reference value :  5.18613e-08
 Reference value :  5.18668e-08
 Reference value :  5.18733e-08
 Reference value :  5.18861e-08
 Reference value :  5.18961e-08
 Reference value :  5.19103e-08
 Reference value :  5.19258e-08
 Reference value :  5.19355e-08
 Reference value :  5.19480e-08
 Reference value :  5.19514e-08
 Reference value :  5.19580e-08
 Reference value :  5.19648e-08
 Reference value :  5.19758e-08
 Reference value :  5.19838e-08
 Reference value :  5.19877e-08
 Reference value :  5.19958e-08
 Reference value :  5.20019e-08
 Reference value :  5.20021e-08
 Reference value :  5.20039e-08
 Reference value :  5.20081e-08
 Reference value :  5.20102e-08
 Reference value :  5.20173e-08
 Reference value :  5.20226e-08
 Reference value :  5.20318e-08
 Reference value :  5.20389e-08
 Reference value :  5.20519e-08
 Reference value :  5.20519e-08
 Reference value :  5.20525e-08
 Reference value :  5.20570e-08
 Reference value :  5.20606e-08
 Reference value :  5.20686e-08
 Reference value :  5.20819e-08
 Reference value :  5.20971e-08
 Reference value :  5.21090e-08
 Reference value :  5.21303e-08
 Reference value :  5.21583e-08
 Reference value :  5.22119e-08
 Reference value :  5.22674e-08
 Reference value :  5.23274e-08
 Reference value :  5.23874e-08
 Reference value :  5.24474e-08
 Reference value :  5.25274e-08
 Reference value :  5.25874e-08
 Reference value :  5.26474e-08
 Reference value :  5.27274e-08
 Reference value :  5.27874e-08
 Reference value :  5.28474e-08
 Reference value :  5.29274e-08
 Reference value :  5.29633e-08
 Reference value :  5.29640e-08
 Reference value :  5.29661e-08
 Reference value :  5.29818e-08
 Reference value :  5.30597e-08
 Reference value :  5.31597e-08
 Reference value :  5.32397e-08
 Reference value :  5.33197e-08
 Reference value :  5.33997e-08
 Reference value :  5.34597e-08
 Reference value :  5.35197e-08
 Reference value :  5.35797e-08
 Reference value :  5.36397e-08
 Reference value :  5.36997e-08
 Reference value :  5.37597e-08
 Reference value :  5.38197e-08
 Reference value :  5.38797e-08
 Reference value :  5.39397e-08
 Reference value :  5.40197e-08
 Reference value :  5.40997e-08
 Reference value :  5.41597e-08
 Reference value :  5.42397e-08
 Reference value :  5.43197e-08
 Reference value :  5.43997e-08
 Reference value :  5.44445e-08
 Reference value :  5.44454e-08
 Reference value :  5.44465e-08
 Reference value :  5.44543e-08
 Reference value :  5.45012e-08
 Reference value :  5.45812e-08
 Reference value :  5.46412e-08
 Reference value :  5.47212e-08
 Reference value :  5.48012e-08
 Reference value :  5.48812e-08
 Reference value :  5.49412e-08
 Reference value :  5.50212e-08
 Reference value :  5.50812e-08
 Reference value :  5.51612e-08
 Reference value :  5.52212e-08
 Reference value :  5.52812e-08
 Reference value :  5.53412e-08
 Reference value :  5.54212e-08
 Reference value :  5.54812e-08
 Reference value :  5.55556e-08
 Reference value :  5.55556e-08
 Reference value :  5.55561e-08
 Reference value :  5.55604e-08
 Reference value :  5.55650e-08
 Reference value :  5.55736e-08
 Reference value :  5.55807e-08
 Reference value :  5.55898e-08
 Reference value :  5.55946e-08
 Reference value :  5.56045e-08
 Reference value :  5.56140e-08
 Reference value :  5.56296e-08
 Reference value :  5.56392e-08
 Reference value :  5.56515e-08
 Reference value :  5.56581e-08
 Reference value :  5.56684e-08
 Reference value :  5.56793e-08
 Reference value :  5.56875e-08
 Reference value :  5.56999e-08
 Reference value :  5.57056e-08
 Reference value :  5.57058e-08
 Reference value :  5.57075e-08
 Reference value :  5.57115e-08
 Reference value :  5.57184e-08
 Reference value :  5.57260e-08
 Reference value :  5.57352e-08
 Reference value :  5.57424e-08
 Reference value :  5.57507e-08
 Reference value :  5.57556e-08
 Reference value :  5.57559e-08
 Reference value :  5.57621e-08
 Reference value :  5.57719e-08
 Reference value :  5.57879e-08
 Reference value :  5.58001e-08
 Reference value :  5.58140e-08
 Reference value :  5.58298e-08
 Reference value :  5.58472e-08
 Reference value :  5.58794e-08
 Reference value :  5.59232e-08
 Reference value :  5.59603e-08
 Reference value :  5.60003e-08
 Reference value :  5.60603e-08
 Reference value :  5.61403e-08
 Reference value :  5.62003e-08
 Reference value :  5.62603e-08
 Reference value :  5.63403e-08
 Reference value :  5.64003e-08
 Reference value :  5.64803e-08
 Reference value :  5.65803e-08
 Reference value :  5.66403e-08
 Reference value :  5.66670e-08
 Reference value :  5.66677e-08
 Reference value :  5.66687e-08
 Reference value :  5.66766e-08
 Reference value :  5.67234e-08
 Reference value :  5.68034e-08
 Reference value :  5.68634e-08
 Reference value :  5.69234e-08
 Reference value :  5.70034e-08
 Reference value :  5.70834e-08
 Reference value :  5.71634e-08
 Reference value :  5.72234e-08
 Reference value :  5.73034e-08
 Reference value :  5.73634e-08
 Reference value :  5.74234e-08
 Reference value :  5.74834e-08
 Reference value :  5.75634e-08
 Reference value :  5.76234e-08
 Reference value :  5.77034e-08
 Reference value :  5.77834e-08
 Reference value :  5.78634e-08
 Reference value :  5.79434e-08
 Reference value :  5.80234e-08
 Reference value :  5.81034e-08
 Reference value :  5.81482e-08
 Reference value :  5.81492e-08
 Reference value :  5.81513e-08
 Reference value :  5.81849e-08
 Reference value :  5.82649e-08
 Reference value :  5.83449e-08
 Reference value :  5.84049e-08
 Reference value :  5.84649e-08
 Reference value :  5.85186e-08
 Reference value :  5.85195e-08
 Reference value :  5.85206e-08
 Reference value :  5.85284e-08
 Reference value :  5.85953e-08
 Reference value :  5.86753e-08
 Reference value :  5.87553e-08
 Reference value :  5.88153e-08
 Reference value :  5.88753e-08
 Reference value :  5.89353e-08
 Reference value :  5.90153e-08
 Reference value :  5.90953e-08
 Reference value :  5.91753e-08
 Reference value :  5.92473e-08
 Reference value :  5.92593e-08
 Reference value :  5.92597e-08
 Reference value :  5.92629e-08
 Reference value :  5.92703e-08
 Reference value :  5.92794e-08
 Reference value :  5.92916e-08
 Reference value :  5.92963e-08
 Reference value :  5.93112e-08
 Reference value :  5.93258e-08
 Reference value :  5.93412e-08
 Reference value :  5.93540e-08
 Reference value :  5.93609e-08
 Reference value :  5.93677e-08
 Reference value :  5.93780e-08
 Reference value :  5.93903e-08
 Reference value :  5.94025e-08
 Reference value :  5.94093e-08
 Reference value :  5.94095e-08
 Reference value :  5.94117e-08
 Reference value :  5.94136e-08
 Reference value :  5.94181e-08
 Reference value :  5.94253e-08
 Reference value :  5.94335e-08
 Reference value :  5.94433e-08
 Reference value :  5.94511e-08
 Reference value :  5.94593e-08
 Reference value :  5.94604e-08
 Reference value :  5.94672e-08
 Reference value :  5.94751e-08
 Reference value :  5.94883e-08
 Reference value :  5.95033e-08
 Reference value :  5.95215e-08
 Reference value :  5.95442e-08
 Reference value :  5.95746e-08
 Reference value :  5.96009e-08
 Reference value :  5.96506e-08
 Reference value :  5.97106e-08
 Reference value :  5.97906e-08
 Reference value :  5.98906e-08
 Reference value :  5.99906e-08
 Reference value :  6.00906e-08
 Reference value :  6.01506e-08
 Reference value :  6.02106e-08
 Reference value :  6.02906e-08
 Reference value :  6.03706e-08
 Reference value :  6.04306e-08
 Reference value :  6.04906e-08
 Reference value :  6.05506e-08
 Reference value :  6.06306e-08
 Reference value :  6.07106e-08
 Reference value :  6.07706e-08
 Reference value :  6.08306e-08
 Reference value :  6.09106e-08
 Reference value :  6.09706e-08
No. of Data Rows : 4503
m_ui_ref            =  3.70370e-09 targ=  3.71120e-08 trig=  3.34083e-08
m_spa_in            =  1.48148e-08 targ=  4.82231e-08 trig=  3.34083e-08
m_spb_in            =  1.11111e-08 targ=  4.45194e-08 trig=  3.34083e-08
m_spa_m             =  1.48148e-08 targ=  4.83027e-08 trig=  3.34879e-08
m_spb_m             =  1.11111e-08 targ=  4.45990e-08 trig=  3.34879e-08
m_trise_m           =  1.03507e-10 targ=  4.46548e-08 trig=  4.45513e-08
m_tfall_m           =  1.03498e-10 targ=  4.09511e-08 trig=  4.08476e-08
m_trise_n           =  8.34608e-11 targ=  4.46237e-08 trig=  4.45403e-08
m_dj_ui_m = 5.3999995684e-06
m_vih_m = 2.5774678130e+00
m_vil_m = 1.7789138404e+00
m_vswing_m = 7.9855397264e-01
m_vih_m_frac = 8.6783428048e-01
m_vil_m_frac = 5.9896088902e-01
m_vcm_m_frac = 7.3339758495e-01
m_vswing_s = 8.0247373099e-01
m_vglitch_m = 3.0090954301e-01
m_vswing_n = 7.9845755479e-01
m_vswing_dc = 7.9531716525e-01
m_vcm_dc_frac = 7.3439165318e-01
m_icell_dc = 6.7569587916e-03
m_vgs_mu_max = 1.4970183001e+00
m_vds_mu_max = 1.3133138388e+00
m_vds_mt_max = 5.0864010883e-01
Note: Simulation executed from .control section 

