
Note: No compatibility mode selected!


Circuit: * tmds-final-mux-eye @ ss_125c_3.63v_742p5mbps -- generated by sim/harness, do not edit

Doing analysis at TEMP = 125.000000 and TNOM = 27.000000

Using SPARSE 1.3 as Direct Linear Solver

Initial Transient Solution
--------------------------

Node                                   Voltage
----                                   -------
vdd                                       3.63
avcc                                       3.3
clkp                                     2.178
clkn                                     1.089
d0p                                     3.0855
d0n                                     1.9965
d1p                                     3.0855
d1n                                     1.9965
d0ps                                    1.9965
d0ns                                    3.0855
d1ps                                    1.9965
d1ns                                    3.0855
ckref                                    1.089
win                                          0
winr                                         0
winc                                         0
xmux_m.top                             3.10104
xmux_m.xrc.11                          3.12355
xmux_m.xrc.21                          3.60749
outp_m                                 2.02283
xmux_m.xrlp.11                         2.04533
xmux_m.xrlp.21                         3.07853
outn_m                                 3.10059
xmux_m.xrln.11                          3.1006
xmux_m.xrln.21                         3.10103
xmux_m.ibias                           1.22354
xmux_m.xrref.11                        1.23538
xmux_m.xrref.21                        3.61816
xmux_m.sa                               1.3697
xmux_m.sb                              2.02282
xmux_m.tail                           0.755171
dop_m                                   3.2997
xdrv_m.tail                            1.37731
don_m                                    2.798
ib_m                                   1.25994
vd_m                                   1.07776
vdn_m                                 0.989676
vdg_m                                        0
xmux_s.top                             3.10104
xmux_s.xrc.11                          3.12355
xmux_s.xrc.21                          3.60749
outp_s                                 3.10059
xmux_s.xrlp.11                          3.1006
xmux_s.xrlp.21                         3.10103
outn_s                                 2.02283
xmux_s.xrln.11                         2.04533
xmux_s.xrln.21                         3.07853
xmux_s.ibias                           1.22354
xmux_s.xrref.11                        1.23538
xmux_s.xrref.21                        3.61816
xmux_s.sa                               1.3697
xmux_s.sb                              2.02282
xmux_s.tail                           0.755171
dop_s                                    2.798
xdrv_s.tail                            1.37731
don_s                                   3.2997
ib_s                                   1.25994
vd_s                                  -1.07776
vdn_s                                -0.989676
vdg_s                                        0
xmux_n.top                             3.10104
xmux_n.xrc.11                          3.12355
xmux_n.xrc.21                          3.60749
outp_n                                 2.02283
xmux_n.xrlp.11                         2.04533
xmux_n.xrlp.21                         3.07853
outn_n                                 3.10059
xmux_n.xrln.11                          3.1006
xmux_n.xrln.21                         3.10103
xmux_n.ibias                           1.22354
xmux_n.xrref.11                        1.23538
xmux_n.xrref.21                        3.61816
xmux_n.sa                               1.3697
xmux_n.sb                              2.02282
xmux_n.tail                           0.755171
vd_n                                   1.07776
vdn_n                                 0.989676
vdg_n                                        0
d0pz                                    3.0855
d0nz                                    1.9965
clkpz                                    2.178
clknz                                    1.089
vdd_z                                     3.63
xmux_z.top                             3.10104
xmux_z.xrc.11                          3.12355
xmux_z.xrc.21                          3.60749
outp_z                                 2.02284
xmux_z.xrlp.11                         2.04534
xmux_z.xrlp.21                         3.07853
outn_z                                 3.10058
xmux_z.xrln.11                         3.10059
xmux_z.xrln.21                         3.10103
xmux_z.ibias                           1.22354
xmux_z.xrref.11                        1.23538
xmux_z.xrref.21                        3.61816
xmux_z.sa                               1.3697
xmux_z.sb                              2.48612
xmux_z.tail                           0.755172
dop_z                                   3.2997
xdrv_z.tail                             1.3773
don_z                                    2.798
ib_z                                   1.25994
bvdg_n#branch                                0
bvdg_s#branch                                0
bvdg_m#branch                                0
envd_n#branch                                0
emux_n#branch                                0
envd_s#branch                                0
emux_s#branch                                0
envd_m#branch                                0
emux_m#branch                                0
eckref#branch                                0
vsens_z#branch                     -0.00913819
vclknz#branch                                0
vclkpz#branch                                0
vd0nz#branch                                 0
vd0pz#branch                                 0
vwinc#branch                                 0
vwinr#branch                                 0
vwin#branch                                  0
vd1ns#branch                                 0
vd1ps#branch                                 0
vd0ns#branch                                 0
vd0ps#branch                                 0
vd1n#branch                                  0
vd1p#branch                                  0
vd0n#branch                                  0
vd0p#branch                                  0
vclkn#branch                                 0
vclkp#branch                                 0
vavcc#branch                        -0.0301386
vvdd#branch                         -0.0274146

 Reference value :  0.00000e+00
 Reference value :  1.60000e-12
 Reference value :  4.56000e-11
 Reference value :  1.25600e-10
 Reference value :  2.05600e-10
 Reference value :  2.65600e-10
 Reference value :  3.85600e-10
 Reference value :  4.65600e-10
 Reference value :  5.85600e-10
 Reference value :  6.85600e-10
 Reference value :  7.65600e-10
 Reference value :  8.45600e-10
 Reference value :  9.45600e-10
 Reference value :  1.04560e-09
 Reference value :  1.14560e-09
 Reference value :  1.24560e-09
 Reference value :  1.32560e-09
 Reference value :  1.34681e-09
 Reference value :  1.34698e-09
 Reference value :  1.34834e-09
 Reference value :  1.35447e-09
 Reference value :  1.36604e-09
 Reference value :  1.37251e-09
 Reference value :  1.37882e-09
 Reference value :  1.38824e-09
 Reference value :  1.40129e-09
 Reference value :  1.41575e-09
 Reference value :  1.41934e-09
 Reference value :  1.43425e-09
 Reference value :  1.44556e-09
 Reference value :  1.45777e-09
 Reference value :  1.47033e-09
 Reference value :  1.48361e-09
 Reference value :  1.49413e-09
 Reference value :  1.49682e-09
 Reference value :  1.49723e-09
 Reference value :  1.50034e-09
 Reference value :  1.50678e-09
 Reference value :  1.51429e-09
 Reference value :  1.52322e-09
 Reference value :  1.53414e-09
 Reference value :  1.54451e-09
 Reference value :  1.54682e-09
 Reference value :  1.54752e-09
 Reference value :  1.55275e-09
 Reference value :  1.55718e-09
 Reference value :  1.57279e-09
 Reference value :  1.59265e-09
 Reference value :  1.61475e-09
 Reference value :  1.64093e-09
 Reference value :  1.67589e-09
 Reference value :  1.73114e-09
 Reference value :  1.79114e-09
 Reference value :  1.85114e-09
 Reference value :  1.93114e-09
 Reference value :  2.01114e-09
 Reference value :  2.07114e-09
 Reference value :  2.17114e-09
 Reference value :  2.25114e-09
 Reference value :  2.31114e-09
 Reference value :  2.39114e-09
 Reference value :  2.47114e-09
 Reference value :  2.54503e-09
 Reference value :  2.55992e-09
 Reference value :  2.56097e-09
 Reference value :  2.59569e-09
 Reference value :  2.67465e-09
 Reference value :  2.69362e-09
 Reference value :  2.69420e-09
 Reference value :  2.69749e-09
 Reference value :  2.70153e-09
 Reference value :  2.70985e-09
 Reference value :  2.72117e-09
 Reference value :  2.72895e-09
 Reference value :  2.73637e-09
 Reference value :  2.74274e-09
 Reference value :  2.74977e-09
 Reference value :  2.76450e-09
 Reference value :  2.77980e-09
 Reference value :  2.79088e-09
 Reference value :  2.79784e-09
 Reference value :  2.80926e-09
 Reference value :  2.81780e-09
 Reference value :  2.83405e-09
 Reference value :  2.84360e-09
 Reference value :  2.84365e-09
 Reference value :  2.84407e-09
 Reference value :  2.84744e-09
 Reference value :  2.85175e-09
 Reference value :  2.85634e-09
 Reference value :  2.86415e-09
 Reference value :  2.87397e-09
 Reference value :  2.88903e-09
 Reference value :  2.89362e-09
 Reference value :  2.89422e-09
 Reference value :  2.89871e-09
 Reference value :  2.90772e-09
 Reference value :  2.91458e-09
 Reference value :  2.92260e-09
 Reference value :  2.93766e-09
 Reference value :  2.96732e-09
 Reference value :  3.00390e-09
 Reference value :  3.04116e-09
 Reference value :  3.12116e-09
 Reference value :  3.22116e-09
 Reference value :  3.32116e-09
 Reference value :  3.42116e-09
 Reference value :  3.50116e-09
 Reference value :  3.58116e-09
 Reference value :  3.66116e-09
 Reference value :  3.74116e-09
 Reference value :  3.82116e-09
 Reference value :  3.90116e-09
 Reference value :  3.98116e-09
 Reference value :  4.04040e-09
 Reference value :  4.04047e-09
 Reference value :  4.04104e-09
 Reference value :  4.04543e-09
 Reference value :  4.05028e-09
 Reference value :  4.05927e-09
 Reference value :  4.06903e-09
 Reference value :  4.07553e-09
 Reference value :  4.08161e-09
 Reference value :  4.09064e-09
 Reference value :  4.10535e-09
 Reference value :  4.11267e-09
 Reference value :  4.12390e-09
 Reference value :  4.13896e-09
 Reference value :  4.15120e-09
 Reference value :  4.16376e-09
 Reference value :  4.17705e-09
 Reference value :  4.19040e-09
 Reference value :  4.19045e-09
 Reference value :  4.19085e-09
 Reference value :  4.19611e-09
 Reference value :  4.20296e-09
 Reference value :  4.21079e-09
 Reference value :  4.22068e-09
 Reference value :  4.23192e-09
 Reference value :  4.24045e-09
 Reference value :  4.24569e-09
 Reference value :  4.26025e-09
 Reference value :  4.28535e-09
 Reference value :  4.30745e-09
 Reference value :  4.32403e-09
 Reference value :  4.34325e-09
 Reference value :  4.38405e-09
 Reference value :  4.42227e-09
 Reference value :  4.46227e-09
 Reference value :  4.52227e-09
 Reference value :  4.58227e-09
 Reference value :  4.70227e-09
 Reference value :  4.78227e-09
 Reference value :  4.86227e-09
 Reference value :  4.94227e-09
 Reference value :  5.00227e-09
 Reference value :  5.08227e-09
 Reference value :  5.18227e-09
 Reference value :  5.26227e-09
 Reference value :  5.34227e-09
 Reference value :  5.38722e-09
 Reference value :  5.38730e-09
 Reference value :  5.38761e-09
 Reference value :  5.39033e-09
 Reference value :  5.39433e-09
 Reference value :  5.40259e-09
 Reference value :  5.41336e-09
 Reference value :  5.42188e-09
 Reference value :  5.42979e-09
 Reference value :  5.43632e-09
 Reference value :  5.44337e-09
 Reference value :  5.45416e-09
 Reference value :  5.46598e-09
 Reference value :  5.47713e-09
 Reference value :  5.48449e-09
 Reference value :  5.49521e-09
 Reference value :  5.50696e-09
 Reference value :  5.51977e-09
 Reference value :  5.53152e-09
 Reference value :  5.53721e-09
 Reference value :  5.53722e-09
 Reference value :  5.53767e-09
 Reference value :  5.53912e-09
 Reference value :  5.54535e-09
 Reference value :  5.55231e-09
 Reference value :  5.55775e-09
 Reference value :  5.56396e-09
 Reference value :  5.57108e-09
 Reference value :  5.57884e-09
 Reference value :  5.58492e-09
 Reference value :  5.58723e-09
 Reference value :  5.58751e-09
 Reference value :  5.58975e-09
 Reference value :  5.59523e-09
 Reference value :  5.60463e-09
 Reference value :  5.61620e-09
 Reference value :  5.63127e-09
 Reference value :  5.65206e-09
 Reference value :  5.68321e-09
 Reference value :  5.73478e-09
 Reference value :  5.81478e-09
 Reference value :  5.91478e-09
 Reference value :  5.99478e-09
 Reference value :  6.05478e-09
 Reference value :  6.13478e-09
 Reference value :  6.19478e-09
 Reference value :  6.25478e-09
 Reference value :  6.33478e-09
 Reference value :  6.39478e-09
 Reference value :  6.47478e-09
 Reference value :  6.55478e-09
 Reference value :  6.63478e-09
 Reference value :  6.71478e-09
 Reference value :  6.73403e-09
 Reference value :  6.73431e-09
 Reference value :  6.73626e-09
 Reference value :  6.74166e-09
 Reference value :  6.74975e-09
 Reference value :  6.75622e-09
 Reference value :  6.76268e-09
 Reference value :  6.76907e-09
 Reference value :  6.77517e-09
 Reference value :  6.78421e-09
 Reference value :  6.79548e-09
 Reference value :  6.80625e-09
 Reference value :  6.81384e-09
 Reference value :  6.82482e-09
 Reference value :  6.83679e-09
 Reference value :  6.84878e-09
 Reference value :  6.86193e-09
 Reference value :  6.87463e-09
 Reference value :  6.88124e-09
 Reference value :  6.88402e-09
 Reference value :  6.88446e-09
 Reference value :  6.88771e-09
 Reference value :  6.89415e-09
 Reference value :  6.90441e-09
 Reference value :  6.91431e-09
 Reference value :  6.92556e-09
 Reference value :  6.93405e-09
 Reference value :  6.93529e-09
 Reference value :  6.94366e-09
 Reference value :  6.95930e-09
 Reference value :  6.97890e-09
 Reference value :  7.00098e-09
 Reference value :  7.02681e-09
 Reference value :  7.04803e-09
 Reference value :  7.09571e-09
 Reference value :  7.15571e-09
 Reference value :  7.21571e-09
 Reference value :  7.29571e-09
 Reference value :  7.37571e-09
 Reference value :  7.45571e-09
 Reference value :  7.53571e-09
 Reference value :  7.59571e-09
 Reference value :  7.67571e-09
 Reference value :  7.75571e-09
 Reference value :  7.83571e-09
 Reference value :  7.91571e-09
 Reference value :  7.97571e-09
 Reference value :  8.05571e-09
 Reference value :  8.08082e-09
 Reference value :  8.08101e-09
 Reference value :  8.08250e-09
 Reference value :  8.08586e-09
 Reference value :  8.09622e-09
 Reference value :  8.10700e-09
 Reference value :  8.11551e-09
 Reference value :  8.12338e-09
 Reference value :  8.12653e-09
 Reference value :  8.13342e-09
 Reference value :  8.14421e-09
 Reference value :  8.15956e-09
 Reference value :  8.17071e-09
 Reference value :  8.18142e-09
 Reference value :  8.19259e-09
 Reference value :  8.20054e-09
 Reference value :  8.21729e-09
 Reference value :  8.22795e-09
 Reference value :  8.23082e-09
 Reference value :  8.23128e-09
 Reference value :  8.23898e-09
 Reference value :  8.24593e-09
 Reference value :  8.25451e-09
 Reference value :  8.26472e-09
 Reference value :  8.27626e-09
 Reference value :  8.28083e-09
 Reference value :  8.28143e-09
 Reference value :  8.28591e-09
 Reference value :  8.29184e-09
 Reference value :  8.29824e-09
 Reference value :  8.30980e-09
 Reference value :  8.32487e-09
 Reference value :  8.33791e-09
 Reference value :  8.36475e-09
 Reference value :  8.40887e-09
 Reference value :  8.46839e-09
 Reference value :  8.54839e-09
 Reference value :  8.64839e-09
 Reference value :  8.74839e-09
 Reference value :  8.84839e-09
 Reference value :  8.92839e-09
 Reference value :  9.00839e-09
 Reference value :  9.06839e-09
 Reference value :  9.14839e-09
 Reference value :  9.20839e-09
 Reference value :  9.28839e-09
 Reference value :  9.36839e-09
 Reference value :  9.42763e-09
 Reference value :  9.42792e-09
 Reference value :  9.42987e-09
 Reference value :  9.43527e-09
 Reference value :  9.44336e-09
 Reference value :  9.44983e-09
 Reference value :  9.45628e-09
 Reference value :  9.46267e-09
 Reference value :  9.46878e-09
 Reference value :  9.47781e-09
 Reference value :  9.48908e-09
 Reference value :  9.49986e-09
 Reference value :  9.51108e-09
 Reference value :  9.52226e-09
 Reference value :  9.53429e-09
 Reference value :  9.55094e-09
 Reference value :  9.56423e-09
 Reference value :  9.57484e-09
 Reference value :  9.57762e-09
 Reference value :  9.57853e-09
 Reference value :  9.58333e-09
 Reference value :  9.59019e-09
 Reference value :  9.59802e-09
 Reference value :  9.60791e-09
 Reference value :  9.61916e-09
 Reference value :  9.62761e-09
 Reference value :  9.62765e-09
 Reference value :  9.62889e-09
 Reference value :  9.63727e-09
 Reference value :  9.65290e-09
 Reference value :  9.66563e-09
 Reference value :  9.68699e-09
 Reference value :  9.71116e-09
 Reference value :  9.74163e-09
 Reference value :  9.78932e-09
 Reference value :  9.84932e-09
 Reference value :  9.88932e-09
 Reference value :  9.94932e-09
 Reference value :  1.00093e-08
 Reference value :  1.00693e-08
 Reference value :  1.01493e-08
 Reference value :  1.02493e-08
 Reference value :  1.03293e-08
 Reference value :  1.03893e-08
 Reference value :  1.04693e-08
 Reference value :  1.05293e-08
 Reference value :  1.06293e-08
 Reference value :  1.07093e-08
 Reference value :  1.07744e-08
 Reference value :  1.07744e-08
 Reference value :  1.07748e-08
 Reference value :  1.07765e-08
 Reference value :  1.07806e-08
 Reference value :  1.07894e-08
 Reference value :  1.07923e-08
 Reference value :  1.07946e-08
 Reference value :  1.08017e-08
 Reference value :  1.08096e-08
 Reference value :  1.08175e-08
 Reference value :  1.08288e-08
 Reference value :  1.08421e-08
 Reference value :  1.08504e-08
 Reference value :  1.08619e-08
 Reference value :  1.08694e-08
 Reference value :  1.08799e-08
 Reference value :  1.08875e-08
 Reference value :  1.08997e-08
 Reference value :  1.09064e-08
 Reference value :  1.09094e-08
 Reference value :  1.09103e-08
 Reference value :  1.09123e-08
 Reference value :  1.09177e-08
 Reference value :  1.09244e-08
 Reference value :  1.09244e-08
 Reference value :  1.09247e-08
 Reference value :  1.09269e-08
 Reference value :  1.09309e-08
 Reference value :  1.09377e-08
 Reference value :  1.09458e-08
 Reference value :  1.09557e-08
 Reference value :  1.09633e-08
 Reference value :  1.09744e-08
 Reference value :  1.09746e-08
 Reference value :  1.09764e-08
 Reference value :  1.09811e-08
 Reference value :  1.09903e-08
 Reference value :  1.10015e-08
 Reference value :  1.10160e-08
 Reference value :  1.10436e-08
 Reference value :  1.10698e-08
 Reference value :  1.11224e-08
 Reference value :  1.12017e-08
 Reference value :  1.12417e-08
 Reference value :  1.12817e-08
 Reference value :  1.13217e-08
 Reference value :  1.14017e-08
 Reference value :  1.14817e-08
 Reference value :  1.15617e-08
 Reference value :  1.16417e-08
 Reference value :  1.17217e-08
 Reference value :  1.18017e-08
 Reference value :  1.18817e-08
 Reference value :  1.19617e-08
 Reference value :  1.20217e-08
 Reference value :  1.21017e-08
 Reference value :  1.21212e-08
 Reference value :  1.21215e-08
 Reference value :  1.21234e-08
 Reference value :  1.21289e-08
 Reference value :  1.21372e-08
 Reference value :  1.21434e-08
 Reference value :  1.21498e-08
 Reference value :  1.21574e-08
 Reference value :  1.21652e-08
 Reference value :  1.21727e-08
 Reference value :  1.21854e-08
 Reference value :  1.21941e-08
 Reference value :  1.22057e-08
 Reference value :  1.22132e-08
 Reference value :  1.22274e-08
 Reference value :  1.22390e-08
 Reference value :  1.22511e-08
 Reference value :  1.22624e-08
 Reference value :  1.22712e-08
 Reference value :  1.22712e-08
 Reference value :  1.22719e-08
 Reference value :  1.22763e-08
 Reference value :  1.22830e-08
 Reference value :  1.22908e-08
 Reference value :  1.22969e-08
 Reference value :  1.23040e-08
 Reference value :  1.23077e-08
 Reference value :  1.23153e-08
 Reference value :  1.23212e-08
 Reference value :  1.23216e-08
 Reference value :  1.23249e-08
 Reference value :  1.23377e-08
 Reference value :  1.23530e-08
 Reference value :  1.23718e-08
 Reference value :  1.23946e-08
 Reference value :  1.24219e-08
 Reference value :  1.24589e-08
 Reference value :  1.25284e-08
 Reference value :  1.25884e-08
 Reference value :  1.26284e-08
 Reference value :  1.26884e-08
 Reference value :  1.27684e-08
 Reference value :  1.28484e-08
 Reference value :  1.29484e-08
 Reference value :  1.30484e-08
 Reference value :  1.31284e-08
 Reference value :  1.31884e-08
 Reference value :  1.32684e-08
 Reference value :  1.33684e-08
 Reference value :  1.34484e-08
 Reference value :  1.34680e-08
 Reference value :  1.34683e-08
 Reference value :  1.34705e-08
 Reference value :  1.34749e-08
 Reference value :  1.34830e-08
 Reference value :  1.34936e-08
 Reference value :  1.35070e-08
 Reference value :  1.35156e-08
 Reference value :  1.35286e-08
 Reference value :  1.35417e-08
 Reference value :  1.35536e-08
 Reference value :  1.35648e-08
 Reference value :  1.35755e-08
 Reference value :  1.35871e-08
 Reference value :  1.35991e-08
 Reference value :  1.36105e-08
 Reference value :  1.36180e-08
 Reference value :  1.36186e-08
 Reference value :  1.36223e-08
 Reference value :  1.36290e-08
 Reference value :  1.36366e-08
 Reference value :  1.36425e-08
 Reference value :  1.36531e-08
 Reference value :  1.36609e-08
 Reference value :  1.36680e-08
 Reference value :  1.36701e-08
 Reference value :  1.36753e-08
 Reference value :  1.36844e-08
 Reference value :  1.36917e-08
 Reference value :  1.37052e-08
 Reference value :  1.37231e-08
 Reference value :  1.37377e-08
 Reference value :  1.37384e-08
 Reference value :  1.37405e-08
 Reference value :  1.37787e-08
 Reference value :  1.38352e-08
 Reference value :  1.38724e-08
 Reference value :  1.38735e-08
 Reference value :  1.38819e-08
 Reference value :  1.39488e-08
 Reference value :  1.40088e-08
 Reference value :  1.40888e-08
 Reference value :  1.41488e-08
 Reference value :  1.42288e-08
 Reference value :  1.43288e-08
 Reference value :  1.43888e-08
 Reference value :  1.44114e-08
 Reference value :  1.44120e-08
 Reference value :  1.44162e-08
 Reference value :  1.44475e-08
 Reference value :  1.45475e-08
 Reference value :  1.46275e-08
 Reference value :  1.46875e-08
 Reference value :  1.47875e-08
 Reference value :  1.48149e-08
 Reference value :  1.48153e-08
 Reference value :  1.48184e-08
 Reference value :  1.48255e-08
 Reference value :  1.48372e-08
 Reference value :  1.48427e-08
 Reference value :  1.48469e-08
 Reference value :  1.48600e-08
 Reference value :  1.48715e-08
 Reference value :  1.48850e-08
 Reference value :  1.48968e-08
 Reference value :  1.49080e-08
 Reference value :  1.49151e-08
 Reference value :  1.49223e-08
 Reference value :  1.49299e-08
 Reference value :  1.49382e-08
 Reference value :  1.49459e-08
 Reference value :  1.49535e-08
 Reference value :  1.49648e-08
 Reference value :  1.49649e-08
 Reference value :  1.49660e-08
 Reference value :  1.49691e-08
 Reference value :  1.49758e-08
 Reference value :  1.49807e-08
 Reference value :  1.49893e-08
 Reference value :  1.49962e-08
 Reference value :  1.50078e-08
 Reference value :  1.50149e-08
 Reference value :  1.50171e-08
 Reference value :  1.50236e-08
 Reference value :  1.50328e-08
 Reference value :  1.50428e-08
 Reference value :  1.50608e-08
 Reference value :  1.50749e-08
 Reference value :  1.50994e-08
 Reference value :  1.51301e-08
 Reference value :  1.51724e-08
 Reference value :  1.52189e-08
 Reference value :  1.52195e-08
 Reference value :  1.52220e-08
 Reference value :  1.52556e-08
 Reference value :  1.53156e-08
 Reference value :  1.53956e-08
 Reference value :  1.54756e-08
 Reference value :  1.55756e-08
 Reference value :  1.56356e-08
 Reference value :  1.57156e-08
 Reference value :  1.57576e-08
 Reference value :  1.57582e-08
 Reference value :  1.57588e-08
 Reference value :  1.57630e-08
 Reference value :  1.57943e-08
 Reference value :  1.58543e-08
 Reference value :  1.59343e-08
 Reference value :  1.60143e-08
 Reference value :  1.60943e-08
 Reference value :  1.61480e-08
 Reference value :  1.61616e-08
 Reference value :  1.61618e-08
 Reference value :  1.61625e-08
 Reference value :  1.61675e-08
 Reference value :  1.61753e-08
 Reference value :  1.61855e-08
 Reference value :  1.61944e-08
 Reference value :  1.62080e-08
 Reference value :  1.62210e-08
 Reference value :  1.62300e-08
 Reference value :  1.62420e-08
 Reference value :  1.62500e-08
 Reference value :  1.62608e-08
 Reference value :  1.62718e-08
 Reference value :  1.62838e-08
 Reference value :  1.62953e-08
 Reference value :  1.63069e-08
 Reference value :  1.63116e-08
 Reference value :  1.63118e-08
 Reference value :  1.63131e-08
 Reference value :  1.63189e-08
 Reference value :  1.63234e-08
 Reference value :  1.63312e-08
 Reference value :  1.63373e-08
 Reference value :  1.63484e-08
 Reference value :  1.63588e-08
 Reference value :  1.63616e-08
 Reference value :  1.63620e-08
 Reference value :  1.63645e-08
 Reference value :  1.63702e-08
 Reference value :  1.63764e-08
 Reference value :  1.63834e-08
 Reference value :  1.63963e-08
 Reference value :  1.64070e-08
 Reference value :  1.64282e-08
 Reference value :  1.64556e-08
 Reference value :  1.64909e-08
 Reference value :  1.65204e-08
 Reference value :  1.65657e-08
 Reference value :  1.65667e-08
 Reference value :  1.65677e-08
 Reference value :  1.65845e-08
 Reference value :  1.66424e-08
 Reference value :  1.67024e-08
 Reference value :  1.67624e-08
 Reference value :  1.68424e-08
 Reference value :  1.69024e-08
 Reference value :  1.69624e-08
 Reference value :  1.70224e-08
 Reference value :  1.70934e-08
 Reference value :  1.71047e-08
 Reference value :  1.71056e-08
 Reference value :  1.71075e-08
 Reference value :  1.71232e-08
 Reference value :  1.72011e-08
 Reference value :  1.72811e-08
 Reference value :  1.73411e-08
 Reference value :  1.74011e-08
 Reference value :  1.74611e-08
 Reference value :  1.75084e-08
 Reference value :  1.75084e-08
 Reference value :  1.75086e-08
 Reference value :  1.75093e-08
 Reference value :  1.75120e-08
 Reference value :  1.75165e-08
 Reference value :  1.75249e-08
 Reference value :  1.75308e-08
 Reference value :  1.75363e-08
 Reference value :  1.75405e-08
 Reference value :  1.75495e-08
 Reference value :  1.75574e-08
 Reference value :  1.75696e-08
 Reference value :  1.75827e-08
 Reference value :  1.75904e-08
 Reference value :  1.76016e-08
 Reference value :  1.76122e-08
 Reference value :  1.76236e-08
 Reference value :  1.76318e-08
 Reference value :  1.76432e-08
 Reference value :  1.76547e-08
 Reference value :  1.76584e-08
 Reference value :  1.76587e-08
 Reference value :  1.76609e-08
 Reference value :  1.76627e-08
 Reference value :  1.76694e-08
 Reference value :  1.76770e-08
 Reference value :  1.76862e-08
 Reference value :  1.76976e-08
 Reference value :  1.77084e-08
 Reference value :  1.77085e-08
 Reference value :  1.77090e-08
 Reference value :  1.77131e-08
 Reference value :  1.77217e-08
 Reference value :  1.77312e-08
 Reference value :  1.77418e-08
 Reference value :  1.77612e-08
 Reference value :  1.77843e-08
 Reference value :  1.78022e-08
 Reference value :  1.78237e-08
 Reference value :  1.78660e-08
 Reference value :  1.79125e-08
 Reference value :  1.79135e-08
 Reference value :  1.79145e-08
 Reference value :  1.79313e-08
 Reference value :  1.79892e-08
 Reference value :  1.80492e-08
 Reference value :  1.81092e-08
 Reference value :  1.81692e-08
 Reference value :  1.82292e-08
 Reference value :  1.83092e-08
 Reference value :  1.83692e-08
 Reference value :  1.84402e-08
 Reference value :  1.84515e-08
 Reference value :  1.84524e-08
 Reference value :  1.84543e-08
 Reference value :  1.84700e-08
 Reference value :  1.85279e-08
 Reference value :  1.85879e-08
 Reference value :  1.86479e-08
 Reference value :  1.87279e-08
 Reference value :  1.88079e-08
 Reference value :  1.88552e-08
 Reference value :  1.88554e-08
 Reference value :  1.88570e-08
 Reference value :  1.88611e-08
 Reference value :  1.88689e-08
 Reference value :  1.88791e-08
 Reference value :  1.88926e-08
 Reference value :  1.89016e-08
 Reference value :  1.89146e-08
 Reference value :  1.89278e-08
 Reference value :  1.89395e-08
 Reference value :  1.89510e-08
 Reference value :  1.89615e-08
 Reference value :  1.89732e-08
 Reference value :  1.89852e-08
 Reference value :  1.89966e-08
 Reference value :  1.90052e-08
 Reference value :  1.90052e-08
 Reference value :  1.90054e-08
 Reference value :  1.90059e-08
 Reference value :  1.90104e-08
 Reference value :  1.90170e-08
 Reference value :  1.90221e-08
 Reference value :  1.90278e-08
 Reference value :  1.90379e-08
 Reference value :  1.90496e-08
 Reference value :  1.90552e-08
 Reference value :  1.90553e-08
 Reference value :  1.90559e-08
 Reference value :  1.90610e-08
 Reference value :  1.90670e-08
 Reference value :  1.90770e-08
 Reference value :  1.90851e-08
 Reference value :  1.90949e-08
 Reference value :  1.91069e-08
 Reference value :  1.91302e-08
 Reference value :  1.91600e-08
 Reference value :  1.91986e-08
 Reference value :  1.92451e-08
 Reference value :  1.92596e-08
 Reference value :  1.92605e-08
 Reference value :  1.92647e-08
 Reference value :  1.93160e-08
 Reference value :  1.93760e-08
 Reference value :  1.94560e-08
 Reference value :  1.95360e-08
 Reference value :  1.96160e-08
 Reference value :  1.96960e-08
 Reference value :  1.97760e-08
 Reference value :  1.97983e-08
 Reference value :  1.97990e-08
 Reference value :  1.98000e-08
 Reference value :  1.98168e-08
 Reference value :  1.98947e-08
 Reference value :  1.99747e-08
 Reference value :  2.00347e-08
 Reference value :  2.00947e-08
 Reference value :  2.01547e-08
 Reference value :  2.02020e-08
 Reference value :  2.02020e-08
 Reference value :  2.02022e-08
 Reference value :  2.02035e-08
 Reference value :  2.02077e-08
 Reference value :  2.02127e-08
 Reference value :  2.02218e-08
 Reference value :  2.02271e-08
 Reference value :  2.02341e-08
 Reference value :  2.02431e-08
 Reference value :  2.02510e-08
 Reference value :  2.02587e-08
 Reference value :  2.02722e-08
 Reference value :  2.02802e-08
 Reference value :  2.02878e-08
 Reference value :  2.02988e-08
 Reference value :  2.03095e-08
 Reference value :  2.03212e-08
 Reference value :  2.03331e-08
 Reference value :  2.03445e-08
 Reference value :  2.03520e-08
 Reference value :  2.03526e-08
 Reference value :  2.03563e-08
 Reference value :  2.03607e-08
 Reference value :  2.03679e-08
 Reference value :  2.03765e-08
 Reference value :  2.03873e-08
 Reference value :  2.03985e-08
 Reference value :  2.04021e-08
 Reference value :  2.04026e-08
 Reference value :  2.04108e-08
 Reference value :  2.04200e-08
 Reference value :  2.04300e-08
 Reference value :  2.04480e-08
 Reference value :  2.04621e-08
 Reference value :  2.04866e-08
 Reference value :  2.05173e-08
 Reference value :  2.05596e-08
 Reference value :  2.06061e-08
 Reference value :  2.06071e-08
 Reference value :  2.06081e-08
 Reference value :  2.06249e-08
 Reference value :  2.07028e-08
 Reference value :  2.08028e-08
 Reference value :  2.08828e-08
 Reference value :  2.09828e-08
 Reference value :  2.10828e-08
 Reference value :  2.11449e-08
 Reference value :  2.11460e-08
 Reference value :  2.11502e-08
 Reference value :  2.12216e-08
 Reference value :  2.12796e-08
 Reference value :  2.12805e-08
 Reference value :  2.12849e-08
 Reference value :  2.14162e-08
 Reference value :  2.15488e-08
 Reference value :  2.15489e-08
 Reference value :  2.15509e-08
 Reference value :  2.15579e-08
 Reference value :  2.15663e-08
 Reference value :  2.15828e-08
 Reference value :  2.16005e-08
 Reference value :  2.16140e-08
 Reference value :  2.16303e-08
 Reference value :  2.16383e-08
 Reference value :  2.16490e-08
 Reference value :  2.16601e-08
 Reference value :  2.16722e-08
 Reference value :  2.16875e-08
 Reference value :  2.16988e-08
 Reference value :  2.16989e-08
 Reference value :  2.16994e-08
 Reference value :  2.17031e-08
 Reference value :  2.17098e-08
 Reference value :  2.17147e-08
 Reference value :  2.17234e-08
 Reference value :  2.17340e-08
 Reference value :  2.17453e-08
 Reference value :  2.17489e-08
 Reference value :  2.17498e-08
 Reference value :  2.17529e-08
 Reference value :  2.17587e-08
 Reference value :  2.17684e-08
 Reference value :  2.17762e-08
 Reference value :  2.17907e-08
 Reference value :  2.18106e-08
 Reference value :  2.18272e-08
 Reference value :  2.18581e-08
 Reference value :  2.18835e-08
 Reference value :  2.19514e-08
 Reference value :  2.20114e-08
 Reference value :  2.20514e-08
 Reference value :  2.21314e-08
 Reference value :  2.22114e-08
 Reference value :  2.23314e-08
 Reference value :  2.23914e-08
 Reference value :  2.24914e-08
 Reference value :  2.25914e-08
 Reference value :  2.26714e-08
 Reference value :  2.27514e-08
 Reference value :  2.28314e-08
 Reference value :  2.28956e-08
 Reference value :  2.28957e-08
 Reference value :  2.28964e-08
 Reference value :  2.29012e-08
 Reference value :  2.29063e-08
 Reference value :  2.29154e-08
 Reference value :  2.29207e-08
 Reference value :  2.29326e-08
 Reference value :  2.29449e-08
 Reference value :  2.29571e-08
 Reference value :  2.29702e-08
 Reference value :  2.29779e-08
 Reference value :  2.29891e-08
 Reference value :  2.29996e-08
 Reference value :  2.30111e-08
 Reference value :  2.30231e-08
 Reference value :  2.30346e-08
 Reference value :  2.30456e-08
 Reference value :  2.30457e-08
 Reference value :  2.30462e-08
 Reference value :  2.30498e-08
 Reference value :  2.30564e-08
 Reference value :  2.30641e-08
 Reference value :  2.30768e-08
 Reference value :  2.30884e-08
 Reference value :  2.30957e-08
 Reference value :  2.30981e-08
 Reference value :  2.31091e-08
 Reference value :  2.31186e-08
 Reference value :  2.31354e-08
 Reference value :  2.31561e-08
 Reference value :  2.31806e-08
 Reference value :  2.32245e-08
 Reference value :  2.32539e-08
 Reference value :  2.32896e-08
 Reference value :  2.33496e-08
 Reference value :  2.34296e-08
 Reference value :  2.35096e-08
 Reference value :  2.35696e-08
 Reference value :  2.36496e-08
 Reference value :  2.37096e-08
 Reference value :  2.38096e-08
 Reference value :  2.38896e-08
 Reference value :  2.40296e-08
 Reference value :  2.41296e-08
 Reference value :  2.42096e-08
 Reference value :  2.42425e-08
 Reference value :  2.42429e-08
 Reference value :  2.42446e-08
 Reference value :  2.42515e-08
 Reference value :  2.42600e-08
 Reference value :  2.42721e-08
 Reference value :  2.42813e-08
 Reference value :  2.42901e-08
 Reference value :  2.43031e-08
 Reference value :  2.43281e-08
 Reference value :  2.43393e-08
 Reference value :  2.43499e-08
 Reference value :  2.43658e-08
 Reference value :  2.43773e-08
 Reference value :  2.43887e-08
 Reference value :  2.43924e-08
 Reference value :  2.43936e-08
 Reference value :  2.43967e-08
 Reference value :  2.44034e-08
 Reference value :  2.44110e-08
 Reference value :  2.44202e-08
 Reference value :  2.44315e-08
 Reference value :  2.44424e-08
 Reference value :  2.44425e-08
 Reference value :  2.44434e-08
 Reference value :  2.44466e-08
 Reference value :  2.44554e-08
 Reference value :  2.44658e-08
 Reference value :  2.44791e-08
 Reference value :  2.44969e-08
 Reference value :  2.45305e-08
 Reference value :  2.45640e-08
 Reference value :  2.46079e-08
 Reference value :  2.46653e-08
 Reference value :  2.47253e-08
 Reference value :  2.48053e-08
 Reference value :  2.49053e-08
 Reference value :  2.50053e-08
 Reference value :  2.50853e-08
 Reference value :  2.51453e-08
 Reference value :  2.52453e-08
 Reference value :  2.53053e-08
 Reference value :  2.53853e-08
 Reference value :  2.54853e-08
 Reference value :  2.55773e-08
 Reference value :  2.55893e-08
 Reference value :  2.55896e-08
 Reference value :  2.55913e-08
 Reference value :  2.55948e-08
 Reference value :  2.56057e-08
 Reference value :  2.56116e-08
 Reference value :  2.56218e-08
 Reference value :  2.56347e-08
 Reference value :  2.56462e-08
 Reference value :  2.56597e-08
 Reference value :  2.56753e-08
 Reference value :  2.56863e-08
 Reference value :  2.57008e-08
 Reference value :  2.57167e-08
 Reference value :  2.57320e-08
 Reference value :  2.57392e-08
 Reference value :  2.57404e-08
 Reference value :  2.57434e-08
 Reference value :  2.57500e-08
 Reference value :  2.57577e-08
 Reference value :  2.57668e-08
 Reference value :  2.57782e-08
 Reference value :  2.57892e-08
 Reference value :  2.57895e-08
 Reference value :  2.57982e-08
 Reference value :  2.58174e-08
 Reference value :  2.58355e-08
 Reference value :  2.58656e-08
 Reference value :  2.58937e-08
 Reference value :  2.59320e-08
 Reference value :  2.59832e-08
 Reference value :  2.60632e-08
 Reference value :  2.61432e-08
 Reference value :  2.62232e-08
 Reference value :  2.62832e-08
 Reference value :  2.63832e-08
 Reference value :  2.64832e-08
 Reference value :  2.65632e-08
 Reference value :  2.66432e-08
 Reference value :  2.67432e-08
 Reference value :  2.68432e-08
 Reference value :  2.69196e-08
 Reference value :  2.69360e-08
 Reference value :  2.69360e-08
 Reference value :  2.69360e-08
 Reference value :  2.69360e-08
 Reference value :  2.69360e-08
 Reference value :  2.69360e-08
 Reference value :  2.69360e-08
 Reference value :  2.69360e-08
 Reference value :  2.69360e-08
 Reference value :  2.69360e-08
 Reference value :  2.69360e-08
 Reference value :  2.69361e-08
 Reference value :  2.69365e-08
 Reference value :  2.69373e-08
 Reference value :  2.69390e-08
 Reference value :  2.69416e-08
 Reference value :  2.69465e-08
 Reference value :  2.69524e-08
 Reference value :  2.69584e-08
 Reference value :  2.69651e-08
 Reference value :  2.69695e-08
 Reference value :  2.69720e-08
 Reference value :  2.69737e-08
 Reference value :  2.69803e-08
 Reference value :  2.69894e-08
 Reference value :  2.70002e-08
 Reference value :  2.70023e-08
 Reference value :  2.70038e-08
 Reference value :  2.70077e-08
 Reference value :  2.70178e-08
 Reference value :  2.70241e-08
 Reference value :  2.70293e-08
 Reference value :  2.70380e-08
 Reference value :  2.70521e-08
 Reference value :  2.70599e-08
 Reference value :  2.70717e-08
 Reference value :  2.70791e-08
 Reference value :  2.70860e-08
 Reference value :  2.70872e-08
 Reference value :  2.70924e-08
 Reference value :  2.70992e-08
 Reference value :  2.71071e-08
 Reference value :  2.71230e-08
 Reference value :  2.71331e-08
 Reference value :  2.71361e-08
 Reference value :  2.71368e-08
 Reference value :  2.71418e-08
 Reference value :  2.71508e-08
 Reference value :  2.71617e-08
 Reference value :  2.71757e-08
 Reference value :  2.71943e-08
 Reference value :  2.72481e-08
 Reference value :  2.73262e-08
 Reference value :  2.74062e-08
 Reference value :  2.75262e-08
 Reference value :  2.76062e-08
 Reference value :  2.76862e-08
 Reference value :  2.77662e-08
 Reference value :  2.78662e-08
 Reference value :  2.79662e-08
 Reference value :  2.80462e-08
 Reference value :  2.81262e-08
 Reference value :  2.81862e-08
 Reference value :  2.82645e-08
 Reference value :  2.82829e-08
 Reference value :  2.82834e-08
 Reference value :  2.82850e-08
 Reference value :  2.82903e-08
 Reference value :  2.82984e-08
 Reference value :  2.83084e-08
 Reference value :  2.83153e-08
 Reference value :  2.83180e-08
 Reference value :  2.83240e-08
 Reference value :  2.83330e-08
 Reference value :  2.83443e-08
 Reference value :  2.83550e-08
 Reference value :  2.83626e-08
 Reference value :  2.83736e-08
 Reference value :  2.83895e-08
 Reference value :  2.84018e-08
 Reference value :  2.84152e-08
 Reference value :  2.84234e-08
 Reference value :  2.84328e-08
 Reference value :  2.84328e-08
 Reference value :  2.84329e-08
 Reference value :  2.84347e-08
 Reference value :  2.84409e-08
 Reference value :  2.84478e-08
 Reference value :  2.84564e-08
 Reference value :  2.84667e-08
 Reference value :  2.84787e-08
 Reference value :  2.84829e-08
 Reference value :  2.84834e-08
 Reference value :  2.84880e-08
 Reference value :  2.84973e-08
 Reference value :  2.85208e-08
 Reference value :  2.85346e-08
 Reference value :  2.85579e-08
 Reference value :  2.85855e-08
 Reference value :  2.86262e-08
 Reference value :  2.86843e-08
 Reference value :  2.87443e-08
 Reference value :  2.88043e-08
 Reference value :  2.88843e-08
 Reference value :  2.89843e-08
 Reference value :  2.90643e-08
 Reference value :  2.91243e-08
 Reference value :  2.92243e-08
 Reference value :  2.92843e-08
 Reference value :  2.93843e-08
 Reference value :  2.94443e-08
 Reference value :  2.95243e-08
 Reference value :  2.96043e-08
 Reference value :  2.96296e-08
 Reference value :  2.96298e-08
 Reference value :  2.96313e-08
 Reference value :  2.96368e-08
 Reference value :  2.96451e-08
 Reference value :  2.96559e-08
 Reference value :  2.96644e-08
 Reference value :  2.96722e-08
 Reference value :  2.96787e-08
 Reference value :  2.96896e-08
 Reference value :  2.97005e-08
 Reference value :  2.97083e-08
 Reference value :  2.97232e-08
 Reference value :  2.97338e-08
 Reference value :  2.97493e-08
 Reference value :  2.97581e-08
 Reference value :  2.97700e-08
 Reference value :  2.97768e-08
 Reference value :  2.97797e-08
 Reference value :  2.97806e-08
 Reference value :  2.97855e-08
 Reference value :  2.97924e-08
 Reference value :  2.97976e-08
 Reference value :  2.98065e-08
 Reference value :  2.98214e-08
 Reference value :  2.98274e-08
 Reference value :  2.98296e-08
 Reference value :  2.98303e-08
 Reference value :  2.98347e-08
 Reference value :  2.98407e-08
 Reference value :  2.98506e-08
 Reference value :  2.98632e-08
 Reference value :  2.98799e-08
 Reference value :  2.99034e-08
 Reference value :  2.99400e-08
 Reference value :  2.99972e-08
 Reference value :  3.00572e-08
 Reference value :  3.01372e-08
 Reference value :  3.02172e-08
 Reference value :  3.02772e-08
 Reference value :  3.03972e-08
 Reference value :  3.04972e-08
 Reference value :  3.05772e-08
 Reference value :  3.06572e-08
 Reference value :  3.07572e-08
 Reference value :  3.08372e-08
 Reference value :  3.09572e-08
 Reference value :  3.09765e-08
 Reference value :  3.09767e-08
 Reference value :  3.09787e-08
 Reference value :  3.09841e-08
 Reference value :  3.09922e-08
 Reference value :  3.09986e-08
 Reference value :  3.10051e-08
 Reference value :  3.10148e-08
 Reference value :  3.10204e-08
 Reference value :  3.10266e-08
 Reference value :  3.10414e-08
 Reference value :  3.10487e-08
 Reference value :  3.10563e-08
 Reference value :  3.10672e-08
 Reference value :  3.10792e-08
 Reference value :  3.10872e-08
 Reference value :  3.10998e-08
 Reference value :  3.11088e-08
 Reference value :  3.11209e-08
 Reference value :  3.11264e-08
 Reference value :  3.11269e-08
 Reference value :  3.11322e-08
 Reference value :  3.11390e-08
 Reference value :  3.11468e-08
 Reference value :  3.11567e-08
 Reference value :  3.11722e-08
 Reference value :  3.11765e-08
 Reference value :  3.11777e-08
 Reference value :  3.11861e-08
 Reference value :  3.11962e-08
 Reference value :  3.12080e-08
 Reference value :  3.12213e-08
 Reference value :  3.12434e-08
 Reference value :  3.12692e-08
 Reference value :  3.13036e-08
 Reference value :  3.13581e-08
 Reference value :  3.14181e-08
 Reference value :  3.14981e-08
 Reference value :  3.15581e-08
 Reference value :  3.16381e-08
 Reference value :  3.16981e-08
 Reference value :  3.17581e-08
 Reference value :  3.18381e-08
 Reference value :  3.19381e-08
 Reference value :  3.20181e-08
 Reference value :  3.21181e-08
 Reference value :  3.21981e-08
 Reference value :  3.22581e-08
 Reference value :  3.23232e-08
 Reference value :  3.23236e-08
 Reference value :  3.23264e-08
 Reference value :  3.23304e-08
 Reference value :  3.23386e-08
 Reference value :  3.23454e-08
 Reference value :  3.23579e-08
 Reference value :  3.23658e-08
 Reference value :  3.23723e-08
 Reference value :  3.23794e-08
 Reference value :  3.23902e-08
 Reference value :  3.24020e-08
 Reference value :  3.24131e-08
 Reference value :  3.24238e-08
 Reference value :  3.24350e-08
 Reference value :  3.24430e-08
 Reference value :  3.24558e-08
 Reference value :  3.24675e-08
 Reference value :  3.24732e-08
 Reference value :  3.24737e-08
 Reference value :  3.24771e-08
 Reference value :  3.24835e-08
 Reference value :  3.24938e-08
 Reference value :  3.25071e-08
 Reference value :  3.25187e-08
 Reference value :  3.25233e-08
 Reference value :  3.25258e-08
 Reference value :  3.25373e-08
 Reference value :  3.25522e-08
 Reference value :  3.25673e-08
 Reference value :  3.25881e-08
 Reference value :  3.26336e-08
 Reference value :  3.27108e-08
 Reference value :  3.27908e-08
 Reference value :  3.28508e-08
 Reference value :  3.29308e-08
 Reference value :  3.29908e-08
 Reference value :  3.30508e-08
 Reference value :  3.31508e-08
 Reference value :  3.32308e-08
 Reference value :  3.33108e-08
 Reference value :  3.33908e-08
 Reference value :  3.34708e-08
 Reference value :  3.35508e-08
 Reference value :  3.36308e-08
 Reference value :  3.36701e-08
 Reference value :  3.36707e-08
 Reference value :  3.36734e-08
 Reference value :  3.36801e-08
 Reference value :  3.36923e-08
 Reference value :  3.36987e-08
 Reference value :  3.37084e-08
 Reference value :  3.37140e-08
 Reference value :  3.37202e-08
 Reference value :  3.37315e-08
 Reference value :  3.37423e-08
 Reference value :  3.37499e-08
 Reference value :  3.37572e-08
 Reference value :  3.37647e-08
 Reference value :  3.37728e-08
 Reference value :  3.37848e-08
 Reference value :  3.37980e-08
 Reference value :  3.38067e-08
 Reference value :  3.38173e-08
 Reference value :  3.38200e-08
 Reference value :  3.38205e-08
 Reference value :  3.38237e-08
 Reference value :  3.38302e-08
 Reference value :  3.38377e-08
 Reference value :  3.38503e-08
 Reference value :  3.38658e-08
 Reference value :  3.38701e-08
 Reference value :  3.38753e-08
 Reference value :  3.38846e-08
 Reference value :  3.39081e-08
 Reference value :  3.39370e-08
 Reference value :  3.39628e-08
 Reference value :  3.39972e-08
 Reference value :  3.40517e-08
 Reference value :  3.41117e-08
 Reference value :  3.41517e-08
 Reference value :  3.42117e-08
 Reference value :  3.42917e-08
 Reference value :  3.43517e-08
 Reference value :  3.44117e-08
 Reference value :  3.44717e-08
 Reference value :  3.45517e-08
 Reference value :  3.46317e-08
 Reference value :  3.47117e-08
 Reference value :  3.48117e-08
 Reference value :  3.48917e-08
 Reference value :  3.49717e-08
 Reference value :  3.50168e-08
 Reference value :  3.50169e-08
 Reference value :  3.50177e-08
 Reference value :  3.50200e-08
 Reference value :  3.50240e-08
 Reference value :  3.50322e-08
 Reference value :  3.50430e-08
 Reference value :  3.50515e-08
 Reference value :  3.50594e-08
 Reference value :  3.50659e-08
 Reference value :  3.50768e-08
 Reference value :  3.50877e-08
 Reference value :  3.50956e-08
 Reference value :  3.51104e-08
 Reference value :  3.51211e-08
 Reference value :  3.51410e-08
 Reference value :  3.51611e-08
 Reference value :  3.51668e-08
 Reference value :  3.51669e-08
 Reference value :  3.51673e-08
 Reference value :  3.51707e-08
 Reference value :  3.51771e-08
 Reference value :  3.51847e-08
 Reference value :  3.51936e-08
 Reference value :  3.52007e-08
 Reference value :  3.52085e-08
 Reference value :  3.52146e-08
 Reference value :  3.52169e-08
 Reference value :  3.52181e-08
 Reference value :  3.52279e-08
 Reference value :  3.52417e-08
 Reference value :  3.52554e-08
 Reference value :  3.52739e-08
 Reference value :  3.53008e-08
 Reference value :  3.53449e-08
 Reference value :  3.54244e-08
 Reference value :  3.55244e-08
 Reference value :  3.56244e-08
 Reference value :  3.57044e-08
 Reference value :  3.57844e-08
 Reference value :  3.58644e-08
 Reference value :  3.59844e-08
 Reference value :  3.60444e-08
 Reference value :  3.61044e-08
 Reference value :  3.61844e-08
 Reference value :  3.62444e-08
 Reference value :  3.63044e-08
 Reference value :  3.63636e-08
 Reference value :  3.63637e-08
 Reference value :  3.63643e-08
 Reference value :  3.63659e-08
 Reference value :  3.63737e-08
 Reference value :  3.63859e-08
 Reference value :  3.63959e-08
 Reference value :  3.64048e-08
 Reference value :  3.64104e-08
 Reference value :  3.64177e-08
 Reference value :  3.64322e-08
 Reference value :  3.64396e-08
 Reference value :  3.64545e-08
 Reference value :  3.64664e-08
 Reference value :  3.64744e-08
 Reference value :  3.64870e-08
 Reference value :  3.65003e-08
 Reference value :  3.65136e-08
 Reference value :  3.65139e-08
 Reference value :  3.65173e-08
 Reference value :  3.65238e-08
 Reference value :  3.65340e-08
 Reference value :  3.65513e-08
 Reference value :  3.65636e-08
 Reference value :  3.65649e-08
 Reference value :  3.65733e-08
 Reference value :  3.65952e-08
 Reference value :  3.66155e-08
 Reference value :  3.66472e-08
 Reference value :  3.66908e-08
 Reference value :  3.67453e-08
 Reference value :  3.68053e-08
 Reference value :  3.68653e-08
 Reference value :  3.69453e-08
 Reference value :  3.70653e-08
 Reference value :  3.71653e-08
 Reference value :  3.72453e-08
 Reference value :  3.73053e-08
 Reference value :  3.73653e-08
 Reference value :  3.74453e-08
 Reference value :  3.75253e-08
 Reference value :  3.76053e-08
 Reference value :  3.76853e-08
 Reference value :  3.77105e-08
 Reference value :  3.77119e-08
 Reference value :  3.77166e-08
 Reference value :  3.77254e-08
 Reference value :  3.77306e-08
 Reference value :  3.77414e-08
 Reference value :  3.77535e-08
 Reference value :  3.77648e-08
 Reference value :  3.77824e-08
 Reference value :  3.77942e-08
 Reference value :  3.78054e-08
 Reference value :  3.78159e-08
 Reference value :  3.78317e-08
 Reference value :  3.78396e-08
 Reference value :  3.78512e-08
 Reference value :  3.78604e-08
 Reference value :  3.78607e-08
 Reference value :  3.78641e-08
 Reference value :  3.78731e-08
 Reference value :  3.78809e-08
 Reference value :  3.78943e-08
 Reference value :  3.79022e-08
 Reference value :  3.79104e-08
 Reference value :  3.79107e-08
 Reference value :  3.79155e-08
 Reference value :  3.79353e-08
 Reference value :  3.79753e-08
 Reference value :  3.80212e-08
 Reference value :  3.80866e-08
 Reference value :  3.81466e-08
 Reference value :  3.82266e-08
 Reference value :  3.83066e-08
 Reference value :  3.83866e-08
 Reference value :  3.84666e-08
 Reference value :  3.85266e-08
 Reference value :  3.86466e-08
 Reference value :  3.87866e-08
 Reference value :  3.88866e-08
 Reference value :  3.90066e-08
 Reference value :  3.90573e-08
 Reference value :  3.90597e-08
 Reference value :  3.90657e-08
 Reference value :  3.90805e-08
 Reference value :  3.90990e-08
 Reference value :  3.91143e-08
 Reference value :  3.91357e-08
 Reference value :  3.91508e-08
 Reference value :  3.91614e-08
 Reference value :  3.91769e-08
 Reference value :  3.91849e-08
 Reference value :  3.91964e-08
 Reference value :  3.94160e-08
 Reference value :  3.94518e-08
 Reference value :  3.95118e-08
 Reference value :  3.96118e-08
 Reference value :  3.97318e-08
 Reference value :  3.98518e-08
 Reference value :  3.99518e-08
 Reference value :  4.00318e-08
 Reference value :  4.01118e-08
 Reference value :  4.02518e-08
 Reference value :  4.03718e-08
 Reference value :  4.04041e-08
 Reference value :  4.04043e-08
 Reference value :  4.04083e-08
 Reference value :  4.04155e-08
 Reference value :  4.04215e-08
 Reference value :  4.04336e-08
 Reference value :  4.04516e-08
 Reference value :  4.04646e-08
 Reference value :  4.04816e-08
 Reference value :  4.04972e-08
 Reference value :  4.05042e-08
 Reference value :  4.05152e-08
 Reference value :  4.05273e-08
 Reference value :  4.05464e-08
 Reference value :  4.05541e-08
 Reference value :  4.05546e-08
 Reference value :  4.05606e-08
 Reference value :  4.05727e-08
 Reference value :  4.05854e-08
 Reference value :  4.06005e-08
 Reference value :  4.06041e-08
 Reference value :  4.06061e-08
 Reference value :  4.06109e-08
 Reference value :  4.06236e-08
 Reference value :  4.06358e-08
 Reference value :  4.06658e-08
 Reference value :  4.07021e-08
 Reference value :  4.07533e-08
 Reference value :  4.08466e-08
 Reference value :  4.09866e-08
 Reference value :  4.11266e-08
 Reference value :  4.12666e-08
 Reference value :  4.14066e-08
 Reference value :  4.15266e-08
 Reference value :  4.16866e-08
 Reference value :  4.17509e-08
 Reference value :  4.17517e-08
 Reference value :  4.17565e-08
 Reference value :  4.17673e-08
 Reference value :  4.17788e-08
 Reference value :  4.18002e-08
 Reference value :  4.18169e-08
 Reference value :  4.18369e-08
 Reference value :  4.18514e-08
 Reference value :  4.18624e-08
 Reference value :  4.18784e-08
 Reference value :  4.18860e-08
 Reference value :  4.18972e-08
 Reference value :  4.19009e-08
 Reference value :  4.19014e-08
 Reference value :  4.19050e-08
 Reference value :  4.19141e-08
 Reference value :  4.19252e-08
 Reference value :  4.19398e-08
 Reference value :  4.19472e-08
 Reference value :  4.19509e-08
 Reference value :  4.19533e-08
 Reference value :  4.19598e-08
 Reference value :  4.19790e-08
 Reference value :  4.19971e-08
 Reference value :  4.20358e-08
 Reference value :  4.20797e-08
 Reference value :  4.21448e-08
 Reference value :  4.22048e-08
 Reference value :  4.22648e-08
 Reference value :  4.23648e-08
 Reference value :  4.25048e-08
 Reference value :  4.26248e-08
 Reference value :  4.27448e-08
 Reference value :  4.28848e-08
 Reference value :  4.30048e-08
 Reference value :  4.30976e-08
 Reference value :  4.30977e-08
 Reference value :  4.30982e-08
 Reference value :  4.31019e-08
 Reference value :  4.31092e-08
 Reference value :  4.31189e-08
 Reference value :  4.31317e-08
 Reference value :  4.31409e-08
 Reference value :  4.31494e-08
 Reference value :  4.31583e-08
 Reference value :  4.31673e-08
 Reference value :  4.31833e-08
 Reference value :  4.31979e-08
 Reference value :  4.32089e-08
 Reference value :  4.32211e-08
 Reference value :  4.32325e-08
 Reference value :  4.32439e-08
 Reference value :  4.32477e-08
 Reference value :  4.32479e-08
 Reference value :  4.32501e-08
 Reference value :  4.32610e-08
 Reference value :  4.32754e-08
 Reference value :  4.32905e-08
 Reference value :  4.32977e-08
 Reference value :  4.32997e-08
 Reference value :  4.33106e-08
 Reference value :  4.33251e-08
 Reference value :  4.33521e-08
 Reference value :  4.33857e-08
 Reference value :  4.34192e-08
 Reference value :  4.34809e-08
 Reference value :  4.35606e-08
 Reference value :  4.36206e-08
 Reference value :  4.37006e-08
 Reference value :  4.38006e-08
 Reference value :  4.38806e-08
 Reference value :  4.39606e-08
 Reference value :  4.40406e-08
 Reference value :  4.41206e-08
 Reference value :  4.42006e-08
 Reference value :  4.42806e-08
 Reference value :  4.43806e-08
 Reference value :  4.44444e-08
 Reference value :  4.44445e-08
 Reference value :  4.44452e-08
 Reference value :  4.44525e-08
 Reference value :  4.44668e-08
 Reference value :  4.44770e-08
 Reference value :  4.44899e-08
 Reference value :  4.45014e-08
 Reference value :  4.45190e-08
 Reference value :  4.45305e-08
 Reference value :  4.45415e-08
 Reference value :  4.45560e-08
 Reference value :  4.45720e-08
 Reference value :  4.45944e-08
 Reference value :  4.45946e-08
 Reference value :  4.45986e-08
 Reference value :  4.46101e-08
 Reference value :  4.46188e-08
 Reference value :  4.46334e-08
 Reference value :  4.46445e-08
 Reference value :  4.46469e-08
 Reference value :  4.46580e-08
 Reference value :  4.46726e-08
 Reference value :  4.46907e-08
 Reference value :  4.47208e-08
 Reference value :  4.47489e-08
 Reference value :  4.47872e-08
 Reference value :  4.48584e-08
 Reference value :  4.49784e-08
 Reference value :  4.50984e-08
 Reference value :  4.52184e-08
 Reference value :  4.53384e-08
 Reference value :  4.54584e-08
 Reference value :  4.55784e-08
 Reference value :  4.56584e-08
 Reference value :  4.57184e-08
 Reference value :  4.57912e-08
 Reference value :  4.57914e-08
 Reference value :  4.57934e-08
 Reference value :  4.58058e-08
 Reference value :  4.58253e-08
 Reference value :  4.58430e-08
 Reference value :  4.58650e-08
 Reference value :  4.58807e-08
 Reference value :  4.58950e-08
 Reference value :  4.59104e-08
 Reference value :  4.59261e-08
 Reference value :  4.59375e-08
 Reference value :  4.59413e-08
 Reference value :  4.59425e-08
 Reference value :  4.59477e-08
 Reference value :  4.59571e-08
 Reference value :  4.59690e-08
 Reference value :  4.59764e-08
 Reference value :  4.59877e-08
 Reference value :  4.59913e-08
 Reference value :  4.59923e-08
 Reference value :  4.59982e-08
 Reference value :  4.60074e-08
 Reference value :  4.60231e-08
 Reference value :  4.60391e-08
 Reference value :  4.60698e-08
 Reference value :  4.61128e-08
 Reference value :  4.61568e-08
 Reference value :  4.62142e-08
 Reference value :  4.62742e-08
 Reference value :  4.63542e-08
 Reference value :  4.64542e-08
 Reference value :  4.65342e-08
 Reference value :  4.66142e-08
 Reference value :  4.67542e-08
 Reference value :  4.68542e-08
 Reference value :  4.69342e-08
 Reference value :  4.70342e-08
 Reference value :  4.71142e-08
 Reference value :  4.71381e-08
 Reference value :  4.71382e-08
 Reference value :  4.71395e-08
 Reference value :  4.71437e-08
 Reference value :  4.71545e-08
 Reference value :  4.71632e-08
 Reference value :  4.72881e-08
 Reference value :  4.72883e-08
 Reference value :  4.72903e-08
 Reference value :  4.72944e-08
 Reference value :  4.73013e-08
 Reference value :  4.73093e-08
 Reference value :  4.73231e-08
 Reference value :  4.73308e-08
 Reference value :  4.73381e-08
 Reference value :  4.73405e-08
 Reference value :  4.73516e-08
 Reference value :  4.73718e-08
 Reference value :  4.73985e-08
 Reference value :  4.74230e-08
 Reference value :  4.74425e-08
 Reference value :  4.75131e-08
 Reference value :  4.75920e-08
 Reference value :  4.77120e-08
 Reference value :  4.77920e-08
 Reference value :  4.78920e-08
 Reference value :  4.79720e-08
 Reference value :  4.80320e-08
 Reference value :  4.81320e-08
 Reference value :  4.82320e-08
 Reference value :  4.83520e-08
 Reference value :  4.84684e-08
 Reference value :  4.84849e-08
 Reference value :  4.84859e-08
 Reference value :  4.84913e-08
 Reference value :  4.85024e-08
 Reference value :  4.85145e-08
 Reference value :  4.85325e-08
 Reference value :  4.85455e-08
 Reference value :  4.85625e-08
 Reference value :  4.85743e-08
 Reference value :  4.85886e-08
 Reference value :  4.86041e-08
 Reference value :  4.86160e-08
 Reference value :  4.86274e-08
 Reference value :  4.86349e-08
 Reference value :  4.86354e-08
 Reference value :  4.86392e-08
 Reference value :  4.86482e-08
 Reference value :  4.86594e-08
 Reference value :  4.86739e-08
 Reference value :  4.86849e-08
 Reference value :  4.86869e-08
 Reference value :  4.86918e-08
 Reference value :  4.87045e-08
 Reference value :  4.87215e-08
 Reference value :  4.87634e-08
 Reference value :  4.88064e-08
 Reference value :  4.88504e-08
 Reference value :  4.89078e-08
 Reference value :  4.89478e-08
 Reference value :  4.90078e-08
 Reference value :  4.91078e-08
 Reference value :  4.91878e-08
 Reference value :  4.93078e-08
 Reference value :  4.94078e-08
 Reference value :  4.95078e-08
 Reference value :  4.96078e-08
 Reference value :  4.96878e-08
 Reference value :  4.97678e-08
 Reference value :  4.98317e-08
 Reference value :  4.98318e-08
 Reference value :  4.98338e-08
 Reference value :  4.98397e-08
 Reference value :  4.98514e-08
 Reference value :  4.98568e-08
 Reference value :  4.98731e-08
 Reference value :  4.98886e-08
 Reference value :  4.99062e-08
 Reference value :  4.99252e-08
 Reference value :  4.99394e-08
 Reference value :  4.99592e-08
 Reference value :  4.99816e-08
 Reference value :  4.99818e-08
 Reference value :  4.99840e-08
 Reference value :  4.99880e-08
 Reference value :  4.99949e-08
 Reference value :  5.00001e-08
 Reference value :  5.00092e-08
 Reference value :  5.00244e-08
 Reference value :  5.00317e-08
 Reference value :  5.00341e-08
 Reference value :  5.00547e-08
 Reference value :  5.00779e-08
 Reference value :  5.01080e-08
 Reference value :  5.01475e-08
 Reference value :  5.02067e-08
 Reference value :  5.03056e-08
 Reference value :  5.04256e-08
 Reference value :  5.05456e-08
 Reference value :  5.06856e-08
 Reference value :  5.08056e-08
 Reference value :  5.09056e-08
 Reference value :  5.10256e-08
 Reference value :  5.11620e-08
 Reference value :  5.11787e-08
 Reference value :  5.11849e-08
 Reference value :  5.11997e-08
 Reference value :  5.12173e-08
 Reference value :  5.12391e-08
 Reference value :  5.12561e-08
 Reference value :  5.12753e-08
 Reference value :  5.12898e-08
 Reference value :  5.13057e-08
 Reference value :  5.13210e-08
 Reference value :  5.13285e-08
 Reference value :  5.13285e-08
 Reference value :  5.13309e-08
 Reference value :  5.13349e-08
 Reference value :  5.13418e-08
 Reference value :  5.24814e-08
 Reference value :  5.25746e-08
 Reference value :  5.26816e-08
 Reference value :  5.30392e-08
 Reference value :  5.34592e-08
 Reference value :  5.38721e-08
 Reference value :  5.38721e-08
 Reference value :  5.38762e-08
 Reference value :  5.39034e-08
 Reference value :  5.39653e-08
 Reference value :  5.39740e-08
 Reference value :  5.39807e-08
 Reference value :  5.39960e-08
 Reference value :  5.40152e-08
 Reference value :  5.40902e-08
 Reference value :  5.41066e-08
 Reference value :  5.44623e-08
 Reference value :  5.46223e-08
 Reference value :  5.46823e-08
 Reference value :  5.47623e-08
 Reference value :  5.48623e-08
 Reference value :  5.49623e-08
 Reference value :  5.50423e-08
 Reference value :  5.51423e-08
 Reference value :  5.52189e-08
 Reference value :  5.52189e-08
 Reference value :  5.52201e-08
 Reference value :  5.52221e-08
 Reference value :  5.52263e-08
 Reference value :  5.52344e-08
 Reference value :  5.52476e-08
 Reference value :  5.52541e-08
 Reference value :  5.52601e-08
 Reference value :  5.52690e-08
 Reference value :  5.52803e-08
 Reference value :  5.52911e-08
 Reference value :  5.53023e-08
 Reference value :  5.53174e-08
 Reference value :  5.53336e-08
 Reference value :  5.53467e-08
 Reference value :  5.53594e-08
 Reference value :  5.53689e-08
 Reference value :  5.53690e-08
 Reference value :  5.53707e-08
 Reference value :  5.53790e-08
 Reference value :  5.53924e-08
 Reference value :  5.54027e-08
 Reference value :  5.54147e-08
 Reference value :  5.54189e-08
 Reference value :  5.54201e-08
 Reference value :  5.54285e-08
 Reference value :  5.54441e-08
 Reference value :  5.54706e-08
 Reference value :  5.54939e-08
 Reference value :  5.55116e-08
 Reference value :  5.55622e-08
 Reference value :  5.56204e-08
 Reference value :  5.57004e-08
 Reference value :  5.58404e-08
 Reference value :  5.59404e-08
 Reference value :  5.60404e-08
 Reference value :  5.61604e-08
 Reference value :  5.62604e-08
 Reference value :  5.63604e-08
 Reference value :  5.64404e-08
 Reference value :  5.65404e-08
 Reference value :  5.65657e-08
 Reference value :  5.65661e-08
 Reference value :  5.65707e-08
 Reference value :  5.65811e-08
 Reference value :  5.65966e-08
 Reference value :  5.66082e-08
 Reference value :  5.66182e-08
 Reference value :  5.66290e-08
 Reference value :  5.66444e-08
 Reference value :  5.66592e-08
 Reference value :  5.66774e-08
 Reference value :  5.66941e-08
 Reference value :  5.67060e-08
 Reference value :  5.67157e-08
 Reference value :  5.67195e-08
 Reference value :  5.67308e-08
 Reference value :  5.67461e-08
 Reference value :  5.67612e-08
 Reference value :  5.67657e-08
 Reference value :  5.67663e-08
 Reference value :  5.67682e-08
 Reference value :  5.67767e-08
 Reference value :  5.67866e-08
 Reference value :  5.67992e-08
 Reference value :  5.68159e-08
 Reference value :  5.68394e-08
 Reference value :  5.68760e-08
 Reference value :  5.69532e-08
 Reference value :  5.70532e-08
 Reference value :  5.71532e-08
 Reference value :  5.72332e-08
 Reference value :  5.73732e-08
 Reference value :  5.74532e-08
 Reference value :  5.75332e-08
 Reference value :  5.78732e-08
 Reference value :  5.79125e-08
 Reference value :  5.79128e-08
 Reference value :  5.79147e-08
 Reference value :  5.79201e-08
 Reference value :  5.79282e-08
 Reference value :  5.79347e-08
 Reference value :  5.79411e-08
 Reference value :  5.79475e-08
 Reference value :  5.79536e-08
 Reference value :  5.79627e-08
 Reference value :  5.79774e-08
 Reference value :  5.79884e-08
 Reference value :  5.79997e-08
 Reference value :  5.80071e-08
 Reference value :  5.80232e-08
 Reference value :  5.80358e-08
 Reference value :  5.80491e-08
 Reference value :  5.80625e-08
 Reference value :  5.80625e-08
 Reference value :  5.80634e-08
 Reference value :  5.80682e-08
 Reference value :  5.80802e-08
 Reference value :  5.80891e-08
 Reference value :  5.80963e-08
 Reference value :  5.81040e-08
 Reference value :  5.81125e-08
 Reference value :  5.81137e-08
 Reference value :  5.81221e-08
 Reference value :  5.81440e-08
 Reference value :  5.81643e-08
 Reference value :  5.81876e-08
 Reference value :  5.82152e-08
 Reference value :  5.82560e-08
 Reference value :  5.83342e-08
 Reference value :  5.83942e-08
 Reference value :  5.84942e-08
 Reference value :  5.85942e-08
 Reference value :  5.86942e-08
 Reference value :  5.87942e-08
 Reference value :  5.88742e-08
 Reference value :  5.89942e-08
 Reference value :  5.90942e-08
 Reference value :  5.91942e-08
 Reference value :  5.92467e-08
 Reference value :  5.92593e-08
 Reference value :  5.92601e-08
 Reference value :  5.92643e-08
 Reference value :  5.92690e-08
 Reference value :  5.92778e-08
 Reference value :  5.92940e-08
 Reference value :  5.93050e-08
 Reference value :  5.93154e-08
 Reference value :  5.93301e-08
 Reference value :  5.93418e-08
 Reference value :  5.93565e-08
 Reference value :  5.93749e-08
 Reference value :  5.93918e-08
 Reference value :  5.94035e-08
 Reference value :  5.94093e-08
 Reference value :  5.94102e-08
 Reference value :  5.94151e-08
 Reference value :  5.94220e-08
 Reference value :  5.94298e-08
 Reference value :  5.94397e-08
 Reference value :  5.94509e-08
 Reference value :  5.94570e-08
 Reference value :  5.94593e-08
 Reference value :  5.94599e-08
 Reference value :  5.94618e-08
 Reference value :  5.94767e-08
 Reference value :  5.94928e-08
 Reference value :  5.95095e-08
 Reference value :  5.95432e-08
 Reference value :  5.95696e-08
 Reference value :  5.96068e-08
 Reference value :  5.96868e-08
 Reference value :  5.97668e-08
 Reference value :  5.98668e-08
 Reference value :  5.99668e-08
 Reference value :  6.00868e-08
 Reference value :  6.01868e-08
 Reference value :  6.02868e-08
 Reference value :  6.03868e-08
 Reference value :  6.04868e-08
 Reference value :  6.05468e-08
 Reference value :  6.06061e-08
 Reference value :  6.06064e-08
 Reference value :  6.06083e-08
 Reference value :  6.06137e-08
 Reference value :  6.06283e-08
 Reference value :  6.06383e-08
 Reference value :  6.06444e-08
 Reference value :  6.06528e-08
 Reference value :  6.06601e-08
 Reference value :  6.06710e-08
 Reference value :  6.06820e-08
No. of Data Rows : 7016
m_ui_ref            =  1.34680e-09 targ=  1.35430e-08 trig=  1.21962e-08
m_spa_in            =  5.38721e-09 targ=  1.75834e-08 trig=  1.21962e-08
m_spb_in            =  4.04040e-09 targ=  1.62366e-08 trig=  1.21962e-08
m_spa_m             =  5.38725e-09 targ=  1.76552e-08 trig=  1.22680e-08
m_spb_m             =  4.04044e-09 targ=  1.63084e-08 trig=  1.22680e-08
m_trise_m           =  8.22158e-11 targ=  1.63525e-08 trig=  1.62703e-08
m_tfall_m           =  8.22336e-11 targ=  1.50057e-08 trig=  1.49235e-08
m_trise_n           =  6.40824e-11 targ=  1.63261e-08 trig=  1.62620e-08
m_dj_ui_m = 3.1927508221e-05
m_vih_m = 3.0932998749e+00
m_vil_m = 2.0030982071e+00
m_vswing_m = 1.0902016677e+00
m_vih_m_frac = 8.5214872586e-01
m_vil_m_frac = 5.5181768792e-01
m_vcm_m_frac = 7.0198384964e-01
m_vswing_s = 1.1118268576e+00
m_vglitch_m = 4.7728494972e-01
m_vswing_n = 1.0982940232e+00
m_vswing_dc = 1.0777428401e+00
m_vcm_dc_frac = 7.0570522859e-01
m_icell_dc = 9.1381944549e-03
m_vgs_mu_max = 1.7237868574e+00
m_vds_mu_max = 1.3618834305e+00
m_vds_mt_max = 7.5438236792e-01
Note: Simulation executed from .control section 

