
Note: No compatibility mode selected!


Circuit: * tmds-final-mux-eye @ ss_27c_3.63v_742p5mbps -- generated by sim/harness, do not edit

Doing analysis at TEMP = 27.000000 and TNOM = 27.000000

Using SPARSE 1.3 as Direct Linear Solver

Initial Transient Solution
--------------------------

Node                                   Voltage
----                                   -------
vdd                                       3.63
avcc                                       3.3
clkp                                     2.178
clkn                                     1.089
d0p                                     3.0855
d0n                                     1.9965
d1p                                     3.0855
d1n                                     1.9965
d0ps                                    1.9965
d0ns                                    3.0855
d1ps                                    1.9965
d1ns                                    3.0855
ckref                                    1.089
win                                          0
winr                                         0
winc                                         0
xmux_m.top                             3.09479
xmux_m.xrc.11                          3.12077
xmux_m.xrc.21                          3.60402
outp_m                                 2.01069
xmux_m.xrlp.11                         2.03667
xmux_m.xrlp.21                         3.06881
outn_m                                 3.09479
xmux_m.xrln.11                         3.09479
xmux_m.xrln.21                         3.09479
xmux_m.ibias                           1.23132
xmux_m.xrref.11                        1.24495
xmux_m.xrref.21                        3.61638
xmux_m.sa                              1.42749
xmux_m.sb                              2.01069
xmux_m.tail                           0.779138
dop_m                                      3.3
xdrv_m.tail                            1.42799
don_m                                  2.79678
ib_m                                   1.26269
vd_m                                   1.08411
vdn_m                                 0.995506
vdg_m                                        0
xmux_s.top                             3.09479
xmux_s.xrc.11                          3.12077
xmux_s.xrc.21                          3.60402
outp_s                                 3.09479
xmux_s.xrlp.11                         3.09479
xmux_s.xrlp.21                         3.09479
outn_s                                 2.01069
xmux_s.xrln.11                         2.03667
xmux_s.xrln.21                         3.06881
xmux_s.ibias                           1.23132
xmux_s.xrref.11                        1.24495
xmux_s.xrref.21                        3.61638
xmux_s.sa                              1.42749
xmux_s.sb                              2.01069
xmux_s.tail                           0.779138
dop_s                                  2.79678
xdrv_s.tail                            1.42799
don_s                                      3.3
ib_s                                   1.26269
vd_s                                  -1.08411
vdn_s                                -0.995506
vdg_s                                        0
xmux_n.top                             3.09479
xmux_n.xrc.11                          3.12077
xmux_n.xrc.21                          3.60402
outp_n                                 2.01069
xmux_n.xrlp.11                         2.03667
xmux_n.xrlp.21                         3.06881
outn_n                                 3.09479
xmux_n.xrln.11                         3.09479
xmux_n.xrln.21                         3.09479
xmux_n.ibias                           1.23132
xmux_n.xrref.11                        1.24495
xmux_n.xrref.21                        3.61638
xmux_n.sa                              1.42749
xmux_n.sb                              2.01069
xmux_n.tail                           0.779138
vd_n                                   1.08411
vdn_n                                 0.995506
vdg_n                                        0
d0pz                                    3.0855
d0nz                                    1.9965
clkpz                                    2.178
clknz                                    1.089
vdd_z                                     3.63
xmux_z.top                             3.09479
xmux_z.xrc.11                          3.12077
xmux_z.xrc.21                          3.60402
outp_z                                 2.01069
xmux_z.xrlp.11                         2.03667
xmux_z.xrlp.21                         3.06881
outn_z                                 3.09479
xmux_z.xrln.11                         3.09479
xmux_z.xrln.21                         3.09479
xmux_z.ibias                           1.23132
xmux_z.xrref.11                        1.24495
xmux_z.xrref.21                        3.61638
xmux_z.sa                              1.42749
xmux_z.sb                              2.51742
xmux_z.tail                           0.779138
dop_z                                      3.3
xdrv_z.tail                            1.42799
don_z                                  2.79678
ib_z                                   1.26269
bvdg_n#branch                                0
bvdg_s#branch                                0
bvdg_m#branch                                0
envd_n#branch                                0
emux_n#branch                                0
envd_s#branch                                0
emux_s#branch                                0
envd_m#branch                                0
emux_m#branch                                0
eckref#branch                                0
vsens_z#branch                     -0.00910701
vclknz#branch                                0
vclkpz#branch                                0
vd0nz#branch                                 0
vd0pz#branch                                 0
vwinc#branch                                 0
vwinr#branch                                 0
vwin#branch                                  0
vd1ns#branch                                 0
vd1ps#branch                                 0
vd0ns#branch                                 0
vd0ps#branch                                 0
vd1n#branch                                  0
vd1p#branch                                  0
vd0n#branch                                  0
vd0p#branch                                  0
vclkn#branch                                 0
vclkp#branch                                 0
vavcc#branch                        -0.0301934
vvdd#branch                          -0.027321

 Reference value :  0.00000e+00
 Reference value :  4.00000e-13
 Reference value :  3.20000e-12
 Reference value :  2.56000e-11
 Reference value :  1.05600e-10
 Reference value :  1.65600e-10
 Reference value :  2.25600e-10
 Reference value :  2.85600e-10
 Reference value :  3.45600e-10
 Reference value :  4.25600e-10
 Reference value :  5.25600e-10
 Reference value :  5.85600e-10
 Reference value :  6.65600e-10
 Reference value :  7.45600e-10
 Reference value :  8.25600e-10
 Reference value :  9.05600e-10
 Reference value :  9.85600e-10
 Reference value :  1.08560e-09
 Reference value :  1.14560e-09
 Reference value :  1.22560e-09
 Reference value :  1.30560e-09
 Reference value :  1.34681e-09
 Reference value :  1.34717e-09
 Reference value :  1.34981e-09
 Reference value :  1.35852e-09
 Reference value :  1.36945e-09
 Reference value :  1.37817e-09
 Reference value :  1.38758e-09
 Reference value :  1.39890e-09
 Reference value :  1.40603e-09
 Reference value :  1.41740e-09
 Reference value :  1.42486e-09
 Reference value :  1.43064e-09
 Reference value :  1.43631e-09
 Reference value :  1.44226e-09
 Reference value :  1.45576e-09
 Reference value :  1.46706e-09
 Reference value :  1.47769e-09
 Reference value :  1.48822e-09
 Reference value :  1.49681e-09
 Reference value :  1.49717e-09
 Reference value :  1.49987e-09
 Reference value :  1.50371e-09
 Reference value :  1.50785e-09
 Reference value :  1.51793e-09
 Reference value :  1.52869e-09
 Reference value :  1.53652e-09
 Reference value :  1.54683e-09
 Reference value :  1.54884e-09
 Reference value :  1.55912e-09
 Reference value :  1.56859e-09
 Reference value :  1.58700e-09
 Reference value :  1.60160e-09
 Reference value :  1.62495e-09
 Reference value :  1.64398e-09
 Reference value :  1.66865e-09
 Reference value :  1.72471e-09
 Reference value :  1.78471e-09
 Reference value :  1.84471e-09
 Reference value :  1.92471e-09
 Reference value :  2.00471e-09
 Reference value :  2.10471e-09
 Reference value :  2.20471e-09
 Reference value :  2.30471e-09
 Reference value :  2.42471e-09
 Reference value :  2.52471e-09
 Reference value :  2.55992e-09
 Reference value :  2.56209e-09
 Reference value :  2.61569e-09
 Reference value :  2.69362e-09
 Reference value :  2.69419e-09
 Reference value :  2.69601e-09
 Reference value :  2.70152e-09
 Reference value :  2.70922e-09
 Reference value :  2.71851e-09
 Reference value :  2.73185e-09
 Reference value :  2.74313e-09
 Reference value :  2.75499e-09
 Reference value :  2.76985e-09
 Reference value :  2.78220e-09
 Reference value :  2.79372e-09
 Reference value :  2.81087e-09
 Reference value :  2.82473e-09
 Reference value :  2.83885e-09
 Reference value :  2.84361e-09
 Reference value :  2.84397e-09
 Reference value :  2.84659e-09
 Reference value :  2.85239e-09
 Reference value :  2.85924e-09
 Reference value :  2.86728e-09
 Reference value :  2.87524e-09
 Reference value :  2.88324e-09
 Reference value :  2.89360e-09
 Reference value :  2.89384e-09
 Reference value :  2.89796e-09
 Reference value :  2.90598e-09
 Reference value :  2.91589e-09
 Reference value :  2.92901e-09
 Reference value :  2.94771e-09
 Reference value :  2.97711e-09
 Reference value :  3.02966e-09
 Reference value :  3.08966e-09
 Reference value :  3.18966e-09
 Reference value :  3.30966e-09
 Reference value :  3.40966e-09
 Reference value :  3.46966e-09
 Reference value :  3.52966e-09
 Reference value :  3.60966e-09
 Reference value :  3.68966e-09
 Reference value :  3.78966e-09
 Reference value :  3.86966e-09
 Reference value :  3.94966e-09
 Reference value :  4.02503e-09
 Reference value :  4.04042e-09
 Reference value :  4.04065e-09
 Reference value :  4.04248e-09
 Reference value :  4.04513e-09
 Reference value :  4.05158e-09
 Reference value :  4.05706e-09
 Reference value :  4.06256e-09
 Reference value :  4.07166e-09
 Reference value :  4.08187e-09
 Reference value :  4.08944e-09
 Reference value :  4.09691e-09
 Reference value :  4.10415e-09
 Reference value :  4.11185e-09
 Reference value :  4.11945e-09
 Reference value :  4.12511e-09
 Reference value :  4.13081e-09
 Reference value :  4.13690e-09
 Reference value :  4.14361e-09
 Reference value :  4.15057e-09
 Reference value :  4.16197e-09
 Reference value :  4.17256e-09
 Reference value :  4.18313e-09
 Reference value :  4.19042e-09
 Reference value :  4.19169e-09
 Reference value :  4.19470e-09
 Reference value :  4.20074e-09
 Reference value :  4.20790e-09
 Reference value :  4.21622e-09
 Reference value :  4.22139e-09
 Reference value :  4.22893e-09
 Reference value :  4.23823e-09
 Reference value :  4.24043e-09
 Reference value :  4.24112e-09
 Reference value :  4.24629e-09
 Reference value :  4.25041e-09
 Reference value :  4.26457e-09
 Reference value :  4.28353e-09
 Reference value :  4.29823e-09
 Reference value :  4.31383e-09
 Reference value :  4.34222e-09
 Reference value :  4.36916e-09
 Reference value :  4.42696e-09
 Reference value :  4.48696e-09
 Reference value :  4.54696e-09
 Reference value :  4.64696e-09
 Reference value :  4.72696e-09
 Reference value :  4.84696e-09
 Reference value :  4.94696e-09
 Reference value :  5.02696e-09
 Reference value :  5.08696e-09
 Reference value :  5.16696e-09
 Reference value :  5.24696e-09
 Reference value :  5.30696e-09
 Reference value :  5.37708e-09
 Reference value :  5.38724e-09
 Reference value :  5.38755e-09
 Reference value :  5.39001e-09
 Reference value :  5.39346e-09
 Reference value :  5.40050e-09
 Reference value :  5.40998e-09
 Reference value :  5.41557e-09
 Reference value :  5.42564e-09
 Reference value :  5.43695e-09
 Reference value :  5.44874e-09
 Reference value :  5.45642e-09
 Reference value :  5.46677e-09
 Reference value :  5.47306e-09
 Reference value :  5.48184e-09
 Reference value :  5.48746e-09
 Reference value :  5.49707e-09
 Reference value :  5.50426e-09
 Reference value :  5.51127e-09
 Reference value :  5.51800e-09
 Reference value :  5.52833e-09
 Reference value :  5.53721e-09
 Reference value :  5.53722e-09
 Reference value :  5.53740e-09
 Reference value :  5.53883e-09
 Reference value :  5.54431e-09
 Reference value :  5.55066e-09
 Reference value :  5.55856e-09
 Reference value :  5.56713e-09
 Reference value :  5.57153e-09
 Reference value :  5.57656e-09
 Reference value :  5.58347e-09
 Reference value :  5.58724e-09
 Reference value :  5.58774e-09
 Reference value :  5.58945e-09
 Reference value :  5.59698e-09
 Reference value :  5.60606e-09
 Reference value :  5.61364e-09
 Reference value :  5.62291e-09
 Reference value :  5.64178e-09
 Reference value :  5.65977e-09
 Reference value :  5.68599e-09
 Reference value :  5.72451e-09
 Reference value :  5.76451e-09
 Reference value :  5.82451e-09
 Reference value :  5.88451e-09
 Reference value :  5.96451e-09
 Reference value :  6.04451e-09
 Reference value :  6.10451e-09
 Reference value :  6.16451e-09
 Reference value :  6.24451e-09
 Reference value :  6.32451e-09
 Reference value :  6.38451e-09
 Reference value :  6.46451e-09
 Reference value :  6.54451e-09
 Reference value :  6.62451e-09
 Reference value :  6.70451e-09
 Reference value :  6.73402e-09
 Reference value :  6.73424e-09
 Reference value :  6.73601e-09
 Reference value :  6.73717e-09
 Reference value :  6.74259e-09
 Reference value :  6.75032e-09
 Reference value :  6.75602e-09
 Reference value :  6.76524e-09
 Reference value :  6.77535e-09
 Reference value :  6.78675e-09
 Reference value :  6.79387e-09
 Reference value :  6.80136e-09
 Reference value :  6.81286e-09
 Reference value :  6.81582e-09
 Reference value :  6.81854e-09
 Reference value :  6.82129e-09
 Reference value :  6.83360e-09
 Reference value :  6.84765e-09
 Reference value :  6.85901e-09
 Reference value :  6.86938e-09
 Reference value :  6.88020e-09
 Reference value :  6.88402e-09
 Reference value :  6.88409e-09
 Reference value :  6.88475e-09
 Reference value :  6.88700e-09
 Reference value :  6.89279e-09
 Reference value :  6.89716e-09
 Reference value :  6.90222e-09
 Reference value :  6.91061e-09
 Reference value :  6.91566e-09
 Reference value :  6.92372e-09
 Reference value :  6.93405e-09
 Reference value :  6.93522e-09
 Reference value :  6.94284e-09
 Reference value :  6.95681e-09
 Reference value :  6.97525e-09
 Reference value :  6.99733e-09
 Reference value :  7.02287e-09
 Reference value :  7.05835e-09
 Reference value :  7.11526e-09
 Reference value :  7.17526e-09
 Reference value :  7.23526e-09
 Reference value :  7.29526e-09
 Reference value :  7.35526e-09
 Reference value :  7.43526e-09
 Reference value :  7.51526e-09
 Reference value :  7.59526e-09
 Reference value :  7.67526e-09
 Reference value :  7.75526e-09
 Reference value :  7.83526e-09
 Reference value :  7.93526e-09
 Reference value :  8.01526e-09
 Reference value :  8.08081e-09
 Reference value :  8.08085e-09
 Reference value :  8.08165e-09
 Reference value :  8.08388e-09
 Reference value :  8.08745e-09
 Reference value :  8.09465e-09
 Reference value :  8.10435e-09
 Reference value :  8.10940e-09
 Reference value :  8.11772e-09
 Reference value :  8.12885e-09
 Reference value :  8.13641e-09
 Reference value :  8.14369e-09
 Reference value :  8.15836e-09
 Reference value :  8.16767e-09
 Reference value :  8.17641e-09
 Reference value :  8.18524e-09
 Reference value :  8.19563e-09
 Reference value :  8.20245e-09
 Reference value :  8.21272e-09
 Reference value :  8.22316e-09
 Reference value :  8.23081e-09
 Reference value :  8.23084e-09
 Reference value :  8.23155e-09
 Reference value :  8.23380e-09
 Reference value :  8.23960e-09
 Reference value :  8.24900e-09
 Reference value :  8.25449e-09
 Reference value :  8.26245e-09
 Reference value :  8.27048e-09
 Reference value :  8.28081e-09
 Reference value :  8.28084e-09
 Reference value :  8.28187e-09
 Reference value :  8.28772e-09
 Reference value :  8.29624e-09
 Reference value :  8.30703e-09
 Reference value :  8.32174e-09
 Reference value :  8.35279e-09
 Reference value :  8.37869e-09
 Reference value :  8.43698e-09
 Reference value :  8.51698e-09
 Reference value :  8.59698e-09
 Reference value :  8.65698e-09
 Reference value :  8.71698e-09
 Reference value :  8.77698e-09
 Reference value :  8.85698e-09
 Reference value :  8.95698e-09
 Reference value :  9.03698e-09
 Reference value :  9.11698e-09
 Reference value :  9.21698e-09
 Reference value :  9.27698e-09
 Reference value :  9.33698e-09
 Reference value :  9.39698e-09
 Reference value :  9.42763e-09
 Reference value :  9.42811e-09
 Reference value :  9.43092e-09
 Reference value :  9.43640e-09
 Reference value :  9.44143e-09
 Reference value :  9.44721e-09
 Reference value :  9.45270e-09
 Reference value :  9.46199e-09
 Reference value :  9.46905e-09
 Reference value :  9.48049e-09
 Reference value :  9.48408e-09
 Reference value :  9.49133e-09
 Reference value :  9.49902e-09
 Reference value :  9.50662e-09
 Reference value :  9.50957e-09
 Reference value :  9.51228e-09
 Reference value :  9.51504e-09
 Reference value :  9.52407e-09
 Reference value :  9.53077e-09
 Reference value :  9.53774e-09
 Reference value :  9.54913e-09
 Reference value :  9.55623e-09
 Reference value :  9.56316e-09
 Reference value :  9.57030e-09
 Reference value :  9.57761e-09
 Reference value :  9.57767e-09
 Reference value :  9.57825e-09
 Reference value :  9.58024e-09
 Reference value :  9.58195e-09
 Reference value :  9.58588e-09
 Reference value :  9.59019e-09
 Reference value :  9.59515e-09
 Reference value :  9.60348e-09
 Reference value :  9.60864e-09
 Reference value :  9.61353e-09
 Reference value :  9.62335e-09
 Reference value :  9.62761e-09
 Reference value :  9.62768e-09
 Reference value :  9.62832e-09
 Reference value :  9.63349e-09
 Reference value :  9.64200e-09
 Reference value :  9.65745e-09
 Reference value :  9.67794e-09
 Reference value :  9.69296e-09
 Reference value :  9.70955e-09
 Reference value :  9.74155e-09
 Reference value :  9.77416e-09
 Reference value :  9.81416e-09
 Reference value :  9.85416e-09
 Reference value :  9.89416e-09
 Reference value :  9.93416e-09
 Reference value :  1.00142e-08
 Reference value :  1.00942e-08
 Reference value :  1.01542e-08
 Reference value :  1.02142e-08
 Reference value :  1.02742e-08
 Reference value :  1.03342e-08
 Reference value :  1.03942e-08
 Reference value :  1.04542e-08
 Reference value :  1.05142e-08
 Reference value :  1.05742e-08
 Reference value :  1.06542e-08
 Reference value :  1.07342e-08
 Reference value :  1.07744e-08
 Reference value :  1.07744e-08
 Reference value :  1.07746e-08
 Reference value :  1.07758e-08
 Reference value :  1.07776e-08
 Reference value :  1.07845e-08
 Reference value :  1.07896e-08
 Reference value :  1.07939e-08
 Reference value :  1.07987e-08
 Reference value :  1.08049e-08
 Reference value :  1.08154e-08
 Reference value :  1.08228e-08
 Reference value :  1.08303e-08
 Reference value :  1.08338e-08
 Reference value :  1.08413e-08
 Reference value :  1.08488e-08
 Reference value :  1.08585e-08
 Reference value :  1.08675e-08
 Reference value :  1.08761e-08
 Reference value :  1.08825e-08
 Reference value :  1.08897e-08
 Reference value :  1.08965e-08
 Reference value :  1.09034e-08
 Reference value :  1.09092e-08
 Reference value :  1.09101e-08
 Reference value :  1.09106e-08
 Reference value :  1.09145e-08
 Reference value :  1.09178e-08
 Reference value :  1.09244e-08
 Reference value :  1.09245e-08
 Reference value :  1.09256e-08
 Reference value :  1.09285e-08
 Reference value :  1.09345e-08
 Reference value :  1.09391e-08
 Reference value :  1.09473e-08
 Reference value :  1.09541e-08
 Reference value :  1.09642e-08
 Reference value :  1.09744e-08
 Reference value :  1.09755e-08
 Reference value :  1.09813e-08
 Reference value :  1.09867e-08
 Reference value :  1.09966e-08
 Reference value :  1.10097e-08
 Reference value :  1.10213e-08
 Reference value :  1.10360e-08
 Reference value :  1.10610e-08
 Reference value :  1.10953e-08
 Reference value :  1.11492e-08
 Reference value :  1.12092e-08
 Reference value :  1.12492e-08
 Reference value :  1.13092e-08
 Reference value :  1.13492e-08
 Reference value :  1.14092e-08
 Reference value :  1.14692e-08
 Reference value :  1.15492e-08
 Reference value :  1.16092e-08
 Reference value :  1.16692e-08
 Reference value :  1.17292e-08
 Reference value :  1.18092e-08
 Reference value :  1.18892e-08
 Reference value :  1.19692e-08
 Reference value :  1.20292e-08
 Reference value :  1.21052e-08
 Reference value :  1.21212e-08
 Reference value :  1.21215e-08
 Reference value :  1.21233e-08
 Reference value :  1.21259e-08
 Reference value :  1.21279e-08
 Reference value :  1.21326e-08
 Reference value :  1.21409e-08
 Reference value :  1.21435e-08
 Reference value :  1.21498e-08
 Reference value :  1.21602e-08
 Reference value :  1.21717e-08
 Reference value :  1.21793e-08
 Reference value :  1.21868e-08
 Reference value :  1.21945e-08
 Reference value :  1.22013e-08
 Reference value :  1.22072e-08
 Reference value :  1.22132e-08
 Reference value :  1.22159e-08
 Reference value :  1.22216e-08
 Reference value :  1.22312e-08
 Reference value :  1.22383e-08
 Reference value :  1.22480e-08
 Reference value :  1.22580e-08
 Reference value :  1.22682e-08
 Reference value :  1.22712e-08
 Reference value :  1.22714e-08
 Reference value :  1.22732e-08
 Reference value :  1.22768e-08
 Reference value :  1.22808e-08
 Reference value :  1.22905e-08
 Reference value :  1.22999e-08
 Reference value :  1.23099e-08
 Reference value :  1.23189e-08
 Reference value :  1.23212e-08
 Reference value :  1.23216e-08
 Reference value :  1.23241e-08
 Reference value :  1.23312e-08
 Reference value :  1.23403e-08
 Reference value :  1.23568e-08
 Reference value :  1.23770e-08
 Reference value :  1.24009e-08
 Reference value :  1.24319e-08
 Reference value :  1.24792e-08
 Reference value :  1.25191e-08
 Reference value :  1.25591e-08
 Reference value :  1.25991e-08
 Reference value :  1.26591e-08
 Reference value :  1.27391e-08
 Reference value :  1.27991e-08
 Reference value :  1.28591e-08
 Reference value :  1.29191e-08
 Reference value :  1.29991e-08
 Reference value :  1.30591e-08
 Reference value :  1.31191e-08
 Reference value :  1.31791e-08
 Reference value :  1.32391e-08
 Reference value :  1.33191e-08
 Reference value :  1.33791e-08
 Reference value :  1.34391e-08
 Reference value :  1.34680e-08
 Reference value :  1.34682e-08
 Reference value :  1.34690e-08
 Reference value :  1.34718e-08
 Reference value :  1.34761e-08
 Reference value :  1.34836e-08
 Reference value :  1.34942e-08
 Reference value :  1.35017e-08
 Reference value :  1.35051e-08
 Reference value :  1.35122e-08
 Reference value :  1.35201e-08
 Reference value :  1.35274e-08
 Reference value :  1.35389e-08
 Reference value :  1.35490e-08
 Reference value :  1.35553e-08
 Reference value :  1.35610e-08
 Reference value :  1.35636e-08
 Reference value :  1.35725e-08
 Reference value :  1.35828e-08
 Reference value :  1.35926e-08
 Reference value :  1.36024e-08
 Reference value :  1.36134e-08
 Reference value :  1.36180e-08
 Reference value :  1.36182e-08
 Reference value :  1.36210e-08
 Reference value :  1.36269e-08
 Reference value :  1.36337e-08
 Reference value :  1.36422e-08
 Reference value :  1.36524e-08
 Reference value :  1.36590e-08
 Reference value :  1.36680e-08
 Reference value :  1.36680e-08
 Reference value :  1.36688e-08
 Reference value :  1.36713e-08
 Reference value :  1.36763e-08
 Reference value :  1.36820e-08
 Reference value :  1.36886e-08
 Reference value :  1.36965e-08
 Reference value :  1.37121e-08
 Reference value :  1.37319e-08
 Reference value :  1.37375e-08
 Reference value :  1.37380e-08
 Reference value :  1.37386e-08
 Reference value :  1.37405e-08
 Reference value :  1.37562e-08
 Reference value :  1.37822e-08
 Reference value :  1.38316e-08
 Reference value :  1.38617e-08
 Reference value :  1.38727e-08
 Reference value :  1.38735e-08
 Reference value :  1.38775e-08
 Reference value :  1.39088e-08
 Reference value :  1.39488e-08
 Reference value :  1.40088e-08
 Reference value :  1.40888e-08
 Reference value :  1.41488e-08
 Reference value :  1.42288e-08
 Reference value :  1.42888e-08
 Reference value :  1.43688e-08
 Reference value :  1.44108e-08
 Reference value :  1.44118e-08
 Reference value :  1.44128e-08
 Reference value :  1.44207e-08
 Reference value :  1.44675e-08
 Reference value :  1.45275e-08
 Reference value :  1.46075e-08
 Reference value :  1.46875e-08
 Reference value :  1.47475e-08
 Reference value :  1.48148e-08
 Reference value :  1.48148e-08
 Reference value :  1.48149e-08
 Reference value :  1.48157e-08
 Reference value :  1.48176e-08
 Reference value :  1.48209e-08
 Reference value :  1.48253e-08
 Reference value :  1.48336e-08
 Reference value :  1.48388e-08
 Reference value :  1.48419e-08
 Reference value :  1.48526e-08
 Reference value :  1.48636e-08
 Reference value :  1.48712e-08
 Reference value :  1.48785e-08
 Reference value :  1.48898e-08
 Reference value :  1.48963e-08
 Reference value :  1.49055e-08
 Reference value :  1.49113e-08
 Reference value :  1.49203e-08
 Reference value :  1.49302e-08
 Reference value :  1.49367e-08
 Reference value :  1.49431e-08
 Reference value :  1.49532e-08
 Reference value :  1.49626e-08
 Reference value :  1.49648e-08
 Reference value :  1.49650e-08
 Reference value :  1.49663e-08
 Reference value :  1.49716e-08
 Reference value :  1.49780e-08
 Reference value :  1.49860e-08
 Reference value :  1.49926e-08
 Reference value :  1.49992e-08
 Reference value :  1.50058e-08
 Reference value :  1.50120e-08
 Reference value :  1.50148e-08
 Reference value :  1.50158e-08
 Reference value :  1.50226e-08
 Reference value :  1.50314e-08
 Reference value :  1.50471e-08
 Reference value :  1.50596e-08
 Reference value :  1.50818e-08
 Reference value :  1.50986e-08
 Reference value :  1.51190e-08
 Reference value :  1.51469e-08
 Reference value :  1.52005e-08
 Reference value :  1.52192e-08
 Reference value :  1.52199e-08
 Reference value :  1.52220e-08
 Reference value :  1.52556e-08
 Reference value :  1.53156e-08
 Reference value :  1.53756e-08
 Reference value :  1.54356e-08
 Reference value :  1.55156e-08
 Reference value :  1.55756e-08
 Reference value :  1.56356e-08
 Reference value :  1.56956e-08
 Reference value :  1.57466e-08
 Reference value :  1.57582e-08
 Reference value :  1.57588e-08
 Reference value :  1.57630e-08
 Reference value :  1.58143e-08
 Reference value :  1.58743e-08
 Reference value :  1.59343e-08
 Reference value :  1.59943e-08
 Reference value :  1.60743e-08
 Reference value :  1.61480e-08
 Reference value :  1.61616e-08
 Reference value :  1.61618e-08
 Reference value :  1.61625e-08
 Reference value :  1.61672e-08
 Reference value :  1.61743e-08
 Reference value :  1.61801e-08
 Reference value :  1.61874e-08
 Reference value :  1.61950e-08
 Reference value :  1.62021e-08
 Reference value :  1.62095e-08
 Reference value :  1.62134e-08
 Reference value :  1.62207e-08
 Reference value :  1.62282e-08
 Reference value :  1.62358e-08
 Reference value :  1.62423e-08
 Reference value :  1.62489e-08
 Reference value :  1.62549e-08
 Reference value :  1.62575e-08
 Reference value :  1.62664e-08
 Reference value :  1.62768e-08
 Reference value :  1.62865e-08
 Reference value :  1.62964e-08
 Reference value :  1.63035e-08
 Reference value :  1.63095e-08
 Reference value :  1.63116e-08
 Reference value :  1.63120e-08
 Reference value :  1.63146e-08
 Reference value :  1.63205e-08
 Reference value :  1.63249e-08
 Reference value :  1.63299e-08
 Reference value :  1.63393e-08
 Reference value :  1.63460e-08
 Reference value :  1.63559e-08
 Reference value :  1.63616e-08
 Reference value :  1.63624e-08
 Reference value :  1.63673e-08
 Reference value :  1.63756e-08
 Reference value :  1.63860e-08
 Reference value :  1.63999e-08
 Reference value :  1.64123e-08
 Reference value :  1.64281e-08
 Reference value :  1.64470e-08
 Reference value :  1.64845e-08
 Reference value :  1.65172e-08
 Reference value :  1.65512e-08
 Reference value :  1.65660e-08
 Reference value :  1.65669e-08
 Reference value :  1.65711e-08
 Reference value :  1.66224e-08
 Reference value :  1.66824e-08
 Reference value :  1.67424e-08
 Reference value :  1.68224e-08
 Reference value :  1.69024e-08
 Reference value :  1.69624e-08
 Reference value :  1.70224e-08
 Reference value :  1.70934e-08
 Reference value :  1.71050e-08
 Reference value :  1.71059e-08
 Reference value :  1.71143e-08
 Reference value :  1.71811e-08
 Reference value :  1.72411e-08
 Reference value :  1.73211e-08
 Reference value :  1.73811e-08
 Reference value :  1.74411e-08
 Reference value :  1.75084e-08
 Reference value :  1.75084e-08
 Reference value :  1.75086e-08
 Reference value :  1.75102e-08
 Reference value :  1.75145e-08
 Reference value :  1.75189e-08
 Reference value :  1.75272e-08
 Reference value :  1.75324e-08
 Reference value :  1.75391e-08
 Reference value :  1.75497e-08
 Reference value :  1.75611e-08
 Reference value :  1.75683e-08
 Reference value :  1.75798e-08
 Reference value :  1.75868e-08
 Reference value :  1.75931e-08
 Reference value :  1.75991e-08
 Reference value :  1.76077e-08
 Reference value :  1.76139e-08
 Reference value :  1.76206e-08
 Reference value :  1.76239e-08
 Reference value :  1.76270e-08
 Reference value :  1.76335e-08
 Reference value :  1.76399e-08
 Reference value :  1.76504e-08
 Reference value :  1.76584e-08
 Reference value :  1.76585e-08
 Reference value :  1.76592e-08
 Reference value :  1.76633e-08
 Reference value :  1.76672e-08
 Reference value :  1.76716e-08
 Reference value :  1.76796e-08
 Reference value :  1.76894e-08
 Reference value :  1.76960e-08
 Reference value :  1.77056e-08
 Reference value :  1.77084e-08
 Reference value :  1.77094e-08
 Reference value :  1.77162e-08
 Reference value :  1.77297e-08
 Reference value :  1.77469e-08
 Reference value :  1.77677e-08
 Reference value :  1.77835e-08
 Reference value :  1.78126e-08
 Reference value :  1.78567e-08
 Reference value :  1.78941e-08
 Reference value :  1.79128e-08
 Reference value :  1.79135e-08
 Reference value :  1.79145e-08
 Reference value :  1.79313e-08
 Reference value :  1.79692e-08
 Reference value :  1.80092e-08
 Reference value :  1.80692e-08
 Reference value :  1.81292e-08
 Reference value :  1.82092e-08
 Reference value :  1.82892e-08
 Reference value :  1.83492e-08
 Reference value :  1.84292e-08
 Reference value :  1.84515e-08
 Reference value :  1.84524e-08
 Reference value :  1.84566e-08
 Reference value :  1.85079e-08
 Reference value :  1.85679e-08
 Reference value :  1.86279e-08
 Reference value :  1.86879e-08
 Reference value :  1.87679e-08
 Reference value :  1.88279e-08
 Reference value :  1.88552e-08
 Reference value :  1.88554e-08
 Reference value :  1.88561e-08
 Reference value :  1.88608e-08
 Reference value :  1.88679e-08
 Reference value :  1.88770e-08
 Reference value :  1.88886e-08
 Reference value :  1.88957e-08
 Reference value :  1.89070e-08
 Reference value :  1.89143e-08
 Reference value :  1.89218e-08
 Reference value :  1.89328e-08
 Reference value :  1.89390e-08
 Reference value :  1.89457e-08
 Reference value :  1.89511e-08
 Reference value :  1.89600e-08
 Reference value :  1.89667e-08
 Reference value :  1.89770e-08
 Reference value :  1.89834e-08
 Reference value :  1.89935e-08
 Reference value :  1.90011e-08
 Reference value :  1.90052e-08
 Reference value :  1.90052e-08
 Reference value :  1.90054e-08
 Reference value :  1.90067e-08
 Reference value :  1.90101e-08
 Reference value :  1.90141e-08
 Reference value :  1.90209e-08
 Reference value :  1.90294e-08
 Reference value :  1.90362e-08
 Reference value :  1.90462e-08
 Reference value :  1.90552e-08
 Reference value :  1.90553e-08
 Reference value :  1.90560e-08
 Reference value :  1.90609e-08
 Reference value :  1.90692e-08
 Reference value :  1.90758e-08
 Reference value :  1.90837e-08
 Reference value :  1.90993e-08
 Reference value :  1.91136e-08
 Reference value :  1.91406e-08
 Reference value :  1.91642e-08
 Reference value :  1.91934e-08
 Reference value :  1.92448e-08
 Reference value :  1.92599e-08
 Reference value :  1.92605e-08
 Reference value :  1.92647e-08
 Reference value :  1.93160e-08
 Reference value :  1.93760e-08
 Reference value :  1.94360e-08
 Reference value :  1.94960e-08
 Reference value :  1.95560e-08
 Reference value :  1.96160e-08
 Reference value :  1.96760e-08
 Reference value :  1.97360e-08
 Reference value :  1.97980e-08
 Reference value :  1.97990e-08
 Reference value :  1.97995e-08
 Reference value :  1.98034e-08
 Reference value :  1.98347e-08
 Reference value :  1.99147e-08
 Reference value :  1.99947e-08
 Reference value :  2.00547e-08
 Reference value :  2.01147e-08
 Reference value :  2.01747e-08
 Reference value :  2.02020e-08
 Reference value :  2.02022e-08
 Reference value :  2.02038e-08
 Reference value :  2.02081e-08
 Reference value :  2.02125e-08
 Reference value :  2.02208e-08
 Reference value :  2.02233e-08
 Reference value :  2.02291e-08
 Reference value :  2.02398e-08
 Reference value :  2.02469e-08
 Reference value :  2.02547e-08
 Reference value :  2.02619e-08
 Reference value :  2.02770e-08
 Reference value :  2.02867e-08
 Reference value :  2.02927e-08
 Reference value :  2.03013e-08
 Reference value :  2.03107e-08
 Reference value :  2.03175e-08
 Reference value :  2.03206e-08
 Reference value :  2.03303e-08
 Reference value :  2.03404e-08
 Reference value :  2.03498e-08
 Reference value :  2.03520e-08
 Reference value :  2.03522e-08
 Reference value :  2.03535e-08
 Reference value :  2.03569e-08
 Reference value :  2.03608e-08
 Reference value :  2.03652e-08
 Reference value :  2.03732e-08
 Reference value :  2.03830e-08
 Reference value :  2.03896e-08
 Reference value :  2.03964e-08
 Reference value :  2.04020e-08
 Reference value :  2.04021e-08
 Reference value :  2.04030e-08
 Reference value :  2.04098e-08
 Reference value :  2.04233e-08
 Reference value :  2.04405e-08
 Reference value :  2.04613e-08
 Reference value :  2.04771e-08
 Reference value :  2.04954e-08
 Reference value :  2.05186e-08
 Reference value :  2.05694e-08
 Reference value :  2.06061e-08
 Reference value :  2.06067e-08
 Reference value :  2.06073e-08
 Reference value :  2.06092e-08
 Reference value :  2.06428e-08
 Reference value :  2.06828e-08
 Reference value :  2.07428e-08
 Reference value :  2.08228e-08
 Reference value :  2.09028e-08
 Reference value :  2.09828e-08
 Reference value :  2.10428e-08
 Reference value :  2.11228e-08
 Reference value :  2.11451e-08
 Reference value :  2.11459e-08
 Reference value :  2.11480e-08
 Reference value :  2.11636e-08
 Reference value :  2.12216e-08
 Reference value :  2.12796e-08
 Reference value :  2.12805e-08
 Reference value :  2.12815e-08
 Reference value :  2.12894e-08
 Reference value :  2.13562e-08
 Reference value :  2.14162e-08
 Reference value :  2.14762e-08
 Reference value :  2.15325e-08
 Reference value :  2.15488e-08
 Reference value :  2.15493e-08
 Reference value :  2.15509e-08
 Reference value :  2.15528e-08
 Reference value :  2.15594e-08
 Reference value :  2.15647e-08
 Reference value :  2.15713e-08
 Reference value :  2.15829e-08
 Reference value :  2.15899e-08
 Reference value :  2.16018e-08
 Reference value :  2.16132e-08
 Reference value :  2.16242e-08
 Reference value :  2.16338e-08
 Reference value :  2.16398e-08
 Reference value :  2.16424e-08
 Reference value :  2.16511e-08
 Reference value :  2.16610e-08
 Reference value :  2.16673e-08
 Reference value :  2.16771e-08
 Reference value :  2.16837e-08
 Reference value :  2.16948e-08
 Reference value :  2.16988e-08
 Reference value :  2.16992e-08
 Reference value :  2.17018e-08
 Reference value :  2.17057e-08
 Reference value :  2.17098e-08
 Reference value :  2.17145e-08
 Reference value :  2.17200e-08
 Reference value :  2.17265e-08
 Reference value :  2.17364e-08
 Reference value :  2.17460e-08
 Reference value :  2.17488e-08
 Reference value :  2.17492e-08
 Reference value :  2.17521e-08
 Reference value :  2.17571e-08
 Reference value :  2.17659e-08
 Reference value :  2.17773e-08
 Reference value :  2.17929e-08
 Reference value :  2.18072e-08
 Reference value :  2.18243e-08
 Reference value :  2.18578e-08
 Reference value :  2.18870e-08
 Reference value :  2.19239e-08
 Reference value :  2.19839e-08
 Reference value :  2.20639e-08
 Reference value :  2.21439e-08
 Reference value :  2.22239e-08
 Reference value :  2.23239e-08
 Reference value :  2.24039e-08
 Reference value :  2.24639e-08
 Reference value :  2.25239e-08
 Reference value :  2.25839e-08
 Reference value :  2.26439e-08
 Reference value :  2.27039e-08
 Reference value :  2.28039e-08
 Reference value :  2.28797e-08
 Reference value :  2.28956e-08
 Reference value :  2.28959e-08
 Reference value :  2.28977e-08
 Reference value :  2.28989e-08
 Reference value :  2.29022e-08
 Reference value :  2.29069e-08
 Reference value :  2.29124e-08
 Reference value :  2.29178e-08
 Reference value :  2.29241e-08
 Reference value :  2.29311e-08
 Reference value :  2.29345e-08
 Reference value :  2.29416e-08
 Reference value :  2.29501e-08
 Reference value :  2.29575e-08
 Reference value :  2.29650e-08
 Reference value :  2.29756e-08
 Reference value :  2.29816e-08
 Reference value :  2.29875e-08
 Reference value :  2.29931e-08
 Reference value :  2.29990e-08
 Reference value :  2.30055e-08
 Reference value :  2.30125e-08
 Reference value :  2.30191e-08
 Reference value :  2.30287e-08
 Reference value :  2.30394e-08
 Reference value :  2.30456e-08
 Reference value :  2.30459e-08
 Reference value :  2.30477e-08
 Reference value :  2.30513e-08
 Reference value :  2.30576e-08
 Reference value :  2.30651e-08
 Reference value :  2.30745e-08
 Reference value :  2.30845e-08
 Reference value :  2.30934e-08
 Reference value :  2.30956e-08
 Reference value :  2.30960e-08
 Reference value :  2.30986e-08
 Reference value :  2.31056e-08
 Reference value :  2.31198e-08
 Reference value :  2.31375e-08
 Reference value :  2.31514e-08
 Reference value :  2.31753e-08
 Reference value :  2.32062e-08
 Reference value :  2.32360e-08
 Reference value :  2.32735e-08
 Reference value :  2.33335e-08
 Reference value :  2.33935e-08
 Reference value :  2.34735e-08
 Reference value :  2.35535e-08
 Reference value :  2.36135e-08
 Reference value :  2.36935e-08
 Reference value :  2.37735e-08
 Reference value :  2.38335e-08
 Reference value :  2.39135e-08
 Reference value :  2.39935e-08
 Reference value :  2.40735e-08
 Reference value :  2.41535e-08
 Reference value :  2.42424e-08
 Reference value :  2.42425e-08
 Reference value :  2.42429e-08
 Reference value :  2.42443e-08
 Reference value :  2.42482e-08
 Reference value :  2.42527e-08
 Reference value :  2.42580e-08
 Reference value :  2.42645e-08
 Reference value :  2.42725e-08
 Reference value :  2.42761e-08
 Reference value :  2.42832e-08
 Reference value :  2.42946e-08
 Reference value :  2.43019e-08
 Reference value :  2.43094e-08
 Reference value :  2.43203e-08
 Reference value :  2.43297e-08
 Reference value :  2.43354e-08
 Reference value :  2.43409e-08
 Reference value :  2.43501e-08
 Reference value :  2.43606e-08
 Reference value :  2.43703e-08
 Reference value :  2.43803e-08
 Reference value :  2.43878e-08
 Reference value :  2.43924e-08
 Reference value :  2.43926e-08
 Reference value :  2.43939e-08
 Reference value :  2.43993e-08
 Reference value :  2.44034e-08
 Reference value :  2.44107e-08
 Reference value :  2.44201e-08
 Reference value :  2.44268e-08
 Reference value :  2.44367e-08
 Reference value :  2.44425e-08
 Reference value :  2.44428e-08
 Reference value :  2.44441e-08
 Reference value :  2.44481e-08
 Reference value :  2.44535e-08
 Reference value :  2.44596e-08
 Reference value :  2.44709e-08
 Reference value :  2.44865e-08
 Reference value :  2.45089e-08
 Reference value :  2.45390e-08
 Reference value :  2.45807e-08
 Reference value :  2.46175e-08
 Reference value :  2.46775e-08
 Reference value :  2.47375e-08
 Reference value :  2.47975e-08
 Reference value :  2.48775e-08
 Reference value :  2.49575e-08
 Reference value :  2.50175e-08
 Reference value :  2.50775e-08
 Reference value :  2.51375e-08
 Reference value :  2.51975e-08
 Reference value :  2.52775e-08
 Reference value :  2.53375e-08
 Reference value :  2.54175e-08
 Reference value :  2.54775e-08
 Reference value :  2.55375e-08
 Reference value :  2.55892e-08
 Reference value :  2.55895e-08
 Reference value :  2.55913e-08
 Reference value :  2.55925e-08
 Reference value :  2.55958e-08
 Reference value :  2.56005e-08
 Reference value :  2.56060e-08
 Reference value :  2.56114e-08
 Reference value :  2.56177e-08
 Reference value :  2.56247e-08
 Reference value :  2.56280e-08
 Reference value :  2.56396e-08
 Reference value :  2.56472e-08
 Reference value :  2.56586e-08
 Reference value :  2.56692e-08
 Reference value :  2.56752e-08
 Reference value :  2.56838e-08
 Reference value :  2.56894e-08
 Reference value :  2.56991e-08
 Reference value :  2.57061e-08
 Reference value :  2.57158e-08
 Reference value :  2.57223e-08
 Reference value :  2.57293e-08
 Reference value :  2.57361e-08
 Reference value :  2.57392e-08
 Reference value :  2.57397e-08
 Reference value :  2.57430e-08
 Reference value :  2.57489e-08
 Reference value :  2.57560e-08
 Reference value :  2.57649e-08
 Reference value :  2.57715e-08
 Reference value :  2.57813e-08
 Reference value :  2.57892e-08
 Reference value :  2.57892e-08
 Reference value :  2.57899e-08
 Reference value :  2.57951e-08
 Reference value :  2.57992e-08
 Reference value :  2.58134e-08
 Reference value :  2.58311e-08
 Reference value :  2.58450e-08
 Reference value :  2.58689e-08
 Reference value :  2.59136e-08
 Reference value :  2.59671e-08
 Reference value :  2.60271e-08
 Reference value :  2.60871e-08
 Reference value :  2.61671e-08
 Reference value :  2.62471e-08
 Reference value :  2.63271e-08
 Reference value :  2.64071e-08
 Reference value :  2.64871e-08
 Reference value :  2.65471e-08
 Reference value :  2.66271e-08
 Reference value :  2.66871e-08
 Reference value :  2.67471e-08
 Reference value :  2.68071e-08
 Reference value :  2.68671e-08
 Reference value :  2.69360e-08
 Reference value :  2.69360e-08
 Reference value :  2.69360e-08
 Reference value :  2.69360e-08
 Reference value :  2.69360e-08
 Reference value :  2.69360e-08
 Reference value :  2.69360e-08
 Reference value :  2.69360e-08
 Reference value :  2.69360e-08
 Reference value :  2.69360e-08
 Reference value :  2.69360e-08
 Reference value :  2.69360e-08
 Reference value :  2.69360e-08
 Reference value :  2.69360e-08
 Reference value :  2.69360e-08
 Reference value :  2.69361e-08
 Reference value :  2.69365e-08
 Reference value :  2.69370e-08
 Reference value :  2.69377e-08
 Reference value :  2.69389e-08
 Reference value :  2.69413e-08
 Reference value :  2.69444e-08
 Reference value :  2.69474e-08
 Reference value :  2.69505e-08
 Reference value :  2.69542e-08
 Reference value :  2.69594e-08
 Reference value :  2.69637e-08
 Reference value :  2.69706e-08
 Reference value :  2.69784e-08
 Reference value :  2.69874e-08
 Reference value :  2.69943e-08
 Reference value :  2.70057e-08
 Reference value :  2.70128e-08
 Reference value :  2.70222e-08
 Reference value :  2.70248e-08
 Reference value :  2.70291e-08
 Reference value :  2.70338e-08
 Reference value :  2.70423e-08
 Reference value :  2.70525e-08
 Reference value :  2.70623e-08
 Reference value :  2.70720e-08
 Reference value :  2.70822e-08
 Reference value :  2.70860e-08
 Reference value :  2.70862e-08
 Reference value :  2.70875e-08
 Reference value :  2.70909e-08
 Reference value :  2.70970e-08
 Reference value :  2.71042e-08
 Reference value :  2.71124e-08
 Reference value :  2.71179e-08
 Reference value :  2.71241e-08
 Reference value :  2.71295e-08
 Reference value :  2.71360e-08
 Reference value :  2.71361e-08
 Reference value :  2.71373e-08
 Reference value :  2.71435e-08
 Reference value :  2.71522e-08
 Reference value :  2.71632e-08
 Reference value :  2.71727e-08
 Reference value :  2.71920e-08
 Reference value :  2.72225e-08
 Reference value :  2.72770e-08
 Reference value :  2.73370e-08
 Reference value :  2.73970e-08
 Reference value :  2.74770e-08
 Reference value :  2.75570e-08
 Reference value :  2.76370e-08
 Reference value :  2.77170e-08
 Reference value :  2.77970e-08
 Reference value :  2.78770e-08
 Reference value :  2.79370e-08
 Reference value :  2.80170e-08
 Reference value :  2.80770e-08
 Reference value :  2.81570e-08
 Reference value :  2.82170e-08
 Reference value :  2.82699e-08
 Reference value :  2.82828e-08
 Reference value :  2.82830e-08
 Reference value :  2.82846e-08
 Reference value :  2.82867e-08
 Reference value :  2.82908e-08
 Reference value :  2.82957e-08
 Reference value :  2.83041e-08
 Reference value :  2.83090e-08
 Reference value :  2.83139e-08
 Reference value :  2.83194e-08
 Reference value :  2.83265e-08
 Reference value :  2.83343e-08
 Reference value :  2.83379e-08
 Reference value :  2.83414e-08
 Reference value :  2.83488e-08
 Reference value :  2.83567e-08
 Reference value :  2.83602e-08
 Reference value :  2.83633e-08
 Reference value :  2.83688e-08
 Reference value :  2.83778e-08
 Reference value :  2.83844e-08
 Reference value :  2.83913e-08
 Reference value :  2.84026e-08
 Reference value :  2.84133e-08
 Reference value :  2.84238e-08
 Reference value :  2.84301e-08
 Reference value :  2.84328e-08
 Reference value :  2.84330e-08
 Reference value :  2.84346e-08
 Reference value :  2.84381e-08
 Reference value :  2.84444e-08
 Reference value :  2.84517e-08
 Reference value :  2.84601e-08
 Reference value :  2.84655e-08
 Reference value :  2.84677e-08
 Reference value :  2.84733e-08
 Reference value :  2.84828e-08
 Reference value :  2.84829e-08
 Reference value :  2.84833e-08
 Reference value :  2.84871e-08
 Reference value :  2.84954e-08
 Reference value :  2.85107e-08
 Reference value :  2.85303e-08
 Reference value :  2.85535e-08
 Reference value :  2.85807e-08
 Reference value :  2.86233e-08
 Reference value :  2.86621e-08
 Reference value :  2.87221e-08
 Reference value :  2.87821e-08
 Reference value :  2.88421e-08
 Reference value :  2.89221e-08
 Reference value :  2.89821e-08
 Reference value :  2.90421e-08
 Reference value :  2.91021e-08
 Reference value :  2.91821e-08
 Reference value :  2.92821e-08
 Reference value :  2.93621e-08
 Reference value :  2.94421e-08
 Reference value :  2.95221e-08
 Reference value :  2.96021e-08
 Reference value :  2.96296e-08
 Reference value :  2.96297e-08
 Reference value :  2.96305e-08
 Reference value :  2.96328e-08
 Reference value :  2.96385e-08
 Reference value :  2.96464e-08
 Reference value :  2.96531e-08
 Reference value :  2.96555e-08
 Reference value :  2.96608e-08
 Reference value :  2.96666e-08
 Reference value :  2.96777e-08
 Reference value :  2.96853e-08
 Reference value :  2.96926e-08
 Reference value :  2.97003e-08
 Reference value :  2.97072e-08
 Reference value :  2.97136e-08
 Reference value :  2.97195e-08
 Reference value :  2.97280e-08
 Reference value :  2.97341e-08
 Reference value :  2.97408e-08
 Reference value :  2.97480e-08
 Reference value :  2.97549e-08
 Reference value :  2.97649e-08
 Reference value :  2.97720e-08
 Reference value :  2.97796e-08
 Reference value :  2.97796e-08
 Reference value :  2.97798e-08
 Reference value :  2.97811e-08
 Reference value :  2.97865e-08
 Reference value :  2.97928e-08
 Reference value :  2.97978e-08
 Reference value :  2.98033e-08
 Reference value :  2.98092e-08
 Reference value :  2.98136e-08
 Reference value :  2.98226e-08
 Reference value :  2.98296e-08
 Reference value :  2.98297e-08
 Reference value :  2.98307e-08
 Reference value :  2.98340e-08
 Reference value :  2.98392e-08
 Reference value :  2.98451e-08
 Reference value :  2.98558e-08
 Reference value :  2.98651e-08
 Reference value :  2.98838e-08
 Reference value :  2.99016e-08
 Reference value :  2.99275e-08
 Reference value :  2.99858e-08
 Reference value :  3.00458e-08
 Reference value :  3.01258e-08
 Reference value :  3.01858e-08
 Reference value :  3.02658e-08
 Reference value :  3.03258e-08
 Reference value :  3.04258e-08
 Reference value :  3.05058e-08
 Reference value :  3.05658e-08
 Reference value :  3.06258e-08
 Reference value :  3.06858e-08
 Reference value :  3.07658e-08
 Reference value :  3.08258e-08
 Reference value :  3.09058e-08
 Reference value :  3.09611e-08
 Reference value :  3.09764e-08
 Reference value :  3.09767e-08
 Reference value :  3.09785e-08
 Reference value :  3.09797e-08
 Reference value :  3.09852e-08
 Reference value :  3.09930e-08
 Reference value :  3.09986e-08
 Reference value :  3.10044e-08
 Reference value :  3.10143e-08
 Reference value :  3.10214e-08
 Reference value :  3.10293e-08
 Reference value :  3.10329e-08
 Reference value :  3.10402e-08
 Reference value :  3.10478e-08
 Reference value :  3.10554e-08
 Reference value :  3.10584e-08
 Reference value :  3.10611e-08
 Reference value :  3.10639e-08
 Reference value :  3.10729e-08
 Reference value :  3.10830e-08
 Reference value :  3.10943e-08
 Reference value :  3.11051e-08
 Reference value :  3.11155e-08
 Reference value :  3.11264e-08
 Reference value :  3.11265e-08
 Reference value :  3.11267e-08
 Reference value :  3.11277e-08
 Reference value :  3.11308e-08
 Reference value :  3.11368e-08
 Reference value :  3.11440e-08
 Reference value :  3.11494e-08
 Reference value :  3.11575e-08
 Reference value :  3.11623e-08
 Reference value :  3.11722e-08
 Reference value :  3.11765e-08
 Reference value :  3.11771e-08
 Reference value :  3.11823e-08
 Reference value :  3.11864e-08
 Reference value :  3.11955e-08
 Reference value :  3.12063e-08
 Reference value :  3.12196e-08
 Reference value :  3.12418e-08
 Reference value :  3.12678e-08
 Reference value :  3.13052e-08
 Reference value :  3.13630e-08
 Reference value :  3.14230e-08
 Reference value :  3.14830e-08
 Reference value :  3.15430e-08
 Reference value :  3.16230e-08
 Reference value :  3.16830e-08
 Reference value :  3.17430e-08
 Reference value :  3.18230e-08
 Reference value :  3.19030e-08
 Reference value :  3.19630e-08
 Reference value :  3.20230e-08
 Reference value :  3.21030e-08
 Reference value :  3.21630e-08
 Reference value :  3.22430e-08
 Reference value :  3.23131e-08
 Reference value :  3.23232e-08
 Reference value :  3.23234e-08
 Reference value :  3.23246e-08
 Reference value :  3.23275e-08
 Reference value :  3.23295e-08
 Reference value :  3.23340e-08
 Reference value :  3.23424e-08
 Reference value :  3.23486e-08
 Reference value :  3.23581e-08
 Reference value :  3.23652e-08
 Reference value :  3.23730e-08
 Reference value :  3.23811e-08
 Reference value :  3.23925e-08
 Reference value :  3.23996e-08
 Reference value :  3.24091e-08
 Reference value :  3.24149e-08
 Reference value :  3.24235e-08
 Reference value :  3.24298e-08
 Reference value :  3.24367e-08
 Reference value :  3.24437e-08
 Reference value :  3.24540e-08
 Reference value :  3.24644e-08
 Reference value :  3.24732e-08
 Reference value :  3.24733e-08
 Reference value :  3.24736e-08
 Reference value :  3.24765e-08
 Reference value :  3.24803e-08
 Reference value :  3.24867e-08
 Reference value :  3.24946e-08
 Reference value :  3.25002e-08
 Reference value :  3.25053e-08
 Reference value :  3.25096e-08
 Reference value :  3.25126e-08
 Reference value :  3.25195e-08
 Reference value :  3.25233e-08
 Reference value :  3.25243e-08
 Reference value :  3.25277e-08
 Reference value :  3.25330e-08
 Reference value :  3.25388e-08
 Reference value :  3.25457e-08
 Reference value :  3.25589e-08
 Reference value :  3.25778e-08
 Reference value :  3.25958e-08
 Reference value :  3.26220e-08
 Reference value :  3.26805e-08
 Reference value :  3.27605e-08
 Reference value :  3.28205e-08
 Reference value :  3.28805e-08
 Reference value :  3.29405e-08
 Reference value :  3.30005e-08
 Reference value :  3.30805e-08
 Reference value :  3.31605e-08
 Reference value :  3.32405e-08
 Reference value :  3.33005e-08
 Reference value :  3.33605e-08
 Reference value :  3.34405e-08
 Reference value :  3.35205e-08
 Reference value :  3.36005e-08
 Reference value :  3.36700e-08
 Reference value :  3.36700e-08
 Reference value :  3.36703e-08
 Reference value :  3.36710e-08
 Reference value :  3.36732e-08
 Reference value :  3.36763e-08
 Reference value :  3.36836e-08
 Reference value :  3.36895e-08
 Reference value :  3.36949e-08
 Reference value :  3.37043e-08
 Reference value :  3.37149e-08
 Reference value :  3.37228e-08
 Reference value :  3.37264e-08
 Reference value :  3.37336e-08
 Reference value :  3.37454e-08
 Reference value :  3.37489e-08
 Reference value :  3.37519e-08
 Reference value :  3.37546e-08
 Reference value :  3.37573e-08
 Reference value :  3.37663e-08
 Reference value :  3.37730e-08
 Reference value :  3.37800e-08
 Reference value :  3.37914e-08
 Reference value :  3.37985e-08
 Reference value :  3.38090e-08
 Reference value :  3.38181e-08
 Reference value :  3.38200e-08
 Reference value :  3.38204e-08
 Reference value :  3.38230e-08
 Reference value :  3.38288e-08
 Reference value :  3.38357e-08
 Reference value :  3.38411e-08
 Reference value :  3.38466e-08
 Reference value :  3.38517e-08
 Reference value :  3.38597e-08
 Reference value :  3.38700e-08
 Reference value :  3.38702e-08
 Reference value :  3.38725e-08
 Reference value :  3.38789e-08
 Reference value :  3.38879e-08
 Reference value :  3.39044e-08
 Reference value :  3.39259e-08
 Reference value :  3.39413e-08
 Reference value :  3.39690e-08
 Reference value :  3.39944e-08
 Reference value :  3.40513e-08
 Reference value :  3.41113e-08
 Reference value :  3.41713e-08
 Reference value :  3.42513e-08
 Reference value :  3.43513e-08
 Reference value :  3.44313e-08
 Reference value :  3.44913e-08
 Reference value :  3.45713e-08
 Reference value :  3.46513e-08
 Reference value :  3.47113e-08
 Reference value :  3.47713e-08
 Reference value :  3.48513e-08
 Reference value :  3.49313e-08
 Reference value :  3.50041e-08
 Reference value :  3.50168e-08
 Reference value :  3.50170e-08
 Reference value :  3.50177e-08
 Reference value :  3.50199e-08
 Reference value :  3.50235e-08
 Reference value :  3.50307e-08
 Reference value :  3.50367e-08
 Reference value :  3.50427e-08
 Reference value :  3.50506e-08
 Reference value :  3.50575e-08
 Reference value :  3.50688e-08
 Reference value :  3.50724e-08
 Reference value :  3.50760e-08
 Reference value :  3.50874e-08
 Reference value :  3.50975e-08
 Reference value :  3.51037e-08
 Reference value :  3.51124e-08
 Reference value :  3.51213e-08
 Reference value :  3.51317e-08
 Reference value :  3.51385e-08
 Reference value :  3.51487e-08
 Reference value :  3.51592e-08
 Reference value :  3.51668e-08
 Reference value :  3.51669e-08
 Reference value :  3.51676e-08
 Reference value :  3.51698e-08
 Reference value :  3.51756e-08
 Reference value :  3.51800e-08
 Reference value :  3.51850e-08
 Reference value :  3.51905e-08
 Reference value :  3.51964e-08
 Reference value :  3.52008e-08
 Reference value :  3.52098e-08
 Reference value :  3.52169e-08
 Reference value :  3.52179e-08
 Reference value :  3.52237e-08
 Reference value :  3.52292e-08
 Reference value :  3.52391e-08
 Reference value :  3.52474e-08
 Reference value :  3.52578e-08
 Reference value :  3.52791e-08
 Reference value :  3.53147e-08
 Reference value :  3.53730e-08
 Reference value :  3.54530e-08
 Reference value :  3.55330e-08
 Reference value :  3.56130e-08
 Reference value :  3.56930e-08
 Reference value :  3.57530e-08
 Reference value :  3.58330e-08
 Reference value :  3.58930e-08
 Reference value :  3.59730e-08
 Reference value :  3.60330e-08
 Reference value :  3.60930e-08
 Reference value :  3.61930e-08
 Reference value :  3.62730e-08
 Reference value :  3.63330e-08
 Reference value :  3.63637e-08
 Reference value :  3.63639e-08
 Reference value :  3.63647e-08
 Reference value :  3.63669e-08
 Reference value :  3.63724e-08
 Reference value :  3.63802e-08
 Reference value :  3.63858e-08
 Reference value :  3.63949e-08
 Reference value :  3.64051e-08
 Reference value :  3.64165e-08
 Reference value :  3.64236e-08
 Reference value :  3.64311e-08
 Reference value :  3.64426e-08
 Reference value :  3.64483e-08
 Reference value :  3.64540e-08
 Reference value :  3.64634e-08
 Reference value :  3.64775e-08
 Reference value :  3.64888e-08
 Reference value :  3.64992e-08
 Reference value :  3.65100e-08
 Reference value :  3.65137e-08
 Reference value :  3.65139e-08
 Reference value :  3.65163e-08
 Reference value :  3.65180e-08
 Reference value :  3.65240e-08
 Reference value :  3.65312e-08
 Reference value :  3.65366e-08
 Reference value :  3.65447e-08
 Reference value :  3.65496e-08
 Reference value :  3.65594e-08
 Reference value :  3.65637e-08
 Reference value :  3.65644e-08
 Reference value :  3.65695e-08
 Reference value :  3.65780e-08
 Reference value :  3.65935e-08
 Reference value :  3.66140e-08
 Reference value :  3.66290e-08
 Reference value :  3.66550e-08
 Reference value :  3.66924e-08
 Reference value :  3.67302e-08
 Reference value :  3.67702e-08
 Reference value :  3.68302e-08
 Reference value :  3.68702e-08
 Reference value :  3.69302e-08
 Reference value :  3.70102e-08
 Reference value :  3.70902e-08
 Reference value :  3.71702e-08
 Reference value :  3.72502e-08
 Reference value :  3.73302e-08
 Reference value :  3.73902e-08
 Reference value :  3.74702e-08
 Reference value :  3.75302e-08
 Reference value :  3.75902e-08
 Reference value :  3.76502e-08
 Reference value :  3.77003e-08
 Reference value :  3.77104e-08
 Reference value :  3.77108e-08
 Reference value :  3.77118e-08
 Reference value :  3.77153e-08
 Reference value :  3.77234e-08
 Reference value :  3.77277e-08
 Reference value :  3.77348e-08
 Reference value :  3.77378e-08
 Reference value :  3.77442e-08
 Reference value :  3.77514e-08
 Reference value :  3.77588e-08
 Reference value :  3.77627e-08
 Reference value :  3.77699e-08
 Reference value :  3.77812e-08
 Reference value :  3.77882e-08
 Reference value :  3.77945e-08
 Reference value :  3.78035e-08
 Reference value :  3.78091e-08
 Reference value :  3.78185e-08
 Reference value :  3.78292e-08
 Reference value :  3.78361e-08
 Reference value :  3.78460e-08
 Reference value :  3.78565e-08
 Reference value :  3.78605e-08
 Reference value :  3.78608e-08
 Reference value :  3.78636e-08
 Reference value :  3.78675e-08
 Reference value :  3.78738e-08
 Reference value :  3.78789e-08
 Reference value :  3.78849e-08
 Reference value :  3.78953e-08
 Reference value :  3.79053e-08
 Reference value :  3.79105e-08
 Reference value :  3.79111e-08
 Reference value :  3.79156e-08
 Reference value :  3.79238e-08
 Reference value :  3.79340e-08
 Reference value :  3.79476e-08
 Reference value :  3.79671e-08
 Reference value :  3.79912e-08
 Reference value :  3.80226e-08
 Reference value :  3.80545e-08
 Reference value :  3.80922e-08
 Reference value :  3.81322e-08
 Reference value :  3.81922e-08
 Reference value :  3.82522e-08
 Reference value :  3.83122e-08
 Reference value :  3.83922e-08
 Reference value :  3.84722e-08
 Reference value :  3.85322e-08
 Reference value :  3.86122e-08
 Reference value :  3.86922e-08
 Reference value :  3.87722e-08
 Reference value :  3.88322e-08
 Reference value :  3.88922e-08
 Reference value :  3.89522e-08
 Reference value :  3.90322e-08
 Reference value :  3.90573e-08
 Reference value :  3.90574e-08
 Reference value :  3.90581e-08
 Reference value :  3.90598e-08
 Reference value :  3.90650e-08
 Reference value :  3.90698e-08
 Reference value :  3.90750e-08
 Reference value :  3.90829e-08
 Reference value :  3.90896e-08
 Reference value :  3.91003e-08
 Reference value :  3.91080e-08
 Reference value :  3.91153e-08
 Reference value :  3.91227e-08
 Reference value :  3.91305e-08
 Reference value :  3.91372e-08
 Reference value :  3.91432e-08
 Reference value :  3.91492e-08
 Reference value :  3.91548e-08
 Reference value :  3.91607e-08
 Reference value :  3.91707e-08
 Reference value :  3.91808e-08
 Reference value :  3.91872e-08
 Reference value :  3.91975e-08
 Reference value :  3.92042e-08
 Reference value :  3.92073e-08
 Reference value :  3.92075e-08
 Reference value :  3.92093e-08
 Reference value :  3.92128e-08
 Reference value :  3.92169e-08
 Reference value :  3.92214e-08
 Reference value :  3.92296e-08
 Reference value :  3.92359e-08
 Reference value :  3.92460e-08
 Reference value :  3.92527e-08
 Reference value :  3.92573e-08
 Reference value :  3.92580e-08
 Reference value :  3.92631e-08
 Reference value :  3.92672e-08
 Reference value :  3.92764e-08
 Reference value :  3.92928e-08
 Reference value :  3.93131e-08
 Reference value :  3.93285e-08
 Reference value :  3.93563e-08
 Reference value :  3.93817e-08
 Reference value :  3.94351e-08
 Reference value :  3.94751e-08
 Reference value :  3.95151e-08
 Reference value :  3.95551e-08
 Reference value :  3.96351e-08
 Reference value :  3.97151e-08
 Reference value :  3.97951e-08
 Reference value :  3.98751e-08
 Reference value :  3.99551e-08
 Reference value :  4.00151e-08
 Reference value :  4.00751e-08
 Reference value :  4.01551e-08
 Reference value :  4.02351e-08
 Reference value :  4.02951e-08
 Reference value :  4.03751e-08
 Reference value :  4.04041e-08
 Reference value :  4.04041e-08
 Reference value :  4.04045e-08
 Reference value :  4.04059e-08
 Reference value :  4.04121e-08
 Reference value :  4.04170e-08
 Reference value :  4.04261e-08
 Reference value :  4.04377e-08
 Reference value :  4.04448e-08
 Reference value :  4.04562e-08
 Reference value :  4.04635e-08
 Reference value :  4.04749e-08
 Reference value :  4.04850e-08
 Reference value :  4.04913e-08
 Reference value :  4.04970e-08
 Reference value :  4.05025e-08
 Reference value :  4.05117e-08
 Reference value :  4.05188e-08
 Reference value :  4.05255e-08
 Reference value :  4.05351e-08
 Reference value :  4.05419e-08
 Reference value :  4.05517e-08
 Reference value :  4.05541e-08
 Reference value :  4.05542e-08
 Reference value :  4.05555e-08
 Reference value :  4.05609e-08
 Reference value :  4.05673e-08
 Reference value :  4.05752e-08
 Reference value :  4.05850e-08
 Reference value :  4.05950e-08
 Reference value :  4.06012e-08
 Reference value :  4.06041e-08
 Reference value :  4.06044e-08
 Reference value :  4.06073e-08
 Reference value :  4.06124e-08
 Reference value :  4.06212e-08
 Reference value :  4.06326e-08
 Reference value :  4.06481e-08
 Reference value :  4.06705e-08
 Reference value :  4.07007e-08
 Reference value :  4.07423e-08
 Reference value :  4.07991e-08
 Reference value :  4.08591e-08
 Reference value :  4.09191e-08
 Reference value :  4.09991e-08
 Reference value :  4.10791e-08
 Reference value :  4.11591e-08
 Reference value :  4.12191e-08
 Reference value :  4.12991e-08
 Reference value :  4.13791e-08
 Reference value :  4.14591e-08
 Reference value :  4.15391e-08
 Reference value :  4.16191e-08
 Reference value :  4.16991e-08
 Reference value :  4.17509e-08
 Reference value :  4.17510e-08
 Reference value :  4.17513e-08
 Reference value :  4.17529e-08
 Reference value :  4.17541e-08
 Reference value :  4.17574e-08
 Reference value :  4.17647e-08
 Reference value :  4.17705e-08
 Reference value :  4.17760e-08
 Reference value :  4.17793e-08
 Reference value :  4.17863e-08
 Reference value :  4.17933e-08
 Reference value :  4.18053e-08
 Reference value :  4.18088e-08
 Reference value :  4.18202e-08
 Reference value :  4.18276e-08
 Reference value :  4.18368e-08
 Reference value :  4.18427e-08
 Reference value :  4.18454e-08
 Reference value :  4.18542e-08
 Reference value :  4.18607e-08
 Reference value :  4.18677e-08
 Reference value :  4.18774e-08
 Reference value :  4.18839e-08
 Reference value :  4.18909e-08
 Reference value :  4.18977e-08
 Reference value :  4.19009e-08
 Reference value :  4.19011e-08
 Reference value :  4.19029e-08
 Reference value :  4.19046e-08
 Reference value :  4.19106e-08
 Reference value :  4.19151e-08
 Reference value :  4.19233e-08
 Reference value :  4.19297e-08
 Reference value :  4.19363e-08
 Reference value :  4.19430e-08
 Reference value :  4.19487e-08
 Reference value :  4.19509e-08
 Reference value :  4.19512e-08
 Reference value :  4.19538e-08
 Reference value :  4.19608e-08
 Reference value :  4.19700e-08
 Reference value :  4.19864e-08
 Reference value :  4.20067e-08
 Reference value :  4.20305e-08
 Reference value :  4.20615e-08
 Reference value :  4.20912e-08
 Reference value :  4.21287e-08
 Reference value :  4.21687e-08
 Reference value :  4.22087e-08
 Reference value :  4.22687e-08
 Reference value :  4.23487e-08
 Reference value :  4.24287e-08
 Reference value :  4.24887e-08
 Reference value :  4.25687e-08
 Reference value :  4.26487e-08
 Reference value :  4.27287e-08
 Reference value :  4.27887e-08
 Reference value :  4.28687e-08
 Reference value :  4.29287e-08
 Reference value :  4.30087e-08
 Reference value :  4.30832e-08
 Reference value :  4.30977e-08
 Reference value :  4.30979e-08
 Reference value :  4.30995e-08
 Reference value :  4.31034e-08
 Reference value :  4.31079e-08
 Reference value :  4.31165e-08
 Reference value :  4.31277e-08
 Reference value :  4.31347e-08
 Reference value :  4.31459e-08
 Reference value :  4.31536e-08
 Reference value :  4.31608e-08
 Reference value :  4.31721e-08
 Reference value :  4.31786e-08
 Reference value :  4.31849e-08
 Reference value :  4.31906e-08
 Reference value :  4.31990e-08
 Reference value :  4.32053e-08
 Reference value :  4.32124e-08
 Reference value :  4.32223e-08
 Reference value :  4.32321e-08
 Reference value :  4.32392e-08
 Reference value :  4.32476e-08
 Reference value :  4.32477e-08
 Reference value :  4.32484e-08
 Reference value :  4.32506e-08
 Reference value :  4.32565e-08
 Reference value :  4.32609e-08
 Reference value :  4.32659e-08
 Reference value :  4.32754e-08
 Reference value :  4.32820e-08
 Reference value :  4.32919e-08
 Reference value :  4.32976e-08
 Reference value :  4.32977e-08
 Reference value :  4.32993e-08
 Reference value :  4.33033e-08
 Reference value :  4.33087e-08
 Reference value :  4.33148e-08
 Reference value :  4.33262e-08
 Reference value :  4.33359e-08
 Reference value :  4.33560e-08
 Reference value :  4.33830e-08
 Reference value :  4.34066e-08
 Reference value :  4.34533e-08
 Reference value :  4.34927e-08
 Reference value :  4.35327e-08
 Reference value :  4.35927e-08
 Reference value :  4.36527e-08
 Reference value :  4.37127e-08
 Reference value :  4.37927e-08
 Reference value :  4.38727e-08
 Reference value :  4.39527e-08
 Reference value :  4.40327e-08
 Reference value :  4.40927e-08
 Reference value :  4.41527e-08
 Reference value :  4.42127e-08
 Reference value :  4.42727e-08
 Reference value :  4.43327e-08
 Reference value :  4.43927e-08
 Reference value :  4.44444e-08
 Reference value :  4.44445e-08
 Reference value :  4.44447e-08
 Reference value :  4.44455e-08
 Reference value :  4.44477e-08
 Reference value :  4.44510e-08
 Reference value :  4.44584e-08
 Reference value :  4.44641e-08
 Reference value :  4.44697e-08
 Reference value :  4.44765e-08
 Reference value :  4.44833e-08
 Reference value :  4.44948e-08
 Reference value :  4.45025e-08
 Reference value :  4.45138e-08
 Reference value :  4.45244e-08
 Reference value :  4.45304e-08
 Reference value :  4.45390e-08
 Reference value :  4.45478e-08
 Reference value :  4.45578e-08
 Reference value :  4.45679e-08
 Reference value :  4.45743e-08
 Reference value :  4.45845e-08
 Reference value :  4.45913e-08
 Reference value :  4.45945e-08
 Reference value :  4.45950e-08
 Reference value :  4.45982e-08
 Reference value :  4.46021e-08
 Reference value :  4.46064e-08
 Reference value :  4.46139e-08
 Reference value :  4.46233e-08
 Reference value :  4.46333e-08
 Reference value :  4.46423e-08
 Reference value :  4.46445e-08
 Reference value :  4.46459e-08
 Reference value :  4.46503e-08
 Reference value :  4.46588e-08
 Reference value :  4.46741e-08
 Reference value :  4.46863e-08
 Reference value :  4.47078e-08
 Reference value :  4.47333e-08
 Reference value :  4.47688e-08
 Reference value :  4.48223e-08
 Reference value :  4.48823e-08
 Reference value :  4.49423e-08
 Reference value :  4.50223e-08
 Reference value :  4.50823e-08
 Reference value :  4.51423e-08
 Reference value :  4.52023e-08
 Reference value :  4.52823e-08
 Reference value :  4.53623e-08
 Reference value :  4.54223e-08
 Reference value :  4.54823e-08
 Reference value :  4.55423e-08
 Reference value :  4.56023e-08
 Reference value :  4.56623e-08
 Reference value :  4.57223e-08
 Reference value :  4.57768e-08
 Reference value :  4.57913e-08
 Reference value :  4.57915e-08
 Reference value :  4.57931e-08
 Reference value :  4.57994e-08
 Reference value :  4.58068e-08
 Reference value :  4.58175e-08
 Reference value :  4.58249e-08
 Reference value :  4.58283e-08
 Reference value :  4.58355e-08
 Reference value :  4.58434e-08
 Reference value :  4.58472e-08
 Reference value :  4.58507e-08
 Reference value :  4.58621e-08
 Reference value :  4.58691e-08
 Reference value :  4.58785e-08
 Reference value :  4.58842e-08
 Reference value :  4.58897e-08
 Reference value :  4.58989e-08
 Reference value :  4.59094e-08
 Reference value :  4.59191e-08
 Reference value :  4.59257e-08
 Reference value :  4.59328e-08
 Reference value :  4.59412e-08
 Reference value :  4.59413e-08
 Reference value :  4.59416e-08
 Reference value :  4.59442e-08
 Reference value :  4.59481e-08
 Reference value :  4.59545e-08
 Reference value :  4.59624e-08
 Reference value :  4.59722e-08
 Reference value :  4.59822e-08
 Reference value :  4.59912e-08
 Reference value :  4.59913e-08
 Reference value :  4.59929e-08
 Reference value :  4.59970e-08
 Reference value :  4.60052e-08
 Reference value :  4.60156e-08
 Reference value :  4.60295e-08
 Reference value :  4.60496e-08
 Reference value :  4.60879e-08
 Reference value :  4.61469e-08
 Reference value :  4.62263e-08
 Reference value :  4.63063e-08
 Reference value :  4.64063e-08
 Reference value :  4.65263e-08
 Reference value :  4.66063e-08
 Reference value :  4.66663e-08
 Reference value :  4.67663e-08
 Reference value :  4.68663e-08
 Reference value :  4.69463e-08
 Reference value :  4.70463e-08
 Reference value :  4.71222e-08
 Reference value :  4.71381e-08
 Reference value :  4.71385e-08
 Reference value :  4.71413e-08
 Reference value :  4.71446e-08
 Reference value :  4.71520e-08
 Reference value :  4.71602e-08
 Reference value :  4.71665e-08
 Reference value :  4.71769e-08
 Reference value :  4.71884e-08
 Reference value :  4.71961e-08
 Reference value :  4.72113e-08
 Reference value :  4.72211e-08
 Reference value :  4.72271e-08
 Reference value :  4.72326e-08
 Reference value :  4.72414e-08
 Reference value :  4.72514e-08
 Reference value :  4.72582e-08
 Reference value :  4.72646e-08
 Reference value :  4.72712e-08
 Reference value :  4.72818e-08
 Reference value :  4.72881e-08
 Reference value :  4.72886e-08
 Reference value :  4.72918e-08
 Reference value :  4.72978e-08
 Reference value :  4.73048e-08
 Reference value :  4.73137e-08
 Reference value :  4.73203e-08
 Reference value :  4.73302e-08
 Reference value :  4.73380e-08
 Reference value :  4.73381e-08
 Reference value :  4.73395e-08
 Reference value :  4.73480e-08
 Reference value :  4.73622e-08
 Reference value :  4.73799e-08
 Reference value :  4.74014e-08
 Reference value :  4.74269e-08
 Reference value :  4.74624e-08
 Reference value :  4.74960e-08
 Reference value :  4.75359e-08
 Reference value :  4.75959e-08
 Reference value :  4.76559e-08
 Reference value :  4.77159e-08
 Reference value :  4.77759e-08
 Reference value :  4.78559e-08
 Reference value :  4.79159e-08
 Reference value :  4.79759e-08
 Reference value :  4.80559e-08
 Reference value :  4.81359e-08
 Reference value :  4.82159e-08
 Reference value :  4.82959e-08
 Reference value :  4.83759e-08
 Reference value :  4.84704e-08
 Reference value :  4.84849e-08
 Reference value :  4.84853e-08
 Reference value :  4.84887e-08
 Reference value :  4.84952e-08
 Reference value :  4.85004e-08
 Reference value :  4.85111e-08
 Reference value :  4.85185e-08
 Reference value :  4.85256e-08
 Reference value :  4.85331e-08
 Reference value :  4.85408e-08
 Reference value :  4.85480e-08
 Reference value :  4.85593e-08
 Reference value :  4.85689e-08
 Reference value :  4.85751e-08
 Reference value :  4.85805e-08
 Reference value :  4.85894e-08
 Reference value :  4.85996e-08
 Reference value :  4.86095e-08
 Reference value :  4.86227e-08
 Reference value :  4.86348e-08
 Reference value :  4.86349e-08
 Reference value :  4.86356e-08
 Reference value :  4.86378e-08
 Reference value :  4.86437e-08
 Reference value :  4.86531e-08
 Reference value :  4.86658e-08
 Reference value :  4.86792e-08
 Reference value :  4.86849e-08
 Reference value :  4.86852e-08
 Reference value :  4.86881e-08
 Reference value :  4.86932e-08
 Reference value :  4.87020e-08
 Reference value :  4.87134e-08
 Reference value :  4.87356e-08
 Reference value :  4.87702e-08
 Reference value :  4.88077e-08
 Reference value :  4.88599e-08
 Reference value :  4.89199e-08
 Reference value :  4.89999e-08
 Reference value :  4.90799e-08
 Reference value :  4.91599e-08
 Reference value :  4.92599e-08
 Reference value :  4.93199e-08
 Reference value :  4.93999e-08
 Reference value :  4.94999e-08
 Reference value :  4.95799e-08
 Reference value :  4.96999e-08
 Reference value :  4.97999e-08
 Reference value :  4.98317e-08
 Reference value :  4.98327e-08
 Reference value :  4.98363e-08
 Reference value :  4.98430e-08
 Reference value :  4.98513e-08
 Reference value :  4.98569e-08
 Reference value :  4.98637e-08
 Reference value :  4.98705e-08
 Reference value :  4.98820e-08
 Reference value :  4.98897e-08
 Reference value :  4.98971e-08
 Reference value :  4.99084e-08
 Reference value :  4.99176e-08
 Reference value :  4.99262e-08
 Reference value :  4.99350e-08
 Reference value :  4.99450e-08
 Reference value :  4.99551e-08
 Reference value :  4.99682e-08
 Reference value :  4.99816e-08
 Reference value :  4.99818e-08
 Reference value :  4.99837e-08
 Reference value :  4.99893e-08
 Reference value :  4.99984e-08
 Reference value :  5.00073e-08
 Reference value :  5.00139e-08
 Reference value :  5.00238e-08
 Reference value :  5.00316e-08
 Reference value :  5.00317e-08
 Reference value :  5.00331e-08
 Reference value :  5.00417e-08
 Reference value :  5.00558e-08
 Reference value :  5.00735e-08
 Reference value :  5.00950e-08
 Reference value :  5.01205e-08
 Reference value :  5.01423e-08
 Reference value :  5.01720e-08
 Reference value :  5.02295e-08
 Reference value :  5.02895e-08
 Reference value :  5.03495e-08
 Reference value :  5.04495e-08
 Reference value :  5.05295e-08
 Reference value :  5.06295e-08
 Reference value :  5.07295e-08
 Reference value :  5.08295e-08
 Reference value :  5.09095e-08
 Reference value :  5.09895e-08
 Reference value :  5.10695e-08
 Reference value :  5.11295e-08
 Reference value :  5.11785e-08
 Reference value :  5.11787e-08
 Reference value :  5.11803e-08
 Reference value :  5.11866e-08
 Reference value :  5.11940e-08
 Reference value :  5.12005e-08
 Reference value :  5.12121e-08
 Reference value :  5.12155e-08
 Reference value :  5.12267e-08
 Reference value :  5.12344e-08
 Reference value :  5.12455e-08
 Reference value :  5.12563e-08
 Reference value :  5.12625e-08
 Reference value :  5.12687e-08
 Reference value :  5.12714e-08
 Reference value :  5.12769e-08
 Reference value :  5.12862e-08
 Reference value :  5.12999e-08
 Reference value :  5.13095e-08
 Reference value :  5.13239e-08
 Reference value :  5.13285e-08
 Reference value :  5.13286e-08
 Reference value :  5.13314e-08
 Reference value :  5.13394e-08
 Reference value :  5.13467e-08
 Reference value :  5.13526e-08
 Reference value :  5.13628e-08
 Reference value :  5.13756e-08
 Reference value :  5.13785e-08
 Reference value :  5.13793e-08
 Reference value :  5.13817e-08
 Reference value :  5.13868e-08
 Reference value :  5.13990e-08
 Reference value :  5.14167e-08
 Reference value :  5.14368e-08
 Reference value :  5.14638e-08
 Reference value :  5.15013e-08
 Reference value :  5.15535e-08
 Reference value :  5.16135e-08
 Reference value :  5.16735e-08
 Reference value :  5.17935e-08
 Reference value :  5.18735e-08
 Reference value :  5.19535e-08
 Reference value :  5.20335e-08
 Reference value :  5.21135e-08
 Reference value :  5.21735e-08
 Reference value :  5.22535e-08
 Reference value :  5.23335e-08
 Reference value :  5.24135e-08
 Reference value :  5.25094e-08
 Reference value :  5.25253e-08
 Reference value :  5.25255e-08
 Reference value :  5.25273e-08
 Reference value :  5.25299e-08
 Reference value :  5.25366e-08
 Reference value :  5.25449e-08
 Reference value :  5.25474e-08
 Reference value :  5.25538e-08
 Reference value :  5.25607e-08
 Reference value :  5.25641e-08
 Reference value :  5.25712e-08
 Reference value :  5.25797e-08
 Reference value :  5.25871e-08
 Reference value :  5.25946e-08
 Reference value :  5.26020e-08
 Reference value :  5.26112e-08
 Reference value :  5.26198e-08
 Reference value :  5.26286e-08
 Reference value :  5.26386e-08
 Reference value :  5.26487e-08
 Reference value :  5.26584e-08
 Reference value :  5.26690e-08
 Reference value :  5.26753e-08
 Reference value :  5.26758e-08
 Reference value :  5.26790e-08
 Reference value :  5.26850e-08
 Reference value :  5.26920e-08
 Reference value :  5.26977e-08
 Reference value :  5.27041e-08
 Reference value :  5.27141e-08
 Reference value :  5.27231e-08
 Reference value :  5.27253e-08
 Reference value :  5.27267e-08
 Reference value :  5.27353e-08
 Reference value :  5.27494e-08
 Reference value :  5.27671e-08
 Reference value :  5.27811e-08
 Reference value :  5.28049e-08
 Reference value :  5.28497e-08
 Reference value :  5.29231e-08
 Reference value :  5.30031e-08
 Reference value :  5.31031e-08
 Reference value :  5.32031e-08
 Reference value :  5.32831e-08
 Reference value :  5.33431e-08
 Reference value :  5.34031e-08
 Reference value :  5.34631e-08
 Reference value :  5.35631e-08
 Reference value :  5.36831e-08
 Reference value :  5.37631e-08
 Reference value :  5.38231e-08
 Reference value :  5.38721e-08
 Reference value :  5.38721e-08
 Reference value :  5.38721e-08
 Reference value :  5.38721e-08
 Reference value :  5.38721e-08
 Reference value :  5.38721e-08
 Reference value :  5.38721e-08
 Reference value :  5.38721e-08
 Reference value :  5.38721e-08
 Reference value :  5.38721e-08
 Reference value :  5.38721e-08
 Reference value :  5.38721e-08
 Reference value :  5.38721e-08
 Reference value :  5.38721e-08
 Reference value :  5.38721e-08
 Reference value :  5.38721e-08
 Reference value :  5.38721e-08
 Reference value :  5.38723e-08
 Reference value :  5.38727e-08
 Reference value :  5.38733e-08
 Reference value :  5.38742e-08
 Reference value :  5.38773e-08
 Reference value :  5.38819e-08
 Reference value :  5.38834e-08
 Reference value :  5.38886e-08
 Reference value :  5.38902e-08
 Reference value :  5.38936e-08
 Reference value :  5.38975e-08
 Reference value :  5.39043e-08
 Reference value :  5.39117e-08
 Reference value :  5.39202e-08
 Reference value :  5.39303e-08
 Reference value :  5.39377e-08
 Reference value :  5.39488e-08
 Reference value :  5.39582e-08
 Reference value :  5.39630e-08
 Reference value :  5.39675e-08
 Reference value :  5.39751e-08
 Reference value :  5.39849e-08
 Reference value :  5.39983e-08
 Reference value :  5.40047e-08
 Reference value :  5.40114e-08
 Reference value :  5.40201e-08
 Reference value :  5.40221e-08
 Reference value :  5.40222e-08
 Reference value :  5.40235e-08
 Reference value :  5.40269e-08
 Reference value :  5.40309e-08
 Reference value :  5.40352e-08
 Reference value :  5.40402e-08
 Reference value :  5.40459e-08
 Reference value :  5.40539e-08
 Reference value :  5.40627e-08
 Reference value :  5.40703e-08
 Reference value :  5.40721e-08
 Reference value :  5.40727e-08
 Reference value :  5.40795e-08
 Reference value :  5.40883e-08
 Reference value :  5.40992e-08
 Reference value :  5.41144e-08
 Reference value :  5.41364e-08
 Reference value :  5.41931e-08
 Reference value :  5.42731e-08
 Reference value :  5.43731e-08
 Reference value :  5.44931e-08
 Reference value :  5.45931e-08
 Reference value :  5.47131e-08
 Reference value :  5.47931e-08
 Reference value :  5.48731e-08
 Reference value :  5.49531e-08
 Reference value :  5.50331e-08
 Reference value :  5.51131e-08
 Reference value :  5.51931e-08
 Reference value :  5.52189e-08
 Reference value :  5.52191e-08
 Reference value :  5.52206e-08
 Reference value :  5.52248e-08
 Reference value :  5.52294e-08
 Reference value :  5.52347e-08
 Reference value :  5.52401e-08
 Reference value :  5.52451e-08
 Reference value :  5.52522e-08
 Reference value :  5.52592e-08
 Reference value :  5.52664e-08
 Reference value :  5.52739e-08
 Reference value :  5.52812e-08
 Reference value :  5.52927e-08
 Reference value :  5.52994e-08
 Reference value :  5.53048e-08
 Reference value :  5.53138e-08
 Reference value :  5.53237e-08
 Reference value :  5.53348e-08
 Reference value :  5.53458e-08
 Reference value :  5.53562e-08
 Reference value :  5.53634e-08
 Reference value :  5.53689e-08
 Reference value :  5.53691e-08
 Reference value :  5.53706e-08
 Reference value :  5.53781e-08
 Reference value :  5.53852e-08
 Reference value :  5.53905e-08
 Reference value :  5.53991e-08
 Reference value :  5.54016e-08
 Reference value :  5.54061e-08
 Reference value :  5.54128e-08
 Reference value :  5.54189e-08
 Reference value :  5.54199e-08
 Reference value :  5.54314e-08
 Reference value :  5.54467e-08
 Reference value :  5.54664e-08
 Reference value :  5.54895e-08
 Reference value :  5.55167e-08
 Reference value :  5.55593e-08
 Reference value :  5.55981e-08
 Reference value :  5.56381e-08
 Reference value :  5.56781e-08
 Reference value :  5.57181e-08
 Reference value :  5.57981e-08
 Reference value :  5.58581e-08
 Reference value :  5.59181e-08
 Reference value :  5.59781e-08
 Reference value :  5.60381e-08
 Reference value :  5.61181e-08
 Reference value :  5.61781e-08
 Reference value :  5.62581e-08
 Reference value :  5.63381e-08
 Reference value :  5.64181e-08
 Reference value :  5.65181e-08
 Reference value :  5.65657e-08
 Reference value :  5.65659e-08
 Reference value :  5.65675e-08
 Reference value :  5.65703e-08
 Reference value :  5.65769e-08
 Reference value :  5.65856e-08
 Reference value :  5.65942e-08
 Reference value :  5.66026e-08
 Reference value :  5.66138e-08
 Reference value :  5.66213e-08
 Reference value :  5.66286e-08
 Reference value :  5.66399e-08
 Reference value :  5.66496e-08
 Reference value :  5.66584e-08
 Reference value :  5.66670e-08
 Reference value :  5.66768e-08
 Reference value :  5.66840e-08
 Reference value :  5.66909e-08
 Reference value :  5.67009e-08
 Reference value :  5.67119e-08
 Reference value :  5.67157e-08
 Reference value :  5.67160e-08
 Reference value :  5.67186e-08
 Reference value :  5.67244e-08
 Reference value :  5.67338e-08
 Reference value :  5.67422e-08
 Reference value :  5.67473e-08
 Reference value :  5.67553e-08
 Reference value :  5.67657e-08
 Reference value :  5.67658e-08
 Reference value :  5.67678e-08
 Reference value :  5.67753e-08
 Reference value :  5.67843e-08
 Reference value :  5.67963e-08
 Reference value :  5.68066e-08
 Reference value :  5.68198e-08
 Reference value :  5.68492e-08
 Reference value :  5.69018e-08
 Reference value :  5.69618e-08
 Reference value :  5.70618e-08
 Reference value :  5.71618e-08
 Reference value :  5.72618e-08
 Reference value :  5.73618e-08
 Reference value :  5.74618e-08
 Reference value :  5.75418e-08
 Reference value :  5.76018e-08
 Reference value :  5.76818e-08
 Reference value :  5.77418e-08
 Reference value :  5.78218e-08
 Reference value :  5.78971e-08
 Reference value :  5.79125e-08
 Reference value :  5.79127e-08
 Reference value :  5.79135e-08
 Reference value :  5.79158e-08
 Reference value :  5.79213e-08
 Reference value :  5.79321e-08
 Reference value :  5.79404e-08
 Reference value :  5.79503e-08
 Reference value :  5.79615e-08
 Reference value :  5.79653e-08
 Reference value :  5.79689e-08
 Reference value :  5.79762e-08
 Reference value :  5.79839e-08
 Reference value :  5.79915e-08
 Reference value :  5.79971e-08
 Reference value :  5.80028e-08
 Reference value :  5.80122e-08
 Reference value :  5.80226e-08
 Reference value :  5.80340e-08
 Reference value :  5.80446e-08
 Reference value :  5.80551e-08
 Reference value :  5.80625e-08
 Reference value :  5.80625e-08
 Reference value :  5.80638e-08
 Reference value :  5.80668e-08
 Reference value :  5.80728e-08
 Reference value :  5.80800e-08
 Reference value :  5.80883e-08
 Reference value :  5.80935e-08
 Reference value :  5.81011e-08
 Reference value :  5.81125e-08
 Reference value :  5.81125e-08
 Reference value :  5.81128e-08
 Reference value :  5.81183e-08
 Reference value :  5.81269e-08
 Reference value :  5.81366e-08
 Reference value :  5.81556e-08
 Reference value :  5.81859e-08
 Reference value :  5.82143e-08
 Reference value :  5.82790e-08
 Reference value :  5.83590e-08
 Reference value :  5.84390e-08
 Reference value :  5.85190e-08
 Reference value :  5.85990e-08
 Reference value :  5.86990e-08
 Reference value :  5.87990e-08
 Reference value :  5.88990e-08
 Reference value :  5.89990e-08
 Reference value :  5.90990e-08
 Reference value :  5.91790e-08
 Reference value :  5.92593e-08
 Reference value :  5.92593e-08
 Reference value :  5.92596e-08
 Reference value :  5.92607e-08
 Reference value :  5.92655e-08
 Reference value :  5.92726e-08
 Reference value :  5.92820e-08
 Reference value :  5.92876e-08
 Reference value :  5.93012e-08
 Reference value :  5.93171e-08
 Reference value :  5.93322e-08
 Reference value :  5.94718e-08
 Reference value :  6.06105e-08
 Reference value :  6.08066e-08
 Reference value :  6.08857e-08
 Reference value :  6.09167e-08
 Reference value :  6.09837e-08
No. of Data Rows : 7325
m_ui_ref            =  1.34680e-09 targ=  1.35430e-08 trig=  1.21962e-08
m_spa_in            =  5.38721e-09 targ=  1.75834e-08 trig=  1.21962e-08
m_spb_in            =  4.04040e-09 targ=  1.62366e-08 trig=  1.21962e-08
m_spa_m             =  5.38724e-09 targ=  1.76471e-08 trig=  1.22598e-08
m_spb_m             =  4.04044e-09 targ=  1.63003e-08 trig=  1.22598e-08
m_trise_m           =  7.48623e-11 targ=  1.63392e-08 trig=  1.62644e-08
m_tfall_m           =  7.48446e-11 targ=  1.49924e-08 trig=  1.49176e-08
m_trise_n           =  5.79363e-11 targ=  1.63152e-08 trig=  1.62573e-08
m_dj_ui_m = 2.8957507457e-05
m_vih_m = 3.0879453609e+00
m_vil_m = 1.9798865614e+00
m_vswing_m = 1.1080587995e+00
m_vih_m_frac = 8.5067365315e-01
m_vil_m_frac = 5.4542329516e-01
m_vcm_m_frac = 6.9804835956e-01
m_vswing_s = 1.1296084209e+00
m_vglitch_m = 4.8684145348e-01
m_vswing_n = 1.1124606618e+00
m_vswing_dc = 1.0841059830e+00
m_vcm_dc_frac = 7.0323413475e-01
m_icell_dc = 9.1070100532e-03
m_vgs_mu_max = 1.6786703588e+00
m_vds_mu_max = 1.3812958395e+00
m_vds_mt_max = 7.7851649380e-01
Note: Simulation executed from .control section 

