
Note: No compatibility mode selected!


Circuit: * tmds-final-mux-eye @ ss_27c_3.30v_742p5mbps -- generated by sim/harness, do not edit

Doing analysis at TEMP = 27.000000 and TNOM = 27.000000

Using SPARSE 1.3 as Direct Linear Solver

Initial Transient Solution
--------------------------

Node                                   Voltage
----                                   -------
vdd                                        3.3
avcc                                       3.3
clkp                                      1.98
clkn                                      0.99
d0p                                      2.805
d0n                                      1.815
d1p                                      2.805
d1n                                      1.815
d0ps                                     1.815
d0ns                                     2.805
d1ps                                     1.815
d1ns                                     2.805
ckref                                     0.99
win                                          0
winr                                         0
winc                                         0
xmux_m.top                             2.83577
xmux_m.xrc.11                           2.8583
xmux_m.xrc.21                          3.27747
outp_m                                 1.89542
xmux_m.xrlp.11                         1.91795
xmux_m.xrlp.21                         2.81323
outn_m                                 2.83576
xmux_m.xrln.11                         2.83576
xmux_m.xrln.21                         2.83577
xmux_m.ibias                           1.19908
xmux_m.xrref.11                        1.21102
xmux_m.xrref.21                        3.28807
xmux_m.sa                              1.24361
xmux_m.sb                              1.89542
xmux_m.tail                           0.644678
dop_m                                  3.29994
xdrv_m.tail                            1.20912
don_m                                  2.80118
ib_m                                   1.26269
vd_m                                  0.940345
vdn_m                                 0.949843
vdg_m                                        0
xmux_s.top                             2.83577
xmux_s.xrc.11                           2.8583
xmux_s.xrc.21                          3.27747
outp_s                                 2.83576
xmux_s.xrlp.11                         2.83576
xmux_s.xrlp.21                         2.83577
outn_s                                 1.89542
xmux_s.xrln.11                         1.91795
xmux_s.xrln.21                         2.81323
xmux_s.ibias                           1.19908
xmux_s.xrref.11                        1.21102
xmux_s.xrref.21                        3.28807
xmux_s.sa                              1.24361
xmux_s.sb                              1.89542
xmux_s.tail                           0.644678
dop_s                                  2.80118
xdrv_s.tail                            1.20912
don_s                                  3.29994
ib_s                                   1.26269
vd_s                                 -0.940345
vdn_s                                -0.949843
vdg_s                                        0
xmux_n.top                             2.83577
xmux_n.xrc.11                           2.8583
xmux_n.xrc.21                          3.27747
outp_n                                 1.89542
xmux_n.xrlp.11                         1.91795
xmux_n.xrlp.21                         2.81323
outn_n                                 2.83576
xmux_n.xrln.11                         2.83576
xmux_n.xrln.21                         2.83577
xmux_n.ibias                           1.19908
xmux_n.xrref.11                        1.21102
xmux_n.xrref.21                        3.28807
xmux_n.sa                              1.24361
xmux_n.sb                              1.89542
xmux_n.tail                           0.644678
vd_n                                  0.940345
vdn_n                                 0.949843
vdg_n                                        0
d0pz                                     2.805
d0nz                                     1.815
clkpz                                     1.98
clknz                                     0.99
vdd_z                                      3.3
xmux_z.top                             2.83577
xmux_z.xrc.11                           2.8583
xmux_z.xrc.21                          3.27747
outp_z                                 1.89542
xmux_z.xrlp.11                         1.91795
xmux_z.xrlp.21                         2.81323
outn_z                                 2.83576
xmux_z.xrln.11                         2.83576
xmux_z.xrln.21                         2.83577
xmux_z.ibias                           1.19908
xmux_z.xrref.11                        1.21102
xmux_z.xrref.21                        3.28807
xmux_z.sa                              1.24361
xmux_z.sb                              2.21623
xmux_z.tail                           0.644678
dop_z                                  3.29994
xdrv_z.tail                            1.20912
don_z                                  2.80118
ib_z                                   1.26269
bvdg_n#branch                                0
bvdg_s#branch                                0
bvdg_m#branch                                0
envd_n#branch                                0
emux_n#branch                                0
envd_s#branch                                0
emux_s#branch                                0
envd_m#branch                                0
emux_m#branch                                0
eckref#branch                                0
vsens_z#branch                     -0.00790313
vclknz#branch                                0
vclkpz#branch                                0
vd0nz#branch                                 0
vd0pz#branch                                 0
vwinc#branch                                 0
vwinr#branch                                 0
vwin#branch                                  0
vd1ns#branch                                 0
vd1ps#branch                                 0
vd0ns#branch                                 0
vd0ps#branch                                 0
vd1n#branch                                  0
vd1p#branch                                  0
vd0n#branch                                  0
vd0p#branch                                  0
vclkn#branch                                 0
vclkp#branch                                 0
vavcc#branch                        -0.0299329
vvdd#branch                         -0.0237094

 Reference value :  0.00000e+00
 Reference value :  4.00000e-13
 Reference value :  6.40000e-12
 Reference value :  6.56000e-11
 Reference value :  1.25600e-10
 Reference value :  1.85600e-10
 Reference value :  2.65600e-10
 Reference value :  3.25600e-10
 Reference value :  4.05600e-10
 Reference value :  4.65600e-10
 Reference value :  5.45600e-10
 Reference value :  6.25600e-10
 Reference value :  7.05600e-10
 Reference value :  7.85600e-10
 Reference value :  8.45600e-10
 Reference value :  9.25600e-10
 Reference value :  1.00560e-09
 Reference value :  1.06560e-09
 Reference value :  1.14560e-09
 Reference value :  1.22560e-09
 Reference value :  1.30560e-09
 Reference value :  1.34681e-09
 Reference value :  1.34699e-09
 Reference value :  1.34759e-09
 Reference value :  1.35000e-09
 Reference value :  1.35429e-09
 Reference value :  1.35903e-09
 Reference value :  1.36770e-09
 Reference value :  1.37285e-09
 Reference value :  1.37509e-09
 Reference value :  1.38039e-09
 Reference value :  1.38506e-09
 Reference value :  1.39309e-09
 Reference value :  1.40620e-09
 Reference value :  1.41845e-09
 Reference value :  1.42635e-09
 Reference value :  1.43348e-09
 Reference value :  1.43647e-09
 Reference value :  1.44123e-09
 Reference value :  1.44915e-09
 Reference value :  1.45513e-09
 Reference value :  1.46176e-09
 Reference value :  1.46900e-09
 Reference value :  1.47569e-09
 Reference value :  1.48232e-09
 Reference value :  1.48921e-09
 Reference value :  1.49478e-09
 Reference value :  1.49681e-09
 Reference value :  1.49699e-09
 Reference value :  1.49842e-09
 Reference value :  1.50184e-09
 Reference value :  1.50576e-09
 Reference value :  1.51252e-09
 Reference value :  1.52065e-09
 Reference value :  1.53114e-09
 Reference value :  1.53791e-09
 Reference value :  1.54406e-09
 Reference value :  1.54683e-09
 Reference value :  1.54724e-09
 Reference value :  1.55053e-09
 Reference value :  1.55875e-09
 Reference value :  1.57407e-09
 Reference value :  1.59362e-09
 Reference value :  1.61580e-09
 Reference value :  1.64196e-09
 Reference value :  1.68059e-09
 Reference value :  1.73793e-09
 Reference value :  1.77793e-09
 Reference value :  1.83793e-09
 Reference value :  1.91793e-09
 Reference value :  1.97793e-09
 Reference value :  2.03793e-09
 Reference value :  2.11793e-09
 Reference value :  2.19793e-09
 Reference value :  2.27793e-09
 Reference value :  2.37793e-09
 Reference value :  2.43793e-09
 Reference value :  2.51793e-09
 Reference value :  2.55902e-09
 Reference value :  2.55999e-09
 Reference value :  2.56209e-09
 Reference value :  2.61569e-09
 Reference value :  2.67465e-09
 Reference value :  2.69362e-09
 Reference value :  2.69391e-09
 Reference value :  2.69625e-09
 Reference value :  2.69814e-09
 Reference value :  2.70255e-09
 Reference value :  2.70753e-09
 Reference value :  2.71348e-09
 Reference value :  2.72510e-09
 Reference value :  2.73310e-09
 Reference value :  2.74125e-09
 Reference value :  2.74925e-09
 Reference value :  2.75707e-09
 Reference value :  2.76528e-09
 Reference value :  2.77624e-09
 Reference value :  2.78258e-09
 Reference value :  2.78505e-09
 Reference value :  2.78752e-09
 Reference value :  2.79285e-09
 Reference value :  2.79875e-09
 Reference value :  2.80861e-09
 Reference value :  2.81599e-09
 Reference value :  2.82622e-09
 Reference value :  2.83309e-09
 Reference value :  2.84019e-09
 Reference value :  2.84362e-09
 Reference value :  2.84393e-09
 Reference value :  2.84636e-09
 Reference value :  2.85005e-09
 Reference value :  2.85406e-09
 Reference value :  2.86103e-09
 Reference value :  2.86974e-09
 Reference value :  2.88016e-09
 Reference value :  2.89024e-09
 Reference value :  2.89364e-09
 Reference value :  2.89467e-09
 Reference value :  2.90087e-09
 Reference value :  2.91036e-09
 Reference value :  2.92529e-09
 Reference value :  2.93458e-09
 Reference value :  2.94580e-09
 Reference value :  2.96819e-09
 Reference value :  2.98925e-09
 Reference value :  3.03924e-09
 Reference value :  3.09924e-09
 Reference value :  3.15924e-09
 Reference value :  3.19924e-09
 Reference value :  3.25924e-09
 Reference value :  3.31924e-09
 Reference value :  3.39924e-09
 Reference value :  3.45924e-09
 Reference value :  3.51924e-09
 Reference value :  3.57924e-09
 Reference value :  3.65924e-09
 Reference value :  3.71924e-09
 Reference value :  3.77924e-09
 Reference value :  3.83924e-09
 Reference value :  3.89924e-09
 Reference value :  3.95924e-09
 Reference value :  4.01924e-09
 Reference value :  4.04042e-09
 Reference value :  4.04080e-09
 Reference value :  4.04363e-09
 Reference value :  4.04791e-09
 Reference value :  4.05528e-09
 Reference value :  4.06142e-09
 Reference value :  4.06919e-09
 Reference value :  4.08163e-09
 Reference value :  4.09027e-09
 Reference value :  4.10273e-09
 Reference value :  4.11102e-09
 Reference value :  4.12595e-09
 Reference value :  4.12876e-09
 Reference value :  4.13368e-09
 Reference value :  4.14189e-09
 Reference value :  4.14798e-09
 Reference value :  4.15848e-09
 Reference value :  4.16892e-09
 Reference value :  4.17566e-09
 Reference value :  4.18621e-09
 Reference value :  4.19042e-09
 Reference value :  4.19059e-09
 Reference value :  4.19202e-09
 Reference value :  4.19746e-09
 Reference value :  4.20366e-09
 Reference value :  4.21140e-09
 Reference value :  4.21766e-09
 Reference value :  4.22467e-09
 Reference value :  4.23133e-09
 Reference value :  4.24040e-09
 Reference value :  4.24043e-09
 Reference value :  4.24086e-09
 Reference value :  4.24429e-09
 Reference value :  4.25260e-09
 Reference value :  4.26239e-09
 Reference value :  4.28088e-09
 Reference value :  4.30223e-09
 Reference value :  4.32684e-09
 Reference value :  4.35953e-09
 Reference value :  4.41348e-09
 Reference value :  4.45348e-09
 Reference value :  4.49348e-09
 Reference value :  4.55348e-09
 Reference value :  4.61348e-09
 Reference value :  4.69348e-09
 Reference value :  4.75348e-09
 Reference value :  4.81348e-09
 Reference value :  4.89348e-09
 Reference value :  4.97348e-09
 Reference value :  5.03348e-09
 Reference value :  5.11348e-09
 Reference value :  5.19348e-09
 Reference value :  5.25348e-09
 Reference value :  5.31348e-09
 Reference value :  5.38721e-09
 Reference value :  5.38726e-09
 Reference value :  5.38779e-09
 Reference value :  5.39144e-09
 Reference value :  5.39817e-09
 Reference value :  5.40660e-09
 Reference value :  5.41389e-09
 Reference value :  5.42635e-09
 Reference value :  5.43858e-09
 Reference value :  5.44620e-09
 Reference value :  5.45847e-09
 Reference value :  5.46606e-09
 Reference value :  5.47294e-09
 Reference value :  5.47584e-09
 Reference value :  5.47832e-09
 Reference value :  5.48348e-09
 Reference value :  5.49197e-09
 Reference value :  5.49827e-09
 Reference value :  5.50559e-09
 Reference value :  5.51265e-09
 Reference value :  5.52273e-09
 Reference value :  5.52971e-09
 Reference value :  5.53721e-09
 Reference value :  5.53724e-09
 Reference value :  5.53801e-09
 Reference value :  5.54224e-09
 Reference value :  5.54834e-09
 Reference value :  5.55536e-09
 Reference value :  5.56106e-09
 Reference value :  5.56793e-09
 Reference value :  5.57474e-09
 Reference value :  5.58436e-09
 Reference value :  5.58723e-09
 Reference value :  5.58739e-09
 Reference value :  5.58888e-09
 Reference value :  5.59332e-09
 Reference value :  5.60274e-09
 Reference value :  5.61329e-09
 Reference value :  5.62160e-09
 Reference value :  5.63713e-09
 Reference value :  5.65849e-09
 Reference value :  5.69109e-09
 Reference value :  5.74545e-09
 Reference value :  5.80545e-09
 Reference value :  5.86545e-09
 Reference value :  5.92545e-09
 Reference value :  5.98545e-09
 Reference value :  6.04545e-09
 Reference value :  6.12545e-09
 Reference value :  6.18545e-09
 Reference value :  6.26545e-09
 Reference value :  6.34545e-09
 Reference value :  6.40545e-09
 Reference value :  6.46545e-09
 Reference value :  6.52545e-09
 Reference value :  6.60545e-09
 Reference value :  6.68545e-09
 Reference value :  6.73401e-09
 Reference value :  6.73406e-09
 Reference value :  6.73451e-09
 Reference value :  6.73818e-09
 Reference value :  6.74227e-09
 Reference value :  6.74985e-09
 Reference value :  6.76008e-09
 Reference value :  6.77264e-09
 Reference value :  6.78478e-09
 Reference value :  6.78863e-09
 Reference value :  6.79238e-09
 Reference value :  6.80431e-09
 Reference value :  6.80809e-09
 Reference value :  6.81574e-09
 Reference value :  6.81910e-09
 Reference value :  6.82448e-09
 Reference value :  6.82966e-09
 Reference value :  6.83511e-09
 Reference value :  6.84438e-09
 Reference value :  6.85156e-09
 Reference value :  6.85870e-09
 Reference value :  6.86544e-09
 Reference value :  6.87578e-09
 Reference value :  6.88167e-09
 Reference value :  6.88402e-09
 Reference value :  6.88420e-09
 Reference value :  6.88562e-09
 Reference value :  6.89106e-09
 Reference value :  6.89514e-09
 Reference value :  6.89972e-09
 Reference value :  6.90500e-09
 Reference value :  6.91474e-09
 Reference value :  6.92156e-09
 Reference value :  6.92833e-09
 Reference value :  6.93404e-09
 Reference value :  6.93447e-09
 Reference value :  6.93790e-09
 Reference value :  6.94622e-09
 Reference value :  6.95601e-09
 Reference value :  6.96782e-09
 Reference value :  6.98128e-09
 Reference value :  6.99586e-09
 Reference value :  7.01164e-09
 Reference value :  7.02991e-09
 Reference value :  7.06933e-09
 Reference value :  7.12715e-09
 Reference value :  7.18715e-09
 Reference value :  7.24715e-09
 Reference value :  7.30715e-09
 Reference value :  7.38715e-09
 Reference value :  7.46715e-09
 Reference value :  7.52715e-09
 Reference value :  7.60715e-09
 Reference value :  7.66715e-09
 Reference value :  7.72715e-09
 Reference value :  7.78715e-09
 Reference value :  7.84715e-09
 Reference value :  7.90715e-09
 Reference value :  7.98715e-09
 Reference value :  8.04715e-09
 Reference value :  8.08083e-09
 Reference value :  8.08139e-09
 Reference value :  8.08504e-09
 Reference value :  8.09176e-09
 Reference value :  8.10019e-09
 Reference value :  8.11168e-09
 Reference value :  8.11994e-09
 Reference value :  8.12807e-09
 Reference value :  8.13218e-09
 Reference value :  8.13979e-09
 Reference value :  8.15206e-09
 Reference value :  8.16308e-09
 Reference value :  8.16943e-09
 Reference value :  8.17437e-09
 Reference value :  8.18260e-09
 Reference value :  8.19186e-09
 Reference value :  8.20274e-09
 Reference value :  8.21296e-09
 Reference value :  8.22331e-09
 Reference value :  8.23081e-09
 Reference value :  8.23085e-09
 Reference value :  8.23161e-09
 Reference value :  8.23584e-09
 Reference value :  8.23976e-09
 Reference value :  8.24653e-09
 Reference value :  8.25181e-09
 Reference value :  8.25806e-09
 Reference value :  8.26506e-09
 Reference value :  8.27172e-09
 Reference value :  8.28081e-09
 Reference value :  8.28099e-09
 Reference value :  8.28249e-09
 Reference value :  8.28692e-09
 Reference value :  8.29634e-09
 Reference value :  8.30318e-09
 Reference value :  8.31521e-09
 Reference value :  8.33073e-09
 Reference value :  8.34412e-09
 Reference value :  8.36136e-09
 Reference value :  8.38469e-09
 Reference value :  8.43905e-09
 Reference value :  8.47905e-09
 Reference value :  8.53905e-09
 Reference value :  8.57905e-09
 Reference value :  8.63905e-09
 Reference value :  8.69905e-09
 Reference value :  8.77905e-09
 Reference value :  8.85905e-09
 Reference value :  8.95905e-09
 Reference value :  9.03905e-09
 Reference value :  9.11905e-09
 Reference value :  9.21905e-09
 Reference value :  9.29905e-09
 Reference value :  9.39905e-09
 Reference value :  9.42763e-09
 Reference value :  9.42785e-09
 Reference value :  9.42969e-09
 Reference value :  9.43587e-09
 Reference value :  9.44345e-09
 Reference value :  9.44981e-09
 Reference value :  9.45791e-09
 Reference value :  9.47013e-09
 Reference value :  9.47838e-09
 Reference value :  9.48598e-09
 Reference value :  9.49791e-09
 Reference value :  9.50570e-09
 Reference value :  9.51270e-09
 Reference value :  9.51809e-09
 Reference value :  9.52326e-09
 Reference value :  9.52871e-09
 Reference value :  9.53798e-09
 Reference value :  9.54884e-09
 Reference value :  9.55904e-09
 Reference value :  9.56586e-09
 Reference value :  9.57293e-09
 Reference value :  9.57761e-09
 Reference value :  9.57762e-09
 Reference value :  9.57780e-09
 Reference value :  9.57922e-09
 Reference value :  9.58466e-09
 Reference value :  9.59086e-09
 Reference value :  9.59575e-09
 Reference value :  9.60146e-09
 Reference value :  9.60835e-09
 Reference value :  9.61853e-09
 Reference value :  9.62761e-09
 Reference value :  9.62770e-09
 Reference value :  9.62954e-09
 Reference value :  9.63982e-09
 Reference value :  9.65529e-09
 Reference value :  9.66811e-09
 Reference value :  9.68946e-09
 Reference value :  9.71408e-09
 Reference value :  9.73423e-09
 Reference value :  9.78075e-09
 Reference value :  9.84075e-09
 Reference value :  9.90075e-09
 Reference value :  9.98075e-09
 Reference value :  1.00608e-08
 Reference value :  1.01408e-08
 Reference value :  1.02008e-08
 Reference value :  1.02808e-08
 Reference value :  1.03608e-08
 Reference value :  1.04608e-08
 Reference value :  1.05608e-08
 Reference value :  1.06408e-08
 Reference value :  1.07008e-08
 Reference value :  1.07744e-08
 Reference value :  1.07744e-08
 Reference value :  1.07747e-08
 Reference value :  1.07792e-08
 Reference value :  1.07901e-08
 Reference value :  1.07967e-08
 Reference value :  1.08078e-08
 Reference value :  1.08196e-08
 Reference value :  1.08286e-08
 Reference value :  1.08408e-08
 Reference value :  1.08490e-08
 Reference value :  1.08596e-08
 Reference value :  1.08653e-08
 Reference value :  1.08680e-08
 Reference value :  1.08736e-08
 Reference value :  1.08796e-08
 Reference value :  1.08859e-08
 Reference value :  1.08934e-08
 Reference value :  1.09007e-08
 Reference value :  1.09066e-08
 Reference value :  1.09094e-08
 Reference value :  1.09102e-08
 Reference value :  1.09123e-08
 Reference value :  1.09178e-08
 Reference value :  1.09244e-08
 Reference value :  1.09245e-08
 Reference value :  1.09257e-08
 Reference value :  1.09286e-08
 Reference value :  1.09346e-08
 Reference value :  1.09415e-08
 Reference value :  1.09502e-08
 Reference value :  1.09575e-08
 Reference value :  1.09684e-08
 Reference value :  1.09744e-08
 Reference value :  1.09748e-08
 Reference value :  1.09779e-08
 Reference value :  1.09838e-08
 Reference value :  1.09934e-08
 Reference value :  1.10047e-08
 Reference value :  1.10188e-08
 Reference value :  1.10380e-08
 Reference value :  1.10632e-08
 Reference value :  1.10839e-08
 Reference value :  1.11137e-08
 Reference value :  1.11521e-08
 Reference value :  1.11921e-08
 Reference value :  1.12321e-08
 Reference value :  1.12721e-08
 Reference value :  1.13121e-08
 Reference value :  1.13721e-08
 Reference value :  1.14521e-08
 Reference value :  1.15321e-08
 Reference value :  1.16321e-08
 Reference value :  1.16921e-08
 Reference value :  1.17521e-08
 Reference value :  1.18321e-08
 Reference value :  1.18921e-08
 Reference value :  1.19521e-08
 Reference value :  1.20321e-08
 Reference value :  1.20921e-08
 Reference value :  1.21212e-08
 Reference value :  1.21215e-08
 Reference value :  1.21222e-08
 Reference value :  1.21273e-08
 Reference value :  1.21318e-08
 Reference value :  1.21435e-08
 Reference value :  1.21558e-08
 Reference value :  1.21679e-08
 Reference value :  1.21759e-08
 Reference value :  1.21837e-08
 Reference value :  1.21916e-08
 Reference value :  1.21987e-08
 Reference value :  1.22055e-08
 Reference value :  1.22118e-08
 Reference value :  1.22201e-08
 Reference value :  1.22323e-08
 Reference value :  1.22465e-08
 Reference value :  1.22600e-08
 Reference value :  1.22693e-08
 Reference value :  1.22712e-08
 Reference value :  1.22716e-08
 Reference value :  1.22762e-08
 Reference value :  1.22845e-08
 Reference value :  1.22952e-08
 Reference value :  1.23092e-08
 Reference value :  1.23188e-08
 Reference value :  1.23212e-08
 Reference value :  1.23216e-08
 Reference value :  1.23243e-08
 Reference value :  1.23317e-08
 Reference value :  1.23461e-08
 Reference value :  1.23640e-08
 Reference value :  1.23855e-08
 Reference value :  1.24107e-08
 Reference value :  1.24451e-08
 Reference value :  1.24945e-08
 Reference value :  1.25545e-08
 Reference value :  1.26145e-08
 Reference value :  1.26945e-08
 Reference value :  1.27945e-08
 Reference value :  1.29745e-08
 Reference value :  1.30745e-08
 Reference value :  1.31545e-08
 Reference value :  1.32345e-08
 Reference value :  1.33145e-08
 Reference value :  1.33945e-08
 Reference value :  1.34680e-08
 Reference value :  1.34683e-08
 Reference value :  1.34704e-08
 Reference value :  1.34766e-08
 Reference value :  1.34874e-08
 Reference value :  1.35032e-08
 Reference value :  1.35194e-08
 Reference value :  1.35270e-08
 Reference value :  1.35432e-08
 Reference value :  1.35574e-08
 Reference value :  1.35670e-08
 Reference value :  1.35759e-08
 Reference value :  1.35863e-08
 Reference value :  1.35964e-08
 Reference value :  1.36067e-08
 Reference value :  1.36161e-08
 Reference value :  1.36180e-08
 Reference value :  1.36182e-08
 Reference value :  1.36212e-08
 Reference value :  1.36270e-08
 Reference value :  1.36363e-08
 Reference value :  1.36489e-08
 Reference value :  1.36596e-08
 Reference value :  1.36680e-08
 Reference value :  1.36681e-08
 Reference value :  1.36693e-08
 Reference value :  1.36764e-08
 Reference value :  1.36860e-08
 Reference value :  1.36970e-08
 Reference value :  1.37164e-08
 Reference value :  1.37374e-08
 Reference value :  1.37384e-08
 Reference value :  1.37405e-08
 Reference value :  1.37682e-08
 Reference value :  1.38251e-08
 Reference value :  1.38721e-08
 Reference value :  1.38731e-08
 Reference value :  1.38741e-08
 Reference value :  1.38909e-08
 Reference value :  1.39688e-08
 Reference value :  1.40888e-08
 Reference value :  1.41888e-08
 Reference value :  1.43088e-08
 Reference value :  1.44108e-08
 Reference value :  1.44120e-08
 Reference value :  1.44296e-08
 Reference value :  1.45275e-08
 Reference value :  1.46275e-08
 Reference value :  1.46875e-08
 Reference value :  1.47675e-08
 Reference value :  1.48148e-08
 Reference value :  1.48149e-08
 Reference value :  1.48158e-08
 Reference value :  1.48207e-08
 Reference value :  1.48253e-08
 Reference value :  1.48306e-08
 Reference value :  1.48410e-08
 Reference value :  1.48535e-08
 Reference value :  1.48615e-08
 Reference value :  1.48656e-08
 Reference value :  1.48732e-08
 Reference value :  1.48852e-08
 Reference value :  1.48923e-08
 Reference value :  1.48991e-08
 Reference value :  1.49054e-08
 Reference value :  1.49109e-08
 Reference value :  1.49196e-08
 Reference value :  1.49293e-08
 Reference value :  1.49399e-08
 Reference value :  1.49499e-08
 Reference value :  1.49608e-08
 Reference value :  1.49648e-08
 Reference value :  1.49648e-08
 Reference value :  1.49650e-08
 Reference value :  1.49664e-08
 Reference value :  1.49719e-08
 Reference value :  1.49781e-08
 Reference value :  1.49830e-08
 Reference value :  1.49888e-08
 Reference value :  1.49993e-08
 Reference value :  1.50124e-08
 Reference value :  1.50148e-08
 Reference value :  1.50152e-08
 Reference value :  1.50179e-08
 Reference value :  1.50253e-08
 Reference value :  1.50397e-08
 Reference value :  1.50576e-08
 Reference value :  1.50791e-08
 Reference value :  1.51043e-08
 Reference value :  1.51387e-08
 Reference value :  1.51880e-08
 Reference value :  1.52189e-08
 Reference value :  1.52199e-08
 Reference value :  1.52203e-08
 Reference value :  1.52377e-08
 Reference value :  1.53156e-08
 Reference value :  1.54356e-08
 Reference value :  1.55156e-08
 Reference value :  1.55956e-08
 Reference value :  1.56556e-08
 Reference value :  1.57156e-08
 Reference value :  1.57577e-08
 Reference value :  1.57586e-08
 Reference value :  1.57607e-08
 Reference value :  1.57943e-08
 Reference value :  1.58743e-08
 Reference value :  1.59343e-08
 Reference value :  1.60343e-08
 Reference value :  1.61143e-08
 Reference value :  1.61616e-08
 Reference value :  1.61621e-08
 Reference value :  1.61656e-08
 Reference value :  1.61721e-08
 Reference value :  1.61806e-08
 Reference value :  1.61919e-08
 Reference value :  1.62002e-08
 Reference value :  1.62123e-08
 Reference value :  1.62200e-08
 Reference value :  1.62323e-08
 Reference value :  1.62399e-08
 Reference value :  1.62504e-08
 Reference value :  1.62564e-08
 Reference value :  1.62593e-08
 Reference value :  1.62652e-08
 Reference value :  1.62747e-08
 Reference value :  1.62819e-08
 Reference value :  1.62887e-08
 Reference value :  1.62953e-08
 Reference value :  1.63023e-08
 Reference value :  1.63116e-08
 Reference value :  1.63117e-08
 Reference value :  1.63126e-08
 Reference value :  1.63152e-08
 Reference value :  1.63211e-08
 Reference value :  1.63280e-08
 Reference value :  1.63334e-08
 Reference value :  1.63398e-08
 Reference value :  1.63469e-08
 Reference value :  1.63576e-08
 Reference value :  1.63616e-08
 Reference value :  1.63617e-08
 Reference value :  1.63629e-08
 Reference value :  1.63700e-08
 Reference value :  1.63796e-08
 Reference value :  1.63867e-08
 Reference value :  1.63949e-08
 Reference value :  1.64100e-08
 Reference value :  1.64230e-08
 Reference value :  1.64495e-08
 Reference value :  1.64852e-08
 Reference value :  1.65161e-08
 Reference value :  1.65501e-08
 Reference value :  1.65660e-08
 Reference value :  1.65669e-08
 Reference value :  1.65711e-08
 Reference value :  1.66224e-08
 Reference value :  1.66824e-08
 Reference value :  1.67424e-08
 Reference value :  1.68224e-08
 Reference value :  1.68824e-08
 Reference value :  1.69624e-08
 Reference value :  1.70224e-08
 Reference value :  1.70934e-08
 Reference value :  1.71050e-08
 Reference value :  1.71059e-08
 Reference value :  1.71098e-08
 Reference value :  1.71611e-08
 Reference value :  1.72411e-08
 Reference value :  1.73211e-08
 Reference value :  1.73811e-08
 Reference value :  1.74611e-08
 Reference value :  1.75084e-08
 Reference value :  1.75087e-08
 Reference value :  1.75094e-08
 Reference value :  1.75124e-08
 Reference value :  1.75189e-08
 Reference value :  1.75242e-08
 Reference value :  1.75306e-08
 Reference value :  1.75387e-08
 Reference value :  1.75471e-08
 Reference value :  1.75551e-08
 Reference value :  1.75592e-08
 Reference value :  1.75668e-08
 Reference value :  1.75788e-08
 Reference value :  1.75859e-08
 Reference value :  1.75892e-08
 Reference value :  1.75990e-08
 Reference value :  1.76045e-08
 Reference value :  1.76132e-08
 Reference value :  1.76194e-08
 Reference value :  1.76301e-08
 Reference value :  1.76401e-08
 Reference value :  1.76506e-08
 Reference value :  1.76564e-08
 Reference value :  1.76584e-08
 Reference value :  1.76588e-08
 Reference value :  1.76635e-08
 Reference value :  1.76674e-08
 Reference value :  1.76742e-08
 Reference value :  1.76824e-08
 Reference value :  1.76893e-08
 Reference value :  1.76964e-08
 Reference value :  1.77036e-08
 Reference value :  1.77084e-08
 Reference value :  1.77086e-08
 Reference value :  1.77115e-08
 Reference value :  1.77189e-08
 Reference value :  1.77333e-08
 Reference value :  1.77512e-08
 Reference value :  1.77727e-08
 Reference value :  1.77888e-08
 Reference value :  1.78076e-08
 Reference value :  1.78468e-08
 Reference value :  1.78816e-08
 Reference value :  1.79126e-08
 Reference value :  1.79135e-08
 Reference value :  1.79145e-08
 Reference value :  1.79313e-08
 Reference value :  1.79692e-08
 Reference value :  1.80292e-08
 Reference value :  1.80892e-08
 Reference value :  1.81492e-08
 Reference value :  1.82092e-08
 Reference value :  1.82692e-08
 Reference value :  1.83292e-08
 Reference value :  1.84092e-08
 Reference value :  1.84513e-08
 Reference value :  1.84522e-08
 Reference value :  1.84543e-08
 Reference value :  1.84700e-08
 Reference value :  1.85479e-08
 Reference value :  1.86479e-08
 Reference value :  1.87479e-08
 Reference value :  1.88079e-08
 Reference value :  1.88552e-08
 Reference value :  1.88555e-08
 Reference value :  1.88572e-08
 Reference value :  1.88635e-08
 Reference value :  1.88710e-08
 Reference value :  1.88814e-08
 Reference value :  1.88938e-08
 Reference value :  1.89059e-08
 Reference value :  1.89098e-08
 Reference value :  1.89136e-08
 Reference value :  1.89216e-08
 Reference value :  1.89298e-08
 Reference value :  1.89370e-08
 Reference value :  1.89471e-08
 Reference value :  1.89500e-08
 Reference value :  1.89559e-08
 Reference value :  1.89649e-08
 Reference value :  1.89755e-08
 Reference value :  1.89823e-08
 Reference value :  1.89889e-08
 Reference value :  1.89996e-08
 Reference value :  1.90052e-08
 Reference value :  1.90052e-08
 Reference value :  1.90054e-08
 Reference value :  1.90062e-08
 Reference value :  1.90089e-08
 Reference value :  1.90127e-08
 Reference value :  1.90191e-08
 Reference value :  1.90241e-08
 Reference value :  1.90334e-08
 Reference value :  1.90440e-08
 Reference value :  1.90532e-08
 Reference value :  1.90552e-08
 Reference value :  1.90555e-08
 Reference value :  1.90579e-08
 Reference value :  1.90636e-08
 Reference value :  1.90699e-08
 Reference value :  1.90803e-08
 Reference value :  1.90885e-08
 Reference value :  1.91036e-08
 Reference value :  1.91166e-08
 Reference value :  1.91332e-08
 Reference value :  1.91657e-08
 Reference value :  1.92097e-08
 Reference value :  1.92593e-08
 Reference value :  1.92599e-08
 Reference value :  1.92605e-08
 Reference value :  1.92647e-08
 Reference value :  1.93160e-08
 Reference value :  1.93760e-08
 Reference value :  1.94560e-08
 Reference value :  1.95360e-08
 Reference value :  1.96160e-08
 Reference value :  1.96760e-08
 Reference value :  1.97360e-08
 Reference value :  1.97980e-08
 Reference value :  1.97990e-08
 Reference value :  1.98000e-08
 Reference value :  1.98168e-08
 Reference value :  1.98747e-08
 Reference value :  1.99347e-08
 Reference value :  2.00147e-08
 Reference value :  2.00747e-08
 Reference value :  2.01547e-08
 Reference value :  2.02020e-08
 Reference value :  2.02021e-08
 Reference value :  2.02025e-08
 Reference value :  2.02060e-08
 Reference value :  2.02125e-08
 Reference value :  2.02210e-08
 Reference value :  2.02323e-08
 Reference value :  2.02446e-08
 Reference value :  2.02528e-08
 Reference value :  2.02604e-08
 Reference value :  2.02724e-08
 Reference value :  2.02761e-08
 Reference value :  2.02828e-08
 Reference value :  2.02926e-08
 Reference value :  2.02981e-08
 Reference value :  2.03068e-08
 Reference value :  2.03130e-08
 Reference value :  2.03237e-08
 Reference value :  2.03337e-08
 Reference value :  2.03406e-08
 Reference value :  2.03480e-08
 Reference value :  2.03520e-08
 Reference value :  2.03520e-08
 Reference value :  2.03521e-08
 Reference value :  2.03528e-08
 Reference value :  2.03553e-08
 Reference value :  2.03591e-08
 Reference value :  2.03653e-08
 Reference value :  2.03731e-08
 Reference value :  2.03794e-08
 Reference value :  2.03900e-08
 Reference value :  2.03996e-08
 Reference value :  2.04020e-08
 Reference value :  2.04024e-08
 Reference value :  2.04051e-08
 Reference value :  2.04125e-08
 Reference value :  2.04269e-08
 Reference value :  2.04448e-08
 Reference value :  2.04590e-08
 Reference value :  2.04742e-08
 Reference value :  2.04915e-08
 Reference value :  2.05124e-08
 Reference value :  2.05570e-08
 Reference value :  2.05906e-08
 Reference value :  2.06064e-08
 Reference value :  2.06071e-08
 Reference value :  2.06092e-08
 Reference value :  2.06428e-08
 Reference value :  2.07028e-08
 Reference value :  2.07628e-08
 Reference value :  2.08428e-08
 Reference value :  2.09228e-08
 Reference value :  2.10028e-08
 Reference value :  2.10628e-08
 Reference value :  2.11338e-08
 Reference value :  2.11454e-08
 Reference value :  2.11463e-08
 Reference value :  2.11502e-08
 Reference value :  2.11816e-08
 Reference value :  2.12605e-08
 Reference value :  2.12798e-08
 Reference value :  2.12807e-08
 Reference value :  2.12849e-08
 Reference value :  2.13362e-08
 Reference value :  2.13962e-08
 Reference value :  2.14562e-08
 Reference value :  2.15325e-08
 Reference value :  2.15488e-08
 Reference value :  2.15491e-08
 Reference value :  2.15500e-08
 Reference value :  2.15530e-08
 Reference value :  2.15574e-08
 Reference value :  2.15623e-08
 Reference value :  2.15681e-08
 Reference value :  2.15754e-08
 Reference value :  2.15879e-08
 Reference value :  2.15960e-08
 Reference value :  2.16039e-08
 Reference value :  2.16077e-08
 Reference value :  2.16200e-08
 Reference value :  2.16310e-08
 Reference value :  2.16415e-08
 Reference value :  2.16506e-08
 Reference value :  2.16566e-08
 Reference value :  2.16632e-08
 Reference value :  2.16739e-08
 Reference value :  2.16838e-08
 Reference value :  2.16948e-08
 Reference value :  2.16988e-08
 Reference value :  2.16990e-08
 Reference value :  2.17004e-08
 Reference value :  2.17039e-08
 Reference value :  2.17078e-08
 Reference value :  2.17122e-08
 Reference value :  2.17199e-08
 Reference value :  2.17297e-08
 Reference value :  2.17368e-08
 Reference value :  2.17464e-08
 Reference value :  2.17488e-08
 Reference value :  2.17495e-08
 Reference value :  2.17542e-08
 Reference value :  2.17635e-08
 Reference value :  2.17778e-08
 Reference value :  2.17917e-08
 Reference value :  2.18102e-08
 Reference value :  2.18367e-08
 Reference value :  2.18724e-08
 Reference value :  2.19217e-08
 Reference value :  2.19617e-08
 Reference value :  2.20017e-08
 Reference value :  2.20417e-08
 Reference value :  2.21017e-08
 Reference value :  2.21817e-08
 Reference value :  2.22417e-08
 Reference value :  2.23017e-08
 Reference value :  2.23817e-08
 Reference value :  2.24617e-08
 Reference value :  2.25417e-08
 Reference value :  2.26217e-08
 Reference value :  2.27017e-08
 Reference value :  2.27817e-08
 Reference value :  2.28617e-08
 Reference value :  2.28956e-08
 Reference value :  2.28959e-08
 Reference value :  2.28980e-08
 Reference value :  2.28999e-08
 Reference value :  2.29066e-08
 Reference value :  2.29119e-08
 Reference value :  2.29223e-08
 Reference value :  2.29309e-08
 Reference value :  2.29388e-08
 Reference value :  2.29471e-08
 Reference value :  2.29547e-08
 Reference value :  2.29627e-08
 Reference value :  2.29703e-08
 Reference value :  2.29737e-08
 Reference value :  2.29805e-08
 Reference value :  2.29869e-08
 Reference value :  2.29924e-08
 Reference value :  2.30011e-08
 Reference value :  2.30074e-08
 Reference value :  2.30144e-08
 Reference value :  2.30177e-08
 Reference value :  2.30278e-08
 Reference value :  2.30346e-08
 Reference value :  2.30456e-08
 Reference value :  2.30457e-08
 Reference value :  2.30470e-08
 Reference value :  2.30502e-08
 Reference value :  2.30562e-08
 Reference value :  2.30632e-08
 Reference value :  2.30720e-08
 Reference value :  2.30827e-08
 Reference value :  2.30927e-08
 Reference value :  2.30957e-08
 Reference value :  2.30966e-08
 Reference value :  2.31035e-08
 Reference value :  2.31127e-08
 Reference value :  2.31227e-08
 Reference value :  2.31345e-08
 Reference value :  2.31481e-08
 Reference value :  2.31710e-08
 Reference value :  2.31991e-08
 Reference value :  2.32403e-08
 Reference value :  2.32967e-08
 Reference value :  2.33567e-08
 Reference value :  2.34167e-08
 Reference value :  2.34767e-08
 Reference value :  2.35367e-08
 Reference value :  2.36167e-08
 Reference value :  2.36767e-08
 Reference value :  2.37367e-08
 Reference value :  2.37967e-08
 Reference value :  2.38567e-08
 Reference value :  2.39167e-08
 Reference value :  2.39767e-08
 Reference value :  2.40567e-08
 Reference value :  2.41367e-08
 Reference value :  2.42167e-08
 Reference value :  2.42424e-08
 Reference value :  2.42426e-08
 Reference value :  2.42434e-08
 Reference value :  2.42462e-08
 Reference value :  2.42527e-08
 Reference value :  2.42611e-08
 Reference value :  2.42682e-08
 Reference value :  2.42766e-08
 Reference value :  2.42887e-08
 Reference value :  2.42928e-08
 Reference value :  2.43004e-08
 Reference value :  2.43127e-08
 Reference value :  2.43239e-08
 Reference value :  2.43308e-08
 Reference value :  2.43340e-08
 Reference value :  2.43397e-08
 Reference value :  2.43457e-08
 Reference value :  2.43517e-08
 Reference value :  2.43619e-08
 Reference value :  2.43722e-08
 Reference value :  2.43789e-08
 Reference value :  2.43893e-08
 Reference value :  2.43924e-08
 Reference value :  2.43930e-08
 Reference value :  2.43947e-08
 Reference value :  2.43963e-08
 Reference value :  2.44022e-08
 Reference value :  2.44091e-08
 Reference value :  2.44176e-08
 Reference value :  2.44282e-08
 Reference value :  2.44391e-08
 Reference value :  2.44425e-08
 Reference value :  2.44430e-08
 Reference value :  2.44469e-08
 Reference value :  2.44564e-08
 Reference value :  2.44665e-08
 Reference value :  2.44791e-08
 Reference value :  2.44953e-08
 Reference value :  2.45095e-08
 Reference value :  2.45278e-08
 Reference value :  2.45625e-08
 Reference value :  2.45926e-08
 Reference value :  2.46305e-08
 Reference value :  2.46705e-08
 Reference value :  2.47305e-08
 Reference value :  2.47905e-08
 Reference value :  2.48505e-08
 Reference value :  2.49305e-08
 Reference value :  2.49905e-08
 Reference value :  2.50705e-08
 Reference value :  2.51305e-08
 Reference value :  2.52105e-08
 Reference value :  2.52905e-08
 Reference value :  2.53905e-08
 Reference value :  2.54705e-08
 Reference value :  2.55305e-08
 Reference value :  2.55892e-08
 Reference value :  2.55893e-08
 Reference value :  2.55899e-08
 Reference value :  2.55936e-08
 Reference value :  2.56005e-08
 Reference value :  2.56090e-08
 Reference value :  2.56207e-08
 Reference value :  2.56328e-08
 Reference value :  2.56412e-08
 Reference value :  2.56488e-08
 Reference value :  2.56612e-08
 Reference value :  2.56757e-08
 Reference value :  2.56811e-08
 Reference value :  2.56866e-08
 Reference value :  2.56954e-08
 Reference value :  2.57054e-08
 Reference value :  2.57158e-08
 Reference value :  2.57259e-08
 Reference value :  2.57362e-08
 Reference value :  2.57392e-08
 Reference value :  2.57395e-08
 Reference value :  2.57414e-08
 Reference value :  2.57430e-08
 Reference value :  2.57489e-08
 Reference value :  2.57533e-08
 Reference value :  2.57584e-08
 Reference value :  2.57643e-08
 Reference value :  2.57714e-08
 Reference value :  2.57820e-08
 Reference value :  2.57893e-08
 Reference value :  2.57899e-08
 Reference value :  2.57946e-08
 Reference value :  2.58033e-08
 Reference value :  2.58184e-08
 Reference value :  2.58306e-08
 Reference value :  2.58446e-08
 Reference value :  2.58678e-08
 Reference value :  2.58971e-08
 Reference value :  2.59243e-08
 Reference value :  2.59783e-08
 Reference value :  2.60383e-08
 Reference value :  2.60983e-08
 Reference value :  2.61583e-08
 Reference value :  2.62183e-08
 Reference value :  2.62783e-08
 Reference value :  2.63383e-08
 Reference value :  2.64183e-08
 Reference value :  2.64783e-08
 Reference value :  2.65583e-08
 Reference value :  2.66383e-08
 Reference value :  2.66983e-08
 Reference value :  2.67583e-08
 Reference value :  2.68383e-08
 Reference value :  2.69171e-08
 Reference value :  2.69360e-08
 Reference value :  2.69360e-08
 Reference value :  2.69360e-08
 Reference value :  2.69360e-08
 Reference value :  2.69360e-08
 Reference value :  2.69360e-08
 Reference value :  2.69360e-08
 Reference value :  2.69360e-08
 Reference value :  2.69360e-08
 Reference value :  2.69360e-08
 Reference value :  2.69360e-08
 Reference value :  2.69360e-08
 Reference value :  2.69361e-08
 Reference value :  2.69362e-08
 Reference value :  2.69372e-08
 Reference value :  2.69388e-08
 Reference value :  2.69412e-08
 Reference value :  2.69461e-08
 Reference value :  2.69514e-08
 Reference value :  2.69551e-08
 Reference value :  2.69592e-08
 Reference value :  2.69661e-08
 Reference value :  2.69711e-08
 Reference value :  2.69792e-08
 Reference value :  2.69888e-08
 Reference value :  2.69962e-08
 Reference value :  2.70084e-08
 Reference value :  2.70159e-08
 Reference value :  2.70227e-08
 Reference value :  2.70281e-08
 Reference value :  2.70304e-08
 Reference value :  2.70353e-08
 Reference value :  2.70406e-08
 Reference value :  2.70499e-08
 Reference value :  2.70572e-08
 Reference value :  2.70639e-08
 Reference value :  2.70738e-08
 Reference value :  2.70834e-08
 Reference value :  2.70860e-08
 Reference value :  2.70862e-08
 Reference value :  2.70879e-08
 Reference value :  2.70915e-08
 Reference value :  2.70933e-08
 Reference value :  2.70997e-08
 Reference value :  2.71074e-08
 Reference value :  2.71173e-08
 Reference value :  2.71243e-08
 Reference value :  2.71336e-08
 Reference value :  2.71360e-08
 Reference value :  2.71367e-08
 Reference value :  2.71414e-08
 Reference value :  2.71507e-08
 Reference value :  2.71575e-08
 Reference value :  2.71694e-08
 Reference value :  2.71845e-08
 Reference value :  2.71975e-08
 Reference value :  2.72142e-08
 Reference value :  2.72511e-08
 Reference value :  2.72892e-08
 Reference value :  2.73292e-08
 Reference value :  2.73892e-08
 Reference value :  2.74292e-08
 Reference value :  2.74892e-08
 Reference value :  2.75692e-08
 Reference value :  2.76492e-08
 Reference value :  2.77292e-08
 Reference value :  2.77892e-08
 Reference value :  2.78692e-08
 Reference value :  2.79492e-08
 Reference value :  2.80092e-08
 Reference value :  2.80892e-08
 Reference value :  2.81692e-08
 Reference value :  2.82492e-08
 Reference value :  2.82828e-08
 Reference value :  2.82831e-08
 Reference value :  2.82852e-08
 Reference value :  2.82892e-08
 Reference value :  2.82964e-08
 Reference value :  2.83023e-08
 Reference value :  2.83138e-08
 Reference value :  2.83260e-08
 Reference value :  2.83343e-08
 Reference value :  2.83419e-08
 Reference value :  2.83538e-08
 Reference value :  2.83576e-08
 Reference value :  2.83685e-08
 Reference value :  2.83737e-08
 Reference value :  2.83789e-08
 Reference value :  2.83874e-08
 Reference value :  2.83972e-08
 Reference value :  2.84080e-08
 Reference value :  2.84181e-08
 Reference value :  2.84287e-08
 Reference value :  2.84328e-08
 Reference value :  2.84330e-08
 Reference value :  2.84344e-08
 Reference value :  2.84399e-08
 Reference value :  2.84461e-08
 Reference value :  2.84538e-08
 Reference value :  2.84636e-08
 Reference value :  2.84738e-08
 Reference value :  2.84828e-08
 Reference value :  2.84829e-08
 Reference value :  2.84833e-08
 Reference value :  2.84867e-08
 Reference value :  2.84999e-08
 Reference value :  2.85105e-08
 Reference value :  2.85301e-08
 Reference value :  2.85524e-08
 Reference value :  2.85787e-08
 Reference value :  2.86019e-08
 Reference value :  2.86559e-08
 Reference value :  2.87159e-08
 Reference value :  2.87759e-08
 Reference value :  2.88359e-08
 Reference value :  2.88959e-08
 Reference value :  2.89559e-08
 Reference value :  2.90359e-08
 Reference value :  2.91159e-08
 Reference value :  2.91759e-08
 Reference value :  2.92359e-08
 Reference value :  2.92959e-08
 Reference value :  2.93759e-08
 Reference value :  2.94559e-08
 Reference value :  2.95359e-08
 Reference value :  2.96128e-08
 Reference value :  2.96297e-08
 Reference value :  2.96302e-08
 Reference value :  2.96320e-08
 Reference value :  2.96339e-08
 Reference value :  2.96406e-08
 Reference value :  2.96490e-08
 Reference value :  2.96563e-08
 Reference value :  2.96688e-08
 Reference value :  2.96810e-08
 Reference value :  2.96886e-08
 Reference value :  2.97009e-08
 Reference value :  2.97119e-08
 Reference value :  2.97183e-08
 Reference value :  2.97207e-08
 Reference value :  2.97259e-08
 Reference value :  2.97344e-08
 Reference value :  2.97407e-08
 Reference value :  2.97516e-08
 Reference value :  2.97618e-08
 Reference value :  2.97721e-08
 Reference value :  2.97796e-08
 Reference value :  2.97797e-08
 Reference value :  2.97800e-08
 Reference value :  2.97812e-08
 Reference value :  2.97847e-08
 Reference value :  2.97908e-08
 Reference value :  2.97978e-08
 Reference value :  2.98069e-08
 Reference value :  2.98205e-08
 Reference value :  2.98268e-08
 Reference value :  2.98297e-08
 Reference value :  2.98300e-08
 Reference value :  2.98330e-08
 Reference value :  2.98357e-08
 Reference value :  2.98420e-08
 Reference value :  2.98485e-08
 Reference value :  2.98597e-08
 Reference value :  2.98687e-08
 Reference value :  2.98858e-08
 Reference value :  2.99009e-08
 Reference value :  2.99335e-08
 Reference value :  2.99879e-08
 Reference value :  3.00479e-08
 Reference value :  3.01079e-08
 Reference value :  3.01679e-08
 Reference value :  3.02479e-08
 Reference value :  3.03279e-08
 Reference value :  3.03879e-08
 Reference value :  3.04479e-08
 Reference value :  3.05279e-08
 Reference value :  3.06079e-08
 Reference value :  3.06679e-08
 Reference value :  3.07279e-08
 Reference value :  3.07879e-08
 Reference value :  3.08679e-08
 Reference value :  3.09279e-08
 Reference value :  3.09764e-08
 Reference value :  3.09765e-08
 Reference value :  3.09775e-08
 Reference value :  3.09825e-08
 Reference value :  3.09847e-08
 Reference value :  3.09923e-08
 Reference value :  3.10025e-08
 Reference value :  3.10151e-08
 Reference value :  3.10272e-08
 Reference value :  3.10348e-08
 Reference value :  3.10467e-08
 Reference value :  3.10505e-08
 Reference value :  3.10582e-08
 Reference value :  3.10644e-08
 Reference value :  3.10669e-08
 Reference value :  3.10693e-08
 Reference value :  3.10747e-08
 Reference value :  3.10836e-08
 Reference value :  3.10940e-08
 Reference value :  3.11045e-08
 Reference value :  3.11147e-08
 Reference value :  3.11241e-08
 Reference value :  3.11264e-08
 Reference value :  3.11266e-08
 Reference value :  3.11280e-08
 Reference value :  3.11315e-08
 Reference value :  3.11354e-08
 Reference value :  3.11421e-08
 Reference value :  3.11474e-08
 Reference value :  3.11537e-08
 Reference value :  3.11640e-08
 Reference value :  3.11736e-08
 Reference value :  3.11765e-08
 Reference value :  3.11769e-08
 Reference value :  3.11803e-08
 Reference value :  3.11886e-08
 Reference value :  3.11984e-08
 Reference value :  3.12102e-08
 Reference value :  3.12310e-08
 Reference value :  3.12461e-08
 Reference value :  3.12723e-08
 Reference value :  3.12956e-08
 Reference value :  3.13496e-08
 Reference value :  3.14096e-08
 Reference value :  3.14696e-08
 Reference value :  3.15496e-08
 Reference value :  3.16096e-08
 Reference value :  3.16896e-08
 Reference value :  3.17896e-08
 Reference value :  3.18696e-08
 Reference value :  3.19296e-08
 Reference value :  3.20096e-08
 Reference value :  3.20896e-08
 Reference value :  3.21496e-08
 Reference value :  3.22096e-08
 Reference value :  3.22696e-08
 Reference value :  3.23233e-08
 Reference value :  3.23235e-08
 Reference value :  3.23256e-08
 Reference value :  3.23275e-08
 Reference value :  3.23342e-08
 Reference value :  3.23426e-08
 Reference value :  3.23541e-08
 Reference value :  3.23624e-08
 Reference value :  3.23705e-08
 Reference value :  3.23746e-08
 Reference value :  3.23784e-08
 Reference value :  3.23863e-08
 Reference value :  3.23984e-08
 Reference value :  3.24055e-08
 Reference value :  3.24119e-08
 Reference value :  3.24168e-08
 Reference value :  3.24250e-08
 Reference value :  3.24343e-08
 Reference value :  3.24452e-08
 Reference value :  3.24520e-08
 Reference value :  3.24587e-08
 Reference value :  3.24657e-08
 Reference value :  3.24713e-08
 Reference value :  3.24732e-08
 Reference value :  3.24734e-08
 Reference value :  3.24748e-08
 Reference value :  3.24783e-08
 Reference value :  3.24822e-08
 Reference value :  3.24890e-08
 Reference value :  3.24942e-08
 Reference value :  3.25040e-08
 Reference value :  3.25141e-08
 Reference value :  3.25232e-08
 Reference value :  3.25233e-08
 Reference value :  3.25241e-08
 Reference value :  3.25266e-08
 Reference value :  3.25293e-08
 Reference value :  3.25356e-08
 Reference value :  3.25421e-08
 Reference value :  3.25533e-08
 Reference value :  3.25624e-08
 Reference value :  3.25732e-08
 Reference value :  3.25945e-08
 Reference value :  3.26144e-08
 Reference value :  3.26423e-08
 Reference value :  3.26815e-08
 Reference value :  3.27215e-08
 Reference value :  3.27615e-08
 Reference value :  3.28215e-08
 Reference value :  3.29015e-08
 Reference value :  3.29815e-08
 Reference value :  3.30415e-08
 Reference value :  3.31215e-08
 Reference value :  3.31815e-08
 Reference value :  3.32615e-08
 Reference value :  3.33415e-08
 Reference value :  3.34215e-08
 Reference value :  3.34815e-08
 Reference value :  3.35615e-08
 Reference value :  3.36415e-08
 Reference value :  3.36701e-08
 Reference value :  3.36703e-08
 Reference value :  3.36711e-08
 Reference value :  3.36761e-08
 Reference value :  3.36783e-08
 Reference value :  3.36859e-08
 Reference value :  3.36922e-08
 Reference value :  3.37003e-08
 Reference value :  3.37087e-08
 Reference value :  3.37208e-08
 Reference value :  3.37284e-08
 Reference value :  3.37364e-08
 Reference value :  3.37403e-08
 Reference value :  3.37481e-08
 Reference value :  3.37551e-08
 Reference value :  3.37605e-08
 Reference value :  3.37657e-08
 Reference value :  3.37741e-08
 Reference value :  3.37876e-08
 Reference value :  3.37981e-08
 Reference value :  3.38083e-08
 Reference value :  3.38154e-08
 Reference value :  3.38200e-08
 Reference value :  3.38200e-08
 Reference value :  3.38202e-08
 Reference value :  3.38216e-08
 Reference value :  3.38271e-08
 Reference value :  3.38312e-08
 Reference value :  3.38357e-08
 Reference value :  3.38410e-08
 Reference value :  3.38508e-08
 Reference value :  3.38610e-08
 Reference value :  3.38700e-08
 Reference value :  3.38701e-08
 Reference value :  3.38710e-08
 Reference value :  3.38739e-08
 Reference value :  3.38822e-08
 Reference value :  3.38977e-08
 Reference value :  3.39173e-08
 Reference value :  3.39319e-08
 Reference value :  3.39565e-08
 Reference value :  3.39767e-08
 Reference value :  3.40054e-08
 Reference value :  3.40632e-08
 Reference value :  3.41232e-08
 Reference value :  3.41832e-08
 Reference value :  3.42632e-08
 Reference value :  3.43232e-08
 Reference value :  3.44032e-08
 Reference value :  3.44832e-08
 Reference value :  3.45632e-08
 Reference value :  3.46232e-08
 Reference value :  3.47232e-08
 Reference value :  3.48032e-08
 Reference value :  3.49032e-08
 Reference value :  3.50000e-08
 Reference value :  3.50169e-08
 Reference value :  3.50171e-08
 Reference value :  3.50192e-08
 Reference value :  3.50211e-08
 Reference value :  3.50278e-08
 Reference value :  3.50331e-08
 Reference value :  3.50435e-08
 Reference value :  3.50520e-08
 Reference value :  3.50599e-08
 Reference value :  3.50682e-08
 Reference value :  3.50720e-08
 Reference value :  3.50799e-08
 Reference value :  3.50881e-08
 Reference value :  3.50957e-08
 Reference value :  3.51055e-08
 Reference value :  3.51079e-08
 Reference value :  3.51104e-08
 Reference value :  3.51186e-08
 Reference value :  3.51279e-08
 Reference value :  3.51388e-08
 Reference value :  3.51456e-08
 Reference value :  3.51524e-08
 Reference value :  3.51593e-08
 Reference value :  3.51668e-08
 Reference value :  3.51668e-08
 Reference value :  3.51672e-08
 Reference value :  3.51701e-08
 Reference value :  3.51758e-08
 Reference value :  3.51801e-08
 Reference value :  3.51878e-08
 Reference value :  3.51976e-08
 Reference value :  3.52078e-08
 Reference value :  3.52168e-08
 Reference value :  3.52169e-08
 Reference value :  3.52185e-08
 Reference value :  3.52230e-08
 Reference value :  3.52324e-08
 Reference value :  3.52392e-08
 Reference value :  3.52469e-08
 Reference value :  3.52560e-08
 Reference value :  3.52668e-08
 Reference value :  3.52801e-08
 Reference value :  3.52974e-08
 Reference value :  3.53207e-08
 Reference value :  3.53751e-08
 Reference value :  3.54351e-08
 Reference value :  3.54951e-08
 Reference value :  3.55751e-08
 Reference value :  3.56551e-08
 Reference value :  3.57351e-08
 Reference value :  3.58351e-08
 Reference value :  3.58951e-08
 Reference value :  3.59751e-08
 Reference value :  3.60751e-08
 Reference value :  3.61551e-08
 Reference value :  3.62351e-08
 Reference value :  3.62951e-08
 Reference value :  3.63494e-08
 Reference value :  3.63637e-08
 Reference value :  3.63639e-08
 Reference value :  3.63657e-08
 Reference value :  3.63697e-08
 Reference value :  3.63742e-08
 Reference value :  3.63826e-08
 Reference value :  3.63897e-08
 Reference value :  3.64023e-08
 Reference value :  3.64144e-08
 Reference value :  3.64220e-08
 Reference value :  3.64339e-08
 Reference value :  3.64417e-08
 Reference value :  3.64487e-08
 Reference value :  3.64541e-08
 Reference value :  3.64593e-08
 Reference value :  3.64677e-08
 Reference value :  3.64774e-08
 Reference value :  3.64849e-08
 Reference value :  3.64917e-08
 Reference value :  3.65019e-08
 Reference value :  3.65113e-08
 Reference value :  3.65136e-08
 Reference value :  3.65140e-08
 Reference value :  3.65169e-08
 Reference value :  3.65207e-08
 Reference value :  3.65269e-08
 Reference value :  3.65346e-08
 Reference value :  3.65444e-08
 Reference value :  3.65512e-08
 Reference value :  3.65608e-08
 Reference value :  3.65637e-08
 Reference value :  3.65656e-08
 Reference value :  3.65758e-08
 Reference value :  3.65913e-08
 Reference value :  3.66109e-08
 Reference value :  3.66333e-08
 Reference value :  3.66595e-08
 Reference value :  3.66990e-08
 Reference value :  3.67568e-08
 Reference value :  3.68168e-08
 Reference value :  3.68568e-08
 Reference value :  3.69168e-08
 Reference value :  3.69968e-08
 Reference value :  3.70768e-08
 Reference value :  3.71568e-08
 Reference value :  3.72368e-08
 Reference value :  3.73168e-08
 Reference value :  3.73968e-08
 Reference value :  3.74568e-08
 Reference value :  3.75368e-08
 Reference value :  3.75968e-08
 Reference value :  3.76768e-08
 Reference value :  3.77105e-08
 Reference value :  3.77110e-08
 Reference value :  3.77128e-08
 Reference value :  3.77174e-08
 Reference value :  3.77261e-08
 Reference value :  3.77327e-08
 Reference value :  3.77438e-08
 Reference value :  3.77517e-08
 Reference value :  3.77647e-08
 Reference value :  3.77728e-08
 Reference value :  3.77850e-08
 Reference value :  3.77956e-08
 Reference value :  3.78013e-08
 Reference value :  3.78040e-08
 Reference value :  3.78097e-08
 Reference value :  3.78188e-08
 Reference value :  3.78255e-08
 Reference value :  3.78367e-08
 Reference value :  3.78434e-08
 Reference value :  3.78535e-08
 Reference value :  3.78604e-08
 Reference value :  3.78605e-08
 Reference value :  3.78611e-08
 Reference value :  3.78651e-08
 Reference value :  3.78711e-08
 Reference value :  3.78781e-08
 Reference value :  3.78837e-08
 Reference value :  3.78944e-08
 Reference value :  3.79079e-08
 Reference value :  3.79105e-08
 Reference value :  3.79111e-08
 Reference value :  3.79191e-08
 Reference value :  3.79322e-08
 Reference value :  3.79488e-08
 Reference value :  3.79657e-08
 Reference value :  3.79886e-08
 Reference value :  3.80070e-08
 Reference value :  3.80467e-08
 Reference value :  3.80845e-08
 Reference value :  3.81245e-08
 Reference value :  3.81645e-08
 Reference value :  3.82245e-08
 Reference value :  3.83045e-08
 Reference value :  3.84045e-08
 Reference value :  3.85045e-08
 Reference value :  3.86045e-08
 Reference value :  3.86645e-08
 Reference value :  3.87645e-08
 Reference value :  3.88445e-08
 Reference value :  3.89045e-08
 Reference value :  3.89845e-08
 Reference value :  3.90573e-08
 Reference value :  3.90578e-08
 Reference value :  3.90614e-08
 Reference value :  3.90707e-08
 Reference value :  3.90838e-08
 Reference value :  3.91003e-08
 Reference value :  3.91124e-08
 Reference value :  3.91202e-08
 Reference value :  3.91281e-08
 Reference value :  3.91352e-08
 Reference value :  3.91455e-08
 Reference value :  3.91510e-08
 Reference value :  3.91598e-08
 Reference value :  3.91690e-08
 Reference value :  3.91760e-08
 Reference value :  3.91827e-08
 Reference value :  3.91926e-08
 Reference value :  3.91998e-08
 Reference value :  3.92073e-08
 Reference value :  3.92086e-08
 Reference value :  3.92118e-08
 Reference value :  3.92200e-08
 Reference value :  3.92275e-08
 Reference value :  3.92408e-08
 Reference value :  3.92544e-08
 Reference value :  3.92573e-08
 Reference value :  3.92592e-08
 Reference value :  3.92694e-08
 Reference value :  3.92842e-08
 Reference value :  3.93096e-08
 Reference value :  3.93324e-08
 Reference value :  3.93502e-08
 Reference value :  3.93864e-08
 Reference value :  3.94379e-08
 Reference value :  3.94979e-08
 Reference value :  3.95579e-08
 Reference value :  3.96779e-08
 Reference value :  3.97579e-08
 Reference value :  3.98179e-08
 Reference value :  3.98979e-08
 Reference value :  3.99779e-08
 Reference value :  4.00379e-08
 Reference value :  4.00979e-08
 Reference value :  4.01979e-08
 Reference value :  4.02979e-08
 Reference value :  4.03779e-08
 Reference value :  4.04041e-08
 Reference value :  4.04043e-08
 Reference value :  4.04079e-08
 Reference value :  4.04144e-08
 Reference value :  4.04228e-08
 Reference value :  4.04299e-08
 Reference value :  4.04424e-08
 Reference value :  4.04545e-08
 Reference value :  4.04621e-08
 Reference value :  4.04783e-08
 Reference value :  4.04890e-08
 Reference value :  4.04957e-08
 Reference value :  4.05014e-08
 Reference value :  4.05134e-08
 Reference value :  4.05237e-08
 Reference value :  4.05339e-08
 Reference value :  4.05441e-08
 Reference value :  4.05510e-08
 Reference value :  4.05541e-08
 Reference value :  4.05546e-08
 Reference value :  4.05579e-08
 Reference value :  4.05638e-08
 Reference value :  4.05682e-08
 Reference value :  4.05761e-08
 Reference value :  4.05863e-08
 Reference value :  4.05969e-08
 Reference value :  4.06041e-08
 Reference value :  4.06052e-08
 Reference value :  4.06118e-08
 Reference value :  4.06212e-08
 Reference value :  4.06322e-08
 Reference value :  4.06457e-08
 Reference value :  4.06639e-08
 Reference value :  4.06898e-08
 Reference value :  4.07246e-08
 Reference value :  4.07548e-08
 Reference value :  4.08128e-08
 Reference value :  4.08928e-08
 Reference value :  4.09728e-08
 Reference value :  4.10528e-08
 Reference value :  4.11328e-08
 Reference value :  4.12128e-08
 Reference value :  4.12728e-08
 Reference value :  4.13328e-08
 Reference value :  4.14128e-08
 Reference value :  4.14728e-08
 Reference value :  4.15328e-08
 Reference value :  4.16128e-08
 Reference value :  4.16928e-08
 Reference value :  4.17509e-08
 Reference value :  4.17511e-08
 Reference value :  4.17534e-08
 Reference value :  4.17574e-08
 Reference value :  4.17645e-08
 Reference value :  4.17739e-08
 Reference value :  4.17863e-08
 Reference value :  4.17985e-08
 Reference value :  4.18064e-08
 Reference value :  4.18142e-08
 Reference value :  4.18226e-08
 Reference value :  4.18337e-08
 Reference value :  4.18400e-08
 Reference value :  4.18452e-08
 Reference value :  4.18540e-08
 Reference value :  4.18669e-08
 Reference value :  4.18773e-08
 Reference value :  4.18874e-08
 Reference value :  4.19008e-08
 Reference value :  4.19009e-08
 Reference value :  4.19019e-08
 Reference value :  4.19047e-08
 Reference value :  4.19086e-08
 Reference value :  4.19127e-08
 Reference value :  4.19201e-08
 Reference value :  4.19260e-08
 Reference value :  4.19366e-08
 Reference value :  4.19437e-08
 Reference value :  4.19508e-08
 Reference value :  4.19510e-08
 Reference value :  4.19521e-08
 Reference value :  4.19601e-08
 Reference value :  4.19744e-08
 Reference value :  4.19918e-08
 Reference value :  4.20132e-08
 Reference value :  4.20378e-08
 Reference value :  4.20708e-08
 Reference value :  4.21189e-08
 Reference value :  4.21789e-08
 Reference value :  4.22389e-08
 Reference value :  4.22989e-08
 Reference value :  4.23789e-08
 Reference value :  4.24589e-08
 Reference value :  4.25589e-08
 Reference value :  4.26389e-08
 Reference value :  4.27189e-08
 Reference value :  4.27789e-08
 Reference value :  4.28389e-08
 Reference value :  4.28989e-08
 Reference value :  4.29589e-08
 Reference value :  4.30389e-08
 Reference value :  4.30977e-08
 Reference value :  4.30980e-08
 Reference value :  4.30989e-08
 Reference value :  4.31021e-08
 Reference value :  4.31065e-08
 Reference value :  4.31143e-08
 Reference value :  4.31209e-08
 Reference value :  4.31290e-08
 Reference value :  4.31412e-08
 Reference value :  4.31496e-08
 Reference value :  4.31572e-08
 Reference value :  4.31695e-08
 Reference value :  4.31804e-08
 Reference value :  4.31871e-08
 Reference value :  4.31901e-08
 Reference value :  4.31961e-08
 Reference value :  4.32050e-08
 Reference value :  4.32115e-08
 Reference value :  4.32188e-08
 Reference value :  4.32288e-08
 Reference value :  4.32392e-08
 Reference value :  4.32476e-08
 Reference value :  4.32477e-08
 Reference value :  4.32478e-08
 Reference value :  4.32493e-08
 Reference value :  4.32527e-08
 Reference value :  4.32588e-08
 Reference value :  4.32635e-08
 Reference value :  4.32716e-08
 Reference value :  4.32822e-08
 Reference value :  4.32928e-08
 Reference value :  4.32977e-08
 Reference value :  4.32980e-08
 Reference value :  4.33030e-08
 Reference value :  4.33092e-08
 Reference value :  4.33191e-08
 Reference value :  4.33309e-08
 Reference value :  4.33460e-08
 Reference value :  4.33667e-08
 Reference value :  4.33963e-08
 Reference value :  4.34212e-08
 Reference value :  4.34521e-08
 Reference value :  4.34905e-08
 Reference value :  4.35505e-08
 Reference value :  4.35905e-08
 Reference value :  4.36905e-08
 Reference value :  4.37705e-08
 Reference value :  4.38705e-08
 Reference value :  4.39505e-08
 Reference value :  4.40305e-08
 Reference value :  4.41105e-08
 Reference value :  4.41905e-08
 Reference value :  4.42505e-08
 Reference value :  4.43505e-08
 Reference value :  4.44275e-08
 Reference value :  4.44445e-08
 Reference value :  4.44447e-08
 Reference value :  4.44468e-08
 Reference value :  4.44508e-08
 Reference value :  4.44580e-08
 Reference value :  4.44672e-08
 Reference value :  4.44797e-08
 Reference value :  4.44918e-08
 Reference value :  4.44959e-08
 Reference value :  4.45035e-08
 Reference value :  4.45155e-08
 Reference value :  4.45226e-08
 Reference value :  4.45293e-08
 Reference value :  4.45357e-08
 Reference value :  4.45412e-08
 Reference value :  4.45500e-08
 Reference value :  4.45598e-08
 Reference value :  4.45665e-08
 Reference value :  4.45766e-08
 Reference value :  4.45871e-08
 Reference value :  4.45945e-08
 Reference value :  4.45951e-08
 Reference value :  4.45990e-08
 Reference value :  4.46050e-08
 Reference value :  4.46147e-08
 Reference value :  4.46244e-08
 Reference value :  4.46315e-08
 Reference value :  4.46415e-08
 Reference value :  4.46445e-08
 Reference value :  4.46454e-08
 Reference value :  4.46523e-08
 Reference value :  4.46662e-08
 Reference value :  4.46833e-08
 Reference value :  4.46970e-08
 Reference value :  4.47119e-08
 Reference value :  4.47284e-08
 Reference value :  4.47479e-08
 Reference value :  4.47739e-08
 Reference value :  4.48064e-08
 Reference value :  4.48455e-08
 Reference value :  4.48855e-08
 Reference value :  4.49255e-08
 Reference value :  4.49855e-08
 Reference value :  4.50655e-08
 Reference value :  4.51255e-08
 Reference value :  4.52055e-08
 Reference value :  4.52855e-08
 Reference value :  4.53655e-08
 Reference value :  4.54455e-08
 Reference value :  4.55255e-08
 Reference value :  4.56055e-08
 Reference value :  4.56855e-08
 Reference value :  4.57455e-08
 Reference value :  4.57913e-08
 Reference value :  4.57917e-08
 Reference value :  4.57950e-08
 Reference value :  4.58015e-08
 Reference value :  4.58099e-08
 Reference value :  4.58211e-08
 Reference value :  4.58334e-08
 Reference value :  4.58416e-08
 Reference value :  4.58492e-08
 Reference value :  4.58616e-08
 Reference value :  4.58727e-08
 Reference value :  4.58828e-08
 Reference value :  4.58885e-08
 Reference value :  4.58945e-08
 Reference value :  4.59039e-08
 Reference value :  4.59108e-08
 Reference value :  4.59210e-08
 Reference value :  4.59312e-08
 Reference value :  4.59412e-08
 Reference value :  4.59413e-08
 Reference value :  4.59415e-08
 Reference value :  4.59424e-08
 Reference value :  4.59451e-08
 Reference value :  4.59511e-08
 Reference value :  4.59579e-08
 Reference value :  4.59664e-08
 Reference value :  4.59736e-08
 Reference value :  4.59842e-08
 Reference value :  4.59912e-08
 Reference value :  4.59913e-08
 Reference value :  4.59918e-08
 Reference value :  4.59957e-08
 Reference value :  4.60052e-08
 Reference value :  4.60118e-08
 Reference value :  4.60193e-08
 Reference value :  4.60279e-08
 Reference value :  4.60382e-08
 Reference value :  4.60583e-08
 Reference value :  4.60766e-08
 Reference value :  4.60987e-08
 Reference value :  4.61256e-08
 Reference value :  4.61593e-08
 Reference value :  4.61993e-08
 Reference value :  4.62393e-08
 Reference value :  4.62993e-08
 Reference value :  4.63793e-08
 Reference value :  4.64593e-08
 Reference value :  4.65193e-08
 Reference value :  4.65793e-08
 Reference value :  4.66393e-08
 Reference value :  4.67193e-08
 Reference value :  4.67793e-08
 Reference value :  4.68593e-08
 Reference value :  4.69193e-08
 Reference value :  4.69793e-08
 Reference value :  4.70393e-08
 Reference value :  4.70993e-08
 Reference value :  4.71381e-08
 Reference value :  4.71384e-08
 Reference value :  4.71393e-08
 Reference value :  4.71425e-08
 Reference value :  4.71469e-08
 Reference value :  4.71518e-08
 Reference value :  4.71612e-08
 Reference value :  4.71737e-08
 Reference value :  4.71859e-08
 Reference value :  4.71938e-08
 Reference value :  4.72016e-08
 Reference value :  4.72139e-08
 Reference value :  4.72211e-08
 Reference value :  4.72273e-08
 Reference value :  4.72299e-08
 Reference value :  4.72354e-08
 Reference value :  4.72413e-08
 Reference value :  4.72506e-08
 Reference value :  4.72613e-08
 Reference value :  4.72713e-08
 Reference value :  4.72820e-08
 Reference value :  4.72881e-08
 Reference value :  4.72882e-08
 Reference value :  4.72891e-08
 Reference value :  4.72918e-08
 Reference value :  4.72977e-08
 Reference value :  4.73046e-08
 Reference value :  4.73131e-08
 Reference value :  4.73237e-08
 Reference value :  4.73308e-08
 Reference value :  4.73380e-08
 Reference value :  4.73381e-08
 Reference value :  4.73394e-08
 Reference value :  4.73476e-08
 Reference value :  4.73619e-08
 Reference value :  4.73794e-08
 Reference value :  4.73934e-08
 Reference value :  4.74085e-08
 Reference value :  4.74351e-08
 Reference value :  4.74731e-08
 Reference value :  4.75471e-08
 Reference value :  4.76071e-08
 Reference value :  4.76671e-08
 Reference value :  4.77271e-08
 Reference value :  4.78071e-08
 Reference value :  4.78871e-08
 Reference value :  4.79471e-08
 Reference value :  4.80271e-08
 Reference value :  4.80871e-08
 Reference value :  4.81671e-08
 Reference value :  4.82271e-08
 Reference value :  4.83071e-08
 Reference value :  4.83671e-08
 Reference value :  4.84471e-08
 Reference value :  4.84849e-08
 Reference value :  4.84852e-08
 Reference value :  4.84875e-08
 Reference value :  4.84915e-08
 Reference value :  4.84987e-08
 Reference value :  4.85046e-08
 Reference value :  4.85163e-08
 Reference value :  4.85284e-08
 Reference value :  4.85368e-08
 Reference value :  4.85445e-08
 Reference value :  4.85525e-08
 Reference value :  4.85642e-08
 Reference value :  4.85743e-08
 Reference value :  4.85773e-08
 Reference value :  4.85802e-08
 Reference value :  4.85893e-08
 Reference value :  4.85987e-08
 Reference value :  4.86060e-08
 Reference value :  4.86161e-08
 Reference value :  4.86265e-08
 Reference value :  4.86326e-08
 Reference value :  4.86349e-08
 Reference value :  4.86352e-08
 Reference value :  4.86381e-08
 Reference value :  4.86439e-08
 Reference value :  4.86507e-08
 Reference value :  4.86588e-08
 Reference value :  4.86657e-08
 Reference value :  4.86728e-08
 Reference value :  4.86800e-08
 Reference value :  4.86848e-08
 Reference value :  4.86849e-08
 Reference value :  4.86855e-08
 Reference value :  4.86902e-08
 Reference value :  4.86995e-08
 Reference value :  4.87100e-08
 Reference value :  4.87227e-08
 Reference value :  4.87393e-08
 Reference value :  4.87628e-08
 Reference value :  4.87953e-08
 Reference value :  4.88393e-08
 Reference value :  4.88777e-08
 Reference value :  4.89377e-08
 Reference value :  4.89977e-08
 Reference value :  4.90777e-08
 Reference value :  4.91577e-08
 Reference value :  4.92177e-08
 Reference value :  4.92777e-08
 Reference value :  4.93377e-08
 Reference value :  4.93977e-08
 Reference value :  4.94577e-08
 Reference value :  4.95177e-08
 Reference value :  4.95977e-08
 Reference value :  4.96777e-08
 Reference value :  4.97577e-08
 Reference value :  4.98316e-08
 Reference value :  4.98317e-08
 Reference value :  4.98322e-08
 Reference value :  4.98340e-08
 Reference value :  4.98380e-08
 Reference value :  4.98452e-08
 Reference value :  4.98544e-08
 Reference value :  4.98669e-08
 Reference value :  4.98790e-08
 Reference value :  4.98870e-08
 Reference value :  4.98948e-08
 Reference value :  4.99027e-08
 Reference value :  4.99064e-08
 Reference value :  4.99131e-08
 Reference value :  4.99200e-08
 Reference value :  4.99229e-08
 Reference value :  4.99255e-08
 Reference value :  4.99343e-08
 Reference value :  4.99403e-08
 Reference value :  4.99471e-08
 Reference value :  4.99537e-08
 Reference value :  4.99604e-08
 Reference value :  4.99671e-08
 Reference value :  4.99743e-08
 Reference value :  4.99816e-08
 Reference value :  4.99817e-08
 Reference value :  4.99820e-08
 Reference value :  4.99830e-08
 Reference value :  4.99862e-08
 Reference value :  4.99922e-08
 Reference value :  4.99967e-08
 Reference value :  5.00019e-08
 Reference value :  5.00080e-08
 Reference value :  5.00152e-08
 Reference value :  5.00258e-08
 Reference value :  5.00317e-08
 Reference value :  5.00321e-08
 Reference value :  5.00356e-08
 Reference value :  5.00487e-08
 Reference value :  5.00587e-08
 Reference value :  5.00705e-08
 Reference value :  5.00915e-08
 Reference value :  5.01156e-08
 Reference value :  5.01470e-08
 Reference value :  5.01937e-08
 Reference value :  5.02527e-08
 Reference value :  5.03127e-08
 Reference value :  5.03727e-08
 Reference value :  5.04527e-08
 Reference value :  5.05527e-08
 Reference value :  5.06127e-08
 Reference value :  5.06727e-08
 Reference value :  5.07327e-08
 Reference value :  5.08127e-08
 Reference value :  5.08927e-08
 Reference value :  5.09727e-08
 Reference value :  5.10527e-08
 Reference value :  5.11327e-08
 Reference value :  5.11785e-08
 Reference value :  5.11785e-08
 Reference value :  5.11794e-08
 Reference value :  5.11842e-08
 Reference value :  5.11914e-08
 Reference value :  5.11971e-08
 Reference value :  5.12042e-08
 Reference value :  5.12167e-08
 Reference value :  5.12288e-08
 Reference value :  5.12364e-08
 Reference value :  5.12488e-08
 Reference value :  5.12565e-08
 Reference value :  5.12633e-08
 Reference value :  5.12700e-08
 Reference value :  5.12729e-08
 Reference value :  5.12788e-08
 Reference value :  5.12847e-08
 Reference value :  5.12946e-08
 Reference value :  5.12980e-08
 Reference value :  5.13048e-08
 Reference value :  5.13149e-08
 Reference value :  5.13253e-08
 Reference value :  5.13285e-08
 Reference value :  5.13287e-08
 Reference value :  5.13307e-08
 Reference value :  5.13323e-08
 Reference value :  5.13383e-08
 Reference value :  5.13451e-08
 Reference value :  5.13536e-08
 Reference value :  5.13643e-08
 Reference value :  5.13714e-08
 Reference value :  5.13785e-08
 Reference value :  5.13790e-08
 Reference value :  5.13829e-08
 Reference value :  5.13924e-08
 Reference value :  5.14025e-08
 Reference value :  5.14151e-08
 Reference value :  5.14313e-08
 Reference value :  5.14541e-08
 Reference value :  5.14859e-08
 Reference value :  5.15286e-08
 Reference value :  5.15865e-08
 Reference value :  5.16465e-08
 Reference value :  5.16865e-08
 Reference value :  5.17465e-08
 Reference value :  5.18065e-08
 Reference value :  5.18865e-08
 Reference value :  5.19465e-08
 Reference value :  5.20065e-08
 Reference value :  5.20665e-08
 Reference value :  5.21465e-08
 Reference value :  5.22065e-08
 Reference value :  5.22665e-08
 Reference value :  5.23465e-08
 Reference value :  5.24265e-08
 Reference value :  5.24865e-08
 Reference value :  5.25253e-08
 Reference value :  5.25254e-08
 Reference value :  5.25259e-08
 Reference value :  5.25279e-08
 Reference value :  5.25297e-08
 Reference value :  5.25365e-08
 Reference value :  5.25450e-08
 Reference value :  5.25567e-08
 Reference value :  5.25688e-08
 Reference value :  5.25772e-08
 Reference value :  5.25811e-08
 Reference value :  5.25848e-08
 Reference value :  5.25929e-08
 Reference value :  5.26012e-08
 Reference value :  5.26083e-08
 Reference value :  5.26145e-08
 Reference value :  5.26171e-08
 Reference value :  5.26197e-08
 Reference value :  5.26255e-08
 Reference value :  5.26314e-08
 Reference value :  5.26378e-08
 Reference value :  5.26451e-08
 Reference value :  5.26551e-08
 Reference value :  5.26655e-08
 Reference value :  5.26722e-08
 Reference value :  5.26753e-08
 Reference value :  5.26755e-08
 Reference value :  5.26774e-08
 Reference value :  5.26790e-08
 Reference value :  5.26829e-08
 Reference value :  5.26894e-08
 Reference value :  5.26972e-08
 Reference value :  5.27074e-08
 Reference value :  5.27180e-08
 Reference value :  5.27253e-08
 Reference value :  5.27253e-08
 Reference value :  5.27266e-08
 Reference value :  5.27348e-08
 Reference value :  5.27491e-08
 Reference value :  5.27666e-08
 Reference value :  5.27880e-08
 Reference value :  5.28127e-08
 Reference value :  5.28331e-08
 Reference value :  5.28603e-08
 Reference value :  5.29143e-08
 Reference value :  5.29543e-08
 Reference value :  5.30143e-08
 Reference value :  5.30743e-08
 Reference value :  5.31743e-08
 Reference value :  5.32343e-08
 Reference value :  5.33143e-08
 Reference value :  5.33743e-08
 Reference value :  5.34543e-08
 Reference value :  5.35143e-08
 Reference value :  5.35943e-08
 Reference value :  5.36743e-08
 Reference value :  5.37543e-08
 Reference value :  5.38343e-08
 Reference value :  5.38721e-08
 Reference value :  5.38721e-08
 Reference value :  5.38721e-08
 Reference value :  5.38721e-08
 Reference value :  5.38721e-08
 Reference value :  5.38721e-08
 Reference value :  5.38721e-08
 Reference value :  5.38721e-08
 Reference value :  5.38721e-08
 Reference value :  5.38721e-08
 Reference value :  5.38721e-08
 Reference value :  5.38721e-08
 Reference value :  5.38721e-08
 Reference value :  5.38721e-08
 Reference value :  5.38721e-08
 Reference value :  5.38727e-08
 Reference value :  5.38741e-08
 Reference value :  5.38773e-08
 Reference value :  5.38821e-08
 Reference value :  5.38875e-08
 Reference value :  5.38911e-08
 Reference value :  5.38952e-08
 Reference value :  5.38998e-08
 Reference value :  5.39046e-08
 Reference value :  5.39097e-08
 Reference value :  5.39183e-08
 Reference value :  5.39248e-08
 Reference value :  5.39322e-08
 Reference value :  5.39403e-08
 Reference value :  5.39483e-08
 Reference value :  5.39587e-08
 Reference value :  5.39642e-08
 Reference value :  5.39688e-08
 Reference value :  5.39766e-08
 Reference value :  5.39827e-08
 Reference value :  5.39896e-08
 Reference value :  5.39966e-08
 Reference value :  5.40065e-08
 Reference value :  5.40133e-08
 Reference value :  5.40221e-08
 Reference value :  5.40221e-08
 Reference value :  5.40230e-08
 Reference value :  5.40275e-08
 Reference value :  5.40313e-08
 Reference value :  5.40381e-08
 Reference value :  5.40464e-08
 Reference value :  5.40533e-08
 Reference value :  5.40603e-08
 Reference value :  5.40672e-08
 Reference value :  5.40721e-08
 Reference value :  5.40721e-08
 Reference value :  5.40724e-08
 Reference value :  5.40748e-08
 Reference value :  5.40805e-08
 Reference value :  5.40868e-08
 Reference value :  5.40973e-08
 Reference value :  5.41100e-08
 Reference value :  5.41267e-08
 Reference value :  5.41414e-08
 Reference value :  5.41605e-08
 Reference value :  5.41872e-08
 Reference value :  5.42453e-08
 Reference value :  5.42853e-08
 Reference value :  5.43453e-08
 Reference value :  5.44053e-08
 Reference value :  5.44853e-08
 Reference value :  5.45653e-08
 Reference value :  5.46453e-08
 Reference value :  5.47253e-08
 Reference value :  5.47853e-08
 Reference value :  5.48453e-08
 Reference value :  5.49053e-08
 Reference value :  5.49653e-08
 Reference value :  5.50453e-08
 Reference value :  5.51053e-08
 Reference value :  5.51653e-08
 Reference value :  5.52189e-08
 Reference value :  5.52189e-08
 Reference value :  5.52194e-08
 Reference value :  5.52213e-08
 Reference value :  5.52252e-08
 Reference value :  5.52298e-08
 Reference value :  5.52352e-08
 Reference value :  5.52456e-08
 Reference value :  5.52541e-08
 Reference value :  5.52662e-08
 Reference value :  5.52742e-08
 Reference value :  5.52820e-08
 Reference value :  5.52899e-08
 Reference value :  5.52936e-08
 Reference value :  5.53012e-08
 Reference value :  5.53073e-08
 Reference value :  5.53097e-08
 Reference value :  5.53122e-08
 Reference value :  5.53175e-08
 Reference value :  5.53265e-08
 Reference value :  5.53370e-08
 Reference value :  5.53474e-08
 Reference value :  5.53541e-08
 Reference value :  5.53647e-08
 Reference value :  5.53689e-08
 Reference value :  5.53692e-08
 Reference value :  5.53721e-08
 Reference value :  5.53759e-08
 Reference value :  5.53846e-08
 Reference value :  5.54132e-08
 Reference value :  5.54189e-08
 Reference value :  5.54189e-08
 Reference value :  5.54208e-08
 Reference value :  5.54310e-08
 Reference value :  5.54465e-08
 Reference value :  5.54593e-08
 Reference value :  5.54807e-08
 Reference value :  5.55053e-08
 Reference value :  5.55380e-08
 Reference value :  5.55919e-08
 Reference value :  5.56319e-08
 Reference value :  5.56919e-08
 Reference value :  5.57519e-08
 Reference value :  5.58319e-08
 Reference value :  5.58919e-08
 Reference value :  5.59519e-08
 Reference value :  5.60319e-08
 Reference value :  5.60919e-08
 Reference value :  5.61519e-08
 Reference value :  5.62119e-08
 Reference value :  5.62719e-08
 Reference value :  5.63319e-08
 Reference value :  5.64119e-08
 Reference value :  5.64919e-08
 Reference value :  5.65657e-08
 Reference value :  5.65657e-08
 Reference value :  5.65659e-08
 Reference value :  5.65680e-08
 Reference value :  5.65720e-08
 Reference value :  5.65792e-08
 Reference value :  5.65850e-08
 Reference value :  5.65923e-08
 Reference value :  5.66008e-08
 Reference value :  5.66129e-08
 Reference value :  5.66209e-08
 Reference value :  5.66287e-08
 Reference value :  5.66369e-08
 Reference value :  5.66479e-08
 Reference value :  5.66543e-08
 Reference value :  5.66592e-08
 Reference value :  5.66645e-08
 Reference value :  5.66704e-08
 Reference value :  5.66767e-08
 Reference value :  5.66876e-08
 Reference value :  5.66978e-08
 Reference value :  5.67047e-08
 Reference value :  5.67118e-08
 Reference value :  5.67157e-08
 Reference value :  5.67157e-08
 Reference value :  5.67158e-08
 Reference value :  5.67173e-08
 Reference value :  5.67227e-08
 Reference value :  5.67289e-08
 Reference value :  5.67338e-08
 Reference value :  5.67429e-08
 Reference value :  5.67499e-08
 Reference value :  5.67600e-08
 Reference value :  5.67657e-08
 Reference value :  5.67657e-08
 Reference value :  5.67665e-08
 Reference value :  5.67718e-08
 Reference value :  5.67812e-08
 Reference value :  5.67917e-08
 Reference value :  5.68048e-08
 Reference value :  5.68218e-08
 Reference value :  5.68462e-08
 Reference value :  5.68847e-08
 Reference value :  5.69239e-08
 Reference value :  5.69839e-08
 Reference value :  5.70239e-08
 Reference value :  5.70839e-08
 Reference value :  5.71639e-08
 Reference value :  5.72239e-08
 Reference value :  5.72839e-08
 Reference value :  5.73439e-08
 Reference value :  5.74039e-08
 Reference value :  5.75039e-08
 Reference value :  5.75839e-08
 Reference value :  5.76439e-08
 Reference value :  5.77439e-08
 Reference value :  5.78039e-08
 Reference value :  5.78639e-08
 Reference value :  5.79125e-08
 Reference value :  5.79125e-08
 Reference value :  5.79135e-08
 Reference value :  5.79166e-08
 Reference value :  5.79207e-08
 Reference value :  5.79256e-08
 Reference value :  5.79347e-08
 Reference value :  5.79470e-08
 Reference value :  5.79591e-08
 Reference value :  5.79671e-08
 Reference value :  5.79708e-08
 Reference value :  5.79828e-08
 Reference value :  5.79905e-08
 Reference value :  5.79976e-08
 Reference value :  5.80029e-08
 Reference value :  5.80081e-08
 Reference value :  5.80165e-08
 Reference value :  5.80263e-08
 Reference value :  5.80372e-08
 Reference value :  5.80439e-08
 Reference value :  5.80542e-08
 Reference value :  5.80601e-08
 Reference value :  5.80625e-08
 Reference value :  5.80626e-08
 Reference value :  5.80641e-08
 Reference value :  5.80695e-08
 Reference value :  5.80736e-08
 Reference value :  5.80782e-08
 Reference value :  5.80863e-08
 Reference value :  5.80967e-08
 Reference value :  5.81068e-08
 Reference value :  5.81125e-08
 Reference value :  5.81134e-08
 Reference value :  5.81203e-08
 Reference value :  5.81295e-08
 Reference value :  5.81401e-08
 Reference value :  5.81597e-08
 Reference value :  5.81743e-08
 Reference value :  5.81989e-08
 Reference value :  5.82191e-08
 Reference value :  5.82656e-08
 Reference value :  5.83056e-08
 Reference value :  5.83456e-08
 Reference value :  5.83856e-08
 Reference value :  5.84456e-08
 Reference value :  5.85056e-08
 Reference value :  5.85856e-08
 Reference value :  5.86456e-08
 Reference value :  5.87256e-08
 Reference value :  5.88056e-08
 Reference value :  5.88656e-08
 Reference value :  5.89256e-08
 Reference value :  5.89856e-08
 Reference value :  5.90656e-08
 Reference value :  5.91656e-08
 Reference value :  5.92424e-08
 Reference value :  5.92593e-08
 Reference value :  5.92595e-08
 Reference value :  5.92616e-08
 Reference value :  5.92656e-08
 Reference value :  5.92728e-08
 Reference value :  5.92820e-08
 Reference value :  5.92944e-08
 Reference value :  5.93023e-08
 Reference value :  5.93106e-08
 Reference value :  5.93145e-08
 Reference value :  5.93223e-08
 Reference value :  5.93305e-08
 Reference value :  5.93415e-08
 Reference value :  5.93479e-08
 Reference value :  5.93528e-08
 Reference value :  5.93581e-08
 Reference value :  5.93671e-08
 Reference value :  5.93776e-08
 Reference value :  5.93847e-08
 Reference value :  5.93914e-08
 Reference value :  5.93983e-08
 Reference value :  5.94073e-08
 Reference value :  5.94093e-08
 Reference value :  5.94093e-08
 Reference value :  5.94101e-08
 Reference value :  5.94125e-08
 Reference value :  5.94182e-08
 Reference value :  5.94225e-08
 Reference value :  5.94274e-08
 Reference value :  5.94331e-08
 Reference value :  5.94435e-08
 Reference value :  5.94502e-08
 Reference value :  5.94593e-08
 Reference value :  5.94593e-08
 Reference value :  5.94597e-08
 Reference value :  5.94626e-08
 Reference value :  5.94685e-08
 Reference value :  5.94748e-08
 Reference value :  5.94853e-08
 Reference value :  5.94984e-08
 Reference value :  5.95154e-08
 Reference value :  5.95398e-08
 Reference value :  5.95631e-08
 Reference value :  5.96175e-08
 Reference value :  5.96775e-08
 Reference value :  5.97175e-08
 Reference value :  5.97575e-08
 Reference value :  5.98375e-08
 Reference value :  5.98975e-08
 Reference value :  5.99575e-08
 Reference value :  6.00175e-08
 Reference value :  6.00975e-08
 Reference value :  6.01575e-08
 Reference value :  6.02175e-08
 Reference value :  6.02775e-08
 Reference value :  6.03375e-08
 Reference value :  6.03975e-08
 Reference value :  6.04775e-08
 Reference value :  6.05375e-08
 Reference value :  6.06061e-08
 Reference value :  6.06061e-08
 Reference value :  6.06066e-08
 Reference value :  6.06081e-08
 Reference value :  6.06122e-08
 Reference value :  6.06143e-08
 Reference value :  6.06192e-08
 Reference value :  6.06250e-08
 Reference value :  6.06321e-08
 Reference value :  6.06406e-08
 Reference value :  6.06527e-08
 Reference value :  6.06568e-08
 Reference value :  6.06644e-08
 Reference value :  6.06724e-08
 Reference value :  6.06764e-08
 Reference value :  6.06841e-08
 Reference value :  6.06912e-08
 Reference value :  6.06941e-08
 Reference value :  6.06990e-08
 Reference value :  6.07072e-08
 Reference value :  6.07132e-08
 Reference value :  6.07236e-08
 Reference value :  6.07308e-08
 Reference value :  6.07375e-08
 Reference value :  6.07443e-08
 Reference value :  6.07514e-08
 Reference value :  6.07561e-08
 Reference value :  6.07563e-08
 Reference value :  6.07577e-08
 Reference value :  6.07611e-08
 Reference value :  6.07650e-08
 Reference value :  6.07718e-08
 Reference value :  6.07799e-08
 Reference value :  6.07868e-08
 Reference value :  6.07936e-08
 Reference value :  6.08004e-08
 Reference value :  6.08061e-08
 Reference value :  6.08065e-08
 Reference value :  6.08100e-08
 Reference value :  6.08231e-08
 Reference value :  6.08337e-08
 Reference value :  6.08533e-08
 Reference value :  6.08679e-08
 Reference value :  6.08837e-08
 Reference value :  6.09127e-08
 Reference value :  6.09592e-08
 Reference value :  6.09896e-08
No. of Data Rows : 7194
m_ui_ref            =  1.34680e-09 targ=  1.35430e-08 trig=  1.21962e-08
m_spa_in            =  5.38721e-09 targ=  1.75834e-08 trig=  1.21962e-08
m_spb_in            =  4.04040e-09 targ=  1.62366e-08 trig=  1.21962e-08
m_spa_m             =  5.38725e-09 targ=  1.76496e-08 trig=  1.22624e-08
m_spb_m             =  4.04045e-09 targ=  1.63028e-08 trig=  1.22624e-08
m_trise_m           =  8.18501e-11 targ=  1.63452e-08 trig=  1.62634e-08
m_tfall_m           =  8.18010e-11 targ=  1.49984e-08 trig=  1.49166e-08
m_trise_n           =  6.49126e-11 targ=  1.63196e-08 trig=  1.62547e-08
m_dj_ui_m = 3.6382509368e-05
m_vih_m = 2.8292441550e+00
m_vil_m = 1.8681350851e+00
m_vswing_m = 9.6110906991e-01
m_vih_m_frac = 8.5734671362e-01
m_vil_m_frac = 5.6610154093e-01
m_vcm_m_frac = 7.1172410767e-01
m_vswing_s = 9.9360196331e-01
m_vglitch_m = 4.0343335593e-01
m_vswing_n = 9.6432803471e-01
m_vswing_dc = 9.4034489575e-01
m_vcm_dc_frac = 7.1684547808e-01
m_icell_dc = 7.9031331659e-03
m_vgs_mu_max = 1.5857301337e+00
m_vds_mu_max = 1.3586986382e+00
m_vds_mt_max = 6.4411052933e-01
Note: Simulation executed from .control section 

