
Note: Compatibility modes selected: hs a


Circuit: * cml-driver-eye-realmux @ ff_-40c_3.63v_742p5mbps -- generated by sim/harness, do not edit

Doing analysis at TEMP = -40.000000 and TNOM = 27.000000

Using SPARSE 1.3 as Direct Linear Solver

Initial Transient Solution
--------------------------

Node                                   Voltage
----                                   -------
vdd                                       3.63
avcc                                       3.3
avcclo                                    2.97
avcchi                                    3.63
clkp                                     2.178
clkn                                     1.089
d0p                                     3.0855
d0n                                     1.9965
d1p                                     3.0855
d1n                                     1.9965
d0pz                                    3.0855
d0nz                                    1.9965
clkpz                                    2.178
clknz                                    1.089
ckref                                    1.089
win                                          0
winc                                         0
xmux_c0.top                            3.02048
xmux_c0.xrc.11                         3.06613
xmux_c0.xrc.21                         3.58435
mp_c0                                  1.82234
xmux_c0.xrlp.11                        1.86799
xmux_c0.xrlp.21                        2.97483
mn_c0                                  3.02047
xmux_c0.xrln.11                        3.02047
xmux_c0.xrln.21                        3.02048
xmux_c0.ibias                          1.07892
xmux_c0.xrref.11                       1.10249
xmux_c0.xrref.21                       3.60643
xmux_c0.sa                              1.4666
xmux_c0.sb                             1.82234
xmux_c0.tail                          0.911323
outp_c0                                2.78476
xc0.tail                               1.68177
outn_c0                                    3.3
ib_c0                                  1.00454
vd_c0                                 0.515238
xmux_c1.top                            3.02048
xmux_c1.xrc.11                         3.06613
xmux_c1.xrc.21                         3.58435
mp_c1                                  1.82234
xmux_c1.xrlp.11                        1.86799
xmux_c1.xrlp.21                        2.97483
mn_c1                                  3.02047
xmux_c1.xrln.11                        3.02047
xmux_c1.xrln.21                        3.02048
xmux_c1.ibias                          1.07892
xmux_c1.xrref.11                       1.10249
xmux_c1.xrref.21                       3.60643
xmux_c1.sa                              1.4666
xmux_c1.sb                             1.82234
xmux_c1.tail                          0.911323
outp_c1                                2.78476
xc1.tail                               1.68177
outn_c1                                    3.3
ib_c1                                  1.00454
vd_c1                                 0.515238
muxref                                 1.19813
xmux_c2.top                            3.02048
xmux_c2.xrc.11                         3.06613
xmux_c2.xrc.21                         3.58435
mp_c2                                  1.82234
xmux_c2.xrlp.11                        1.86799
xmux_c2.xrlp.21                        2.97483
mn_c2                                  3.02047
xmux_c2.xrln.11                        3.02047
xmux_c2.xrln.21                        3.02048
xmux_c2.ibias                          1.07892
xmux_c2.xrref.11                       1.10249
xmux_c2.xrref.21                       3.60643
xmux_c2.sa                              1.4666
xmux_c2.sb                             1.82234
xmux_c2.tail                          0.911323
outp_c2                                2.78476
xc2.tail                               1.68177
outn_c2                                    3.3
ib_c2                                  1.00454
vd_c2                                 0.515238
xmux_cmis.top                          3.02048
xmux_cmis.xrc.11                       3.06613
xmux_cmis.xrc.21                       3.58435
mp_cm                                  1.82234
xmux_cmis.xrlp.11                      1.86799
xmux_cmis.xrlp.21                      2.97483
mn_cm                                  3.02047
xmux_cmis.xrln.11                      3.02047
xmux_cmis.xrln.21                      3.02048
xmux_cmis.ibias                        1.07892
xmux_cmis.xrref.11                     1.10249
xmux_cmis.xrref.21                     3.60643
xmux_cmis.sa                            1.4666
xmux_cmis.sb                           1.82234
xmux_cmis.tail                        0.911323
outp_cmis                              2.78476
xcmis.tail                             1.68177
outn_cmis                                  3.3
ib_cmis                                1.00454
vd_cmis                               0.515238
xmux_vlo.top                           3.02048
xmux_vlo.xrc.11                        3.06613
xmux_vlo.xrc.21                        3.58435
mp_vlo                                 1.82234
xmux_vlo.xrlp.11                       1.86799
xmux_vlo.xrlp.21                       2.97483
mn_vlo                                 3.02047
xmux_vlo.xrln.11                       3.02047
xmux_vlo.xrln.21                       3.02048
xmux_vlo.ibias                         1.07892
xmux_vlo.xrref.11                      1.10249
xmux_vlo.xrref.21                      3.60643
xmux_vlo.sa                             1.4666
xmux_vlo.sb                            1.82234
xmux_vlo.tail                         0.911323
outp_vlo                               2.45517
xvlo.tail                              1.66117
outn_vlo                                  2.97
ib_vlo                                 1.00454
xmux_vhi.top                           3.02048
xmux_vhi.xrc.11                        3.06613
xmux_vhi.xrc.21                        3.58435
mp_vhi                                 1.82234
xmux_vhi.xrlp.11                       1.86799
xmux_vhi.xrlp.21                       2.97483
mn_vhi                                 3.02047
xmux_vhi.xrln.11                       3.02047
xmux_vhi.xrln.21                       3.02048
xmux_vhi.ibias                         1.07892
xmux_vhi.xrref.11                      1.10249
xmux_vhi.xrref.21                      3.60643
xmux_vhi.sa                             1.4666
xmux_vhi.sb                            1.82234
xmux_vhi.tail                         0.911323
outp_vhi                                3.1144
xvhi.tail                              1.70019
outn_vhi                                  3.63
ib_vhi                                 1.00454
xmux_z.top                             3.02048
xmux_z.xrc.11                          3.06613
xmux_z.xrc.21                          3.58435
mp_z                                   1.82234
xmux_z.xrlp.11                         1.86799
xmux_z.xrlp.21                         2.97483
mn_z                                   3.02047
xmux_z.xrln.11                         3.02047
xmux_z.xrln.21                         3.02048
xmux_z.ibias                           1.07892
xmux_z.xrref.11                        1.10249
xmux_z.xrref.21                        3.60643
xmux_z.sa                               1.4666
xmux_z.sb                               2.6385
xmux_z.tail                           0.911323
outp_z                                 2.78476
xz.tail                                1.68177
vss_z                                        0
outn_z                                     3.3
ib_z                                   1.00454
vmuxz                                  1.19813
emuxz#branch                                 0
ediff_cmis#branch                            0
ediff_c2#branch                              0
emuxref#branch                               0
ediff_c1#branch                              0
ediff_c0#branch                              0
eckref#branch                                0
vsens_z#branch                       0.0108048
vwinc#branch                                 0
vwin#branch                                  0
vclknz#branch                                0
vclkpz#branch                                0
vd0nz#branch                                 0
vd0pz#branch                                 0
vd1n#branch                                  0
vd1p#branch                                  0
vd0n#branch                                  0
vd0p#branch                                  0
vclkn#branch                                 0
vclkp#branch                                 0
vavcchi#branch                       -0.010312
vavcclo#branch                      -0.0102966
vavcc#branch                        -0.0515238
vvdd#branch                          -0.101554

 Reference value :  0.00000e+00
 Reference value :  1.70889e-09
 Reference value :  3.46124e-09
 Reference value :  5.10251e-09
 Reference value :  6.73402e-09
 Reference value :  8.09498e-09
 Reference value :  9.47013e-09
 Reference value :  1.08476e-08
 Reference value :  1.21681e-08
 Reference value :  1.34754e-08
 Reference value :  1.40288e-08
 Reference value :  1.49971e-08
 Reference value :  1.62890e-08
 Reference value :  1.75773e-08
 Reference value :  1.88619e-08
 Reference value :  1.97160e-08
 Reference value :  2.04456e-08
 Reference value :  2.16971e-08
 Reference value :  2.29996e-08
 Reference value :  2.43205e-08
 Reference value :  2.56489e-08
 Reference value :  2.69360e-08
 Reference value :  2.73274e-08
 Reference value :  2.88256e-08
 Reference value :  3.05172e-08
 Reference value :  3.20782e-08
 Reference value :  3.36776e-08
 Reference value :  3.50481e-08
 Reference value :  3.64207e-08
 Reference value :  3.77913e-08
 Reference value :  3.91148e-08
 Reference value :  4.04245e-08
 Reference value :  4.15394e-08
 Reference value :  4.24720e-08
 Reference value :  4.33344e-08
 Reference value :  4.46093e-08
 Reference value :  4.59412e-08
 Reference value :  4.72459e-08
 Reference value :  4.85611e-08
 Reference value :  4.98739e-08
 Reference value :  5.11858e-08
 Reference value :  5.21938e-08
 Reference value :  5.30064e-08
 Reference value :  5.39462e-08
 Reference value :  5.53244e-08
 Reference value :  5.66970e-08
 Reference value :  5.80625e-08
 Reference value :  5.94311e-08
 Reference value :  6.08384e-08
No. of Data Rows : 7129
m_ui_ref            =  1.34680e-09 targ=  1.35430e-08 trig=  1.21962e-08
m_spa_in            =  5.38721e-09 targ=  1.75834e-08 trig=  1.21962e-08
m_spb_in            =  4.04040e-09 targ=  1.62366e-08 trig=  1.21962e-08
m_spa_c0            =  5.38722e-09 targ=  1.76284e-08 trig=  1.22412e-08
m_spb_c0            =  4.04042e-09 targ=  1.62816e-08 trig=  1.22412e-08
m_trise_c0          =  3.34806e-11 targ=  1.36051e-08 trig=  1.35717e-08
m_tfall_c0          =  3.34896e-11 targ=  1.49519e-08 trig=  1.49185e-08
m_spa_c1            =  5.38723e-09 targ=  1.76622e-08 trig=  1.22749e-08
m_spb_c1            =  4.04042e-09 targ=  1.63154e-08 trig=  1.22749e-08
m_trise_c1          =  1.08232e-10 targ=  1.36962e-08 trig=  1.35879e-08
m_tfall_c1          =  1.08351e-10 targ=  1.50431e-08 trig=  1.49347e-08
m_spa_mux           =  5.38722e-09 targ=  1.76226e-08 trig=  1.22354e-08
m_spb_mux           =  4.04042e-09 targ=  1.62758e-08 trig=  1.22354e-08
m_spa_c2            =  5.38722e-09 targ=  1.76943e-08 trig=  1.23071e-08
m_spb_c2            =  4.04042e-09 targ=  1.63475e-08 trig=  1.23071e-08
m_trise_c2          =  2.10180e-10 targ=  1.38062e-08 trig=  1.35961e-08
m_tfall_c2          =  2.10278e-10 targ=  1.51531e-08 trig=  1.49429e-08
m_spa_cmis          =  5.38722e-09 targ=  1.76744e-08 trig=  1.22872e-08
m_spb_cmis          =  4.04072e-09 targ=  1.63279e-08 trig=  1.22872e-08
m_dj_ui_c0 = 1.2622503251e-05
m_swing_c0 = 5.1812379867e-01
m_vpp_c0 = 5.7726178134e-01
m_vcm_c0 = 3.0409855921e+00
m_dj_ui_c1 = 1.4850003824e-05
m_swing_c1 = 5.1751501295e-01
m_vpp_c1 = 5.3031049122e-01
m_vcm_c1 = 3.0412625792e+00
m_dj_ui_mux = 1.1880003059e-05
m_dj_ui_drv_c1 = 2.9700007651e-06
m_dj_ui_c2 = 1.4850003824e-05
m_swing_c2 = 5.1620060522e-01
m_vpp_c2 = 5.2462770691e-01
m_vcm_c2 = 3.0417504390e+00
m_dj_ui_cmis = 2.3760006118e-04
m_swing_cmis = 5.1620291041e-01
m_swing_avcclo = 5.1706678661e-01
m_vcm_avcclo = 2.7114874008e+00
m_swing_avcchi = 5.1789035053e-01
m_vcm_avcchi = 3.3710744107e+00
m_vgs_sw_max = 1.3433604938e+00
m_vgd_sw_max = 1.8316850873e+00
m_vds_sw_max = 2.0782003857e+00
m_vgs_tail_max = 1.0074198343e+00
m_vds_tail_max = 1.7468897524e+00
m_vmux_dc = 1.1981297887e+00
m_swing_dc = 5.1523758721e-01
m_vcm_dc = 3.0423812062e+00
m_ioff_dc = 3.2512126324e-12
m_itail_dc = 1.0304751751e-02
m_icell_dc = 1.0804751772e-02
Note: Simulation executed from .control section 

Warning: m=xx on .subckt line will override multiplier m hierarchy!

