
Note: Compatibility modes selected: hs a


Circuit: * cml-driver-eye-realmux @ ff_-40c_2.97v_270mbps -- generated by sim/harness, do not edit

Doing analysis at TEMP = -40.000000 and TNOM = 27.000000

Using SPARSE 1.3 as Direct Linear Solver

Initial Transient Solution
--------------------------

Node                                   Voltage
----                                   -------
vdd                                       2.97
avcc                                       3.3
avcclo                                    2.97
avcchi                                    3.63
clkp                                     1.782
clkn                                     0.891
d0p                                     2.5245
d0n                                     1.6335
d1p                                     2.5245
d1n                                     1.6335
d0pz                                    2.5245
d0nz                                    1.6335
clkpz                                    1.782
clknz                                    0.891
ckref                                    0.891
win                                          0
winc                                         0
xmux_c0.top                            2.51126
xmux_c0.xrc.11                         2.54562
xmux_c0.xrc.21                         2.93564
mp_c0                                   1.6095
xmux_c0.xrlp.11                        1.64386
xmux_c0.xrlp.21                         2.4769
mn_c0                                  2.51126
xmux_c0.xrln.11                        2.51126
xmux_c0.xrln.21                        2.51126
xmux_c0.ibias                          1.01773
xmux_c0.xrref.11                       1.03576
xmux_c0.xrref.21                       2.95196
xmux_c0.sa                             1.16308
xmux_c0.sb                              1.6095
xmux_c0.tail                          0.638984
outp_c0                                2.79406
xc0.tail                               1.24319
outn_c0                                    3.3
ib_c0                                  1.00454
vd_c0                                 0.505938
xmux_c1.top                            2.51126
xmux_c1.xrc.11                         2.54562
xmux_c1.xrc.21                         2.93564
mp_c1                                   1.6095
xmux_c1.xrlp.11                        1.64386
xmux_c1.xrlp.21                         2.4769
mn_c1                                  2.51126
xmux_c1.xrln.11                        2.51126
xmux_c1.xrln.21                        2.51126
xmux_c1.ibias                          1.01773
xmux_c1.xrref.11                       1.03576
xmux_c1.xrref.21                       2.95196
xmux_c1.sa                             1.16308
xmux_c1.sb                              1.6095
xmux_c1.tail                          0.638984
outp_c1                                2.79406
xc1.tail                               1.24319
outn_c1                                    3.3
ib_c1                                  1.00454
vd_c1                                 0.505938
muxref                                0.901755
xmux_c2.top                            2.51126
xmux_c2.xrc.11                         2.54562
xmux_c2.xrc.21                         2.93564
mp_c2                                   1.6095
xmux_c2.xrlp.11                        1.64386
xmux_c2.xrlp.21                         2.4769
mn_c2                                  2.51126
xmux_c2.xrln.11                        2.51126
xmux_c2.xrln.21                        2.51126
xmux_c2.ibias                          1.01773
xmux_c2.xrref.11                       1.03576
xmux_c2.xrref.21                       2.95196
xmux_c2.sa                             1.16308
xmux_c2.sb                              1.6095
xmux_c2.tail                          0.638984
outp_c2                                2.79406
xc2.tail                               1.24319
outn_c2                                    3.3
ib_c2                                  1.00454
vd_c2                                 0.505938
xmux_cmis.top                          2.51126
xmux_cmis.xrc.11                       2.54562
xmux_cmis.xrc.21                       2.93564
mp_cm                                   1.6095
xmux_cmis.xrlp.11                      1.64386
xmux_cmis.xrlp.21                       2.4769
mn_cm                                  2.51126
xmux_cmis.xrln.11                      2.51126
xmux_cmis.xrln.21                      2.51126
xmux_cmis.ibias                        1.01773
xmux_cmis.xrref.11                     1.03576
xmux_cmis.xrref.21                     2.95196
xmux_cmis.sa                           1.16308
xmux_cmis.sb                            1.6095
xmux_cmis.tail                        0.638984
outp_cmis                              2.79406
xcmis.tail                             1.24319
outn_cmis                                  3.3
ib_cmis                                1.00454
vd_cmis                               0.505938
xmux_vlo.top                           2.51126
xmux_vlo.xrc.11                        2.54562
xmux_vlo.xrc.21                        2.93564
mp_vlo                                  1.6095
xmux_vlo.xrlp.11                       1.64386
xmux_vlo.xrlp.21                        2.4769
mn_vlo                                 2.51126
xmux_vlo.xrln.11                       2.51126
xmux_vlo.xrln.21                       2.51126
xmux_vlo.ibias                         1.01773
xmux_vlo.xrref.11                      1.03576
xmux_vlo.xrref.21                      2.95196
xmux_vlo.sa                            1.16308
xmux_vlo.sb                             1.6095
xmux_vlo.tail                         0.638984
outp_vlo                               2.46444
xvlo.tail                              1.22673
outn_vlo                                  2.97
ib_vlo                                 1.00454
xmux_vhi.top                           2.51126
xmux_vhi.xrc.11                        2.54562
xmux_vhi.xrc.21                        2.93564
mp_vhi                                  1.6095
xmux_vhi.xrlp.11                       1.64386
xmux_vhi.xrlp.21                        2.4769
mn_vhi                                 2.51126
xmux_vhi.xrln.11                       2.51126
xmux_vhi.xrln.21                       2.51126
xmux_vhi.ibias                         1.01773
xmux_vhi.xrref.11                      1.03576
xmux_vhi.xrref.21                      2.95196
xmux_vhi.sa                            1.16308
xmux_vhi.sb                             1.6095
xmux_vhi.tail                         0.638984
outp_vhi                               3.12369
xvhi.tail                              1.25904
outn_vhi                                  3.63
ib_vhi                                 1.00454
xmux_z.top                             2.51126
xmux_z.xrc.11                          2.54562
xmux_z.xrc.21                          2.93564
mp_z                                    1.6095
xmux_z.xrlp.11                         1.64386
xmux_z.xrlp.21                          2.4769
mn_z                                   2.51126
xmux_z.xrln.11                         2.51126
xmux_z.xrln.21                         2.51126
xmux_z.ibias                           1.01773
xmux_z.xrref.11                        1.03576
xmux_z.xrref.21                        2.95196
xmux_z.sa                              1.16308
xmux_z.sb                              2.06383
xmux_z.tail                           0.638984
outp_z                                 2.79406
xz.tail                                1.24319
vss_z                                        0
outn_z                                     3.3
ib_z                                   1.00454
vmuxz                                 0.901755
emuxz#branch                                 0
ediff_cmis#branch                            0
ediff_c2#branch                              0
emuxref#branch                               0
ediff_c1#branch                              0
ediff_c0#branch                              0
eckref#branch                                0
vsens_z#branch                       0.0106188
vwinc#branch                                 0
vwin#branch                                  0
vclknz#branch                                0
vclkpz#branch                                0
vd0nz#branch                                 0
vd0pz#branch                                 0
vd1n#branch                                  0
vd1p#branch                                  0
vd0n#branch                                  0
vd0p#branch                                  0
vclkn#branch                                 0
vclkp#branch                                 0
vavcchi#branch                      -0.0101262
vavcclo#branch                      -0.0101111
vavcc#branch                        -0.0505938
vvdd#branch                         -0.0764941

 Reference value :  0.00000e+00
 Reference value :  3.72554e-09
 Reference value :  6.20662e-09
 Reference value :  8.23140e-09
 Reference value :  1.12163e-08
 Reference value :  1.44333e-08
 Reference value :  1.73375e-08
 Reference value :  2.22310e-08
 Reference value :  2.60073e-08
 Reference value :  2.97800e-08
 Reference value :  3.35041e-08
 Reference value :  3.73006e-08
 Reference value :  4.07407e-08
 Reference value :  4.19286e-08
 Reference value :  4.45459e-08
 Reference value :  4.70402e-08
 Reference value :  4.85594e-08
 Reference value :  5.18811e-08
 Reference value :  5.36797e-08
 Reference value :  5.57066e-08
 Reference value :  5.85553e-08
 Reference value :  6.00083e-08
No. of Data Rows : 4451
m_ui_ref            =  3.70370e-09 targ=  3.71120e-08 trig=  3.34083e-08
m_spa_in            =  1.48148e-08 targ=  4.82231e-08 trig=  3.34083e-08
m_spb_in            =  1.11111e-08 targ=  4.45194e-08 trig=  3.34083e-08
m_spa_c0            =  1.48148e-08 targ=  4.82712e-08 trig=  3.34564e-08
m_spb_c0            =  1.11111e-08 targ=  4.45675e-08 trig=  3.34564e-08
m_trise_c0          =  4.13593e-11 targ=  3.71824e-08 trig=  3.71410e-08
m_tfall_c0          =  4.13581e-11 targ=  4.08861e-08 trig=  4.08447e-08
m_spa_c1            =  1.48148e-08 targ=  4.83069e-08 trig=  3.34921e-08
m_spb_c1            =  1.11111e-08 targ=  4.46032e-08 trig=  3.34921e-08
m_trise_c1          =  1.19622e-10 targ=  3.72778e-08 trig=  3.71582e-08
m_tfall_c1          =  1.19633e-10 targ=  4.09815e-08 trig=  4.08619e-08
m_spa_mux           =  1.48148e-08 targ=  4.82655e-08 trig=  3.34507e-08
m_spb_mux           =  1.11111e-08 targ=  4.45618e-08 trig=  3.34507e-08
m_spa_c2            =  1.48148e-08 targ=  4.83398e-08 trig=  3.35249e-08
m_spb_c2            =  1.11111e-08 targ=  4.46361e-08 trig=  3.35249e-08
m_trise_c2          =  2.22516e-10 targ=  3.73893e-08 trig=  3.71667e-08
m_tfall_c2          =  2.22543e-10 targ=  4.10930e-08 trig=  4.08704e-08
m_spa_cmis          =  1.48148e-08 targ=  4.83198e-08 trig=  3.35050e-08
m_spb_cmis          =  1.11110e-08 targ=  4.46160e-08 trig=  3.35050e-08
m_dj_ui_c0 = 2.6999997844e-06
m_swing_c0 = 5.0659047276e-01
m_vpp_c0 = 5.3547160871e-01
m_vcm_c0 = 3.0467089488e+00
m_dj_ui_c1 = 2.6999997844e-06
m_swing_c1 = 5.0663180592e-01
m_vpp_c1 = 5.1853644250e-01
m_vcm_c1 = 3.0466890942e+00
m_dj_ui_mux = 2.6999997844e-06
m_dj_ui_drv_c1 = 0.0000000000e+00
m_dj_ui_c2 = 5.3999995684e-06
m_swing_c2 = 5.0659581043e-01
m_vpp_c2 = 5.1374715638e-01
m_vcm_c2 = 3.0467031690e+00
m_dj_ui_cmis = 2.6999997839e-05
m_swing_cmis = 5.0659686619e-01
m_swing_avcclo = 5.0625078483e-01
m_vcm_avcclo = 2.7168797423e+00
m_swing_avcchi = 5.0700003614e-01
m_vcm_avcchi = 3.3765048755e+00
m_vgs_sw_max = 1.2762652313e+00
m_vgd_sw_max = 2.0395145113e+00
m_vds_sw_max = 2.3822466040e+00
m_vgs_tail_max = 1.0081584814e+00
m_vds_tail_max = 1.3146942763e+00
m_vmux_dc = 9.0175455397e-01
m_swing_dc = 5.0593820292e-01
m_vcm_dc = 3.0470308502e+00
m_ioff_dc = 9.6728021148e-10
m_itail_dc = 1.0118765993e-02
m_icell_dc = 1.0618765993e-02
Note: Simulation executed from .control section 

Warning: m=xx on .subckt line will override multiplier m hierarchy!

