
Note: Compatibility modes selected: hs a


Circuit: * cml-driver-eye-realmux @ ff_27c_3.30v_270mbps -- generated by sim/harness, do not edit

Doing analysis at TEMP = 27.000000 and TNOM = 27.000000

Using SPARSE 1.3 as Direct Linear Solver

Initial Transient Solution
--------------------------

Node                                   Voltage
----                                   -------
vdd                                        3.3
avcc                                       3.3
avcclo                                    2.97
avcchi                                    3.63
clkp                                      1.98
clkn                                      0.99
d0p                                      2.805
d0n                                      1.815
d1p                                      2.805
d1n                                      1.815
d0pz                                     2.805
d0nz                                     1.815
clkpz                                     1.98
clknz                                     0.99
ckref                                     0.99
win                                          0
winc                                         0
xmux_c0.top                            2.77391
xmux_c0.xrc.11                         2.81045
xmux_c0.xrc.21                         3.26347
mp_c0                                  1.73379
xmux_c0.xrlp.11                         1.7703
xmux_c0.xrlp.21                         2.7374
mn_c0                                  2.77338
xmux_c0.xrln.11                         2.7734
xmux_c0.xrln.21                        2.77389
xmux_c0.ibias                          1.05111
xmux_c0.xrref.11                       1.07016
xmux_c0.xrref.21                       3.28095
xmux_c0.sa                             1.27705
xmux_c0.sb                             1.73379
xmux_c0.tail                          0.751955
outp_c0                                2.78974
xc0.tail                               1.44425
outn_c0                                    3.3
ib_c0                                 0.995812
vd_c0                                 0.510263
xmux_c1.top                            2.77391
xmux_c1.xrc.11                         2.81045
xmux_c1.xrc.21                         3.26347
mp_c1                                  1.73379
xmux_c1.xrlp.11                         1.7703
xmux_c1.xrlp.21                         2.7374
mn_c1                                  2.77338
xmux_c1.xrln.11                         2.7734
xmux_c1.xrln.21                        2.77389
xmux_c1.ibias                          1.05111
xmux_c1.xrref.11                       1.07016
xmux_c1.xrref.21                       3.28095
xmux_c1.sa                             1.27705
xmux_c1.sb                             1.73379
xmux_c1.tail                          0.751955
outp_c1                                2.78974
xc1.tail                               1.44425
outn_c1                                    3.3
ib_c1                                 0.995812
vd_c1                                 0.510263
muxref                                 1.03959
xmux_c2.top                            2.77391
xmux_c2.xrc.11                         2.81045
xmux_c2.xrc.21                         3.26347
mp_c2                                  1.73379
xmux_c2.xrlp.11                         1.7703
xmux_c2.xrlp.21                         2.7374
mn_c2                                  2.77338
xmux_c2.xrln.11                         2.7734
xmux_c2.xrln.21                        2.77389
xmux_c2.ibias                          1.05111
xmux_c2.xrref.11                       1.07016
xmux_c2.xrref.21                       3.28095
xmux_c2.sa                             1.27705
xmux_c2.sb                             1.73379
xmux_c2.tail                          0.751955
outp_c2                                2.78974
xc2.tail                               1.44425
outn_c2                                    3.3
ib_c2                                 0.995812
vd_c2                                 0.510263
xmux_cmis.top                          2.77391
xmux_cmis.xrc.11                       2.81045
xmux_cmis.xrc.21                       3.26347
mp_cm                                  1.73379
xmux_cmis.xrlp.11                       1.7703
xmux_cmis.xrlp.21                       2.7374
mn_cm                                  2.77338
xmux_cmis.xrln.11                       2.7734
xmux_cmis.xrln.21                      2.77389
xmux_cmis.ibias                        1.05111
xmux_cmis.xrref.11                     1.07016
xmux_cmis.xrref.21                     3.28095
xmux_cmis.sa                           1.27705
xmux_cmis.sb                           1.73379
xmux_cmis.tail                        0.751955
outp_cmis                              2.78974
xcmis.tail                             1.44425
outn_cmis                                  3.3
ib_cmis                               0.995812
vd_cmis                               0.510263
xmux_vlo.top                           2.77391
xmux_vlo.xrc.11                        2.81045
xmux_vlo.xrc.21                        3.26347
mp_vlo                                 1.73379
xmux_vlo.xrlp.11                        1.7703
xmux_vlo.xrlp.21                        2.7374
mn_vlo                                 2.77338
xmux_vlo.xrln.11                        2.7734
xmux_vlo.xrln.21                       2.77389
xmux_vlo.ibias                         1.05111
xmux_vlo.xrref.11                      1.07016
xmux_vlo.xrref.21                      3.28095
xmux_vlo.sa                            1.27705
xmux_vlo.sb                            1.73379
xmux_vlo.tail                         0.751955
outp_vlo                               2.46012
xvlo.tail                              1.42521
outn_vlo                                  2.97
ib_vlo                                0.995812
xmux_vhi.top                           2.77391
xmux_vhi.xrc.11                        2.81045
xmux_vhi.xrc.21                        3.26347
mp_vhi                                 1.73379
xmux_vhi.xrlp.11                        1.7703
xmux_vhi.xrlp.21                        2.7374
mn_vhi                                 2.77338
xmux_vhi.xrln.11                        2.7734
xmux_vhi.xrln.21                       2.77389
xmux_vhi.ibias                         1.05111
xmux_vhi.xrref.11                      1.07016
xmux_vhi.xrref.21                      3.28095
xmux_vhi.sa                            1.27705
xmux_vhi.sb                            1.73379
xmux_vhi.tail                         0.751955
outp_vhi                               3.11939
xvhi.tail                              1.46183
outn_vhi                                  3.63
ib_vhi                                0.995812
xmux_z.top                             2.77391
xmux_z.xrc.11                          2.81045
xmux_z.xrc.21                          3.26347
mp_z                                   1.73379
xmux_z.xrlp.11                          1.7703
xmux_z.xrlp.21                          2.7374
mn_z                                   2.77338
xmux_z.xrln.11                          2.7734
xmux_z.xrln.21                         2.77389
xmux_z.ibias                           1.05111
xmux_z.xrref.11                        1.07016
xmux_z.xrref.21                        3.28095
xmux_z.sa                              1.27705
xmux_z.sb                              2.33919
xmux_z.tail                           0.751955
outp_z                                 2.78974
xz.tail                                1.44425
vss_z                                        0
outn_z                                     3.3
ib_z                                  0.995812
vmuxz                                  1.03959
emuxz#branch                                 0
ediff_cmis#branch                            0
ediff_c2#branch                              0
emuxref#branch                               0
ediff_c1#branch                              0
ediff_c0#branch                              0
eckref#branch                                0
vsens_z#branch                       0.0107053
vwinc#branch                                 0
vwin#branch                                  0
vclknz#branch                                0
vclkpz#branch                                0
vd0nz#branch                                 0
vd0pz#branch                                 0
vd1n#branch                                  0
vd1p#branch                                  0
vd0n#branch                                  0
vd0p#branch                                  0
vclkn#branch                                 0
vclkp#branch                                 0
vavcchi#branch                      -0.0102123
vavcclo#branch                      -0.0101976
vavcc#branch                        -0.0510264
vvdd#branch                         -0.0896188

 Reference value :  0.00000e+00
 Reference value :  3.72333e-09
 Reference value :  6.13169e-09
 Reference value :  8.29050e-09
 Reference value :  1.12611e-08
 Reference value :  1.47592e-08
 Reference value :  1.68580e-08
 Reference value :  1.89866e-08
 Reference value :  2.23478e-08
 Reference value :  2.55654e-08
 Reference value :  2.78540e-08
 Reference value :  2.98218e-08
 Reference value :  3.33335e-08
 Reference value :  3.50561e-08
 Reference value :  3.71978e-08
 Reference value :  4.03064e-08
 Reference value :  4.18533e-08
 Reference value :  4.45505e-08
 Reference value :  4.70738e-08
 Reference value :  4.86987e-08
 Reference value :  5.19145e-08
 Reference value :  5.41397e-08
 Reference value :  5.57929e-08
 Reference value :  5.92613e-08
No. of Data Rows : 4390
m_ui_ref            =  3.70370e-09 targ=  3.71120e-08 trig=  3.34083e-08
m_spa_in            =  1.48148e-08 targ=  4.82231e-08 trig=  3.34083e-08
m_spb_in            =  1.11111e-08 targ=  4.45194e-08 trig=  3.34083e-08
m_spa_c0            =  1.48148e-08 targ=  4.82743e-08 trig=  3.34595e-08
m_spb_c0            =  1.11111e-08 targ=  4.45706e-08 trig=  3.34595e-08
m_trise_c0          =  4.48270e-11 targ=  3.71869e-08 trig=  3.71420e-08
m_tfall_c0          =  4.48248e-11 targ=  4.08906e-08 trig=  4.08458e-08
m_spa_c1            =  1.48148e-08 targ=  4.83102e-08 trig=  3.34953e-08
m_spb_c1            =  1.11111e-08 targ=  4.46065e-08 trig=  3.34953e-08
m_trise_c1          =  1.16439e-10 targ=  3.72767e-08 trig=  3.71602e-08
m_tfall_c1          =  1.16441e-10 targ=  4.09804e-08 trig=  4.08639e-08
m_spa_mux           =  1.48148e-08 targ=  4.82681e-08 trig=  3.34533e-08
m_spb_mux           =  1.11111e-08 targ=  4.45644e-08 trig=  3.34533e-08
m_spa_c2            =  1.48148e-08 targ=  4.83423e-08 trig=  3.35275e-08
m_spb_c2            =  1.11111e-08 targ=  4.46386e-08 trig=  3.35275e-08
m_trise_c2          =  2.17730e-10 targ=  3.73872e-08 trig=  3.71694e-08
m_tfall_c2          =  2.17723e-10 targ=  4.10909e-08 trig=  4.08731e-08
m_spa_cmis          =  1.48148e-08 targ=  4.83228e-08 trig=  3.35079e-08
m_spb_cmis          =  1.11111e-08 targ=  4.46190e-08 trig=  3.35079e-08
m_dj_ui_c0 = 2.6999997844e-06
m_swing_c0 = 5.1098587849e-01
m_vpp_c0 = 5.4615820407e-01
m_vcm_c0 = 3.0445112199e+00
m_dj_ui_c1 = 5.3999995675e-06
m_swing_c1 = 5.1102390386e-01
m_vpp_c1 = 5.2130293754e-01
m_vcm_c1 = 3.0444929364e+00
m_dj_ui_mux = 2.6999997844e-06
m_dj_ui_drv_c1 = 2.6999997840e-06
m_dj_ui_c2 = 2.6999997844e-06
m_swing_c2 = 5.1098671128e-01
m_vpp_c2 = 5.1705051533e-01
m_vcm_c2 = 3.0445077702e+00
m_dj_ui_cmis = 8.0999993515e-06
m_swing_cmis = 5.1098675211e-01
m_swing_avcclo = 5.1063561539e-01
m_vcm_avcclo = 2.7146872043e+00
m_swing_avcchi = 5.1137616978e-01
m_vcm_avcchi = 3.3743167077e+00
m_vgs_sw_max = 1.3330669611e+00
m_vgd_sw_max = 1.9115556865e+00
m_vds_sw_max = 2.2173483020e+00
m_vgs_tail_max = 9.9858396024e-01
m_vds_tail_max = 1.5067491875e+00
m_vmux_dc = 1.0395877670e+00
m_swing_dc = 5.1026316202e-01
m_vcm_dc = 3.0448682369e+00
m_ioff_dc = 3.6420614968e-09
m_itail_dc = 1.0205270525e-02
m_icell_dc = 1.0705270525e-02
Note: Simulation executed from .control section 

Warning: m=xx on .subckt line will override multiplier m hierarchy!

