
Note: Compatibility modes selected: hs a


Circuit: * cml-driver-eye-realmux @ ff_27c_2.97v_742p5mbps -- generated by sim/harness, do not edit

Doing analysis at TEMP = 27.000000 and TNOM = 27.000000

Using SPARSE 1.3 as Direct Linear Solver

Initial Transient Solution
--------------------------

Node                                   Voltage
----                                   -------
vdd                                       2.97
avcc                                       3.3
avcclo                                    2.97
avcchi                                    3.63
clkp                                     1.782
clkn                                     0.891
d0p                                     2.5245
d0n                                     1.6335
d1p                                     2.5245
d1n                                     1.6335
d0pz                                    2.5245
d0nz                                    1.6335
clkpz                                    1.782
clknz                                    0.891
ckref                                    0.891
win                                          0
winc                                         0
xmux_c0.top                            2.51696
xmux_c0.xrc.11                         2.54842
xmux_c0.xrc.21                         2.93854
mp_c0                                  1.62112
xmux_c0.xrlp.11                        1.65257
xmux_c0.xrlp.21                        2.48551
mn_c0                                  2.51665
xmux_c0.xrln.11                        2.51666
xmux_c0.xrln.21                        2.51695
xmux_c0.ibias                           1.0145
xmux_c0.xrref.11                       1.03106
xmux_c0.xrref.21                       2.95344
xmux_c0.sa                             1.12541
xmux_c0.sb                             1.62112
xmux_c0.tail                          0.623999
outp_c0                                2.79438
xc0.tail                               1.22557
outn_c0                                3.29999
ib_c0                                 0.995812
vd_c0                                  0.50561
xmux_c1.top                            2.51696
xmux_c1.xrc.11                         2.54842
xmux_c1.xrc.21                         2.93854
mp_c1                                  1.62112
xmux_c1.xrlp.11                        1.65257
xmux_c1.xrlp.21                        2.48551
mn_c1                                  2.51665
xmux_c1.xrln.11                        2.51666
xmux_c1.xrln.21                        2.51695
xmux_c1.ibias                           1.0145
xmux_c1.xrref.11                       1.03106
xmux_c1.xrref.21                       2.95344
xmux_c1.sa                             1.12541
xmux_c1.sb                             1.62112
xmux_c1.tail                          0.623999
outp_c1                                2.79438
xc1.tail                               1.22557
outn_c1                                3.29999
ib_c1                                 0.995812
vd_c1                                  0.50561
muxref                                0.895528
xmux_c2.top                            2.51696
xmux_c2.xrc.11                         2.54842
xmux_c2.xrc.21                         2.93854
mp_c2                                  1.62112
xmux_c2.xrlp.11                        1.65257
xmux_c2.xrlp.21                        2.48551
mn_c2                                  2.51665
xmux_c2.xrln.11                        2.51666
xmux_c2.xrln.21                        2.51695
xmux_c2.ibias                           1.0145
xmux_c2.xrref.11                       1.03106
xmux_c2.xrref.21                       2.95344
xmux_c2.sa                             1.12541
xmux_c2.sb                             1.62112
xmux_c2.tail                          0.623999
outp_c2                                2.79438
xc2.tail                               1.22557
outn_c2                                3.29999
ib_c2                                 0.995812
vd_c2                                  0.50561
xmux_cmis.top                          2.51696
xmux_cmis.xrc.11                       2.54842
xmux_cmis.xrc.21                       2.93854
mp_cm                                  1.62112
xmux_cmis.xrlp.11                      1.65257
xmux_cmis.xrlp.21                      2.48551
mn_cm                                  2.51665
xmux_cmis.xrln.11                      2.51666
xmux_cmis.xrln.21                      2.51695
xmux_cmis.ibias                         1.0145
xmux_cmis.xrref.11                     1.03106
xmux_cmis.xrref.21                     2.95344
xmux_cmis.sa                           1.12541
xmux_cmis.sb                           1.62112
xmux_cmis.tail                        0.623999
outp_cmis                              2.79438
xcmis.tail                             1.22557
outn_cmis                              3.29999
ib_cmis                               0.995812
vd_cmis                                0.50561
xmux_vlo.top                           2.51696
xmux_vlo.xrc.11                        2.54842
xmux_vlo.xrc.21                        2.93854
mp_vlo                                 1.62112
xmux_vlo.xrlp.11                       1.65257
xmux_vlo.xrlp.21                       2.48551
mn_vlo                                 2.51665
xmux_vlo.xrln.11                       2.51666
xmux_vlo.xrln.21                       2.51695
xmux_vlo.ibias                          1.0145
xmux_vlo.xrref.11                      1.03106
xmux_vlo.xrref.21                      2.95344
xmux_vlo.sa                            1.12541
xmux_vlo.sb                            1.62112
xmux_vlo.tail                         0.623999
outp_vlo                               2.46477
xvlo.tail                              1.20849
outn_vlo                               2.96999
ib_vlo                                0.995812
xmux_vhi.top                           2.51696
xmux_vhi.xrc.11                        2.54842
xmux_vhi.xrc.21                        2.93854
mp_vhi                                 1.62112
xmux_vhi.xrlp.11                       1.65257
xmux_vhi.xrlp.21                       2.48551
mn_vhi                                 2.51665
xmux_vhi.xrln.11                       2.51666
xmux_vhi.xrln.21                       2.51695
xmux_vhi.ibias                          1.0145
xmux_vhi.xrref.11                      1.03106
xmux_vhi.xrref.21                      2.95344
xmux_vhi.sa                            1.12541
xmux_vhi.sb                            1.62112
xmux_vhi.tail                         0.623999
outp_vhi                               3.12401
xvhi.tail                              1.24184
outn_vhi                               3.62999
ib_vhi                                0.995812
xmux_z.top                             2.51696
xmux_z.xrc.11                          2.54842
xmux_z.xrc.21                          2.93854
mp_z                                   1.62112
xmux_z.xrlp.11                         1.65257
xmux_z.xrlp.21                         2.48551
mn_z                                   2.51664
xmux_z.xrln.11                         2.51666
xmux_z.xrln.21                         2.51695
xmux_z.ibias                            1.0145
xmux_z.xrref.11                        1.03106
xmux_z.xrref.21                        2.95344
xmux_z.sa                              1.12541
xmux_z.sb                              2.04493
xmux_z.tail                              0.624
outp_z                                 2.79438
xz.tail                                1.22557
vss_z                                        0
outn_z                                 3.29999
ib_z                                  0.995812
vmuxz                                 0.895522
emuxz#branch                                 0
ediff_cmis#branch                            0
ediff_c2#branch                              0
emuxref#branch                               0
ediff_c1#branch                              0
ediff_c0#branch                              0
eckref#branch                                0
vsens_z#branch                       0.0106127
vwinc#branch                                 0
vwin#branch                                  0
vclknz#branch                                0
vclkpz#branch                                0
vd0nz#branch                                 0
vd0pz#branch                                 0
vd1n#branch                                  0
vd1p#branch                                  0
vd0n#branch                                  0
vd0p#branch                                  0
vclkn#branch                                 0
vclkp#branch                                 0
vavcchi#branch                        -0.01012
vavcclo#branch                       -0.010105
vavcc#branch                        -0.0505635
vvdd#branch                         -0.0772112

 Reference value :  0.00000e+00
 Reference value :  1.62718e-09
 Reference value :  3.63601e-09
 Reference value :  5.38780e-09
 Reference value :  6.78818e-09
 Reference value :  8.22203e-09
 Reference value :  9.61743e-09
 Reference value :  1.10559e-08
 Reference value :  1.26654e-08
 Reference value :  1.39488e-08
 Reference value :  1.52956e-08
 Reference value :  1.66624e-08
 Reference value :  1.79692e-08
 Reference value :  1.95360e-08
 Reference value :  2.07828e-08
 Reference value :  2.19928e-08
 Reference value :  2.36617e-08
 Reference value :  2.55196e-08
 Reference value :  2.69360e-08
 Reference value :  2.73712e-08
 Reference value :  2.91846e-08
 Reference value :  3.09771e-08
 Reference value :  3.23670e-08
 Reference value :  3.37842e-08
 Reference value :  3.51736e-08
 Reference value :  3.65697e-08
 Reference value :  3.80318e-08
 Reference value :  3.97814e-08
 Reference value :  4.15706e-08
 Reference value :  4.30978e-08
 Reference value :  4.44751e-08
 Reference value :  4.58715e-08
 Reference value :  4.72499e-08
 Reference value :  4.86350e-08
 Reference value :  5.03109e-08
 Reference value :  5.21977e-08
 Reference value :  5.38721e-08
 Reference value :  5.40551e-08
 Reference value :  5.56813e-08
 Reference value :  5.75475e-08
 Reference value :  5.92675e-08
 Reference value :  6.06803e-08
No. of Data Rows : 6552
m_ui_ref            =  1.34680e-09 targ=  1.35430e-08 trig=  1.21962e-08
m_spa_in            =  5.38721e-09 targ=  1.75834e-08 trig=  1.21962e-08
m_spb_in            =  4.04040e-09 targ=  1.62366e-08 trig=  1.21962e-08
m_spa_c0            =  5.38723e-09 targ=  1.76358e-08 trig=  1.22486e-08
m_spb_c0            =  4.04043e-09 targ=  1.62890e-08 trig=  1.22486e-08
m_trise_c0          =  5.25426e-11 targ=  1.36235e-08 trig=  1.35710e-08
m_tfall_c0          =  5.25620e-11 targ=  1.49703e-08 trig=  1.49177e-08
m_spa_c1            =  5.38723e-09 targ=  1.76727e-08 trig=  1.22855e-08
m_spb_c1            =  4.04043e-09 targ=  1.63259e-08 trig=  1.22855e-08
m_trise_c1          =  1.23658e-10 targ=  1.37137e-08 trig=  1.35900e-08
m_tfall_c1          =  1.23669e-10 targ=  1.50605e-08 trig=  1.49368e-08
m_spa_mux           =  5.38723e-09 targ=  1.76297e-08 trig=  1.22424e-08
m_spb_mux           =  4.04043e-09 targ=  1.62829e-08 trig=  1.22424e-08
m_spa_c2            =  5.38724e-09 targ=  1.77051e-08 trig=  1.23178e-08
m_spb_c2            =  4.04044e-09 targ=  1.63583e-08 trig=  1.23178e-08
m_trise_c2          =  2.25239e-10 targ=  1.38250e-08 trig=  1.35997e-08
m_tfall_c2          =  2.25026e-10 targ=  1.51715e-08 trig=  1.49465e-08
m_spa_cmis          =  5.38722e-09 targ=  1.76856e-08 trig=  1.22984e-08
m_spb_cmis          =  4.04014e-09 targ=  1.63386e-08 trig=  1.22984e-08
m_dj_ui_c0 = 1.8562504780e-05
m_swing_c0 = 5.0741485570e-01
m_vpp_c0 = 5.2521593536e-01
m_vcm_c0 = 3.0463188646e+00
m_dj_ui_c1 = 2.0790005354e-05
m_swing_c1 = 5.0704925877e-01
m_vpp_c1 = 5.1360571157e-01
m_vcm_c1 = 3.0464735316e+00
m_dj_ui_mux = 2.0047505162e-05
m_dj_ui_drv_c1 = 7.4250019143e-07
m_dj_ui_c2 = 2.4502506309e-05
m_swing_c2 = 5.0618862172e-01
m_vpp_c2 = 5.1066472538e-01
m_vcm_c2 = 3.0467235208e+00
m_dj_ui_cmis = 2.0715755334e-04
m_swing_cmis = 5.0619017516e-01
m_swing_avcclo = 5.0663688443e-01
m_vcm_avcclo = 2.7166780566e+00
m_swing_avcchi = 5.0743300585e-01
m_vcm_avcchi = 3.3762828375e+00
m_vgs_sw_max = 1.2921983562e+00
m_vgd_sw_max = 2.0229218033e+00
m_vds_sw_max = 2.3992803973e+00
m_vgs_tail_max = 9.9907882581e-01
m_vds_tail_max = 1.2870281439e+00
m_vmux_dc = 8.9552247762e-01
m_swing_dc = 5.0560983874e-01
m_vcm_dc = 3.0471826946e+00
m_ioff_dc = 2.4771979240e-07
m_itail_dc = 1.0112692214e-02
m_icell_dc = 1.0612692226e-02
Note: Simulation executed from .control section 

Warning: m=xx on .subckt line will override multiplier m hierarchy!

