
Note: No compatibility mode selected!


Circuit: * cml-driver-eye-realmux @ ss_-40c_2.97v_742p5mbps -- generated by sim/harness, do not edit

Doing analysis at TEMP = -40.000000 and TNOM = 27.000000

Using SPARSE 1.3 as Direct Linear Solver

Initial Transient Solution
--------------------------

Node                                   Voltage
----                                   -------
vdd                                       2.97
avcc                                       3.3
avcclo                                    2.97
avcchi                                    3.63
clkp                                     1.782
clkn                                     0.891
d0p                                     2.5245
d0n                                     1.6335
d1p                                     2.5245
d1n                                     1.6335
d0pz                                    2.5245
d0nz                                    1.6335
clkpz                                    1.782
clknz                                    0.891
ckref                                    0.891
win                                          0
winc                                         0
xmux_c0.top                            2.57564
xmux_c0.xrc.11                         2.59637
xmux_c0.xrc.21                         2.94927
mp_c0                                  1.74846
xmux_c0.xrlp.11                        1.76919
xmux_c0.xrlp.21                        2.55491
mn_c0                                  2.57564
xmux_c0.xrln.11                        2.57564
xmux_c0.xrln.21                        2.57564
xmux_c0.ibias                          1.17805
xmux_c0.xrref.11                       1.18916
xmux_c0.xrref.21                       2.95889
xmux_c0.sa                             1.07665
xmux_c0.sb                             1.74841
xmux_c0.tail                          0.515861
outp_c0                                2.80546
xc0.tail                               1.02395
outn_c0                                3.29998
ib_c0                                  1.26321
vd_c0                                 0.494517
xmux_c1.top                            2.57564
xmux_c1.xrc.11                         2.59637
xmux_c1.xrc.21                         2.94927
mp_c1                                  1.74846
xmux_c1.xrlp.11                        1.76919
xmux_c1.xrlp.21                        2.55491
mn_c1                                  2.57564
xmux_c1.xrln.11                        2.57564
xmux_c1.xrln.21                        2.57564
xmux_c1.ibias                          1.17805
xmux_c1.xrref.11                       1.18916
xmux_c1.xrref.21                       2.95889
xmux_c1.sa                             1.07665
xmux_c1.sb                             1.74841
xmux_c1.tail                          0.515861
outp_c1                                2.80546
xc1.tail                               1.02395
outn_c1                                3.29998
ib_c1                                  1.26321
vd_c1                                 0.494517
muxref                                0.827176
xmux_c2.top                            2.57564
xmux_c2.xrc.11                         2.59637
xmux_c2.xrc.21                         2.94927
mp_c2                                  1.74846
xmux_c2.xrlp.11                        1.76919
xmux_c2.xrlp.21                        2.55491
mn_c2                                  2.57564
xmux_c2.xrln.11                        2.57564
xmux_c2.xrln.21                        2.57564
xmux_c2.ibias                          1.17805
xmux_c2.xrref.11                       1.18916
xmux_c2.xrref.21                       2.95889
xmux_c2.sa                             1.07665
xmux_c2.sb                             1.74841
xmux_c2.tail                          0.515861
outp_c2                                2.80546
xc2.tail                               1.02395
outn_c2                                3.29998
ib_c2                                  1.26321
vd_c2                                 0.494517
xmux_cmis.top                          2.57564
xmux_cmis.xrc.11                       2.59637
xmux_cmis.xrc.21                       2.94927
mp_cm                                  1.74846
xmux_cmis.xrlp.11                      1.76919
xmux_cmis.xrlp.21                      2.55491
mn_cm                                  2.57564
xmux_cmis.xrln.11                      2.57564
xmux_cmis.xrln.21                      2.57564
xmux_cmis.ibias                        1.17805
xmux_cmis.xrref.11                     1.18916
xmux_cmis.xrref.21                     2.95889
xmux_cmis.sa                           1.07665
xmux_cmis.sb                           1.74841
xmux_cmis.tail                        0.515861
outp_cmis                              2.80546
xcmis.tail                             1.02395
outn_cmis                              3.29998
ib_cmis                                1.26321
vd_cmis                               0.494517
xmux_vlo.top                           2.57564
xmux_vlo.xrc.11                        2.59637
xmux_vlo.xrc.21                        2.94927
mp_vlo                                 1.74846
xmux_vlo.xrlp.11                       1.76919
xmux_vlo.xrlp.21                       2.55491
mn_vlo                                 2.57564
xmux_vlo.xrln.11                       2.57564
xmux_vlo.xrln.21                       2.57564
xmux_vlo.ibias                         1.17805
xmux_vlo.xrref.11                      1.18916
xmux_vlo.xrref.21                      2.95889
xmux_vlo.sa                            1.07665
xmux_vlo.sb                            1.74841
xmux_vlo.tail                         0.515861
outp_vlo                               2.47579
xvlo.tail                              1.01095
outn_vlo                               2.96998
ib_vlo                                 1.26321
xmux_vhi.top                           2.57564
xmux_vhi.xrc.11                        2.59637
xmux_vhi.xrc.21                        2.94927
mp_vhi                                 1.74846
xmux_vhi.xrlp.11                       1.76919
xmux_vhi.xrlp.21                       2.55491
mn_vhi                                 2.57564
xmux_vhi.xrln.11                       2.57564
xmux_vhi.xrln.21                       2.57564
xmux_vhi.ibias                         1.17805
xmux_vhi.xrref.11                      1.18916
xmux_vhi.xrref.21                      2.95889
xmux_vhi.sa                            1.07665
xmux_vhi.sb                            1.74841
xmux_vhi.tail                         0.515861
outp_vhi                               3.13513
xvhi.tail                              1.03646
outn_vhi                               3.62998
ib_vhi                                 1.26321
xmux_z.top                             2.57564
xmux_z.xrc.11                          2.59637
xmux_z.xrc.21                          2.94927
mp_z                                   1.74846
xmux_z.xrlp.11                         1.76919
xmux_z.xrlp.21                         2.55491
mn_z                                   2.57564
xmux_z.xrln.11                         2.57564
xmux_z.xrln.21                         2.57564
xmux_z.ibias                           1.17805
xmux_z.xrref.11                        1.18916
xmux_z.xrref.21                        2.95889
xmux_z.sa                              1.07665
xmux_z.sb                              1.91223
xmux_z.tail                           0.515861
outp_z                                 2.80546
xz.tail                                1.02395
vss_z                                        0
outn_z                                 3.29998
ib_z                                   1.26321
vmuxz                                 0.827176
emuxz#branch                                 0
ediff_cmis#branch                            0
ediff_c2#branch                              0
emuxref#branch                               0
ediff_c1#branch                              0
ediff_c0#branch                              0
eckref#branch                                0
vsens_z#branch                       0.0103912
vwinc#branch                                 0
vwin#branch                                  0
vclknz#branch                                0
vclkpz#branch                                0
vd0nz#branch                                 0
vd0pz#branch                                 0
vd1n#branch                                  0
vd1p#branch                                  0
vd0n#branch                                  0
vd0p#branch                                  0
vclkn#branch                                 0
vclkp#branch                                 0
vavcchi#branch                      -0.0098978
vavcclo#branch                     -0.00988465
vavcc#branch                        -0.0494559
vvdd#branch                         -0.0461895

 Reference value :  0.00000e+00
 Reference value :  8.00000e-13
 Reference value :  1.28000e-11
 Reference value :  1.05600e-10
 Reference value :  2.05600e-10
 Reference value :  3.05600e-10
 Reference value :  4.25600e-10
 Reference value :  5.45600e-10
 Reference value :  6.65600e-10
 Reference value :  7.65600e-10
 Reference value :  8.45600e-10
 Reference value :  9.45600e-10
 Reference value :  1.04560e-09
 Reference value :  1.14560e-09
 Reference value :  1.22560e-09
 Reference value :  1.32560e-09
 Reference value :  1.34681e-09
 Reference value :  1.34761e-09
 Reference value :  1.35189e-09
 Reference value :  1.35595e-09
 Reference value :  1.36336e-09
 Reference value :  1.37314e-09
 Reference value :  1.38573e-09
 Reference value :  1.39670e-09
 Reference value :  1.40468e-09
 Reference value :  1.41166e-09
 Reference value :  1.42767e-09
 Reference value :  1.43494e-09
 Reference value :  1.43974e-09
 Reference value :  1.44726e-09
 Reference value :  1.45145e-09
 Reference value :  1.45754e-09
 Reference value :  1.46540e-09
 Reference value :  1.47194e-09
 Reference value :  1.48028e-09
 Reference value :  1.48910e-09
 Reference value :  1.49680e-09
 Reference value :  1.49691e-09
 Reference value :  1.49879e-09
 Reference value :  1.50366e-09
 Reference value :  1.50939e-09
 Reference value :  1.51637e-09
 Reference value :  1.52929e-09
 Reference value :  1.55128e-09
 Reference value :  1.57206e-09
 Reference value :  1.60018e-09
 Reference value :  1.64449e-09
 Reference value :  1.71929e-09
 Reference value :  1.79929e-09
 Reference value :  1.87929e-09
 Reference value :  1.95929e-09
 Reference value :  2.05929e-09
 Reference value :  2.15929e-09
 Reference value :  2.25929e-09
 Reference value :  2.35929e-09
 Reference value :  2.43929e-09
 Reference value :  2.49929e-09
 Reference value :  2.65929e-09
 Reference value :  2.69366e-09
 Reference value :  2.69484e-09
 Reference value :  2.69975e-09
 Reference value :  2.70873e-09
 Reference value :  2.71457e-09
 Reference value :  2.72690e-09
 Reference value :  2.73500e-09
 Reference value :  2.74617e-09
 Reference value :  2.75334e-09
 Reference value :  2.76389e-09
 Reference value :  2.77568e-09
 Reference value :  2.78520e-09
 Reference value :  2.78980e-09
 Reference value :  2.79696e-09
 Reference value :  2.80836e-09
 Reference value :  2.81495e-09
 Reference value :  2.82119e-09
 Reference value :  2.83051e-09
 Reference value :  2.84360e-09
 Reference value :  2.91493e-09
 Reference value :  3.34544e-09
 Reference value :  3.96544e-09
 Reference value :  4.04042e-09
 Reference value :  4.14373e-09
 Reference value :  4.17420e-09
 Reference value :  4.19163e-09
 Reference value :  4.19439e-09
 Reference value :  4.19972e-09
 Reference value :  4.20837e-09
 Reference value :  4.22067e-09
 Reference value :  4.23323e-09
 Reference value :  4.24629e-09
 Reference value :  4.26762e-09
 Reference value :  4.29786e-09
 Reference value :  4.33427e-09
 Reference value :  4.61237e-09
 Reference value :  4.67237e-09
 Reference value :  4.75237e-09
 Reference value :  4.91237e-09
 Reference value :  5.05237e-09
 Reference value :  5.17237e-09
 Reference value :  5.29237e-09
 Reference value :  5.38723e-09
 Reference value :  5.38750e-09
 Reference value :  5.38973e-09
 Reference value :  5.39339e-09
 Reference value :  5.39985e-09
 Reference value :  5.40824e-09
 Reference value :  5.42011e-09
 Reference value :  5.43210e-09
 Reference value :  5.44341e-09
 Reference value :  5.45025e-09
 Reference value :  5.46138e-09
 Reference value :  5.47264e-09
 Reference value :  5.47875e-09
 Reference value :  5.48114e-09
 Reference value :  5.48562e-09
 Reference value :  5.49309e-09
 Reference value :  5.50540e-09
 Reference value :  5.51149e-09
 Reference value :  5.52099e-09
 Reference value :  5.53060e-09
 Reference value :  5.53723e-09
 Reference value :  5.53750e-09
 Reference value :  5.54121e-09
 Reference value :  5.54848e-09
 Reference value :  5.56069e-09
 Reference value :  5.57582e-09
 Reference value :  5.58866e-09
 Reference value :  5.60309e-09
 Reference value :  5.62801e-09
 Reference value :  5.66687e-09
 Reference value :  5.71939e-09
 Reference value :  6.51939e-09
 Reference value :  6.77545e-09
 Reference value :  6.78280e-09
 Reference value :  6.79379e-09
 Reference value :  6.80434e-09
 Reference value :  6.81613e-09
 Reference value :  6.82287e-09
 Reference value :  6.82804e-09
 Reference value :  6.88430e-09
 Reference value :  6.88647e-09
 Reference value :  6.88975e-09
 Reference value :  6.89736e-09
 Reference value :  6.90463e-09
 Reference value :  6.92260e-09
 Reference value :  6.93992e-09
 Reference value :  6.96126e-09
 Reference value :  6.99151e-09
 Reference value :  7.02797e-09
 Reference value :  7.10609e-09
 Reference value :  7.18609e-09
 Reference value :  7.26609e-09
 Reference value :  7.36609e-09
 Reference value :  7.48609e-09
 Reference value :  7.56609e-09
 Reference value :  7.66609e-09
 Reference value :  7.80609e-09
 Reference value :  7.92609e-09
 Reference value :  8.02609e-09
 Reference value :  8.08083e-09
 Reference value :  8.08110e-09
 Reference value :  8.08332e-09
 Reference value :  8.08698e-09
 Reference value :  8.09343e-09
 Reference value :  8.10182e-09
 Reference value :  8.11418e-09
 Reference value :  8.12582e-09
 Reference value :  8.13714e-09
 Reference value :  8.14398e-09
 Reference value :  8.15512e-09
 Reference value :  8.16970e-09
 Reference value :  8.17486e-09
 Reference value :  8.17935e-09
 Reference value :  8.18682e-09
 Reference value :  8.19913e-09
 Reference value :  8.20222e-09
 Reference value :  8.20845e-09
 Reference value :  8.21778e-09
 Reference value :  8.23083e-09
 Reference value :  8.23203e-09
 Reference value :  8.23654e-09
 Reference value :  8.24414e-09
 Reference value :  8.25425e-09
 Reference value :  8.27773e-09
 Reference value :  8.30800e-09
 Reference value :  8.36029e-09
 Reference value :  8.43270e-09
 Reference value :  8.53270e-09
 Reference value :  8.65270e-09
 Reference value :  8.77270e-09
 Reference value :  8.87270e-09
 Reference value :  8.97270e-09
 Reference value :  9.05270e-09
 Reference value :  9.13270e-09
 Reference value :  9.23270e-09
 Reference value :  9.31270e-09
 Reference value :  9.41016e-09
 Reference value :  9.42767e-09
 Reference value :  9.42823e-09
 Reference value :  9.43181e-09
 Reference value :  9.43796e-09
 Reference value :  9.44557e-09
 Reference value :  9.46053e-09
 Reference value :  9.47252e-09
 Reference value :  9.48731e-09
 Reference value :  9.50180e-09
 Reference value :  9.51917e-09
 Reference value :  9.52377e-09
 Reference value :  9.53092e-09
 Reference value :  9.54232e-09
 Reference value :  9.54893e-09
 Reference value :  9.55819e-09
 Reference value :  9.56777e-09
 Reference value :  9.57761e-09
 Reference value :  9.57767e-09
 Reference value :  9.58007e-09
 Reference value :  9.58335e-09
 Reference value :  9.58887e-09
 Reference value :  9.59823e-09
 Reference value :  9.60790e-09
 Reference value :  9.62046e-09
 Reference value :  9.63841e-09
 Reference value :  9.65486e-09
 Reference value :  9.68511e-09
 Reference value :  9.72156e-09
 Reference value :  9.75968e-09
 Reference value :  9.81968e-09
 Reference value :  9.87968e-09
 Reference value :  9.91968e-09
 Reference value :  9.99968e-09
 Reference value :  1.00997e-08
 Reference value :  1.01597e-08
 Reference value :  1.02197e-08
 Reference value :  1.03197e-08
 Reference value :  1.03997e-08
 Reference value :  1.04997e-08
 Reference value :  1.06197e-08
 Reference value :  1.07197e-08
 Reference value :  1.07744e-08
 Reference value :  1.07751e-08
 Reference value :  1.07771e-08
 Reference value :  1.07790e-08
 Reference value :  1.07861e-08
 Reference value :  1.07956e-08
 Reference value :  1.08074e-08
 Reference value :  1.08187e-08
 Reference value :  1.08300e-08
 Reference value :  1.08336e-08
 Reference value :  1.08370e-08
 Reference value :  1.08518e-08
 Reference value :  1.08617e-08
 Reference value :  1.08672e-08
 Reference value :  1.08718e-08
 Reference value :  1.08820e-08
 Reference value :  1.08920e-08
 Reference value :  1.08984e-08
 Reference value :  1.09116e-08
 Reference value :  1.09244e-08
 Reference value :  1.09255e-08
 Reference value :  1.09316e-08
 Reference value :  1.09397e-08
 Reference value :  1.09508e-08
 Reference value :  1.09674e-08
 Reference value :  1.09745e-08
 Reference value :  1.09765e-08
 Reference value :  1.09873e-08
 Reference value :  1.10027e-08
 Reference value :  1.10292e-08
 Reference value :  1.10614e-08
 Reference value :  1.11128e-08
 Reference value :  1.11720e-08
 Reference value :  1.12520e-08
 Reference value :  1.13320e-08
 Reference value :  1.14320e-08
 Reference value :  1.15520e-08
 Reference value :  1.16520e-08
 Reference value :  1.17720e-08
 Reference value :  1.18920e-08
 Reference value :  1.20320e-08
 Reference value :  1.21212e-08
 Reference value :  1.21217e-08
 Reference value :  1.21250e-08
 Reference value :  1.21358e-08
 Reference value :  1.21488e-08
 Reference value :  1.21617e-08
 Reference value :  1.21728e-08
 Reference value :  1.21804e-08
 Reference value :  1.21873e-08
 Reference value :  1.21982e-08
 Reference value :  1.22046e-08
 Reference value :  1.22138e-08
 Reference value :  1.22186e-08
 Reference value :  1.22235e-08
 Reference value :  1.22314e-08
 Reference value :  1.22412e-08
 Reference value :  1.22547e-08
 Reference value :  1.22680e-08
 Reference value :  1.22712e-08
 Reference value :  1.22718e-08
 Reference value :  1.22753e-08
 Reference value :  1.22807e-08
 Reference value :  1.22950e-08
 Reference value :  1.23108e-08
 Reference value :  1.23337e-08
 Reference value :  1.23495e-08
 Reference value :  1.23758e-08
 Reference value :  1.24121e-08
 Reference value :  1.24836e-08
 Reference value :  1.25834e-08
 Reference value :  1.26834e-08
 Reference value :  1.27834e-08
 Reference value :  1.28634e-08
 Reference value :  1.29434e-08
 Reference value :  1.30434e-08
 Reference value :  1.31234e-08
 Reference value :  1.32234e-08
 Reference value :  1.33234e-08
 Reference value :  1.34234e-08
 Reference value :  1.34680e-08
 Reference value :  1.34689e-08
 Reference value :  1.34754e-08
 Reference value :  1.34822e-08
 Reference value :  1.34912e-08
 Reference value :  1.35078e-08
 Reference value :  1.35153e-08
 Reference value :  1.35274e-08
 Reference value :  1.35423e-08
 Reference value :  1.35490e-08
 Reference value :  1.35613e-08
 Reference value :  1.35661e-08
 Reference value :  1.35737e-08
 Reference value :  1.35898e-08
 Reference value :  1.36034e-08
 Reference value :  1.36157e-08
 Reference value :  1.36181e-08
 Reference value :  1.36196e-08
 Reference value :  1.36244e-08
 Reference value :  1.36346e-08
 Reference value :  1.36462e-08
 Reference value :  1.36546e-08
 Reference value :  1.36680e-08
 Reference value :  1.36873e-08
 Reference value :  1.37042e-08
 Reference value :  1.37312e-08
 Reference value :  1.37384e-08
 Reference value :  1.37405e-08
 Reference value :  1.37562e-08
 Reference value :  1.37956e-08
 Reference value :  1.38597e-08
 Reference value :  1.38731e-08
 Reference value :  1.38741e-08
 Reference value :  1.38909e-08
 Reference value :  1.39288e-08
 Reference value :  1.39888e-08
 Reference value :  1.40888e-08
 Reference value :  1.42088e-08
 Reference value :  1.43088e-08
 Reference value :  1.43998e-08
 Reference value :  1.44114e-08
 Reference value :  1.44139e-08
 Reference value :  1.44875e-08
 Reference value :  1.46075e-08
 Reference value :  1.47275e-08
 Reference value :  1.48012e-08
 Reference value :  1.48148e-08
 Reference value :  1.48151e-08
 Reference value :  1.48168e-08
 Reference value :  1.48225e-08
 Reference value :  1.48320e-08
 Reference value :  1.48421e-08
 Reference value :  1.48550e-08
 Reference value :  1.48586e-08
 Reference value :  1.48746e-08
 Reference value :  1.48819e-08
 Reference value :  1.48961e-08
 Reference value :  1.49056e-08
 Reference value :  1.49108e-08
 Reference value :  1.49208e-08
 Reference value :  1.49295e-08
 Reference value :  1.49395e-08
 Reference value :  1.49530e-08
 Reference value :  1.49623e-08
 Reference value :  1.49648e-08
 Reference value :  1.49657e-08
 Reference value :  1.49681e-08
 Reference value :  1.49734e-08
 Reference value :  1.49845e-08
 Reference value :  1.49904e-08
 Reference value :  1.50024e-08
 Reference value :  1.50158e-08
 Reference value :  1.50352e-08
 Reference value :  1.50590e-08
 Reference value :  1.50910e-08
 Reference value :  1.51373e-08
 Reference value :  1.52032e-08
 Reference value :  1.52199e-08
 Reference value :  1.52209e-08
 Reference value :  1.52287e-08
 Reference value :  1.52756e-08
 Reference value :  1.57943e-08
 Reference value :  1.59543e-08
 Reference value :  1.60543e-08
 Reference value :  1.61480e-08
 Reference value :  1.61619e-08
 Reference value :  1.61636e-08
 Reference value :  1.61693e-08
 Reference value :  1.61788e-08
 Reference value :  1.61852e-08
 Reference value :  1.61936e-08
 Reference value :  1.62054e-08
 Reference value :  1.62214e-08
 Reference value :  1.62287e-08
 Reference value :  1.62429e-08
 Reference value :  1.62493e-08
 Reference value :  1.62552e-08
 Reference value :  1.62600e-08
 Reference value :  1.62702e-08
 Reference value :  1.62798e-08
 Reference value :  1.62897e-08
 Reference value :  1.63116e-08
 Reference value :  1.63125e-08
 Reference value :  1.63184e-08
 Reference value :  1.63287e-08
 Reference value :  1.63447e-08
 Reference value :  1.63626e-08
 Reference value :  1.63820e-08
 Reference value :  1.63992e-08
 Reference value :  1.64205e-08
 Reference value :  1.64477e-08
 Reference value :  1.64841e-08
 Reference value :  1.65344e-08
 Reference value :  1.65657e-08
 Reference value :  1.65667e-08
 Reference value :  1.65677e-08
 Reference value :  1.65845e-08
 Reference value :  1.66224e-08
 Reference value :  1.66824e-08
 Reference value :  1.67624e-08
 Reference value :  1.68624e-08
 Reference value :  1.69824e-08
 Reference value :  1.70934e-08
 Reference value :  1.71054e-08
 Reference value :  1.71411e-08
 Reference value :  1.73011e-08
 Reference value :  1.74211e-08
 Reference value :  1.75084e-08
 Reference value :  1.75085e-08
 Reference value :  1.75104e-08
 Reference value :  1.75121e-08
 Reference value :  1.75161e-08
 Reference value :  1.75228e-08
 Reference value :  1.75357e-08
 Reference value :  1.75486e-08
 Reference value :  1.75642e-08
 Reference value :  1.75717e-08
 Reference value :  1.75865e-08
 Reference value :  1.75928e-08
 Reference value :  1.76020e-08
 Reference value :  1.76044e-08
 Reference value :  1.76094e-08
 Reference value :  1.76170e-08
 Reference value :  1.76266e-08
 Reference value :  1.76398e-08
 Reference value :  1.76559e-08
 Reference value :  1.76585e-08
 Reference value :  1.76617e-08
 Reference value :  1.76652e-08
 Reference value :  1.76732e-08
 Reference value :  1.76808e-08
 Reference value :  1.76960e-08
 Reference value :  1.77094e-08
 Reference value :  1.77237e-08
 Reference value :  1.77399e-08
 Reference value :  1.77596e-08
 Reference value :  1.78054e-08
 Reference value :  1.78625e-08
 Reference value :  1.79125e-08
 Reference value :  1.79137e-08
 Reference value :  1.79313e-08
 Reference value :  1.80092e-08
 Reference value :  1.81092e-08
 Reference value :  1.82092e-08
 Reference value :  1.82892e-08
 Reference value :  1.83492e-08
 Reference value :  1.84092e-08
 Reference value :  1.84513e-08
 Reference value :  1.84524e-08
 Reference value :  1.84611e-08
 Reference value :  1.85679e-08
 Reference value :  1.86679e-08
 Reference value :  1.87679e-08
 Reference value :  1.88552e-08
 Reference value :  1.88553e-08
 Reference value :  1.88572e-08
 Reference value :  1.88629e-08
 Reference value :  1.88724e-08
 Reference value :  1.88872e-08
 Reference value :  1.88990e-08
 Reference value :  1.89150e-08
 Reference value :  1.89223e-08
 Reference value :  1.89333e-08
 Reference value :  1.89396e-08
 Reference value :  1.89488e-08
 Reference value :  1.89536e-08
 Reference value :  1.89638e-08
 Reference value :  1.89734e-08
 Reference value :  1.89799e-08
 Reference value :  1.89901e-08
 Reference value :  1.90001e-08
 Reference value :  1.90052e-08
 Reference value :  1.90061e-08
 Reference value :  1.90085e-08
 Reference value :  1.90138e-08
 Reference value :  1.90223e-08
 Reference value :  1.90342e-08
 Reference value :  1.90473e-08
 Reference value :  1.90608e-08
 Reference value :  1.90756e-08
 Reference value :  1.90928e-08
 Reference value :  1.91223e-08
 Reference value :  1.91643e-08
 Reference value :  1.92093e-08
 Reference value :  1.92593e-08
 Reference value :  1.92603e-08
 Reference value :  1.92691e-08
 Reference value :  1.93560e-08
 Reference value :  1.94360e-08
 Reference value :  1.95360e-08
 Reference value :  1.96360e-08
 Reference value :  1.97160e-08
 Reference value :  1.97870e-08
 Reference value :  1.97986e-08
 Reference value :  1.97995e-08
 Reference value :  1.98079e-08
 Reference value :  1.98747e-08
 Reference value :  1.99547e-08
 Reference value :  2.00347e-08
 Reference value :  2.01147e-08
 Reference value :  2.02020e-08
 Reference value :  2.02021e-08
 Reference value :  2.02030e-08
 Reference value :  2.02057e-08
 Reference value :  2.02117e-08
 Reference value :  2.02192e-08
 Reference value :  2.02293e-08
 Reference value :  2.02422e-08
 Reference value :  2.02496e-08
 Reference value :  2.02618e-08
 Reference value :  2.02725e-08
 Reference value :  2.02833e-08
 Reference value :  2.02897e-08
 Reference value :  2.02956e-08
 Reference value :  2.03004e-08
 Reference value :  2.03080e-08
 Reference value :  2.03167e-08
 Reference value :  2.03235e-08
 Reference value :  2.03334e-08
 Reference value :  2.03436e-08
 Reference value :  2.03520e-08
 Reference value :  2.03522e-08
 Reference value :  2.03538e-08
 Reference value :  2.03553e-08
 Reference value :  2.03606e-08
 Reference value :  2.03668e-08
 Reference value :  2.03776e-08
 Reference value :  2.03941e-08
 Reference value :  2.04124e-08
 Reference value :  2.04278e-08
 Reference value :  2.04609e-08
 Reference value :  2.04990e-08
 Reference value :  2.05394e-08
 Reference value :  2.06061e-08
 Reference value :  2.06071e-08
 Reference value :  2.06115e-08
 Reference value :  2.06628e-08
 Reference value :  2.07228e-08
 Reference value :  2.07828e-08
 Reference value :  2.08628e-08
 Reference value :  2.09628e-08
 Reference value :  2.10228e-08
 Reference value :  2.11228e-08
 Reference value :  2.11451e-08
 Reference value :  2.11463e-08
 Reference value :  2.11547e-08
 Reference value :  2.12416e-08
 Reference value :  2.12805e-08
 Reference value :  2.12815e-08
 Reference value :  2.12983e-08
 Reference value :  2.14162e-08
 Reference value :  2.14962e-08
 Reference value :  2.15488e-08
 Reference value :  2.15494e-08
 Reference value :  2.15528e-08
 Reference value :  2.15590e-08
 Reference value :  2.15695e-08
 Reference value :  2.15861e-08
 Reference value :  2.15934e-08
 Reference value :  2.16048e-08
 Reference value :  2.16117e-08
 Reference value :  2.16229e-08
 Reference value :  2.16339e-08
 Reference value :  2.16434e-08
 Reference value :  2.16512e-08
 Reference value :  2.16621e-08
 Reference value :  2.16689e-08
 Reference value :  2.16788e-08
 Reference value :  2.16924e-08
 Reference value :  2.16988e-08
 Reference value :  2.17001e-08
 Reference value :  2.17029e-08
 Reference value :  2.17064e-08
 Reference value :  2.17124e-08
 Reference value :  2.17198e-08
 Reference value :  2.17296e-08
 Reference value :  2.17429e-08
 Reference value :  2.17614e-08
 Reference value :  2.17716e-08
 Reference value :  2.17893e-08
 Reference value :  2.18034e-08
 Reference value :  2.18199e-08
 Reference value :  2.18511e-08
 Reference value :  2.19111e-08
 Reference value :  2.19709e-08
 Reference value :  2.20309e-08
 Reference value :  2.20909e-08
 Reference value :  2.21709e-08
 Reference value :  2.22709e-08
 Reference value :  2.23309e-08
 Reference value :  2.24309e-08
 Reference value :  2.25309e-08
 Reference value :  2.26309e-08
 Reference value :  2.27109e-08
 Reference value :  2.28109e-08
 Reference value :  2.28833e-08
 Reference value :  2.28956e-08
 Reference value :  2.28961e-08
 Reference value :  2.28994e-08
 Reference value :  2.29030e-08
 Reference value :  2.29098e-08
 Reference value :  2.29225e-08
 Reference value :  2.29355e-08
 Reference value :  2.29465e-08
 Reference value :  2.29589e-08
 Reference value :  2.29734e-08
 Reference value :  2.29797e-08
 Reference value :  2.29862e-08
 Reference value :  2.29937e-08
 Reference value :  2.30068e-08
 Reference value :  2.30242e-08
 Reference value :  2.30377e-08
 Reference value :  2.30433e-08
 Reference value :  2.30456e-08
 Reference value :  2.30460e-08
 Reference value :  2.30520e-08
 Reference value :  2.30599e-08
 Reference value :  2.30705e-08
 Reference value :  2.30822e-08
 Reference value :  2.31002e-08
 Reference value :  2.31201e-08
 Reference value :  2.31383e-08
 Reference value :  2.31697e-08
 Reference value :  2.32018e-08
 Reference value :  2.32639e-08
 Reference value :  2.33439e-08
 Reference value :  2.33839e-08
 Reference value :  2.34239e-08
 Reference value :  2.34839e-08
 Reference value :  2.35639e-08
 Reference value :  2.36639e-08
 Reference value :  2.37439e-08
 Reference value :  2.38839e-08
 Reference value :  2.39839e-08
 Reference value :  2.40839e-08
 Reference value :  2.41639e-08
 Reference value :  2.42424e-08
 Reference value :  2.42427e-08
 Reference value :  2.42468e-08
 Reference value :  2.42553e-08
 Reference value :  2.42638e-08
 Reference value :  2.42758e-08
 Reference value :  2.42842e-08
 Reference value :  2.42954e-08
 Reference value :  2.43060e-08
 Reference value :  2.43212e-08
 Reference value :  2.43312e-08
 Reference value :  2.43367e-08
 Reference value :  2.43440e-08
 Reference value :  2.43517e-08
 Reference value :  2.43613e-08
 Reference value :  2.43680e-08
 Reference value :  2.43781e-08
 Reference value :  2.43903e-08
 Reference value :  2.43924e-08
 Reference value :  2.43932e-08
 Reference value :  2.43988e-08
 Reference value :  2.44067e-08
 Reference value :  2.44173e-08
 Reference value :  2.44290e-08
 Reference value :  2.44424e-08
 Reference value :  2.44565e-08
 Reference value :  2.44726e-08
 Reference value :  2.44920e-08
 Reference value :  2.45076e-08
 Reference value :  2.45368e-08
 Reference value :  2.45762e-08
 Reference value :  2.46307e-08
 Reference value :  2.46907e-08
 Reference value :  2.47507e-08
 Reference value :  2.48507e-08
 Reference value :  2.49707e-08
 Reference value :  2.50707e-08
 Reference value :  2.51907e-08
 Reference value :  2.52907e-08
 Reference value :  2.53907e-08
 Reference value :  2.54707e-08
 Reference value :  2.55892e-08
 Reference value :  2.55893e-08
 Reference value :  2.55899e-08
 Reference value :  2.55936e-08
 Reference value :  2.55976e-08
 Reference value :  2.56106e-08
 Reference value :  2.56226e-08
 Reference value :  2.56346e-08
 Reference value :  2.56459e-08
 Reference value :  2.56528e-08
 Reference value :  2.56640e-08
 Reference value :  2.56749e-08
 Reference value :  2.56809e-08
 Reference value :  2.56859e-08
 Reference value :  2.56932e-08
 Reference value :  2.57048e-08
 Reference value :  2.57113e-08
 Reference value :  2.57283e-08
 Reference value :  2.57392e-08
 Reference value :  2.57393e-08
 Reference value :  2.57400e-08
 Reference value :  2.57439e-08
 Reference value :  2.57493e-08
 Reference value :  2.57558e-08
 Reference value :  2.57714e-08
 Reference value :  2.61975e-08
 Reference value :  2.69360e-08
 Reference value :  2.69360e-08
 Reference value :  2.69401e-08
 Reference value :  2.69437e-08
 Reference value :  2.69480e-08
 Reference value :  2.69529e-08
 Reference value :  2.69604e-08
 Reference value :  2.69704e-08
 Reference value :  2.69805e-08
 Reference value :  2.69985e-08
 Reference value :  2.70135e-08
 Reference value :  2.70201e-08
 Reference value :  2.70263e-08
 Reference value :  2.70315e-08
 Reference value :  2.70362e-08
 Reference value :  2.70436e-08
 Reference value :  2.70527e-08
 Reference value :  2.70589e-08
 Reference value :  2.70620e-08
 Reference value :  2.70719e-08
 Reference value :  2.70860e-08
 Reference value :  2.70891e-08
 Reference value :  2.70923e-08
 Reference value :  2.70980e-08
 Reference value :  2.71049e-08
 Reference value :  2.71177e-08
 Reference value :  2.71304e-08
 Reference value :  2.71487e-08
 Reference value :  2.71718e-08
 Reference value :  2.71954e-08
 Reference value :  2.72304e-08
 Reference value :  2.73064e-08
 Reference value :  2.73664e-08
 Reference value :  2.74464e-08
 Reference value :  2.75064e-08
 Reference value :  2.75864e-08
 Reference value :  2.76664e-08
 Reference value :  2.77464e-08
 Reference value :  2.78464e-08
 Reference value :  2.79464e-08
 Reference value :  2.80264e-08
 Reference value :  2.81064e-08
 Reference value :  2.81864e-08
 Reference value :  2.82646e-08
 Reference value :  2.82828e-08
 Reference value :  2.83160e-08
 Reference value :  2.83245e-08
 Reference value :  2.83281e-08
 Reference value :  2.83394e-08
 Reference value :  2.83462e-08
 Reference value :  2.83574e-08
 Reference value :  2.83644e-08
 Reference value :  2.83739e-08
 Reference value :  2.83786e-08
 Reference value :  2.83808e-08
 Reference value :  2.83883e-08
 Reference value :  2.83938e-08
 Reference value :  2.84039e-08
 Reference value :  2.84102e-08
 Reference value :  2.84195e-08
 Reference value :  2.84295e-08
 Reference value :  2.84329e-08
 Reference value :  2.84341e-08
 Reference value :  2.84370e-08
 Reference value :  2.84424e-08
 Reference value :  2.84487e-08
 Reference value :  2.84566e-08
 Reference value :  2.84679e-08
 Reference value :  2.84893e-08
 Reference value :  2.85049e-08
 Reference value :  2.85325e-08
 Reference value :  2.85519e-08
 Reference value :  2.86175e-08
 Reference value :  2.86775e-08
 Reference value :  2.87575e-08
 Reference value :  2.88775e-08
 Reference value :  2.89575e-08
 Reference value :  2.90575e-08
 Reference value :  2.91775e-08
 Reference value :  2.92775e-08
 Reference value :  2.93975e-08
 Reference value :  2.94975e-08
 Reference value :  2.96296e-08
 Reference value :  2.96299e-08
 Reference value :  2.96336e-08
 Reference value :  2.96445e-08
 Reference value :  2.96576e-08
 Reference value :  2.96706e-08
 Reference value :  2.96779e-08
 Reference value :  2.96855e-08
 Reference value :  2.96924e-08
 Reference value :  2.97032e-08
 Reference value :  2.97103e-08
 Reference value :  2.97169e-08
 Reference value :  2.97254e-08
 Reference value :  2.97325e-08
 Reference value :  2.97437e-08
 Reference value :  2.97538e-08
 Reference value :  2.97696e-08
 Reference value :  2.97797e-08
 Reference value :  2.97809e-08
 Reference value :  2.97873e-08
 Reference value :  2.97954e-08
 Reference value :  2.98034e-08
 Reference value :  2.98186e-08
 Reference value :  2.98315e-08
 Reference value :  2.98516e-08
 Reference value :  2.98711e-08
 Reference value :  2.98983e-08
 Reference value :  2.99436e-08
 Reference value :  3.00036e-08
 Reference value :  3.00636e-08
 Reference value :  3.01236e-08
 Reference value :  3.01836e-08
 Reference value :  3.02836e-08
 Reference value :  3.03636e-08
 Reference value :  3.04436e-08
 Reference value :  3.05236e-08
 Reference value :  3.05836e-08
 Reference value :  3.06836e-08
 Reference value :  3.07636e-08
 Reference value :  3.08436e-08
 Reference value :  3.09236e-08
 Reference value :  3.09764e-08
 Reference value :  3.09770e-08
 Reference value :  3.09804e-08
 Reference value :  3.09888e-08
 Reference value :  3.09972e-08
 Reference value :  3.10093e-08
 Reference value :  3.10210e-08
 Reference value :  3.10324e-08
 Reference value :  3.10393e-08
 Reference value :  3.10500e-08
 Reference value :  3.10571e-08
 Reference value :  3.10638e-08
 Reference value :  3.10700e-08
 Reference value :  3.10745e-08
 Reference value :  3.10819e-08
 Reference value :  3.10944e-08
 Reference value :  3.11007e-08
 Reference value :  3.11133e-08
 Reference value :  3.11265e-08
 Reference value :  3.11289e-08
 Reference value :  3.11322e-08
 Reference value :  3.11378e-08
 Reference value :  3.11500e-08
 Reference value :  3.11694e-08
 Reference value :  3.11825e-08
 Reference value :  3.12104e-08
 Reference value :  3.12342e-08
 Reference value :  3.12891e-08
 Reference value :  3.13491e-08
 Reference value :  3.14091e-08
 Reference value :  3.14891e-08
 Reference value :  3.15491e-08
 Reference value :  3.16291e-08
 Reference value :  3.17291e-08
 Reference value :  3.17891e-08
 Reference value :  3.18691e-08
 Reference value :  3.19691e-08
 Reference value :  3.21091e-08
 Reference value :  3.22291e-08
 Reference value :  3.23233e-08
 Reference value :  3.23238e-08
 Reference value :  3.23274e-08
 Reference value :  3.23335e-08
 Reference value :  3.23476e-08
 Reference value :  3.23646e-08
 Reference value :  3.23757e-08
 Reference value :  3.23829e-08
 Reference value :  3.23935e-08
 Reference value :  3.24052e-08
 Reference value :  3.24148e-08
 Reference value :  3.24194e-08
 Reference value :  3.24241e-08
 Reference value :  3.24347e-08
 Reference value :  3.24414e-08
 Reference value :  3.24475e-08
 Reference value :  3.24570e-08
 Reference value :  3.24666e-08
 Reference value :  3.24733e-08
 Reference value :  3.24738e-08
 Reference value :  3.24772e-08
 Reference value :  3.24888e-08
 Reference value :  3.25036e-08
 Reference value :  3.25247e-08
 Reference value :  3.25505e-08
 Reference value :  3.26030e-08
 Reference value :  3.26955e-08
 Reference value :  3.27955e-08
 Reference value :  3.28955e-08
 Reference value :  3.29955e-08
 Reference value :  3.30755e-08
 Reference value :  3.31755e-08
 Reference value :  3.32755e-08
 Reference value :  3.33555e-08
 Reference value :  3.34555e-08
 Reference value :  3.35555e-08
 Reference value :  3.36355e-08
 Reference value :  3.36701e-08
 Reference value :  3.36706e-08
 Reference value :  3.36742e-08
 Reference value :  3.36803e-08
 Reference value :  3.36879e-08
 Reference value :  3.37034e-08
 Reference value :  3.37115e-08
 Reference value :  3.37226e-08
 Reference value :  3.37298e-08
 Reference value :  3.37369e-08
 Reference value :  3.37484e-08
 Reference value :  3.37617e-08
 Reference value :  3.37663e-08
 Reference value :  3.37734e-08
 Reference value :  3.37848e-08
 Reference value :  3.37914e-08
 Reference value :  3.37976e-08
 Reference value :  3.38102e-08
 Reference value :  3.38201e-08
 Reference value :  3.38203e-08
 Reference value :  3.38225e-08
 Reference value :  3.38275e-08
 Reference value :  3.38356e-08
 Reference value :  3.38435e-08
 Reference value :  3.38547e-08
 Reference value :  3.38715e-08
 Reference value :  3.38859e-08
 Reference value :  3.39188e-08
 Reference value :  3.39641e-08
 Reference value :  3.40223e-08
 Reference value :  3.41023e-08
 Reference value :  3.41823e-08
 Reference value :  3.42823e-08
 Reference value :  3.44023e-08
 Reference value :  3.45023e-08
 Reference value :  3.46423e-08
 Reference value :  3.47823e-08
 Reference value :  3.49223e-08
 Reference value :  3.50169e-08
 Reference value :  3.50174e-08
 Reference value :  3.50210e-08
 Reference value :  3.50272e-08
 Reference value :  3.50347e-08
 Reference value :  3.50502e-08
 Reference value :  3.50618e-08
 Reference value :  3.50731e-08
 Reference value :  3.50800e-08
 Reference value :  3.50911e-08
 Reference value :  3.51024e-08
 Reference value :  3.51109e-08
 Reference value :  3.51153e-08
 Reference value :  3.51255e-08
 Reference value :  3.51351e-08
 Reference value :  3.51412e-08
 Reference value :  3.51571e-08
 Reference value :  3.51669e-08
 Reference value :  3.51693e-08
 Reference value :  3.51762e-08
 Reference value :  3.51848e-08
 Reference value :  3.51971e-08
 Reference value :  3.52138e-08
 Reference value :  3.52327e-08
 Reference value :  3.52506e-08
 Reference value :  3.52744e-08
 Reference value :  3.53290e-08
 Reference value :  3.54090e-08
 Reference value :  3.55090e-08
 Reference value :  3.55890e-08
 Reference value :  3.56890e-08
 Reference value :  3.57890e-08
 Reference value :  3.58890e-08
 Reference value :  3.59690e-08
 Reference value :  3.60490e-08
 Reference value :  3.61690e-08
 Reference value :  3.62490e-08
 Reference value :  3.63463e-08
 Reference value :  3.63637e-08
 Reference value :  3.63661e-08
 Reference value :  3.63698e-08
 Reference value :  3.63762e-08
 Reference value :  3.63846e-08
 Reference value :  3.63970e-08
 Reference value :  3.64051e-08
 Reference value :  3.64124e-08
 Reference value :  3.64234e-08
 Reference value :  3.64305e-08
 Reference value :  3.64458e-08
 Reference value :  3.64553e-08
 Reference value :  3.64599e-08
 Reference value :  3.64670e-08
 Reference value :  3.64785e-08
 Reference value :  3.64850e-08
 Reference value :  3.64943e-08
 Reference value :  3.65071e-08
 Reference value :  3.65137e-08
 Reference value :  3.65142e-08
 Reference value :  3.65176e-08
 Reference value :  3.65249e-08
 Reference value :  3.65343e-08
 Reference value :  3.65482e-08
 Reference value :  3.65565e-08
 Reference value :  3.65651e-08
 Reference value :  3.65795e-08
 Reference value :  3.65974e-08
 Reference value :  3.66212e-08
 Reference value :  3.68557e-08
 Reference value :  3.70357e-08
 Reference value :  3.71357e-08
 Reference value :  3.72157e-08
 Reference value :  3.73157e-08
 Reference value :  3.74557e-08
 Reference value :  3.75557e-08
 Reference value :  3.76931e-08
 Reference value :  3.77105e-08
 Reference value :  3.77131e-08
 Reference value :  3.77196e-08
 Reference value :  3.77317e-08
 Reference value :  3.77434e-08
 Reference value :  3.77548e-08
 Reference value :  3.77660e-08
 Reference value :  3.77731e-08
 Reference value :  3.77802e-08
 Reference value :  3.77878e-08
 Reference value :  3.77943e-08
 Reference value :  3.78032e-08
 Reference value :  3.78078e-08
 Reference value :  3.78180e-08
 Reference value :  3.78280e-08
 Reference value :  3.78344e-08
 Reference value :  3.78476e-08
 Reference value :  3.78604e-08
 Reference value :  3.78605e-08
 Reference value :  3.78616e-08
 Reference value :  3.78642e-08
 Reference value :  3.78695e-08
 Reference value :  3.78758e-08
 Reference value :  3.78808e-08
 Reference value :  3.78904e-08
 Reference value :  3.79034e-08
 Reference value :  3.79104e-08
 Reference value :  3.79105e-08
 Reference value :  3.79146e-08
 Reference value :  3.79233e-08
 Reference value :  3.79388e-08
 Reference value :  3.79579e-08
 Reference value :  3.79802e-08
 Reference value :  3.80185e-08
 Reference value :  3.80679e-08
 Reference value :  3.81279e-08
 Reference value :  3.81879e-08
 Reference value :  3.82479e-08
 Reference value :  3.83279e-08
 Reference value :  3.84079e-08
 Reference value :  3.84879e-08
 Reference value :  3.85879e-08
 Reference value :  3.87279e-08
 Reference value :  3.89479e-08
 Reference value :  3.90573e-08
 Reference value :  3.90578e-08
 Reference value :  3.90611e-08
 Reference value :  3.90694e-08
 Reference value :  3.90776e-08
 Reference value :  3.90940e-08
 Reference value :  3.91013e-08
 Reference value :  3.91128e-08
 Reference value :  3.91233e-08
 Reference value :  3.91342e-08
 Reference value :  3.91406e-08
 Reference value :  3.91471e-08
 Reference value :  3.91523e-08
 Reference value :  3.91570e-08
 Reference value :  3.91674e-08
 Reference value :  3.91773e-08
 Reference value :  3.91872e-08
 Reference value :  3.91974e-08
 Reference value :  3.92072e-08
 Reference value :  3.92073e-08
 Reference value :  3.92085e-08
 Reference value :  3.92131e-08
 Reference value :  3.92208e-08
 Reference value :  3.92282e-08
 Reference value :  3.92380e-08
 Reference value :  3.92513e-08
 Reference value :  3.92649e-08
 Reference value :  3.92800e-08
 Reference value :  3.92977e-08
 Reference value :  3.93197e-08
 Reference value :  3.93481e-08
 Reference value :  3.94019e-08
 Reference value :  3.94794e-08
 Reference value :  3.95394e-08
 Reference value :  3.95994e-08
 Reference value :  3.96794e-08
 Reference value :  3.97594e-08
 Reference value :  3.98394e-08
 Reference value :  3.99194e-08
 Reference value :  4.00194e-08
 Reference value :  4.01194e-08
 Reference value :  4.02194e-08
 Reference value :  4.03194e-08
 Reference value :  4.03917e-08
 Reference value :  4.04041e-08
 Reference value :  4.04041e-08
 Reference value :  4.04050e-08
 Reference value :  4.04078e-08
 Reference value :  4.04114e-08
 Reference value :  4.04182e-08
 Reference value :  4.04238e-08
 Reference value :  4.04309e-08
 Reference value :  4.04439e-08
 Reference value :  4.04549e-08
 Reference value :  4.04709e-08
 Reference value :  4.04819e-08
 Reference value :  4.04881e-08
 Reference value :  4.04973e-08
 Reference value :  4.05047e-08
 Reference value :  4.05152e-08
 Reference value :  4.05258e-08
 Reference value :  4.05360e-08
 Reference value :  4.05461e-08
 Reference value :  4.05541e-08
 Reference value :  4.05542e-08
 Reference value :  4.05556e-08
 Reference value :  4.05604e-08
 Reference value :  4.05706e-08
 Reference value :  4.05906e-08
 Reference value :  4.06041e-08
 Reference value :  4.06182e-08
 Reference value :  4.06402e-08
 Reference value :  4.06611e-08
 Reference value :  4.06985e-08
 Reference value :  4.07542e-08
 Reference value :  4.08524e-08
 Reference value :  4.09124e-08
 Reference value :  4.09924e-08
 Reference value :  4.10924e-08
 Reference value :  4.12124e-08
 Reference value :  4.12924e-08
 Reference value :  4.14124e-08
 Reference value :  4.15124e-08
 Reference value :  4.15924e-08
 Reference value :  4.16924e-08
 Reference value :  4.17509e-08
 Reference value :  4.17515e-08
 Reference value :  4.17552e-08
 Reference value :  4.17637e-08
 Reference value :  4.17757e-08
 Reference value :  4.17926e-08
 Reference value :  4.17999e-08
 Reference value :  4.18075e-08
 Reference value :  4.18144e-08
 Reference value :  4.18256e-08
 Reference value :  4.18365e-08
 Reference value :  4.18425e-08
 Reference value :  4.18451e-08
 Reference value :  4.18498e-08
 Reference value :  4.18631e-08
 Reference value :  4.18697e-08
 Reference value :  4.18764e-08
 Reference value :  4.18899e-08
 Reference value :  4.18987e-08
 Reference value :  4.19010e-08
 Reference value :  4.19040e-08
 Reference value :  4.19072e-08
 Reference value :  4.19129e-08
 Reference value :  4.19174e-08
 Reference value :  4.19257e-08
 Reference value :  4.19419e-08
 Reference value :  4.19554e-08
 Reference value :  4.19810e-08
 Reference value :  4.20079e-08
 Reference value :  4.20453e-08
 Reference value :  4.21009e-08
 Reference value :  4.21391e-08
 Reference value :  4.22191e-08
 Reference value :  4.22791e-08
 Reference value :  4.23391e-08
 Reference value :  4.24191e-08
 Reference value :  4.24991e-08
 Reference value :  4.25791e-08
 Reference value :  4.26991e-08
 Reference value :  4.27991e-08
 Reference value :  4.28791e-08
 Reference value :  4.29791e-08
 Reference value :  4.30976e-08
 Reference value :  4.30980e-08
 Reference value :  4.31021e-08
 Reference value :  4.31082e-08
 Reference value :  4.31190e-08
 Reference value :  4.31310e-08
 Reference value :  4.31430e-08
 Reference value :  4.31544e-08
 Reference value :  4.31612e-08
 Reference value :  4.31764e-08
 Reference value :  4.31893e-08
 Reference value :  4.31943e-08
 Reference value :  4.31992e-08
 Reference value :  4.32099e-08
 Reference value :  4.32165e-08
 Reference value :  4.32232e-08
 Reference value :  4.32435e-08
 Reference value :  4.32477e-08
 Reference value :  4.32508e-08
 Reference value :  4.32540e-08
 Reference value :  4.32619e-08
 Reference value :  4.32758e-08
 Reference value :  4.33022e-08
 Reference value :  4.33222e-08
 Reference value :  4.33472e-08
 Reference value :  4.33717e-08
 Reference value :  4.34169e-08
 Reference value :  4.34859e-08
 Reference value :  4.35659e-08
 Reference value :  4.36459e-08
 Reference value :  4.37459e-08
 Reference value :  4.38459e-08
 Reference value :  4.39459e-08
 Reference value :  4.40859e-08
 Reference value :  4.42259e-08
 Reference value :  4.43659e-08
 Reference value :  4.44445e-08
 Reference value :  4.44458e-08
 Reference value :  4.44528e-08
 Reference value :  4.44694e-08
 Reference value :  4.44862e-08
 Reference value :  4.45012e-08
 Reference value :  4.45152e-08
 Reference value :  4.45361e-08
 Reference value :  4.45435e-08
 Reference value :  4.45600e-08
 Reference value :  4.45733e-08
 Reference value :  4.45902e-08
 Reference value :  4.45945e-08
 Reference value :  4.45948e-08
 Reference value :  4.45976e-08
 Reference value :  4.46008e-08
 Reference value :  4.46065e-08
 Reference value :  4.46136e-08
 Reference value :  4.46226e-08
 Reference value :  4.46355e-08
 Reference value :  4.46537e-08
 Reference value :  4.46690e-08
 Reference value :  4.46871e-08
 Reference value :  4.47185e-08
 Reference value :  4.47506e-08
 Reference value :  4.47945e-08
 Reference value :  4.48727e-08
 Reference value :  4.49527e-08
 Reference value :  4.49927e-08
 Reference value :  4.50727e-08
 Reference value :  4.51327e-08
 Reference value :  4.52327e-08
 Reference value :  4.53727e-08
 Reference value :  4.54527e-08
 Reference value :  4.55527e-08
 Reference value :  4.56527e-08
 Reference value :  4.57727e-08
 Reference value :  4.57913e-08
 Reference value :  4.57919e-08
 Reference value :  4.57957e-08
 Reference value :  4.58067e-08
 Reference value :  4.58162e-08
 Reference value :  4.58293e-08
 Reference value :  4.58366e-08
 Reference value :  4.58480e-08
 Reference value :  4.58548e-08
 Reference value :  4.58660e-08
 Reference value :  4.58769e-08
 Reference value :  4.58829e-08
 Reference value :  4.58879e-08
 Reference value :  4.58952e-08
 Reference value :  4.59005e-08
 Reference value :  4.59068e-08
 Reference value :  4.59101e-08
 Reference value :  4.59133e-08
 Reference value :  4.59201e-08
 Reference value :  4.59303e-08
 Reference value :  4.59412e-08
 Reference value :  4.59413e-08
 Reference value :  4.59420e-08
 Reference value :  4.59460e-08
 Reference value :  4.59494e-08
 Reference value :  4.59555e-08
 Reference value :  4.59661e-08
 Reference value :  4.59778e-08
 Reference value :  4.59958e-08
 Reference value :  4.60214e-08
 Reference value :  4.60408e-08
 Reference value :  4.60564e-08
 Reference value :  4.60857e-08
 Reference value :  4.61413e-08
 Reference value :  4.61995e-08
 Reference value :  4.62795e-08
 Reference value :  4.63395e-08
 Reference value :  4.64195e-08
 Reference value :  4.64795e-08
 Reference value :  4.66395e-08
 Reference value :  4.68195e-08
 Reference value :  4.69995e-08
 Reference value :  4.71380e-08
 Reference value :  4.71384e-08
 Reference value :  4.71444e-08
 Reference value :  4.71594e-08
 Reference value :  4.71714e-08
 Reference value :  4.71798e-08
 Reference value :  4.71948e-08
 Reference value :  4.72054e-08
 Reference value :  4.72237e-08
 Reference value :  4.72323e-08
 Reference value :  4.72371e-08
 Reference value :  4.72804e-08
 Reference value :  4.72881e-08
 Reference value :  4.72896e-08
 Reference value :  4.72962e-08
 Reference value :  4.73098e-08
 Reference value :  4.73202e-08
 Reference value :  4.73380e-08
 Reference value :  4.73626e-08
 Reference value :  4.73951e-08
 Reference value :  4.74442e-08
 Reference value :  4.75263e-08
 Reference value :  4.76063e-08
 Reference value :  4.77063e-08
 Reference value :  4.78063e-08
 Reference value :  4.79063e-08
 Reference value :  4.80063e-08
 Reference value :  4.81063e-08
 Reference value :  4.81863e-08
 Reference value :  4.82663e-08
 Reference value :  4.83863e-08
 Reference value :  4.84663e-08
 Reference value :  4.84849e-08
 Reference value :  4.84862e-08
 Reference value :  4.84912e-08
 Reference value :  4.84977e-08
 Reference value :  4.85062e-08
 Reference value :  4.85138e-08
 Reference value :  4.85229e-08
 Reference value :  4.85302e-08
 Reference value :  4.85416e-08
 Reference value :  4.85484e-08
 Reference value :  4.85556e-08
 Reference value :  4.85705e-08
 Reference value :  4.85791e-08
 Reference value :  4.85839e-08
 Reference value :  4.85915e-08
 Reference value :  4.86037e-08
 Reference value :  4.86137e-08
 Reference value :  4.86239e-08
 Reference value :  4.86328e-08
 Reference value :  4.86349e-08
 Reference value :  4.86356e-08
 Reference value :  4.86396e-08
 Reference value :  4.86412e-08
 Reference value :  4.86469e-08
 Reference value :  4.86540e-08
 Reference value :  4.86597e-08
 Reference value :  4.86670e-08
 Reference value :  4.86803e-08
 Reference value :  4.86941e-08
 Reference value :  4.87094e-08
 Reference value :  4.87275e-08
 Reference value :  4.87500e-08
 Reference value :  4.87793e-08
 Reference value :  4.88186e-08
 Reference value :  4.88731e-08
 Reference value :  4.89331e-08
 Reference value :  4.90131e-08
 Reference value :  4.90731e-08
 Reference value :  4.91531e-08
 Reference value :  4.92531e-08
 Reference value :  4.93531e-08
 Reference value :  4.94331e-08
 Reference value :  4.95331e-08
 Reference value :  4.96131e-08
 Reference value :  4.97131e-08
 Reference value :  4.97931e-08
 Reference value :  4.98318e-08
 Reference value :  4.98343e-08
 Reference value :  4.98400e-08
 Reference value :  4.98530e-08
 Reference value :  4.98650e-08
 Reference value :  4.98734e-08
 Reference value :  4.98808e-08
 Reference value :  4.98918e-08
 Reference value :  4.99024e-08
 Reference value :  4.99173e-08
 Reference value :  4.99233e-08
 Reference value :  4.99283e-08
 Reference value :  4.99383e-08
 Reference value :  4.99472e-08
 Reference value :  4.99537e-08
 Reference value :  4.99640e-08
 Reference value :  4.99740e-08
 Reference value :  4.99816e-08
 Reference value :  4.99817e-08
 Reference value :  4.99824e-08
 Reference value :  4.99864e-08
 Reference value :  4.99898e-08
 Reference value :  4.99959e-08
 Reference value :  5.00034e-08
 Reference value :  5.00138e-08
 Reference value :  5.00362e-08
 Reference value :  5.00562e-08
 Reference value :  5.00812e-08
 Reference value :  5.00968e-08
 Reference value :  5.01261e-08
 Reference value :  5.01654e-08
 Reference value :  5.02199e-08
 Reference value :  5.02999e-08
 Reference value :  5.03999e-08
 Reference value :  5.04999e-08
 Reference value :  5.05599e-08
 Reference value :  5.06399e-08
 Reference value :  5.07199e-08
 Reference value :  5.08399e-08
 Reference value :  5.09799e-08
 Reference value :  5.10999e-08
 Reference value :  5.11785e-08
 Reference value :  5.11798e-08
 Reference value :  5.11848e-08
 Reference value :  5.11939e-08
 Reference value :  5.12074e-08
 Reference value :  5.12202e-08
 Reference value :  5.12315e-08
 Reference value :  5.12386e-08
 Reference value :  5.12458e-08
 Reference value :  5.12572e-08
 Reference value :  5.12672e-08
 Reference value :  5.12727e-08
 Reference value :  5.12800e-08
 Reference value :  5.12907e-08
 Reference value :  5.13292e-08
 Reference value :  5.13606e-08
 Reference value :  5.15867e-08
 Reference value :  5.16467e-08
 Reference value :  5.17067e-08
 Reference value :  5.18267e-08
 Reference value :  5.19267e-08
 Reference value :  5.20267e-08
 Reference value :  5.21267e-08
 Reference value :  5.22467e-08
 Reference value :  5.23467e-08
 Reference value :  5.24267e-08
 Reference value :  5.25253e-08
 Reference value :  5.25253e-08
 Reference value :  5.25256e-08
 Reference value :  5.25266e-08
 Reference value :  5.25297e-08
 Reference value :  5.25358e-08
 Reference value :  5.25466e-08
 Reference value :  5.25586e-08
 Reference value :  5.25706e-08
 Reference value :  5.25854e-08
 Reference value :  5.25960e-08
 Reference value :  5.26109e-08
 Reference value :  5.26195e-08
 Reference value :  5.26243e-08
 Reference value :  5.26345e-08
 Reference value :  5.26441e-08
 Reference value :  5.26541e-08
 Reference value :  5.26643e-08
 Reference value :  5.26732e-08
 Reference value :  5.26753e-08
 Reference value :  5.26754e-08
 Reference value :  5.26768e-08
 Reference value :  5.26816e-08
 Reference value :  5.26873e-08
 Reference value :  5.26970e-08
 Reference value :  5.27074e-08
 Reference value :  5.27252e-08
 Reference value :  5.27445e-08
 Reference value :  5.27679e-08
 Reference value :  5.27993e-08
 Reference value :  5.28314e-08
 Reference value :  5.28753e-08
 Reference value :  5.29335e-08
 Reference value :  5.29935e-08
 Reference value :  5.30535e-08
 Reference value :  5.31135e-08
 Reference value :  5.31935e-08
 Reference value :  5.32935e-08
 Reference value :  5.33735e-08
 Reference value :  5.34535e-08
 Reference value :  5.35335e-08
 Reference value :  5.36335e-08
 Reference value :  5.37135e-08
 Reference value :  5.38535e-08
 Reference value :  5.38721e-08
 Reference value :  5.38721e-08
 Reference value :  5.38721e-08
 Reference value :  5.38721e-08
 Reference value :  5.38721e-08
 Reference value :  5.38721e-08
 Reference value :  5.38721e-08
 Reference value :  5.38721e-08
 Reference value :  5.38721e-08
 Reference value :  5.38722e-08
 Reference value :  5.38731e-08
 Reference value :  5.38744e-08
 Reference value :  5.38774e-08
 Reference value :  5.38828e-08
 Reference value :  5.38890e-08
 Reference value :  5.38965e-08
 Reference value :  5.39039e-08
 Reference value :  5.39166e-08
 Reference value :  5.39306e-08
 Reference value :  5.39417e-08
 Reference value :  5.39530e-08
 Reference value :  5.39591e-08
 Reference value :  5.39676e-08
 Reference value :  5.39722e-08
 Reference value :  5.39797e-08
 Reference value :  5.39887e-08
 Reference value :  5.39950e-08
 Reference value :  5.40046e-08
 Reference value :  5.40177e-08
 Reference value :  5.40221e-08
 Reference value :  5.40222e-08
 Reference value :  5.40236e-08
 Reference value :  5.40283e-08
 Reference value :  5.40384e-08
 Reference value :  5.40537e-08
 Reference value :  5.40707e-08
 Reference value :  5.40847e-08
 Reference value :  5.41013e-08
 Reference value :  5.41315e-08
 Reference value :  5.41825e-08
 Reference value :  5.42224e-08
 Reference value :  5.48624e-08
 Reference value :  5.52521e-08
 Reference value :  5.53036e-08
 Reference value :  5.53099e-08
 Reference value :  5.53168e-08
 Reference value :  5.53269e-08
 Reference value :  5.53400e-08
 Reference value :  5.53492e-08
 Reference value :  5.53620e-08
 Reference value :  5.53689e-08
 Reference value :  5.53731e-08
 Reference value :  5.53804e-08
 Reference value :  5.53871e-08
 Reference value :  5.53996e-08
 Reference value :  5.54122e-08
 Reference value :  5.54303e-08
 Reference value :  5.54469e-08
 Reference value :  5.54605e-08
 Reference value :  5.54879e-08
 Reference value :  5.55335e-08
 Reference value :  5.56135e-08
 Reference value :  5.56935e-08
 Reference value :  5.57735e-08
 Reference value :  5.58735e-08
 Reference value :  5.59935e-08
 Reference value :  5.60735e-08
 Reference value :  5.61535e-08
 Reference value :  5.62335e-08
 Reference value :  5.63335e-08
 Reference value :  5.64535e-08
 Reference value :  5.65496e-08
 Reference value :  5.65657e-08
 Reference value :  5.65659e-08
 Reference value :  5.65696e-08
 Reference value :  5.65757e-08
 Reference value :  5.65833e-08
 Reference value :  5.65937e-08
 Reference value :  5.66066e-08
 Reference value :  5.66177e-08
 Reference value :  5.66251e-08
 Reference value :  5.66319e-08
 Reference value :  5.66429e-08
 Reference value :  5.66495e-08
 Reference value :  5.66592e-08
 Reference value :  5.66637e-08
 Reference value :  5.66737e-08
 Reference value :  5.66797e-08
 Reference value :  5.66868e-08
 Reference value :  5.66961e-08
 Reference value :  5.67089e-08
 Reference value :  5.67157e-08
 Reference value :  5.67160e-08
 Reference value :  5.67182e-08
 Reference value :  5.67198e-08
 Reference value :  5.67251e-08
 Reference value :  5.67314e-08
 Reference value :  5.67394e-08
 Reference value :  5.67463e-08
 Reference value :  5.67589e-08
 Reference value :  5.67720e-08
 Reference value :  5.67820e-08
 Reference value :  5.68000e-08
 Reference value :  5.68240e-08
 Reference value :  5.68611e-08
 Reference value :  5.69196e-08
 Reference value :  5.69796e-08
 Reference value :  5.70396e-08
 Reference value :  5.71196e-08
 Reference value :  5.72196e-08
 Reference value :  5.73396e-08
 Reference value :  5.74396e-08
 Reference value :  5.75596e-08
 Reference value :  5.76396e-08
 Reference value :  5.77596e-08
 Reference value :  5.78596e-08
 Reference value :  5.79125e-08
 Reference value :  5.79130e-08
 Reference value :  5.79165e-08
 Reference value :  5.79249e-08
 Reference value :  5.79332e-08
 Reference value :  5.79787e-08
 Reference value :  5.84251e-08
 Reference value :  5.93223e-08
 Reference value :  5.93739e-08
 Reference value :  5.93868e-08
 Reference value :  5.94099e-08
 Reference value :  5.94299e-08
 Reference value :  5.94479e-08
 Reference value :  5.98116e-08
 Reference value :  6.01916e-08
 Reference value :  6.06061e-08
 Reference value :  6.06949e-08
 Reference value :  6.07304e-08
 Reference value :  6.07367e-08
 Reference value :  6.07796e-08
No. of Data Rows : 6814
m_ui_ref            =  1.34680e-09 targ=  1.35430e-08 trig=  1.21962e-08
m_spa_in            =  5.38721e-09 targ=  1.75834e-08 trig=  1.21962e-08
m_spb_in            =  4.04040e-09 targ=  1.62366e-08 trig=  1.21962e-08
m_spa_c0            =  5.38726e-09 targ=  1.76548e-08 trig=  1.22675e-08
m_spb_c0            =  4.04046e-09 targ=  1.63080e-08 trig=  1.22675e-08
m_trise_c0          =  -2.65078e-09 targ=  1.09326e-08 trig=  1.35834e-08
m_tfall_c0          =  2.76321e-09 targ=  1.49997e-08 trig=  1.22365e-08
m_spa_c1            =  5.38727e-09 targ=  1.76933e-08 trig=  1.23060e-08
m_spb_c1            =  4.04047e-09 targ=  1.63465e-08 trig=  1.23060e-08
m_trise_c1          =  -2.66283e-09 targ=  1.09403e-08 trig=  1.36032e-08
m_tfall_c1          =  2.83467e-09 targ=  1.50910e-08 trig=  1.22563e-08
m_spa_mux           =  5.38726e-09 targ=  1.76475e-08 trig=  1.22603e-08
m_spb_mux           =  4.04046e-09 targ=  1.63007e-08 trig=  1.22603e-08
m_spa_c2            =  5.38728e-09 targ=  1.77263e-08 trig=  1.23390e-08
m_spb_c2            =  4.04048e-09 targ=  1.63795e-08 trig=  1.23390e-08
m_trise_c2          =  2.44593e-10 targ=  1.38581e-08 trig=  1.36136e-08
m_tfall_c2          =  2.44631e-10 targ=  1.52050e-08 trig=  1.49603e-08
m_spa_cmis          =  5.38728e-09 targ=  1.77072e-08 trig=  1.23199e-08
m_spb_cmis          =  4.03946e-09 targ=  1.63594e-08 trig=  1.23199e-08
m_dj_ui_c0 = 4.1580010707e-05
m_swing_c0 = 4.9617483970e-01
m_vpp_c0 = 5.0407950568e-01
m_vcm_c0 = 3.0519552221e+00
m_dj_ui_c1 = 5.1232513193e-05
m_swing_c1 = 4.9608326287e-01
m_vpp_c1 = 4.9931407630e-01
m_vcm_c1 = 3.0519710158e+00
m_dj_ui_mux = 4.0837510516e-05
m_dj_ui_drv_c1 = 1.1137502868e-05
m_dj_ui_c2 = 5.3460013766e-05
m_swing_c2 = 4.9544729680e-01
m_vpp_c2 = 4.9781241306e-01
m_vcm_c2 = 3.0520645924e+00
m_dj_ui_cmis = 7.5735019502e-04
m_swing_cmis = 4.9544370899e-01
m_swing_avcclo = 4.9574600608e-01
m_vcm_avcclo = 2.7221378136e+00
m_swing_avcchi = 4.9643019859e-01
m_vcm_avcchi = 3.3817989387e+00
m_vgs_sw_max = 1.5513396674e+00
m_vgd_sw_max = 1.9066279590e+00
m_vds_sw_max = 2.6104826081e+00
m_vgs_tail_max = 1.2712190955e+00
m_vds_tail_max = 1.1069132097e+00
m_vmux_dc = 8.2717599704e-01
m_swing_dc = 4.9451719258e-01
m_vcm_dc = 3.0527206931e+00
m_ioff_dc = 4.1421291073e-07
m_itail_dc = 9.8911722774e-03
m_icell_dc = 1.0391172318e-02
Note: Simulation executed from .control section 

