
Note: No compatibility mode selected!


Circuit: * cml-driver-eye-realmux @ ss_-40c_3.30v_270mbps -- generated by sim/harness, do not edit

Doing analysis at TEMP = -40.000000 and TNOM = 27.000000

Using SPARSE 1.3 as Direct Linear Solver

Initial Transient Solution
--------------------------

Node                                   Voltage
----                                   -------
vdd                                        3.3
avcc                                       3.3
avcclo                                    2.97
avcchi                                    3.63
clkp                                      1.98
clkn                                      0.99
d0p                                      2.805
d0n                                      1.815
d1p                                      2.805
d1n                                      1.815
d0pz                                     2.805
d0nz                                     1.815
clkpz                                     1.98
clknz                                     0.99
ckref                                     0.99
win                                          0
winc                                         0
xmux_c0.top                            2.83335
xmux_c0.xrc.11                         2.85788
xmux_c0.xrc.21                         3.27547
mp_c0                                  1.85455
xmux_c0.xrlp.11                        1.87908
xmux_c0.xrlp.21                        2.80883
mn_c0                                  2.83335
xmux_c0.xrln.11                        2.83335
xmux_c0.xrln.21                        2.83335
xmux_c0.ibias                          1.20691
xmux_c0.xrref.11                       1.21988
xmux_c0.xrref.21                       3.28703
xmux_c0.sa                             1.27083
xmux_c0.sb                             1.85455
xmux_c0.tail                          0.653889
outp_c0                                2.80044
xc0.tail                               1.24248
outn_c0                                    3.3
ib_c0                                  1.26321
vd_c0                                 0.499561
xmux_c1.top                            2.83335
xmux_c1.xrc.11                         2.85788
xmux_c1.xrc.21                         3.27547
mp_c1                                  1.85455
xmux_c1.xrlp.11                        1.87908
xmux_c1.xrlp.21                        2.80883
mn_c1                                  2.83335
xmux_c1.xrln.11                        2.83335
xmux_c1.xrln.21                        2.83335
xmux_c1.ibias                          1.20691
xmux_c1.xrref.11                       1.21988
xmux_c1.xrref.21                       3.28703
xmux_c1.sa                             1.27083
xmux_c1.sb                             1.85455
xmux_c1.tail                          0.653889
outp_c1                                2.80044
xc1.tail                               1.24248
outn_c1                                    3.3
ib_c1                                  1.26321
vd_c1                                 0.499561
muxref                                0.978802
xmux_c2.top                            2.83335
xmux_c2.xrc.11                         2.85788
xmux_c2.xrc.21                         3.27547
mp_c2                                  1.85455
xmux_c2.xrlp.11                        1.87908
xmux_c2.xrlp.21                        2.80883
mn_c2                                  2.83335
xmux_c2.xrln.11                        2.83335
xmux_c2.xrln.21                        2.83335
xmux_c2.ibias                          1.20691
xmux_c2.xrref.11                       1.21988
xmux_c2.xrref.21                       3.28703
xmux_c2.sa                             1.27083
xmux_c2.sb                             1.85455
xmux_c2.tail                          0.653889
outp_c2                                2.80044
xc2.tail                               1.24248
outn_c2                                    3.3
ib_c2                                  1.26321
vd_c2                                 0.499561
xmux_cmis.top                          2.83335
xmux_cmis.xrc.11                       2.85788
xmux_cmis.xrc.21                       3.27547
mp_cm                                  1.85455
xmux_cmis.xrlp.11                      1.87908
xmux_cmis.xrlp.21                      2.80883
mn_cm                                  2.83335
xmux_cmis.xrln.11                      2.83335
xmux_cmis.xrln.21                      2.83335
xmux_cmis.ibias                        1.20691
xmux_cmis.xrref.11                     1.21988
xmux_cmis.xrref.21                     3.28703
xmux_cmis.sa                           1.27083
xmux_cmis.sb                           1.85455
xmux_cmis.tail                        0.653889
outp_cmis                              2.80044
xcmis.tail                             1.24248
outn_cmis                                  3.3
ib_cmis                                1.26321
vd_cmis                               0.499561
xmux_vlo.top                           2.83335
xmux_vlo.xrc.11                        2.85788
xmux_vlo.xrc.21                        3.27547
mp_vlo                                 1.85455
xmux_vlo.xrlp.11                       1.87908
xmux_vlo.xrlp.21                       2.80883
mn_vlo                                 2.83335
xmux_vlo.xrln.11                       2.83335
xmux_vlo.xrln.21                       2.83335
xmux_vlo.ibias                         1.20691
xmux_vlo.xrref.11                      1.21988
xmux_vlo.xrref.21                      3.28703
xmux_vlo.sa                            1.27083
xmux_vlo.sb                            1.85455
xmux_vlo.tail                         0.653889
outp_vlo                               2.47074
xvlo.tail                              1.22823
outn_vlo                                  2.97
ib_vlo                                 1.26321
xmux_vhi.top                           2.83335
xmux_vhi.xrc.11                        2.85788
xmux_vhi.xrc.21                        3.27547
mp_vhi                                 1.85455
xmux_vhi.xrlp.11                       1.87908
xmux_vhi.xrlp.21                       2.80883
mn_vhi                                 2.83335
xmux_vhi.xrln.11                       2.83335
xmux_vhi.xrln.21                       2.83335
xmux_vhi.ibias                         1.20691
xmux_vhi.xrref.11                      1.21988
xmux_vhi.xrref.21                      3.28703
xmux_vhi.sa                            1.27083
xmux_vhi.sb                            1.85455
xmux_vhi.tail                         0.653889
outp_vhi                               3.13015
xvhi.tail                              1.25596
outn_vhi                                  3.63
ib_vhi                                 1.26321
xmux_z.top                             2.83335
xmux_z.xrc.11                          2.85788
xmux_z.xrc.21                          3.27547
mp_z                                   1.85455
xmux_z.xrlp.11                         1.87908
xmux_z.xrlp.21                         2.80883
mn_z                                   2.83335
xmux_z.xrln.11                         2.83335
xmux_z.xrln.21                         2.83335
xmux_z.ibias                           1.20691
xmux_z.xrref.11                        1.21988
xmux_z.xrref.21                        3.28703
xmux_z.sa                              1.27083
xmux_z.sb                              2.18209
xmux_z.tail                           0.653889
outp_z                                 2.80044
xz.tail                                1.24248
vss_z                                        0
outn_z                                     3.3
ib_z                                   1.26321
vmuxz                                 0.978802
emuxz#branch                                 0
ediff_cmis#branch                            0
ediff_c2#branch                              0
emuxref#branch                               0
ediff_c1#branch                              0
ediff_c0#branch                              0
eckref#branch                                0
vsens_z#branch                       0.0104912
vwinc#branch                                 0
vwin#branch                                  0
vclknz#branch                                0
vclkpz#branch                                0
vd0nz#branch                                 0
vd0pz#branch                                 0
vd1n#branch                                  0
vd1p#branch                                  0
vd0n#branch                                  0
vd0p#branch                                  0
vclkn#branch                                 0
vclkp#branch                                 0
vavcchi#branch                       -0.009997
vavcclo#branch                     -0.00998513
vavcc#branch                        -0.0499561
vvdd#branch                         -0.0546212

 Reference value :  1.14560e-09
 Reference value :  3.52560e-09
 Reference value :  3.82213e-09
 Reference value :  4.05129e-09
 Reference value :  6.07129e-09
 Reference value :  7.47629e-09
 Reference value :  7.81417e-09
 Reference value :  8.97417e-09
 Reference value :  1.03942e-08
 Reference value :  1.11216e-08
 Reference value :  1.12274e-08
 Reference value :  1.14795e-08
 Reference value :  1.22395e-08
 Reference value :  1.35595e-08
 Reference value :  1.48590e-08
 Reference value :  1.48874e-08
 Reference value :  1.49331e-08
 Reference value :  1.51047e-08
 Reference value :  1.60821e-08
 Reference value :  1.66221e-08
 Reference value :  1.67021e-08
 Reference value :  1.67821e-08
 Reference value :  1.68621e-08
 Reference value :  1.69421e-08
 Reference value :  1.70021e-08
 Reference value :  1.70621e-08
 Reference value :  1.71221e-08
 Reference value :  1.72021e-08
 Reference value :  1.72621e-08
 Reference value :  1.73421e-08
 Reference value :  1.74221e-08
 Reference value :  1.75021e-08
 Reference value :  1.75821e-08
 Reference value :  1.76621e-08
 Reference value :  1.77421e-08
 Reference value :  1.78221e-08
 Reference value :  1.79021e-08
 Reference value :  1.79821e-08
 Reference value :  1.85525e-08
 Reference value :  1.87315e-08
 Reference value :  2.07069e-08
 Reference value :  2.11469e-08
 Reference value :  2.23101e-08
 Reference value :  2.27695e-08
 Reference value :  2.50495e-08
 Reference value :  2.60084e-08
 Reference value :  2.66943e-08
 Reference value :  2.88343e-08
 Reference value :  2.97406e-08
 Reference value :  3.02794e-08
 Reference value :  3.24394e-08
 Reference value :  3.34410e-08
 Reference value :  3.41146e-08
 Reference value :  3.63346e-08
 Reference value :  3.71067e-08
 Reference value :  3.73351e-08
 Reference value :  3.84449e-08
 Reference value :  3.99664e-08
 Reference value :  4.08427e-08
 Reference value :  4.11825e-08
 Reference value :  4.32286e-08
 Reference value :  4.44525e-08
 Reference value :  4.46398e-08
 Reference value :  4.59923e-08
 Reference value :  4.79338e-08
 Reference value :  4.82983e-08
 Reference value :  4.92624e-08
 Reference value :  5.13175e-08
 Reference value :  5.19712e-08
 Reference value :  5.20360e-08
 Reference value :  5.24136e-08
 Reference value :  5.33197e-08
 Reference value :  5.43797e-08
 Reference value :  5.55998e-08
 Reference value :  5.57397e-08
 Reference value :  5.60973e-08
 Reference value :  5.72234e-08
 Reference value :  5.81849e-08
 Reference value :  5.92610e-08
 Reference value :  5.93646e-08
 Reference value :  5.94105e-08
 Reference value :  6.01351e-08
No. of Data Rows : 4513
m_ui_ref            =  3.70370e-09 targ=  3.71120e-08 trig=  3.34083e-08
m_spa_in            =  1.48148e-08 targ=  4.82231e-08 trig=  3.34083e-08
m_spb_in            =  1.11111e-08 targ=  4.45194e-08 trig=  3.34083e-08
m_spa_c0            =  1.48148e-08 targ=  4.82924e-08 trig=  3.34776e-08
m_spb_c0            =  1.11111e-08 targ=  4.45887e-08 trig=  3.34776e-08
m_trise_c0          =  -7.39303e-09 targ=  2.97629e-08 trig=  3.71559e-08
m_tfall_c0          =  7.46473e-09 targ=  4.09169e-08 trig=  3.34522e-08
m_spa_c1            =  1.48148e-08 targ=  4.83301e-08 trig=  3.35153e-08
m_spb_c1            =  1.11111e-08 targ=  4.46264e-08 trig=  3.35153e-08
m_trise_c1          =  1.31514e-10 targ=  3.73062e-08 trig=  3.71746e-08
m_tfall_c1          =  1.31408e-10 targ=  4.10098e-08 trig=  4.08784e-08
m_spa_mux           =  1.48148e-08 targ=  4.82850e-08 trig=  3.34702e-08
m_spb_mux           =  1.11111e-08 targ=  4.45813e-08 trig=  3.34702e-08
m_spa_c2            =  1.48148e-08 targ=  4.83631e-08 trig=  3.35483e-08
m_spb_c2            =  1.11111e-08 targ=  4.46594e-08 trig=  3.35483e-08
m_trise_c2          =  2.35435e-10 targ=  3.74197e-08 trig=  3.71843e-08
m_tfall_c2          =  2.35175e-10 targ=  4.11232e-08 trig=  4.08880e-08
m_spa_cmis          =  1.48148e-08 targ=  4.83437e-08 trig=  3.35289e-08
m_spb_cmis          =  1.11103e-08 targ=  4.46392e-08 trig=  3.35289e-08
m_dj_ui_c0 = 2.6999997840e-06
m_swing_c0 = 5.0093587351e-01
m_vpp_c0 = 5.2193158426e-01
m_vcm_c0 = 3.0495464472e+00
m_dj_ui_c1 = 5.3999995675e-06
m_swing_c1 = 5.0099352821e-01
m_vpp_c1 = 5.0985250102e-01
m_vcm_c1 = 3.0495196207e+00
m_dj_ui_mux = 5.3999995675e-06
m_dj_ui_drv_c1 = 0.0000000000e+00
m_dj_ui_c2 = 5.3999995684e-06
m_swing_c2 = 5.0092155047e-01
m_vpp_c2 = 5.0602946716e-01
m_vcm_c2 = 3.0495462424e+00
m_dj_ui_cmis = 2.1329998294e-04
m_swing_cmis = 5.0092260298e-01
m_swing_avcclo = 5.0069118741e-01
m_vcm_avcclo = 2.7196712700e+00
m_swing_avcchi = 5.0127800396e-01
m_vcm_avcchi = 3.3793770311e+00
m_vgs_sw_max = 1.5989009937e+00
m_vgd_sw_max = 1.8044117728e+00
m_vds_sw_max = 2.3927289852e+00
m_vgs_tail_max = 1.2696583837e+00
m_vds_tail_max = 1.3199480149e+00
m_vmux_dc = 9.7880190818e-01
m_swing_dc = 4.9956117179e-01
m_vcm_dc = 3.0502193340e+00
m_ioff_dc = 1.6024569849e-09
m_itail_dc = 9.9912266408e-03
m_icell_dc = 1.0491226641e-02
Note: Simulation executed from .control section 

