
Note: No compatibility mode selected!


Circuit: * cml-driver-eye-realmux @ ss_-40c_3.63v_742p5mbps -- generated by sim/harness, do not edit

Doing analysis at TEMP = -40.000000 and TNOM = 27.000000

Using SPARSE 1.3 as Direct Linear Solver

Initial Transient Solution
--------------------------

Node                                   Voltage
----                                   -------
vdd                                       3.63
avcc                                       3.3
avcclo                                    2.97
avcchi                                    3.63
clkp                                     2.178
clkn                                     1.089
d0p                                     3.0855
d0n                                     1.9965
d1p                                     3.0855
d1n                                     1.9965
d0pz                                    3.0855
d0nz                                    1.9965
clkpz                                    2.178
clknz                                    1.089
ckref                                    1.089
win                                          0
winc                                         0
xmux_c0.top                            3.09067
xmux_c0.xrc.11                         3.11901
xmux_c0.xrc.21                         3.60165
mp_c0                                   1.9594
xmux_c0.xrlp.11                        1.98775
xmux_c0.xrlp.21                        3.06232
mn_c0                                  3.09067
xmux_c0.xrln.11                        3.09067
xmux_c0.xrln.21                        3.09067
xmux_c0.ibias                          1.23435
xmux_c0.xrref.11                        1.2492
xmux_c0.xrref.21                       3.61515
xmux_c0.sa                             1.46249
xmux_c0.sb                              1.9594
xmux_c0.tail                          0.794523
outp_c0                                2.79601
xc0.tail                               1.46236
outn_c0                                    3.3
ib_c0                                  1.26321
vd_c0                                 0.503988
xmux_c1.top                            3.09067
xmux_c1.xrc.11                         3.11901
xmux_c1.xrc.21                         3.60165
mp_c1                                   1.9594
xmux_c1.xrlp.11                        1.98775
xmux_c1.xrlp.21                        3.06232
mn_c1                                  3.09067
xmux_c1.xrln.11                        3.09067
xmux_c1.xrln.21                        3.09067
xmux_c1.ibias                          1.23435
xmux_c1.xrref.11                        1.2492
xmux_c1.xrref.21                       3.61515
xmux_c1.sa                             1.46249
xmux_c1.sb                              1.9594
xmux_c1.tail                          0.794523
outp_c1                                2.79601
xc1.tail                               1.46236
outn_c1                                    3.3
ib_c1                                  1.26321
vd_c1                                 0.503988
muxref                                 1.13126
xmux_c2.top                            3.09067
xmux_c2.xrc.11                         3.11901
xmux_c2.xrc.21                         3.60165
mp_c2                                   1.9594
xmux_c2.xrlp.11                        1.98775
xmux_c2.xrlp.21                        3.06232
mn_c2                                  3.09067
xmux_c2.xrln.11                        3.09067
xmux_c2.xrln.21                        3.09067
xmux_c2.ibias                          1.23435
xmux_c2.xrref.11                        1.2492
xmux_c2.xrref.21                       3.61515
xmux_c2.sa                             1.46249
xmux_c2.sb                              1.9594
xmux_c2.tail                          0.794523
outp_c2                                2.79601
xc2.tail                               1.46236
outn_c2                                    3.3
ib_c2                                  1.26321
vd_c2                                 0.503988
xmux_cmis.top                          3.09067
xmux_cmis.xrc.11                       3.11901
xmux_cmis.xrc.21                       3.60165
mp_cm                                   1.9594
xmux_cmis.xrlp.11                      1.98775
xmux_cmis.xrlp.21                      3.06232
mn_cm                                  3.09067
xmux_cmis.xrln.11                      3.09067
xmux_cmis.xrln.21                      3.09067
xmux_cmis.ibias                        1.23435
xmux_cmis.xrref.11                      1.2492
xmux_cmis.xrref.21                     3.61515
xmux_cmis.sa                           1.46249
xmux_cmis.sb                            1.9594
xmux_cmis.tail                        0.794523
outp_cmis                              2.79601
xcmis.tail                             1.46236
outn_cmis                                  3.3
ib_cmis                                1.26321
vd_cmis                               0.503988
xmux_vlo.top                           3.09067
xmux_vlo.xrc.11                        3.11901
xmux_vlo.xrc.21                        3.60165
mp_vlo                                  1.9594
xmux_vlo.xrlp.11                       1.98775
xmux_vlo.xrlp.21                       3.06232
mn_vlo                                 3.09067
xmux_vlo.xrln.11                       3.09067
xmux_vlo.xrln.21                       3.09067
xmux_vlo.ibias                         1.23435
xmux_vlo.xrref.11                       1.2492
xmux_vlo.xrref.21                      3.61515
xmux_vlo.sa                            1.46249
xmux_vlo.sb                             1.9594
xmux_vlo.tail                         0.794523
outp_vlo                               2.46632
xvlo.tail                              1.44638
outn_vlo                                  2.97
ib_vlo                                 1.26321
xmux_vhi.top                           3.09067
xmux_vhi.xrc.11                        3.11901
xmux_vhi.xrc.21                        3.60165
mp_vhi                                  1.9594
xmux_vhi.xrlp.11                       1.98775
xmux_vhi.xrlp.21                       3.06232
mn_vhi                                 3.09067
xmux_vhi.xrln.11                       3.09067
xmux_vhi.xrln.21                       3.09067
xmux_vhi.ibias                         1.23435
xmux_vhi.xrref.11                       1.2492
xmux_vhi.xrref.21                      3.61515
xmux_vhi.sa                            1.46249
xmux_vhi.sb                             1.9594
xmux_vhi.tail                         0.794523
outp_vhi                               3.12573
xvhi.tail                              1.47696
outn_vhi                                  3.63
ib_vhi                                 1.26321
xmux_z.top                             3.09067
xmux_z.xrc.11                          3.11901
xmux_z.xrc.21                          3.60165
mp_z                                    1.9594
xmux_z.xrlp.11                         1.98775
xmux_z.xrlp.21                         3.06232
mn_z                                   3.09067
xmux_z.xrln.11                         3.09067
xmux_z.xrln.21                         3.09067
xmux_z.ibias                           1.23435
xmux_z.xrref.11                         1.2492
xmux_z.xrref.21                        3.61515
xmux_z.sa                              1.46249
xmux_z.sb                              2.44133
xmux_z.tail                           0.794523
outp_z                                 2.79601
xz.tail                                1.46236
vss_z                                        0
outn_z                                     3.3
ib_z                                   1.26321
vmuxz                                  1.13126
emuxz#branch                                 0
ediff_cmis#branch                            0
ediff_c2#branch                              0
emuxref#branch                               0
ediff_c1#branch                              0
ediff_c0#branch                              0
eckref#branch                                0
vsens_z#branch                       0.0105798
vwinc#branch                                 0
vwin#branch                                  0
vclknz#branch                                0
vclkpz#branch                                0
vd0nz#branch                                 0
vd0pz#branch                                 0
vd1n#branch                                  0
vd1p#branch                                  0
vd0n#branch                                  0
vd0p#branch                                  0
vclkn#branch                                 0
vclkp#branch                                 0
vavcchi#branch                      -0.0100853
vavcclo#branch                      -0.0100736
vavcc#branch                        -0.0503988
vvdd#branch                         -0.0630992

 Reference value :  0.00000e+00
 Reference value :  1.36324e-09
 Reference value :  1.54012e-09
 Reference value :  2.73717e-09
 Reference value :  2.94664e-09
 Reference value :  4.11927e-09
 Reference value :  4.67260e-09
 Reference value :  5.49140e-09
 Reference value :  6.29942e-09
 Reference value :  6.73958e-09
 Reference value :  6.82092e-09
 Reference value :  7.44622e-09
 Reference value :  8.19516e-09
 Reference value :  8.83302e-09
 Reference value :  9.51728e-09
 Reference value :  1.02598e-08
 Reference value :  1.08702e-08
 Reference value :  1.13297e-08
 Reference value :  1.22145e-08
 Reference value :  1.29280e-08
 Reference value :  1.35642e-08
 Reference value :  1.39288e-08
 Reference value :  1.48797e-08
 Reference value :  1.51815e-08
 Reference value :  1.61901e-08
 Reference value :  1.63541e-08
 Reference value :  1.75093e-08
 Reference value :  1.76591e-08
 Reference value :  1.77613e-08
 Reference value :  1.80092e-08
 Reference value :  1.84524e-08
 Reference value :  1.88279e-08
 Reference value :  1.89303e-08
 Reference value :  1.90056e-08
 Reference value :  1.90726e-08
 Reference value :  1.95760e-08
 Reference value :  1.97995e-08
 Reference value :  2.03074e-08
 Reference value :  2.08228e-08
 Reference value :  2.15891e-08
 Reference value :  2.17416e-08
 Reference value :  2.18673e-08
 Reference value :  2.24974e-08
 Reference value :  2.29548e-08
 Reference value :  2.30606e-08
 Reference value :  2.34823e-08
 Reference value :  2.42691e-08
 Reference value :  2.43362e-08
 Reference value :  2.44020e-08
 Reference value :  2.44583e-08
 Reference value :  2.52226e-08
 Reference value :  2.57392e-08
 Reference value :  2.60764e-08
 Reference value :  2.69360e-08
 Reference value :  2.70133e-08
 Reference value :  2.70861e-08
 Reference value :  2.73932e-08
 Reference value :  2.78332e-08
 Reference value :  2.80732e-08
 Reference value :  2.83671e-08
 Reference value :  2.84608e-08
 Reference value :  2.91950e-08
 Reference value :  2.96859e-08
 Reference value :  2.97440e-08
 Reference value :  2.98422e-08
 Reference value :  3.09775e-08
 Reference value :  3.10420e-08
 Reference value :  3.11144e-08
 Reference value :  3.23059e-08
 Reference value :  3.24761e-08
 Reference value :  3.36706e-08
 Reference value :  3.37652e-08
 Reference value :  3.43822e-08
 Reference value :  3.51210e-08
 Reference value :  3.58490e-08
 Reference value :  3.64911e-08
 Reference value :  3.75558e-08
 Reference value :  3.78625e-08
 Reference value :  3.89058e-08
 Reference value :  3.92073e-08
 Reference value :  4.04042e-08
 Reference value :  4.05636e-08
 Reference value :  4.17542e-08
 Reference value :  4.19276e-08
 Reference value :  4.31129e-08
 Reference value :  4.33251e-08
 Reference value :  4.44863e-08
 Reference value :  4.46651e-08
 Reference value :  4.58366e-08
 Reference value :  4.60523e-08
 Reference value :  4.72066e-08
 Reference value :  4.75447e-08
 Reference value :  4.85765e-08
 Reference value :  4.91251e-08
 Reference value :  4.99503e-08
 Reference value :  5.07189e-08
 Reference value :  5.12790e-08
 Reference value :  5.16252e-08
 Reference value :  5.26146e-08
 Reference value :  5.31455e-08
 Reference value :  5.38793e-08
 Reference value :  5.40235e-08
 Reference value :  5.52189e-08
 Reference value :  5.53892e-08
 Reference value :  5.65954e-08
 Reference value :  5.67782e-08
 Reference value :  5.79720e-08
 Reference value :  5.82447e-08
 Reference value :  5.93280e-08
 Reference value :  5.94352e-08
 Reference value :  6.06358e-08
 Reference value :  6.08242e-08
No. of Data Rows : 6995
m_ui_ref            =  1.34680e-09 targ=  1.35430e-08 trig=  1.21962e-08
m_spa_in            =  5.38721e-09 targ=  1.75834e-08 trig=  1.21962e-08
m_spb_in            =  4.04040e-09 targ=  1.62366e-08 trig=  1.21962e-08
m_spa_c0            =  5.38724e-09 targ=  1.76497e-08 trig=  1.22625e-08
m_spb_c0            =  4.04043e-09 targ=  1.63029e-08 trig=  1.22625e-08
m_trise_c0          =  5.03647e-11 targ=  1.36373e-08 trig=  1.35869e-08
m_tfall_c0          =  5.03603e-11 targ=  1.49841e-08 trig=  1.49338e-08
m_spa_c1            =  5.38724e-09 targ=  1.76868e-08 trig=  1.22996e-08
m_spb_c1            =  4.04044e-09 targ=  1.63400e-08 trig=  1.22996e-08
m_trise_c1          =  1.24422e-10 targ=  1.37295e-08 trig=  1.36051e-08
m_tfall_c1          =  1.24380e-10 targ=  1.50763e-08 trig=  1.49519e-08
m_spa_mux           =  5.38724e-09 targ=  1.76422e-08 trig=  1.22550e-08
m_spb_mux           =  4.04044e-09 targ=  1.62954e-08 trig=  1.22550e-08
m_spa_c2            =  5.38724e-09 targ=  1.77197e-08 trig=  1.23324e-08
m_spb_c2            =  4.04044e-09 targ=  1.63729e-08 trig=  1.23324e-08
m_trise_c2          =  2.27142e-10 targ=  1.38416e-08 trig=  1.36144e-08
m_tfall_c2          =  2.27077e-10 targ=  1.51883e-08 trig=  1.49612e-08
m_spa_cmis          =  5.38724e-09 targ=  1.77002e-08 trig=  1.23130e-08
m_spb_cmis          =  4.03982e-09 targ=  1.63528e-08 trig=  1.23130e-08
m_dj_ui_c0 = 2.2275005736e-05
m_swing_c0 = 5.0702314651e-01
m_vpp_c0 = 5.3647723121e-01
m_vcm_c0 = 3.0465651368e+00
m_dj_ui_c1 = 2.8957507457e-05
m_swing_c1 = 5.0682853405e-01
m_vpp_c1 = 5.1897586467e-01
m_vcm_c1 = 3.0466309337e+00
m_dj_ui_mux = 2.5987506692e-05
m_dj_ui_drv_c1 = 2.9700007645e-06
m_dj_ui_c2 = 2.6730006883e-05
m_swing_c2 = 5.0586688428e-01
m_vpp_c2 = 5.1388244855e-01
m_vcm_c2 = 3.0468939577e+00
m_dj_ui_cmis = 4.5589511739e-04
m_swing_cmis = 5.0586805900e-01
m_swing_avcclo = 5.0651723996e-01
m_vcm_avcclo = 2.7167879554e+00
m_swing_avcchi = 5.0708871547e-01
m_vcm_avcchi = 3.3764998388e+00
m_vgs_sw_max = 1.6385750279e+00
m_vgd_sw_max = 1.7059148645e+00
m_vds_sw_max = 2.1843281506e+00
m_vgs_tail_max = 1.2688888829e+00
m_vds_tail_max = 1.5309496344e+00
m_vmux_dc = 1.1312646743e+00
m_swing_dc = 5.0398821380e-01
m_vcm_dc = 3.0480058927e+00
m_ioff_dc = 8.1765261228e-12
m_itail_dc = 1.0079764292e-02
m_icell_dc = 1.0579764311e-02
Note: Simulation executed from .control section 

Note: Starting dynamic gmin stepping
Note: Dynamic gmin stepping completed
