
Note: No compatibility mode selected!


Circuit: * cml-driver-eye-realmux @ ss_125c_3.30v_270mbps -- generated by sim/harness, do not edit

Doing analysis at TEMP = 125.000000 and TNOM = 27.000000

Using SPARSE 1.3 as Direct Linear Solver

Initial Transient Solution
--------------------------

Node                                   Voltage
----                                   -------
vdd                                        3.3
avcc                                       3.3
avcclo                                    2.97
avcchi                                    3.63
clkp                                      1.98
clkn                                      0.99
d0p                                      2.805
d0n                                      1.815
d1p                                      2.805
d1n                                      1.815
d0pz                                     2.805
d0nz                                     1.815
clkpz                                     1.98
clknz                                     0.99
ckref                                     0.99
win                                          0
winc                                         0
xmux_c0.top                            2.84006
xmux_c0.xrc.11                         2.85963
xmux_c0.xrc.21                         3.28042
mp_c0                                  1.86459
xmux_c0.xrlp.11                        1.88416
xmux_c0.xrlp.21                        2.82049
mn_c0                                   2.8395
xmux_c0.xrln.11                        2.83951
xmux_c0.xrln.21                        2.84005
xmux_c0.ibias                          1.18484
xmux_c0.xrref.11                       1.19525
xmux_c0.xrref.21                       3.28959
xmux_c0.sa                             1.19686
xmux_c0.sb                             1.86453
xmux_c0.tail                          0.629759
outp_c0                                2.80382
xc0.tail                               1.16204
outn_c0                                3.29829
ib_c0                                  1.25994
vd_c0                                 0.494474
xmux_c1.top                            2.84006
xmux_c1.xrc.11                         2.85963
xmux_c1.xrc.21                         3.28042
mp_c1                                  1.86459
xmux_c1.xrlp.11                        1.88416
xmux_c1.xrlp.21                        2.82049
mn_c1                                   2.8395
xmux_c1.xrln.11                        2.83951
xmux_c1.xrln.21                        2.84005
xmux_c1.ibias                          1.18484
xmux_c1.xrref.11                       1.19525
xmux_c1.xrref.21                       3.28959
xmux_c1.sa                             1.19686
xmux_c1.sb                             1.86453
xmux_c1.tail                          0.629759
outp_c1                                2.80382
xc1.tail                               1.16204
outn_c1                                3.29829
ib_c1                                  1.25994
vd_c1                                 0.494474
muxref                                0.974906
xmux_c2.top                            2.84006
xmux_c2.xrc.11                         2.85963
xmux_c2.xrc.21                         3.28042
mp_c2                                  1.86459
xmux_c2.xrlp.11                        1.88416
xmux_c2.xrlp.21                        2.82049
mn_c2                                   2.8395
xmux_c2.xrln.11                        2.83951
xmux_c2.xrln.21                        2.84005
xmux_c2.ibias                          1.18484
xmux_c2.xrref.11                       1.19525
xmux_c2.xrref.21                       3.28959
xmux_c2.sa                             1.19686
xmux_c2.sb                             1.86453
xmux_c2.tail                          0.629759
outp_c2                                2.80382
xc2.tail                               1.16204
outn_c2                                3.29829
ib_c2                                  1.25994
vd_c2                                 0.494474
xmux_cmis.top                          2.84006
xmux_cmis.xrc.11                       2.85963
xmux_cmis.xrc.21                       3.28042
mp_cm                                  1.86459
xmux_cmis.xrlp.11                      1.88416
xmux_cmis.xrlp.21                      2.82049
mn_cm                                   2.8395
xmux_cmis.xrln.11                      2.83951
xmux_cmis.xrln.21                      2.84005
xmux_cmis.ibias                        1.18484
xmux_cmis.xrref.11                     1.19525
xmux_cmis.xrref.21                     3.28959
xmux_cmis.sa                           1.19686
xmux_cmis.sb                           1.86453
xmux_cmis.tail                        0.629759
outp_cmis                              2.80382
xcmis.tail                             1.16204
outn_cmis                              3.29829
ib_cmis                                1.25994
vd_cmis                               0.494474
xmux_vlo.top                           2.84006
xmux_vlo.xrc.11                        2.85963
xmux_vlo.xrc.21                        3.28042
mp_vlo                                 1.86459
xmux_vlo.xrlp.11                       1.88416
xmux_vlo.xrlp.21                       2.82049
mn_vlo                                  2.8395
xmux_vlo.xrln.11                       2.83951
xmux_vlo.xrln.21                       2.84005
xmux_vlo.ibias                         1.18484
xmux_vlo.xrref.11                      1.19525
xmux_vlo.xrref.21                      3.28959
xmux_vlo.sa                            1.19686
xmux_vlo.sb                            1.86453
xmux_vlo.tail                         0.629759
outp_vlo                               2.47436
xvlo.tail                               1.1463
outn_vlo                               2.96811
ib_vlo                                 1.25994
xmux_vhi.top                           2.84006
xmux_vhi.xrc.11                        2.85963
xmux_vhi.xrc.21                        3.28042
mp_vhi                                 1.86459
xmux_vhi.xrlp.11                       1.88416
xmux_vhi.xrlp.21                       2.82049
mn_vhi                                  2.8395
xmux_vhi.xrln.11                       2.83951
xmux_vhi.xrln.21                       2.84005
xmux_vhi.ibias                         1.18484
xmux_vhi.xrref.11                      1.19525
xmux_vhi.xrref.21                      3.28959
xmux_vhi.sa                            1.19686
xmux_vhi.sb                            1.86453
xmux_vhi.tail                         0.629759
outp_vhi                               3.13337
xvhi.tail                              1.17644
outn_vhi                               3.62842
ib_vhi                                 1.25994
xmux_z.top                             2.84006
xmux_z.xrc.11                          2.85963
xmux_z.xrc.21                          3.28042
mp_z                                   1.86461
xmux_z.xrlp.11                         1.88418
xmux_z.xrlp.21                         2.82049
mn_z                                   2.83948
xmux_z.xrln.11                         2.83949
xmux_z.xrln.21                         2.84005
xmux_z.ibias                           1.18484
xmux_z.xrref.11                        1.19525
xmux_z.xrref.21                        3.28959
xmux_z.sa                              1.19687
xmux_z.sb                              2.19333
xmux_z.tail                           0.629761
outp_z                                 2.80382
xz.tail                                1.16203
vss_z                                        0
outn_z                                 3.29829
ib_z                                   1.25994
vmuxz                                 0.974869
emuxz#branch                                 0
ediff_cmis#branch                            0
ediff_c2#branch                              0
emuxref#branch                               0
ediff_c1#branch                              0
ediff_c0#branch                              0
eckref#branch                                0
vsens_z#branch                       0.0104578
vwinc#branch                                 0
vwin#branch                                  0
vclknz#branch                                0
vclkpz#branch                                0
vd0nz#branch                                 0
vd0pz#branch                                 0
vd1n#branch                                  0
vd1p#branch                                  0
vd0n#branch                                  0
vd0p#branch                                  0
vclkn#branch                                 0
vclkp#branch                                 0
vavcchi#branch                     -0.00996432
vavcclo#branch                     -0.00995061
vavcc#branch                         -0.049789
vvdd#branch                         -0.0556503

 Reference value :  1.48560e-09
 Reference value :  3.50560e-09
 Reference value :  3.80739e-09
 Reference value :  3.84632e-09
 Reference value :  4.20734e-09
 Reference value :  6.50734e-09
 Reference value :  7.49071e-09
 Reference value :  7.94865e-09
 Reference value :  1.01486e-08
 Reference value :  1.11120e-08
 Reference value :  1.12092e-08
 Reference value :  1.14905e-08
 Reference value :  1.37905e-08
 Reference value :  1.49123e-08
 Reference value :  1.58970e-08
 Reference value :  1.82170e-08
 Reference value :  1.85898e-08
 Reference value :  1.86026e-08
 Reference value :  1.90356e-08
 Reference value :  2.14356e-08
 Reference value :  2.22706e-08
 Reference value :  2.24230e-08
 Reference value :  2.24983e-08
 Reference value :  2.25237e-08
 Reference value :  2.29591e-08
 Reference value :  2.52191e-08
 Reference value :  2.60100e-08
 Reference value :  2.60208e-08
 Reference value :  2.69828e-08
 Reference value :  2.92228e-08
 Reference value :  2.97669e-08
 Reference value :  2.98252e-08
 Reference value :  3.13020e-08
 Reference value :  3.33355e-08
 Reference value :  3.37544e-08
 Reference value :  3.54544e-08
 Reference value :  3.59144e-08
 Reference value :  3.70144e-08
 Reference value :  3.72849e-08
 Reference value :  3.86649e-08
 Reference value :  4.03064e-08
 Reference value :  4.09040e-08
 Reference value :  4.12603e-08
 Reference value :  4.30086e-08
 Reference value :  4.44445e-08
 Reference value :  4.47099e-08
 Reference value :  4.62723e-08
 Reference value :  4.81527e-08
 Reference value :  4.82911e-08
 Reference value :  4.83289e-08
 Reference value :  4.98760e-08
 Reference value :  5.16575e-08
 Reference value :  5.20836e-08
 Reference value :  5.35997e-08
 Reference value :  5.46412e-08
 Reference value :  5.55601e-08
 Reference value :  5.57056e-08
 Reference value :  5.67834e-08
 Reference value :  5.72834e-08
 Reference value :  5.73634e-08
 Reference value :  5.74434e-08
 Reference value :  5.75234e-08
 Reference value :  5.79234e-08
 Reference value :  5.83649e-08
 Reference value :  5.84449e-08
 Reference value :  5.86953e-08
 Reference value :  5.87553e-08
 Reference value :  5.88353e-08
 Reference value :  5.89153e-08
 Reference value :  5.89753e-08
 Reference value :  5.90353e-08
 Reference value :  5.90953e-08
 Reference value :  5.91753e-08
 Reference value :  5.92353e-08
 Reference value :  5.92593e-08
 Reference value :  5.92595e-08
 Reference value :  5.92610e-08
 Reference value :  5.92675e-08
 Reference value :  5.92759e-08
 Reference value :  5.92871e-08
 Reference value :  5.93017e-08
 Reference value :  5.93153e-08
 Reference value :  5.93301e-08
 Reference value :  5.93430e-08
 Reference value :  5.93508e-08
 Reference value :  5.93577e-08
 Reference value :  5.93684e-08
 Reference value :  5.93792e-08
 Reference value :  5.94638e-08
 Reference value :  5.96275e-08
No. of Data Rows : 4337
m_ui_ref            =  3.70370e-09 targ=  3.71120e-08 trig=  3.34083e-08
m_spa_in            =  1.48148e-08 targ=  4.82231e-08 trig=  3.34083e-08
m_spb_in            =  1.11111e-08 targ=  4.45194e-08 trig=  3.34083e-08
m_spa_c0            =  1.48148e-08 targ=  4.83086e-08 trig=  3.34937e-08
m_spb_c0            =  1.11111e-08 targ=  4.46049e-08 trig=  3.34937e-08
m_trise_c0          =  -7.32835e-09 targ=  2.98272e-08 trig=  3.71555e-08
m_tfall_c0          =  7.50677e-09 targ=  4.09586e-08 trig=  3.34518e-08
m_spa_c1            =  1.48148e-08 targ=  4.83497e-08 trig=  3.35349e-08
m_spb_c1            =  1.11111e-08 targ=  4.46460e-08 trig=  3.35349e-08
m_trise_c1          =  -7.30782e-09 targ=  2.98701e-08 trig=  3.71779e-08
m_tfall_c1          =  7.56958e-09 targ=  4.10437e-08 trig=  3.34742e-08
m_spa_mux           =  1.48148e-08 targ=  4.83000e-08 trig=  3.34852e-08
m_spb_mux           =  1.11111e-08 targ=  4.45963e-08 trig=  3.34852e-08
m_spa_c2            =  1.48148e-08 targ=  4.83842e-08 trig=  3.35693e-08
m_spb_c2            =  1.11111e-08 targ=  4.46805e-08 trig=  3.35693e-08
m_trise_c2          =  -7.32460e-09 targ=  2.98655e-08 trig=  3.71901e-08
m_tfall_c2          =  7.66609e-09 targ=  4.11525e-08 trig=  3.34864e-08
m_spa_cmis          =  1.48148e-08 targ=  4.83649e-08 trig=  3.35500e-08
m_spb_cmis          =  1.11099e-08 targ=  4.46599e-08 trig=  3.35500e-08
m_dj_ui_c0 = 5.3999995675e-06
m_swing_c0 = 4.9517983123e-01
m_vpp_c0 = 4.9868678994e-01
m_vcm_c0 = 3.0506869905e+00
m_dj_ui_c1 = 5.3999995675e-06
m_swing_c1 = 4.9517722703e-01
m_vpp_c1 = 4.9674418452e-01
m_vcm_c1 = 3.0506908822e+00
m_dj_ui_mux = 5.3999995675e-06
m_dj_ui_drv_c1 = 0.0000000000e+00
m_dj_ui_c2 = 5.3999995675e-06
m_swing_c2 = 4.9507731827e-01
m_vpp_c2 = 4.9604149536e-01
m_vcm_c2 = 3.0507306859e+00
m_dj_ui_cmis = 3.2669997386e-04
m_swing_cmis = 4.9506860177e-01
m_swing_avcclo = 4.9442175674e-01
m_vcm_avcclo = 2.7208843804e+00
m_swing_avcchi = 4.9576996198e-01
m_vcm_avcchi = 3.3805191044e+00
m_vgs_sw_max = 1.6667048040e+00
m_vgd_sw_max = 1.7775241056e+00
m_vds_sw_max = 2.4676991487e+00
m_vgs_tail_max = 1.2682718111e+00
m_vds_tail_max = 1.2553703931e+00
m_vmux_dc = 9.7486931026e-01
m_swing_dc = 4.9447184541e-01
m_vcm_dc = 3.0510551010e+00
m_ioff_dc = 3.4179526271e-05
m_itail_dc = 9.9577959607e-03
m_icell_dc = 1.0457795961e-02
Note: Simulation executed from .control section 

