
Note: No compatibility mode selected!


Circuit: * cml-driver-eye-realmux @ ss_125c_3.63v_270mbps -- generated by sim/harness, do not edit

Doing analysis at TEMP = 125.000000 and TNOM = 27.000000

Using SPARSE 1.3 as Direct Linear Solver

Initial Transient Solution
--------------------------

Node                                   Voltage
----                                   -------
vdd                                       3.63
avcc                                       3.3
avcclo                                    2.97
avcchi                                    3.63
clkp                                     2.178
clkn                                     1.089
d0p                                     3.0855
d0n                                     1.9965
d1p                                     3.0855
d1n                                     1.9965
d0pz                                    3.0855
d0nz                                    1.9965
clkpz                                    2.178
clknz                                    1.089
ckref                                    1.089
win                                          0
winc                                         0
xmux_c0.top                            3.10109
xmux_c0.xrc.11                          3.1236
xmux_c0.xrc.21                         3.60749
mp_c0                                   1.9793
xmux_c0.xrlp.11                        2.00179
xmux_c0.xrlp.21                        3.07859
mn_c0                                   3.1005
xmux_c0.xrln.11                        3.10051
xmux_c0.xrln.21                        3.10107
xmux_c0.ibias                          1.22354
xmux_c0.xrref.11                       1.23538
xmux_c0.xrref.21                       3.61816
xmux_c0.sa                             1.36025
xmux_c0.sb                             1.97929
xmux_c0.tail                          0.754124
outp_c0                                2.79782
xc0.tail                               1.37704
outn_c0                                3.29988
ib_c0                                  1.25994
vd_c0                                 0.502058
xmux_c1.top                            3.10109
xmux_c1.xrc.11                          3.1236
xmux_c1.xrc.21                         3.60749
mp_c1                                   1.9793
xmux_c1.xrlp.11                        2.00179
xmux_c1.xrlp.21                        3.07859
mn_c1                                   3.1005
xmux_c1.xrln.11                        3.10051
xmux_c1.xrln.21                        3.10107
xmux_c1.ibias                          1.22354
xmux_c1.xrref.11                       1.23538
xmux_c1.xrref.21                       3.61816
xmux_c1.sa                             1.36025
xmux_c1.sb                             1.97929
xmux_c1.tail                          0.754124
outp_c1                                2.79782
xc1.tail                               1.37704
outn_c1                                3.29988
ib_c1                                  1.25994
vd_c1                                 0.502058
muxref                                 1.12121
xmux_c2.top                            3.10109
xmux_c2.xrc.11                          3.1236
xmux_c2.xrc.21                         3.60749
mp_c2                                   1.9793
xmux_c2.xrlp.11                        2.00179
xmux_c2.xrlp.21                        3.07859
mn_c2                                   3.1005
xmux_c2.xrln.11                        3.10051
xmux_c2.xrln.21                        3.10107
xmux_c2.ibias                          1.22354
xmux_c2.xrref.11                       1.23538
xmux_c2.xrref.21                       3.61816
xmux_c2.sa                             1.36025
xmux_c2.sb                             1.97929
xmux_c2.tail                          0.754124
outp_c2                                2.79782
xc2.tail                               1.37704
outn_c2                                3.29988
ib_c2                                  1.25994
vd_c2                                 0.502058
xmux_cmis.top                          3.10109
xmux_cmis.xrc.11                        3.1236
xmux_cmis.xrc.21                       3.60749
mp_cm                                   1.9793
xmux_cmis.xrlp.11                      2.00179
xmux_cmis.xrlp.21                      3.07859
mn_cm                                   3.1005
xmux_cmis.xrln.11                      3.10051
xmux_cmis.xrln.21                      3.10107
xmux_cmis.ibias                        1.22354
xmux_cmis.xrref.11                     1.23538
xmux_cmis.xrref.21                     3.61816
xmux_cmis.sa                           1.36025
xmux_cmis.sb                           1.97929
xmux_cmis.tail                        0.754124
outp_cmis                              2.79782
xcmis.tail                             1.37704
outn_cmis                              3.29988
ib_cmis                                1.25994
vd_cmis                               0.502058
xmux_vlo.top                           3.10109
xmux_vlo.xrc.11                         3.1236
xmux_vlo.xrc.21                        3.60749
mp_vlo                                  1.9793
xmux_vlo.xrlp.11                       2.00179
xmux_vlo.xrlp.21                       3.07859
mn_vlo                                  3.1005
xmux_vlo.xrln.11                       3.10051
xmux_vlo.xrln.21                       3.10107
xmux_vlo.ibias                         1.22354
xmux_vlo.xrref.11                      1.23538
xmux_vlo.xrref.21                      3.61816
xmux_vlo.sa                            1.36025
xmux_vlo.sb                            1.97929
xmux_vlo.tail                         0.754124
outp_vlo                                2.4682
xvlo.tail                              1.35825
outn_vlo                               2.96985
ib_vlo                                 1.25994
xmux_vhi.top                           3.10109
xmux_vhi.xrc.11                         3.1236
xmux_vhi.xrc.21                        3.60749
mp_vhi                                  1.9793
xmux_vhi.xrlp.11                       2.00179
xmux_vhi.xrlp.21                       3.07859
mn_vhi                                  3.1005
xmux_vhi.xrln.11                       3.10051
xmux_vhi.xrln.21                       3.10107
xmux_vhi.ibias                         1.22354
xmux_vhi.xrref.11                      1.23538
xmux_vhi.xrref.21                      3.61816
xmux_vhi.sa                            1.36025
xmux_vhi.sb                            1.97929
xmux_vhi.tail                         0.754124
outp_vhi                                3.1275
xvhi.tail                              1.39318
outn_vhi                               3.62989
ib_vhi                                 1.25994
xmux_z.top                             3.10109
xmux_z.xrc.11                           3.1236
xmux_z.xrc.21                          3.60749
mp_z                                    1.9793
xmux_z.xrlp.11                          2.0018
xmux_z.xrlp.21                         3.07859
mn_z                                   3.10049
xmux_z.xrln.11                         3.10051
xmux_z.xrln.21                         3.10107
xmux_z.ibias                           1.22354
xmux_z.xrref.11                        1.23538
xmux_z.xrref.21                        3.61816
xmux_z.sa                              1.36025
xmux_z.sb                               2.4851
xmux_z.tail                           0.754125
outp_z                                 2.79782
xz.tail                                1.37703
vss_z                                        0
outn_z                                 3.29988
ib_z                                   1.25994
vmuxz                                  1.12119
emuxz#branch                                 0
ediff_cmis#branch                            0
ediff_c2#branch                              0
emuxref#branch                               0
ediff_c1#branch                              0
ediff_c0#branch                              0
eckref#branch                                0
vsens_z#branch                       0.0105461
vwinc#branch                                 0
vwin#branch                                  0
vclknz#branch                                0
vclkpz#branch                                0
vd0nz#branch                                 0
vd0pz#branch                                 0
vd1n#branch                                  0
vd1p#branch                                  0
vd0n#branch                                  0
vd0p#branch                                  0
vclkn#branch                                 0
vclkp#branch                                 0
vavcchi#branch                      -0.0100521
vavcclo#branch                       -0.010039
vavcc#branch                        -0.0502305
vvdd#branch                         -0.0639616

 Reference value :  1.40560e-09
 Reference value :  3.00560e-09
 Reference value :  3.85518e-09
 Reference value :  4.54421e-09
 Reference value :  5.36421e-09
 Reference value :  6.46421e-09
 Reference value :  7.54994e-09
 Reference value :  8.85458e-09
 Reference value :  1.07946e-08
 Reference value :  1.12983e-08
 Reference value :  1.29516e-08
 Reference value :  1.48345e-08
 Reference value :  1.50560e-08
 Reference value :  1.69820e-08
 Reference value :  1.85857e-08
 Reference value :  1.93390e-08
 Reference value :  2.15790e-08
 Reference value :  2.23568e-08
 Reference value :  2.31294e-08
 Reference value :  2.38094e-08
 Reference value :  2.59262e-08
 Reference value :  2.61953e-08
 Reference value :  2.81265e-08
 Reference value :  2.96744e-08
 Reference value :  2.98297e-08
 Reference value :  3.00094e-08
 Reference value :  3.12694e-08
 Reference value :  3.33335e-08
 Reference value :  3.35103e-08
 Reference value :  3.52841e-08
 Reference value :  3.70461e-08
 Reference value :  3.71258e-08
 Reference value :  3.77788e-08
 Reference value :  3.92649e-08
 Reference value :  4.05464e-08
 Reference value :  4.08498e-08
 Reference value :  4.10553e-08
 Reference value :  4.12453e-08
 Reference value :  4.18386e-08
 Reference value :  4.30486e-08
 Reference value :  4.41301e-08
 Reference value :  4.45535e-08
 Reference value :  4.46040e-08
 Reference value :  4.50290e-08
 Reference value :  4.54890e-08
 Reference value :  4.73738e-08
 Reference value :  4.82897e-08
 Reference value :  4.88127e-08
 Reference value :  4.90527e-08
 Reference value :  5.01360e-08
 Reference value :  5.18695e-08
 Reference value :  5.21916e-08
 Reference value :  5.41797e-08
 Reference value :  5.56259e-08
 Reference value :  5.58394e-08
 Reference value :  5.76634e-08
 Reference value :  5.90953e-08
 Reference value :  5.94782e-08
No. of Data Rows : 4345
m_ui_ref            =  3.70370e-09 targ=  3.71120e-08 trig=  3.34083e-08
m_spa_in            =  1.48148e-08 targ=  4.82231e-08 trig=  3.34083e-08
m_spb_in            =  1.11111e-08 targ=  4.45194e-08 trig=  3.34083e-08
m_spa_c0            =  1.48148e-08 targ=  4.83059e-08 trig=  3.34911e-08
m_spb_c0            =  1.11111e-08 targ=  4.46022e-08 trig=  3.34911e-08
m_trise_c0          =  -7.36240e-09 targ=  2.97973e-08 trig=  3.71597e-08
m_tfall_c0          =  7.48851e-09 targ=  4.09445e-08 trig=  3.34560e-08
m_spa_c1            =  1.48148e-08 targ=  4.83461e-08 trig=  3.35312e-08
m_spb_c1            =  1.11111e-08 targ=  4.46424e-08 trig=  3.35312e-08
m_trise_c1          =  1.43409e-10 targ=  3.73248e-08 trig=  3.71814e-08
m_tfall_c1          =  1.43468e-10 targ=  4.10286e-08 trig=  4.08851e-08
m_spa_mux           =  1.48148e-08 targ=  4.82971e-08 trig=  3.34823e-08
m_spb_mux           =  1.11111e-08 targ=  4.45934e-08 trig=  3.34823e-08
m_spa_c2            =  1.48148e-08 targ=  4.83796e-08 trig=  3.35648e-08
m_spb_c2            =  1.11111e-08 targ=  4.46759e-08 trig=  3.35648e-08
m_trise_c2          =  2.39895e-10 targ=  3.74328e-08 trig=  3.71929e-08
m_tfall_c2          =  2.39897e-10 targ=  4.11365e-08 trig=  4.08966e-08
m_spa_cmis          =  1.48148e-08 targ=  4.83605e-08 trig=  3.35457e-08
m_spb_cmis          =  1.11101e-08 targ=  4.46558e-08 trig=  3.35457e-08
m_dj_ui_c0 = 5.3999995675e-06
m_swing_c0 = 5.0320582054e-01
m_vpp_c0 = 5.1694032685e-01
m_vcm_c0 = 3.0482820358e+00
m_dj_ui_c1 = 8.0999993519e-06
m_swing_c1 = 5.0322866484e-01
m_vpp_c1 = 5.0740521245e-01
m_vcm_c1 = 3.0482719307e+00
m_dj_ui_mux = 5.3999995675e-06
m_dj_ui_drv_c1 = 5.3999995679e-06
m_dj_ui_c2 = 5.3999995684e-06
m_swing_c2 = 5.0312888439e-01
m_vpp_c2 = 5.0573922008e-01
m_vcm_c2 = 3.0483147746e+00
m_dj_ui_cmis = 2.8619997710e-04
m_swing_cmis = 5.0312214345e-01
m_swing_avcclo = 5.0278452453e-01
m_vcm_avcclo = 2.7184687663e+00
m_swing_avcchi = 5.0357222982e-01
m_vcm_avcchi = 3.3781145952e+00
m_vgs_sw_max = 1.7194087348e+00
m_vgd_sw_max = 1.6659306088e+00
m_vds_sw_max = 2.2553388529e+00
m_vgs_tail_max = 1.2656926438e+00
m_vds_tail_max = 1.4515041225e+00
m_vmux_dc = 1.1211907139e+00
m_swing_dc = 5.0205749519e-01
m_vcm_dc = 3.0488477162e+00
m_ioff_dc = 2.4707234116e-06
m_itail_dc = 1.0046091351e-02
m_icell_dc = 1.0546091351e-02
Note: Simulation executed from .control section 

