
Note: No compatibility mode selected!


Circuit: * cml-driver-eye-realmux @ ss_125c_2.97v_270mbps -- generated by sim/harness, do not edit

Doing analysis at TEMP = 125.000000 and TNOM = 27.000000

Using SPARSE 1.3 as Direct Linear Solver

Initial Transient Solution
--------------------------

Node                                   Voltage
----                                   -------
vdd                                       2.97
avcc                                       3.3
avcclo                                    2.97
avcchi                                    3.63
clkp                                     1.782
clkn                                     0.891
d0p                                     2.5245
d0n                                     1.6335
d1p                                     2.5245
d1n                                     1.6335
d0pz                                    2.5245
d0nz                                    1.6335
clkpz                                    1.782
clknz                                    0.891
ckref                                    0.891
win                                          0
winc                                         0
xmux_c0.top                            2.57942
xmux_c0.xrc.11                         2.59605
xmux_c0.xrc.21                         2.95338
mp_c0                                  1.75122
xmux_c0.xrlp.11                        1.76783
xmux_c0.xrlp.21                        2.56281
mn_c0                                  2.57881
xmux_c0.xrln.11                        2.57882
xmux_c0.xrln.21                        2.57941
xmux_c0.ibias                          1.14427
xmux_c0.xrref.11                       1.15325
xmux_c0.xrref.21                       2.96101
xmux_c0.sa                             1.02861
xmux_c0.sb                             1.74934
xmux_c0.tail                          0.508375
outp_c0                                2.81869
xc0.tail                              0.957518
outn_c0                                3.28865
ib_c0                                  1.25994
vd_c0                                 0.469961
xmux_c1.top                            2.57942
xmux_c1.xrc.11                         2.59605
xmux_c1.xrc.21                         2.95338
mp_c1                                  1.75122
xmux_c1.xrlp.11                        1.76783
xmux_c1.xrlp.21                        2.56281
mn_c1                                  2.57881
xmux_c1.xrln.11                        2.57882
xmux_c1.xrln.21                        2.57941
xmux_c1.ibias                          1.14427
xmux_c1.xrref.11                       1.15325
xmux_c1.xrref.21                       2.96101
xmux_c1.sa                             1.02861
xmux_c1.sb                             1.74934
xmux_c1.tail                          0.508375
outp_c1                                2.81869
xc1.tail                              0.957518
outn_c1                                3.28865
ib_c1                                  1.25994
vd_c1                                 0.469961
muxref                                 0.82759
xmux_c2.top                            2.57942
xmux_c2.xrc.11                         2.59605
xmux_c2.xrc.21                         2.95338
mp_c2                                  1.75122
xmux_c2.xrlp.11                        1.76783
xmux_c2.xrlp.21                        2.56281
mn_c2                                  2.57881
xmux_c2.xrln.11                        2.57882
xmux_c2.xrln.21                        2.57941
xmux_c2.ibias                          1.14427
xmux_c2.xrref.11                       1.15325
xmux_c2.xrref.21                       2.96101
xmux_c2.sa                             1.02861
xmux_c2.sb                             1.74934
xmux_c2.tail                          0.508375
outp_c2                                2.81869
xc2.tail                              0.957518
outn_c2                                3.28865
ib_c2                                  1.25994
vd_c2                                 0.469961
xmux_cmis.top                          2.57942
xmux_cmis.xrc.11                       2.59605
xmux_cmis.xrc.21                       2.95338
mp_cm                                  1.75122
xmux_cmis.xrlp.11                      1.76783
xmux_cmis.xrlp.21                      2.56281
mn_cm                                  2.57881
xmux_cmis.xrln.11                      2.57882
xmux_cmis.xrln.21                      2.57941
xmux_cmis.ibias                        1.14427
xmux_cmis.xrref.11                     1.15325
xmux_cmis.xrref.21                     2.96101
xmux_cmis.sa                           1.02861
xmux_cmis.sb                           1.74934
xmux_cmis.tail                        0.508375
outp_cmis                              2.81869
xcmis.tail                            0.957518
outn_cmis                              3.28865
ib_cmis                                1.25994
vd_cmis                               0.469961
xmux_vlo.top                           2.57942
xmux_vlo.xrc.11                        2.59605
xmux_vlo.xrc.21                        2.95338
mp_vlo                                 1.75122
xmux_vlo.xrlp.11                       1.76783
xmux_vlo.xrlp.21                       2.56281
mn_vlo                                 2.57881
xmux_vlo.xrln.11                       2.57882
xmux_vlo.xrln.21                       2.57941
xmux_vlo.ibias                         1.14427
xmux_vlo.xrref.11                      1.15325
xmux_vlo.xrref.21                      2.96101
xmux_vlo.sa                            1.02861
xmux_vlo.sb                            1.74934
xmux_vlo.tail                         0.508375
outp_vlo                               2.48965
xvlo.tail                             0.944058
outn_vlo                                2.9581
ib_vlo                                 1.25994
xmux_vhi.top                           2.57942
xmux_vhi.xrc.11                        2.59605
xmux_vhi.xrc.21                        2.95338
mp_vhi                                 1.75122
xmux_vhi.xrlp.11                       1.76783
xmux_vhi.xrlp.21                       2.56281
mn_vhi                                 2.57881
xmux_vhi.xrln.11                       2.57882
xmux_vhi.xrln.21                       2.57941
xmux_vhi.ibias                         1.14427
xmux_vhi.xrref.11                      1.15325
xmux_vhi.xrref.21                      2.96101
xmux_vhi.sa                            1.02861
xmux_vhi.sb                            1.74934
xmux_vhi.tail                         0.508375
outp_vhi                               3.14788
xvhi.tail                             0.970283
outn_vhi                               3.61905
ib_vhi                                 1.25994
xmux_z.top                             2.57942
xmux_z.xrc.11                          2.59605
xmux_z.xrc.21                          2.95338
mp_z                                   1.75126
xmux_z.xrlp.11                         1.76787
xmux_z.xrlp.21                         2.56281
mn_z                                   2.57876
xmux_z.xrln.11                         2.57878
xmux_z.xrln.21                         2.57941
xmux_z.ibias                           1.14427
xmux_z.xrref.11                        1.15325
xmux_z.xrref.21                        2.96101
xmux_z.sa                              1.02861
xmux_z.sb                               1.9053
xmux_z.tail                           0.508377
outp_z                                  2.8187
xz.tail                               0.957493
vss_z                                        0
outn_z                                 3.28864
ib_z                                   1.25994
vmuxz                                 0.827505
emuxz#branch                                 0
ediff_cmis#branch                            0
ediff_c2#branch                              0
emuxref#branch                               0
ediff_c1#branch                              0
ediff_c0#branch                              0
eckref#branch                                0
vsens_z#branch                       0.0103532
vwinc#branch                                 0
vwin#branch                                  0
vclknz#branch                                0
vclkpz#branch                                0
vd0nz#branch                                 0
vd0pz#branch                                 0
vd1n#branch                                  0
vd1p#branch                                  0
vd0n#branch                                  0
vd0p#branch                                  0
vclkn#branch                                 0
vclkp#branch                                 0
vavcchi#branch                      -0.0098614
vavcclo#branch                     -0.00984504
vavcc#branch                        -0.0492662
vvdd#branch                         -0.0472958

 Reference value :  1.58560e-09
 Reference value :  3.70618e-09
 Reference value :  3.89334e-09
 Reference value :  5.74043e-09
 Reference value :  7.43089e-09
 Reference value :  7.83176e-09
 Reference value :  1.01118e-08
 Reference value :  1.12145e-08
 Reference value :  1.19765e-08
 Reference value :  1.39565e-08
 Reference value :  1.49648e-08
 Reference value :  1.62405e-08
 Reference value :  1.85185e-08
 Reference value :  1.87642e-08
 Reference value :  2.05642e-08
 Reference value :  2.22719e-08
 Reference value :  2.26879e-08
 Reference value :  2.50279e-08
 Reference value :  2.60432e-08
 Reference value :  2.72116e-08
 Reference value :  2.91716e-08
 Reference value :  2.97814e-08
 Reference value :  3.09971e-08
 Reference value :  3.30771e-08
 Reference value :  3.35519e-08
 Reference value :  3.50160e-08
 Reference value :  3.70451e-08
 Reference value :  3.74734e-08
 Reference value :  3.90649e-08
 Reference value :  4.07622e-08
 Reference value :  4.10346e-08
 Reference value :  4.29286e-08
 Reference value :  4.44624e-08
 Reference value :  4.45508e-08
 Reference value :  4.46188e-08
 Reference value :  4.49697e-08
 Reference value :  4.56923e-08
 Reference value :  4.69523e-08
 Reference value :  4.80738e-08
 Reference value :  4.82446e-08
 Reference value :  4.83225e-08
 Reference value :  4.91534e-08
 Reference value :  4.97760e-08
 Reference value :  4.98360e-08
 Reference value :  5.09375e-08
 Reference value :  5.20019e-08
 Reference value :  5.26971e-08
 Reference value :  5.31197e-08
 Reference value :  5.51812e-08
 Reference value :  5.56520e-08
 Reference value :  5.57191e-08
 Reference value :  5.60408e-08
 Reference value :  5.66721e-08
 Reference value :  5.77834e-08
 Reference value :  5.87553e-08
 Reference value :  5.93113e-08
 Reference value :  5.94165e-08
 Reference value :  5.94740e-08
No. of Data Rows : 4317
m_ui_ref            =  3.70370e-09 targ=  3.71120e-08 trig=  3.34083e-08
m_spa_in            =  1.48148e-08 targ=  4.82231e-08 trig=  3.34083e-08
m_spb_in            =  1.11111e-08 targ=  4.45194e-08 trig=  3.34083e-08
m_spa_c0            =  1.48148e-08 targ=  4.83123e-08 trig=  3.34975e-08
m_spb_c0            =  1.11111e-08 targ=  4.46086e-08 trig=  3.34975e-08
m_trise_c0          =  -3.32821e-08 targ=  3.86127e-09 trig=  3.71434e-08
m_tfall_c0          =  3.34737e-08 targ=  4.09856e-08 trig=  7.51196e-09
m_spa_c1            =  1.48148e-08 targ=  4.83543e-08 trig=  3.35394e-08
m_spb_c1            =  1.11111e-08 targ=  4.46506e-08 trig=  3.35394e-08
m_trise_c1          =  -7.23555e-09 targ=  2.99328e-08 trig=  3.71683e-08
m_tfall_c1          =  7.61119e-09 targ=  4.10757e-08 trig=  3.34645e-08
m_spa_mux           =  1.48148e-08 targ=  4.83039e-08 trig=  3.34891e-08
m_spb_mux           =  1.11111e-08 targ=  4.46002e-08 trig=  3.34891e-08
m_spa_c2            =  1.48148e-08 targ=  4.83898e-08 trig=  3.35749e-08
m_spb_c2            =  1.11111e-08 targ=  4.46861e-08 trig=  3.35749e-08
m_trise_c2          =  -7.21511e-09 targ=  2.99661e-08 trig=  3.71812e-08
m_tfall_c2          =  7.71507e-09 targ=  4.11925e-08 trig=  3.34775e-08
m_spa_cmis          =  1.48148e-08 targ=  4.83701e-08 trig=  3.35553e-08
m_spb_cmis          =  1.11097e-08 targ=  4.46650e-08 trig=  3.35553e-08
m_dj_ui_c0 = 5.3999995684e-06
m_swing_c0 = 4.7005507801e-01
m_vpp_c0 = 4.7141903614e-01
m_vcm_c0 = 3.0535314354e+00
m_dj_ui_c1 = 8.0999993519e-06
m_swing_c1 = 4.7005396758e-01
m_vpp_c1 = 4.7045620278e-01
m_vcm_c1 = 3.0535379783e+00
m_dj_ui_mux = 5.3999995684e-06
m_dj_ui_drv_c1 = 2.6999997844e-06
m_dj_ui_c2 = 5.3999995684e-06
m_swing_c2 = 4.7001274653e-01
m_vpp_c2 = 4.7026662410e-01
m_vcm_c2 = 3.0535411513e+00
m_dj_ui_cmis = 3.7259997019e-04
m_swing_cmis = 4.7000179589e-01
m_swing_avcclo = 4.6854055021e-01
m_vcm_avcclo = 2.7237502840e+00
m_swing_avcchi = 4.7126414387e-01
m_vcm_avcchi = 3.3833278598e+00
m_vgs_sw_max = 1.6083574948e+00
m_vgd_sw_max = 1.8788697963e+00
m_vds_sw_max = 2.6605295545e+00
m_vgs_tail_max = 1.2706515393e+00
m_vds_tail_max = 1.0695873773e+00
m_vmux_dc = 8.2750465460e-01
m_swing_dc = 4.6993993838e-01
m_vcm_dc = 3.0536692719e+00
m_ioff_dc = 2.2721517750e-04
m_itail_dc = 9.8532291227e-03
m_icell_dc = 1.0353229123e-02
Note: Simulation executed from .control section 

