
Note: No compatibility mode selected!


Circuit: * cml-driver-eye-realmux @ ss_27c_2.97v_270mbps -- generated by sim/harness, do not edit

Doing analysis at TEMP = 27.000000 and TNOM = 27.000000

Using SPARSE 1.3 as Direct Linear Solver

Initial Transient Solution
--------------------------

Node                                   Voltage
----                                   -------
vdd                                       2.97
avcc                                       3.3
avcclo                                    2.97
avcchi                                    3.63
clkp                                     1.782
clkn                                     0.891
d0p                                     2.5245
d0n                                     1.6335
d1p                                     2.5245
d1n                                     1.6335
d0pz                                    2.5245
d0nz                                    1.6335
clkpz                                    1.782
clknz                                    0.891
ckref                                    0.891
win                                          0
winc                                         0
xmux_c0.top                            2.57653
xmux_c0.xrc.11                         2.59563
xmux_c0.xrc.21                          2.9509
mp_c0                                  1.74736
xmux_c0.xrlp.11                        1.76646
xmux_c0.xrlp.21                        2.55743
mn_c0                                  2.57653
xmux_c0.xrln.11                        2.57653
xmux_c0.xrln.21                        2.57653
xmux_c0.ibias                           1.1652
xmux_c0.xrref.11                       1.17545
xmux_c0.xrref.21                       2.95975
xmux_c0.sa                             1.05588
xmux_c0.sb                             1.74713
xmux_c0.tail                          0.512954
outp_c0                                2.80711
xc0.tail                               0.99254
outn_c0                                3.29908
ib_c0                                  1.26269
vd_c0                                 0.491968
xmux_c1.top                            2.57653
xmux_c1.xrc.11                         2.59563
xmux_c1.xrc.21                          2.9509
mp_c1                                  1.74736
xmux_c1.xrlp.11                        1.76646
xmux_c1.xrlp.21                        2.55743
mn_c1                                  2.57653
xmux_c1.xrln.11                        2.57653
xmux_c1.xrln.21                        2.57653
xmux_c1.ibias                           1.1652
xmux_c1.xrref.11                       1.17545
xmux_c1.xrref.21                       2.95975
xmux_c1.sa                             1.05588
xmux_c1.sb                             1.74713
xmux_c1.tail                          0.512954
outp_c1                                2.80711
xc1.tail                               0.99254
outn_c1                                3.29908
ib_c1                                  1.26269
vd_c1                                 0.491968
muxref                                0.829166
xmux_c2.top                            2.57653
xmux_c2.xrc.11                         2.59563
xmux_c2.xrc.21                          2.9509
mp_c2                                  1.74736
xmux_c2.xrlp.11                        1.76646
xmux_c2.xrlp.21                        2.55743
mn_c2                                  2.57653
xmux_c2.xrln.11                        2.57653
xmux_c2.xrln.21                        2.57653
xmux_c2.ibias                           1.1652
xmux_c2.xrref.11                       1.17545
xmux_c2.xrref.21                       2.95975
xmux_c2.sa                             1.05588
xmux_c2.sb                             1.74713
xmux_c2.tail                          0.512954
outp_c2                                2.80711
xc2.tail                               0.99254
outn_c2                                3.29908
ib_c2                                  1.26269
vd_c2                                 0.491968
xmux_cmis.top                          2.57653
xmux_cmis.xrc.11                       2.59563
xmux_cmis.xrc.21                        2.9509
mp_cm                                  1.74736
xmux_cmis.xrlp.11                      1.76646
xmux_cmis.xrlp.21                      2.55743
mn_cm                                  2.57653
xmux_cmis.xrln.11                      2.57653
xmux_cmis.xrln.21                      2.57653
xmux_cmis.ibias                         1.1652
xmux_cmis.xrref.11                     1.17545
xmux_cmis.xrref.21                     2.95975
xmux_cmis.sa                           1.05588
xmux_cmis.sb                           1.74713
xmux_cmis.tail                        0.512954
outp_cmis                              2.80711
xcmis.tail                             0.99254
outn_cmis                              3.29908
ib_cmis                                1.26269
vd_cmis                               0.491968
xmux_vlo.top                           2.57653
xmux_vlo.xrc.11                        2.59563
xmux_vlo.xrc.21                         2.9509
mp_vlo                                 1.74736
xmux_vlo.xrlp.11                       1.76646
xmux_vlo.xrlp.21                       2.55743
mn_vlo                                 2.57653
xmux_vlo.xrln.11                       2.57653
xmux_vlo.xrln.21                       2.57653
xmux_vlo.ibias                          1.1652
xmux_vlo.xrref.11                      1.17545
xmux_vlo.xrref.21                      2.95975
xmux_vlo.sa                            1.05588
xmux_vlo.sb                            1.74713
xmux_vlo.tail                         0.512954
outp_vlo                               2.47754
xvlo.tail                              0.97919
outn_vlo                               2.96899
ib_vlo                                 1.26269
xmux_vhi.top                           2.57653
xmux_vhi.xrc.11                        2.59563
xmux_vhi.xrc.21                         2.9509
mp_vhi                                 1.74736
xmux_vhi.xrlp.11                       1.76646
xmux_vhi.xrlp.21                       2.55743
mn_vhi                                 2.57653
xmux_vhi.xrln.11                       2.57653
xmux_vhi.xrln.21                       2.57653
xmux_vhi.ibias                          1.1652
xmux_vhi.xrref.11                      1.17545
xmux_vhi.xrref.21                      2.95975
xmux_vhi.sa                            1.05588
xmux_vhi.sb                            1.74713
xmux_vhi.tail                         0.512954
outp_vhi                                3.1367
xvhi.tail                              1.00529
outn_vhi                               3.62914
ib_vhi                                 1.26269
xmux_z.top                             2.57653
xmux_z.xrc.11                          2.59563
xmux_z.xrc.21                           2.9509
mp_z                                   1.74736
xmux_z.xrlp.11                         1.76646
xmux_z.xrlp.21                         2.55743
mn_z                                   2.57653
xmux_z.xrln.11                         2.57653
xmux_z.xrln.21                         2.57653
xmux_z.ibias                            1.1652
xmux_z.xrref.11                        1.17545
xmux_z.xrref.21                        2.95975
xmux_z.sa                              1.05588
xmux_z.sb                              1.91734
xmux_z.tail                           0.512954
outp_z                                 2.80711
xz.tail                                0.99254
vss_z                                        0
outn_z                                 3.29908
ib_z                                   1.26269
vmuxz                                 0.829165
emuxz#branch                                 0
ediff_cmis#branch                            0
ediff_c2#branch                              0
emuxref#branch                               0
ediff_c1#branch                              0
ediff_c0#branch                              0
eckref#branch                                0
vsens_z#branch                       0.0103763
vwinc#branch                                 0
vwin#branch                                  0
vclknz#branch                                0
vclkpz#branch                                0
vd0nz#branch                                 0
vd0pz#branch                                 0
vd1n#branch                                  0
vd1p#branch                                  0
vd0n#branch                                  0
vd0p#branch                                  0
vclkn#branch                                 0
vclkp#branch                                 0
vavcchi#branch                     -0.00988324
vavcclo#branch                     -0.00986932
vavcc#branch                        -0.0493817
vvdd#branch                         -0.0469199

 Reference value :  7.05600e-10
 Reference value :  2.66560e-09
 Reference value :  3.80221e-09
 Reference value :  4.51616e-09
 Reference value :  5.79616e-09
 Reference value :  7.31616e-09
 Reference value :  7.57834e-09
 Reference value :  8.94268e-09
 Reference value :  1.09627e-08
 Reference value :  1.12686e-08
 Reference value :  1.29670e-08
 Reference value :  1.48305e-08
 Reference value :  1.50451e-08
 Reference value :  1.71129e-08
 Reference value :  1.85571e-08
 Reference value :  1.88933e-08
 Reference value :  2.10533e-08
 Reference value :  2.23235e-08
 Reference value :  2.31581e-08
 Reference value :  2.52981e-08
 Reference value :  2.60759e-08
 Reference value :  2.72839e-08
 Reference value :  2.95839e-08
 Reference value :  2.98296e-08
 Reference value :  3.15592e-08
 Reference value :  3.33729e-08
 Reference value :  3.36878e-08
 Reference value :  3.59626e-08
 Reference value :  3.71380e-08
 Reference value :  3.77832e-08
 Reference value :  3.96049e-08
 Reference value :  4.07989e-08
 Reference value :  4.13289e-08
 Reference value :  4.24486e-08
 Reference value :  4.33348e-08
 Reference value :  4.44638e-08
 Reference value :  4.45781e-08
 Reference value :  4.55559e-08
 Reference value :  4.74538e-08
 Reference value :  4.82986e-08
 Reference value :  4.83189e-08
 Reference value :  4.95560e-08
 Reference value :  5.14175e-08
 Reference value :  5.20110e-08
 Reference value :  5.32197e-08
 Reference value :  5.53212e-08
 Reference value :  5.57392e-08
 Reference value :  5.66677e-08
 Reference value :  5.83449e-08
 Reference value :  5.93360e-08
 Reference value :  5.95726e-08
 Reference value :  6.00880e-08
No. of Data Rows : 4409
m_ui_ref            =  3.70370e-09 targ=  3.71120e-08 trig=  3.34083e-08
m_spa_in            =  1.48148e-08 targ=  4.82231e-08 trig=  3.34083e-08
m_spb_in            =  1.11111e-08 targ=  4.45194e-08 trig=  3.34083e-08
m_spa_c0            =  1.48148e-08 targ=  4.83026e-08 trig=  3.34878e-08
m_spb_c0            =  1.11111e-08 targ=  4.45989e-08 trig=  3.34878e-08
m_trise_c0          =  -3.33141e-08 targ=  3.83805e-09 trig=  3.71521e-08
m_tfall_c0          =  1.12237e-08 targ=  4.09458e-08 trig=  2.97221e-08
m_spa_c1            =  1.48148e-08 targ=  4.83425e-08 trig=  3.35277e-08
m_spb_c1            =  1.11111e-08 targ=  4.46388e-08 trig=  3.35277e-08
m_trise_c1          =  -7.30852e-09 targ=  2.98651e-08 trig=  3.71736e-08
m_tfall_c1          =  7.56419e-09 targ=  4.10341e-08 trig=  3.34699e-08
m_spa_mux           =  1.48148e-08 targ=  4.82948e-08 trig=  3.34800e-08
m_spb_mux           =  1.11111e-08 targ=  4.45911e-08 trig=  3.34800e-08
m_spa_c2            =  1.48148e-08 targ=  4.83763e-08 trig=  3.35614e-08
m_spb_c2            =  1.11111e-08 targ=  4.46725e-08 trig=  3.35614e-08
m_trise_c2          =  -7.32263e-09 targ=  2.98626e-08 trig=  3.71852e-08
m_tfall_c2          =  7.66442e-09 targ=  4.11459e-08 trig=  3.34815e-08
m_spa_cmis          =  1.48148e-08 targ=  4.83572e-08 trig=  3.35423e-08
m_spb_cmis          =  1.11099e-08 targ=  4.46522e-08 trig=  3.35423e-08
m_dj_ui_c0 = 5.3999995684e-06
m_swing_c0 = 4.9269980205e-01
m_vpp_c0 = 4.9647012017e-01
m_vcm_c0 = 3.0527394265e+00
m_dj_ui_c1 = 5.3999995684e-06
m_swing_c1 = 4.9270268819e-01
m_vpp_c1 = 4.9431943786e-01
m_vcm_c1 = 3.0527427083e+00
m_dj_ui_mux = 5.3999995684e-06
m_dj_ui_drv_c1 = 0.0000000000e+00
m_dj_ui_c2 = 5.3999995684e-06
m_swing_c2 = 4.9259111201e-01
m_vpp_c2 = 4.9358607686e-01
m_vcm_c2 = 3.0527818066e+00
m_dj_ui_cmis = 3.3209997343e-04
m_swing_cmis = 4.9258526254e-01
m_swing_avcclo = 4.9217440671e-01
m_vcm_avcclo = 2.7229243134e+00
m_swing_avcchi = 4.9318422180e-01
m_vcm_avcchi = 3.3825642119e+00
m_vgs_sw_max = 1.5741819485e+00
m_vgd_sw_max = 1.8993507922e+00
m_vds_sw_max = 2.6384145638e+00
m_vgs_tail_max = 1.2721097122e+00
m_vds_tail_max = 1.0940421956e+00
m_vmux_dc = 8.2916539689e-01
m_swing_dc = 4.9196791214e-01
m_vcm_dc = 3.0530914770e+00
m_ioff_dc = 1.8491337982e-05
m_itail_dc = 9.8763409189e-03
m_icell_dc = 1.0376340919e-02
Note: Simulation executed from .control section 

