
Note: No compatibility mode selected!


Circuit: * cml-driver-eye-realmux @ ss_27c_3.30v_270mbps -- generated by sim/harness, do not edit

Doing analysis at TEMP = 27.000000 and TNOM = 27.000000

Using SPARSE 1.3 as Direct Linear Solver

Initial Transient Solution
--------------------------

Node                                   Voltage
----                                   -------
vdd                                        3.3
avcc                                       3.3
avcclo                                    2.97
avcchi                                    3.63
clkp                                      1.98
clkn                                      0.99
d0p                                      2.805
d0n                                      1.815
d1p                                      2.805
d1n                                      1.815
d0pz                                     2.805
d0nz                                     1.815
clkpz                                     1.98
clknz                                     0.99
ckref                                     0.99
win                                          0
winc                                         0
xmux_c0.top                            2.83578
xmux_c0.xrc.11                         2.85831
xmux_c0.xrc.21                         3.27747
mp_c0                                  1.85749
xmux_c0.xrlp.11                        1.88002
xmux_c0.xrlp.21                        2.81324
mn_c0                                  2.83577
xmux_c0.xrln.11                        2.83577
xmux_c0.xrln.21                        2.83578
xmux_c0.ibias                          1.19908
xmux_c0.xrref.11                       1.21102
xmux_c0.xrref.21                       3.28807
xmux_c0.sa                             1.24008
xmux_c0.sb                             1.85749
xmux_c0.tail                          0.644457
outp_c0                                2.80114
xc0.tail                               1.20909
outn_c0                                3.29998
ib_c0                                  1.26269
vd_c0                                 0.498837
xmux_c1.top                            2.83578
xmux_c1.xrc.11                         2.85831
xmux_c1.xrc.21                         3.27747
mp_c1                                  1.85749
xmux_c1.xrlp.11                        1.88002
xmux_c1.xrlp.21                        2.81324
mn_c1                                  2.83577
xmux_c1.xrln.11                        2.83577
xmux_c1.xrln.21                        2.83578
xmux_c1.ibias                          1.19908
xmux_c1.xrref.11                       1.21102
xmux_c1.xrref.21                       3.28807
xmux_c1.sa                             1.24008
xmux_c1.sb                             1.85749
xmux_c1.tail                          0.644457
outp_c1                                2.80114
xc1.tail                               1.20909
outn_c1                                3.29998
ib_c1                                  1.26269
vd_c1                                 0.498837
muxref                                0.978286
xmux_c2.top                            2.83578
xmux_c2.xrc.11                         2.85831
xmux_c2.xrc.21                         3.27747
mp_c2                                  1.85749
xmux_c2.xrlp.11                        1.88002
xmux_c2.xrlp.21                        2.81324
mn_c2                                  2.83577
xmux_c2.xrln.11                        2.83577
xmux_c2.xrln.21                        2.83578
xmux_c2.ibias                          1.19908
xmux_c2.xrref.11                       1.21102
xmux_c2.xrref.21                       3.28807
xmux_c2.sa                             1.24008
xmux_c2.sb                             1.85749
xmux_c2.tail                          0.644457
outp_c2                                2.80114
xc2.tail                               1.20909
outn_c2                                3.29998
ib_c2                                  1.26269
vd_c2                                 0.498837
xmux_cmis.top                          2.83578
xmux_cmis.xrc.11                       2.85831
xmux_cmis.xrc.21                       3.27747
mp_cm                                  1.85749
xmux_cmis.xrlp.11                      1.88002
xmux_cmis.xrlp.21                      2.81324
mn_cm                                  2.83577
xmux_cmis.xrln.11                      2.83577
xmux_cmis.xrln.21                      2.83578
xmux_cmis.ibias                        1.19908
xmux_cmis.xrref.11                     1.21102
xmux_cmis.xrref.21                     3.28807
xmux_cmis.sa                           1.24008
xmux_cmis.sb                           1.85749
xmux_cmis.tail                        0.644457
outp_cmis                              2.80114
xcmis.tail                             1.20909
outn_cmis                              3.29998
ib_cmis                                1.26269
vd_cmis                               0.498837
xmux_vlo.top                           2.83578
xmux_vlo.xrc.11                        2.85831
xmux_vlo.xrc.21                        3.27747
mp_vlo                                 1.85749
xmux_vlo.xrlp.11                       1.88002
xmux_vlo.xrlp.21                       2.81324
mn_vlo                                 2.83577
xmux_vlo.xrln.11                       2.83577
xmux_vlo.xrln.21                       2.83578
xmux_vlo.ibias                         1.19908
xmux_vlo.xrref.11                      1.21102
xmux_vlo.xrref.21                      3.28807
xmux_vlo.sa                            1.24008
xmux_vlo.sb                            1.85749
xmux_vlo.tail                         0.644457
outp_vlo                               2.47146
xvlo.tail                              1.19419
outn_vlo                               2.96997
ib_vlo                                 1.26269
xmux_vhi.top                           2.83578
xmux_vhi.xrc.11                        2.85831
xmux_vhi.xrc.21                        3.27747
mp_vhi                                 1.85749
xmux_vhi.xrlp.11                       1.88002
xmux_vhi.xrlp.21                       2.81324
mn_vhi                                 2.83577
xmux_vhi.xrln.11                       2.83577
xmux_vhi.xrln.21                       2.83578
xmux_vhi.ibias                         1.19908
xmux_vhi.xrref.11                      1.21102
xmux_vhi.xrref.21                      3.28807
xmux_vhi.sa                            1.24008
xmux_vhi.sb                            1.85749
xmux_vhi.tail                         0.644457
outp_vhi                               3.13084
xvhi.tail                              1.22297
outn_vhi                               3.62998
ib_vhi                                 1.26269
xmux_z.top                             2.83578
xmux_z.xrc.11                          2.85831
xmux_z.xrc.21                          3.27747
mp_z                                   1.85749
xmux_z.xrlp.11                         1.88002
xmux_z.xrlp.21                         2.81324
mn_z                                   2.83577
xmux_z.xrln.11                         2.83577
xmux_z.xrln.21                         2.83578
xmux_z.ibias                           1.19908
xmux_z.xrref.11                        1.21102
xmux_z.xrref.21                        3.28807
xmux_z.sa                              1.24008
xmux_z.sb                              2.21602
xmux_z.tail                           0.644457
outp_z                                 2.80114
xz.tail                                1.20909
vss_z                                        0
outn_z                                 3.29998
ib_z                                   1.26269
vmuxz                                 0.978286
emuxz#branch                                 0
ediff_cmis#branch                            0
ediff_c2#branch                              0
emuxref#branch                               0
ediff_c1#branch                              0
ediff_c0#branch                              0
eckref#branch                                0
vsens_z#branch                       0.0104776
vwinc#branch                                 0
vwin#branch                                  0
vclknz#branch                                0
vclkpz#branch                                0
vd0nz#branch                                 0
vd0pz#branch                                 0
vd1n#branch                                  0
vd1p#branch                                  0
vd0n#branch                                  0
vd0p#branch                                  0
vclkn#branch                                 0
vclkp#branch                                 0
vavcchi#branch                     -0.00998352
vavcclo#branch                     -0.00997122
vavcc#branch                         -0.049888
vvdd#branch                         -0.0553208

 Reference value :  1.46560e-09
 Reference value :  3.70401e-09
 Reference value :  3.90265e-09
 Reference value :  5.73499e-09
 Reference value :  7.44835e-09
 Reference value :  7.57722e-09
 Reference value :  9.10328e-09
 Reference value :  1.11168e-08
 Reference value :  1.13193e-08
 Reference value :  1.32851e-08
 Reference value :  1.42451e-08
 Reference value :  1.48372e-08
 Reference value :  1.49648e-08
 Reference value :  1.53104e-08
 Reference value :  1.68304e-08
 Reference value :  1.77504e-08
 Reference value :  1.85315e-08
 Reference value :  1.86486e-08
 Reference value :  1.86853e-08
 Reference value :  1.88003e-08
 Reference value :  1.88926e-08
 Reference value :  1.99126e-08
 Reference value :  2.05126e-08
 Reference value :  2.22585e-08
 Reference value :  2.24585e-08
 Reference value :  2.45585e-08
 Reference value :  2.59809e-08
 Reference value :  2.64192e-08
 Reference value :  2.79992e-08
 Reference value :  2.96420e-08
 Reference value :  2.98351e-08
 Reference value :  3.11716e-08
 Reference value :  3.28116e-08
 Reference value :  3.33660e-08
 Reference value :  3.34904e-08
 Reference value :  3.41802e-08
 Reference value :  3.53402e-08
 Reference value :  3.66202e-08
 Reference value :  3.71171e-08
 Reference value :  3.71353e-08
 Reference value :  3.77784e-08
 Reference value :  3.96297e-08
 Reference value :  4.08266e-08
 Reference value :  4.12520e-08
 Reference value :  4.33340e-08
 Reference value :  4.44918e-08
 Reference value :  4.48558e-08
 Reference value :  4.66923e-08
 Reference value :  4.81955e-08
 Reference value :  4.85595e-08
 Reference value :  5.03960e-08
 Reference value :  5.18950e-08
 Reference value :  5.20768e-08
 Reference value :  5.36397e-08
 Reference value :  5.55012e-08
 Reference value :  5.57337e-08
 Reference value :  5.70834e-08
 Reference value :  5.88353e-08
 Reference value :  5.94107e-08
 Reference value :  6.06007e-08
No. of Data Rows : 4426
m_ui_ref            =  3.70370e-09 targ=  3.71120e-08 trig=  3.34083e-08
m_spa_in            =  1.48148e-08 targ=  4.82231e-08 trig=  3.34083e-08
m_spb_in            =  1.11111e-08 targ=  4.45194e-08 trig=  3.34083e-08
m_spa_c0            =  1.48148e-08 targ=  4.82992e-08 trig=  3.34843e-08
m_spb_c0            =  1.11111e-08 targ=  4.45955e-08 trig=  3.34843e-08
m_trise_c0          =  -7.36620e-09 targ=  2.97907e-08 trig=  3.71569e-08
m_tfall_c0          =  7.47838e-09 targ=  4.09315e-08 trig=  3.34531e-08
m_spa_c1            =  1.48148e-08 targ=  4.83382e-08 trig=  3.35234e-08
m_spb_c1            =  1.11111e-08 targ=  4.46345e-08 trig=  3.35234e-08
m_trise_c1          =  1.39235e-10 targ=  3.73164e-08 trig=  3.71771e-08
m_tfall_c1          =  1.39144e-10 targ=  4.10200e-08 trig=  4.08809e-08
m_spa_mux           =  1.48148e-08 targ=  4.82913e-08 trig=  3.34765e-08
m_spb_mux           =  1.11111e-08 targ=  4.45876e-08 trig=  3.34765e-08
m_spa_c2            =  1.48148e-08 targ=  4.83713e-08 trig=  3.35565e-08
m_spb_c2            =  1.11111e-08 targ=  4.46676e-08 trig=  3.35565e-08
m_trise_c2          =  2.40601e-10 targ=  3.74284e-08 trig=  3.71878e-08
m_tfall_c2          =  2.40170e-10 targ=  4.11317e-08 trig=  4.08915e-08
m_spa_cmis          =  1.48148e-08 targ=  4.83523e-08 trig=  3.35374e-08
m_spb_cmis          =  1.11101e-08 targ=  4.46476e-08 trig=  3.35374e-08
m_dj_ui_c0 = 5.3999995684e-06
m_swing_c0 = 5.0001216646e-01
m_vpp_c0 = 5.1138037618e-01
m_vcm_c0 = 3.0499850007e+00
m_dj_ui_c1 = 8.0999993519e-06
m_swing_c1 = 5.0004345869e-01
m_vpp_c1 = 5.0428181546e-01
m_vcm_c1 = 3.0499710034e+00
m_dj_ui_mux = 5.3999995684e-06
m_dj_ui_drv_c1 = 2.6999997844e-06
m_dj_ui_c2 = 8.0999993519e-06
m_swing_c2 = 4.9994529087e-01
m_vpp_c2 = 5.0258173427e-01
m_vcm_c2 = 3.0500117731e+00
m_dj_ui_cmis = 2.7269997818e-04
m_swing_cmis = 4.9994212331e-01
m_swing_avcclo = 4.9970877021e-01
m_vcm_avcclo = 2.7201353376e+00
m_swing_avcchi = 5.0034814283e-01
m_vcm_avcchi = 3.3798207137e+00
m_vgs_sw_max = 1.6276287648e+00
m_vgd_sw_max = 1.7941965252e+00
m_vds_sw_max = 2.4248311376e+00
m_vgs_tail_max = 1.2697131746e+00
m_vds_tail_max = 1.2909268811e+00
m_vmux_dc = 9.7828578771e-01
m_swing_dc = 4.9883723121e-01
m_vcm_dc = 3.0505598796e+00
m_ioff_dc = 4.3009669466e-07
m_itail_dc = 9.9776048175e-03
m_icell_dc = 1.0477604818e-02
Note: Simulation executed from .control section 

