
Note: No compatibility mode selected!


Circuit: * cml-driver-eye-realmux @ ss_-40c_3.63v_742p5mbps -- generated by sim/harness, do not edit

Doing analysis at TEMP = -40.000000 and TNOM = 27.000000

Using SPARSE 1.3 as Direct Linear Solver

Initial Transient Solution
--------------------------

Node                                   Voltage
----                                   -------
vdd                                       3.63
avcc                                       3.3
avcclo                                    2.97
avcchi                                    3.63
clkp                                     2.178
clkn                                     1.089
d0p                                     3.0855
d0n                                     1.9965
d1p                                     3.0855
d1n                                     1.9965
d0pz                                    3.0855
d0nz                                    1.9965
clkpz                                    2.178
clknz                                    1.089
ckref                                    1.089
win                                          0
winc                                         0
xmux_c0.top                            3.09066
xmux_c0.xrc.11                           3.119
xmux_c0.xrc.21                         3.60165
mp_c0                                  2.00308
xmux_c0.xrlp.11                        2.03143
xmux_c0.xrlp.21                        3.06231
mn_c0                                  3.09066
xmux_c0.xrln.11                        3.09066
xmux_c0.xrln.21                        3.09066
xmux_c0.ibias                          1.23435
xmux_c0.xrref.11                        1.2492
xmux_c0.xrref.21                       3.61515
xmux_c0.sa                               1.468
xmux_c0.sb                             2.00308
xmux_c0.tail                            0.7948
outp_c0                                2.79601
xc0.tail                               1.46235
outn_c0                                    3.3
ib_c0                                  1.26321
vd_c0                                 0.503988
xmux_c1.top                            3.09066
xmux_c1.xrc.11                           3.119
xmux_c1.xrc.21                         3.60165
mp_c1                                  2.00308
xmux_c1.xrlp.11                        2.03143
xmux_c1.xrlp.21                        3.06231
mn_c1                                  3.09066
xmux_c1.xrln.11                        3.09066
xmux_c1.xrln.21                        3.09066
xmux_c1.ibias                          1.23435
xmux_c1.xrref.11                        1.2492
xmux_c1.xrref.21                       3.61515
xmux_c1.sa                               1.468
xmux_c1.sb                             2.00308
xmux_c1.tail                            0.7948
outp_c1                                2.79601
xc1.tail                               1.46235
outn_c1                                    3.3
ib_c1                                  1.26321
vd_c1                                 0.503988
muxref                                 1.08757
xmux_c2.top                            3.09066
xmux_c2.xrc.11                           3.119
xmux_c2.xrc.21                         3.60165
mp_c2                                  2.00308
xmux_c2.xrlp.11                        2.03143
xmux_c2.xrlp.21                        3.06231
mn_c2                                  3.09066
xmux_c2.xrln.11                        3.09066
xmux_c2.xrln.21                        3.09066
xmux_c2.ibias                          1.23435
xmux_c2.xrref.11                        1.2492
xmux_c2.xrref.21                       3.61515
xmux_c2.sa                               1.468
xmux_c2.sb                             2.00308
xmux_c2.tail                            0.7948
outp_c2                                2.79601
xc2.tail                               1.46235
outn_c2                                    3.3
ib_c2                                  1.26321
vd_c2                                 0.503988
xmux_cmis.top                          3.09066
xmux_cmis.xrc.11                         3.119
xmux_cmis.xrc.21                       3.60165
mp_cm                                  2.00308
xmux_cmis.xrlp.11                      2.03143
xmux_cmis.xrlp.21                      3.06231
mn_cm                                  3.09066
xmux_cmis.xrln.11                      3.09066
xmux_cmis.xrln.21                      3.09066
xmux_cmis.ibias                        1.23435
xmux_cmis.xrref.11                      1.2492
xmux_cmis.xrref.21                     3.61515
xmux_cmis.sa                             1.468
xmux_cmis.sb                           2.00308
xmux_cmis.tail                          0.7948
outp_cmis                              2.79601
xcmis.tail                             1.46235
outn_cmis                                  3.3
ib_cmis                                1.26321
vd_cmis                               0.503988
xmux_vlo.top                           3.09066
xmux_vlo.xrc.11                          3.119
xmux_vlo.xrc.21                        3.60165
mp_vlo                                 2.00308
xmux_vlo.xrlp.11                       2.03143
xmux_vlo.xrlp.21                       3.06231
mn_vlo                                 3.09066
xmux_vlo.xrln.11                       3.09066
xmux_vlo.xrln.21                       3.09066
xmux_vlo.ibias                         1.23435
xmux_vlo.xrref.11                       1.2492
xmux_vlo.xrref.21                      3.61515
xmux_vlo.sa                              1.468
xmux_vlo.sb                            2.00308
xmux_vlo.tail                           0.7948
outp_vlo                               2.46632
xvlo.tail                              1.44638
outn_vlo                                  2.97
ib_vlo                                 1.26321
xmux_vhi.top                           3.09066
xmux_vhi.xrc.11                          3.119
xmux_vhi.xrc.21                        3.60165
mp_vhi                                 2.00308
xmux_vhi.xrlp.11                       2.03143
xmux_vhi.xrlp.21                       3.06231
mn_vhi                                 3.09066
xmux_vhi.xrln.11                       3.09066
xmux_vhi.xrln.21                       3.09066
xmux_vhi.ibias                         1.23435
xmux_vhi.xrref.11                       1.2492
xmux_vhi.xrref.21                      3.61515
xmux_vhi.sa                              1.468
xmux_vhi.sb                            2.00308
xmux_vhi.tail                           0.7948
outp_vhi                               3.12573
xvhi.tail                              1.47696
outn_vhi                                  3.63
ib_vhi                                 1.26321
xmux_z.top                             3.09066
xmux_z.xrc.11                            3.119
xmux_z.xrc.21                          3.60165
mp_z                                   2.00308
xmux_z.xrlp.11                         2.03143
xmux_z.xrlp.21                         3.06231
mn_z                                   3.09066
xmux_z.xrln.11                         3.09066
xmux_z.xrln.21                         3.09066
xmux_z.ibias                           1.23435
xmux_z.xrref.11                         1.2492
xmux_z.xrref.21                        3.61515
xmux_z.sa                                1.468
xmux_z.sb                              2.44132
xmux_z.tail                             0.7948
outp_z                                 2.79601
xz.tail                                1.46235
vss_z                                        0
outn_z                                     3.3
ib_z                                   1.26321
vmuxz                                  1.08757
emuxz#branch                                 0
ediff_cmis#branch                            0
ediff_c2#branch                              0
emuxref#branch                               0
ediff_c1#branch                              0
ediff_c0#branch                              0
eckref#branch                                0
vsens_z#branch                       0.0105798
vwinc#branch                                 0
vwin#branch                                  0
vclknz#branch                                0
vclkpz#branch                                0
vd0nz#branch                                 0
vd0pz#branch                                 0
vd1n#branch                                  0
vd1p#branch                                  0
vd0n#branch                                  0
vd0p#branch                                  0
vclkn#branch                                 0
vclkp#branch                                 0
vavcchi#branch                      -0.0100853
vavcclo#branch                      -0.0100736
vavcc#branch                        -0.0503988
vvdd#branch                         -0.0631003

 Reference value :  0.00000e+00
 Reference value :  3.20000e-12
 Reference value :  6.56000e-11
 Reference value :  1.25600e-10
 Reference value :  2.05600e-10
 Reference value :  2.85600e-10
 Reference value :  3.65600e-10
 Reference value :  4.25600e-10
 Reference value :  5.05600e-10
 Reference value :  5.85600e-10
 Reference value :  6.45600e-10
 Reference value :  7.45600e-10
 Reference value :  8.45600e-10
 Reference value :  9.25600e-10
 Reference value :  9.85600e-10
 Reference value :  1.04560e-09
 Reference value :  1.10560e-09
 Reference value :  1.20560e-09
 Reference value :  1.32560e-09
 Reference value :  1.34681e-09
 Reference value :  1.34697e-09
 Reference value :  1.34825e-09
 Reference value :  1.35363e-09
 Reference value :  1.35800e-09
 Reference value :  1.36325e-09
 Reference value :  1.37242e-09
 Reference value :  1.37728e-09
 Reference value :  1.38427e-09
 Reference value :  1.38745e-09
 Reference value :  1.39317e-09
 Reference value :  1.39929e-09
 Reference value :  1.40664e-09
 Reference value :  1.41278e-09
 Reference value :  1.42274e-09
 Reference value :  1.42915e-09
 Reference value :  1.43413e-09
 Reference value :  1.43898e-09
 Reference value :  1.44691e-09
 Reference value :  1.45640e-09
 Reference value :  1.46278e-09
 Reference value :  1.46561e-09
 Reference value :  1.47471e-09
 Reference value :  1.48497e-09
 Reference value :  1.49462e-09
 Reference value :  1.49681e-09
 Reference value :  1.49697e-09
 Reference value :  1.49825e-09
 Reference value :  1.50327e-09
 Reference value :  1.50924e-09
 Reference value :  1.51710e-09
 Reference value :  1.52628e-09
 Reference value :  1.53249e-09
 Reference value :  1.53946e-09
 Reference value :  1.54608e-09
 Reference value :  1.55853e-09
 Reference value :  1.58436e-09
 Reference value :  1.61433e-09
 Reference value :  1.66447e-09
 Reference value :  1.72447e-09
 Reference value :  1.78447e-09
 Reference value :  1.86447e-09
 Reference value :  1.94447e-09
 Reference value :  2.00447e-09
 Reference value :  2.10447e-09
 Reference value :  2.20447e-09
 Reference value :  2.32447e-09
 Reference value :  2.42447e-09
 Reference value :  2.54447e-09
 Reference value :  2.64447e-09
 Reference value :  2.69362e-09
 Reference value :  2.69383e-09
 Reference value :  2.69551e-09
 Reference value :  2.69866e-09
 Reference value :  2.70476e-09
 Reference value :  2.71322e-09
 Reference value :  2.72262e-09
 Reference value :  2.73626e-09
 Reference value :  2.74219e-09
 Reference value :  2.75236e-09
 Reference value :  2.75853e-09
 Reference value :  2.76480e-09
 Reference value :  2.77494e-09
 Reference value :  2.78070e-09
 Reference value :  2.78562e-09
 Reference value :  2.79364e-09
 Reference value :  2.80316e-09
 Reference value :  2.80953e-09
 Reference value :  2.81544e-09
 Reference value :  2.82490e-09
 Reference value :  2.83557e-09
 Reference value :  2.84360e-09
 Reference value :  2.84364e-09
 Reference value :  2.84396e-09
 Reference value :  2.84651e-09
 Reference value :  2.85189e-09
 Reference value :  2.86095e-09
 Reference value :  2.87010e-09
 Reference value :  2.87921e-09
 Reference value :  2.89264e-09
 Reference value :  2.90540e-09
 Reference value :  2.92389e-09
 Reference value :  2.94766e-09
 Reference value :  2.97564e-09
 Reference value :  3.03149e-09
 Reference value :  3.09149e-09
 Reference value :  3.17149e-09
 Reference value :  3.23149e-09
 Reference value :  3.31149e-09
 Reference value :  3.41149e-09
 Reference value :  3.51149e-09
 Reference value :  3.59149e-09
 Reference value :  3.67149e-09
 Reference value :  3.77149e-09
 Reference value :  3.87149e-09
 Reference value :  3.97149e-09
 Reference value :  4.04040e-09
 Reference value :  4.04045e-09
 Reference value :  4.04087e-09
 Reference value :  4.04394e-09
 Reference value :  4.04710e-09
 Reference value :  4.05418e-09
 Reference value :  4.06343e-09
 Reference value :  4.06937e-09
 Reference value :  4.08001e-09
 Reference value :  4.08588e-09
 Reference value :  4.09194e-09
 Reference value :  4.09914e-09
 Reference value :  4.10836e-09
 Reference value :  4.11826e-09
 Reference value :  4.12748e-09
 Reference value :  4.13241e-09
 Reference value :  4.14043e-09
 Reference value :  4.15334e-09
 Reference value :  4.15917e-09
 Reference value :  4.17168e-09
 Reference value :  4.18235e-09
 Reference value :  4.19040e-09
 Reference value :  4.19044e-09
 Reference value :  4.19185e-09
 Reference value :  4.19687e-09
 Reference value :  4.20284e-09
 Reference value :  4.21070e-09
 Reference value :  4.22285e-09
 Reference value :  4.23299e-09
 Reference value :  4.23942e-09
 Reference value :  4.25793e-09
 Reference value :  4.28616e-09
 Reference value :  4.32227e-09
 Reference value :  4.39810e-09
 Reference value :  4.43810e-09
 Reference value :  4.51810e-09
 Reference value :  4.57810e-09
 Reference value :  4.63810e-09
 Reference value :  4.73810e-09
 Reference value :  4.81810e-09
 Reference value :  4.87810e-09
 Reference value :  4.95810e-09
 Reference value :  5.03810e-09
 Reference value :  5.11810e-09
 Reference value :  5.19810e-09
 Reference value :  5.27810e-09
 Reference value :  5.33810e-09
 Reference value :  5.38722e-09
 Reference value :  5.38743e-09
 Reference value :  5.38911e-09
 Reference value :  5.39227e-09
 Reference value :  5.39618e-09
 Reference value :  5.40362e-09
 Reference value :  5.41363e-09
 Reference value :  5.41939e-09
 Reference value :  5.42984e-09
 Reference value :  5.43576e-09
 Reference value :  5.44594e-09
 Reference value :  5.45211e-09
 Reference value :  5.45838e-09
 Reference value :  5.46852e-09
 Reference value :  5.47428e-09
 Reference value :  5.47921e-09
 Reference value :  5.48436e-09
 Reference value :  5.49023e-09
 Reference value :  5.49674e-09
 Reference value :  5.50312e-09
 Reference value :  5.50903e-09
 Reference value :  5.51848e-09
 Reference value :  5.52915e-09
 Reference value :  5.53509e-09
 Reference value :  5.53722e-09
 Reference value :  5.53756e-09
 Reference value :  5.54180e-09
 Reference value :  5.54549e-09
 Reference value :  5.55455e-09
 Reference value :  5.56370e-09
 Reference value :  5.57281e-09
 Reference value :  5.58330e-09
 Reference value :  5.58946e-09
 Reference value :  5.59899e-09
 Reference value :  5.61746e-09
 Reference value :  5.63296e-09
 Reference value :  5.65447e-09
 Reference value :  5.68678e-09
 Reference value :  5.74490e-09
 Reference value :  5.80490e-09
 Reference value :  5.86490e-09
 Reference value :  5.96490e-09
 Reference value :  6.06490e-09
 Reference value :  6.14490e-09
 Reference value :  6.24490e-09
 Reference value :  6.34490e-09
 Reference value :  6.42490e-09
 Reference value :  6.54490e-09
 Reference value :  6.64490e-09
 Reference value :  6.73401e-09
 Reference value :  6.73411e-09
 Reference value :  6.73495e-09
 Reference value :  6.73907e-09
 Reference value :  6.74778e-09
 Reference value :  6.75703e-09
 Reference value :  6.76297e-09
 Reference value :  6.77361e-09
 Reference value :  6.77948e-09
 Reference value :  6.78919e-09
 Reference value :  6.79560e-09
 Reference value :  6.80518e-09
 Reference value :  6.81187e-09
 Reference value :  6.81853e-09
 Reference value :  6.82343e-09
 Reference value :  6.83403e-09
 Reference value :  6.84695e-09
 Reference value :  6.85277e-09
 Reference value :  6.86196e-09
 Reference value :  6.87227e-09
 Reference value :  6.88189e-09
 Reference value :  6.88402e-09
 Reference value :  6.88436e-09
 Reference value :  6.88691e-09
 Reference value :  6.89229e-09
 Reference value :  6.90135e-09
 Reference value :  6.91050e-09
 Reference value :  6.91961e-09
 Reference value :  6.93010e-09
 Reference value :  6.94124e-09
 Reference value :  6.96426e-09
 Reference value :  6.98793e-09
 Reference value :  7.01586e-09
 Reference value :  7.07170e-09
 Reference value :  7.11170e-09
 Reference value :  7.19170e-09
 Reference value :  7.29170e-09
 Reference value :  7.37170e-09
 Reference value :  7.45170e-09
 Reference value :  7.55170e-09
 Reference value :  7.63170e-09
 Reference value :  7.71170e-09
 Reference value :  7.81170e-09
 Reference value :  7.91170e-09
 Reference value :  7.99170e-09
 Reference value :  8.08081e-09
 Reference value :  8.08091e-09
 Reference value :  8.08176e-09
 Reference value :  8.08434e-09
 Reference value :  8.08587e-09
 Reference value :  8.09196e-09
 Reference value :  8.10383e-09
 Reference value :  8.10978e-09
 Reference value :  8.12041e-09
 Reference value :  8.12344e-09
 Reference value :  8.12937e-09
 Reference value :  8.13954e-09
 Reference value :  8.14876e-09
 Reference value :  8.15540e-09
 Reference value :  8.16533e-09
 Reference value :  8.17024e-09
 Reference value :  8.18083e-09
 Reference value :  8.19375e-09
 Reference value :  8.19957e-09
 Reference value :  8.21209e-09
 Reference value :  8.22657e-09
 Reference value :  8.23082e-09
 Reference value :  8.23098e-09
 Reference value :  8.23226e-09
 Reference value :  8.23540e-09
 Reference value :  8.24116e-09
 Reference value :  8.24815e-09
 Reference value :  8.25730e-09
 Reference value :  8.26641e-09
 Reference value :  8.27982e-09
 Reference value :  8.29259e-09
 Reference value :  8.31881e-09
 Reference value :  8.33473e-09
 Reference value :  8.36267e-09
 Reference value :  8.41850e-09
 Reference value :  8.47850e-09
 Reference value :  8.57850e-09
 Reference value :  8.67850e-09
 Reference value :  8.77850e-09
 Reference value :  8.85850e-09
 Reference value :  8.95850e-09
 Reference value :  9.05850e-09
 Reference value :  9.15850e-09
 Reference value :  9.23850e-09
 Reference value :  9.33850e-09
 Reference value :  9.41305e-09
 Reference value :  9.42762e-09
 Reference value :  9.42808e-09
 Reference value :  9.43114e-09
 Reference value :  9.43430e-09
 Reference value :  9.44139e-09
 Reference value :  9.44721e-09
 Reference value :  9.45404e-09
 Reference value :  9.45980e-09
 Reference value :  9.47025e-09
 Reference value :  9.47617e-09
 Reference value :  9.48279e-09
 Reference value :  9.48634e-09
 Reference value :  9.49252e-09
 Reference value :  9.49878e-09
 Reference value :  9.50892e-09
 Reference value :  9.51468e-09
 Reference value :  9.51961e-09
 Reference value :  9.52763e-09
 Reference value :  9.54055e-09
 Reference value :  9.54637e-09
 Reference value :  9.55889e-09
 Reference value :  9.57337e-09
 Reference value :  9.57762e-09
 Reference value :  9.57833e-09
 Reference value :  9.58220e-09
 Reference value :  9.58796e-09
 Reference value :  9.59496e-09
 Reference value :  9.60410e-09
 Reference value :  9.61321e-09
 Reference value :  9.62370e-09
 Reference value :  9.62986e-09
 Reference value :  9.63939e-09
 Reference value :  9.65786e-09
 Reference value :  9.67337e-09
 Reference value :  9.69487e-09
 Reference value :  9.74530e-09
 Reference value :  9.80530e-09
 Reference value :  9.86530e-09
 Reference value :  9.94530e-09
 Reference value :  1.00053e-08
 Reference value :  1.00853e-08
 Reference value :  1.01653e-08
 Reference value :  1.02653e-08
 Reference value :  1.03653e-08
 Reference value :  1.04653e-08
 Reference value :  1.05453e-08
 Reference value :  1.06453e-08
 Reference value :  1.07253e-08
 Reference value :  1.07744e-08
 Reference value :  1.07749e-08
 Reference value :  1.07782e-08
 Reference value :  1.07875e-08
 Reference value :  1.07956e-08
 Reference value :  1.08049e-08
 Reference value :  1.08122e-08
 Reference value :  1.08182e-08
 Reference value :  1.08273e-08
 Reference value :  1.08337e-08
 Reference value :  1.08428e-08
 Reference value :  1.08528e-08
 Reference value :  1.08589e-08
 Reference value :  1.08632e-08
 Reference value :  1.08707e-08
 Reference value :  1.08796e-08
 Reference value :  1.08866e-08
 Reference value :  1.08971e-08
 Reference value :  1.09032e-08
 Reference value :  1.09158e-08
 Reference value :  1.09244e-08
 Reference value :  1.09244e-08
 Reference value :  1.09246e-08
 Reference value :  1.09259e-08
 Reference value :  1.09292e-08
 Reference value :  1.09329e-08
 Reference value :  1.09396e-08
 Reference value :  1.09451e-08
 Reference value :  1.09521e-08
 Reference value :  1.09595e-08
 Reference value :  1.09670e-08
 Reference value :  1.09744e-08
 Reference value :  1.09745e-08
 Reference value :  1.09768e-08
 Reference value :  1.09837e-08
 Reference value :  1.09959e-08
 Reference value :  1.10110e-08
 Reference value :  1.10241e-08
 Reference value :  1.10459e-08
 Reference value :  1.10746e-08
 Reference value :  1.11016e-08
 Reference value :  1.11551e-08
 Reference value :  1.12151e-08
 Reference value :  1.12551e-08
 Reference value :  1.13151e-08
 Reference value :  1.13951e-08
 Reference value :  1.14951e-08
 Reference value :  1.16151e-08
 Reference value :  1.17351e-08
 Reference value :  1.18351e-08
 Reference value :  1.19351e-08
 Reference value :  1.20551e-08
 Reference value :  1.21212e-08
 Reference value :  1.21213e-08
 Reference value :  1.21220e-08
 Reference value :  1.21264e-08
 Reference value :  1.21330e-08
 Reference value :  1.21452e-08
 Reference value :  1.21609e-08
 Reference value :  1.21666e-08
 Reference value :  1.21798e-08
 Reference value :  1.21890e-08
 Reference value :  1.21988e-08
 Reference value :  1.22014e-08
 Reference value :  1.22068e-08
 Reference value :  1.22117e-08
 Reference value :  1.22161e-08
 Reference value :  1.22235e-08
 Reference value :  1.22332e-08
 Reference value :  1.22459e-08
 Reference value :  1.22551e-08
 Reference value :  1.22685e-08
 Reference value :  1.22712e-08
 Reference value :  1.22728e-08
 Reference value :  1.22798e-08
 Reference value :  1.22890e-08
 Reference value :  1.22982e-08
 Reference value :  1.23076e-08
 Reference value :  1.23144e-08
 Reference value :  1.23306e-08
 Reference value :  1.23503e-08
 Reference value :  1.23770e-08
 Reference value :  1.24178e-08
 Reference value :  1.24803e-08
 Reference value :  1.25601e-08
 Reference value :  1.26401e-08
 Reference value :  1.27201e-08
 Reference value :  1.27801e-08
 Reference value :  1.28601e-08
 Reference value :  1.29401e-08
 Reference value :  1.30401e-08
 Reference value :  1.31201e-08
 Reference value :  1.32201e-08
 Reference value :  1.33401e-08
 Reference value :  1.34401e-08
 Reference value :  1.34680e-08
 Reference value :  1.34685e-08
 Reference value :  1.34716e-08
 Reference value :  1.34776e-08
 Reference value :  1.34855e-08
 Reference value :  1.34925e-08
 Reference value :  1.35007e-08
 Reference value :  1.35080e-08
 Reference value :  1.35137e-08
 Reference value :  1.35236e-08
 Reference value :  1.35299e-08
 Reference value :  1.35434e-08
 Reference value :  1.35486e-08
 Reference value :  1.35566e-08
 Reference value :  1.35611e-08
 Reference value :  1.35709e-08
 Reference value :  1.35840e-08
 Reference value :  1.35962e-08
 Reference value :  1.36095e-08
 Reference value :  1.36180e-08
 Reference value :  1.36187e-08
 Reference value :  1.36245e-08
 Reference value :  1.36305e-08
 Reference value :  1.36414e-08
 Reference value :  1.36477e-08
 Reference value :  1.36574e-08
 Reference value :  1.36684e-08
 Reference value :  1.36815e-08
 Reference value :  1.36966e-08
 Reference value :  1.37155e-08
 Reference value :  1.37374e-08
 Reference value :  1.37384e-08
 Reference value :  1.37394e-08
 Reference value :  1.37694e-08
 Reference value :  1.38162e-08
 Reference value :  1.38722e-08
 Reference value :  1.38733e-08
 Reference value :  1.38819e-08
 Reference value :  1.39488e-08
 Reference value :  1.40088e-08
 Reference value :  1.40888e-08
 Reference value :  1.41888e-08
 Reference value :  1.42688e-08
 Reference value :  1.43488e-08
 Reference value :  1.44108e-08
 Reference value :  1.44118e-08
 Reference value :  1.44139e-08
 Reference value :  1.44475e-08
 Reference value :  1.45275e-08
 Reference value :  1.46075e-08
 Reference value :  1.46875e-08
 Reference value :  1.47875e-08
 Reference value :  1.48148e-08
 Reference value :  1.48150e-08
 Reference value :  1.48157e-08
 Reference value :  1.48201e-08
 Reference value :  1.48268e-08
 Reference value :  1.48353e-08
 Reference value :  1.48473e-08
 Reference value :  1.48547e-08
 Reference value :  1.48604e-08
 Reference value :  1.48702e-08
 Reference value :  1.48765e-08
 Reference value :  1.48866e-08
 Reference value :  1.48927e-08
 Reference value :  1.49006e-08
 Reference value :  1.49056e-08
 Reference value :  1.49099e-08
 Reference value :  1.49174e-08
 Reference value :  1.49270e-08
 Reference value :  1.49367e-08
 Reference value :  1.49457e-08
 Reference value :  1.49596e-08
 Reference value :  1.49648e-08
 Reference value :  1.49656e-08
 Reference value :  1.49695e-08
 Reference value :  1.49732e-08
 Reference value :  1.49774e-08
 Reference value :  1.49824e-08
 Reference value :  1.49916e-08
 Reference value :  1.50010e-08
 Reference value :  1.50154e-08
 Reference value :  1.50331e-08
 Reference value :  1.50557e-08
 Reference value :  1.50786e-08
 Reference value :  1.51106e-08
 Reference value :  1.51389e-08
 Reference value :  1.51924e-08
 Reference value :  1.52192e-08
 Reference value :  1.52199e-08
 Reference value :  1.52220e-08
 Reference value :  1.52556e-08
 Reference value :  1.53156e-08
 Reference value :  1.53756e-08
 Reference value :  1.54556e-08
 Reference value :  1.55356e-08
 Reference value :  1.56156e-08
 Reference value :  1.57156e-08
 Reference value :  1.57579e-08
 Reference value :  1.57591e-08
 Reference value :  1.57675e-08
 Reference value :  1.58343e-08
 Reference value :  1.58943e-08
 Reference value :  1.59543e-08
 Reference value :  1.60143e-08
 Reference value :  1.60943e-08
 Reference value :  1.61616e-08
 Reference value :  1.61616e-08
 Reference value :  1.61618e-08
 Reference value :  1.61625e-08
 Reference value :  1.61651e-08
 Reference value :  1.61711e-08
 Reference value :  1.61760e-08
 Reference value :  1.61821e-08
 Reference value :  1.61900e-08
 Reference value :  1.62015e-08
 Reference value :  1.62072e-08
 Reference value :  1.62170e-08
 Reference value :  1.62233e-08
 Reference value :  1.62334e-08
 Reference value :  1.62395e-08
 Reference value :  1.62447e-08
 Reference value :  1.62500e-08
 Reference value :  1.62545e-08
 Reference value :  1.62591e-08
 Reference value :  1.62703e-08
 Reference value :  1.62805e-08
 Reference value :  1.62925e-08
 Reference value :  1.63027e-08
 Reference value :  1.63116e-08
 Reference value :  1.63116e-08
 Reference value :  1.63118e-08
 Reference value :  1.63131e-08
 Reference value :  1.63182e-08
 Reference value :  1.63242e-08
 Reference value :  1.63352e-08
 Reference value :  1.63414e-08
 Reference value :  1.63546e-08
 Reference value :  1.63707e-08
 Reference value :  1.63850e-08
 Reference value :  1.63962e-08
 Reference value :  1.64094e-08
 Reference value :  1.64348e-08
 Reference value :  1.64857e-08
 Reference value :  1.65524e-08
 Reference value :  1.65663e-08
 Reference value :  1.65669e-08
 Reference value :  1.65711e-08
 Reference value :  1.66224e-08
 Reference value :  1.66824e-08
 Reference value :  1.67424e-08
 Reference value :  1.68224e-08
 Reference value :  1.68824e-08
 Reference value :  1.69424e-08
 Reference value :  1.70224e-08
 Reference value :  1.70934e-08
 Reference value :  1.71047e-08
 Reference value :  1.71056e-08
 Reference value :  1.71098e-08
 Reference value :  1.71411e-08
 Reference value :  1.72011e-08
 Reference value :  1.72811e-08
 Reference value :  1.73611e-08
 Reference value :  1.74411e-08
 Reference value :  1.75084e-08
 Reference value :  1.75085e-08
 Reference value :  1.75093e-08
 Reference value :  1.75137e-08
 Reference value :  1.75204e-08
 Reference value :  1.75327e-08
 Reference value :  1.75483e-08
 Reference value :  1.75540e-08
 Reference value :  1.75638e-08
 Reference value :  1.75701e-08
 Reference value :  1.75802e-08
 Reference value :  1.75863e-08
 Reference value :  1.75915e-08
 Reference value :  1.75968e-08
 Reference value :  1.76013e-08
 Reference value :  1.76059e-08
 Reference value :  1.76171e-08
 Reference value :  1.76303e-08
 Reference value :  1.76425e-08
 Reference value :  1.76558e-08
 Reference value :  1.76585e-08
 Reference value :  1.76599e-08
 Reference value :  1.76650e-08
 Reference value :  1.76711e-08
 Reference value :  1.76789e-08
 Reference value :  1.76852e-08
 Reference value :  1.76915e-08
 Reference value :  1.77014e-08
 Reference value :  1.77132e-08
 Reference value :  1.77268e-08
 Reference value :  1.77430e-08
 Reference value :  1.77638e-08
 Reference value :  1.77921e-08
 Reference value :  1.78325e-08
 Reference value :  1.78860e-08
 Reference value :  1.79126e-08
 Reference value :  1.79135e-08
 Reference value :  1.79156e-08
 Reference value :  1.79492e-08
 Reference value :  1.80092e-08
 Reference value :  1.80692e-08
 Reference value :  1.81492e-08
 Reference value :  1.82292e-08
 Reference value :  1.83092e-08
 Reference value :  1.83892e-08
 Reference value :  1.84512e-08
 Reference value :  1.84522e-08
 Reference value :  1.84543e-08
 Reference value :  1.84879e-08
 Reference value :  1.85879e-08
 Reference value :  1.86679e-08
 Reference value :  1.87479e-08
 Reference value :  1.88416e-08
 Reference value :  1.88553e-08
 Reference value :  1.88561e-08
 Reference value :  1.88627e-08
 Reference value :  1.88696e-08
 Reference value :  1.88836e-08
 Reference value :  1.88951e-08
 Reference value :  1.89008e-08
 Reference value :  1.89069e-08
 Reference value :  1.89140e-08
 Reference value :  1.89233e-08
 Reference value :  1.89331e-08
 Reference value :  1.89383e-08
 Reference value :  1.89460e-08
 Reference value :  1.89503e-08
 Reference value :  1.89551e-08
 Reference value :  1.89639e-08
 Reference value :  1.89741e-08
 Reference value :  1.89831e-08
 Reference value :  1.89926e-08
 Reference value :  1.90000e-08
 Reference value :  1.90052e-08
 Reference value :  1.90060e-08
 Reference value :  1.90099e-08
 Reference value :  1.90179e-08
 Reference value :  1.90288e-08
 Reference value :  1.90350e-08
 Reference value :  1.90482e-08
 Reference value :  1.90643e-08
 Reference value :  1.90786e-08
 Reference value :  1.90898e-08
 Reference value :  1.91030e-08
 Reference value :  1.91284e-08
 Reference value :  1.91510e-08
 Reference value :  1.91954e-08
 Reference value :  1.92328e-08
 Reference value :  1.92594e-08
 Reference value :  1.92603e-08
 Reference value :  1.92613e-08
 Reference value :  1.92781e-08
 Reference value :  1.93360e-08
 Reference value :  1.94160e-08
 Reference value :  1.94960e-08
 Reference value :  1.95960e-08
 Reference value :  1.97160e-08
 Reference value :  1.97870e-08
 Reference value :  1.97986e-08
 Reference value :  1.97992e-08
 Reference value :  1.98034e-08
 Reference value :  1.98347e-08
 Reference value :  1.99147e-08
 Reference value :  1.99947e-08
 Reference value :  2.00547e-08
 Reference value :  2.01147e-08
 Reference value :  2.02020e-08
 Reference value :  2.02021e-08
 Reference value :  2.02024e-08
 Reference value :  2.02073e-08
 Reference value :  2.02140e-08
 Reference value :  2.02194e-08
 Reference value :  2.02305e-08
 Reference value :  2.02419e-08
 Reference value :  2.02476e-08
 Reference value :  2.02574e-08
 Reference value :  2.02637e-08
 Reference value :  2.02772e-08
 Reference value :  2.02824e-08
 Reference value :  2.02904e-08
 Reference value :  2.02949e-08
 Reference value :  2.03019e-08
 Reference value :  2.03142e-08
 Reference value :  2.03209e-08
 Reference value :  2.03299e-08
 Reference value :  2.03394e-08
 Reference value :  2.03494e-08
 Reference value :  2.03520e-08
 Reference value :  2.03524e-08
 Reference value :  2.03550e-08
 Reference value :  2.03586e-08
 Reference value :  2.03647e-08
 Reference value :  2.03725e-08
 Reference value :  2.03788e-08
 Reference value :  2.03851e-08
 Reference value :  2.03950e-08
 Reference value :  2.04068e-08
 Reference value :  2.04156e-08
 Reference value :  2.04308e-08
 Reference value :  2.04498e-08
 Reference value :  2.04752e-08
 Reference value :  2.05114e-08
 Reference value :  2.05599e-08
 Reference value :  2.06061e-08
 Reference value :  2.06071e-08
 Reference value :  2.06081e-08
 Reference value :  2.06249e-08
 Reference value :  2.06828e-08
 Reference value :  2.07428e-08
 Reference value :  2.08028e-08
 Reference value :  2.08828e-08
 Reference value :  2.09628e-08
 Reference value :  2.10428e-08
 Reference value :  2.11028e-08
 Reference value :  2.11449e-08
 Reference value :  2.11458e-08
 Reference value :  2.11480e-08
 Reference value :  2.12016e-08
 Reference value :  2.12796e-08
 Reference value :  2.12810e-08
 Reference value :  2.13162e-08
 Reference value :  2.14162e-08
 Reference value :  2.15162e-08
 Reference value :  2.15488e-08
 Reference value :  2.15491e-08
 Reference value :  2.15509e-08
 Reference value :  2.15526e-08
 Reference value :  2.15587e-08
 Reference value :  2.15666e-08
 Reference value :  2.15780e-08
 Reference value :  2.15893e-08
 Reference value :  2.15950e-08
 Reference value :  2.16088e-08
 Reference value :  2.16218e-08
 Reference value :  2.16272e-08
 Reference value :  2.16324e-08
 Reference value :  2.16378e-08
 Reference value :  2.16422e-08
 Reference value :  2.16521e-08
 Reference value :  2.16619e-08
 Reference value :  2.16715e-08
 Reference value :  2.16805e-08
 Reference value :  2.16871e-08
 Reference value :  2.16967e-08
 Reference value :  2.16988e-08
 Reference value :  2.16992e-08
 Reference value :  2.17017e-08
 Reference value :  2.17072e-08
 Reference value :  2.17138e-08
 Reference value :  2.17223e-08
 Reference value :  2.17285e-08
 Reference value :  2.17382e-08
 Reference value :  2.17453e-08
 Reference value :  2.17535e-08
 Reference value :  2.17623e-08
 Reference value :  2.17774e-08
 Reference value :  2.17963e-08
 Reference value :  2.18321e-08
 Reference value :  2.18723e-08
 Reference value :  2.19456e-08
 Reference value :  2.20056e-08
 Reference value :  2.20456e-08
 Reference value :  2.21056e-08
 Reference value :  2.21856e-08
 Reference value :  2.22856e-08
 Reference value :  2.23856e-08
 Reference value :  2.24856e-08
 Reference value :  2.25856e-08
 Reference value :  2.27056e-08
 Reference value :  2.28056e-08
 Reference value :  2.28806e-08
 Reference value :  2.28956e-08
 Reference value :  2.28958e-08
 Reference value :  2.28975e-08
 Reference value :  2.29032e-08
 Reference value :  2.29077e-08
 Reference value :  2.29163e-08
 Reference value :  2.29284e-08
 Reference value :  2.29358e-08
 Reference value :  2.29415e-08
 Reference value :  2.29476e-08
 Reference value :  2.29548e-08
 Reference value :  2.29610e-08
 Reference value :  2.29678e-08
 Reference value :  2.29739e-08
 Reference value :  2.29818e-08
 Reference value :  2.29868e-08
 Reference value :  2.29914e-08
 Reference value :  2.30018e-08
 Reference value :  2.30151e-08
 Reference value :  2.30272e-08
 Reference value :  2.30374e-08
 Reference value :  2.30456e-08
 Reference value :  2.30463e-08
 Reference value :  2.30521e-08
 Reference value :  2.30606e-08
 Reference value :  2.30723e-08
 Reference value :  2.30817e-08
 Reference value :  2.30960e-08
 Reference value :  2.31091e-08
 Reference value :  2.31242e-08
 Reference value :  2.31431e-08
 Reference value :  2.31684e-08
 Reference value :  2.32044e-08
 Reference value :  2.32528e-08
 Reference value :  2.33124e-08
 Reference value :  2.33724e-08
 Reference value :  2.34524e-08
 Reference value :  2.35724e-08
 Reference value :  2.36724e-08
 Reference value :  2.37724e-08
 Reference value :  2.38724e-08
 Reference value :  2.39924e-08
 Reference value :  2.40924e-08
 Reference value :  2.42124e-08
 Reference value :  2.42425e-08
 Reference value :  2.42434e-08
 Reference value :  2.42500e-08
 Reference value :  2.42570e-08
 Reference value :  2.42712e-08
 Reference value :  2.42826e-08
 Reference value :  2.42883e-08
 Reference value :  2.42983e-08
 Reference value :  2.43045e-08
 Reference value :  2.43147e-08
 Reference value :  2.43232e-08
 Reference value :  2.43313e-08
 Reference value :  2.43357e-08
 Reference value :  2.43429e-08
 Reference value :  2.43518e-08
 Reference value :  2.43649e-08
 Reference value :  2.43772e-08
 Reference value :  2.43880e-08
 Reference value :  2.43924e-08
 Reference value :  2.43925e-08
 Reference value :  2.43931e-08
 Reference value :  2.43989e-08
 Reference value :  2.44049e-08
 Reference value :  2.44159e-08
 Reference value :  2.44221e-08
 Reference value :  2.44318e-08
 Reference value :  2.44471e-08
 Reference value :  2.44606e-08
 Reference value :  2.44830e-08
 Reference value :  2.45058e-08
 Reference value :  2.45377e-08
 Reference value :  2.45820e-08
 Reference value :  2.46392e-08
 Reference value :  2.46992e-08
 Reference value :  2.47592e-08
 Reference value :  2.47992e-08
 Reference value :  2.48592e-08
 Reference value :  2.49192e-08
 Reference value :  2.49792e-08
 Reference value :  2.50392e-08
 Reference value :  2.51192e-08
 Reference value :  2.51992e-08
 Reference value :  2.52792e-08
 Reference value :  2.53792e-08
 Reference value :  2.54792e-08
 Reference value :  2.55892e-08
 Reference value :  2.55893e-08
 Reference value :  2.55902e-08
 Reference value :  2.55968e-08
 Reference value :  2.56068e-08
 Reference value :  2.56220e-08
 Reference value :  2.56323e-08
 Reference value :  2.56412e-08
 Reference value :  2.56513e-08
 Reference value :  2.56615e-08
 Reference value :  2.56700e-08
 Reference value :  2.56781e-08
 Reference value :  2.56825e-08
 Reference value :  2.56924e-08
 Reference value :  2.57056e-08
 Reference value :  2.57177e-08
 Reference value :  2.57310e-08
 Reference value :  2.57392e-08
 Reference value :  2.57399e-08
 Reference value :  2.57457e-08
 Reference value :  2.57542e-08
 Reference value :  2.57659e-08
 Reference value :  2.57753e-08
 Reference value :  2.57857e-08
 Reference value :  2.57982e-08
 Reference value :  2.58124e-08
 Reference value :  2.58298e-08
 Reference value :  2.58526e-08
 Reference value :  2.58725e-08
 Reference value :  2.58980e-08
 Reference value :  2.59288e-08
 Reference value :  2.59660e-08
 Reference value :  2.60260e-08
 Reference value :  2.60860e-08
 Reference value :  2.61460e-08
 Reference value :  2.62460e-08
 Reference value :  2.63260e-08
 Reference value :  2.64060e-08
 Reference value :  2.64860e-08
 Reference value :  2.65860e-08
 Reference value :  2.66860e-08
 Reference value :  2.67860e-08
 Reference value :  2.68860e-08
 Reference value :  2.69360e-08
 Reference value :  2.69360e-08
 Reference value :  2.69360e-08
 Reference value :  2.69360e-08
 Reference value :  2.69360e-08
 Reference value :  2.69360e-08
 Reference value :  2.69360e-08
 Reference value :  2.69360e-08
 Reference value :  2.69360e-08
 Reference value :  2.69361e-08
 Reference value :  2.69371e-08
 Reference value :  2.69393e-08
 Reference value :  2.69416e-08
 Reference value :  2.69445e-08
 Reference value :  2.69488e-08
 Reference value :  2.69514e-08
 Reference value :  2.69557e-08
 Reference value :  2.69585e-08
 Reference value :  2.69638e-08
 Reference value :  2.69698e-08
 Reference value :  2.69777e-08
 Reference value :  2.69864e-08
 Reference value :  2.69961e-08
 Reference value :  2.70057e-08
 Reference value :  2.70126e-08
 Reference value :  2.70177e-08
 Reference value :  2.70252e-08
 Reference value :  2.70291e-08
 Reference value :  2.70358e-08
 Reference value :  2.70441e-08
 Reference value :  2.70507e-08
 Reference value :  2.70563e-08
 Reference value :  2.70648e-08
 Reference value :  2.70733e-08
 Reference value :  2.70831e-08
 Reference value :  2.70861e-08
 Reference value :  2.70870e-08
 Reference value :  2.70896e-08
 Reference value :  2.70952e-08
 Reference value :  2.71019e-08
 Reference value :  2.71108e-08
 Reference value :  2.71174e-08
 Reference value :  2.71275e-08
 Reference value :  2.71387e-08
 Reference value :  2.71529e-08
 Reference value :  2.71707e-08
 Reference value :  2.71970e-08
 Reference value :  2.72412e-08
 Reference value :  2.73200e-08
 Reference value :  2.74000e-08
 Reference value :  2.74800e-08
 Reference value :  2.75800e-08
 Reference value :  2.76800e-08
 Reference value :  2.77600e-08
 Reference value :  2.78400e-08
 Reference value :  2.79400e-08
 Reference value :  2.80400e-08
 Reference value :  2.81400e-08
 Reference value :  2.82400e-08
 Reference value :  2.82828e-08
 Reference value :  2.82832e-08
 Reference value :  2.82874e-08
 Reference value :  2.82934e-08
 Reference value :  2.82986e-08
 Reference value :  2.83080e-08
 Reference value :  2.83168e-08
 Reference value :  2.83265e-08
 Reference value :  2.83355e-08
 Reference value :  2.83423e-08
 Reference value :  2.83484e-08
 Reference value :  2.83583e-08
 Reference value :  2.83679e-08
 Reference value :  2.83727e-08
 Reference value :  2.83804e-08
 Reference value :  2.83895e-08
 Reference value :  2.83993e-08
 Reference value :  2.84052e-08
 Reference value :  2.84148e-08
 Reference value :  2.84255e-08
 Reference value :  2.84328e-08
 Reference value :  2.84331e-08
 Reference value :  2.84352e-08
 Reference value :  2.84386e-08
 Reference value :  2.84445e-08
 Reference value :  2.84519e-08
 Reference value :  2.84579e-08
 Reference value :  2.84702e-08
 Reference value :  2.84771e-08
 Reference value :  2.84831e-08
 Reference value :  2.84967e-08
 Reference value :  2.85158e-08
 Reference value :  2.85429e-08
 Reference value :  2.85904e-08
 Reference value :  2.86695e-08
 Reference value :  2.87495e-08
 Reference value :  2.88295e-08
 Reference value :  2.89295e-08
 Reference value :  2.90295e-08
 Reference value :  2.91295e-08
 Reference value :  2.92295e-08
 Reference value :  2.93295e-08
 Reference value :  2.94095e-08
 Reference value :  2.94695e-08
 Reference value :  2.95295e-08
 Reference value :  2.96095e-08
 Reference value :  2.96296e-08
 Reference value :  2.96297e-08
 Reference value :  2.96303e-08
 Reference value :  2.96339e-08
 Reference value :  2.96400e-08
 Reference value :  2.96480e-08
 Reference value :  2.96541e-08
 Reference value :  2.96627e-08
 Reference value :  2.96698e-08
 Reference value :  2.96755e-08
 Reference value :  2.96854e-08
 Reference value :  2.96917e-08
 Reference value :  2.97013e-08
 Reference value :  2.97111e-08
 Reference value :  2.97162e-08
 Reference value :  2.97212e-08
 Reference value :  2.97291e-08
 Reference value :  2.97352e-08
 Reference value :  2.97449e-08
 Reference value :  2.97509e-08
 Reference value :  2.97570e-08
 Reference value :  2.97638e-08
 Reference value :  2.97709e-08
 Reference value :  2.97796e-08
 Reference value :  2.97797e-08
 Reference value :  2.97811e-08
 Reference value :  2.97879e-08
 Reference value :  2.97970e-08
 Reference value :  2.98090e-08
 Reference value :  2.98222e-08
 Reference value :  2.98319e-08
 Reference value :  2.98527e-08
 Reference value :  2.98754e-08
 Reference value :  2.99114e-08
 Reference value :  2.99473e-08
 Reference value :  2.99873e-08
 Reference value :  3.00873e-08
 Reference value :  3.01873e-08
 Reference value :  3.03073e-08
 Reference value :  3.04073e-08
 Reference value :  3.04873e-08
 Reference value :  3.05873e-08
 Reference value :  3.06873e-08
 Reference value :  3.07873e-08
 Reference value :  3.08473e-08
 Reference value :  3.09073e-08
 Reference value :  3.09619e-08
 Reference value :  3.09764e-08
 Reference value :  3.09767e-08
 Reference value :  3.09783e-08
 Reference value :  3.09815e-08
 Reference value :  3.09902e-08
 Reference value :  3.09995e-08
 Reference value :  3.10054e-08
 Reference value :  3.10160e-08
 Reference value :  3.10219e-08
 Reference value :  3.10316e-08
 Reference value :  3.10380e-08
 Reference value :  3.10476e-08
 Reference value :  3.10610e-08
 Reference value :  3.10659e-08
 Reference value :  3.10765e-08
 Reference value :  3.10894e-08
 Reference value :  3.10952e-08
 Reference value :  3.11012e-08
 Reference value :  3.11077e-08
 Reference value :  3.11184e-08
 Reference value :  3.11243e-08
 Reference value :  3.11264e-08
 Reference value :  3.11266e-08
 Reference value :  3.11279e-08
 Reference value :  3.11329e-08
 Reference value :  3.11389e-08
 Reference value :  3.11438e-08
 Reference value :  3.11529e-08
 Reference value :  3.11620e-08
 Reference value :  3.11725e-08
 Reference value :  3.11787e-08
 Reference value :  3.11882e-08
 Reference value :  3.11995e-08
 Reference value :  3.12222e-08
 Reference value :  3.12437e-08
 Reference value :  3.12941e-08
 Reference value :  3.13541e-08
 Reference value :  3.14341e-08
 Reference value :  3.15141e-08
 Reference value :  3.15941e-08
 Reference value :  3.16741e-08
 Reference value :  3.17541e-08
 Reference value :  3.18141e-08
 Reference value :  3.18941e-08
 Reference value :  3.19741e-08
 Reference value :  3.20541e-08
 Reference value :  3.21141e-08
 Reference value :  3.21941e-08
 Reference value :  3.22741e-08
 Reference value :  3.23232e-08
 Reference value :  3.23235e-08
 Reference value :  3.23242e-08
 Reference value :  3.23268e-08
 Reference value :  3.23283e-08
 Reference value :  3.23344e-08
 Reference value :  3.23428e-08
 Reference value :  3.23522e-08
 Reference value :  3.23659e-08
 Reference value :  3.23748e-08
 Reference value :  3.23820e-08
 Reference value :  3.23881e-08
 Reference value :  3.23944e-08
 Reference value :  3.24045e-08
 Reference value :  3.24103e-08
 Reference value :  3.24152e-08
 Reference value :  3.24233e-08
 Reference value :  3.24328e-08
 Reference value :  3.24391e-08
 Reference value :  3.24451e-08
 Reference value :  3.24545e-08
 Reference value :  3.24652e-08
 Reference value :  3.24732e-08
 Reference value :  3.24733e-08
 Reference value :  3.24740e-08
 Reference value :  3.24778e-08
 Reference value :  3.24815e-08
 Reference value :  3.24881e-08
 Reference value :  3.24966e-08
 Reference value :  3.25057e-08
 Reference value :  3.25158e-08
 Reference value :  3.25222e-08
 Reference value :  3.25350e-08
 Reference value :  3.25535e-08
 Reference value :  3.25690e-08
 Reference value :  3.25905e-08
 Reference value :  3.26609e-08
 Reference value :  3.27409e-08
 Reference value :  3.28609e-08
 Reference value :  3.29409e-08
 Reference value :  3.30009e-08
 Reference value :  3.30809e-08
 Reference value :  3.31609e-08
 Reference value :  3.32609e-08
 Reference value :  3.33809e-08
 Reference value :  3.35009e-08
 Reference value :  3.36209e-08
 Reference value :  3.36700e-08
 Reference value :  3.36705e-08
 Reference value :  3.36736e-08
 Reference value :  3.36767e-08
 Reference value :  3.36838e-08
 Reference value :  3.36931e-08
 Reference value :  3.36990e-08
 Reference value :  3.37127e-08
 Reference value :  3.37186e-08
 Reference value :  3.37288e-08
 Reference value :  3.37349e-08
 Reference value :  3.37446e-08
 Reference value :  3.37571e-08
 Reference value :  3.37620e-08
 Reference value :  3.37701e-08
 Reference value :  3.37796e-08
 Reference value :  3.37859e-08
 Reference value :  3.37919e-08
 Reference value :  3.38013e-08
 Reference value :  3.38120e-08
 Reference value :  3.38200e-08
 Reference value :  3.38204e-08
 Reference value :  3.38229e-08
 Reference value :  3.38283e-08
 Reference value :  3.38349e-08
 Reference value :  3.38434e-08
 Reference value :  3.38525e-08
 Reference value :  3.38590e-08
 Reference value :  3.38690e-08
 Reference value :  3.38818e-08
 Reference value :  3.39080e-08
 Reference value :  3.39373e-08
 Reference value :  3.40077e-08
 Reference value :  3.40877e-08
 Reference value :  3.41877e-08
 Reference value :  3.42877e-08
 Reference value :  3.43877e-08
 Reference value :  3.44877e-08
 Reference value :  3.45877e-08
 Reference value :  3.46877e-08
 Reference value :  3.47877e-08
 Reference value :  3.48877e-08
 Reference value :  3.49877e-08
 Reference value :  3.50169e-08
 Reference value :  3.50178e-08
 Reference value :  3.50204e-08
 Reference value :  3.50258e-08
 Reference value :  3.50333e-08
 Reference value :  3.50433e-08
 Reference value :  3.50490e-08
 Reference value :  3.50595e-08
 Reference value :  3.50654e-08
 Reference value :  3.50756e-08
 Reference value :  3.50817e-08
 Reference value :  3.50880e-08
 Reference value :  3.50981e-08
 Reference value :  3.51063e-08
 Reference value :  3.51169e-08
 Reference value :  3.51264e-08
 Reference value :  3.51356e-08
 Reference value :  3.51448e-08
 Reference value :  3.51551e-08
 Reference value :  3.51647e-08
 Reference value :  3.51668e-08
 Reference value :  3.51672e-08
 Reference value :  3.51714e-08
 Reference value :  3.51772e-08
 Reference value :  3.51842e-08
 Reference value :  3.51933e-08
 Reference value :  3.52024e-08
 Reference value :  3.52129e-08
 Reference value :  3.52191e-08
 Reference value :  3.52286e-08
 Reference value :  3.52399e-08
 Reference value :  3.52626e-08
 Reference value :  3.52841e-08
 Reference value :  3.53545e-08
 Reference value :  3.54345e-08
 Reference value :  3.55145e-08
 Reference value :  3.56145e-08
 Reference value :  3.56945e-08
 Reference value :  3.58145e-08
 Reference value :  3.58745e-08
 Reference value :  3.59545e-08
 Reference value :  3.60345e-08
 Reference value :  3.60945e-08
 Reference value :  3.61545e-08
 Reference value :  3.62145e-08
 Reference value :  3.62745e-08
 Reference value :  3.63491e-08
 Reference value :  3.63637e-08
 Reference value :  3.63639e-08
 Reference value :  3.63655e-08
 Reference value :  3.63687e-08
 Reference value :  3.63748e-08
 Reference value :  3.63832e-08
 Reference value :  3.63926e-08
 Reference value :  3.64032e-08
 Reference value :  3.64091e-08
 Reference value :  3.64188e-08
 Reference value :  3.64224e-08
 Reference value :  3.64285e-08
 Reference value :  3.64348e-08
 Reference value :  3.64449e-08
 Reference value :  3.64507e-08
 Reference value :  3.64581e-08
 Reference value :  3.64667e-08
 Reference value :  3.64795e-08
 Reference value :  3.64884e-08
 Reference value :  3.64949e-08
 Reference value :  3.65019e-08
 Reference value :  3.65115e-08
 Reference value :  3.65136e-08
 Reference value :  3.65138e-08
 Reference value :  3.65151e-08
 Reference value :  3.65201e-08
 Reference value :  3.65261e-08
 Reference value :  3.65339e-08
 Reference value :  3.65430e-08
 Reference value :  3.65526e-08
 Reference value :  3.65626e-08
 Reference value :  3.65754e-08
 Reference value :  3.65939e-08
 Reference value :  3.66094e-08
 Reference value :  3.66309e-08
 Reference value :  3.67013e-08
 Reference value :  3.67613e-08
 Reference value :  3.68613e-08
 Reference value :  3.69613e-08
 Reference value :  3.70613e-08
 Reference value :  3.71613e-08
 Reference value :  3.72813e-08
 Reference value :  3.74013e-08
 Reference value :  3.74813e-08
 Reference value :  3.75813e-08
 Reference value :  3.76959e-08
 Reference value :  3.77105e-08
 Reference value :  3.77109e-08
 Reference value :  3.77143e-08
 Reference value :  3.77208e-08
 Reference value :  3.77265e-08
 Reference value :  3.77347e-08
 Reference value :  3.77445e-08
 Reference value :  3.77514e-08
 Reference value :  3.77571e-08
 Reference value :  3.77667e-08
 Reference value :  3.77725e-08
 Reference value :  3.77823e-08
 Reference value :  3.77888e-08
 Reference value :  3.77949e-08
 Reference value :  3.77971e-08
 Reference value :  3.77993e-08
 Reference value :  3.78067e-08
 Reference value :  3.78126e-08
 Reference value :  3.78191e-08
 Reference value :  3.78299e-08
 Reference value :  3.78362e-08
 Reference value :  3.78454e-08
 Reference value :  3.78553e-08
 Reference value :  3.78604e-08
 Reference value :  3.78605e-08
 Reference value :  3.78612e-08
 Reference value :  3.78652e-08
 Reference value :  3.78710e-08
 Reference value :  3.78781e-08
 Reference value :  3.78842e-08
 Reference value :  3.78918e-08
 Reference value :  3.79030e-08
 Reference value :  3.79105e-08
 Reference value :  3.79116e-08
 Reference value :  3.79169e-08
 Reference value :  3.79230e-08
 Reference value :  3.79368e-08
 Reference value :  3.79470e-08
 Reference value :  3.79668e-08
 Reference value :  3.79819e-08
 Reference value :  3.80106e-08
 Reference value :  3.80376e-08
 Reference value :  3.80912e-08
 Reference value :  3.81512e-08
 Reference value :  3.82312e-08
 Reference value :  3.82912e-08
 Reference value :  3.90625e-08
 Reference value :  3.91692e-08
 Reference value :  3.92073e-08
 Reference value :  3.92074e-08
 Reference value :  3.92104e-08
 Reference value :  3.92158e-08
 Reference value :  3.92225e-08
 Reference value :  3.92311e-08
 Reference value :  3.92372e-08
 Reference value :  3.92470e-08
 Reference value :  3.92580e-08
 Reference value :  3.92711e-08
 Reference value :  3.92863e-08
 Reference value :  3.93054e-08
 Reference value :  3.93310e-08
 Reference value :  3.93675e-08
 Reference value :  3.94163e-08
 Reference value :  3.94761e-08
 Reference value :  3.95361e-08
 Reference value :  3.95961e-08
 Reference value :  3.96761e-08
 Reference value :  3.97761e-08
 Reference value :  3.98761e-08
 Reference value :  3.99761e-08
 Reference value :  4.00761e-08
 Reference value :  4.01761e-08
 Reference value :  4.02361e-08
 Reference value :  4.03161e-08
 Reference value :  4.04041e-08
 Reference value :  4.04043e-08
 Reference value :  4.04058e-08
 Reference value :  4.04116e-08
 Reference value :  4.04185e-08
 Reference value :  4.04285e-08
 Reference value :  4.04408e-08
 Reference value :  4.04469e-08
 Reference value :  4.04558e-08
 Reference value :  4.04630e-08
 Reference value :  4.04692e-08
 Reference value :  4.04794e-08
 Reference value :  4.04846e-08
 Reference value :  4.04926e-08
 Reference value :  4.04971e-08
 Reference value :  4.05069e-08
 Reference value :  4.05201e-08
 Reference value :  4.05293e-08
 Reference value :  4.05385e-08
 Reference value :  4.05492e-08
 Reference value :  4.05541e-08
 Reference value :  4.05542e-08
 Reference value :  4.05569e-08
 Reference value :  4.05624e-08
 Reference value :  4.05666e-08
 Reference value :  4.05744e-08
 Reference value :  4.05807e-08
 Reference value :  4.05870e-08
 Reference value :  4.05969e-08
 Reference value :  4.06087e-08
 Reference value :  4.06222e-08
 Reference value :  4.06384e-08
 Reference value :  4.06591e-08
 Reference value :  4.06993e-08
 Reference value :  4.07276e-08
 Reference value :  4.07808e-08
 Reference value :  4.08408e-08
 Reference value :  4.09008e-08
 Reference value :  4.09608e-08
 Reference value :  4.10208e-08
 Reference value :  4.11008e-08
 Reference value :  4.12008e-08
 Reference value :  4.12808e-08
 Reference value :  4.13608e-08
 Reference value :  4.14408e-08
 Reference value :  4.15208e-08
 Reference value :  4.16008e-08
 Reference value :  4.17008e-08
 Reference value :  4.17509e-08
 Reference value :  4.17513e-08
 Reference value :  4.17547e-08
 Reference value :  4.17605e-08
 Reference value :  4.17716e-08
 Reference value :  4.17836e-08
 Reference value :  4.17910e-08
 Reference value :  4.17967e-08
 Reference value :  4.18101e-08
 Reference value :  4.18162e-08
 Reference value :  4.18291e-08
 Reference value :  4.18343e-08
 Reference value :  4.18397e-08
 Reference value :  4.18441e-08
 Reference value :  4.18540e-08
 Reference value :  4.18638e-08
 Reference value :  4.18856e-08
 Reference value :  4.18964e-08
 Reference value :  4.19009e-08
 Reference value :  4.19012e-08
 Reference value :  4.19055e-08
 Reference value :  4.19113e-08
 Reference value :  4.19183e-08
 Reference value :  4.19275e-08
 Reference value :  4.19338e-08
 Reference value :  4.19437e-08
 Reference value :  4.19555e-08
 Reference value :  4.19690e-08
 Reference value :  4.19852e-08
 Reference value :  4.20059e-08
 Reference value :  4.20461e-08
 Reference value :  4.21080e-08
 Reference value :  4.21676e-08
 Reference value :  4.22276e-08
 Reference value :  4.22876e-08
 Reference value :  4.23876e-08
 Reference value :  4.24876e-08
 Reference value :  4.26076e-08
 Reference value :  4.27076e-08
 Reference value :  4.28076e-08
 Reference value :  4.29076e-08
 Reference value :  4.30076e-08
 Reference value :  4.30976e-08
 Reference value :  4.30977e-08
 Reference value :  4.30986e-08
 Reference value :  4.31032e-08
 Reference value :  4.31073e-08
 Reference value :  4.31152e-08
 Reference value :  4.31304e-08
 Reference value :  4.31378e-08
 Reference value :  4.31435e-08
 Reference value :  4.31569e-08
 Reference value :  4.31630e-08
 Reference value :  4.31732e-08
 Reference value :  4.31784e-08
 Reference value :  4.31865e-08
 Reference value :  4.31909e-08
 Reference value :  4.31956e-08
 Reference value :  4.32039e-08
 Reference value :  4.32106e-08
 Reference value :  4.32202e-08
 Reference value :  4.32261e-08
 Reference value :  4.32358e-08
 Reference value :  4.32454e-08
 Reference value :  4.32477e-08
 Reference value :  4.32478e-08
 Reference value :  4.32505e-08
 Reference value :  4.32560e-08
 Reference value :  4.32626e-08
 Reference value :  4.32711e-08
 Reference value :  4.32773e-08
 Reference value :  4.32870e-08
 Reference value :  4.32981e-08
 Reference value :  4.33158e-08
 Reference value :  4.33383e-08
 Reference value :  4.33705e-08
 Reference value :  4.34372e-08
 Reference value :  4.35144e-08
 Reference value :  4.35744e-08
 Reference value :  4.36544e-08
 Reference value :  4.37344e-08
 Reference value :  4.38144e-08
 Reference value :  4.38944e-08
 Reference value :  4.39744e-08
 Reference value :  4.40544e-08
 Reference value :  4.41344e-08
 Reference value :  4.41944e-08
 Reference value :  4.42544e-08
 Reference value :  4.43344e-08
 Reference value :  4.44144e-08
 Reference value :  4.44445e-08
 Reference value :  4.44447e-08
 Reference value :  4.44464e-08
 Reference value :  4.44500e-08
 Reference value :  4.44520e-08
 Reference value :  4.44591e-08
 Reference value :  4.44732e-08
 Reference value :  4.44846e-08
 Reference value :  4.44903e-08
 Reference value :  4.45003e-08
 Reference value :  4.45066e-08
 Reference value :  4.45167e-08
 Reference value :  4.45227e-08
 Reference value :  4.45279e-08
 Reference value :  4.45356e-08
 Reference value :  4.45402e-08
 Reference value :  4.45450e-08
 Reference value :  4.45539e-08
 Reference value :  4.45639e-08
 Reference value :  4.45730e-08
 Reference value :  4.45826e-08
 Reference value :  4.45922e-08
 Reference value :  4.45945e-08
 Reference value :  4.45959e-08
 Reference value :  4.46009e-08
 Reference value :  4.46094e-08
 Reference value :  4.46179e-08
 Reference value :  4.46241e-08
 Reference value :  4.46373e-08
 Reference value :  4.46534e-08
 Reference value :  4.46676e-08
 Reference value :  4.46851e-08
 Reference value :  4.46995e-08
 Reference value :  4.47278e-08
 Reference value :  4.47680e-08
 Reference value :  4.48212e-08
 Reference value :  4.48812e-08
 Reference value :  4.49412e-08
 Reference value :  4.50012e-08
 Reference value :  4.50812e-08
 Reference value :  4.51612e-08
 Reference value :  4.52212e-08
 Reference value :  4.53012e-08
 Reference value :  4.53812e-08
 Reference value :  4.54612e-08
 Reference value :  4.55612e-08
 Reference value :  4.56612e-08
 Reference value :  4.57412e-08
 Reference value :  4.57912e-08
 Reference value :  4.57913e-08
 Reference value :  4.57917e-08
 Reference value :  4.57951e-08
 Reference value :  4.57988e-08
 Reference value :  4.58088e-08
 Reference value :  4.58200e-08
 Reference value :  4.58314e-08
 Reference value :  4.58371e-08
 Reference value :  4.58471e-08
 Reference value :  4.58534e-08
 Reference value :  4.58635e-08
 Reference value :  4.58695e-08
 Reference value :  4.58775e-08
 Reference value :  4.58824e-08
 Reference value :  4.58870e-08
 Reference value :  4.58944e-08
 Reference value :  4.59042e-08
 Reference value :  4.59138e-08
 Reference value :  4.59228e-08
 Reference value :  4.59331e-08
 Reference value :  4.59412e-08
 Reference value :  4.59413e-08
 Reference value :  4.59420e-08
 Reference value :  4.59459e-08
 Reference value :  4.59517e-08
 Reference value :  4.59587e-08
 Reference value :  4.59679e-08
 Reference value :  4.59709e-08
 Reference value :  4.59806e-08
 Reference value :  4.59959e-08
 Reference value :  4.60094e-08
 Reference value :  4.60319e-08
 Reference value :  4.60547e-08
 Reference value :  4.60865e-08
 Reference value :  4.61484e-08
 Reference value :  4.61880e-08
 Reference value :  4.62480e-08
 Reference value :  4.63080e-08
 Reference value :  4.63480e-08
 Reference value :  4.64280e-08
 Reference value :  4.64880e-08
 Reference value :  4.65480e-08
 Reference value :  4.66280e-08
 Reference value :  4.66880e-08
 Reference value :  4.67880e-08
 Reference value :  4.68680e-08
 Reference value :  4.69680e-08
 Reference value :  4.70680e-08
 Reference value :  4.71381e-08
 Reference value :  4.71385e-08
 Reference value :  4.71419e-08
 Reference value :  4.71456e-08
 Reference value :  4.71527e-08
 Reference value :  4.71668e-08
 Reference value :  4.71782e-08
 Reference value :  4.71839e-08
 Reference value :  4.71973e-08
 Reference value :  4.72034e-08
 Reference value :  4.72163e-08
 Reference value :  4.72215e-08
 Reference value :  4.72269e-08
 Reference value :  4.72313e-08
 Reference value :  4.72412e-08
 Reference value :  4.72510e-08
 Reference value :  4.72606e-08
 Reference value :  4.72696e-08
 Reference value :  4.72836e-08
 Reference value :  4.72881e-08
 Reference value :  4.72888e-08
 Reference value :  4.72945e-08
 Reference value :  4.73006e-08
 Reference value :  4.73115e-08
 Reference value :  4.73177e-08
 Reference value :  4.73309e-08
 Reference value :  4.73427e-08
 Reference value :  4.73515e-08
 Reference value :  4.73666e-08
 Reference value :  4.73855e-08
 Reference value :  4.74015e-08
 Reference value :  4.74214e-08
 Reference value :  4.74616e-08
 Reference value :  4.75148e-08
 Reference value :  4.75748e-08
 Reference value :  4.76348e-08
 Reference value :  4.76948e-08
 Reference value :  4.77948e-08
 Reference value :  4.78948e-08
 Reference value :  4.79948e-08
 Reference value :  4.80948e-08
 Reference value :  4.81948e-08
 Reference value :  4.82948e-08
 Reference value :  4.83948e-08
 Reference value :  4.84848e-08
 Reference value :  4.84850e-08
 Reference value :  4.84858e-08
 Reference value :  4.84924e-08
 Reference value :  4.84995e-08
 Reference value :  4.85094e-08
 Reference value :  4.85250e-08
 Reference value :  4.85307e-08
 Reference value :  4.85407e-08
 Reference value :  4.85470e-08
 Reference value :  4.85533e-08
 Reference value :  4.85631e-08
 Reference value :  4.85683e-08
 Reference value :  4.85737e-08
 Reference value :  4.85781e-08
 Reference value :  4.85828e-08
 Reference value :  4.85911e-08
 Reference value :  4.86043e-08
 Reference value :  4.86134e-08
 Reference value :  4.86267e-08
 Reference value :  4.86348e-08
 Reference value :  4.86349e-08
 Reference value :  4.86356e-08
 Reference value :  4.86395e-08
 Reference value :  4.86432e-08
 Reference value :  4.86498e-08
 Reference value :  4.86583e-08
 Reference value :  4.86645e-08
 Reference value :  4.86777e-08
 Reference value :  4.86938e-08
 Reference value :  4.87134e-08
 Reference value :  4.87323e-08
 Reference value :  4.87682e-08
 Reference value :  4.88084e-08
 Reference value :  4.88616e-08
 Reference value :  4.89216e-08
 Reference value :  4.89816e-08
 Reference value :  4.90416e-08
 Reference value :  4.91416e-08
 Reference value :  4.92416e-08
 Reference value :  4.93216e-08
 Reference value :  4.94216e-08
 Reference value :  4.95016e-08
 Reference value :  4.96016e-08
 Reference value :  4.96816e-08
 Reference value :  4.97816e-08
 Reference value :  4.98317e-08
 Reference value :  4.98319e-08
 Reference value :  4.98355e-08
 Reference value :  4.98413e-08
 Reference value :  4.98524e-08
 Reference value :  4.98644e-08
 Reference value :  4.98719e-08
 Reference value :  4.98775e-08
 Reference value :  4.98875e-08
 Reference value :  4.98938e-08
 Reference value :  4.99072e-08
 Reference value :  4.99124e-08
 Reference value :  4.99205e-08
 Reference value :  4.99249e-08
 Reference value :  4.99296e-08
 Reference value :  4.99348e-08
 Reference value :  4.99446e-08
 Reference value :  4.99511e-08
 Reference value :  4.99572e-08
 Reference value :  4.99664e-08
 Reference value :  4.99735e-08
 Reference value :  4.99816e-08
 Reference value :  4.99817e-08
 Reference value :  4.99818e-08
 Reference value :  4.99831e-08
 Reference value :  4.99881e-08
 Reference value :  4.99942e-08
 Reference value :  5.00020e-08
 Reference value :  5.00083e-08
 Reference value :  5.00146e-08
 Reference value :  5.00245e-08
 Reference value :  5.00363e-08
 Reference value :  5.00498e-08
 Reference value :  5.00660e-08
 Reference value :  5.00867e-08
 Reference value :  5.01150e-08
 Reference value :  5.01552e-08
 Reference value :  5.02084e-08
 Reference value :  5.02684e-08
 Reference value :  5.03284e-08
 Reference value :  5.03884e-08
 Reference value :  5.04684e-08
 Reference value :  5.05684e-08
 Reference value :  5.06684e-08
 Reference value :  5.07284e-08
 Reference value :  5.08284e-08
 Reference value :  5.08884e-08
 Reference value :  5.09884e-08
 Reference value :  5.10884e-08
 Reference value :  5.11785e-08
 Reference value :  5.11785e-08
 Reference value :  5.11794e-08
 Reference value :  5.11860e-08
 Reference value :  5.11960e-08
 Reference value :  5.12072e-08
 Reference value :  5.12154e-08
 Reference value :  5.12215e-08
 Reference value :  5.12304e-08
 Reference value :  5.12377e-08
 Reference value :  5.12438e-08
 Reference value :  5.12567e-08
 Reference value :  5.12619e-08
 Reference value :  5.12673e-08
 Reference value :  5.12717e-08
 Reference value :  5.12816e-08
 Reference value :  5.12914e-08
 Reference value :  5.13010e-08
 Reference value :  5.13132e-08
 Reference value :  5.13240e-08
 Reference value :  5.13285e-08
 Reference value :  5.13286e-08
 Reference value :  5.13299e-08
 Reference value :  5.13349e-08
 Reference value :  5.13410e-08
 Reference value :  5.13519e-08
 Reference value :  5.13581e-08
 Reference value :  5.13713e-08
 Reference value :  5.13874e-08
 Reference value :  5.14016e-08
 Reference value :  5.14191e-08
 Reference value :  5.14513e-08
 Reference value :  5.15020e-08
 Reference value :  5.15552e-08
 Reference value :  5.16152e-08
 Reference value :  5.16752e-08
 Reference value :  5.17552e-08
 Reference value :  5.18752e-08
 Reference value :  5.19752e-08
 Reference value :  5.20752e-08
 Reference value :  5.21752e-08
 Reference value :  5.22952e-08
 Reference value :  5.23952e-08
 Reference value :  5.24952e-08
 Reference value :  5.25253e-08
 Reference value :  5.25257e-08
 Reference value :  5.25291e-08
 Reference value :  5.25328e-08
 Reference value :  5.25399e-08
 Reference value :  5.25460e-08
 Reference value :  5.25580e-08
 Reference value :  5.25655e-08
 Reference value :  5.25711e-08
 Reference value :  5.25845e-08
 Reference value :  5.25938e-08
 Reference value :  5.26035e-08
 Reference value :  5.26115e-08
 Reference value :  5.26164e-08
 Reference value :  5.26210e-08
 Reference value :  5.26284e-08
 Reference value :  5.26382e-08
 Reference value :  5.26508e-08
 Reference value :  5.26634e-08
 Reference value :  5.26730e-08
 Reference value :  5.26753e-08
 Reference value :  5.26767e-08
 Reference value :  5.26817e-08
 Reference value :  5.26857e-08
 Reference value :  5.26927e-08
 Reference value :  5.27019e-08
 Reference value :  5.27082e-08
 Reference value :  5.27181e-08
 Reference value :  5.27299e-08
 Reference value :  5.27434e-08
 Reference value :  5.27596e-08
 Reference value :  5.27803e-08
 Reference value :  5.28086e-08
 Reference value :  5.28488e-08
 Reference value :  5.29020e-08
 Reference value :  5.29620e-08
 Reference value :  5.30220e-08
 Reference value :  5.30820e-08
 Reference value :  5.31820e-08
 Reference value :  5.32620e-08
 Reference value :  5.33420e-08
 Reference value :  5.34020e-08
 Reference value :  5.35020e-08
 Reference value :  5.35820e-08
 Reference value :  5.36620e-08
 Reference value :  5.37620e-08
 Reference value :  5.38570e-08
 Reference value :  5.38721e-08
 Reference value :  5.38721e-08
 Reference value :  5.38721e-08
 Reference value :  5.38721e-08
 Reference value :  5.38721e-08
 Reference value :  5.38721e-08
 Reference value :  5.38721e-08
 Reference value :  5.38721e-08
 Reference value :  5.38721e-08
 Reference value :  5.38721e-08
 Reference value :  5.38721e-08
 Reference value :  5.38722e-08
 Reference value :  5.38729e-08
 Reference value :  5.38749e-08
 Reference value :  5.38776e-08
 Reference value :  5.38815e-08
 Reference value :  5.38861e-08
 Reference value :  5.38887e-08
 Reference value :  5.38918e-08
 Reference value :  5.38945e-08
 Reference value :  5.39018e-08
 Reference value :  5.39081e-08
 Reference value :  5.39165e-08
 Reference value :  5.39255e-08
 Reference value :  5.39353e-08
 Reference value :  5.39456e-08
 Reference value :  5.39513e-08
 Reference value :  5.39564e-08
 Reference value :  5.39613e-08
 Reference value :  5.39651e-08
 Reference value :  5.39718e-08
 Reference value :  5.39802e-08
 Reference value :  5.39867e-08
 Reference value :  5.39923e-08
 Reference value :  5.40009e-08
 Reference value :  5.40093e-08
 Reference value :  5.40192e-08
 Reference value :  5.40221e-08
 Reference value :  5.40226e-08
 Reference value :  5.40241e-08
 Reference value :  5.40274e-08
 Reference value :  5.40333e-08
 Reference value :  5.40406e-08
 Reference value :  5.40503e-08
 Reference value :  5.40535e-08
 Reference value :  5.40635e-08
 Reference value :  5.40747e-08
 Reference value :  5.40889e-08
 Reference value :  5.41067e-08
 Reference value :  5.41330e-08
 Reference value :  5.41772e-08
 Reference value :  5.42560e-08
 Reference value :  5.43360e-08
 Reference value :  5.44160e-08
 Reference value :  5.44960e-08
 Reference value :  5.45760e-08
 Reference value :  5.46560e-08
 Reference value :  5.47360e-08
 Reference value :  5.48160e-08
 Reference value :  5.48960e-08
 Reference value :  5.49760e-08
 Reference value :  5.50560e-08
 Reference value :  5.51360e-08
 Reference value :  5.52074e-08
 Reference value :  5.52189e-08
 Reference value :  5.52190e-08
 Reference value :  5.52204e-08
 Reference value :  5.52235e-08
 Reference value :  5.52295e-08
 Reference value :  5.52377e-08
 Reference value :  5.52440e-08
 Reference value :  5.52494e-08
 Reference value :  5.52565e-08
 Reference value :  5.52597e-08
 Reference value :  5.52654e-08
 Reference value :  5.52751e-08
 Reference value :  5.52812e-08
 Reference value :  5.52911e-08
 Reference value :  5.52977e-08
 Reference value :  5.53040e-08
 Reference value :  5.53087e-08
 Reference value :  5.53165e-08
 Reference value :  5.53255e-08
 Reference value :  5.53354e-08
 Reference value :  5.53413e-08
 Reference value :  5.53508e-08
 Reference value :  5.53615e-08
 Reference value :  5.53689e-08
 Reference value :  5.53700e-08
 Reference value :  5.53728e-08
 Reference value :  5.53784e-08
 Reference value :  5.53828e-08
 Reference value :  5.53911e-08
 Reference value :  5.53939e-08
 Reference value :  5.53999e-08
 Reference value :  5.54063e-08
 Reference value :  5.54131e-08
 Reference value :  5.54229e-08
 Reference value :  5.54445e-08
 Reference value :  5.54698e-08
 Reference value :  5.54930e-08
 Reference value :  5.55265e-08
 Reference value :  5.55855e-08
 Reference value :  5.56655e-08
 Reference value :  5.57455e-08
 Reference value :  5.58455e-08
 Reference value :  5.59455e-08
 Reference value :  5.60455e-08
 Reference value :  5.61255e-08
 Reference value :  5.61855e-08
 Reference value :  5.62655e-08
 Reference value :  5.63655e-08
 Reference value :  5.64455e-08
 Reference value :  5.65455e-08
 Reference value :  5.65657e-08
 Reference value :  5.65658e-08
 Reference value :  5.65684e-08
 Reference value :  5.65717e-08
 Reference value :  5.65785e-08
 Reference value :  5.65841e-08
 Reference value :  5.65901e-08
 Reference value :  5.65927e-08
 Reference value :  5.65987e-08
 Reference value :  5.66058e-08
 Reference value :  5.66116e-08
 Reference value :  5.66215e-08
 Reference value :  5.66278e-08
 Reference value :  5.66373e-08
 Reference value :  5.66472e-08
 Reference value :  5.66523e-08
 Reference value :  5.66572e-08
 Reference value :  5.66681e-08
 Reference value :  5.66780e-08
 Reference value :  5.66838e-08
 Reference value :  5.66930e-08
 Reference value :  5.67032e-08
 Reference value :  5.67132e-08
 Reference value :  5.67157e-08
 Reference value :  5.67160e-08
 Reference value :  5.67186e-08
 Reference value :  5.67239e-08
 Reference value :  5.67305e-08
 Reference value :  5.67391e-08
 Reference value :  5.67481e-08
 Reference value :  5.67617e-08
 Reference value :  5.67679e-08
 Reference value :  5.67774e-08
 Reference value :  5.67959e-08
 Reference value :  5.68114e-08
 Reference value :  5.68329e-08
 Reference value :  5.68833e-08
 Reference value :  5.69433e-08
 Reference value :  5.70433e-08
 Reference value :  5.71033e-08
 Reference value :  5.72033e-08
 Reference value :  5.73033e-08
 Reference value :  5.74233e-08
 Reference value :  5.75233e-08
 Reference value :  5.76233e-08
 Reference value :  5.77233e-08
 Reference value :  5.78033e-08
 Reference value :  5.78979e-08
 Reference value :  5.79125e-08
 Reference value :  5.79129e-08
 Reference value :  5.79160e-08
 Reference value :  5.79214e-08
 Reference value :  5.79289e-08
 Reference value :  5.79389e-08
 Reference value :  5.79414e-08
 Reference value :  5.79551e-08
 Reference value :  5.79610e-08
 Reference value :  5.79712e-08
 Reference value :  5.79804e-08
 Reference value :  5.79903e-08
 Reference value :  5.79995e-08
 Reference value :  5.80045e-08
 Reference value :  5.80125e-08
 Reference value :  5.80186e-08
 Reference value :  5.80284e-08
 Reference value :  5.80343e-08
 Reference value :  5.80437e-08
 Reference value :  5.80544e-08
 Reference value :  5.80625e-08
 Reference value :  5.80625e-08
 Reference value :  5.80632e-08
 Reference value :  5.80654e-08
 Reference value :  5.80707e-08
 Reference value :  5.80773e-08
 Reference value :  5.80828e-08
 Reference value :  5.80890e-08
 Reference value :  5.80981e-08
 Reference value :  5.81085e-08
 Reference value :  5.81115e-08
 Reference value :  5.81242e-08
 Reference value :  5.81427e-08
 Reference value :  5.81582e-08
 Reference value :  5.81797e-08
 Reference value :  5.82301e-08
 Reference value :  5.82701e-08
 Reference value :  5.83501e-08
 Reference value :  5.84501e-08
 Reference value :  5.85701e-08
 Reference value :  5.86901e-08
 Reference value :  5.88101e-08
 Reference value :  5.88901e-08
 Reference value :  5.90101e-08
 Reference value :  5.91301e-08
 Reference value :  5.92301e-08
 Reference value :  5.92593e-08
 Reference value :  5.92595e-08
 Reference value :  5.92612e-08
 Reference value :  5.92643e-08
 Reference value :  5.92730e-08
 Reference value :  5.92823e-08
 Reference value :  5.92882e-08
 Reference value :  5.92989e-08
 Reference value :  5.93047e-08
 Reference value :  5.93144e-08
 Reference value :  5.93209e-08
 Reference value :  5.93304e-08
 Reference value :  5.93406e-08
 Reference value :  5.93487e-08
 Reference value :  5.93593e-08
 Reference value :  5.93722e-08
 Reference value :  5.93780e-08
 Reference value :  5.93905e-08
 Reference value :  5.94012e-08
 Reference value :  5.94093e-08
 Reference value :  5.94093e-08
 Reference value :  5.94100e-08
 Reference value :  5.94139e-08
 Reference value :  5.94196e-08
 Reference value :  5.94266e-08
 Reference value :  5.94358e-08
 Reference value :  5.94449e-08
 Reference value :  5.94553e-08
 Reference value :  5.94615e-08
 Reference value :  5.94768e-08
 Reference value :  5.95050e-08
 Reference value :  5.95265e-08
 Reference value :  5.95588e-08
 Reference value :  5.95970e-08
 Reference value :  5.96570e-08
 Reference value :  5.97570e-08
 Reference value :  5.98570e-08
 Reference value :  5.99570e-08
 Reference value :  6.00770e-08
 Reference value :  6.01770e-08
 Reference value :  6.02770e-08
 Reference value :  6.03770e-08
 Reference value :  6.04770e-08
 Reference value :  6.05770e-08
 Reference value :  6.06061e-08
 Reference value :  6.06065e-08
 Reference value :  6.06096e-08
 Reference value :  6.06128e-08
 Reference value :  6.06198e-08
 Reference value :  6.06257e-08
 Reference value :  6.06350e-08
 Reference value :  6.06457e-08
 Reference value :  6.06515e-08
 Reference value :  6.06648e-08
 Reference value :  6.06740e-08
 Reference value :  6.06839e-08
 Reference value :  6.06931e-08
 Reference value :  6.06955e-08
 Reference value :  6.07032e-08
 Reference value :  6.07122e-08
 Reference value :  6.07220e-08
 Reference value :  6.07308e-08
 Reference value :  6.07409e-08
 Reference value :  6.07518e-08
 Reference value :  6.07561e-08
 Reference value :  6.07568e-08
 Reference value :  6.07625e-08
 Reference value :  6.07709e-08
 Reference value :  6.07795e-08
 Reference value :  6.07885e-08
 Reference value :  6.07986e-08
 Reference value :  6.08051e-08
 Reference value :  6.08178e-08
 Reference value :  6.08292e-08
 Reference value :  6.08518e-08
 Reference value :  6.08733e-08
 Reference value :  6.09438e-08
 Reference value :  6.09819e-08
No. of Data Rows : 7006
m_ui_ref            =  1.34680e-09 targ=  1.35430e-08 trig=  1.21962e-08
m_spa_in            =  5.38721e-09 targ=  1.75834e-08 trig=  1.21962e-08
m_spb_in            =  4.04040e-09 targ=  1.62366e-08 trig=  1.21962e-08
m_spa_c0            =  5.38725e-09 targ=  1.76488e-08 trig=  1.22615e-08
m_spb_c0            =  4.04044e-09 targ=  1.63020e-08 trig=  1.22615e-08
m_trise_c0          =  5.09688e-11 targ=  1.36367e-08 trig=  1.35857e-08
m_tfall_c0          =  5.09637e-11 targ=  1.49835e-08 trig=  1.49325e-08
m_spa_c1            =  5.38725e-09 targ=  1.76859e-08 trig=  1.22987e-08
m_spb_c1            =  4.04045e-09 targ=  1.63391e-08 trig=  1.22987e-08
m_trise_c1          =  1.25300e-10 targ=  1.37293e-08 trig=  1.36040e-08
m_tfall_c1          =  1.25382e-10 targ=  1.50762e-08 trig=  1.49508e-08
m_spa_mux           =  5.38724e-09 targ=  1.76413e-08 trig=  1.22540e-08
m_spb_mux           =  4.04044e-09 targ=  1.62945e-08 trig=  1.22540e-08
m_spa_c2            =  5.38724e-09 targ=  1.77188e-08 trig=  1.23316e-08
m_spb_c2            =  4.04044e-09 targ=  1.63720e-08 trig=  1.23316e-08
m_trise_c2          =  2.28141e-10 targ=  1.38415e-08 trig=  1.36134e-08
m_tfall_c2          =  2.28080e-10 targ=  1.51883e-08 trig=  1.49602e-08
m_spa_cmis          =  5.38724e-09 targ=  1.76993e-08 trig=  1.23121e-08
m_spb_cmis          =  4.03985e-09 targ=  1.63519e-08 trig=  1.23121e-08
m_dj_ui_c0 = 3.0442507839e-05
m_swing_c0 = 5.0667542256e-01
m_vpp_c0 = 5.3526177444e-01
m_vcm_c0 = 3.0467464898e+00
m_dj_ui_c1 = 3.1185008030e-05
m_swing_c1 = 5.0649318937e-01
m_vpp_c1 = 5.1856912158e-01
m_vcm_c1 = 3.0467977656e+00
m_dj_ui_mux = 2.8957507457e-05
m_dj_ui_drv_c1 = 2.2275005737e-06
m_dj_ui_c2 = 2.8957507457e-05
m_swing_c2 = 5.0564326444e-01
m_vpp_c2 = 5.1359278422e-01
m_vcm_c2 = 3.0470058807e+00
m_dj_ui_cmis = 4.4178761376e-04
m_swing_cmis = 5.0564495844e-01
m_swing_avcclo = 5.0617723957e-01
m_vcm_avcclo = 2.7169571940e+00
m_swing_avcchi = 5.0675771121e-01
m_vcm_avcchi = 3.3766644633e+00
m_vgs_sw_max = 1.6391657232e+00
m_vgd_sw_max = 1.6623880306e+00
m_vds_sw_max = 2.1750556736e+00
m_vgs_tail_max = 1.2692219417e+00
m_vds_tail_max = 1.5350223762e+00
m_vmux_dc = 1.0875729183e+00
m_swing_dc = 5.0398804878e-01
m_vcm_dc = 3.0480059741e+00
m_ioff_dc = 3.1018805302e-11
m_itail_dc = 1.0079761038e-02
m_icell_dc = 1.0579761050e-02
Note: Simulation executed from .control section 

