
Note: No compatibility mode selected!


Circuit: * cml-driver-eye-realmux @ ss_-40c_2.97v_270mbps -- generated by sim/harness, do not edit

Doing analysis at TEMP = -40.000000 and TNOM = 27.000000

Using SPARSE 1.3 as Direct Linear Solver

Initial Transient Solution
--------------------------

Node                                   Voltage
----                                   -------
vdd                                       2.97
avcc                                       3.3
avcclo                                    2.97
avcchi                                    3.63
clkp                                     1.782
clkn                                     0.891
d0p                                     2.5245
d0n                                     1.6335
d1p                                     2.5245
d1n                                     1.6335
d0pz                                    2.5245
d0nz                                    1.6335
clkpz                                    1.782
clknz                                    0.891
ckref                                    0.891
win                                          0
winc                                         0
xmux_c0.top                            2.57564
xmux_c0.xrc.11                         2.59636
xmux_c0.xrc.21                         2.94927
mp_c0                                  1.78041
xmux_c0.xrlp.11                        1.80114
xmux_c0.xrlp.21                        2.55491
mn_c0                                  2.57564
xmux_c0.xrln.11                        2.57564
xmux_c0.xrln.21                        2.57564
xmux_c0.ibias                          1.17805
xmux_c0.xrref.11                       1.18916
xmux_c0.xrref.21                       2.95889
xmux_c0.sa                             1.07841
xmux_c0.sb                             1.78017
xmux_c0.tail                          0.515945
outp_c0                                2.80551
xc0.tail                               1.02398
outn_c0                                3.29993
ib_c0                                  1.26321
vd_c0                                 0.494427
xmux_c1.top                            2.57564
xmux_c1.xrc.11                         2.59636
xmux_c1.xrc.21                         2.94927
mp_c1                                  1.78041
xmux_c1.xrlp.11                        1.80114
xmux_c1.xrlp.21                        2.55491
mn_c1                                  2.57564
xmux_c1.xrln.11                        2.57564
xmux_c1.xrln.21                        2.57564
xmux_c1.ibias                          1.17805
xmux_c1.xrref.11                       1.18916
xmux_c1.xrref.21                       2.95889
xmux_c1.sa                             1.07841
xmux_c1.sb                             1.78017
xmux_c1.tail                          0.515945
outp_c1                                2.80551
xc1.tail                               1.02398
outn_c1                                3.29993
ib_c1                                  1.26321
vd_c1                                 0.494427
muxref                                0.795222
xmux_c2.top                            2.57564
xmux_c2.xrc.11                         2.59636
xmux_c2.xrc.21                         2.94927
mp_c2                                  1.78041
xmux_c2.xrlp.11                        1.80114
xmux_c2.xrlp.21                        2.55491
mn_c2                                  2.57564
xmux_c2.xrln.11                        2.57564
xmux_c2.xrln.21                        2.57564
xmux_c2.ibias                          1.17805
xmux_c2.xrref.11                       1.18916
xmux_c2.xrref.21                       2.95889
xmux_c2.sa                             1.07841
xmux_c2.sb                             1.78017
xmux_c2.tail                          0.515945
outp_c2                                2.80551
xc2.tail                               1.02398
outn_c2                                3.29993
ib_c2                                  1.26321
vd_c2                                 0.494427
xmux_cmis.top                          2.57564
xmux_cmis.xrc.11                       2.59636
xmux_cmis.xrc.21                       2.94927
mp_cm                                  1.78041
xmux_cmis.xrlp.11                      1.80114
xmux_cmis.xrlp.21                      2.55491
mn_cm                                  2.57564
xmux_cmis.xrln.11                      2.57564
xmux_cmis.xrln.21                      2.57564
xmux_cmis.ibias                        1.17805
xmux_cmis.xrref.11                     1.18916
xmux_cmis.xrref.21                     2.95889
xmux_cmis.sa                           1.07841
xmux_cmis.sb                           1.78017
xmux_cmis.tail                        0.515945
outp_cmis                              2.80551
xcmis.tail                             1.02398
outn_cmis                              3.29993
ib_cmis                                1.26321
vd_cmis                               0.494427
xmux_vlo.top                           2.57564
xmux_vlo.xrc.11                        2.59636
xmux_vlo.xrc.21                        2.94927
mp_vlo                                 1.78041
xmux_vlo.xrlp.11                       1.80114
xmux_vlo.xrlp.21                       2.55491
mn_vlo                                 2.57564
xmux_vlo.xrln.11                       2.57564
xmux_vlo.xrln.21                       2.57564
xmux_vlo.ibias                         1.17805
xmux_vlo.xrref.11                      1.18916
xmux_vlo.xrref.21                      2.95889
xmux_vlo.sa                            1.07841
xmux_vlo.sb                            1.78017
xmux_vlo.tail                         0.515945
outp_vlo                               2.47584
xvlo.tail                              1.01099
outn_vlo                               2.96992
ib_vlo                                 1.26321
xmux_vhi.top                           2.57564
xmux_vhi.xrc.11                        2.59636
xmux_vhi.xrc.21                        2.94927
mp_vhi                                 1.78041
xmux_vhi.xrlp.11                       1.80114
xmux_vhi.xrlp.21                       2.55491
mn_vhi                                 2.57564
xmux_vhi.xrln.11                       2.57564
xmux_vhi.xrln.21                       2.57564
xmux_vhi.ibias                         1.17805
xmux_vhi.xrref.11                      1.18916
xmux_vhi.xrref.21                      2.95889
xmux_vhi.sa                            1.07841
xmux_vhi.sb                            1.78017
xmux_vhi.tail                         0.515945
outp_vhi                               3.13517
xvhi.tail                              1.03648
outn_vhi                               3.62994
ib_vhi                                 1.26321
xmux_z.top                             2.57564
xmux_z.xrc.11                          2.59636
xmux_z.xrc.21                          2.94927
mp_z                                   1.78041
xmux_z.xrlp.11                         1.80114
xmux_z.xrlp.21                         2.55491
mn_z                                   2.57564
xmux_z.xrln.11                         2.57564
xmux_z.xrln.21                         2.57564
xmux_z.ibias                           1.17805
xmux_z.xrref.11                        1.18916
xmux_z.xrref.21                        2.95889
xmux_z.sa                              1.07841
xmux_z.sb                              1.91222
xmux_z.tail                           0.515945
outp_z                                 2.80551
xz.tail                                1.02398
vss_z                                        0
outn_z                                 3.29993
ib_z                                   1.26321
vmuxz                                 0.795222
emuxz#branch                                 0
ediff_cmis#branch                            0
ediff_c2#branch                              0
emuxref#branch                               0
ediff_c1#branch                              0
ediff_c0#branch                              0
eckref#branch                                0
vsens_z#branch                       0.0103912
vwinc#branch                                 0
vwin#branch                                  0
vclknz#branch                                0
vclkpz#branch                                0
vd0nz#branch                                 0
vd0pz#branch                                 0
vd1n#branch                                  0
vd1p#branch                                  0
vd0n#branch                                  0
vd0p#branch                                  0
vclkn#branch                                 0
vclkp#branch                                 0
vavcchi#branch                     -0.00989782
vavcclo#branch                     -0.00988467
vavcc#branch                        -0.0494559
vvdd#branch                         -0.0461899

 Reference value :  0.00000e+00
 Reference value :  4.00000e-13
 Reference value :  3.20000e-12
 Reference value :  4.56000e-11
 Reference value :  1.45600e-10
 Reference value :  2.45600e-10
 Reference value :  3.65600e-10
 Reference value :  4.65600e-10
 Reference value :  5.65600e-10
 Reference value :  6.45600e-10
 Reference value :  8.05600e-10
 Reference value :  9.05600e-10
 Reference value :  1.02560e-09
 Reference value :  1.14560e-09
 Reference value :  1.24560e-09
 Reference value :  1.30560e-09
 Reference value :  1.36560e-09
 Reference value :  1.44560e-09
 Reference value :  1.52560e-09
 Reference value :  1.58560e-09
 Reference value :  1.66560e-09
 Reference value :  1.76560e-09
 Reference value :  1.84560e-09
 Reference value :  1.92560e-09
 Reference value :  2.00560e-09
 Reference value :  2.08560e-09
 Reference value :  2.18560e-09
 Reference value :  2.26560e-09
 Reference value :  2.32560e-09
 Reference value :  2.40560e-09
 Reference value :  2.46560e-09
 Reference value :  2.56560e-09
 Reference value :  2.64560e-09
 Reference value :  2.74560e-09
 Reference value :  2.84560e-09
 Reference value :  2.94560e-09
 Reference value :  3.02560e-09
 Reference value :  3.10560e-09
 Reference value :  3.18560e-09
 Reference value :  3.26560e-09
 Reference value :  3.32560e-09
 Reference value :  3.40560e-09
 Reference value :  3.48560e-09
 Reference value :  3.56560e-09
 Reference value :  3.64560e-09
 Reference value :  3.70372e-09
 Reference value :  3.70633e-09
 Reference value :  3.71205e-09
 Reference value :  3.71910e-09
 Reference value :  3.72502e-09
 Reference value :  3.73741e-09
 Reference value :  3.74150e-09
 Reference value :  3.74858e-09
 Reference value :  3.75984e-09
 Reference value :  3.76684e-09
 Reference value :  3.78246e-09
 Reference value :  3.79156e-09
 Reference value :  3.79650e-09
 Reference value :  3.80096e-09
 Reference value :  3.80824e-09
 Reference value :  3.81206e-09
 Reference value :  3.81867e-09
 Reference value :  3.82731e-09
 Reference value :  3.83255e-09
 Reference value :  3.84114e-09
 Reference value :  3.84984e-09
 Reference value :  3.85372e-09
 Reference value :  3.85448e-09
 Reference value :  3.85841e-09
 Reference value :  3.86183e-09
 Reference value :  3.87004e-09
 Reference value :  3.87808e-09
 Reference value :  3.89326e-09
 Reference value :  3.90662e-09
 Reference value :  3.93331e-09
 Reference value :  3.97363e-09
 Reference value :  4.03137e-09
 Reference value :  4.11137e-09
 Reference value :  4.17137e-09
 Reference value :  4.25137e-09
 Reference value :  4.33137e-09
 Reference value :  4.41137e-09
 Reference value :  4.47137e-09
 Reference value :  4.55137e-09
 Reference value :  4.61137e-09
 Reference value :  4.69137e-09
 Reference value :  4.77137e-09
 Reference value :  4.85137e-09
 Reference value :  4.93137e-09
 Reference value :  5.01137e-09
 Reference value :  5.09137e-09
 Reference value :  5.17137e-09
 Reference value :  5.27137e-09
 Reference value :  5.35137e-09
 Reference value :  5.41137e-09
 Reference value :  5.49137e-09
 Reference value :  5.57137e-09
 Reference value :  5.67137e-09
 Reference value :  5.79137e-09
 Reference value :  5.89137e-09
 Reference value :  5.97137e-09
 Reference value :  6.05137e-09
 Reference value :  6.13137e-09
 Reference value :  6.21137e-09
 Reference value :  6.31137e-09
 Reference value :  6.43137e-09
 Reference value :  6.57137e-09
 Reference value :  6.69137e-09
 Reference value :  6.75137e-09
 Reference value :  6.81137e-09
 Reference value :  6.89137e-09
 Reference value :  6.97137e-09
 Reference value :  7.03137e-09
 Reference value :  7.11137e-09
 Reference value :  7.19137e-09
 Reference value :  7.31137e-09
 Reference value :  7.40741e-09
 Reference value :  7.40743e-09
 Reference value :  7.40772e-09
 Reference value :  7.41175e-09
 Reference value :  7.41792e-09
 Reference value :  7.42560e-09
 Reference value :  7.43629e-09
 Reference value :  7.44542e-09
 Reference value :  7.45274e-09
 Reference value :  7.46408e-09
 Reference value :  7.46755e-09
 Reference value :  7.47091e-09
 Reference value :  7.48206e-09
 Reference value :  7.48957e-09
 Reference value :  7.49591e-09
 Reference value :  7.50161e-09
 Reference value :  7.50604e-09
 Reference value :  7.51331e-09
 Reference value :  7.52151e-09
 Reference value :  7.52836e-09
 Reference value :  7.53749e-09
 Reference value :  7.54705e-09
 Reference value :  7.55360e-09
 Reference value :  7.55742e-09
 Reference value :  7.55759e-09
 Reference value :  7.56050e-09
 Reference value :  7.56549e-09
 Reference value :  7.57377e-09
 Reference value :  7.58198e-09
 Reference value :  7.59341e-09
 Reference value :  7.61072e-09
 Reference value :  7.63150e-09
 Reference value :  7.66040e-09
 Reference value :  7.68101e-09
 Reference value :  7.73011e-09
 Reference value :  7.79011e-09
 Reference value :  7.85011e-09
 Reference value :  7.91011e-09
 Reference value :  7.97011e-09
 Reference value :  8.05011e-09
 Reference value :  8.13011e-09
 Reference value :  8.21011e-09
 Reference value :  8.29011e-09
 Reference value :  8.41011e-09
 Reference value :  8.55011e-09
 Reference value :  8.67011e-09
 Reference value :  8.77011e-09
 Reference value :  8.87011e-09
 Reference value :  8.95011e-09
 Reference value :  9.03011e-09
 Reference value :  9.11011e-09
 Reference value :  9.17011e-09
 Reference value :  9.25011e-09
 Reference value :  9.33011e-09
 Reference value :  9.41011e-09
 Reference value :  9.49011e-09
 Reference value :  9.59011e-09
 Reference value :  9.67011e-09
 Reference value :  9.75011e-09
 Reference value :  9.81011e-09
 Reference value :  9.89011e-09
 Reference value :  9.95011e-09
 Reference value :  1.00501e-08
 Reference value :  1.01901e-08
 Reference value :  1.03301e-08
 Reference value :  1.04101e-08
 Reference value :  1.05101e-08
 Reference value :  1.05701e-08
 Reference value :  1.06501e-08
 Reference value :  1.07301e-08
 Reference value :  1.08101e-08
 Reference value :  1.08901e-08
 Reference value :  1.10101e-08
 Reference value :  1.10901e-08
 Reference value :  1.11111e-08
 Reference value :  1.11119e-08
 Reference value :  1.11144e-08
 Reference value :  1.11203e-08
 Reference value :  1.11277e-08
 Reference value :  1.11375e-08
 Reference value :  1.11505e-08
 Reference value :  1.11616e-08
 Reference value :  1.11740e-08
 Reference value :  1.11849e-08
 Reference value :  1.11925e-08
 Reference value :  1.11985e-08
 Reference value :  1.12045e-08
 Reference value :  1.12090e-08
 Reference value :  1.12136e-08
 Reference value :  1.12185e-08
 Reference value :  1.12240e-08
 Reference value :  1.12334e-08
 Reference value :  1.12395e-08
 Reference value :  1.12488e-08
 Reference value :  1.12582e-08
 Reference value :  1.12611e-08
 Reference value :  1.12617e-08
 Reference value :  1.12648e-08
 Reference value :  1.12701e-08
 Reference value :  1.12763e-08
 Reference value :  1.12841e-08
 Reference value :  1.12907e-08
 Reference value :  1.13033e-08
 Reference value :  1.13215e-08
 Reference value :  1.13381e-08
 Reference value :  1.13595e-08
 Reference value :  1.13786e-08
 Reference value :  1.14229e-08
 Reference value :  1.14629e-08
 Reference value :  1.15229e-08
 Reference value :  1.15829e-08
 Reference value :  1.16429e-08
 Reference value :  1.17429e-08
 Reference value :  1.18429e-08
 Reference value :  1.19229e-08
 Reference value :  1.20029e-08
 Reference value :  1.20829e-08
 Reference value :  1.21629e-08
 Reference value :  1.22429e-08
 Reference value :  1.23229e-08
 Reference value :  1.24229e-08
 Reference value :  1.25029e-08
 Reference value :  1.25829e-08
 Reference value :  1.26629e-08
 Reference value :  1.27829e-08
 Reference value :  1.28829e-08
 Reference value :  1.29629e-08
 Reference value :  1.30429e-08
 Reference value :  1.31029e-08
 Reference value :  1.31829e-08
 Reference value :  1.32629e-08
 Reference value :  1.33429e-08
 Reference value :  1.34429e-08
 Reference value :  1.35229e-08
 Reference value :  1.36029e-08
 Reference value :  1.37029e-08
 Reference value :  1.37629e-08
 Reference value :  1.38629e-08
 Reference value :  1.39429e-08
 Reference value :  1.40029e-08
 Reference value :  1.40829e-08
 Reference value :  1.41829e-08
 Reference value :  1.42829e-08
 Reference value :  1.43829e-08
 Reference value :  1.44829e-08
 Reference value :  1.45829e-08
 Reference value :  1.46629e-08
 Reference value :  1.47429e-08
 Reference value :  1.48148e-08
 Reference value :  1.48149e-08
 Reference value :  1.48154e-08
 Reference value :  1.48188e-08
 Reference value :  1.48249e-08
 Reference value :  1.48324e-08
 Reference value :  1.48429e-08
 Reference value :  1.48521e-08
 Reference value :  1.48594e-08
 Reference value :  1.48670e-08
 Reference value :  1.48743e-08
 Reference value :  1.48849e-08
 Reference value :  1.48928e-08
 Reference value :  1.48993e-08
 Reference value :  1.49054e-08
 Reference value :  1.49082e-08
 Reference value :  1.49128e-08
 Reference value :  1.49173e-08
 Reference value :  1.49249e-08
 Reference value :  1.49311e-08
 Reference value :  1.49342e-08
 Reference value :  1.49371e-08
 Reference value :  1.49400e-08
 Reference value :  1.49494e-08
 Reference value :  1.49590e-08
 Reference value :  1.49648e-08
 Reference value :  1.49651e-08
 Reference value :  1.49685e-08
 Reference value :  1.49738e-08
 Reference value :  1.49823e-08
 Reference value :  1.49909e-08
 Reference value :  1.50028e-08
 Reference value :  1.50156e-08
 Reference value :  1.50251e-08
 Reference value :  1.50417e-08
 Reference value :  1.50631e-08
 Reference value :  1.51084e-08
 Reference value :  1.51664e-08
 Reference value :  1.52264e-08
 Reference value :  1.52864e-08
 Reference value :  1.53864e-08
 Reference value :  1.54464e-08
 Reference value :  1.55064e-08
 Reference value :  1.56064e-08
 Reference value :  1.57064e-08
 Reference value :  1.57864e-08
 Reference value :  1.58864e-08
 Reference value :  1.59864e-08
 Reference value :  1.60664e-08
 Reference value :  1.61464e-08
 Reference value :  1.62264e-08
 Reference value :  1.63064e-08
 Reference value :  1.63864e-08
 Reference value :  1.64464e-08
 Reference value :  1.65264e-08
 Reference value :  1.65864e-08
 Reference value :  1.66664e-08
 Reference value :  1.67464e-08
 Reference value :  1.68264e-08
 Reference value :  1.68864e-08
 Reference value :  1.69664e-08
 Reference value :  1.70264e-08
 Reference value :  1.71064e-08
 Reference value :  1.71664e-08
 Reference value :  1.72464e-08
 Reference value :  1.73064e-08
 Reference value :  1.73664e-08
 Reference value :  1.74264e-08
 Reference value :  1.75064e-08
 Reference value :  1.76064e-08
 Reference value :  1.76664e-08
 Reference value :  1.77664e-08
 Reference value :  1.78264e-08
 Reference value :  1.79264e-08
 Reference value :  1.80064e-08
 Reference value :  1.80864e-08
 Reference value :  1.81664e-08
 Reference value :  1.82464e-08
 Reference value :  1.83064e-08
 Reference value :  1.83664e-08
 Reference value :  1.84664e-08
 Reference value :  1.85185e-08
 Reference value :  1.85185e-08
 Reference value :  1.85191e-08
 Reference value :  1.85209e-08
 Reference value :  1.85245e-08
 Reference value :  1.85362e-08
 Reference value :  1.85466e-08
 Reference value :  1.85559e-08
 Reference value :  1.85632e-08
 Reference value :  1.85745e-08
 Reference value :  1.85780e-08
 Reference value :  1.85852e-08
 Reference value :  1.85965e-08
 Reference value :  1.86030e-08
 Reference value :  1.86092e-08
 Reference value :  1.86143e-08
 Reference value :  1.86165e-08
 Reference value :  1.86211e-08
 Reference value :  1.86260e-08
 Reference value :  1.86348e-08
 Reference value :  1.86408e-08
 Reference value :  1.86469e-08
 Reference value :  1.86562e-08
 Reference value :  1.86656e-08
 Reference value :  1.86685e-08
 Reference value :  1.86688e-08
 Reference value :  1.86707e-08
 Reference value :  1.86721e-08
 Reference value :  1.86775e-08
 Reference value :  1.86815e-08
 Reference value :  1.86860e-08
 Reference value :  1.86945e-08
 Reference value :  1.87064e-08
 Reference value :  1.87149e-08
 Reference value :  1.87287e-08
 Reference value :  1.87453e-08
 Reference value :  1.87667e-08
 Reference value :  1.88119e-08
 Reference value :  1.88699e-08
 Reference value :  1.89499e-08
 Reference value :  1.90099e-08
 Reference value :  1.91099e-08
 Reference value :  1.91899e-08
 Reference value :  1.92699e-08
 Reference value :  1.93499e-08
 Reference value :  1.94499e-08
 Reference value :  1.95299e-08
 Reference value :  1.96499e-08
 Reference value :  1.97299e-08
 Reference value :  1.98099e-08
 Reference value :  1.99099e-08
 Reference value :  2.00099e-08
 Reference value :  2.01099e-08
 Reference value :  2.02299e-08
 Reference value :  2.03299e-08
 Reference value :  2.03899e-08
 Reference value :  2.04499e-08
 Reference value :  2.05299e-08
 Reference value :  2.06299e-08
 Reference value :  2.07099e-08
 Reference value :  2.07899e-08
 Reference value :  2.08699e-08
 Reference value :  2.09499e-08
 Reference value :  2.10299e-08
 Reference value :  2.10899e-08
 Reference value :  2.11699e-08
 Reference value :  2.12499e-08
 Reference value :  2.13499e-08
 Reference value :  2.14299e-08
 Reference value :  2.15099e-08
 Reference value :  2.15899e-08
 Reference value :  2.16699e-08
 Reference value :  2.17299e-08
 Reference value :  2.18099e-08
 Reference value :  2.18899e-08
 Reference value :  2.19699e-08
 Reference value :  2.20299e-08
 Reference value :  2.21299e-08
 Reference value :  2.21899e-08
 Reference value :  2.22222e-08
 Reference value :  2.22228e-08
 Reference value :  2.22262e-08
 Reference value :  2.22302e-08
 Reference value :  2.22372e-08
 Reference value :  2.22464e-08
 Reference value :  2.22596e-08
 Reference value :  2.22669e-08
 Reference value :  2.22782e-08
 Reference value :  2.22851e-08
 Reference value :  2.22923e-08
 Reference value :  2.23037e-08
 Reference value :  2.23097e-08
 Reference value :  2.23157e-08
 Reference value :  2.23202e-08
 Reference value :  2.23248e-08
 Reference value :  2.23323e-08
 Reference value :  2.23386e-08
 Reference value :  2.23445e-08
 Reference value :  2.23506e-08
 Reference value :  2.23600e-08
 Reference value :  2.23693e-08
 Reference value :  2.23722e-08
 Reference value :  2.23725e-08
 Reference value :  2.23744e-08
 Reference value :  2.23776e-08
 Reference value :  2.23831e-08
 Reference value :  2.23897e-08
 Reference value :  2.23982e-08
 Reference value :  2.24101e-08
 Reference value :  2.24230e-08
 Reference value :  2.24376e-08
 Reference value :  2.24554e-08
 Reference value :  2.24793e-08
 Reference value :  2.25335e-08
 Reference value :  2.26135e-08
 Reference value :  2.26735e-08
 Reference value :  2.27335e-08
 Reference value :  2.27935e-08
 Reference value :  2.28935e-08
 Reference value :  2.29735e-08
 Reference value :  2.30735e-08
 Reference value :  2.31735e-08
 Reference value :  2.32735e-08
 Reference value :  2.33335e-08
 Reference value :  2.33935e-08
 Reference value :  2.34535e-08
 Reference value :  2.35335e-08
 Reference value :  2.36335e-08
 Reference value :  2.37135e-08
 Reference value :  2.37935e-08
 Reference value :  2.38935e-08
 Reference value :  2.39735e-08
 Reference value :  2.40535e-08
 Reference value :  2.41135e-08
 Reference value :  2.41935e-08
 Reference value :  2.42735e-08
 Reference value :  2.43335e-08
 Reference value :  2.43935e-08
 Reference value :  2.44735e-08
 Reference value :  2.45535e-08
 Reference value :  2.46335e-08
 Reference value :  2.47135e-08
 Reference value :  2.47735e-08
 Reference value :  2.48735e-08
 Reference value :  2.49735e-08
 Reference value :  2.50335e-08
 Reference value :  2.51135e-08
 Reference value :  2.51935e-08
 Reference value :  2.52935e-08
 Reference value :  2.53935e-08
 Reference value :  2.54935e-08
 Reference value :  2.55535e-08
 Reference value :  2.56135e-08
 Reference value :  2.57135e-08
 Reference value :  2.58135e-08
 Reference value :  2.58935e-08
 Reference value :  2.59260e-08
 Reference value :  2.59271e-08
 Reference value :  2.59299e-08
 Reference value :  2.59361e-08
 Reference value :  2.59409e-08
 Reference value :  2.59501e-08
 Reference value :  2.59634e-08
 Reference value :  2.59706e-08
 Reference value :  2.59819e-08
 Reference value :  2.59888e-08
 Reference value :  2.60000e-08
 Reference value :  2.60104e-08
 Reference value :  2.60166e-08
 Reference value :  2.60218e-08
 Reference value :  2.60261e-08
 Reference value :  2.60334e-08
 Reference value :  2.60423e-08
 Reference value :  2.60454e-08
 Reference value :  2.60512e-08
 Reference value :  2.60605e-08
 Reference value :  2.60702e-08
 Reference value :  2.60759e-08
 Reference value :  2.60765e-08
 Reference value :  2.60781e-08
 Reference value :  2.60813e-08
 Reference value :  2.60888e-08
 Reference value :  2.60960e-08
 Reference value :  2.61054e-08
 Reference value :  2.61180e-08
 Reference value :  2.61313e-08
 Reference value :  2.61467e-08
 Reference value :  2.61662e-08
 Reference value :  2.61931e-08
 Reference value :  2.62192e-08
 Reference value :  2.62771e-08
 Reference value :  2.63371e-08
 Reference value :  2.63971e-08
 Reference value :  2.64571e-08
 Reference value :  2.65571e-08
 Reference value :  2.66571e-08
 Reference value :  2.67771e-08
 Reference value :  2.68571e-08
 Reference value :  2.69371e-08
 Reference value :  2.70171e-08
 Reference value :  2.70971e-08
 Reference value :  2.71971e-08
 Reference value :  2.72571e-08
 Reference value :  2.73371e-08
 Reference value :  2.74171e-08
 Reference value :  2.74971e-08
 Reference value :  2.75571e-08
 Reference value :  2.76171e-08
 Reference value :  2.76971e-08
 Reference value :  2.77771e-08
 Reference value :  2.78971e-08
 Reference value :  2.79771e-08
 Reference value :  2.80571e-08
 Reference value :  2.81571e-08
 Reference value :  2.82371e-08
 Reference value :  2.83171e-08
 Reference value :  2.83971e-08
 Reference value :  2.84771e-08
 Reference value :  2.85371e-08
 Reference value :  2.86171e-08
 Reference value :  2.86971e-08
 Reference value :  2.87571e-08
 Reference value :  2.88171e-08
 Reference value :  2.88971e-08
 Reference value :  2.89771e-08
 Reference value :  2.90571e-08
 Reference value :  2.91371e-08
 Reference value :  2.92171e-08
 Reference value :  2.92971e-08
 Reference value :  2.93771e-08
 Reference value :  2.94571e-08
 Reference value :  2.95571e-08
 Reference value :  2.96296e-08
 Reference value :  2.96297e-08
 Reference value :  2.96309e-08
 Reference value :  2.96340e-08
 Reference value :  2.96411e-08
 Reference value :  2.96470e-08
 Reference value :  2.96545e-08
 Reference value :  2.96666e-08
 Reference value :  2.96738e-08
 Reference value :  2.96813e-08
 Reference value :  2.96886e-08
 Reference value :  2.96958e-08
 Reference value :  2.97071e-08
 Reference value :  2.97135e-08
 Reference value :  2.97196e-08
 Reference value :  2.97248e-08
 Reference value :  2.97293e-08
 Reference value :  2.97367e-08
 Reference value :  2.97458e-08
 Reference value :  2.97489e-08
 Reference value :  2.97548e-08
 Reference value :  2.97644e-08
 Reference value :  2.97743e-08
 Reference value :  2.97796e-08
 Reference value :  2.97801e-08
 Reference value :  2.97830e-08
 Reference value :  2.97883e-08
 Reference value :  2.97945e-08
 Reference value :  2.98022e-08
 Reference value :  2.98088e-08
 Reference value :  2.98175e-08
 Reference value :  2.98257e-08
 Reference value :  2.98297e-08
 Reference value :  2.98308e-08
 Reference value :  2.98367e-08
 Reference value :  2.98488e-08
 Reference value :  2.98651e-08
 Reference value :  2.98863e-08
 Reference value :  2.99014e-08
 Reference value :  2.99291e-08
 Reference value :  2.99729e-08
 Reference value :  3.00329e-08
 Reference value :  3.00929e-08
 Reference value :  3.01529e-08
 Reference value :  3.02129e-08
 Reference value :  3.02529e-08
 Reference value :  3.03329e-08
 Reference value :  3.04129e-08
 Reference value :  3.05129e-08
 Reference value :  3.05929e-08
 Reference value :  3.06929e-08
 Reference value :  3.07729e-08
 Reference value :  3.08729e-08
 Reference value :  3.09729e-08
 Reference value :  3.10929e-08
 Reference value :  3.11729e-08
 Reference value :  3.12529e-08
 Reference value :  3.13529e-08
 Reference value :  3.14529e-08
 Reference value :  3.15729e-08
 Reference value :  3.16729e-08
 Reference value :  3.17729e-08
 Reference value :  3.18329e-08
 Reference value :  3.19529e-08
 Reference value :  3.20529e-08
 Reference value :  3.21129e-08
 Reference value :  3.21729e-08
 Reference value :  3.22329e-08
 Reference value :  3.23129e-08
 Reference value :  3.23929e-08
 Reference value :  3.24529e-08
 Reference value :  3.25329e-08
 Reference value :  3.26129e-08
 Reference value :  3.27329e-08
 Reference value :  3.28329e-08
 Reference value :  3.29329e-08
 Reference value :  3.30129e-08
 Reference value :  3.30929e-08
 Reference value :  3.31729e-08
 Reference value :  3.32529e-08
 Reference value :  3.33231e-08
 Reference value :  3.33333e-08
 Reference value :  3.33337e-08
 Reference value :  3.33365e-08
 Reference value :  3.33447e-08
 Reference value :  3.33526e-08
 Reference value :  3.33640e-08
 Reference value :  3.33726e-08
 Reference value :  3.33801e-08
 Reference value :  3.33917e-08
 Reference value :  3.33986e-08
 Reference value :  3.34100e-08
 Reference value :  3.34166e-08
 Reference value :  3.34226e-08
 Reference value :  3.34281e-08
 Reference value :  3.34328e-08
 Reference value :  3.34403e-08
 Reference value :  3.34488e-08
 Reference value :  3.34522e-08
 Reference value :  3.34584e-08
 Reference value :  3.34650e-08
 Reference value :  3.34749e-08
 Reference value :  3.34833e-08
 Reference value :  3.34834e-08
 Reference value :  3.34867e-08
 Reference value :  3.34920e-08
 Reference value :  3.35005e-08
 Reference value :  3.35059e-08
 Reference value :  3.35166e-08
 Reference value :  3.35300e-08
 Reference value :  3.35439e-08
 Reference value :  3.35541e-08
 Reference value :  3.35654e-08
 Reference value :  3.35933e-08
 Reference value :  3.36212e-08
 Reference value :  3.36589e-08
 Reference value :  3.37116e-08
 Reference value :  3.37716e-08
 Reference value :  3.38316e-08
 Reference value :  3.38916e-08
 Reference value :  3.39716e-08
 Reference value :  3.40516e-08
 Reference value :  3.41316e-08
 Reference value :  3.41916e-08
 Reference value :  3.42916e-08
 Reference value :  3.43916e-08
 Reference value :  3.44716e-08
 Reference value :  3.45316e-08
 Reference value :  3.45916e-08
 Reference value :  3.46516e-08
 Reference value :  3.47316e-08
 Reference value :  3.48116e-08
 Reference value :  3.48916e-08
 Reference value :  3.49916e-08
 Reference value :  3.51116e-08
 Reference value :  3.52116e-08
 Reference value :  3.52916e-08
 Reference value :  3.53716e-08
 Reference value :  3.54516e-08
 Reference value :  3.55316e-08
 Reference value :  3.56116e-08
 Reference value :  3.56716e-08
 Reference value :  3.57516e-08
 Reference value :  3.58116e-08
 Reference value :  3.58916e-08
 Reference value :  3.59716e-08
 Reference value :  3.60316e-08
 Reference value :  3.61116e-08
 Reference value :  3.62116e-08
 Reference value :  3.62916e-08
 Reference value :  3.63716e-08
 Reference value :  3.64516e-08
 Reference value :  3.65116e-08
 Reference value :  3.65916e-08
 Reference value :  3.66516e-08
 Reference value :  3.67316e-08
 Reference value :  3.68116e-08
 Reference value :  3.68916e-08
 Reference value :  3.69716e-08
 Reference value :  3.70371e-08
 Reference value :  3.70375e-08
 Reference value :  3.70407e-08
 Reference value :  3.70466e-08
 Reference value :  3.70541e-08
 Reference value :  3.70642e-08
 Reference value :  3.70771e-08
 Reference value :  3.70882e-08
 Reference value :  3.70967e-08
 Reference value :  3.71042e-08
 Reference value :  3.71115e-08
 Reference value :  3.71186e-08
 Reference value :  3.71244e-08
 Reference value :  3.71331e-08
 Reference value :  3.71378e-08
 Reference value :  3.71453e-08
 Reference value :  3.71543e-08
 Reference value :  3.71605e-08
 Reference value :  3.71737e-08
 Reference value :  3.71836e-08
 Reference value :  3.71870e-08
 Reference value :  3.71872e-08
 Reference value :  3.71886e-08
 Reference value :  3.71935e-08
 Reference value :  3.71992e-08
 Reference value :  3.72062e-08
 Reference value :  3.72153e-08
 Reference value :  3.72282e-08
 Reference value :  3.72371e-08
 Reference value :  3.72513e-08
 Reference value :  3.72619e-08
 Reference value :  3.72803e-08
 Reference value :  3.73033e-08
 Reference value :  3.73333e-08
 Reference value :  3.73590e-08
 Reference value :  3.73911e-08
 Reference value :  3.74502e-08
 Reference value :  3.75102e-08
 Reference value :  3.75702e-08
 Reference value :  3.76502e-08
 Reference value :  3.77302e-08
 Reference value :  3.77781e-08
 Reference value :  3.77788e-08
 Reference value :  3.77809e-08
 Reference value :  3.77966e-08
 Reference value :  3.78945e-08
 Reference value :  3.79745e-08
 Reference value :  3.80545e-08
 Reference value :  3.81313e-08
 Reference value :  3.81488e-08
 Reference value :  3.81502e-08
 Reference value :  3.81670e-08
 Reference value :  3.82449e-08
 Reference value :  3.83249e-08
 Reference value :  3.84049e-08
 Reference value :  3.85049e-08
 Reference value :  3.86049e-08
 Reference value :  3.86649e-08
 Reference value :  3.87249e-08
 Reference value :  3.88249e-08
 Reference value :  3.89049e-08
 Reference value :  3.89849e-08
 Reference value :  3.90449e-08
 Reference value :  3.91249e-08
 Reference value :  3.92049e-08
 Reference value :  3.92849e-08
 Reference value :  3.93649e-08
 Reference value :  3.94449e-08
 Reference value :  3.95049e-08
 Reference value :  3.95849e-08
 Reference value :  3.96297e-08
 Reference value :  3.96306e-08
 Reference value :  3.96317e-08
 Reference value :  3.96485e-08
 Reference value :  3.97664e-08
 Reference value :  3.98464e-08
 Reference value :  3.99264e-08
 Reference value :  4.00064e-08
 Reference value :  4.00864e-08
 Reference value :  4.01664e-08
 Reference value :  4.02864e-08
 Reference value :  4.03664e-08
 Reference value :  4.04264e-08
 Reference value :  4.05064e-08
 Reference value :  4.05864e-08
 Reference value :  4.06464e-08
 Reference value :  4.07407e-08
 Reference value :  4.07408e-08
 Reference value :  4.07420e-08
 Reference value :  4.07449e-08
 Reference value :  4.07511e-08
 Reference value :  4.07587e-08
 Reference value :  4.07693e-08
 Reference value :  4.07823e-08
 Reference value :  4.07858e-08
 Reference value :  4.07971e-08
 Reference value :  4.08040e-08
 Reference value :  4.08152e-08
 Reference value :  4.08227e-08
 Reference value :  4.08284e-08
 Reference value :  4.08375e-08
 Reference value :  4.08450e-08
 Reference value :  4.08528e-08
 Reference value :  4.08633e-08
 Reference value :  4.08732e-08
 Reference value :  4.08831e-08
 Reference value :  4.08885e-08
 Reference value :  4.08908e-08
 Reference value :  4.08911e-08
 Reference value :  4.08923e-08
 Reference value :  4.08971e-08
 Reference value :  4.09008e-08
 Reference value :  4.09073e-08
 Reference value :  4.09156e-08
 Reference value :  4.09272e-08
 Reference value :  4.09406e-08
 Reference value :  4.09499e-08
 Reference value :  4.09654e-08
 Reference value :  4.09772e-08
 Reference value :  4.09908e-08
 Reference value :  4.10157e-08
 Reference value :  4.10486e-08
 Reference value :  4.10941e-08
 Reference value :  4.11331e-08
 Reference value :  4.11931e-08
 Reference value :  4.12331e-08
 Reference value :  4.12931e-08
 Reference value :  4.13931e-08
 Reference value :  4.14731e-08
 Reference value :  4.15531e-08
 Reference value :  4.16331e-08
 Reference value :  4.17331e-08
 Reference value :  4.18331e-08
 Reference value :  4.18525e-08
 Reference value :  4.18539e-08
 Reference value :  4.18886e-08
 Reference value :  4.19886e-08
 Reference value :  4.20486e-08
 Reference value :  4.21286e-08
 Reference value :  4.22086e-08
 Reference value :  4.22886e-08
 Reference value :  4.23686e-08
 Reference value :  4.24686e-08
 Reference value :  4.25686e-08
 Reference value :  4.26686e-08
 Reference value :  4.27486e-08
 Reference value :  4.28286e-08
 Reference value :  4.29086e-08
 Reference value :  4.29886e-08
 Reference value :  4.30686e-08
 Reference value :  4.31486e-08
 Reference value :  4.32286e-08
 Reference value :  4.33086e-08
 Reference value :  4.33334e-08
 Reference value :  4.33345e-08
 Reference value :  4.33522e-08
 Reference value :  4.34101e-08
 Reference value :  4.35101e-08
 Reference value :  4.35701e-08
 Reference value :  4.36501e-08
 Reference value :  4.37301e-08
 Reference value :  4.38101e-08
 Reference value :  4.38901e-08
 Reference value :  4.39501e-08
 Reference value :  4.40101e-08
 Reference value :  4.40701e-08
 Reference value :  4.41701e-08
 Reference value :  4.42301e-08
 Reference value :  4.43301e-08
 Reference value :  4.44101e-08
 Reference value :  4.44445e-08
 Reference value :  4.44447e-08
 Reference value :  4.44457e-08
 Reference value :  4.44486e-08
 Reference value :  4.44548e-08
 Reference value :  4.44596e-08
 Reference value :  4.44690e-08
 Reference value :  4.44823e-08
 Reference value :  4.44895e-08
 Reference value :  4.45008e-08
 Reference value :  4.45077e-08
 Reference value :  4.45150e-08
 Reference value :  4.45230e-08
 Reference value :  4.45293e-08
 Reference value :  4.45351e-08
 Reference value :  4.45463e-08
 Reference value :  4.45537e-08
 Reference value :  4.45597e-08
 Reference value :  4.45704e-08
 Reference value :  4.45802e-08
 Reference value :  4.45901e-08
 Reference value :  4.45945e-08
 Reference value :  4.45946e-08
 Reference value :  4.45976e-08
 Reference value :  4.46008e-08
 Reference value :  4.46065e-08
 Reference value :  4.46136e-08
 Reference value :  4.46226e-08
 Reference value :  4.46355e-08
 Reference value :  4.46443e-08
 Reference value :  4.46585e-08
 Reference value :  4.46748e-08
 Reference value :  4.46875e-08
 Reference value :  4.47021e-08
 Reference value :  4.47293e-08
 Reference value :  4.47659e-08
 Reference value :  4.48168e-08
 Reference value :  4.48768e-08
 Reference value :  4.49368e-08
 Reference value :  4.49968e-08
 Reference value :  4.50568e-08
 Reference value :  4.51368e-08
 Reference value :  4.52568e-08
 Reference value :  4.53568e-08
 Reference value :  4.54368e-08
 Reference value :  4.55168e-08
 Reference value :  4.55559e-08
 Reference value :  4.55568e-08
 Reference value :  4.55610e-08
 Reference value :  4.56323e-08
 Reference value :  4.56923e-08
 Reference value :  4.57523e-08
 Reference value :  4.58323e-08
 Reference value :  4.59323e-08
 Reference value :  4.59923e-08
 Reference value :  4.60523e-08
 Reference value :  4.61323e-08
 Reference value :  4.61923e-08
 Reference value :  4.62723e-08
 Reference value :  4.63523e-08
 Reference value :  4.64323e-08
 Reference value :  4.65323e-08
 Reference value :  4.66123e-08
 Reference value :  4.66723e-08
 Reference value :  4.67523e-08
 Reference value :  4.68323e-08
 Reference value :  4.69323e-08
 Reference value :  4.69923e-08
 Reference value :  4.70370e-08
 Reference value :  4.70380e-08
 Reference value :  4.70391e-08
 Reference value :  4.70738e-08
 Reference value :  4.71738e-08
 Reference value :  4.72738e-08
 Reference value :  4.73538e-08
 Reference value :  4.74338e-08
 Reference value :  4.75338e-08
 Reference value :  4.76138e-08
 Reference value :  4.76738e-08
 Reference value :  4.77938e-08
 Reference value :  4.79138e-08
 Reference value :  4.80138e-08
 Reference value :  4.81138e-08
 Reference value :  4.81482e-08
 Reference value :  4.81488e-08
 Reference value :  4.81523e-08
 Reference value :  4.81585e-08
 Reference value :  4.81661e-08
 Reference value :  4.81767e-08
 Reference value :  4.81897e-08
 Reference value :  4.82009e-08
 Reference value :  4.82080e-08
 Reference value :  4.82152e-08
 Reference value :  4.82226e-08
 Reference value :  4.82301e-08
 Reference value :  4.82358e-08
 Reference value :  4.82449e-08
 Reference value :  4.82524e-08
 Reference value :  4.82602e-08
 Reference value :  4.82707e-08
 Reference value :  4.82773e-08
 Reference value :  4.82839e-08
 Reference value :  4.82938e-08
 Reference value :  4.82982e-08
 Reference value :  4.82983e-08
 Reference value :  4.82997e-08
 Reference value :  4.83045e-08
 Reference value :  4.83083e-08
 Reference value :  4.83147e-08
 Reference value :  4.83230e-08
 Reference value :  4.83346e-08
 Reference value :  4.83480e-08
 Reference value :  4.83622e-08
 Reference value :  4.83785e-08
 Reference value :  4.84058e-08
 Reference value :  4.84440e-08
 Reference value :  4.84846e-08
 Reference value :  4.85405e-08
 Reference value :  4.86005e-08
 Reference value :  4.86605e-08
 Reference value :  4.87205e-08
 Reference value :  4.87805e-08
 Reference value :  4.88405e-08
 Reference value :  4.89205e-08
 Reference value :  4.90005e-08
 Reference value :  4.90805e-08
 Reference value :  4.91605e-08
 Reference value :  4.92405e-08
 Reference value :  4.92599e-08
 Reference value :  4.92607e-08
 Reference value :  4.92691e-08
 Reference value :  4.93360e-08
 Reference value :  4.94360e-08
 Reference value :  4.95160e-08
 Reference value :  4.95760e-08
 Reference value :  4.96560e-08
 Reference value :  4.97360e-08
 Reference value :  4.98160e-08
 Reference value :  4.98960e-08
 Reference value :  4.99560e-08
 Reference value :  5.00360e-08
 Reference value :  5.01160e-08
 Reference value :  5.01960e-08
 Reference value :  5.02960e-08
 Reference value :  5.03760e-08
 Reference value :  5.04360e-08
 Reference value :  5.04960e-08
 Reference value :  5.05760e-08
 Reference value :  5.06560e-08
 Reference value :  5.07407e-08
 Reference value :  5.07417e-08
 Reference value :  5.07428e-08
 Reference value :  5.07596e-08
 Reference value :  5.08575e-08
 Reference value :  5.09175e-08
 Reference value :  5.09775e-08
 Reference value :  5.10375e-08
 Reference value :  5.11175e-08
 Reference value :  5.11975e-08
 Reference value :  5.12775e-08
 Reference value :  5.13575e-08
 Reference value :  5.14175e-08
 Reference value :  5.14975e-08
 Reference value :  5.15775e-08
 Reference value :  5.16375e-08
 Reference value :  5.16975e-08
 Reference value :  5.17775e-08
 Reference value :  5.18347e-08
 Reference value :  5.18519e-08
 Reference value :  5.18531e-08
 Reference value :  5.18560e-08
 Reference value :  5.18622e-08
 Reference value :  5.18698e-08
 Reference value :  5.18804e-08
 Reference value :  5.18897e-08
 Reference value :  5.18970e-08
 Reference value :  5.19083e-08
 Reference value :  5.19151e-08
 Reference value :  5.19263e-08
 Reference value :  5.19338e-08
 Reference value :  5.19395e-08
 Reference value :  5.19486e-08
 Reference value :  5.19586e-08
 Reference value :  5.19671e-08
 Reference value :  5.19778e-08
 Reference value :  5.19876e-08
 Reference value :  5.19975e-08
 Reference value :  5.20019e-08
 Reference value :  5.20020e-08
 Reference value :  5.20034e-08
 Reference value :  5.20082e-08
 Reference value :  5.20120e-08
 Reference value :  5.20184e-08
 Reference value :  5.20267e-08
 Reference value :  5.20383e-08
 Reference value :  5.20517e-08
 Reference value :  5.20610e-08
 Reference value :  5.20765e-08
 Reference value :  5.20883e-08
 Reference value :  5.21095e-08
 Reference value :  5.21477e-08
 Reference value :  5.21883e-08
 Reference value :  5.22442e-08
 Reference value :  5.23242e-08
 Reference value :  5.23842e-08
 Reference value :  5.24442e-08
 Reference value :  5.25242e-08
 Reference value :  5.26042e-08
 Reference value :  5.26842e-08
 Reference value :  5.27442e-08
 Reference value :  5.28242e-08
 Reference value :  5.29042e-08
 Reference value :  5.29636e-08
 Reference value :  5.29650e-08
 Reference value :  5.29997e-08
 Reference value :  5.30997e-08
 Reference value :  5.31997e-08
 Reference value :  5.32797e-08
 Reference value :  5.33797e-08
 Reference value :  5.34797e-08
 Reference value :  5.35797e-08
 Reference value :  5.36797e-08
 Reference value :  5.37797e-08
 Reference value :  5.38597e-08
 Reference value :  5.39397e-08
 Reference value :  5.40197e-08
 Reference value :  5.40997e-08
 Reference value :  5.41797e-08
 Reference value :  5.42597e-08
 Reference value :  5.43197e-08
 Reference value :  5.43997e-08
 Reference value :  5.44444e-08
 Reference value :  5.44457e-08
 Reference value :  5.44633e-08
 Reference value :  5.45212e-08
 Reference value :  5.46012e-08
 Reference value :  5.47212e-08
 Reference value :  5.48412e-08
 Reference value :  5.49212e-08
 Reference value :  5.50012e-08
 Reference value :  5.50812e-08
 Reference value :  5.51612e-08
 Reference value :  5.52412e-08
 Reference value :  5.53212e-08
 Reference value :  5.54212e-08
 Reference value :  5.55212e-08
 Reference value :  5.55556e-08
 Reference value :  5.55562e-08
 Reference value :  5.55581e-08
 Reference value :  5.55617e-08
 Reference value :  5.55735e-08
 Reference value :  5.55841e-08
 Reference value :  5.55971e-08
 Reference value :  5.56044e-08
 Reference value :  5.56120e-08
 Reference value :  5.56188e-08
 Reference value :  5.56341e-08
 Reference value :  5.56404e-08
 Reference value :  5.56432e-08
 Reference value :  5.56494e-08
 Reference value :  5.56550e-08
 Reference value :  5.56623e-08
 Reference value :  5.56676e-08
 Reference value :  5.56781e-08
 Reference value :  5.56880e-08
 Reference value :  5.57012e-08
 Reference value :  5.57056e-08
 Reference value :  5.57057e-08
 Reference value :  5.57087e-08
 Reference value :  5.57119e-08
 Reference value :  5.57177e-08
 Reference value :  5.57273e-08
 Reference value :  5.57377e-08
 Reference value :  5.57509e-08
 Reference value :  5.57600e-08
 Reference value :  5.57748e-08
 Reference value :  5.57920e-08
 Reference value :  5.58215e-08
 Reference value :  5.58635e-08
 Reference value :  5.59089e-08
 Reference value :  5.59679e-08
 Reference value :  5.60279e-08
 Reference value :  5.60879e-08
 Reference value :  5.61679e-08
 Reference value :  5.62479e-08
 Reference value :  5.63079e-08
 Reference value :  5.64079e-08
 Reference value :  5.65079e-08
 Reference value :  5.65879e-08
 Reference value :  5.66479e-08
 Reference value :  5.66677e-08
 Reference value :  5.66687e-08
 Reference value :  5.67034e-08
 Reference value :  5.67634e-08
 Reference value :  5.68434e-08
 Reference value :  5.69234e-08
 Reference value :  5.70034e-08
 Reference value :  5.70834e-08
 Reference value :  5.71834e-08
 Reference value :  5.72634e-08
 Reference value :  5.73634e-08
 Reference value :  5.74434e-08
 Reference value :  5.75234e-08
 Reference value :  5.75834e-08
 Reference value :  5.76634e-08
 Reference value :  5.77434e-08
 Reference value :  5.78434e-08
 Reference value :  5.79434e-08
 Reference value :  5.80234e-08
 Reference value :  5.80834e-08
 Reference value :  5.81481e-08
 Reference value :  5.81491e-08
 Reference value :  5.81502e-08
 Reference value :  5.81670e-08
 Reference value :  5.82249e-08
 Reference value :  5.83049e-08
 Reference value :  5.83649e-08
 Reference value :  5.84649e-08
 Reference value :  5.85186e-08
 Reference value :  5.85196e-08
 Reference value :  5.85217e-08
 Reference value :  5.85553e-08
 Reference value :  5.86353e-08
 Reference value :  5.86953e-08
 Reference value :  5.87553e-08
 Reference value :  5.88353e-08
 Reference value :  5.89553e-08
 Reference value :  5.90353e-08
 Reference value :  5.90953e-08
 Reference value :  5.91553e-08
 Reference value :  5.92353e-08
 Reference value :  5.92593e-08
 Reference value :  5.92597e-08
 Reference value :  5.92647e-08
 Reference value :  5.92687e-08
 Reference value :  5.92761e-08
 Reference value :  5.92824e-08
 Reference value :  5.92952e-08
 Reference value :  5.93026e-08
 Reference value :  5.93144e-08
 Reference value :  5.93261e-08
 Reference value :  5.93377e-08
 Reference value :  5.93440e-08
 Reference value :  5.93469e-08
 Reference value :  5.93560e-08
 Reference value :  5.93635e-08
 Reference value :  5.93713e-08
 Reference value :  5.93818e-08
 Reference value :  5.93917e-08
 Reference value :  5.94015e-08
 Reference value :  5.94070e-08
 Reference value :  5.94093e-08
 Reference value :  5.94096e-08
 Reference value :  5.94124e-08
 Reference value :  5.94157e-08
 Reference value :  5.94214e-08
 Reference value :  5.94284e-08
 Reference value :  5.94374e-08
 Reference value :  5.94458e-08
 Reference value :  5.94592e-08
 Reference value :  5.94734e-08
 Reference value :  5.94958e-08
 Reference value :  5.95094e-08
 Reference value :  5.95253e-08
 Reference value :  5.95552e-08
 Reference value :  5.96128e-08
 Reference value :  5.96718e-08
 Reference value :  5.97118e-08
 Reference value :  5.97518e-08
 Reference value :  5.98118e-08
 Reference value :  5.98918e-08
 Reference value :  5.99718e-08
 Reference value :  6.00318e-08
 Reference value :  6.01318e-08
 Reference value :  6.02118e-08
 Reference value :  6.02918e-08
 Reference value :  6.03518e-08
 Reference value :  6.04118e-08
 Reference value :  6.05118e-08
 Reference value :  6.06518e-08
 Reference value :  6.07118e-08
 Reference value :  6.08118e-08
 Reference value :  6.08918e-08
 Reference value :  6.09718e-08
No. of Data Rows : 4482
m_ui_ref            =  3.70370e-09 targ=  3.71120e-08 trig=  3.34083e-08
m_spa_in            =  1.48148e-08 targ=  4.82231e-08 trig=  3.34083e-08
m_spb_in            =  1.11111e-08 targ=  4.45194e-08 trig=  3.34083e-08
m_spa_c0            =  1.48148e-08 targ=  4.82945e-08 trig=  3.34796e-08
m_spb_c0            =  1.11111e-08 targ=  4.45908e-08 trig=  3.34796e-08
m_trise_c0          =  -3.33167e-08 targ=  3.83472e-09 trig=  3.71514e-08
m_tfall_c0          =  1.12003e-08 targ=  4.09264e-08 trig=  2.97261e-08
m_spa_c1            =  1.48148e-08 targ=  4.83329e-08 trig=  3.35181e-08
m_spb_c1            =  1.11111e-08 targ=  4.46292e-08 trig=  3.35181e-08
m_trise_c1          =  -7.35212e-09 targ=  2.98190e-08 trig=  3.71712e-08
m_tfall_c1          =  7.55094e-09 targ=  4.10184e-08 trig=  3.34674e-08
m_spa_mux           =  1.48148e-08 targ=  4.82872e-08 trig=  3.34724e-08
m_spb_mux           =  1.11111e-08 targ=  4.45835e-08 trig=  3.34724e-08
m_spa_c2            =  1.48148e-08 targ=  4.83659e-08 trig=  3.35511e-08
m_spb_c2            =  1.11111e-08 targ=  4.46622e-08 trig=  3.35511e-08
m_trise_c2          =  2.47126e-10 targ=  3.74288e-08 trig=  3.71816e-08
m_tfall_c2          =  2.47056e-10 targ=  4.11324e-08 trig=  4.08853e-08
m_spa_cmis          =  1.48148e-08 targ=  4.83469e-08 trig=  3.35320e-08
m_spb_cmis          =  1.11101e-08 targ=  4.46421e-08 trig=  3.35320e-08
m_dj_ui_c0 = 5.3999995684e-06
m_swing_c0 = 4.9533711800e-01
m_vpp_c0 = 5.0108724464e-01
m_vcm_c0 = 3.0522796122e+00
m_dj_ui_c1 = 5.3999995684e-06
m_swing_c1 = 4.9535195134e-01
m_vpp_c1 = 4.9816278111e-01
m_vcm_c1 = 3.0522744902e+00
m_dj_ui_mux = 5.3999995684e-06
m_dj_ui_drv_c1 = 0.0000000000e+00
m_dj_ui_c2 = 5.3999995675e-06
m_swing_c2 = 4.9523249441e-01
m_vpp_c2 = 4.9697361656e-01
m_vcm_c2 = 3.0523239457e+00
m_dj_ui_cmis = 2.7539997797e-04
m_swing_cmis = 4.9523153921e-01
m_swing_avcclo = 4.9500476691e-01
m_vcm_avcclo = 2.7224397028e+00
m_swing_avcchi = 4.9570299308e-01
m_vcm_avcchi = 3.3821053497e+00
m_vgs_sw_max = 1.5489541357e+00
m_vgd_sw_max = 1.8728398258e+00
m_vds_sw_max = 2.6084890488e+00
m_vgs_tail_max = 1.2722512281e+00
m_vds_tail_max = 1.1227976987e+00
m_vmux_dc = 7.9522221888e-01
m_swing_dc = 4.9442719092e-01
m_vcm_dc = 3.0527202746e+00
m_ioff_dc = 1.3225987809e-06
m_itail_dc = 9.8911890160e-03
m_icell_dc = 1.0391189016e-02
Note: Simulation executed from .control section 

