
Note: No compatibility mode selected!


Circuit: * cml-driver-eye-realmux @ ss_-40c_3.30v_742p5mbps -- generated by sim/harness, do not edit

Doing analysis at TEMP = -40.000000 and TNOM = 27.000000

Using SPARSE 1.3 as Direct Linear Solver

Initial Transient Solution
--------------------------

Node                                   Voltage
----                                   -------
vdd                                        3.3
avcc                                       3.3
avcclo                                    2.97
avcchi                                    3.63
clkp                                      1.98
clkn                                      0.99
d0p                                      2.805
d0n                                      1.815
d1p                                      2.805
d1n                                      1.815
d0pz                                     2.805
d0nz                                     1.815
clkpz                                     1.98
clknz                                     0.99
ckref                                     0.99
win                                          0
winc                                         0
xmux_c0.top                            2.83335
xmux_c0.xrc.11                         2.85787
xmux_c0.xrc.21                         3.27547
mp_c0                                  1.89235
xmux_c0.xrlp.11                        1.91688
xmux_c0.xrlp.21                        2.80882
mn_c0                                  2.83335
xmux_c0.xrln.11                        2.83335
xmux_c0.xrln.21                        2.83335
xmux_c0.ibias                          1.20691
xmux_c0.xrref.11                       1.21988
xmux_c0.xrref.21                       3.28703
xmux_c0.sa                             1.27367
xmux_c0.sb                             1.89235
xmux_c0.tail                          0.654028
outp_c0                                2.80044
xc0.tail                               1.24248
outn_c0                                    3.3
ib_c0                                  1.26321
vd_c0                                 0.499561
xmux_c1.top                            2.83335
xmux_c1.xrc.11                         2.85787
xmux_c1.xrc.21                         3.27547
mp_c1                                  1.89235
xmux_c1.xrlp.11                        1.91688
xmux_c1.xrlp.21                        2.80882
mn_c1                                  2.83335
xmux_c1.xrln.11                        2.83335
xmux_c1.xrln.21                        2.83335
xmux_c1.ibias                          1.20691
xmux_c1.xrref.11                       1.21988
xmux_c1.xrref.21                       3.28703
xmux_c1.sa                             1.27367
xmux_c1.sb                             1.89235
xmux_c1.tail                          0.654028
outp_c1                                2.80044
xc1.tail                               1.24248
outn_c1                                    3.3
ib_c1                                  1.26321
vd_c1                                 0.499561
muxref                                0.940992
xmux_c2.top                            2.83335
xmux_c2.xrc.11                         2.85787
xmux_c2.xrc.21                         3.27547
mp_c2                                  1.89235
xmux_c2.xrlp.11                        1.91688
xmux_c2.xrlp.21                        2.80882
mn_c2                                  2.83335
xmux_c2.xrln.11                        2.83335
xmux_c2.xrln.21                        2.83335
xmux_c2.ibias                          1.20691
xmux_c2.xrref.11                       1.21988
xmux_c2.xrref.21                       3.28703
xmux_c2.sa                             1.27367
xmux_c2.sb                             1.89235
xmux_c2.tail                          0.654028
outp_c2                                2.80044
xc2.tail                               1.24248
outn_c2                                    3.3
ib_c2                                  1.26321
vd_c2                                 0.499561
xmux_cmis.top                          2.83335
xmux_cmis.xrc.11                       2.85787
xmux_cmis.xrc.21                       3.27547
mp_cm                                  1.89235
xmux_cmis.xrlp.11                      1.91688
xmux_cmis.xrlp.21                      2.80882
mn_cm                                  2.83335
xmux_cmis.xrln.11                      2.83335
xmux_cmis.xrln.21                      2.83335
xmux_cmis.ibias                        1.20691
xmux_cmis.xrref.11                     1.21988
xmux_cmis.xrref.21                     3.28703
xmux_cmis.sa                           1.27367
xmux_cmis.sb                           1.89235
xmux_cmis.tail                        0.654028
outp_cmis                              2.80044
xcmis.tail                             1.24248
outn_cmis                                  3.3
ib_cmis                                1.26321
vd_cmis                               0.499561
xmux_vlo.top                           2.83335
xmux_vlo.xrc.11                        2.85787
xmux_vlo.xrc.21                        3.27547
mp_vlo                                 1.89235
xmux_vlo.xrlp.11                       1.91688
xmux_vlo.xrlp.21                       2.80882
mn_vlo                                 2.83335
xmux_vlo.xrln.11                       2.83335
xmux_vlo.xrln.21                       2.83335
xmux_vlo.ibias                         1.20691
xmux_vlo.xrref.11                      1.21988
xmux_vlo.xrref.21                      3.28703
xmux_vlo.sa                            1.27367
xmux_vlo.sb                            1.89235
xmux_vlo.tail                         0.654028
outp_vlo                               2.47074
xvlo.tail                              1.22823
outn_vlo                                  2.97
ib_vlo                                 1.26321
xmux_vhi.top                           2.83335
xmux_vhi.xrc.11                        2.85787
xmux_vhi.xrc.21                        3.27547
mp_vhi                                 1.89235
xmux_vhi.xrlp.11                       1.91688
xmux_vhi.xrlp.21                       2.80882
mn_vhi                                 2.83335
xmux_vhi.xrln.11                       2.83335
xmux_vhi.xrln.21                       2.83335
xmux_vhi.ibias                         1.20691
xmux_vhi.xrref.11                      1.21988
xmux_vhi.xrref.21                      3.28703
xmux_vhi.sa                            1.27367
xmux_vhi.sb                            1.89235
xmux_vhi.tail                         0.654028
outp_vhi                               3.13015
xvhi.tail                              1.25595
outn_vhi                                  3.63
ib_vhi                                 1.26321
xmux_z.top                             2.83335
xmux_z.xrc.11                          2.85787
xmux_z.xrc.21                          3.27547
mp_z                                   1.89235
xmux_z.xrlp.11                         1.91688
xmux_z.xrlp.21                         2.80882
mn_z                                   2.83335
xmux_z.xrln.11                         2.83335
xmux_z.xrln.21                         2.83335
xmux_z.ibias                           1.20691
xmux_z.xrref.11                        1.21988
xmux_z.xrref.21                        3.28703
xmux_z.sa                              1.27367
xmux_z.sb                              2.18209
xmux_z.tail                           0.654028
outp_z                                 2.80044
xz.tail                                1.24248
vss_z                                        0
outn_z                                     3.3
ib_z                                   1.26321
vmuxz                                 0.940992
emuxz#branch                                 0
ediff_cmis#branch                            0
ediff_c2#branch                              0
emuxref#branch                               0
ediff_c1#branch                              0
ediff_c0#branch                              0
eckref#branch                                0
vsens_z#branch                       0.0104912
vwinc#branch                                 0
vwin#branch                                  0
vclknz#branch                                0
vclkpz#branch                                0
vd0nz#branch                                 0
vd0pz#branch                                 0
vd1n#branch                                  0
vd1p#branch                                  0
vd0n#branch                                  0
vd0p#branch                                  0
vclkn#branch                                 0
vclkp#branch                                 0
vavcchi#branch                       -0.009997
vavcclo#branch                     -0.00998513
vavcc#branch                        -0.0499561
vvdd#branch                         -0.0546218

 Reference value :  0.00000e+00
 Reference value :  8.00000e-13
 Reference value :  1.28000e-11
 Reference value :  1.05600e-10
 Reference value :  2.05600e-10
 Reference value :  2.85600e-10
 Reference value :  3.65600e-10
 Reference value :  4.65600e-10
 Reference value :  5.45600e-10
 Reference value :  6.25600e-10
 Reference value :  7.25600e-10
 Reference value :  7.85600e-10
 Reference value :  8.65600e-10
 Reference value :  9.65600e-10
 Reference value :  1.04560e-09
 Reference value :  1.12560e-09
 Reference value :  1.20560e-09
 Reference value :  1.28560e-09
 Reference value :  1.34680e-09
 Reference value :  1.34684e-09
 Reference value :  1.34718e-09
 Reference value :  1.35177e-09
 Reference value :  1.36058e-09
 Reference value :  1.36980e-09
 Reference value :  1.38109e-09
 Reference value :  1.38832e-09
 Reference value :  1.39485e-09
 Reference value :  1.40215e-09
 Reference value :  1.40987e-09
 Reference value :  1.42046e-09
 Reference value :  1.42717e-09
 Reference value :  1.43229e-09
 Reference value :  1.44188e-09
 Reference value :  1.44590e-09
 Reference value :  1.45261e-09
 Reference value :  1.46184e-09
 Reference value :  1.46744e-09
 Reference value :  1.47300e-09
 Reference value :  1.48432e-09
 Reference value :  1.49368e-09
 Reference value :  1.49682e-09
 Reference value :  1.49740e-09
 Reference value :  1.50080e-09
 Reference value :  1.50632e-09
 Reference value :  1.51547e-09
 Reference value :  1.52510e-09
 Reference value :  1.53665e-09
 Reference value :  1.54880e-09
 Reference value :  1.56318e-09
 Reference value :  1.58124e-09
 Reference value :  1.60662e-09
 Reference value :  1.64840e-09
 Reference value :  1.70671e-09
 Reference value :  1.76671e-09
 Reference value :  1.82671e-09
 Reference value :  1.88671e-09
 Reference value :  1.98671e-09
 Reference value :  2.06671e-09
 Reference value :  2.18671e-09
 Reference value :  2.30671e-09
 Reference value :  2.42671e-09
 Reference value :  2.50671e-09
 Reference value :  2.58671e-09
 Reference value :  2.66671e-09
 Reference value :  2.69362e-09
 Reference value :  2.69383e-09
 Reference value :  2.69553e-09
 Reference value :  2.70118e-09
 Reference value :  2.70814e-09
 Reference value :  2.71402e-09
 Reference value :  2.72625e-09
 Reference value :  2.73384e-09
 Reference value :  2.74052e-09
 Reference value :  2.75101e-09
 Reference value :  2.75765e-09
 Reference value :  2.76813e-09
 Reference value :  2.77127e-09
 Reference value :  2.77422e-09
 Reference value :  2.78306e-09
 Reference value :  2.78716e-09
 Reference value :  2.79415e-09
 Reference value :  2.80240e-09
 Reference value :  2.80896e-09
 Reference value :  2.81462e-09
 Reference value :  2.82630e-09
 Reference value :  2.83936e-09
 Reference value :  2.84362e-09
 Reference value :  2.84439e-09
 Reference value :  2.84839e-09
 Reference value :  2.85413e-09
 Reference value :  2.86372e-09
 Reference value :  2.87385e-09
 Reference value :  2.88526e-09
 Reference value :  2.89764e-09
 Reference value :  2.90715e-09
 Reference value :  2.92457e-09
 Reference value :  2.94886e-09
 Reference value :  2.98928e-09
 Reference value :  3.06654e-09
 Reference value :  3.12654e-09
 Reference value :  3.16654e-09
 Reference value :  3.26654e-09
 Reference value :  3.36654e-09
 Reference value :  3.48654e-09
 Reference value :  3.58654e-09
 Reference value :  3.66654e-09
 Reference value :  3.76654e-09
 Reference value :  3.84654e-09
 Reference value :  3.94654e-09
 Reference value :  4.00654e-09
 Reference value :  4.04042e-09
 Reference value :  4.04068e-09
 Reference value :  4.04276e-09
 Reference value :  4.04642e-09
 Reference value :  4.05296e-09
 Reference value :  4.06161e-09
 Reference value :  4.07391e-09
 Reference value :  4.08164e-09
 Reference value :  4.09149e-09
 Reference value :  4.11014e-09
 Reference value :  4.12013e-09
 Reference value :  4.12918e-09
 Reference value :  4.13338e-09
 Reference value :  4.13777e-09
 Reference value :  4.14820e-09
 Reference value :  4.15815e-09
 Reference value :  4.16405e-09
 Reference value :  4.17265e-09
 Reference value :  4.18210e-09
 Reference value :  4.19040e-09
 Reference value :  4.19044e-09
 Reference value :  4.19119e-09
 Reference value :  4.19519e-09
 Reference value :  4.19875e-09
 Reference value :  4.20510e-09
 Reference value :  4.21316e-09
 Reference value :  4.22413e-09
 Reference value :  4.23170e-09
 Reference value :  4.24405e-09
 Reference value :  4.25875e-09
 Reference value :  4.27781e-09
 Reference value :  4.30536e-09
 Reference value :  4.37151e-09
 Reference value :  4.45151e-09
 Reference value :  4.53151e-09
 Reference value :  4.61151e-09
 Reference value :  4.71151e-09
 Reference value :  4.83151e-09
 Reference value :  4.93151e-09
 Reference value :  5.01151e-09
 Reference value :  5.07151e-09
 Reference value :  5.17151e-09
 Reference value :  5.25151e-09
 Reference value :  5.33151e-09
 Reference value :  5.38726e-09
 Reference value :  5.38843e-09
 Reference value :  5.39338e-09
 Reference value :  5.39996e-09
 Reference value :  5.40544e-09
 Reference value :  5.42103e-09
 Reference value :  5.42878e-09
 Reference value :  5.43536e-09
 Reference value :  5.44666e-09
 Reference value :  5.45735e-09
 Reference value :  5.46431e-09
 Reference value :  5.47352e-09
 Reference value :  5.47840e-09
 Reference value :  5.48254e-09
 Reference value :  5.48970e-09
 Reference value :  5.49533e-09
 Reference value :  5.50189e-09
 Reference value :  5.50764e-09
 Reference value :  5.51652e-09
 Reference value :  5.52539e-09
 Reference value :  5.53475e-09
 Reference value :  5.53722e-09
 Reference value :  5.53802e-09
 Reference value :  5.54209e-09
 Reference value :  5.54564e-09
 Reference value :  5.54971e-09
 Reference value :  5.55719e-09
 Reference value :  5.56735e-09
 Reference value :  5.57489e-09
 Reference value :  5.58675e-09
 Reference value :  5.60057e-09
 Reference value :  5.61791e-09
 Reference value :  5.64212e-09
 Reference value :  5.68229e-09
 Reference value :  5.73947e-09
 Reference value :  5.81947e-09
 Reference value :  5.87947e-09
 Reference value :  5.95947e-09
 Reference value :  6.07947e-09
 Reference value :  6.15947e-09
 Reference value :  6.25947e-09
 Reference value :  6.33947e-09
 Reference value :  6.43947e-09
 Reference value :  6.51947e-09
 Reference value :  6.61947e-09
 Reference value :  6.71674e-09
 Reference value :  6.73429e-09
 Reference value :  6.73806e-09
 Reference value :  6.74663e-09
 Reference value :  6.75530e-09
 Reference value :  6.76762e-09
 Reference value :  6.77536e-09
 Reference value :  6.78195e-09
 Reference value :  6.79322e-09
 Reference value :  6.80388e-09
 Reference value :  6.81086e-09
 Reference value :  6.82009e-09
 Reference value :  6.82506e-09
 Reference value :  6.82919e-09
 Reference value :  6.83633e-09
 Reference value :  6.84510e-09
 Reference value :  6.85193e-09
 Reference value :  6.85783e-09
 Reference value :  6.86643e-09
 Reference value :  6.87250e-09
 Reference value :  6.88172e-09
 Reference value :  6.88402e-09
 Reference value :  6.88419e-09
 Reference value :  6.88718e-09
 Reference value :  6.89052e-09
 Reference value :  6.89640e-09
 Reference value :  6.90111e-09
 Reference value :  6.90676e-09
 Reference value :  6.92148e-09
 Reference value :  6.93333e-09
 Reference value :  6.94710e-09
 Reference value :  6.95810e-09
 Reference value :  6.97926e-09
 Reference value :  7.01194e-09
 Reference value :  7.06510e-09
 Reference value :  7.12510e-09
 Reference value :  7.18510e-09
 Reference value :  7.24510e-09
 Reference value :  7.34510e-09
 Reference value :  7.42510e-09
 Reference value :  7.52510e-09
 Reference value :  7.58510e-09
 Reference value :  7.70510e-09
 Reference value :  7.82510e-09
 Reference value :  7.90510e-09
 Reference value :  8.00510e-09
 Reference value :  8.08081e-09
 Reference value :  8.08087e-09
 Reference value :  8.08204e-09
 Reference value :  8.08497e-09
 Reference value :  8.08900e-09
 Reference value :  8.09905e-09
 Reference value :  8.11025e-09
 Reference value :  8.12239e-09
 Reference value :  8.13225e-09
 Reference value :  8.14401e-09
 Reference value :  8.15466e-09
 Reference value :  8.16089e-09
 Reference value :  8.16987e-09
 Reference value :  8.17401e-09
 Reference value :  8.17842e-09
 Reference value :  8.18599e-09
 Reference value :  8.19212e-09
 Reference value :  8.19845e-09
 Reference value :  8.20435e-09
 Reference value :  8.21295e-09
 Reference value :  8.21900e-09
 Reference value :  8.22590e-09
 Reference value :  8.23082e-09
 Reference value :  8.23100e-09
 Reference value :  8.23245e-09
 Reference value :  8.23740e-09
 Reference value :  8.24331e-09
 Reference value :  8.25372e-09
 Reference value :  8.26472e-09
 Reference value :  8.27625e-09
 Reference value :  8.28925e-09
 Reference value :  8.30522e-09
 Reference value :  8.31860e-09
 Reference value :  8.33571e-09
 Reference value :  8.35950e-09
 Reference value :  8.41306e-09
 Reference value :  8.47306e-09
 Reference value :  8.51306e-09
 Reference value :  8.57306e-09
 Reference value :  8.63306e-09
 Reference value :  8.69306e-09
 Reference value :  8.77306e-09
 Reference value :  8.87306e-09
 Reference value :  8.97306e-09
 Reference value :  9.03306e-09
 Reference value :  9.09306e-09
 Reference value :  9.17306e-09
 Reference value :  9.25306e-09
 Reference value :  9.33306e-09
 Reference value :  9.41033e-09
 Reference value :  9.42763e-09
 Reference value :  9.42820e-09
 Reference value :  9.43001e-09
 Reference value :  9.43368e-09
 Reference value :  9.44023e-09
 Reference value :  9.44569e-09
 Reference value :  9.45681e-09
 Reference value :  9.46897e-09
 Reference value :  9.47555e-09
 Reference value :  9.48279e-09
 Reference value :  9.49395e-09
 Reference value :  9.50447e-09
 Reference value :  9.50745e-09
 Reference value :  9.51369e-09
 Reference value :  9.51866e-09
 Reference value :  9.52279e-09
 Reference value :  9.53261e-09
 Reference value :  9.54554e-09
 Reference value :  9.55424e-09
 Reference value :  9.56305e-09
 Reference value :  9.57304e-09
 Reference value :  9.57762e-09
 Reference value :  9.57780e-09
 Reference value :  9.58079e-09
 Reference value :  9.58595e-09
 Reference value :  9.59230e-09
 Reference value :  9.59745e-09
 Reference value :  9.60754e-09
 Reference value :  9.62284e-09
 Reference value :  9.63581e-09
 Reference value :  9.65170e-09
 Reference value :  9.68199e-09
 Reference value :  9.73958e-09
 Reference value :  9.81870e-09
 Reference value :  9.87870e-09
 Reference value :  9.93870e-09
 Reference value :  9.99870e-09
 Reference value :  1.00787e-08
 Reference value :  1.01387e-08
 Reference value :  1.01987e-08
 Reference value :  1.02587e-08
 Reference value :  1.03187e-08
 Reference value :  1.03987e-08
 Reference value :  1.05187e-08
 Reference value :  1.06387e-08
 Reference value :  1.07566e-08
 Reference value :  1.07745e-08
 Reference value :  1.07769e-08
 Reference value :  1.07811e-08
 Reference value :  1.07888e-08
 Reference value :  1.07994e-08
 Reference value :  1.08110e-08
 Reference value :  1.08177e-08
 Reference value :  1.08280e-08
 Reference value :  1.08350e-08
 Reference value :  1.08417e-08
 Reference value :  1.08487e-08
 Reference value :  1.08547e-08
 Reference value :  1.08634e-08
 Reference value :  1.08676e-08
 Reference value :  1.08748e-08
 Reference value :  1.08833e-08
 Reference value :  1.08900e-08
 Reference value :  1.08930e-08
 Reference value :  1.08993e-08
 Reference value :  1.09086e-08
 Reference value :  1.09189e-08
 Reference value :  1.09244e-08
 Reference value :  1.09254e-08
 Reference value :  1.09279e-08
 Reference value :  1.09354e-08
 Reference value :  1.09452e-08
 Reference value :  1.09559e-08
 Reference value :  1.09683e-08
 Reference value :  1.09744e-08
 Reference value :  1.09745e-08
 Reference value :  1.09762e-08
 Reference value :  1.09857e-08
 Reference value :  1.09945e-08
 Reference value :  1.10103e-08
 Reference value :  1.10449e-08
 Reference value :  1.10830e-08
 Reference value :  1.11733e-08
 Reference value :  1.12533e-08
 Reference value :  1.13133e-08
 Reference value :  1.13933e-08
 Reference value :  1.14733e-08
 Reference value :  1.15533e-08
 Reference value :  1.16533e-08
 Reference value :  1.17533e-08
 Reference value :  1.18333e-08
 Reference value :  1.19133e-08
 Reference value :  1.20133e-08
 Reference value :  1.20733e-08
 Reference value :  1.21212e-08
 Reference value :  1.21213e-08
 Reference value :  1.21232e-08
 Reference value :  1.21268e-08
 Reference value :  1.21334e-08
 Reference value :  1.21417e-08
 Reference value :  1.21582e-08
 Reference value :  1.21647e-08
 Reference value :  1.21751e-08
 Reference value :  1.21821e-08
 Reference value :  1.21889e-08
 Reference value :  1.21958e-08
 Reference value :  1.22016e-08
 Reference value :  1.22104e-08
 Reference value :  1.22155e-08
 Reference value :  1.22204e-08
 Reference value :  1.22283e-08
 Reference value :  1.22381e-08
 Reference value :  1.22473e-08
 Reference value :  1.22537e-08
 Reference value :  1.22643e-08
 Reference value :  1.22712e-08
 Reference value :  1.22715e-08
 Reference value :  1.22738e-08
 Reference value :  1.22773e-08
 Reference value :  1.22854e-08
 Reference value :  1.22934e-08
 Reference value :  1.23003e-08
 Reference value :  1.23124e-08
 Reference value :  1.23241e-08
 Reference value :  1.23376e-08
 Reference value :  1.23482e-08
 Reference value :  1.23744e-08
 Reference value :  1.24123e-08
 Reference value :  1.24544e-08
 Reference value :  1.25108e-08
 Reference value :  1.25708e-08
 Reference value :  1.26508e-08
 Reference value :  1.27308e-08
 Reference value :  1.28108e-08
 Reference value :  1.29108e-08
 Reference value :  1.29908e-08
 Reference value :  1.30508e-08
 Reference value :  1.31108e-08
 Reference value :  1.31708e-08
 Reference value :  1.32308e-08
 Reference value :  1.33108e-08
 Reference value :  1.34108e-08
 Reference value :  1.34680e-08
 Reference value :  1.34693e-08
 Reference value :  1.34743e-08
 Reference value :  1.34835e-08
 Reference value :  1.34934e-08
 Reference value :  1.35020e-08
 Reference value :  1.35098e-08
 Reference value :  1.35163e-08
 Reference value :  1.35238e-08
 Reference value :  1.35310e-08
 Reference value :  1.35419e-08
 Reference value :  1.35483e-08
 Reference value :  1.35511e-08
 Reference value :  1.35571e-08
 Reference value :  1.35623e-08
 Reference value :  1.35672e-08
 Reference value :  1.35782e-08
 Reference value :  1.35848e-08
 Reference value :  1.35940e-08
 Reference value :  1.36040e-08
 Reference value :  1.36144e-08
 Reference value :  1.36180e-08
 Reference value :  1.36187e-08
 Reference value :  1.36243e-08
 Reference value :  1.36304e-08
 Reference value :  1.36351e-08
 Reference value :  1.36439e-08
 Reference value :  1.36518e-08
 Reference value :  1.36631e-08
 Reference value :  1.36797e-08
 Reference value :  1.36952e-08
 Reference value :  1.37073e-08
 Reference value :  1.37214e-08
 Reference value :  1.37380e-08
 Reference value :  1.37394e-08
 Reference value :  1.37709e-08
 Reference value :  1.38169e-08
 Reference value :  1.38721e-08
 Reference value :  1.38727e-08
 Reference value :  1.38733e-08
 Reference value :  1.38909e-08
 Reference value :  1.39488e-08
 Reference value :  1.40088e-08
 Reference value :  1.40888e-08
 Reference value :  1.41688e-08
 Reference value :  1.42288e-08
 Reference value :  1.43288e-08
 Reference value :  1.43998e-08
 Reference value :  1.44114e-08
 Reference value :  1.44123e-08
 Reference value :  1.44296e-08
 Reference value :  1.45475e-08
 Reference value :  1.46275e-08
 Reference value :  1.47075e-08
 Reference value :  1.47875e-08
 Reference value :  1.48148e-08
 Reference value :  1.48150e-08
 Reference value :  1.48158e-08
 Reference value :  1.48185e-08
 Reference value :  1.48245e-08
 Reference value :  1.48323e-08
 Reference value :  1.48429e-08
 Reference value :  1.48517e-08
 Reference value :  1.48551e-08
 Reference value :  1.48617e-08
 Reference value :  1.48722e-08
 Reference value :  1.48789e-08
 Reference value :  1.48893e-08
 Reference value :  1.48951e-08
 Reference value :  1.49008e-08
 Reference value :  1.49066e-08
 Reference value :  1.49114e-08
 Reference value :  1.49165e-08
 Reference value :  1.49250e-08
 Reference value :  1.49346e-08
 Reference value :  1.49408e-08
 Reference value :  1.49508e-08
 Reference value :  1.49612e-08
 Reference value :  1.49649e-08
 Reference value :  1.49655e-08
 Reference value :  1.49692e-08
 Reference value :  1.49748e-08
 Reference value :  1.49816e-08
 Reference value :  1.49904e-08
 Reference value :  1.49982e-08
 Reference value :  1.50058e-08
 Reference value :  1.50174e-08
 Reference value :  1.50261e-08
 Reference value :  1.50359e-08
 Reference value :  1.50472e-08
 Reference value :  1.50674e-08
 Reference value :  1.50938e-08
 Reference value :  1.51311e-08
 Reference value :  1.51828e-08
 Reference value :  1.52190e-08
 Reference value :  1.52199e-08
 Reference value :  1.52203e-08
 Reference value :  1.52377e-08
 Reference value :  1.52956e-08
 Reference value :  1.53556e-08
 Reference value :  1.54356e-08
 Reference value :  1.55356e-08
 Reference value :  1.56156e-08
 Reference value :  1.56956e-08
 Reference value :  1.57466e-08
 Reference value :  1.57582e-08
 Reference value :  1.57591e-08
 Reference value :  1.57675e-08
 Reference value :  1.58143e-08
 Reference value :  1.58943e-08
 Reference value :  1.59543e-08
 Reference value :  1.60143e-08
 Reference value :  1.60943e-08
 Reference value :  1.61616e-08
 Reference value :  1.61616e-08
 Reference value :  1.61618e-08
 Reference value :  1.61635e-08
 Reference value :  1.61672e-08
 Reference value :  1.61737e-08
 Reference value :  1.61821e-08
 Reference value :  1.62019e-08
 Reference value :  1.62085e-08
 Reference value :  1.62190e-08
 Reference value :  1.62257e-08
 Reference value :  1.62361e-08
 Reference value :  1.62419e-08
 Reference value :  1.62476e-08
 Reference value :  1.62534e-08
 Reference value :  1.62582e-08
 Reference value :  1.62659e-08
 Reference value :  1.62718e-08
 Reference value :  1.62784e-08
 Reference value :  1.62876e-08
 Reference value :  1.62976e-08
 Reference value :  1.63116e-08
 Reference value :  1.63117e-08
 Reference value :  1.63130e-08
 Reference value :  1.63178e-08
 Reference value :  1.63237e-08
 Reference value :  1.63310e-08
 Reference value :  1.63410e-08
 Reference value :  1.63486e-08
 Reference value :  1.63602e-08
 Reference value :  1.63729e-08
 Reference value :  1.63882e-08
 Reference value :  1.64002e-08
 Reference value :  1.64221e-08
 Reference value :  1.64517e-08
 Reference value :  1.65107e-08
 Reference value :  1.65657e-08
 Reference value :  1.65667e-08
 Reference value :  1.65711e-08
 Reference value :  1.66024e-08
 Reference value :  1.66824e-08
 Reference value :  1.67824e-08
 Reference value :  1.68624e-08
 Reference value :  1.69624e-08
 Reference value :  1.70824e-08
 Reference value :  1.71047e-08
 Reference value :  1.71056e-08
 Reference value :  1.71075e-08
 Reference value :  1.71611e-08
 Reference value :  1.72411e-08
 Reference value :  1.73011e-08
 Reference value :  1.73811e-08
 Reference value :  1.74611e-08
 Reference value :  1.75084e-08
 Reference value :  1.75094e-08
 Reference value :  1.75121e-08
 Reference value :  1.75181e-08
 Reference value :  1.75259e-08
 Reference value :  1.75411e-08
 Reference value :  1.75487e-08
 Reference value :  1.75553e-08
 Reference value :  1.75658e-08
 Reference value :  1.75725e-08
 Reference value :  1.75829e-08
 Reference value :  1.75888e-08
 Reference value :  1.75944e-08
 Reference value :  1.76002e-08
 Reference value :  1.76050e-08
 Reference value :  1.76101e-08
 Reference value :  1.76186e-08
 Reference value :  1.76252e-08
 Reference value :  1.76315e-08
 Reference value :  1.76408e-08
 Reference value :  1.76513e-08
 Reference value :  1.76584e-08
 Reference value :  1.76591e-08
 Reference value :  1.76646e-08
 Reference value :  1.76705e-08
 Reference value :  1.76778e-08
 Reference value :  1.76918e-08
 Reference value :  1.76994e-08
 Reference value :  1.77110e-08
 Reference value :  1.77244e-08
 Reference value :  1.77408e-08
 Reference value :  1.77610e-08
 Reference value :  1.77875e-08
 Reference value :  1.78247e-08
 Reference value :  1.78764e-08
 Reference value :  1.79125e-08
 Reference value :  1.79137e-08
 Reference value :  1.79179e-08
 Reference value :  1.79492e-08
 Reference value :  1.79892e-08
 Reference value :  1.80492e-08
 Reference value :  1.81092e-08
 Reference value :  1.81692e-08
 Reference value :  1.82492e-08
 Reference value :  1.83092e-08
 Reference value :  1.83892e-08
 Reference value :  1.84402e-08
 Reference value :  1.84522e-08
 Reference value :  1.84527e-08
 Reference value :  1.84611e-08
 Reference value :  1.85279e-08
 Reference value :  1.86079e-08
 Reference value :  1.86879e-08
 Reference value :  1.87479e-08
 Reference value :  1.88279e-08
 Reference value :  1.88552e-08
 Reference value :  1.88557e-08
 Reference value :  1.88589e-08
 Reference value :  1.88649e-08
 Reference value :  1.88698e-08
 Reference value :  1.88757e-08
 Reference value :  1.88879e-08
 Reference value :  1.88986e-08
 Reference value :  1.89126e-08
 Reference value :  1.89193e-08
 Reference value :  1.89297e-08
 Reference value :  1.89356e-08
 Reference value :  1.89470e-08
 Reference value :  1.89518e-08
 Reference value :  1.89595e-08
 Reference value :  1.89689e-08
 Reference value :  1.89750e-08
 Reference value :  1.89845e-08
 Reference value :  1.89912e-08
 Reference value :  1.90016e-08
 Reference value :  1.90053e-08
 Reference value :  1.90079e-08
 Reference value :  1.90133e-08
 Reference value :  1.90195e-08
 Reference value :  1.90276e-08
 Reference value :  1.90346e-08
 Reference value :  1.90422e-08
 Reference value :  1.90578e-08
 Reference value :  1.90818e-08
 Reference value :  1.90938e-08
 Reference value :  1.91245e-08
 Reference value :  1.91577e-08
 Reference value :  1.91870e-08
 Reference value :  1.92412e-08
 Reference value :  1.92596e-08
 Reference value :  1.92603e-08
 Reference value :  1.92624e-08
 Reference value :  1.92960e-08
 Reference value :  1.93760e-08
 Reference value :  1.94360e-08
 Reference value :  1.95160e-08
 Reference value :  1.95760e-08
 Reference value :  1.96560e-08
 Reference value :  1.97560e-08
 Reference value :  1.97980e-08
 Reference value :  1.97986e-08
 Reference value :  1.97992e-08
 Reference value :  1.98079e-08
 Reference value :  1.99147e-08
 Reference value :  1.99947e-08
 Reference value :  2.00747e-08
 Reference value :  2.01747e-08
 Reference value :  2.02020e-08
 Reference value :  2.02022e-08
 Reference value :  2.02040e-08
 Reference value :  2.02097e-08
 Reference value :  2.02225e-08
 Reference value :  2.02347e-08
 Reference value :  2.02423e-08
 Reference value :  2.02521e-08
 Reference value :  2.02594e-08
 Reference value :  2.02661e-08
 Reference value :  2.02765e-08
 Reference value :  2.02824e-08
 Reference value :  2.02880e-08
 Reference value :  2.02938e-08
 Reference value :  2.02986e-08
 Reference value :  2.03091e-08
 Reference value :  2.03188e-08
 Reference value :  2.03218e-08
 Reference value :  2.03313e-08
 Reference value :  2.03413e-08
 Reference value :  2.03520e-08
 Reference value :  2.03521e-08
 Reference value :  2.03548e-08
 Reference value :  2.03601e-08
 Reference value :  2.03663e-08
 Reference value :  2.03744e-08
 Reference value :  2.03814e-08
 Reference value :  2.03890e-08
 Reference value :  2.04006e-08
 Reference value :  2.04133e-08
 Reference value :  2.04286e-08
 Reference value :  2.04473e-08
 Reference value :  2.04713e-08
 Reference value :  2.05045e-08
 Reference value :  2.05511e-08
 Reference value :  2.06061e-08
 Reference value :  2.06071e-08
 Reference value :  2.06081e-08
 Reference value :  2.06249e-08
 Reference value :  2.06628e-08
 Reference value :  2.07028e-08
 Reference value :  2.07628e-08
 Reference value :  2.08228e-08
 Reference value :  2.08828e-08
 Reference value :  2.09628e-08
 Reference value :  2.10428e-08
 Reference value :  2.11028e-08
 Reference value :  2.11449e-08
 Reference value :  2.11458e-08
 Reference value :  2.11468e-08
 Reference value :  2.11547e-08
 Reference value :  2.12216e-08
 Reference value :  2.12796e-08
 Reference value :  2.12807e-08
 Reference value :  2.12894e-08
 Reference value :  2.13362e-08
 Reference value :  2.13962e-08
 Reference value :  2.14562e-08
 Reference value :  2.15325e-08
 Reference value :  2.15489e-08
 Reference value :  2.15499e-08
 Reference value :  2.15527e-08
 Reference value :  2.15589e-08
 Reference value :  2.15667e-08
 Reference value :  2.15777e-08
 Reference value :  2.15898e-08
 Reference value :  2.15964e-08
 Reference value :  2.16035e-08
 Reference value :  2.16105e-08
 Reference value :  2.16175e-08
 Reference value :  2.16250e-08
 Reference value :  2.16308e-08
 Reference value :  2.16393e-08
 Reference value :  2.16441e-08
 Reference value :  2.16518e-08
 Reference value :  2.16606e-08
 Reference value :  2.16669e-08
 Reference value :  2.16731e-08
 Reference value :  2.16826e-08
 Reference value :  2.16895e-08
 Reference value :  2.16988e-08
 Reference value :  2.16989e-08
 Reference value :  2.16998e-08
 Reference value :  2.17023e-08
 Reference value :  2.17078e-08
 Reference value :  2.17143e-08
 Reference value :  2.17227e-08
 Reference value :  2.17340e-08
 Reference value :  2.17456e-08
 Reference value :  2.17579e-08
 Reference value :  2.17674e-08
 Reference value :  2.17844e-08
 Reference value :  2.17978e-08
 Reference value :  2.18231e-08
 Reference value :  2.18584e-08
 Reference value :  2.19076e-08
 Reference value :  2.19676e-08
 Reference value :  2.20276e-08
 Reference value :  2.20876e-08
 Reference value :  2.21476e-08
 Reference value :  2.22076e-08
 Reference value :  2.22876e-08
 Reference value :  2.23676e-08
 Reference value :  2.24676e-08
 Reference value :  2.25476e-08
 Reference value :  2.26076e-08
 Reference value :  2.26876e-08
 Reference value :  2.27876e-08
 Reference value :  2.28676e-08
 Reference value :  2.28956e-08
 Reference value :  2.28959e-08
 Reference value :  2.28976e-08
 Reference value :  2.29012e-08
 Reference value :  2.29078e-08
 Reference value :  2.29162e-08
 Reference value :  2.29284e-08
 Reference value :  2.29360e-08
 Reference value :  2.29426e-08
 Reference value :  2.29531e-08
 Reference value :  2.29598e-08
 Reference value :  2.29702e-08
 Reference value :  2.29761e-08
 Reference value :  2.29788e-08
 Reference value :  2.29849e-08
 Reference value :  2.29932e-08
 Reference value :  2.30037e-08
 Reference value :  2.30204e-08
 Reference value :  2.30301e-08
 Reference value :  2.30405e-08
 Reference value :  2.30456e-08
 Reference value :  2.30465e-08
 Reference value :  2.30506e-08
 Reference value :  2.30562e-08
 Reference value :  2.30631e-08
 Reference value :  2.30723e-08
 Reference value :  2.30799e-08
 Reference value :  2.30835e-08
 Reference value :  2.30952e-08
 Reference value :  2.31079e-08
 Reference value :  2.31235e-08
 Reference value :  2.31425e-08
 Reference value :  2.31671e-08
 Reference value :  2.31884e-08
 Reference value :  2.32313e-08
 Reference value :  2.32682e-08
 Reference value :  2.33082e-08
 Reference value :  2.33682e-08
 Reference value :  2.34082e-08
 Reference value :  2.34482e-08
 Reference value :  2.35082e-08
 Reference value :  2.36282e-08
 Reference value :  2.36882e-08
 Reference value :  2.37482e-08
 Reference value :  2.38082e-08
 Reference value :  2.38882e-08
 Reference value :  2.39682e-08
 Reference value :  2.40682e-08
 Reference value :  2.41482e-08
 Reference value :  2.42424e-08
 Reference value :  2.42425e-08
 Reference value :  2.42436e-08
 Reference value :  2.42484e-08
 Reference value :  2.42550e-08
 Reference value :  2.42636e-08
 Reference value :  2.42759e-08
 Reference value :  2.42836e-08
 Reference value :  2.42902e-08
 Reference value :  2.43015e-08
 Reference value :  2.43121e-08
 Reference value :  2.43191e-08
 Reference value :  2.43247e-08
 Reference value :  2.43332e-08
 Reference value :  2.43381e-08
 Reference value :  2.43431e-08
 Reference value :  2.43514e-08
 Reference value :  2.43578e-08
 Reference value :  2.43608e-08
 Reference value :  2.43638e-08
 Reference value :  2.43732e-08
 Reference value :  2.43870e-08
 Reference value :  2.43924e-08
 Reference value :  2.43926e-08
 Reference value :  2.43943e-08
 Reference value :  2.43975e-08
 Reference value :  2.44012e-08
 Reference value :  2.44077e-08
 Reference value :  2.44160e-08
 Reference value :  2.44234e-08
 Reference value :  2.44308e-08
 Reference value :  2.44424e-08
 Reference value :  2.44508e-08
 Reference value :  2.44654e-08
 Reference value :  2.44833e-08
 Reference value :  2.44977e-08
 Reference value :  2.45252e-08
 Reference value :  2.45640e-08
 Reference value :  2.46176e-08
 Reference value :  2.46776e-08
 Reference value :  2.47576e-08
 Reference value :  2.48376e-08
 Reference value :  2.49376e-08
 Reference value :  2.50376e-08
 Reference value :  2.51376e-08
 Reference value :  2.52376e-08
 Reference value :  2.53176e-08
 Reference value :  2.54176e-08
 Reference value :  2.54776e-08
 Reference value :  2.55892e-08
 Reference value :  2.55893e-08
 Reference value :  2.55898e-08
 Reference value :  2.55931e-08
 Reference value :  2.55993e-08
 Reference value :  2.56070e-08
 Reference value :  2.56179e-08
 Reference value :  2.56300e-08
 Reference value :  2.56366e-08
 Reference value :  2.56474e-08
 Reference value :  2.56577e-08
 Reference value :  2.56683e-08
 Reference value :  2.56740e-08
 Reference value :  2.56795e-08
 Reference value :  2.56844e-08
 Reference value :  2.56921e-08
 Reference value :  2.57008e-08
 Reference value :  2.57072e-08
 Reference value :  2.57163e-08
 Reference value :  2.57297e-08
 Reference value :  2.57392e-08
 Reference value :  2.57395e-08
 Reference value :  2.57413e-08
 Reference value :  2.57446e-08
 Reference value :  2.57483e-08
 Reference value :  2.57548e-08
 Reference value :  2.57632e-08
 Reference value :  2.57746e-08
 Reference value :  2.57901e-08
 Reference value :  2.58032e-08
 Reference value :  2.58251e-08
 Reference value :  2.58462e-08
 Reference value :  2.58745e-08
 Reference value :  2.59142e-08
 Reference value :  2.59689e-08
 Reference value :  2.60289e-08
 Reference value :  2.60889e-08
 Reference value :  2.61489e-08
 Reference value :  2.62289e-08
 Reference value :  2.63289e-08
 Reference value :  2.64089e-08
 Reference value :  2.64689e-08
 Reference value :  2.65489e-08
 Reference value :  2.66289e-08
 Reference value :  2.67089e-08
 Reference value :  2.68089e-08
 Reference value :  2.69360e-08
 Reference value :  2.69360e-08
 Reference value :  2.69360e-08
 Reference value :  2.69360e-08
 Reference value :  2.69360e-08
 Reference value :  2.69360e-08
 Reference value :  2.69360e-08
 Reference value :  2.69360e-08
 Reference value :  2.69360e-08
 Reference value :  2.69360e-08
 Reference value :  2.69360e-08
 Reference value :  2.69361e-08
 Reference value :  2.69364e-08
 Reference value :  2.69380e-08
 Reference value :  2.69400e-08
 Reference value :  2.69412e-08
 Reference value :  2.69451e-08
 Reference value :  2.69486e-08
 Reference value :  2.69534e-08
 Reference value :  2.69549e-08
 Reference value :  2.69598e-08
 Reference value :  2.69663e-08
 Reference value :  2.69739e-08
 Reference value :  2.69863e-08
 Reference value :  2.70002e-08
 Reference value :  2.70110e-08
 Reference value :  2.70170e-08
 Reference value :  2.70226e-08
 Reference value :  2.70301e-08
 Reference value :  2.70345e-08
 Reference value :  2.70394e-08
 Reference value :  2.70449e-08
 Reference value :  2.70514e-08
 Reference value :  2.70574e-08
 Reference value :  2.70636e-08
 Reference value :  2.70698e-08
 Reference value :  2.70793e-08
 Reference value :  2.70860e-08
 Reference value :  2.70874e-08
 Reference value :  2.70904e-08
 Reference value :  2.70959e-08
 Reference value :  2.71002e-08
 Reference value :  2.71114e-08
 Reference value :  2.71267e-08
 Reference value :  2.71389e-08
 Reference value :  2.71482e-08
 Reference value :  2.71588e-08
 Reference value :  2.71870e-08
 Reference value :  2.72207e-08
 Reference value :  2.72560e-08
 Reference value :  2.73160e-08
 Reference value :  2.73560e-08
 Reference value :  2.73960e-08
 Reference value :  2.74560e-08
 Reference value :  2.75360e-08
 Reference value :  2.76560e-08
 Reference value :  2.77560e-08
 Reference value :  2.78560e-08
 Reference value :  2.79560e-08
 Reference value :  2.80560e-08
 Reference value :  2.81160e-08
 Reference value :  2.81960e-08
 Reference value :  2.82694e-08
 Reference value :  2.82828e-08
 Reference value :  2.82831e-08
 Reference value :  2.82848e-08
 Reference value :  2.82904e-08
 Reference value :  2.82974e-08
 Reference value :  2.83068e-08
 Reference value :  2.83197e-08
 Reference value :  2.83262e-08
 Reference value :  2.83327e-08
 Reference value :  2.83398e-08
 Reference value :  2.83432e-08
 Reference value :  2.83500e-08
 Reference value :  2.83570e-08
 Reference value :  2.83631e-08
 Reference value :  2.83720e-08
 Reference value :  2.83762e-08
 Reference value :  2.83829e-08
 Reference value :  2.83911e-08
 Reference value :  2.83977e-08
 Reference value :  2.84034e-08
 Reference value :  2.84093e-08
 Reference value :  2.84181e-08
 Reference value :  2.84245e-08
 Reference value :  2.84328e-08
 Reference value :  2.84328e-08
 Reference value :  2.84332e-08
 Reference value :  2.84376e-08
 Reference value :  2.84453e-08
 Reference value :  2.84529e-08
 Reference value :  2.84631e-08
 Reference value :  2.84745e-08
 Reference value :  2.84915e-08
 Reference value :  2.85017e-08
 Reference value :  2.85209e-08
 Reference value :  2.85381e-08
 Reference value :  2.85620e-08
 Reference value :  2.85964e-08
 Reference value :  2.86557e-08
 Reference value :  2.86957e-08
 Reference value :  2.87357e-08
 Reference value :  2.87957e-08
 Reference value :  2.88957e-08
 Reference value :  2.90157e-08
 Reference value :  2.91157e-08
 Reference value :  2.92357e-08
 Reference value :  2.93357e-08
 Reference value :  2.94357e-08
 Reference value :  2.95557e-08
 Reference value :  2.96296e-08
 Reference value :  2.96299e-08
 Reference value :  2.96320e-08
 Reference value :  2.96357e-08
 Reference value :  2.96422e-08
 Reference value :  2.96508e-08
 Reference value :  2.96675e-08
 Reference value :  2.96740e-08
 Reference value :  2.96847e-08
 Reference value :  2.96959e-08
 Reference value :  2.97064e-08
 Reference value :  2.97094e-08
 Reference value :  2.97184e-08
 Reference value :  2.97226e-08
 Reference value :  2.97270e-08
 Reference value :  2.97374e-08
 Reference value :  2.97474e-08
 Reference value :  2.97533e-08
 Reference value :  2.97591e-08
 Reference value :  2.97679e-08
 Reference value :  2.97796e-08
 Reference value :  2.97797e-08
 Reference value :  2.97812e-08
 Reference value :  2.97861e-08
 Reference value :  2.97920e-08
 Reference value :  2.97995e-08
 Reference value :  2.98133e-08
 Reference value :  2.98209e-08
 Reference value :  2.98333e-08
 Reference value :  2.98537e-08
 Reference value :  2.98749e-08
 Reference value :  2.99076e-08
 Reference value :  2.99807e-08
 Reference value :  3.00407e-08
 Reference value :  3.01007e-08
 Reference value :  3.01607e-08
 Reference value :  3.02407e-08
 Reference value :  3.03407e-08
 Reference value :  3.04207e-08
 Reference value :  3.05007e-08
 Reference value :  3.05607e-08
 Reference value :  3.06407e-08
 Reference value :  3.07007e-08
 Reference value :  3.07807e-08
 Reference value :  3.08607e-08
 Reference value :  3.09586e-08
 Reference value :  3.09765e-08
 Reference value :  3.09767e-08
 Reference value :  3.09806e-08
 Reference value :  3.09868e-08
 Reference value :  3.09947e-08
 Reference value :  3.10059e-08
 Reference value :  3.10180e-08
 Reference value :  3.10246e-08
 Reference value :  3.10359e-08
 Reference value :  3.10466e-08
 Reference value :  3.10535e-08
 Reference value :  3.10598e-08
 Reference value :  3.10655e-08
 Reference value :  3.10696e-08
 Reference value :  3.10764e-08
 Reference value :  3.10846e-08
 Reference value :  3.10911e-08
 Reference value :  3.10969e-08
 Reference value :  3.11057e-08
 Reference value :  3.11146e-08
 Reference value :  3.11264e-08
 Reference value :  3.11264e-08
 Reference value :  3.11266e-08
 Reference value :  3.11281e-08
 Reference value :  3.11330e-08
 Reference value :  3.11389e-08
 Reference value :  3.11437e-08
 Reference value :  3.11528e-08
 Reference value :  3.11679e-08
 Reference value :  3.11849e-08
 Reference value :  3.12008e-08
 Reference value :  3.12313e-08
 Reference value :  3.12715e-08
 Reference value :  3.13487e-08
 Reference value :  3.14287e-08
 Reference value :  3.14887e-08
 Reference value :  3.15487e-08
 Reference value :  3.16087e-08
 Reference value :  3.16887e-08
 Reference value :  3.17687e-08
 Reference value :  3.18487e-08
 Reference value :  3.19287e-08
 Reference value :  3.19887e-08
 Reference value :  3.20487e-08
 Reference value :  3.21287e-08
 Reference value :  3.21887e-08
 Reference value :  3.22687e-08
 Reference value :  3.23233e-08
 Reference value :  3.23235e-08
 Reference value :  3.23256e-08
 Reference value :  3.23293e-08
 Reference value :  3.23359e-08
 Reference value :  3.23445e-08
 Reference value :  3.23568e-08
 Reference value :  3.23646e-08
 Reference value :  3.23677e-08
 Reference value :  3.23784e-08
 Reference value :  3.23862e-08
 Reference value :  3.23968e-08
 Reference value :  3.24031e-08
 Reference value :  3.24121e-08
 Reference value :  3.24163e-08
 Reference value :  3.24207e-08
 Reference value :  3.24282e-08
 Reference value :  3.24381e-08
 Reference value :  3.24476e-08
 Reference value :  3.24562e-08
 Reference value :  3.24658e-08
 Reference value :  3.24732e-08
 Reference value :  3.24733e-08
 Reference value :  3.24740e-08
 Reference value :  3.24780e-08
 Reference value :  3.24816e-08
 Reference value :  3.24879e-08
 Reference value :  3.24960e-08
 Reference value :  3.25070e-08
 Reference value :  3.25185e-08
 Reference value :  3.25363e-08
 Reference value :  3.25606e-08
 Reference value :  3.26012e-08
 Reference value :  3.26544e-08
 Reference value :  3.27144e-08
 Reference value :  3.27744e-08
 Reference value :  3.28344e-08
 Reference value :  3.28944e-08
 Reference value :  3.29744e-08
 Reference value :  3.30544e-08
 Reference value :  3.31344e-08
 Reference value :  3.32144e-08
 Reference value :  3.32944e-08
 Reference value :  3.33544e-08
 Reference value :  3.34144e-08
 Reference value :  3.34944e-08
 Reference value :  3.35944e-08
 Reference value :  3.36700e-08
 Reference value :  3.36701e-08
 Reference value :  3.36706e-08
 Reference value :  3.36742e-08
 Reference value :  3.36804e-08
 Reference value :  3.36854e-08
 Reference value :  3.36952e-08
 Reference value :  3.37116e-08
 Reference value :  3.37215e-08
 Reference value :  3.37366e-08
 Reference value :  3.37471e-08
 Reference value :  3.37563e-08
 Reference value :  3.37612e-08
 Reference value :  3.37654e-08
 Reference value :  3.37752e-08
 Reference value :  3.37847e-08
 Reference value :  3.37905e-08
 Reference value :  3.38022e-08
 Reference value :  3.38116e-08
 Reference value :  3.38200e-08
 Reference value :  3.38201e-08
 Reference value :  3.38217e-08
 Reference value :  3.38266e-08
 Reference value :  3.38325e-08
 Reference value :  3.38400e-08
 Reference value :  3.38502e-08
 Reference value :  3.38615e-08
 Reference value :  3.38739e-08
 Reference value :  3.38887e-08
 Reference value :  3.39078e-08
 Reference value :  3.39250e-08
 Reference value :  3.39651e-08
 Reference value :  3.40223e-08
 Reference value :  3.40823e-08
 Reference value :  3.41223e-08
 Reference value :  3.41623e-08
 Reference value :  3.42023e-08
 Reference value :  3.42823e-08
 Reference value :  3.43623e-08
 Reference value :  3.44423e-08
 Reference value :  3.45223e-08
 Reference value :  3.46023e-08
 Reference value :  3.46623e-08
 Reference value :  3.47223e-08
 Reference value :  3.47823e-08
 Reference value :  3.48623e-08
 Reference value :  3.49223e-08
 Reference value :  3.49823e-08
 Reference value :  3.50169e-08
 Reference value :  3.50170e-08
 Reference value :  3.50174e-08
 Reference value :  3.50209e-08
 Reference value :  3.50295e-08
 Reference value :  3.50418e-08
 Reference value :  3.50582e-08
 Reference value :  3.50680e-08
 Reference value :  3.50832e-08
 Reference value :  3.50937e-08
 Reference value :  3.50999e-08
 Reference value :  3.51057e-08
 Reference value :  3.51079e-08
 Reference value :  3.51099e-08
 Reference value :  3.51120e-08
 Reference value :  3.51166e-08
 Reference value :  3.51248e-08
 Reference value :  3.51317e-08
 Reference value :  3.51348e-08
 Reference value :  3.51376e-08
 Reference value :  3.51435e-08
 Reference value :  3.51523e-08
 Reference value :  3.51623e-08
 Reference value :  3.51668e-08
 Reference value :  3.51670e-08
 Reference value :  3.51700e-08
 Reference value :  3.51733e-08
 Reference value :  3.51772e-08
 Reference value :  3.51839e-08
 Reference value :  3.51930e-08
 Reference value :  3.52006e-08
 Reference value :  3.52121e-08
 Reference value :  3.52205e-08
 Reference value :  3.52352e-08
 Reference value :  3.52542e-08
 Reference value :  3.52948e-08
 Reference value :  3.53479e-08
 Reference value :  3.54079e-08
 Reference value :  3.54679e-08
 Reference value :  3.55079e-08
 Reference value :  3.55479e-08
 Reference value :  3.56679e-08
 Reference value :  3.57479e-08
 Reference value :  3.58279e-08
 Reference value :  3.58879e-08
 Reference value :  3.59679e-08
 Reference value :  3.60879e-08
 Reference value :  3.61879e-08
 Reference value :  3.63079e-08
 Reference value :  3.63637e-08
 Reference value :  3.63642e-08
 Reference value :  3.63678e-08
 Reference value :  3.63740e-08
 Reference value :  3.63819e-08
 Reference value :  3.63931e-08
 Reference value :  3.64052e-08
 Reference value :  3.64118e-08
 Reference value :  3.64268e-08
 Reference value :  3.64375e-08
 Reference value :  3.64437e-08
 Reference value :  3.64527e-08
 Reference value :  3.64568e-08
 Reference value :  3.64636e-08
 Reference value :  3.64750e-08
 Reference value :  3.64813e-08
 Reference value :  3.64900e-08
 Reference value :  3.65018e-08
 Reference value :  3.65136e-08
 Reference value :  3.65137e-08
 Reference value :  3.65153e-08
 Reference value :  3.65202e-08
 Reference value :  3.65261e-08
 Reference value :  3.65336e-08
 Reference value :  3.65475e-08
 Reference value :  3.65591e-08
 Reference value :  3.65721e-08
 Reference value :  3.65880e-08
 Reference value :  3.66093e-08
 Reference value :  3.66423e-08
 Reference value :  3.66767e-08
 Reference value :  3.67359e-08
 Reference value :  3.67759e-08
 Reference value :  3.68359e-08
 Reference value :  3.68759e-08
 Reference value :  3.69359e-08
 Reference value :  3.70359e-08
 Reference value :  3.70959e-08
 Reference value :  3.71559e-08
 Reference value :  3.72159e-08
 Reference value :  3.72759e-08
 Reference value :  3.73359e-08
 Reference value :  3.73959e-08
 Reference value :  3.74559e-08
 Reference value :  3.75359e-08
 Reference value :  3.76159e-08
 Reference value :  3.76932e-08
 Reference value :  3.77105e-08
 Reference value :  3.77110e-08
 Reference value :  3.77148e-08
 Reference value :  3.77248e-08
 Reference value :  3.77391e-08
 Reference value :  3.77504e-08
 Reference value :  3.77536e-08
 Reference value :  3.77602e-08
 Reference value :  3.77676e-08
 Reference value :  3.77742e-08
 Reference value :  3.77812e-08
 Reference value :  3.77877e-08
 Reference value :  3.77938e-08
 Reference value :  3.77993e-08
 Reference value :  3.78014e-08
 Reference value :  3.78035e-08
 Reference value :  3.78107e-08
 Reference value :  3.78192e-08
 Reference value :  3.78260e-08
 Reference value :  3.78319e-08
 Reference value :  3.78414e-08
 Reference value :  3.78512e-08
 Reference value :  3.78576e-08
 Reference value :  3.78605e-08
 Reference value :  3.78607e-08
 Reference value :  3.78640e-08
 Reference value :  3.78715e-08
 Reference value :  3.78813e-08
 Reference value :  3.78963e-08
 Reference value :  3.79075e-08
 Reference value :  3.79105e-08
 Reference value :  3.79138e-08
 Reference value :  3.79264e-08
 Reference value :  3.79403e-08
 Reference value :  3.79659e-08
 Reference value :  3.79975e-08
 Reference value :  3.80320e-08
 Reference value :  3.80881e-08
 Reference value :  3.81481e-08
 Reference value :  3.82081e-08
 Reference value :  3.82681e-08
 Reference value :  3.83081e-08
 Reference value :  3.83481e-08
 Reference value :  3.84281e-08
 Reference value :  3.85281e-08
 Reference value :  3.86281e-08
 Reference value :  3.87281e-08
 Reference value :  3.88481e-08
 Reference value :  3.89481e-08
 Reference value :  3.90427e-08
 Reference value :  3.90573e-08
 Reference value :  3.90575e-08
 Reference value :  3.90610e-08
 Reference value :  3.90671e-08
 Reference value :  3.90748e-08
 Reference value :  3.90856e-08
 Reference value :  3.90977e-08
 Reference value :  3.91075e-08
 Reference value :  3.91149e-08
 Reference value :  3.91216e-08
 Reference value :  3.91320e-08
 Reference value :  3.91378e-08
 Reference value :  3.91437e-08
 Reference value :  3.91465e-08
 Reference value :  3.91516e-08
 Reference value :  3.91565e-08
 Reference value :  3.91676e-08
 Reference value :  3.91743e-08
 Reference value :  3.91772e-08
 Reference value :  3.91867e-08
 Reference value :  3.91968e-08
 Reference value :  3.92072e-08
 Reference value :  3.92073e-08
 Reference value :  3.92079e-08
 Reference value :  3.92114e-08
 Reference value :  3.92169e-08
 Reference value :  3.92236e-08
 Reference value :  3.92323e-08
 Reference value :  3.92443e-08
 Reference value :  3.92558e-08
 Reference value :  3.92684e-08
 Reference value :  3.92837e-08
 Reference value :  3.92957e-08
 Reference value :  3.93096e-08
 Reference value :  3.93264e-08
 Reference value :  3.93595e-08
 Reference value :  3.94061e-08
 Reference value :  3.94649e-08
 Reference value :  3.95249e-08
 Reference value :  3.95849e-08
 Reference value :  3.96249e-08
 Reference value :  3.97049e-08
 Reference value :  3.97849e-08
 Reference value :  3.98649e-08
 Reference value :  3.99449e-08
 Reference value :  4.00649e-08
 Reference value :  4.01449e-08
 Reference value :  4.02049e-08
 Reference value :  4.02649e-08
 Reference value :  4.03449e-08
 Reference value :  4.04040e-08
 Reference value :  4.04041e-08
 Reference value :  4.04047e-08
 Reference value :  4.04084e-08
 Reference value :  4.04124e-08
 Reference value :  4.04170e-08
 Reference value :  4.04226e-08
 Reference value :  4.04296e-08
 Reference value :  4.04422e-08
 Reference value :  4.04455e-08
 Reference value :  4.04520e-08
 Reference value :  4.04593e-08
 Reference value :  4.04670e-08
 Reference value :  4.04740e-08
 Reference value :  4.04809e-08
 Reference value :  4.04865e-08
 Reference value :  4.04924e-08
 Reference value :  4.04975e-08
 Reference value :  4.05025e-08
 Reference value :  4.05076e-08
 Reference value :  4.05133e-08
 Reference value :  4.05196e-08
 Reference value :  4.05255e-08
 Reference value :  4.05383e-08
 Reference value :  4.05488e-08
 Reference value :  4.05541e-08
 Reference value :  4.05549e-08
 Reference value :  4.05608e-08
 Reference value :  4.05692e-08
 Reference value :  4.05809e-08
 Reference value :  4.05921e-08
 Reference value :  4.06078e-08
 Reference value :  4.06266e-08
 Reference value :  4.06512e-08
 Reference value :  4.06860e-08
 Reference value :  4.07405e-08
 Reference value :  4.08177e-08
 Reference value :  4.08977e-08
 Reference value :  4.09777e-08
 Reference value :  4.10977e-08
 Reference value :  4.11977e-08
 Reference value :  4.13177e-08
 Reference value :  4.14177e-08
 Reference value :  4.15177e-08
 Reference value :  4.16177e-08
 Reference value :  4.17177e-08
 Reference value :  4.17509e-08
 Reference value :  4.17514e-08
 Reference value :  4.17531e-08
 Reference value :  4.17568e-08
 Reference value :  4.17633e-08
 Reference value :  4.17756e-08
 Reference value :  4.17885e-08
 Reference value :  4.17950e-08
 Reference value :  4.18093e-08
 Reference value :  4.18196e-08
 Reference value :  4.18301e-08
 Reference value :  4.18387e-08
 Reference value :  4.18439e-08
 Reference value :  4.18513e-08
 Reference value :  4.18596e-08
 Reference value :  4.18660e-08
 Reference value :  4.18720e-08
 Reference value :  4.18814e-08
 Reference value :  4.18916e-08
 Reference value :  4.18980e-08
 Reference value :  4.19009e-08
 Reference value :  4.19011e-08
 Reference value :  4.19028e-08
 Reference value :  4.19043e-08
 Reference value :  4.19098e-08
 Reference value :  4.19188e-08
 Reference value :  4.19282e-08
 Reference value :  4.19358e-08
 Reference value :  4.19475e-08
 Reference value :  4.19555e-08
 Reference value :  4.19693e-08
 Reference value :  4.19862e-08
 Reference value :  4.19996e-08
 Reference value :  4.20156e-08
 Reference value :  4.20468e-08
 Reference value :  4.20746e-08
 Reference value :  4.21490e-08
 Reference value :  4.22090e-08
 Reference value :  4.22890e-08
 Reference value :  4.23690e-08
 Reference value :  4.24890e-08
 Reference value :  4.25890e-08
 Reference value :  4.26890e-08
 Reference value :  4.27690e-08
 Reference value :  4.28690e-08
 Reference value :  4.29690e-08
 Reference value :  4.30690e-08
 Reference value :  4.30977e-08
 Reference value :  4.30981e-08
 Reference value :  4.31014e-08
 Reference value :  4.31098e-08
 Reference value :  4.31219e-08
 Reference value :  4.31381e-08
 Reference value :  4.31479e-08
 Reference value :  4.31586e-08
 Reference value :  4.31690e-08
 Reference value :  4.31754e-08
 Reference value :  4.31809e-08
 Reference value :  4.31900e-08
 Reference value :  4.31978e-08
 Reference value :  4.32059e-08
 Reference value :  4.32124e-08
 Reference value :  4.32185e-08
 Reference value :  4.32280e-08
 Reference value :  4.32381e-08
 Reference value :  4.32476e-08
 Reference value :  4.32477e-08
 Reference value :  4.32487e-08
 Reference value :  4.32512e-08
 Reference value :  4.32567e-08
 Reference value :  4.32632e-08
 Reference value :  4.32752e-08
 Reference value :  4.32870e-08
 Reference value :  4.33027e-08
 Reference value :  4.33165e-08
 Reference value :  4.33275e-08
 Reference value :  4.33470e-08
 Reference value :  4.33724e-08
 Reference value :  4.33947e-08
 Reference value :  4.34227e-08
 Reference value :  4.34574e-08
 Reference value :  4.35174e-08
 Reference value :  4.35574e-08
 Reference value :  4.36174e-08
 Reference value :  4.36974e-08
 Reference value :  4.37974e-08
 Reference value :  4.38774e-08
 Reference value :  4.39574e-08
 Reference value :  4.40774e-08
 Reference value :  4.41774e-08
 Reference value :  4.42574e-08
 Reference value :  4.43574e-08
 Reference value :  4.44444e-08
 Reference value :  4.44445e-08
 Reference value :  4.44449e-08
 Reference value :  4.44483e-08
 Reference value :  4.44520e-08
 Reference value :  4.44618e-08
 Reference value :  4.44770e-08
 Reference value :  4.44877e-08
 Reference value :  4.45018e-08
 Reference value :  4.45084e-08
 Reference value :  4.45188e-08
 Reference value :  4.45247e-08
 Reference value :  4.45304e-08
 Reference value :  4.45361e-08
 Reference value :  4.45410e-08
 Reference value :  4.45487e-08
 Reference value :  4.45545e-08
 Reference value :  4.45611e-08
 Reference value :  4.45670e-08
 Reference value :  4.45799e-08
 Reference value :  4.45904e-08
 Reference value :  4.45945e-08
 Reference value :  4.45952e-08
 Reference value :  4.46012e-08
 Reference value :  4.46070e-08
 Reference value :  4.46147e-08
 Reference value :  4.46285e-08
 Reference value :  4.46361e-08
 Reference value :  4.46478e-08
 Reference value :  4.46614e-08
 Reference value :  4.46779e-08
 Reference value :  4.46984e-08
 Reference value :  4.47155e-08
 Reference value :  4.47367e-08
 Reference value :  4.47793e-08
 Reference value :  4.48361e-08
 Reference value :  4.48961e-08
 Reference value :  4.49561e-08
 Reference value :  4.50161e-08
 Reference value :  4.51161e-08
 Reference value :  4.52161e-08
 Reference value :  4.53161e-08
 Reference value :  4.53961e-08
 Reference value :  4.54961e-08
 Reference value :  4.55561e-08
 Reference value :  4.56561e-08
 Reference value :  4.57361e-08
 Reference value :  4.57913e-08
 Reference value :  4.57914e-08
 Reference value :  4.57924e-08
 Reference value :  4.57953e-08
 Reference value :  4.58039e-08
 Reference value :  4.58126e-08
 Reference value :  4.58249e-08
 Reference value :  4.58326e-08
 Reference value :  4.58392e-08
 Reference value :  4.58464e-08
 Reference value :  4.58542e-08
 Reference value :  4.58649e-08
 Reference value :  4.58681e-08
 Reference value :  4.58737e-08
 Reference value :  4.58796e-08
 Reference value :  4.58847e-08
 Reference value :  4.58897e-08
 Reference value :  4.58974e-08
 Reference value :  4.59068e-08
 Reference value :  4.59127e-08
 Reference value :  4.59222e-08
 Reference value :  4.59324e-08
 Reference value :  4.59412e-08
 Reference value :  4.59413e-08
 Reference value :  4.59417e-08
 Reference value :  4.59446e-08
 Reference value :  4.59499e-08
 Reference value :  4.59589e-08
 Reference value :  4.59721e-08
 Reference value :  4.59794e-08
 Reference value :  4.59911e-08
 Reference value :  4.60039e-08
 Reference value :  4.60139e-08
 Reference value :  4.60254e-08
 Reference value :  4.60461e-08
 Reference value :  4.60735e-08
 Reference value :  4.61120e-08
 Reference value :  4.61853e-08
 Reference value :  4.62653e-08
 Reference value :  4.63453e-08
 Reference value :  4.64253e-08
 Reference value :  4.65253e-08
 Reference value :  4.66453e-08
 Reference value :  4.67453e-08
 Reference value :  4.68653e-08
 Reference value :  4.69853e-08
 Reference value :  4.70853e-08
 Reference value :  4.71381e-08
 Reference value :  4.71386e-08
 Reference value :  4.71420e-08
 Reference value :  4.71482e-08
 Reference value :  4.71559e-08
 Reference value :  4.71627e-08
 Reference value :  4.71713e-08
 Reference value :  4.71790e-08
 Reference value :  4.71856e-08
 Reference value :  4.71964e-08
 Reference value :  4.72034e-08
 Reference value :  4.72105e-08
 Reference value :  4.72173e-08
 Reference value :  4.72230e-08
 Reference value :  4.72285e-08
 Reference value :  4.72334e-08
 Reference value :  4.72411e-08
 Reference value :  4.72499e-08
 Reference value :  4.72561e-08
 Reference value :  4.72653e-08
 Reference value :  4.72754e-08
 Reference value :  4.72852e-08
 Reference value :  4.72881e-08
 Reference value :  4.72883e-08
 Reference value :  4.72900e-08
 Reference value :  4.72933e-08
 Reference value :  4.72990e-08
 Reference value :  4.73060e-08
 Reference value :  4.73154e-08
 Reference value :  4.73272e-08
 Reference value :  4.73387e-08
 Reference value :  4.73517e-08
 Reference value :  4.73619e-08
 Reference value :  4.73736e-08
 Reference value :  4.73870e-08
 Reference value :  4.74122e-08
 Reference value :  4.74344e-08
 Reference value :  4.74787e-08
 Reference value :  4.75366e-08
 Reference value :  4.75966e-08
 Reference value :  4.76566e-08
 Reference value :  4.77166e-08
 Reference value :  4.77966e-08
 Reference value :  4.78766e-08
 Reference value :  4.79366e-08
 Reference value :  4.80166e-08
 Reference value :  4.80966e-08
 Reference value :  4.81566e-08
 Reference value :  4.82366e-08
 Reference value :  4.83166e-08
 Reference value :  4.83966e-08
 Reference value :  4.84707e-08
 Reference value :  4.84849e-08
 Reference value :  4.84851e-08
 Reference value :  4.84886e-08
 Reference value :  4.84970e-08
 Reference value :  4.85054e-08
 Reference value :  4.85176e-08
 Reference value :  4.85283e-08
 Reference value :  4.85424e-08
 Reference value :  4.85490e-08
 Reference value :  4.85595e-08
 Reference value :  4.85653e-08
 Reference value :  4.85741e-08
 Reference value :  4.85824e-08
 Reference value :  4.85930e-08
 Reference value :  4.86066e-08
 Reference value :  4.86194e-08
 Reference value :  4.86323e-08
 Reference value :  4.86349e-08
 Reference value :  4.86350e-08
 Reference value :  4.86382e-08
 Reference value :  4.86434e-08
 Reference value :  4.86498e-08
 Reference value :  4.86580e-08
 Reference value :  4.86691e-08
 Reference value :  4.86766e-08
 Reference value :  4.86883e-08
 Reference value :  4.87019e-08
 Reference value :  4.87249e-08
 Reference value :  4.87562e-08
 Reference value :  4.88043e-08
 Reference value :  4.88772e-08
 Reference value :  4.89572e-08
 Reference value :  4.90372e-08
 Reference value :  4.91372e-08
 Reference value :  4.92372e-08
 Reference value :  4.93572e-08
 Reference value :  4.94572e-08
 Reference value :  4.95372e-08
 Reference value :  4.96172e-08
 Reference value :  4.96972e-08
 Reference value :  4.97772e-08
 Reference value :  4.98317e-08
 Reference value :  4.98319e-08
 Reference value :  4.98340e-08
 Reference value :  4.98377e-08
 Reference value :  4.98442e-08
 Reference value :  4.98565e-08
 Reference value :  4.98695e-08
 Reference value :  4.98760e-08
 Reference value :  4.98867e-08
 Reference value :  4.98979e-08
 Reference value :  4.99084e-08
 Reference value :  4.99140e-08
 Reference value :  4.99225e-08
 Reference value :  4.99250e-08
 Reference value :  4.99300e-08
 Reference value :  4.99377e-08
 Reference value :  4.99471e-08
 Reference value :  4.99530e-08
 Reference value :  4.99592e-08
 Reference value :  4.99693e-08
 Reference value :  4.99790e-08
 Reference value :  4.99817e-08
 Reference value :  4.99819e-08
 Reference value :  4.99835e-08
 Reference value :  4.99850e-08
 Reference value :  4.99886e-08
 Reference value :  4.99925e-08
 Reference value :  4.99969e-08
 Reference value :  5.00022e-08
 Reference value :  5.00088e-08
 Reference value :  5.00163e-08
 Reference value :  5.00239e-08
 Reference value :  5.00400e-08
 Reference value :  5.00545e-08
 Reference value :  5.00725e-08
 Reference value :  5.00950e-08
 Reference value :  5.01386e-08
 Reference value :  5.01869e-08
 Reference value :  5.02466e-08
 Reference value :  5.03066e-08
 Reference value :  5.03666e-08
 Reference value :  5.04266e-08
 Reference value :  5.05066e-08
 Reference value :  5.05866e-08
 Reference value :  5.06666e-08
 Reference value :  5.07466e-08
 Reference value :  5.08266e-08
 Reference value :  5.09266e-08
 Reference value :  5.10066e-08
 Reference value :  5.10666e-08
 Reference value :  5.11266e-08
 Reference value :  5.11785e-08
 Reference value :  5.11785e-08
 Reference value :  5.11787e-08
 Reference value :  5.11796e-08
 Reference value :  5.11823e-08
 Reference value :  5.11885e-08
 Reference value :  5.11994e-08
 Reference value :  5.12116e-08
 Reference value :  5.12224e-08
 Reference value :  5.12366e-08
 Reference value :  5.12436e-08
 Reference value :  5.12575e-08
 Reference value :  5.12633e-08
 Reference value :  5.12688e-08
 Reference value :  5.12736e-08
 Reference value :  5.12813e-08
 Reference value :  5.12901e-08
 Reference value :  5.12964e-08
 Reference value :  5.13026e-08
 Reference value :  5.13089e-08
 Reference value :  5.13190e-08
 Reference value :  5.13255e-08
 Reference value :  5.13285e-08
 Reference value :  5.13305e-08
 Reference value :  5.13338e-08
 Reference value :  5.13417e-08
 Reference value :  5.13493e-08
 Reference value :  5.13560e-08
 Reference value :  5.13637e-08
 Reference value :  5.13792e-08
 Reference value :  5.13923e-08
 Reference value :  5.14143e-08
 Reference value :  5.14437e-08
 Reference value :  5.14884e-08
 Reference value :  5.15578e-08
 Reference value :  5.16178e-08
 Reference value :  5.16778e-08
 Reference value :  5.17378e-08
 Reference value :  5.18178e-08
 Reference value :  5.18978e-08
 Reference value :  5.19778e-08
 Reference value :  5.20578e-08
 Reference value :  5.21378e-08
 Reference value :  5.21978e-08
 Reference value :  5.22578e-08
 Reference value :  5.23378e-08
 Reference value :  5.23978e-08
 Reference value :  5.24578e-08
 Reference value :  5.25115e-08
 Reference value :  5.25253e-08
 Reference value :  5.25257e-08
 Reference value :  5.25289e-08
 Reference value :  5.25374e-08
 Reference value :  5.25457e-08
 Reference value :  5.25580e-08
 Reference value :  5.25655e-08
 Reference value :  5.25722e-08
 Reference value :  5.25827e-08
 Reference value :  5.25893e-08
 Reference value :  5.25998e-08
 Reference value :  5.26056e-08
 Reference value :  5.26084e-08
 Reference value :  5.26171e-08
 Reference value :  5.26195e-08
 Reference value :  5.26219e-08
 Reference value :  5.26296e-08
 Reference value :  5.26355e-08
 Reference value :  5.26421e-08
 Reference value :  5.26451e-08
 Reference value :  5.26546e-08
 Reference value :  5.26613e-08
 Reference value :  5.26682e-08
 Reference value :  5.26753e-08
 Reference value :  5.26753e-08
 Reference value :  5.26759e-08
 Reference value :  5.26796e-08
 Reference value :  5.26873e-08
 Reference value :  5.26975e-08
 Reference value :  5.27088e-08
 Reference value :  5.27204e-08
 Reference value :  5.27326e-08
 Reference value :  5.27525e-08
 Reference value :  5.27713e-08
 Reference value :  5.27956e-08
 Reference value :  5.28167e-08
 Reference value :  5.28590e-08
 Reference value :  5.28955e-08
 Reference value :  5.29355e-08
 Reference value :  5.29955e-08
 Reference value :  5.30555e-08
 Reference value :  5.30955e-08
 Reference value :  5.31755e-08
 Reference value :  5.32555e-08
 Reference value :  5.33355e-08
 Reference value :  5.34155e-08
 Reference value :  5.34755e-08
 Reference value :  5.35355e-08
 Reference value :  5.35955e-08
 Reference value :  5.36755e-08
 Reference value :  5.37355e-08
 Reference value :  5.38155e-08
 Reference value :  5.38721e-08
 Reference value :  5.38721e-08
 Reference value :  5.38721e-08
 Reference value :  5.38721e-08
 Reference value :  5.38721e-08
 Reference value :  5.38721e-08
 Reference value :  5.38721e-08
 Reference value :  5.38721e-08
 Reference value :  5.38721e-08
 Reference value :  5.38727e-08
 Reference value :  5.38751e-08
 Reference value :  5.38781e-08
 Reference value :  5.38815e-08
 Reference value :  5.38866e-08
 Reference value :  5.38899e-08
 Reference value :  5.38914e-08
 Reference value :  5.38964e-08
 Reference value :  5.39029e-08
 Reference value :  5.39107e-08
 Reference value :  5.39169e-08
 Reference value :  5.39231e-08
 Reference value :  5.39298e-08
 Reference value :  5.39403e-08
 Reference value :  5.39511e-08
 Reference value :  5.39566e-08
 Reference value :  5.39626e-08
 Reference value :  5.39650e-08
 Reference value :  5.39692e-08
 Reference value :  5.39765e-08
 Reference value :  5.39855e-08
 Reference value :  5.39886e-08
 Reference value :  5.39944e-08
 Reference value :  5.40037e-08
 Reference value :  5.40130e-08
 Reference value :  5.40221e-08
 Reference value :  5.40231e-08
 Reference value :  5.40275e-08
 Reference value :  5.40353e-08
 Reference value :  5.40460e-08
 Reference value :  5.40612e-08
 Reference value :  5.40731e-08
 Reference value :  5.40872e-08
 Reference value :  5.41046e-08
 Reference value :  5.41286e-08
 Reference value :  5.41658e-08
 Reference value :  5.42239e-08
 Reference value :  5.42839e-08
 Reference value :  5.43439e-08
 Reference value :  5.44039e-08
 Reference value :  5.44839e-08
 Reference value :  5.45639e-08
 Reference value :  5.46439e-08
 Reference value :  5.47239e-08
 Reference value :  5.48239e-08
 Reference value :  5.48839e-08
 Reference value :  5.49439e-08
 Reference value :  5.50039e-08
 Reference value :  5.50839e-08
 Reference value :  5.51439e-08
 Reference value :  5.52014e-08
 Reference value :  5.52189e-08
 Reference value :  5.52191e-08
 Reference value :  5.52213e-08
 Reference value :  5.52250e-08
 Reference value :  5.52292e-08
 Reference value :  5.52370e-08
 Reference value :  5.52525e-08
 Reference value :  5.52603e-08
 Reference value :  5.52669e-08
 Reference value :  5.52782e-08
 Reference value :  5.52925e-08
 Reference value :  5.52958e-08
 Reference value :  5.53020e-08
 Reference value :  5.53078e-08
 Reference value :  5.53120e-08
 Reference value :  5.53187e-08
 Reference value :  5.53239e-08
 Reference value :  5.53338e-08
 Reference value :  5.53403e-08
 Reference value :  5.53490e-08
 Reference value :  5.53549e-08
 Reference value :  5.53650e-08
 Reference value :  5.53689e-08
 Reference value :  5.53690e-08
 Reference value :  5.53720e-08
 Reference value :  5.53754e-08
 Reference value :  5.53813e-08
 Reference value :  5.53887e-08
 Reference value :  5.54026e-08
 Reference value :  5.54182e-08
 Reference value :  5.54320e-08
 Reference value :  5.54492e-08
 Reference value :  5.54733e-08
 Reference value :  5.54968e-08
 Reference value :  5.55500e-08
 Reference value :  5.56100e-08
 Reference value :  5.56500e-08
 Reference value :  5.56900e-08
 Reference value :  5.57300e-08
 Reference value :  5.57900e-08
 Reference value :  5.58500e-08
 Reference value :  5.59300e-08
 Reference value :  5.59900e-08
 Reference value :  5.60700e-08
 Reference value :  5.61500e-08
 Reference value :  5.62300e-08
 Reference value :  5.63300e-08
 Reference value :  5.64100e-08
 Reference value :  5.65100e-08
 Reference value :  5.65657e-08
 Reference value :  5.65659e-08
 Reference value :  5.65669e-08
 Reference value :  5.65698e-08
 Reference value :  5.65738e-08
 Reference value :  5.65810e-08
 Reference value :  5.65908e-08
 Reference value :  5.66039e-08
 Reference value :  5.66104e-08
 Reference value :  5.66171e-08
 Reference value :  5.66251e-08
 Reference value :  5.66395e-08
 Reference value :  5.66457e-08
 Reference value :  5.66547e-08
 Reference value :  5.66589e-08
 Reference value :  5.66656e-08
 Reference value :  5.66770e-08
 Reference value :  5.66833e-08
 Reference value :  5.66920e-08
 Reference value :  5.67038e-08
 Reference value :  5.67157e-08
 Reference value :  5.67157e-08
 Reference value :  5.67190e-08
 Reference value :  5.67241e-08
 Reference value :  5.67329e-08
 Reference value :  5.67458e-08
 Reference value :  5.67611e-08
 Reference value :  5.67741e-08
 Reference value :  5.67901e-08
 Reference value :  5.68206e-08
 Reference value :  5.68787e-08
 Reference value :  5.69579e-08
 Reference value :  5.70179e-08
 Reference value :  5.70779e-08
 Reference value :  5.71379e-08
 Reference value :  5.72179e-08
 Reference value :  5.72779e-08
 Reference value :  5.73379e-08
 Reference value :  5.73979e-08
 Reference value :  5.74979e-08
 Reference value :  5.75779e-08
 Reference value :  5.76579e-08
 Reference value :  5.77379e-08
 Reference value :  5.78579e-08
 Reference value :  5.79125e-08
 Reference value :  5.79127e-08
 Reference value :  5.79149e-08
 Reference value :  5.79185e-08
 Reference value :  5.79277e-08
 Reference value :  5.79374e-08
 Reference value :  5.79504e-08
 Reference value :  5.79570e-08
 Reference value :  5.79676e-08
 Reference value :  5.79823e-08
 Reference value :  5.79923e-08
 Reference value :  5.80013e-08
 Reference value :  5.80055e-08
 Reference value :  5.80099e-08
 Reference value :  5.80175e-08
 Reference value :  5.80273e-08
 Reference value :  5.80304e-08
 Reference value :  5.80391e-08
 Reference value :  5.80510e-08
 Reference value :  5.80625e-08
 Reference value :  5.80625e-08
 Reference value :  5.80640e-08
 Reference value :  5.80690e-08
 Reference value :  5.80772e-08
 Reference value :  5.80852e-08
 Reference value :  5.80962e-08
 Reference value :  5.81118e-08
 Reference value :  5.81256e-08
 Reference value :  5.81428e-08
 Reference value :  5.81668e-08
 Reference value :  5.82066e-08
 Reference value :  5.82635e-08
 Reference value :  5.83235e-08
 Reference value :  5.83835e-08
 Reference value :  5.84435e-08
 Reference value :  5.85235e-08
 Reference value :  5.86035e-08
 Reference value :  5.86835e-08
 Reference value :  5.87635e-08
 Reference value :  5.88235e-08
 Reference value :  5.89035e-08
 Reference value :  5.89835e-08
 Reference value :  5.90835e-08
 Reference value :  5.91635e-08
 Reference value :  5.92414e-08
 Reference value :  5.92593e-08
 Reference value :  5.92605e-08
 Reference value :  5.92634e-08
 Reference value :  5.92697e-08
 Reference value :  5.92775e-08
 Reference value :  5.92931e-08
 Reference value :  5.93008e-08
 Reference value :  5.93074e-08
 Reference value :  5.93187e-08
 Reference value :  5.93294e-08
 Reference value :  5.93364e-08
 Reference value :  5.93393e-08
 Reference value :  5.93483e-08
 Reference value :  5.93525e-08
 Reference value :  5.93569e-08
 Reference value :  5.93644e-08
 Reference value :  5.93706e-08
 Reference value :  5.93739e-08
 Reference value :  5.93769e-08
 Reference value :  5.93797e-08
 Reference value :  5.93886e-08
 Reference value :  5.93974e-08
 Reference value :  5.94068e-08
 Reference value :  5.94093e-08
 Reference value :  5.94109e-08
 Reference value :  5.94159e-08
 Reference value :  5.94241e-08
 Reference value :  5.94356e-08
 Reference value :  5.94507e-08
 Reference value :  5.94677e-08
 Reference value :  5.94900e-08
 Reference value :  5.95248e-08
 Reference value :  5.95723e-08
 Reference value :  5.96315e-08
 Reference value :  5.96915e-08
 Reference value :  5.97515e-08
 Reference value :  5.97915e-08
 Reference value :  5.98515e-08
 Reference value :  5.99315e-08
 Reference value :  6.00315e-08
 Reference value :  6.00915e-08
 Reference value :  6.01515e-08
 Reference value :  6.02315e-08
 Reference value :  6.02915e-08
 Reference value :  6.03715e-08
 Reference value :  6.04515e-08
 Reference value :  6.05115e-08
 Reference value :  6.06061e-08
 Reference value :  6.06061e-08
 Reference value :  6.06066e-08
 Reference value :  6.06101e-08
 Reference value :  6.06164e-08
 Reference value :  6.06241e-08
 Reference value :  6.06397e-08
 Reference value :  6.06474e-08
 Reference value :  6.06540e-08
 Reference value :  6.06653e-08
 Reference value :  6.06759e-08
 Reference value :  6.06829e-08
 Reference value :  6.06892e-08
 Reference value :  6.06949e-08
 Reference value :  6.06991e-08
 Reference value :  6.07035e-08
 Reference value :  6.07111e-08
 Reference value :  6.07209e-08
 Reference value :  6.07268e-08
 Reference value :  6.07385e-08
 Reference value :  6.07446e-08
 Reference value :  6.07538e-08
 Reference value :  6.07561e-08
 Reference value :  6.07561e-08
 Reference value :  6.07576e-08
 Reference value :  6.07626e-08
 Reference value :  6.07685e-08
 Reference value :  6.07759e-08
 Reference value :  6.07860e-08
 Reference value :  6.08013e-08
 Reference value :  6.08143e-08
 Reference value :  6.08364e-08
 Reference value :  6.08710e-08
 Reference value :  6.09180e-08
 Reference value :  6.09886e-08
No. of Data Rows : 6878
m_ui_ref            =  1.34680e-09 targ=  1.35430e-08 trig=  1.21962e-08
m_spa_in            =  5.38721e-09 targ=  1.75834e-08 trig=  1.21962e-08
m_spb_in            =  4.04040e-09 targ=  1.62366e-08 trig=  1.21962e-08
m_spa_c0            =  5.38725e-09 targ=  1.76509e-08 trig=  1.22637e-08
m_spb_c0            =  4.04045e-09 targ=  1.63041e-08 trig=  1.22637e-08
m_trise_c0          =  -2.67430e-09 targ=  1.09103e-08 trig=  1.35846e-08
m_tfall_c0          =  2.75198e-09 targ=  1.49897e-08 trig=  1.22377e-08
m_spa_c1            =  5.38725e-09 targ=  1.76887e-08 trig=  1.23015e-08
m_spb_c1            =  4.04044e-09 targ=  1.63419e-08 trig=  1.23015e-08
m_trise_c1          =  1.32116e-10 targ=  1.37356e-08 trig=  1.36035e-08
m_tfall_c1          =  1.32128e-10 targ=  1.50824e-08 trig=  1.49503e-08
m_spa_mux           =  5.38725e-09 targ=  1.76436e-08 trig=  1.22563e-08
m_spb_mux           =  4.04045e-09 targ=  1.62968e-08 trig=  1.22563e-08
m_spa_c2            =  5.38725e-09 targ=  1.77217e-08 trig=  1.23344e-08
m_spb_c2            =  4.04045e-09 targ=  1.63749e-08 trig=  1.23344e-08
m_trise_c2          =  2.35639e-10 targ=  1.38489e-08 trig=  1.36133e-08
m_tfall_c2          =  2.35643e-10 targ=  1.51957e-08 trig=  1.49601e-08
m_spa_cmis          =  5.38724e-09 targ=  1.77023e-08 trig=  1.23151e-08
m_spb_cmis          =  4.03966e-09 targ=  1.63547e-08 trig=  1.23151e-08
m_dj_ui_c0 = 3.4155008795e-05
m_swing_c0 = 5.0172474877e-01
m_vpp_c0 = 5.2040357975e-01
m_vcm_c0 = 3.0492146626e+00
m_dj_ui_c1 = 2.9700007648e-05
m_swing_c1 = 5.0158517937e-01
m_vpp_c1 = 5.0971767101e-01
m_vcm_c1 = 3.0492437350e+00
m_dj_ui_mux = 3.4155008795e-05
m_dj_ui_drv_c1 = 4.4550011474e-06
m_dj_ui_c2 = 3.4155008795e-05
m_swing_c2 = 5.0087321638e-01
m_vpp_c2 = 5.0630745636e-01
m_vcm_c2 = 3.0493816048e+00
m_dj_ui_cmis = 5.8063514951e-04
m_swing_cmis = 5.0087342495e-01
m_swing_avcclo = 5.0128020302e-01
m_vcm_avcclo = 2.7193972768e+00
m_swing_avcchi = 5.0187419385e-01
m_vcm_avcchi = 3.3790984309e+00
m_vgs_sw_max = 1.5980013348e+00
m_vgd_sw_max = 1.7680372524e+00
m_vds_sw_max = 2.3935163263e+00
m_vgs_tail_max = 1.2702036322e+00
m_vds_tail_max = 1.3192371906e+00
m_vmux_dc = 9.4099242348e-01
m_swing_dc = 4.9956053854e-01
m_vcm_dc = 3.0502193818e+00
m_ioff_dc = 6.9776540190e-09
m_itail_dc = 9.9912247261e-03
m_icell_dc = 1.0491224753e-02
Note: Simulation executed from .control section 

