
Note: No compatibility mode selected!


Circuit: * cml-driver-eye-realmux @ ss_125c_2.97v_742p5mbps -- generated by sim/harness, do not edit

Doing analysis at TEMP = 125.000000 and TNOM = 27.000000

Using SPARSE 1.3 as Direct Linear Solver

Initial Transient Solution
--------------------------

Node                                   Voltage
----                                   -------
vdd                                       2.97
avcc                                       3.3
avcclo                                    2.97
avcchi                                    3.63
clkp                                     1.782
clkn                                     0.891
d0p                                     2.5245
d0n                                     1.6335
d1p                                     2.5245
d1n                                     1.6335
d0pz                                    2.5245
d0nz                                    1.6335
clkpz                                    1.782
clknz                                    0.891
ckref                                    0.891
win                                          0
winc                                         0
xmux_c0.top                             2.5794
xmux_c0.xrc.11                         2.59602
xmux_c0.xrc.21                         2.95338
mp_c0                                  1.78344
xmux_c0.xrlp.11                        1.80006
xmux_c0.xrlp.21                        2.56279
mn_c0                                  2.57884
xmux_c0.xrln.11                        2.57885
xmux_c0.xrln.21                        2.57939
xmux_c0.ibias                          1.14427
xmux_c0.xrref.11                       1.15325
xmux_c0.xrref.21                       2.96101
xmux_c0.sa                             1.03126
xmux_c0.sb                             1.77968
xmux_c0.tail                          0.508653
outp_c0                                2.82293
xc0.tail                              0.962023
outn_c0                                3.28427
ib_c0                                  1.25994
vd_c0                                  0.46134
xmux_c1.top                             2.5794
xmux_c1.xrc.11                         2.59602
xmux_c1.xrc.21                         2.95338
mp_c1                                  1.78344
xmux_c1.xrlp.11                        1.80006
xmux_c1.xrlp.21                        2.56279
mn_c1                                  2.57884
xmux_c1.xrln.11                        2.57885
xmux_c1.xrln.21                        2.57939
xmux_c1.ibias                          1.14427
xmux_c1.xrref.11                       1.15325
xmux_c1.xrref.21                       2.96101
xmux_c1.sa                             1.03126
xmux_c1.sb                             1.77968
xmux_c1.tail                          0.508653
outp_c1                                2.82293
xc1.tail                              0.962023
outn_c1                                3.28427
ib_c1                                  1.25994
vd_c1                                  0.46134
muxref                                0.795398
xmux_c2.top                             2.5794
xmux_c2.xrc.11                         2.59602
xmux_c2.xrc.21                         2.95338
mp_c2                                  1.78344
xmux_c2.xrlp.11                        1.80006
xmux_c2.xrlp.21                        2.56279
mn_c2                                  2.57884
xmux_c2.xrln.11                        2.57885
xmux_c2.xrln.21                        2.57939
xmux_c2.ibias                          1.14427
xmux_c2.xrref.11                       1.15325
xmux_c2.xrref.21                       2.96101
xmux_c2.sa                             1.03126
xmux_c2.sb                             1.77968
xmux_c2.tail                          0.508653
outp_c2                                2.82293
xc2.tail                              0.962023
outn_c2                                3.28427
ib_c2                                  1.25994
vd_c2                                  0.46134
xmux_cmis.top                           2.5794
xmux_cmis.xrc.11                       2.59602
xmux_cmis.xrc.21                       2.95338
mp_cm                                  1.78344
xmux_cmis.xrlp.11                      1.80006
xmux_cmis.xrlp.21                      2.56279
mn_cm                                  2.57884
xmux_cmis.xrln.11                      2.57885
xmux_cmis.xrln.21                      2.57939
xmux_cmis.ibias                        1.14427
xmux_cmis.xrref.11                     1.15325
xmux_cmis.xrref.21                     2.96101
xmux_cmis.sa                           1.03126
xmux_cmis.sb                           1.77968
xmux_cmis.tail                        0.508653
outp_cmis                              2.82293
xcmis.tail                            0.962023
outn_cmis                              3.28427
ib_cmis                                1.25994
vd_cmis                                0.46134
xmux_vlo.top                            2.5794
xmux_vlo.xrc.11                        2.59602
xmux_vlo.xrc.21                        2.95338
mp_vlo                                 1.78344
xmux_vlo.xrlp.11                       1.80006
xmux_vlo.xrlp.21                       2.56279
mn_vlo                                 2.57884
xmux_vlo.xrln.11                       2.57885
xmux_vlo.xrln.21                       2.57939
xmux_vlo.ibias                         1.14427
xmux_vlo.xrref.11                      1.15325
xmux_vlo.xrref.21                      2.96101
xmux_vlo.sa                            1.03126
xmux_vlo.sb                            1.77968
xmux_vlo.tail                         0.508653
outp_vlo                               2.49399
xvlo.tail                             0.948693
outn_vlo                               2.95362
ib_vlo                                 1.25994
xmux_vhi.top                            2.5794
xmux_vhi.xrc.11                        2.59602
xmux_vhi.xrc.21                        2.95338
mp_vhi                                 1.78344
xmux_vhi.xrlp.11                       1.80006
xmux_vhi.xrlp.21                       2.56279
mn_vhi                                 2.57884
xmux_vhi.xrln.11                       2.57885
xmux_vhi.xrln.21                       2.57939
xmux_vhi.ibias                         1.14427
xmux_vhi.xrref.11                      1.15325
xmux_vhi.xrref.21                      2.96101
xmux_vhi.sa                            1.03126
xmux_vhi.sb                            1.77968
xmux_vhi.tail                         0.508653
outp_vhi                               3.15205
xvhi.tail                             0.974689
outn_vhi                               3.61474
ib_vhi                                 1.25994
xmux_z.top                              2.5794
xmux_z.xrc.11                          2.59602
xmux_z.xrc.21                          2.95338
mp_z                                   1.78348
xmux_z.xrlp.11                          1.8001
xmux_z.xrlp.21                         2.56279
mn_z                                    2.5788
xmux_z.xrln.11                         2.57881
xmux_z.xrln.21                         2.57939
xmux_z.ibias                           1.14427
xmux_z.xrref.11                        1.15325
xmux_z.xrref.21                        2.96101
xmux_z.sa                              1.03127
xmux_z.sb                              1.90557
xmux_z.tail                           0.508655
outp_z                                 2.82294
xz.tail                               0.962002
vss_z                                        0
outn_z                                 3.28426
ib_z                                   1.25994
vmuxz                                 0.795317
emuxz#branch                                 0
ediff_cmis#branch                            0
ediff_c2#branch                              0
emuxref#branch                               0
ediff_c1#branch                              0
ediff_c0#branch                              0
eckref#branch                                0
vsens_z#branch                       0.0103559
vwinc#branch                                 0
vwin#branch                                  0
vclknz#branch                                0
vclkpz#branch                                0
vd0nz#branch                                 0
vd0pz#branch                                 0
vd1n#branch                                  0
vd1p#branch                                  0
vd0n#branch                                  0
vd0p#branch                                  0
vclkn#branch                                 0
vclkp#branch                                 0
vavcchi#branch                     -0.00986416
vavcclo#branch                     -0.00984783
vavcc#branch                        -0.0492797
vvdd#branch                         -0.0472987

 Reference value :  0.00000e+00
 Reference value :  1.60000e-12
 Reference value :  4.56000e-11
 Reference value :  1.45600e-10
 Reference value :  2.45600e-10
 Reference value :  3.25600e-10
 Reference value :  4.05600e-10
 Reference value :  4.85600e-10
 Reference value :  5.65600e-10
 Reference value :  6.45600e-10
 Reference value :  7.25600e-10
 Reference value :  8.05600e-10
 Reference value :  8.85600e-10
 Reference value :  9.85600e-10
 Reference value :  1.06560e-09
 Reference value :  1.14560e-09
 Reference value :  1.24560e-09
 Reference value :  1.33620e-09
 Reference value :  1.34684e-09
 Reference value :  1.34761e-09
 Reference value :  1.35244e-09
 Reference value :  1.36010e-09
 Reference value :  1.37385e-09
 Reference value :  1.39309e-09
 Reference value :  1.39938e-09
 Reference value :  1.41179e-09
 Reference value :  1.42667e-09
 Reference value :  1.43575e-09
 Reference value :  1.44720e-09
 Reference value :  1.45380e-09
 Reference value :  1.46761e-09
 Reference value :  1.48457e-09
 Reference value :  1.49680e-09
 Reference value :  1.49687e-09
 Reference value :  1.49825e-09
 Reference value :  1.50159e-09
 Reference value :  1.50843e-09
 Reference value :  1.51586e-09
 Reference value :  1.52457e-09
 Reference value :  1.53512e-09
 Reference value :  1.55422e-09
 Reference value :  1.57327e-09
 Reference value :  1.60225e-09
 Reference value :  1.62957e-09
 Reference value :  1.66563e-09
 Reference value :  1.73716e-09
 Reference value :  1.81716e-09
 Reference value :  1.89716e-09
 Reference value :  1.99716e-09
 Reference value :  2.09716e-09
 Reference value :  2.19716e-09
 Reference value :  2.31716e-09
 Reference value :  2.39716e-09
 Reference value :  2.45716e-09
 Reference value :  2.51716e-09
 Reference value :  2.57716e-09
 Reference value :  2.67538e-09
 Reference value :  2.69362e-09
 Reference value :  2.69421e-09
 Reference value :  2.69821e-09
 Reference value :  2.70870e-09
 Reference value :  2.71890e-09
 Reference value :  2.72797e-09
 Reference value :  2.73752e-09
 Reference value :  2.75214e-09
 Reference value :  2.76753e-09
 Reference value :  2.78206e-09
 Reference value :  2.78936e-09
 Reference value :  2.79645e-09
 Reference value :  2.80352e-09
 Reference value :  2.81450e-09
 Reference value :  2.82790e-09
 Reference value :  2.83669e-09
 Reference value :  2.84362e-09
 Reference value :  2.84468e-09
 Reference value :  2.85205e-09
 Reference value :  2.86172e-09
 Reference value :  2.87353e-09
 Reference value :  2.88913e-09
 Reference value :  2.90554e-09
 Reference value :  2.92490e-09
 Reference value :  2.94688e-09
 Reference value :  2.97403e-09
 Reference value :  3.01010e-09
 Reference value :  3.06255e-09
 Reference value :  3.14255e-09
 Reference value :  3.20255e-09
 Reference value :  3.28255e-09
 Reference value :  3.38255e-09
 Reference value :  3.46255e-09
 Reference value :  3.56255e-09
 Reference value :  3.64255e-09
 Reference value :  3.72255e-09
 Reference value :  3.80255e-09
 Reference value :  3.88255e-09
 Reference value :  3.96255e-09
 Reference value :  4.04040e-09
 Reference value :  4.04047e-09
 Reference value :  4.04166e-09
 Reference value :  4.04507e-09
 Reference value :  4.05260e-09
 Reference value :  4.06580e-09
 Reference value :  4.07975e-09
 Reference value :  4.09460e-09
 Reference value :  4.10953e-09
 Reference value :  4.12489e-09
 Reference value :  4.13318e-09
 Reference value :  4.13995e-09
 Reference value :  4.15072e-09
 Reference value :  4.16175e-09
 Reference value :  4.17027e-09
 Reference value :  4.17987e-09
 Reference value :  4.18414e-09
 Reference value :  4.19042e-09
 Reference value :  4.19087e-09
 Reference value :  4.19426e-09
 Reference value :  4.20082e-09
 Reference value :  4.20561e-09
 Reference value :  4.21381e-09
 Reference value :  4.22001e-09
 Reference value :  4.22712e-09
 Reference value :  4.23549e-09
 Reference value :  4.24574e-09
 Reference value :  4.26432e-09
 Reference value :  4.28518e-09
 Reference value :  4.31981e-09
 Reference value :  4.34226e-09
 Reference value :  4.38742e-09
 Reference value :  4.44727e-09
 Reference value :  4.52727e-09
 Reference value :  4.58727e-09
 Reference value :  4.66727e-09
 Reference value :  4.74727e-09
 Reference value :  4.82727e-09
 Reference value :  4.92727e-09
 Reference value :  5.04727e-09
 Reference value :  5.14727e-09
 Reference value :  5.24727e-09
 Reference value :  5.32727e-09
 Reference value :  5.38723e-09
 Reference value :  5.38753e-09
 Reference value :  5.38983e-09
 Reference value :  5.39433e-09
 Reference value :  5.40248e-09
 Reference value :  5.41715e-09
 Reference value :  5.42681e-09
 Reference value :  5.44162e-09
 Reference value :  5.45661e-09
 Reference value :  5.47193e-09
 Reference value :  5.48019e-09
 Reference value :  5.48696e-09
 Reference value :  5.49413e-09
 Reference value :  5.50495e-09
 Reference value :  5.51732e-09
 Reference value :  5.52742e-09
 Reference value :  5.53460e-09
 Reference value :  5.53722e-09
 Reference value :  5.53730e-09
 Reference value :  5.53805e-09
 Reference value :  5.54275e-09
 Reference value :  5.54958e-09
 Reference value :  5.55714e-09
 Reference value :  5.56615e-09
 Reference value :  5.58137e-09
 Reference value :  5.59714e-09
 Reference value :  5.61653e-09
 Reference value :  5.63801e-09
 Reference value :  5.66461e-09
 Reference value :  5.69944e-09
 Reference value :  5.73059e-09
 Reference value :  5.78984e-09
 Reference value :  5.86984e-09
 Reference value :  5.92984e-09
 Reference value :  6.00984e-09
 Reference value :  6.08984e-09
 Reference value :  6.14984e-09
 Reference value :  6.22984e-09
 Reference value :  6.30984e-09
 Reference value :  6.38984e-09
 Reference value :  6.46984e-09
 Reference value :  6.52984e-09
 Reference value :  6.60984e-09
 Reference value :  6.66984e-09
 Reference value :  6.73401e-09
 Reference value :  6.73405e-09
 Reference value :  6.73445e-09
 Reference value :  6.73764e-09
 Reference value :  6.74505e-09
 Reference value :  6.75083e-09
 Reference value :  6.76185e-09
 Reference value :  6.77122e-09
 Reference value :  6.78622e-09
 Reference value :  6.80085e-09
 Reference value :  6.81648e-09
 Reference value :  6.82976e-09
 Reference value :  6.84031e-09
 Reference value :  6.85488e-09
 Reference value :  6.87283e-09
 Reference value :  6.87709e-09
 Reference value :  6.88402e-09
 Reference value :  6.88454e-09
 Reference value :  6.89037e-09
 Reference value :  6.89709e-09
 Reference value :  6.90768e-09
 Reference value :  6.92109e-09
 Reference value :  6.93990e-09
 Reference value :  6.96530e-09
 Reference value :  6.99563e-09
 Reference value :  7.02520e-09
 Reference value :  7.08295e-09
 Reference value :  7.14295e-09
 Reference value :  7.20295e-09
 Reference value :  7.26295e-09
 Reference value :  7.36295e-09
 Reference value :  7.46295e-09
 Reference value :  7.56295e-09
 Reference value :  7.64295e-09
 Reference value :  7.74295e-09
 Reference value :  7.86295e-09
 Reference value :  7.96295e-09
 Reference value :  8.04295e-09
 Reference value :  8.08083e-09
 Reference value :  8.08143e-09
 Reference value :  8.08547e-09
 Reference value :  8.09301e-09
 Reference value :  8.09900e-09
 Reference value :  8.10620e-09
 Reference value :  8.12015e-09
 Reference value :  8.13500e-09
 Reference value :  8.14993e-09
 Reference value :  8.16529e-09
 Reference value :  8.17358e-09
 Reference value :  8.18036e-09
 Reference value :  8.18754e-09
 Reference value :  8.19835e-09
 Reference value :  8.21067e-09
 Reference value :  8.22027e-09
 Reference value :  8.22768e-09
 Reference value :  8.23082e-09
 Reference value :  8.23176e-09
 Reference value :  8.23673e-09
 Reference value :  8.24601e-09
 Reference value :  8.25709e-09
 Reference value :  8.27135e-09
 Reference value :  8.28614e-09
 Reference value :  8.29849e-09
 Reference value :  8.31821e-09
 Reference value :  8.34157e-09
 Reference value :  8.37081e-09
 Reference value :  8.41074e-09
 Reference value :  8.48767e-09
 Reference value :  8.56767e-09
 Reference value :  8.64767e-09
 Reference value :  8.76767e-09
 Reference value :  8.84767e-09
 Reference value :  8.96767e-09
 Reference value :  9.08767e-09
 Reference value :  9.18767e-09
 Reference value :  9.30767e-09
 Reference value :  9.38767e-09
 Reference value :  9.42763e-09
 Reference value :  9.42793e-09
 Reference value :  9.43235e-09
 Reference value :  9.44288e-09
 Reference value :  9.45319e-09
 Reference value :  9.46721e-09
 Reference value :  9.48676e-09
 Reference value :  9.50235e-09
 Reference value :  9.51681e-09
 Reference value :  9.52397e-09
 Reference value :  9.53105e-09
 Reference value :  9.53811e-09
 Reference value :  9.54917e-09
 Reference value :  9.56281e-09
 Reference value :  9.57241e-09
 Reference value :  9.57761e-09
 Reference value :  9.57770e-09
 Reference value :  9.57845e-09
 Reference value :  9.58102e-09
 Reference value :  9.58763e-09
 Reference value :  9.59236e-09
 Reference value :  9.60042e-09
 Reference value :  9.60655e-09
 Reference value :  9.61735e-09
 Reference value :  9.62633e-09
 Reference value :  9.63754e-09
 Reference value :  9.65693e-09
 Reference value :  9.67092e-09
 Reference value :  9.68669e-09
 Reference value :  9.70501e-09
 Reference value :  9.72701e-09
 Reference value :  9.77100e-09
 Reference value :  9.83025e-09
 Reference value :  9.89025e-09
 Reference value :  9.93025e-09
 Reference value :  1.00102e-08
 Reference value :  1.00902e-08
 Reference value :  1.01902e-08
 Reference value :  1.02502e-08
 Reference value :  1.03302e-08
 Reference value :  1.04102e-08
 Reference value :  1.04902e-08
 Reference value :  1.05702e-08
 Reference value :  1.06502e-08
 Reference value :  1.07302e-08
 Reference value :  1.07744e-08
 Reference value :  1.07746e-08
 Reference value :  1.07764e-08
 Reference value :  1.07839e-08
 Reference value :  1.07940e-08
 Reference value :  1.08086e-08
 Reference value :  1.08283e-08
 Reference value :  1.08484e-08
 Reference value :  1.08627e-08
 Reference value :  1.08699e-08
 Reference value :  1.08805e-08
 Reference value :  1.08952e-08
 Reference value :  1.09089e-08
 Reference value :  1.09175e-08
 Reference value :  1.09244e-08
 Reference value :  1.09247e-08
 Reference value :  1.09287e-08
 Reference value :  1.09378e-08
 Reference value :  1.09455e-08
 Reference value :  1.09548e-08
 Reference value :  1.09661e-08
 Reference value :  1.09744e-08
 Reference value :  1.09769e-08
 Reference value :  1.09900e-08
 Reference value :  1.10158e-08
 Reference value :  1.10459e-08
 Reference value :  1.10723e-08
 Reference value :  1.10935e-08
 Reference value :  1.11369e-08
 Reference value :  1.12158e-08
 Reference value :  1.12758e-08
 Reference value :  1.13358e-08
 Reference value :  1.14158e-08
 Reference value :  1.15158e-08
 Reference value :  1.16158e-08
 Reference value :  1.17158e-08
 Reference value :  1.17758e-08
 Reference value :  1.18358e-08
 Reference value :  1.19158e-08
 Reference value :  1.19958e-08
 Reference value :  1.20958e-08
 Reference value :  1.21212e-08
 Reference value :  1.21214e-08
 Reference value :  1.21231e-08
 Reference value :  1.21299e-08
 Reference value :  1.21382e-08
 Reference value :  1.21493e-08
 Reference value :  1.21586e-08
 Reference value :  1.21736e-08
 Reference value :  1.21936e-08
 Reference value :  1.22080e-08
 Reference value :  1.22161e-08
 Reference value :  1.22230e-08
 Reference value :  1.22338e-08
 Reference value :  1.22451e-08
 Reference value :  1.22588e-08
 Reference value :  1.22712e-08
 Reference value :  1.22718e-08
 Reference value :  1.22755e-08
 Reference value :  1.22847e-08
 Reference value :  1.22925e-08
 Reference value :  1.23019e-08
 Reference value :  1.23179e-08
 Reference value :  1.23408e-08
 Reference value :  1.23668e-08
 Reference value :  1.23978e-08
 Reference value :  1.24272e-08
 Reference value :  1.24652e-08
 Reference value :  1.25156e-08
 Reference value :  1.25956e-08
 Reference value :  1.26756e-08
 Reference value :  1.27756e-08
 Reference value :  1.28956e-08
 Reference value :  1.29956e-08
 Reference value :  1.30956e-08
 Reference value :  1.31756e-08
 Reference value :  1.32556e-08
 Reference value :  1.33356e-08
 Reference value :  1.34356e-08
 Reference value :  1.34681e-08
 Reference value :  1.34691e-08
 Reference value :  1.34747e-08
 Reference value :  1.34829e-08
 Reference value :  1.34930e-08
 Reference value :  1.35067e-08
 Reference value :  1.35165e-08
 Reference value :  1.35308e-08
 Reference value :  1.35413e-08
 Reference value :  1.35557e-08
 Reference value :  1.35598e-08
 Reference value :  1.35669e-08
 Reference value :  1.35741e-08
 Reference value :  1.35847e-08
 Reference value :  1.35969e-08
 Reference value :  1.36113e-08
 Reference value :  1.36180e-08
 Reference value :  1.36183e-08
 Reference value :  1.36200e-08
 Reference value :  1.36265e-08
 Reference value :  1.36336e-08
 Reference value :  1.36389e-08
 Reference value :  1.36483e-08
 Reference value :  1.36594e-08
 Reference value :  1.36807e-08
 Reference value :  1.37059e-08
 Reference value :  1.37273e-08
 Reference value :  1.37375e-08
 Reference value :  1.37386e-08
 Reference value :  1.37473e-08
 Reference value :  1.37897e-08
 Reference value :  1.38499e-08
 Reference value :  1.38724e-08
 Reference value :  1.38733e-08
 Reference value :  1.38775e-08
 Reference value :  1.39288e-08
 Reference value :  1.39888e-08
 Reference value :  1.40688e-08
 Reference value :  1.41888e-08
 Reference value :  1.42888e-08
 Reference value :  1.43488e-08
 Reference value :  1.44108e-08
 Reference value :  1.44120e-08
 Reference value :  1.44207e-08
 Reference value :  1.45075e-08
 Reference value :  1.45875e-08
 Reference value :  1.46675e-08
 Reference value :  1.47675e-08
 Reference value :  1.48148e-08
 Reference value :  1.48153e-08
 Reference value :  1.48188e-08
 Reference value :  1.48262e-08
 Reference value :  1.48355e-08
 Reference value :  1.48478e-08
 Reference value :  1.48574e-08
 Reference value :  1.48720e-08
 Reference value :  1.48922e-08
 Reference value :  1.49060e-08
 Reference value :  1.49133e-08
 Reference value :  1.49238e-08
 Reference value :  1.49348e-08
 Reference value :  1.49479e-08
 Reference value :  1.49573e-08
 Reference value :  1.49648e-08
 Reference value :  1.49654e-08
 Reference value :  1.49691e-08
 Reference value :  1.49783e-08
 Reference value :  1.49891e-08
 Reference value :  1.49989e-08
 Reference value :  1.50115e-08
 Reference value :  1.50283e-08
 Reference value :  1.50535e-08
 Reference value :  1.50750e-08
 Reference value :  1.51005e-08
 Reference value :  1.51322e-08
 Reference value :  1.51905e-08
 Reference value :  1.52192e-08
 Reference value :  1.52201e-08
 Reference value :  1.52220e-08
 Reference value :  1.52377e-08
 Reference value :  1.53156e-08
 Reference value :  1.53756e-08
 Reference value :  1.54556e-08
 Reference value :  1.55556e-08
 Reference value :  1.56756e-08
 Reference value :  1.57356e-08
 Reference value :  1.57582e-08
 Reference value :  1.57596e-08
 Reference value :  1.58143e-08
 Reference value :  1.59143e-08
 Reference value :  1.60143e-08
 Reference value :  1.61143e-08
 Reference value :  1.61616e-08
 Reference value :  1.61619e-08
 Reference value :  1.61636e-08
 Reference value :  1.61730e-08
 Reference value :  1.61823e-08
 Reference value :  1.61901e-08
 Reference value :  1.61994e-08
 Reference value :  1.62092e-08
 Reference value :  1.62235e-08
 Reference value :  1.62390e-08
 Reference value :  1.62528e-08
 Reference value :  1.62601e-08
 Reference value :  1.62635e-08
 Reference value :  1.62706e-08
 Reference value :  1.62816e-08
 Reference value :  1.62947e-08
 Reference value :  1.63078e-08
 Reference value :  1.63117e-08
 Reference value :  1.63139e-08
 Reference value :  1.63204e-08
 Reference value :  1.63275e-08
 Reference value :  1.63389e-08
 Reference value :  1.63536e-08
 Reference value :  1.63751e-08
 Reference value :  1.64003e-08
 Reference value :  1.64218e-08
 Reference value :  1.64382e-08
 Reference value :  1.64676e-08
 Reference value :  1.65055e-08
 Reference value :  1.65515e-08
 Reference value :  1.65660e-08
 Reference value :  1.65667e-08
 Reference value :  1.65688e-08
 Reference value :  1.65845e-08
 Reference value :  1.66424e-08
 Reference value :  1.66824e-08
 Reference value :  1.67224e-08
 Reference value :  1.67824e-08
 Reference value :  1.68624e-08
 Reference value :  1.69624e-08
 Reference value :  1.70624e-08
 Reference value :  1.71045e-08
 Reference value :  1.71054e-08
 Reference value :  1.71064e-08
 Reference value :  1.71411e-08
 Reference value :  1.72411e-08
 Reference value :  1.73411e-08
 Reference value :  1.74411e-08
 Reference value :  1.75084e-08
 Reference value :  1.75085e-08
 Reference value :  1.75104e-08
 Reference value :  1.75198e-08
 Reference value :  1.75326e-08
 Reference value :  1.75462e-08
 Reference value :  1.75607e-08
 Reference value :  1.75808e-08
 Reference value :  1.75905e-08
 Reference value :  1.75996e-08
 Reference value :  1.76034e-08
 Reference value :  1.76069e-08
 Reference value :  1.76103e-08
 Reference value :  1.76174e-08
 Reference value :  1.76284e-08
 Reference value :  1.76367e-08
 Reference value :  1.76460e-08
 Reference value :  1.76584e-08
 Reference value :  1.76585e-08
 Reference value :  1.76596e-08
 Reference value :  1.76627e-08
 Reference value :  1.76672e-08
 Reference value :  1.76743e-08
 Reference value :  1.76857e-08
 Reference value :  1.77004e-08
 Reference value :  1.77158e-08
 Reference value :  1.77405e-08
 Reference value :  1.77611e-08
 Reference value :  1.77766e-08
 Reference value :  1.78038e-08
 Reference value :  1.78385e-08
 Reference value :  1.78842e-08
 Reference value :  1.79126e-08
 Reference value :  1.79135e-08
 Reference value :  1.79156e-08
 Reference value :  1.79492e-08
 Reference value :  1.80092e-08
 Reference value :  1.80692e-08
 Reference value :  1.81092e-08
 Reference value :  1.82092e-08
 Reference value :  1.83092e-08
 Reference value :  1.84092e-08
 Reference value :  1.84515e-08
 Reference value :  1.84527e-08
 Reference value :  1.84700e-08
 Reference value :  1.85679e-08
 Reference value :  1.86479e-08
 Reference value :  1.87479e-08
 Reference value :  1.88416e-08
 Reference value :  1.88553e-08
 Reference value :  1.88562e-08
 Reference value :  1.88615e-08
 Reference value :  1.88695e-08
 Reference value :  1.88794e-08
 Reference value :  1.88930e-08
 Reference value :  1.89075e-08
 Reference value :  1.89224e-08
 Reference value :  1.89373e-08
 Reference value :  1.89464e-08
 Reference value :  1.89537e-08
 Reference value :  1.89608e-08
 Reference value :  1.89714e-08
 Reference value :  1.89792e-08
 Reference value :  1.89883e-08
 Reference value :  1.89928e-08
 Reference value :  1.90052e-08
 Reference value :  1.90052e-08
 Reference value :  1.90055e-08
 Reference value :  1.90095e-08
 Reference value :  1.90187e-08
 Reference value :  1.90295e-08
 Reference value :  1.90393e-08
 Reference value :  1.90519e-08
 Reference value :  1.90748e-08
 Reference value :  1.90939e-08
 Reference value :  1.91154e-08
 Reference value :  1.91506e-08
 Reference value :  1.91853e-08
 Reference value :  1.92143e-08
 Reference value :  1.92593e-08
 Reference value :  1.92603e-08
 Reference value :  1.92691e-08
 Reference value :  1.93360e-08
 Reference value :  1.94160e-08
 Reference value :  1.94960e-08
 Reference value :  1.95960e-08
 Reference value :  1.96960e-08
 Reference value :  1.97760e-08
 Reference value :  1.97986e-08
 Reference value :  1.98000e-08
 Reference value :  1.98168e-08
 Reference value :  1.98947e-08
 Reference value :  1.99747e-08
 Reference value :  2.00547e-08
 Reference value :  2.01547e-08
 Reference value :  2.02020e-08
 Reference value :  2.02023e-08
 Reference value :  2.02040e-08
 Reference value :  2.02109e-08
 Reference value :  2.02163e-08
 Reference value :  2.02262e-08
 Reference value :  2.02398e-08
 Reference value :  2.02497e-08
 Reference value :  2.02639e-08
 Reference value :  2.02794e-08
 Reference value :  2.02932e-08
 Reference value :  2.03005e-08
 Reference value :  2.03076e-08
 Reference value :  2.03147e-08
 Reference value :  2.03260e-08
 Reference value :  2.03396e-08
 Reference value :  2.03520e-08
 Reference value :  2.03521e-08
 Reference value :  2.03526e-08
 Reference value :  2.03563e-08
 Reference value :  2.03630e-08
 Reference value :  2.03679e-08
 Reference value :  2.03793e-08
 Reference value :  2.03861e-08
 Reference value :  2.03940e-08
 Reference value :  2.04094e-08
 Reference value :  2.04278e-08
 Reference value :  2.04475e-08
 Reference value :  2.04702e-08
 Reference value :  2.04974e-08
 Reference value :  2.05321e-08
 Reference value :  2.05778e-08
 Reference value :  2.06064e-08
 Reference value :  2.06076e-08
 Reference value :  2.06160e-08
 Reference value :  2.06828e-08
 Reference value :  2.07428e-08
 Reference value :  2.08028e-08
 Reference value :  2.09028e-08
 Reference value :  2.09828e-08
 Reference value :  2.10628e-08
 Reference value :  2.11338e-08
 Reference value :  2.11454e-08
 Reference value :  2.11463e-08
 Reference value :  2.11502e-08
 Reference value :  2.12216e-08
 Reference value :  2.12796e-08
 Reference value :  2.12805e-08
 Reference value :  2.12826e-08
 Reference value :  2.13162e-08
 Reference value :  2.13962e-08
 Reference value :  2.14762e-08
 Reference value :  2.15488e-08
 Reference value :  2.15488e-08
 Reference value :  2.15491e-08
 Reference value :  2.15511e-08
 Reference value :  2.15581e-08
 Reference value :  2.15636e-08
 Reference value :  2.15701e-08
 Reference value :  2.15827e-08
 Reference value :  2.15875e-08
 Reference value :  2.16024e-08
 Reference value :  2.16173e-08
 Reference value :  2.16321e-08
 Reference value :  2.16409e-08
 Reference value :  2.16445e-08
 Reference value :  2.16479e-08
 Reference value :  2.16550e-08
 Reference value :  2.16657e-08
 Reference value :  2.16779e-08
 Reference value :  2.16923e-08
 Reference value :  2.16988e-08
 Reference value :  2.16998e-08
 Reference value :  2.17048e-08
 Reference value :  2.17142e-08
 Reference value :  2.17254e-08
 Reference value :  2.17360e-08
 Reference value :  2.17550e-08
 Reference value :  2.17733e-08
 Reference value :  2.17929e-08
 Reference value :  2.18153e-08
 Reference value :  2.18421e-08
 Reference value :  2.18763e-08
 Reference value :  2.19391e-08
 Reference value :  2.19991e-08
 Reference value :  2.20591e-08
 Reference value :  2.21191e-08
 Reference value :  2.21991e-08
 Reference value :  2.22991e-08
 Reference value :  2.23991e-08
 Reference value :  2.24791e-08
 Reference value :  2.25591e-08
 Reference value :  2.26391e-08
 Reference value :  2.26991e-08
 Reference value :  2.27991e-08
 Reference value :  2.28956e-08
 Reference value :  2.28957e-08
 Reference value :  2.28968e-08
 Reference value :  2.29002e-08
 Reference value :  2.29077e-08
 Reference value :  2.29209e-08
 Reference value :  2.29395e-08
 Reference value :  2.29541e-08
 Reference value :  2.29693e-08
 Reference value :  2.29838e-08
 Reference value :  2.29914e-08
 Reference value :  2.29982e-08
 Reference value :  2.30090e-08
 Reference value :  2.30204e-08
 Reference value :  2.30347e-08
 Reference value :  2.30456e-08
 Reference value :  2.30457e-08
 Reference value :  2.30461e-08
 Reference value :  2.30494e-08
 Reference value :  2.30560e-08
 Reference value :  2.30635e-08
 Reference value :  2.30721e-08
 Reference value :  2.30826e-08
 Reference value :  2.30958e-08
 Reference value :  2.31075e-08
 Reference value :  2.31198e-08
 Reference value :  2.31326e-08
 Reference value :  2.31539e-08
 Reference value :  2.31884e-08
 Reference value :  2.32359e-08
 Reference value :  2.32849e-08
 Reference value :  2.33449e-08
 Reference value :  2.34249e-08
 Reference value :  2.34849e-08
 Reference value :  2.35649e-08
 Reference value :  2.36649e-08
 Reference value :  2.37649e-08
 Reference value :  2.38649e-08
 Reference value :  2.39449e-08
 Reference value :  2.40049e-08
 Reference value :  2.40849e-08
 Reference value :  2.41649e-08
 Reference value :  2.42424e-08
 Reference value :  2.42426e-08
 Reference value :  2.42449e-08
 Reference value :  2.42494e-08
 Reference value :  2.42606e-08
 Reference value :  2.42722e-08
 Reference value :  2.42864e-08
 Reference value :  2.42961e-08
 Reference value :  2.43113e-08
 Reference value :  2.43213e-08
 Reference value :  2.43307e-08
 Reference value :  2.43383e-08
 Reference value :  2.43451e-08
 Reference value :  2.43559e-08
 Reference value :  2.43718e-08
 Reference value :  2.43862e-08
 Reference value :  2.43924e-08
 Reference value :  2.43929e-08
 Reference value :  2.43982e-08
 Reference value :  2.44052e-08
 Reference value :  2.44129e-08
 Reference value :  2.44221e-08
 Reference value :  2.44293e-08
 Reference value :  2.44377e-08
 Reference value :  2.44481e-08
 Reference value :  2.44664e-08
 Reference value :  2.44859e-08
 Reference value :  2.45082e-08
 Reference value :  2.45452e-08
 Reference value :  2.45822e-08
 Reference value :  2.46311e-08
 Reference value :  2.46910e-08
 Reference value :  2.47510e-08
 Reference value :  2.48110e-08
 Reference value :  2.48710e-08
 Reference value :  2.49310e-08
 Reference value :  2.50110e-08
 Reference value :  2.51110e-08
 Reference value :  2.51710e-08
 Reference value :  2.52310e-08
 Reference value :  2.52910e-08
 Reference value :  2.53710e-08
 Reference value :  2.54510e-08
 Reference value :  2.55110e-08
 Reference value :  2.55892e-08
 Reference value :  2.55892e-08
 Reference value :  2.55895e-08
 Reference value :  2.55938e-08
 Reference value :  2.56013e-08
 Reference value :  2.56145e-08
 Reference value :  2.56284e-08
 Reference value :  2.56381e-08
 Reference value :  2.56525e-08
 Reference value :  2.56679e-08
 Reference value :  2.56814e-08
 Reference value :  2.56884e-08
 Reference value :  2.56955e-08
 Reference value :  2.57062e-08
 Reference value :  2.57185e-08
 Reference value :  2.57329e-08
 Reference value :  2.57392e-08
 Reference value :  2.57394e-08
 Reference value :  2.57411e-08
 Reference value :  2.57474e-08
 Reference value :  2.57521e-08
 Reference value :  2.57598e-08
 Reference value :  2.57690e-08
 Reference value :  2.57801e-08
 Reference value :  2.57951e-08
 Reference value :  2.58134e-08
 Reference value :  2.58330e-08
 Reference value :  2.58553e-08
 Reference value :  2.58821e-08
 Reference value :  2.59160e-08
 Reference value :  2.59606e-08
 Reference value :  2.60186e-08
 Reference value :  2.60586e-08
 Reference value :  2.61186e-08
 Reference value :  2.61786e-08
 Reference value :  2.62586e-08
 Reference value :  2.63586e-08
 Reference value :  2.64386e-08
 Reference value :  2.65386e-08
 Reference value :  2.66186e-08
 Reference value :  2.67186e-08
 Reference value :  2.68186e-08
 Reference value :  2.68986e-08
 Reference value :  2.69360e-08
 Reference value :  2.69360e-08
 Reference value :  2.69360e-08
 Reference value :  2.69360e-08
 Reference value :  2.69360e-08
 Reference value :  2.69360e-08
 Reference value :  2.69360e-08
 Reference value :  2.69360e-08
 Reference value :  2.69360e-08
 Reference value :  2.69360e-08
 Reference value :  2.69361e-08
 Reference value :  2.69362e-08
 Reference value :  2.69374e-08
 Reference value :  2.69391e-08
 Reference value :  2.69410e-08
 Reference value :  2.69443e-08
 Reference value :  2.69491e-08
 Reference value :  2.69551e-08
 Reference value :  2.69635e-08
 Reference value :  2.69747e-08
 Reference value :  2.69871e-08
 Reference value :  2.70063e-08
 Reference value :  2.70207e-08
 Reference value :  2.70331e-08
 Reference value :  2.70401e-08
 Reference value :  2.70504e-08
 Reference value :  2.70578e-08
 Reference value :  2.70713e-08
 Reference value :  2.70803e-08
 Reference value :  2.70860e-08
 Reference value :  2.70861e-08
 Reference value :  2.70864e-08
 Reference value :  2.70916e-08
 Reference value :  2.70984e-08
 Reference value :  2.71034e-08
 Reference value :  2.71089e-08
 Reference value :  2.71220e-08
 Reference value :  2.71347e-08
 Reference value :  2.71521e-08
 Reference value :  2.71714e-08
 Reference value :  2.71940e-08
 Reference value :  2.72325e-08
 Reference value :  2.72905e-08
 Reference value :  2.73704e-08
 Reference value :  2.74104e-08
 Reference value :  2.74504e-08
 Reference value :  2.75304e-08
 Reference value :  2.75904e-08
 Reference value :  2.76704e-08
 Reference value :  2.77504e-08
 Reference value :  2.78304e-08
 Reference value :  2.78904e-08
 Reference value :  2.79504e-08
 Reference value :  2.80104e-08
 Reference value :  2.80704e-08
 Reference value :  2.81504e-08
 Reference value :  2.82304e-08
 Reference value :  2.82828e-08
 Reference value :  2.82834e-08
 Reference value :  2.82875e-08
 Reference value :  2.82922e-08
 Reference value :  2.83007e-08
 Reference value :  2.83121e-08
 Reference value :  2.83217e-08
 Reference value :  2.83366e-08
 Reference value :  2.83514e-08
 Reference value :  2.83669e-08
 Reference value :  2.83752e-08
 Reference value :  2.83820e-08
 Reference value :  2.83963e-08
 Reference value :  2.84079e-08
 Reference value :  2.84172e-08
 Reference value :  2.84260e-08
 Reference value :  2.84328e-08
 Reference value :  2.84331e-08
 Reference value :  2.84339e-08
 Reference value :  2.84371e-08
 Reference value :  2.84412e-08
 Reference value :  2.84483e-08
 Reference value :  2.84564e-08
 Reference value :  2.84660e-08
 Reference value :  2.84830e-08
 Reference value :  2.85010e-08
 Reference value :  2.85208e-08
 Reference value :  2.85442e-08
 Reference value :  2.85856e-08
 Reference value :  2.86513e-08
 Reference value :  2.87313e-08
 Reference value :  2.88113e-08
 Reference value :  2.89313e-08
 Reference value :  2.90313e-08
 Reference value :  2.91313e-08
 Reference value :  2.92313e-08
 Reference value :  2.93113e-08
 Reference value :  2.94113e-08
 Reference value :  2.95113e-08
 Reference value :  2.95913e-08
 Reference value :  2.96297e-08
 Reference value :  2.96302e-08
 Reference value :  2.96321e-08
 Reference value :  2.96342e-08
 Reference value :  2.96418e-08
 Reference value :  2.96549e-08
 Reference value :  2.96688e-08
 Reference value :  2.96832e-08
 Reference value :  2.96983e-08
 Reference value :  2.97181e-08
 Reference value :  2.97254e-08
 Reference value :  2.97325e-08
 Reference value :  2.97467e-08
 Reference value :  2.97639e-08
 Reference value :  2.97727e-08
 Reference value :  2.97796e-08
 Reference value :  2.97802e-08
 Reference value :  2.97860e-08
 Reference value :  2.97903e-08
 Reference value :  2.98004e-08
 Reference value :  2.98063e-08
 Reference value :  2.98167e-08
 Reference value :  2.98355e-08
 Reference value :  2.98609e-08
 Reference value :  2.98912e-08
 Reference value :  2.99327e-08
 Reference value :  2.99985e-08
 Reference value :  3.00785e-08
 Reference value :  3.01585e-08
 Reference value :  3.02785e-08
 Reference value :  3.03585e-08
 Reference value :  3.04385e-08
 Reference value :  3.05185e-08
 Reference value :  3.06185e-08
 Reference value :  3.06985e-08
 Reference value :  3.07785e-08
 Reference value :  3.08585e-08
 Reference value :  3.09385e-08
 Reference value :  3.09765e-08
 Reference value :  3.09767e-08
 Reference value :  3.09789e-08
 Reference value :  3.09834e-08
 Reference value :  3.09886e-08
 Reference value :  3.09946e-08
 Reference value :  3.10062e-08
 Reference value :  3.10158e-08
 Reference value :  3.10306e-08
 Reference value :  3.10456e-08
 Reference value :  3.10609e-08
 Reference value :  3.10692e-08
 Reference value :  3.10760e-08
 Reference value :  3.10902e-08
 Reference value :  3.11063e-08
 Reference value :  3.11202e-08
 Reference value :  3.11264e-08
 Reference value :  3.11267e-08
 Reference value :  3.11283e-08
 Reference value :  3.11324e-08
 Reference value :  3.11393e-08
 Reference value :  3.11469e-08
 Reference value :  3.11560e-08
 Reference value :  3.11670e-08
 Reference value :  3.11818e-08
 Reference value :  3.12003e-08
 Reference value :  3.12212e-08
 Reference value :  3.12460e-08
 Reference value :  3.12783e-08
 Reference value :  3.13432e-08
 Reference value :  3.14032e-08
 Reference value :  3.14832e-08
 Reference value :  3.15832e-08
 Reference value :  3.16832e-08
 Reference value :  3.17832e-08
 Reference value :  3.18832e-08
 Reference value :  3.19832e-08
 Reference value :  3.20832e-08
 Reference value :  3.21832e-08
 Reference value :  3.22632e-08
 Reference value :  3.23233e-08
 Reference value :  3.23236e-08
 Reference value :  3.23245e-08
 Reference value :  3.23304e-08
 Reference value :  3.23385e-08
 Reference value :  3.23451e-08
 Reference value :  3.23580e-08
 Reference value :  3.23728e-08
 Reference value :  3.23927e-08
 Reference value :  3.24124e-08
 Reference value :  3.24196e-08
 Reference value :  3.24267e-08
 Reference value :  3.24373e-08
 Reference value :  3.24448e-08
 Reference value :  3.24584e-08
 Reference value :  3.24706e-08
 Reference value :  3.24733e-08
 Reference value :  3.24749e-08
 Reference value :  3.24810e-08
 Reference value :  3.24906e-08
 Reference value :  3.25022e-08
 Reference value :  3.25174e-08
 Reference value :  3.25397e-08
 Reference value :  3.25665e-08
 Reference value :  3.25910e-08
 Reference value :  3.26226e-08
 Reference value :  3.26666e-08
 Reference value :  3.27259e-08
 Reference value :  3.28059e-08
 Reference value :  3.28859e-08
 Reference value :  3.29859e-08
 Reference value :  3.31059e-08
 Reference value :  3.32259e-08
 Reference value :  3.33259e-08
 Reference value :  3.34259e-08
 Reference value :  3.35059e-08
 Reference value :  3.35859e-08
 Reference value :  3.36700e-08
 Reference value :  3.36701e-08
 Reference value :  3.36709e-08
 Reference value :  3.36760e-08
 Reference value :  3.36839e-08
 Reference value :  3.36937e-08
 Reference value :  3.37072e-08
 Reference value :  3.37222e-08
 Reference value :  3.37369e-08
 Reference value :  3.37525e-08
 Reference value :  3.37658e-08
 Reference value :  3.37763e-08
 Reference value :  3.37909e-08
 Reference value :  3.38089e-08
 Reference value :  3.38200e-08
 Reference value :  3.38201e-08
 Reference value :  3.38211e-08
 Reference value :  3.38285e-08
 Reference value :  3.38382e-08
 Reference value :  3.38500e-08
 Reference value :  3.38610e-08
 Reference value :  3.38703e-08
 Reference value :  3.38883e-08
 Reference value :  3.39013e-08
 Reference value :  3.39233e-08
 Reference value :  3.39505e-08
 Reference value :  3.39865e-08
 Reference value :  3.40390e-08
 Reference value :  3.40790e-08
 Reference value :  3.41390e-08
 Reference value :  3.41990e-08
 Reference value :  3.42790e-08
 Reference value :  3.43790e-08
 Reference value :  3.44590e-08
 Reference value :  3.45390e-08
 Reference value :  3.46190e-08
 Reference value :  3.46990e-08
 Reference value :  3.47990e-08
 Reference value :  3.48990e-08
 Reference value :  3.49790e-08
 Reference value :  3.50169e-08
 Reference value :  3.50171e-08
 Reference value :  3.50181e-08
 Reference value :  3.50215e-08
 Reference value :  3.50290e-08
 Reference value :  3.50386e-08
 Reference value :  3.50562e-08
 Reference value :  3.50705e-08
 Reference value :  3.50909e-08
 Reference value :  3.51054e-08
 Reference value :  3.51127e-08
 Reference value :  3.51198e-08
 Reference value :  3.51303e-08
 Reference value :  3.51420e-08
 Reference value :  3.51558e-08
 Reference value :  3.51635e-08
 Reference value :  3.51669e-08
 Reference value :  3.51674e-08
 Reference value :  3.51711e-08
 Reference value :  3.51752e-08
 Reference value :  3.51823e-08
 Reference value :  3.51904e-08
 Reference value :  3.52000e-08
 Reference value :  3.52122e-08
 Reference value :  3.52285e-08
 Reference value :  3.52478e-08
 Reference value :  3.52698e-08
 Reference value :  3.52968e-08
 Reference value :  3.53327e-08
 Reference value :  3.53850e-08
 Reference value :  3.54450e-08
 Reference value :  3.55050e-08
 Reference value :  3.55450e-08
 Reference value :  3.56250e-08
 Reference value :  3.57250e-08
 Reference value :  3.58050e-08
 Reference value :  3.58850e-08
 Reference value :  3.59450e-08
 Reference value :  3.60050e-08
 Reference value :  3.60650e-08
 Reference value :  3.61450e-08
 Reference value :  3.62250e-08
 Reference value :  3.63050e-08
 Reference value :  3.63637e-08
 Reference value :  3.63643e-08
 Reference value :  3.63683e-08
 Reference value :  3.63788e-08
 Reference value :  3.63934e-08
 Reference value :  3.64076e-08
 Reference value :  3.64270e-08
 Reference value :  3.64477e-08
 Reference value :  3.64560e-08
 Reference value :  3.64628e-08
 Reference value :  3.64771e-08
 Reference value :  3.64930e-08
 Reference value :  3.65068e-08
 Reference value :  3.65137e-08
 Reference value :  3.65139e-08
 Reference value :  3.65179e-08
 Reference value :  3.65220e-08
 Reference value :  3.65291e-08
 Reference value :  3.65402e-08
 Reference value :  3.65546e-08
 Reference value :  3.65638e-08
 Reference value :  3.65818e-08
 Reference value :  3.66016e-08
 Reference value :  3.66251e-08
 Reference value :  3.66546e-08
 Reference value :  3.66798e-08
 Reference value :  3.67321e-08
 Reference value :  3.68121e-08
 Reference value :  3.68921e-08
 Reference value :  3.69721e-08
 Reference value :  3.70921e-08
 Reference value :  3.72121e-08
 Reference value :  3.73121e-08
 Reference value :  3.74321e-08
 Reference value :  3.75321e-08
 Reference value :  3.76321e-08
 Reference value :  3.77105e-08
 Reference value :  3.77118e-08
 Reference value :  3.77184e-08
 Reference value :  3.77320e-08
 Reference value :  3.77523e-08
 Reference value :  3.77715e-08
 Reference value :  3.77918e-08
 Reference value :  3.78045e-08
 Reference value :  3.78116e-08
 Reference value :  3.78259e-08
 Reference value :  3.78428e-08
 Reference value :  3.78516e-08
 Reference value :  3.78605e-08
 Reference value :  3.78609e-08
 Reference value :  3.78640e-08
 Reference value :  3.78706e-08
 Reference value :  3.78780e-08
 Reference value :  3.78864e-08
 Reference value :  3.78968e-08
 Reference value :  3.79052e-08
 Reference value :  3.79105e-08
 Reference value :  3.79112e-08
 Reference value :  3.79194e-08
 Reference value :  3.79346e-08
 Reference value :  3.79479e-08
 Reference value :  3.79698e-08
 Reference value :  3.80030e-08
 Reference value :  3.80350e-08
 Reference value :  3.80634e-08
 Reference value :  3.81008e-08
 Reference value :  3.81408e-08
 Reference value :  3.81808e-08
 Reference value :  3.82408e-08
 Reference value :  3.83008e-08
 Reference value :  3.83808e-08
 Reference value :  3.84808e-08
 Reference value :  3.86008e-08
 Reference value :  3.87208e-08
 Reference value :  3.88408e-08
 Reference value :  3.89008e-08
 Reference value :  3.89808e-08
 Reference value :  3.90572e-08
 Reference value :  3.90574e-08
 Reference value :  3.90585e-08
 Reference value :  3.90619e-08
 Reference value :  3.90694e-08
 Reference value :  3.90789e-08
 Reference value :  3.90966e-08
 Reference value :  3.91161e-08
 Reference value :  3.91315e-08
 Reference value :  3.91459e-08
 Reference value :  3.91534e-08
 Reference value :  3.91602e-08
 Reference value :  3.91710e-08
 Reference value :  3.91825e-08
 Reference value :  3.91968e-08
 Reference value :  3.92072e-08
 Reference value :  3.92073e-08
 Reference value :  3.92081e-08
 Reference value :  3.92128e-08
 Reference value :  3.92197e-08
 Reference value :  3.92274e-08
 Reference value :  3.92365e-08
 Reference value :  3.92475e-08
 Reference value :  3.92623e-08
 Reference value :  3.92804e-08
 Reference value :  3.93000e-08
 Reference value :  3.93304e-08
 Reference value :  3.93588e-08
 Reference value :  3.93954e-08
 Reference value :  3.94438e-08
 Reference value :  3.95035e-08
 Reference value :  3.95635e-08
 Reference value :  3.96235e-08
 Reference value :  3.97035e-08
 Reference value :  3.97835e-08
 Reference value :  3.98435e-08
 Reference value :  3.99435e-08
 Reference value :  4.00035e-08
 Reference value :  4.00635e-08
 Reference value :  4.01235e-08
 Reference value :  4.02035e-08
 Reference value :  4.02635e-08
 Reference value :  4.03235e-08
 Reference value :  4.03938e-08
 Reference value :  4.04041e-08
 Reference value :  4.04042e-08
 Reference value :  4.04056e-08
 Reference value :  4.04120e-08
 Reference value :  4.04173e-08
 Reference value :  4.04271e-08
 Reference value :  4.04355e-08
 Reference value :  4.04509e-08
 Reference value :  4.04604e-08
 Reference value :  4.04756e-08
 Reference value :  4.04901e-08
 Reference value :  4.05025e-08
 Reference value :  4.05059e-08
 Reference value :  4.05130e-08
 Reference value :  4.05202e-08
 Reference value :  4.05280e-08
 Reference value :  4.05371e-08
 Reference value :  4.05503e-08
 Reference value :  4.05541e-08
 Reference value :  4.05546e-08
 Reference value :  4.05583e-08
 Reference value :  4.05651e-08
 Reference value :  4.05753e-08
 Reference value :  4.05847e-08
 Reference value :  4.05960e-08
 Reference value :  4.06114e-08
 Reference value :  4.06298e-08
 Reference value :  4.06428e-08
 Reference value :  4.06643e-08
 Reference value :  4.06897e-08
 Reference value :  4.07215e-08
 Reference value :  4.07632e-08
 Reference value :  4.08184e-08
 Reference value :  4.08984e-08
 Reference value :  4.09784e-08
 Reference value :  4.10384e-08
 Reference value :  4.11184e-08
 Reference value :  4.11784e-08
 Reference value :  4.12384e-08
 Reference value :  4.13184e-08
 Reference value :  4.14184e-08
 Reference value :  4.14984e-08
 Reference value :  4.15784e-08
 Reference value :  4.16384e-08
 Reference value :  4.17184e-08
 Reference value :  4.17509e-08
 Reference value :  4.17514e-08
 Reference value :  4.17575e-08
 Reference value :  4.17687e-08
 Reference value :  4.17848e-08
 Reference value :  4.17943e-08
 Reference value :  4.18089e-08
 Reference value :  4.18190e-08
 Reference value :  4.18338e-08
 Reference value :  4.18427e-08
 Reference value :  4.18498e-08
 Reference value :  4.18569e-08
 Reference value :  4.18675e-08
 Reference value :  4.18798e-08
 Reference value :  4.18942e-08
 Reference value :  4.19008e-08
 Reference value :  4.19009e-08
 Reference value :  4.19018e-08
 Reference value :  4.19070e-08
 Reference value :  4.19140e-08
 Reference value :  4.19217e-08
 Reference value :  4.19277e-08
 Reference value :  4.19383e-08
 Reference value :  4.19517e-08
 Reference value :  4.19635e-08
 Reference value :  4.19822e-08
 Reference value :  4.20026e-08
 Reference value :  4.20264e-08
 Reference value :  4.20450e-08
 Reference value :  4.20668e-08
 Reference value :  4.20930e-08
 Reference value :  4.21244e-08
 Reference value :  4.21827e-08
 Reference value :  4.22427e-08
 Reference value :  4.23027e-08
 Reference value :  4.23827e-08
 Reference value :  4.24827e-08
 Reference value :  4.26027e-08
 Reference value :  4.27027e-08
 Reference value :  4.28027e-08
 Reference value :  4.29227e-08
 Reference value :  4.30027e-08
 Reference value :  4.30976e-08
 Reference value :  4.30978e-08
 Reference value :  4.31000e-08
 Reference value :  4.31070e-08
 Reference value :  4.31156e-08
 Reference value :  4.31317e-08
 Reference value :  4.31418e-08
 Reference value :  4.31561e-08
 Reference value :  4.31715e-08
 Reference value :  4.31898e-08
 Reference value :  4.31969e-08
 Reference value :  4.32074e-08
 Reference value :  4.32225e-08
 Reference value :  4.32413e-08
 Reference value :  4.32477e-08
 Reference value :  4.32481e-08
 Reference value :  4.32514e-08
 Reference value :  4.32580e-08
 Reference value :  4.32655e-08
 Reference value :  4.32774e-08
 Reference value :  4.32885e-08
 Reference value :  4.33035e-08
 Reference value :  4.33218e-08
 Reference value :  4.33484e-08
 Reference value :  4.33720e-08
 Reference value :  4.34007e-08
 Reference value :  4.34378e-08
 Reference value :  4.35068e-08
 Reference value :  4.35668e-08
 Reference value :  4.36268e-08
 Reference value :  4.36868e-08
 Reference value :  4.37868e-08
 Reference value :  4.38868e-08
 Reference value :  4.39868e-08
 Reference value :  4.40868e-08
 Reference value :  4.41868e-08
 Reference value :  4.42668e-08
 Reference value :  4.43668e-08
 Reference value :  4.44256e-08
 Reference value :  4.44445e-08
 Reference value :  4.44447e-08
 Reference value :  4.44469e-08
 Reference value :  4.44491e-08
 Reference value :  4.44566e-08
 Reference value :  4.44662e-08
 Reference value :  4.44789e-08
 Reference value :  4.44838e-08
 Reference value :  4.44986e-08
 Reference value :  4.45136e-08
 Reference value :  4.45283e-08
 Reference value :  4.45370e-08
 Reference value :  4.45439e-08
 Reference value :  4.45510e-08
 Reference value :  4.45617e-08
 Reference value :  4.45790e-08
 Reference value :  4.45915e-08
 Reference value :  4.45945e-08
 Reference value :  4.45949e-08
 Reference value :  4.46001e-08
 Reference value :  4.46070e-08
 Reference value :  4.46146e-08
 Reference value :  4.46238e-08
 Reference value :  4.46348e-08
 Reference value :  4.46554e-08
 Reference value :  4.46805e-08
 Reference value :  4.47094e-08
 Reference value :  4.47460e-08
 Reference value :  4.47973e-08
 Reference value :  4.48708e-08
 Reference value :  4.49508e-08
 Reference value :  4.50308e-08
 Reference value :  4.51308e-08
 Reference value :  4.52508e-08
 Reference value :  4.53508e-08
 Reference value :  4.54508e-08
 Reference value :  4.55308e-08
 Reference value :  4.56108e-08
 Reference value :  4.57108e-08
 Reference value :  4.57912e-08
 Reference value :  4.57913e-08
 Reference value :  4.57920e-08
 Reference value :  4.57944e-08
 Reference value :  4.57992e-08
 Reference value :  4.58045e-08
 Reference value :  4.58107e-08
 Reference value :  4.58227e-08
 Reference value :  4.58381e-08
 Reference value :  4.58524e-08
 Reference value :  4.58726e-08
 Reference value :  4.58862e-08
 Reference value :  4.58931e-08
 Reference value :  4.59074e-08
 Reference value :  4.59195e-08
 Reference value :  4.59337e-08
 Reference value :  4.59413e-08
 Reference value :  4.59418e-08
 Reference value :  4.59456e-08
 Reference value :  4.59523e-08
 Reference value :  4.59599e-08
 Reference value :  4.59655e-08
 Reference value :  4.59753e-08
 Reference value :  4.59928e-08
 Reference value :  4.60109e-08
 Reference value :  4.60300e-08
 Reference value :  4.60515e-08
 Reference value :  4.60867e-08
 Reference value :  4.61352e-08
 Reference value :  4.61856e-08
 Reference value :  4.62656e-08
 Reference value :  4.63456e-08
 Reference value :  4.64256e-08
 Reference value :  4.65256e-08
 Reference value :  4.66256e-08
 Reference value :  4.67056e-08
 Reference value :  4.67856e-08
 Reference value :  4.68656e-08
 Reference value :  4.69456e-08
 Reference value :  4.70456e-08
 Reference value :  4.71380e-08
 Reference value :  4.71381e-08
 Reference value :  4.71386e-08
 Reference value :  4.71425e-08
 Reference value :  4.71499e-08
 Reference value :  4.71595e-08
 Reference value :  4.71720e-08
 Reference value :  4.71815e-08
 Reference value :  4.71961e-08
 Reference value :  4.72113e-08
 Reference value :  4.72299e-08
 Reference value :  4.72370e-08
 Reference value :  4.72441e-08
 Reference value :  4.72547e-08
 Reference value :  4.72718e-08
 Reference value :  4.72847e-08
 Reference value :  4.72881e-08
 Reference value :  4.72890e-08
 Reference value :  4.72942e-08
 Reference value :  4.73012e-08
 Reference value :  4.73089e-08
 Reference value :  4.73183e-08
 Reference value :  4.73295e-08
 Reference value :  4.73447e-08
 Reference value :  4.73631e-08
 Reference value :  4.73827e-08
 Reference value :  4.74136e-08
 Reference value :  4.74540e-08
 Reference value :  4.74952e-08
 Reference value :  4.75499e-08
 Reference value :  4.76099e-08
 Reference value :  4.76699e-08
 Reference value :  4.77099e-08
 Reference value :  4.77899e-08
 Reference value :  4.78699e-08
 Reference value :  4.79699e-08
 Reference value :  4.80499e-08
 Reference value :  4.81299e-08
 Reference value :  4.82299e-08
 Reference value :  4.83499e-08
 Reference value :  4.84499e-08
 Reference value :  4.84849e-08
 Reference value :  4.84854e-08
 Reference value :  4.84896e-08
 Reference value :  4.84942e-08
 Reference value :  4.85028e-08
 Reference value :  4.85099e-08
 Reference value :  4.85189e-08
 Reference value :  4.85290e-08
 Reference value :  4.85483e-08
 Reference value :  4.85636e-08
 Reference value :  4.85770e-08
 Reference value :  4.85841e-08
 Reference value :  4.85912e-08
 Reference value :  4.86018e-08
 Reference value :  4.86097e-08
 Reference value :  4.86190e-08
 Reference value :  4.86317e-08
 Reference value :  4.86349e-08
 Reference value :  4.86353e-08
 Reference value :  4.86386e-08
 Reference value :  4.86453e-08
 Reference value :  4.86554e-08
 Reference value :  4.86680e-08
 Reference value :  4.86757e-08
 Reference value :  4.86850e-08
 Reference value :  4.86967e-08
 Reference value :  4.87153e-08
 Reference value :  4.87286e-08
 Reference value :  4.87430e-08
 Reference value :  4.87681e-08
 Reference value :  4.87879e-08
 Reference value :  4.88250e-08
 Reference value :  4.88740e-08
 Reference value :  4.89340e-08
 Reference value :  4.89940e-08
 Reference value :  4.90740e-08
 Reference value :  4.91740e-08
 Reference value :  4.92540e-08
 Reference value :  4.93340e-08
 Reference value :  4.94140e-08
 Reference value :  4.94940e-08
 Reference value :  4.95940e-08
 Reference value :  4.96940e-08
 Reference value :  4.97740e-08
 Reference value :  4.98317e-08
 Reference value :  4.98320e-08
 Reference value :  4.98363e-08
 Reference value :  4.98438e-08
 Reference value :  4.98534e-08
 Reference value :  4.98661e-08
 Reference value :  4.98762e-08
 Reference value :  4.98905e-08
 Reference value :  4.99059e-08
 Reference value :  4.99202e-08
 Reference value :  4.99277e-08
 Reference value :  4.99346e-08
 Reference value :  4.99453e-08
 Reference value :  4.99568e-08
 Reference value :  4.99711e-08
 Reference value :  4.99817e-08
 Reference value :  4.99825e-08
 Reference value :  4.99895e-08
 Reference value :  4.99966e-08
 Reference value :  5.00048e-08
 Reference value :  5.00181e-08
 Reference value :  5.00367e-08
 Reference value :  5.00612e-08
 Reference value :  5.00814e-08
 Reference value :  5.01136e-08
 Reference value :  5.01444e-08
 Reference value :  5.02006e-08
 Reference value :  5.02580e-08
 Reference value :  5.03380e-08
 Reference value :  5.04180e-08
 Reference value :  5.05180e-08
 Reference value :  5.06180e-08
 Reference value :  5.06980e-08
 Reference value :  5.07980e-08
 Reference value :  5.08980e-08
 Reference value :  5.10180e-08
 Reference value :  5.11380e-08
 Reference value :  5.11785e-08
 Reference value :  5.11788e-08
 Reference value :  5.11840e-08
 Reference value :  5.11947e-08
 Reference value :  5.12099e-08
 Reference value :  5.12300e-08
 Reference value :  5.12500e-08
 Reference value :  5.12694e-08
 Reference value :  5.12769e-08
 Reference value :  5.12803e-08
 Reference value :  5.12874e-08
 Reference value :  5.12984e-08
 Reference value :  5.13160e-08
 Reference value :  5.13285e-08
 Reference value :  5.13286e-08
 Reference value :  5.13308e-08
 Reference value :  5.13372e-08
 Reference value :  5.13444e-08
 Reference value :  5.13557e-08
 Reference value :  5.13665e-08
 Reference value :  5.13800e-08
 Reference value :  5.13981e-08
 Reference value :  5.14240e-08
 Reference value :  5.14551e-08
 Reference value :  5.14959e-08
 Reference value :  5.15543e-08
 Reference value :  5.16328e-08
 Reference value :  5.16928e-08
 Reference value :  5.17528e-08
 Reference value :  5.18128e-08
 Reference value :  5.18928e-08
 Reference value :  5.19928e-08
 Reference value :  5.20728e-08
 Reference value :  5.21728e-08
 Reference value :  5.22728e-08
 Reference value :  5.23528e-08
 Reference value :  5.24328e-08
 Reference value :  5.25090e-08
 Reference value :  5.25253e-08
 Reference value :  5.25255e-08
 Reference value :  5.25275e-08
 Reference value :  5.25346e-08
 Reference value :  5.25401e-08
 Reference value :  5.25502e-08
 Reference value :  5.25639e-08
 Reference value :  5.25737e-08
 Reference value :  5.25934e-08
 Reference value :  5.26082e-08
 Reference value :  5.26171e-08
 Reference value :  5.26242e-08
 Reference value :  5.26347e-08
 Reference value :  5.26458e-08
 Reference value :  5.26640e-08
 Reference value :  5.26753e-08
 Reference value :  5.26753e-08
 Reference value :  5.26762e-08
 Reference value :  5.26814e-08
 Reference value :  5.26884e-08
 Reference value :  5.26961e-08
 Reference value :  5.27021e-08
 Reference value :  5.27088e-08
 Reference value :  5.27167e-08
 Reference value :  5.27261e-08
 Reference value :  5.27441e-08
 Reference value :  5.27566e-08
 Reference value :  5.27771e-08
 Reference value :  5.28098e-08
 Reference value :  5.28538e-08
 Reference value :  5.29172e-08
 Reference value :  5.29972e-08
 Reference value :  5.30772e-08
 Reference value :  5.31572e-08
 Reference value :  5.32572e-08
 Reference value :  5.33572e-08
 Reference value :  5.34172e-08
 Reference value :  5.34972e-08
 Reference value :  5.35772e-08
 Reference value :  5.36572e-08
 Reference value :  5.37372e-08
 Reference value :  5.38372e-08
 Reference value :  5.38721e-08
 Reference value :  5.38721e-08
 Reference value :  5.38721e-08
 Reference value :  5.38721e-08
 Reference value :  5.38721e-08
 Reference value :  5.38721e-08
 Reference value :  5.38721e-08
 Reference value :  5.38721e-08
 Reference value :  5.38721e-08
 Reference value :  5.38721e-08
 Reference value :  5.38721e-08
 Reference value :  5.38721e-08
 Reference value :  5.38721e-08
 Reference value :  5.38721e-08
 Reference value :  5.38727e-08
 Reference value :  5.38743e-08
 Reference value :  5.38761e-08
 Reference value :  5.38790e-08
 Reference value :  5.38831e-08
 Reference value :  5.38878e-08
 Reference value :  5.38951e-08
 Reference value :  5.39088e-08
 Reference value :  5.39255e-08
 Reference value :  5.39449e-08
 Reference value :  5.39590e-08
 Reference value :  5.39677e-08
 Reference value :  5.39787e-08
 Reference value :  5.39929e-08
 Reference value :  5.40104e-08
 Reference value :  5.40221e-08
 Reference value :  5.40222e-08
 Reference value :  5.40263e-08
 Reference value :  5.40354e-08
 Reference value :  5.40460e-08
 Reference value :  5.40523e-08
 Reference value :  5.40595e-08
 Reference value :  5.40727e-08
 Reference value :  5.40968e-08
 Reference value :  5.41251e-08
 Reference value :  5.41515e-08
 Reference value :  5.41858e-08
 Reference value :  5.42341e-08
 Reference value :  5.42941e-08
 Reference value :  5.43541e-08
 Reference value :  5.44141e-08
 Reference value :  5.44941e-08
 Reference value :  5.45741e-08
 Reference value :  5.46541e-08
 Reference value :  5.47541e-08
 Reference value :  5.48541e-08
 Reference value :  5.49541e-08
 Reference value :  5.50541e-08
 Reference value :  5.51541e-08
 Reference value :  5.52189e-08
 Reference value :  5.52193e-08
 Reference value :  5.52249e-08
 Reference value :  5.52358e-08
 Reference value :  5.52513e-08
 Reference value :  5.52663e-08
 Reference value :  5.52858e-08
 Reference value :  5.53064e-08
 Reference value :  5.53181e-08
 Reference value :  5.53323e-08
 Reference value :  5.53440e-08
 Reference value :  5.53533e-08
 Reference value :  5.53621e-08
 Reference value :  5.53689e-08
 Reference value :  5.53691e-08
 Reference value :  5.53710e-08
 Reference value :  5.53772e-08
 Reference value :  5.53818e-08
 Reference value :  5.53895e-08
 Reference value :  5.53954e-08
 Reference value :  5.54020e-08
 Reference value :  5.54142e-08
 Reference value :  5.54305e-08
 Reference value :  5.54432e-08
 Reference value :  5.54641e-08
 Reference value :  5.54891e-08
 Reference value :  5.55214e-08
 Reference value :  5.55670e-08
 Reference value :  5.56470e-08
 Reference value :  5.57270e-08
 Reference value :  5.58070e-08
 Reference value :  5.59070e-08
 Reference value :  5.60070e-08
 Reference value :  5.61070e-08
 Reference value :  5.61870e-08
 Reference value :  5.62670e-08
 Reference value :  5.63470e-08
 Reference value :  5.64270e-08
 Reference value :  5.65070e-08
 Reference value :  5.65657e-08
 Reference value :  5.65660e-08
 Reference value :  5.65681e-08
 Reference value :  5.65726e-08
 Reference value :  5.65838e-08
 Reference value :  5.66001e-08
 Reference value :  5.66097e-08
 Reference value :  5.66243e-08
 Reference value :  5.66344e-08
 Reference value :  5.66448e-08
 Reference value :  5.66542e-08
 Reference value :  5.66615e-08
 Reference value :  5.66685e-08
 Reference value :  5.66791e-08
 Reference value :  5.66907e-08
 Reference value :  5.67046e-08
 Reference value :  5.67122e-08
 Reference value :  5.67157e-08
 Reference value :  5.67162e-08
 Reference value :  5.67200e-08
 Reference value :  5.67241e-08
 Reference value :  5.67311e-08
 Reference value :  5.67393e-08
 Reference value :  5.67489e-08
 Reference value :  5.67611e-08
 Reference value :  5.67774e-08
 Reference value :  5.67968e-08
 Reference value :  5.68271e-08
 Reference value :  5.68685e-08
 Reference value :  5.69142e-08
 Reference value :  5.69742e-08
 Reference value :  5.70342e-08
 Reference value :  5.70942e-08
 Reference value :  5.71942e-08
 Reference value :  5.72742e-08
 Reference value :  5.73542e-08
 Reference value :  5.74342e-08
 Reference value :  5.75342e-08
 Reference value :  5.76342e-08
 Reference value :  5.77342e-08
 Reference value :  5.78542e-08
 Reference value :  5.79125e-08
 Reference value :  5.79131e-08
 Reference value :  5.79171e-08
 Reference value :  5.79276e-08
 Reference value :  5.79377e-08
 Reference value :  5.79516e-08
 Reference value :  5.79614e-08
 Reference value :  5.79757e-08
 Reference value :  5.79964e-08
 Reference value :  5.80048e-08
 Reference value :  5.80116e-08
 Reference value :  5.80224e-08
 Reference value :  5.80375e-08
 Reference value :  5.80513e-08
 Reference value :  5.80625e-08
 Reference value :  5.80626e-08
 Reference value :  5.80646e-08
 Reference value :  5.80709e-08
 Reference value :  5.80806e-08
 Reference value :  5.80891e-08
 Reference value :  5.80958e-08
 Reference value :  5.81080e-08
 Reference value :  5.81244e-08
 Reference value :  5.81371e-08
 Reference value :  5.81580e-08
 Reference value :  5.81831e-08
 Reference value :  5.82156e-08
 Reference value :  5.82614e-08
 Reference value :  5.83214e-08
 Reference value :  5.83614e-08
 Reference value :  5.84014e-08
 Reference value :  5.84614e-08
 Reference value :  5.85614e-08
 Reference value :  5.86614e-08
 Reference value :  5.87414e-08
 Reference value :  5.88214e-08
 Reference value :  5.89014e-08
 Reference value :  5.90014e-08
 Reference value :  5.90814e-08
 Reference value :  5.91614e-08
 Reference value :  5.92403e-08
 Reference value :  5.92593e-08
 Reference value :  5.92596e-08
 Reference value :  5.92618e-08
 Reference value :  5.92663e-08
 Reference value :  5.92774e-08
 Reference value :  5.92938e-08
 Reference value :  5.93033e-08
 Reference value :  5.93179e-08
 Reference value :  5.93281e-08
 Reference value :  5.93434e-08
 Reference value :  5.93517e-08
 Reference value :  5.93585e-08
 Reference value :  5.93693e-08
 Reference value :  5.93844e-08
 Reference value :  5.93982e-08
 Reference value :  5.94059e-08
 Reference value :  5.94093e-08
 Reference value :  5.94095e-08
 Reference value :  5.94114e-08
 Reference value :  5.94155e-08
 Reference value :  5.94199e-08
 Reference value :  5.94273e-08
 Reference value :  5.94328e-08
 Reference value :  5.94424e-08
 Reference value :  5.94546e-08
 Reference value :  5.94709e-08
 Reference value :  5.94903e-08
 Reference value :  5.95122e-08
 Reference value :  5.95500e-08
 Reference value :  5.96074e-08
 Reference value :  5.96874e-08
 Reference value :  5.97674e-08
 Reference value :  5.98674e-08
 Reference value :  5.99674e-08
 Reference value :  6.00474e-08
 Reference value :  6.01474e-08
 Reference value :  6.02274e-08
 Reference value :  6.03274e-08
 Reference value :  6.04074e-08
 Reference value :  6.04874e-08
 Reference value :  6.05674e-08
 Reference value :  6.06061e-08
 Reference value :  6.06064e-08
 Reference value :  6.06073e-08
 Reference value :  6.06107e-08
 Reference value :  6.06156e-08
 Reference value :  6.06212e-08
 Reference value :  6.06314e-08
 Reference value :  6.06453e-08
 Reference value :  6.06551e-08
 Reference value :  6.06694e-08
 Reference value :  6.06852e-08
 Reference value :  6.06946e-08
 Reference value :  6.07019e-08
 Reference value :  6.07089e-08
 Reference value :  6.07195e-08
 Reference value :  6.07270e-08
 Reference value :  6.07404e-08
 Reference value :  6.07492e-08
 Reference value :  6.07561e-08
 Reference value :  6.07561e-08
 Reference value :  6.07566e-08
 Reference value :  6.07624e-08
 Reference value :  6.07667e-08
 Reference value :  6.07741e-08
 Reference value :  6.07826e-08
 Reference value :  6.07931e-08
 Reference value :  6.08062e-08
 Reference value :  6.08305e-08
 Reference value :  6.08514e-08
 Reference value :  6.08765e-08
 Reference value :  6.09089e-08
 Reference value :  6.09746e-08
No. of Data Rows : 6342
m_ui_ref            =  1.34680e-09 targ=  1.35430e-08 trig=  1.21962e-08
m_spa_in            =  5.38721e-09 targ=  1.75834e-08 trig=  1.21962e-08
m_spb_in            =  4.04040e-09 targ=  1.62366e-08 trig=  1.21962e-08
m_spa_c0            =  5.38727e-09 targ=  1.76700e-08 trig=  1.22827e-08
m_spb_c0            =  4.04047e-09 targ=  1.63232e-08 trig=  1.22827e-08
m_trise_c0          =  -1.20548e-08 targ=  1.51249e-09 trig=  1.35673e-08
m_tfall_c0          =  1.22704e-08 targ=  1.50617e-08 trig=  2.79135e-09
m_spa_c1            =  5.38727e-09 targ=  1.77118e-08 trig=  1.23245e-08
m_spb_c1            =  4.04047e-09 targ=  1.63650e-08 trig=  1.23245e-08
m_trise_c1          =  -1.20624e-08 targ=  1.53052e-09 trig=  1.35929e-08
m_tfall_c1          =  1.23227e-08 targ=  1.51542e-08 trig=  2.83154e-09
m_spa_mux           =  5.38727e-09 targ=  1.76616e-08 trig=  1.22744e-08
m_spb_mux           =  4.04047e-09 targ=  1.63148e-08 trig=  1.22744e-08
m_spa_c2            =  5.38727e-09 targ=  1.77472e-08 trig=  1.23599e-08
m_spb_c2            =  4.04047e-09 targ=  1.64004e-08 trig=  1.23599e-08
m_trise_c2          =  -2.47934e-09 targ=  1.11265e-08 trig=  1.36058e-08
m_tfall_c2          =  3.01622e-09 targ=  1.52752e-08 trig=  1.22590e-08
m_spa_cmis          =  5.38727e-09 targ=  1.77276e-08 trig=  1.23403e-08
m_spb_cmis          =  4.03910e-09 targ=  1.63794e-08 trig=  1.23403e-08
m_dj_ui_c0 = 4.7520012236e-05
m_swing_c0 = 4.6153680589e-01
m_vpp_c0 = 4.6269380140e-01
m_vcm_c0 = 3.0534442844e+00
m_dj_ui_c1 = 4.8262512428e-05
m_swing_c1 = 4.6147212457e-01
m_vpp_c1 = 4.6184050594e-01
m_vcm_c1 = 3.0534738049e+00
m_dj_ui_mux = 4.7520012236e-05
m_dj_ui_drv_c1 = 1.4850003822e-06
m_dj_ui_c2 = 4.9005012619e-05
m_swing_c2 = 4.6077022275e-01
m_vpp_c2 = 4.6167225552e-01
m_vcm_c2 = 3.0535516854e+00
m_dj_ui_cmis = 1.0127702608e-03
m_swing_cmis = 4.6073545488e-01
m_swing_avcclo = 4.5975343478e-01
m_vcm_avcclo = 2.7236896924e+00
m_swing_avcchi = 4.6283921522e-01
m_vcm_avcchi = 3.3832572438e+00
m_vgs_sw_max = 1.6038749616e+00
m_vgd_sw_max = 1.8437207239e+00
m_vds_sw_max = 2.6526952984e+00
m_vgs_tail_max = 1.2706370049e+00
m_vds_tail_max = 1.0692967791e+00
m_vmux_dc = 7.9531716525e-01
m_swing_dc = 4.6131536288e-01
m_vcm_dc = 3.0536017818e+00
m_ioff_dc = 3.1481073497e-04
m_itail_dc = 9.8559287275e-03
m_icell_dc = 1.0355928733e-02
Note: Simulation executed from .control section 

