
Note: No compatibility mode selected!


Circuit: * cml-driver-eye-realmux @ ss_27c_2.97v_270mbps -- generated by sim/harness, do not edit

Doing analysis at TEMP = 27.000000 and TNOM = 27.000000

Using SPARSE 1.3 as Direct Linear Solver

Initial Transient Solution
--------------------------

Node                                   Voltage
----                                   -------
vdd                                       2.97
avcc                                       3.3
avcclo                                    2.97
avcchi                                    3.63
clkp                                     1.782
clkn                                     0.891
d0p                                     2.5245
d0n                                     1.6335
d1p                                     2.5245
d1n                                     1.6335
d0pz                                    2.5245
d0nz                                    1.6335
clkpz                                    1.782
clknz                                    0.891
ckref                                    0.891
win                                          0
winc                                         0
xmux_c0.top                            2.57653
xmux_c0.xrc.11                         2.59563
xmux_c0.xrc.21                          2.9509
mp_c0                                  1.77951
xmux_c0.xrlp.11                        1.79861
xmux_c0.xrlp.21                        2.55743
mn_c0                                  2.57652
xmux_c0.xrln.11                        2.57652
xmux_c0.xrln.21                        2.57653
xmux_c0.ibias                           1.1652
xmux_c0.xrref.11                       1.17545
xmux_c0.xrref.21                       2.95975
xmux_c0.sa                             1.05794
xmux_c0.sb                             1.77884
xmux_c0.tail                          0.513081
outp_c0                                2.80804
xc0.tail                              0.993362
outn_c0                                3.29812
ib_c0                                  1.26269
vd_c0                                 0.490089
xmux_c1.top                            2.57653
xmux_c1.xrc.11                         2.59563
xmux_c1.xrc.21                          2.9509
mp_c1                                  1.77951
xmux_c1.xrlp.11                        1.79861
xmux_c1.xrlp.21                        2.55743
mn_c1                                  2.57652
xmux_c1.xrln.11                        2.57652
xmux_c1.xrln.21                        2.57653
xmux_c1.ibias                           1.1652
xmux_c1.xrref.11                       1.17545
xmux_c1.xrref.21                       2.95975
xmux_c1.sa                             1.05794
xmux_c1.sb                             1.77884
xmux_c1.tail                          0.513081
outp_c1                                2.80804
xc1.tail                              0.993362
outn_c1                                3.29812
ib_c1                                  1.26269
vd_c1                                 0.490089
muxref                                0.797007
xmux_c2.top                            2.57653
xmux_c2.xrc.11                         2.59563
xmux_c2.xrc.21                          2.9509
mp_c2                                  1.77951
xmux_c2.xrlp.11                        1.79861
xmux_c2.xrlp.21                        2.55743
mn_c2                                  2.57652
xmux_c2.xrln.11                        2.57652
xmux_c2.xrln.21                        2.57653
xmux_c2.ibias                           1.1652
xmux_c2.xrref.11                       1.17545
xmux_c2.xrref.21                       2.95975
xmux_c2.sa                             1.05794
xmux_c2.sb                             1.77884
xmux_c2.tail                          0.513081
outp_c2                                2.80804
xc2.tail                              0.993362
outn_c2                                3.29812
ib_c2                                  1.26269
vd_c2                                 0.490089
xmux_cmis.top                          2.57653
xmux_cmis.xrc.11                       2.59563
xmux_cmis.xrc.21                        2.9509
mp_cm                                  1.77951
xmux_cmis.xrlp.11                      1.79861
xmux_cmis.xrlp.21                      2.55743
mn_cm                                  2.57652
xmux_cmis.xrln.11                      2.57652
xmux_cmis.xrln.21                      2.57653
xmux_cmis.ibias                         1.1652
xmux_cmis.xrref.11                     1.17545
xmux_cmis.xrref.21                     2.95975
xmux_cmis.sa                           1.05794
xmux_cmis.sb                           1.77884
xmux_cmis.tail                        0.513081
outp_cmis                              2.80804
xcmis.tail                            0.993362
outn_cmis                              3.29812
ib_cmis                                1.26269
vd_cmis                               0.490089
xmux_vlo.top                           2.57653
xmux_vlo.xrc.11                        2.59563
xmux_vlo.xrc.21                         2.9509
mp_vlo                                 1.77951
xmux_vlo.xrlp.11                       1.79861
xmux_vlo.xrlp.21                       2.55743
mn_vlo                                 2.57652
xmux_vlo.xrln.11                       2.57652
xmux_vlo.xrln.21                       2.57653
xmux_vlo.ibias                          1.1652
xmux_vlo.xrref.11                      1.17545
xmux_vlo.xrref.21                      2.95975
xmux_vlo.sa                            1.05794
xmux_vlo.sb                            1.77884
xmux_vlo.tail                         0.513081
outp_vlo                               2.47853
xvlo.tail                             0.980072
outn_vlo                               2.96798
ib_vlo                                 1.26269
xmux_vhi.top                           2.57653
xmux_vhi.xrc.11                        2.59563
xmux_vhi.xrc.21                         2.9509
mp_vhi                                 1.77951
xmux_vhi.xrlp.11                       1.79861
xmux_vhi.xrlp.21                       2.55743
mn_vhi                                 2.57652
xmux_vhi.xrln.11                       2.57652
xmux_vhi.xrln.21                       2.57653
xmux_vhi.ibias                          1.1652
xmux_vhi.xrref.11                      1.17545
xmux_vhi.xrref.21                      2.95975
xmux_vhi.sa                            1.05794
xmux_vhi.sb                            1.77884
xmux_vhi.tail                         0.513081
outp_vhi                               3.13758
xvhi.tail                              1.00606
outn_vhi                               3.62824
ib_vhi                                 1.26269
xmux_z.top                             2.57653
xmux_z.xrc.11                          2.59563
xmux_z.xrc.21                           2.9509
mp_z                                   1.77951
xmux_z.xrlp.11                         1.79861
xmux_z.xrlp.21                         2.55743
mn_z                                   2.57652
xmux_z.xrln.11                         2.57652
xmux_z.xrln.21                         2.57653
xmux_z.ibias                            1.1652
xmux_z.xrref.11                        1.17545
xmux_z.xrref.21                        2.95975
xmux_z.sa                              1.05794
xmux_z.sb                              1.91747
xmux_z.tail                           0.513081
outp_z                                 2.80804
xz.tail                               0.993362
vss_z                                        0
outn_z                                 3.29812
ib_z                                   1.26269
vmuxz                                 0.797006
emuxz#branch                                 0
ediff_cmis#branch                            0
ediff_c2#branch                              0
emuxref#branch                               0
ediff_c1#branch                              0
ediff_c0#branch                              0
eckref#branch                                0
vsens_z#branch                       0.0103768
vwinc#branch                                 0
vwin#branch                                  0
vclknz#branch                                0
vclkpz#branch                                0
vd0nz#branch                                 0
vd0pz#branch                                 0
vd1n#branch                                  0
vd1p#branch                                  0
vd0n#branch                                  0
vd0p#branch                                  0
vclkn#branch                                 0
vclkp#branch                                 0
vavcchi#branch                     -0.00988371
vavcclo#branch                     -0.00986979
vavcc#branch                        -0.0493839
vvdd#branch                         -0.0469207

 Reference value :  0.00000e+00
 Reference value :  1.60000e-12
 Reference value :  6.56000e-11
 Reference value :  1.85600e-10
 Reference value :  3.05600e-10
 Reference value :  4.05600e-10
 Reference value :  4.85600e-10
 Reference value :  5.65600e-10
 Reference value :  6.25600e-10
 Reference value :  7.05600e-10
 Reference value :  7.65600e-10
 Reference value :  8.25600e-10
 Reference value :  9.05600e-10
 Reference value :  1.00560e-09
 Reference value :  1.10560e-09
 Reference value :  1.20560e-09
 Reference value :  1.30560e-09
 Reference value :  1.40560e-09
 Reference value :  1.50560e-09
 Reference value :  1.58560e-09
 Reference value :  1.66560e-09
 Reference value :  1.74560e-09
 Reference value :  1.84560e-09
 Reference value :  1.92560e-09
 Reference value :  2.02560e-09
 Reference value :  2.10560e-09
 Reference value :  2.20560e-09
 Reference value :  2.28560e-09
 Reference value :  2.38560e-09
 Reference value :  2.48560e-09
 Reference value :  2.58560e-09
 Reference value :  2.70560e-09
 Reference value :  2.82560e-09
 Reference value :  2.90560e-09
 Reference value :  2.98560e-09
 Reference value :  3.06560e-09
 Reference value :  3.16560e-09
 Reference value :  3.22560e-09
 Reference value :  3.32560e-09
 Reference value :  3.40560e-09
 Reference value :  3.50560e-09
 Reference value :  3.58560e-09
 Reference value :  3.68560e-09
 Reference value :  3.70377e-09
 Reference value :  3.70435e-09
 Reference value :  3.71040e-09
 Reference value :  3.72030e-09
 Reference value :  3.73479e-09
 Reference value :  3.74789e-09
 Reference value :  3.75692e-09
 Reference value :  3.76526e-09
 Reference value :  3.78371e-09
 Reference value :  3.79122e-09
 Reference value :  3.79734e-09
 Reference value :  3.80616e-09
 Reference value :  3.81091e-09
 Reference value :  3.81888e-09
 Reference value :  3.83194e-09
 Reference value :  3.83822e-09
 Reference value :  3.85108e-09
 Reference value :  3.85372e-09
 Reference value :  3.85472e-09
 Reference value :  3.85739e-09
 Reference value :  3.86312e-09
 Reference value :  3.86965e-09
 Reference value :  3.88043e-09
 Reference value :  3.89114e-09
 Reference value :  3.91067e-09
 Reference value :  3.93314e-09
 Reference value :  3.96194e-09
 Reference value :  3.99163e-09
 Reference value :  4.03526e-09
 Reference value :  4.09475e-09
 Reference value :  4.15475e-09
 Reference value :  4.21475e-09
 Reference value :  4.27475e-09
 Reference value :  4.35475e-09
 Reference value :  4.41475e-09
 Reference value :  4.49475e-09
 Reference value :  4.59475e-09
 Reference value :  4.69475e-09
 Reference value :  4.77475e-09
 Reference value :  4.83475e-09
 Reference value :  4.93475e-09
 Reference value :  5.05475e-09
 Reference value :  5.15475e-09
 Reference value :  5.27475e-09
 Reference value :  5.39475e-09
 Reference value :  5.49475e-09
 Reference value :  5.59475e-09
 Reference value :  5.69475e-09
 Reference value :  5.79475e-09
 Reference value :  5.89475e-09
 Reference value :  5.99475e-09
 Reference value :  6.09475e-09
 Reference value :  6.15475e-09
 Reference value :  6.21475e-09
 Reference value :  6.29475e-09
 Reference value :  6.37475e-09
 Reference value :  6.45475e-09
 Reference value :  6.53475e-09
 Reference value :  6.61475e-09
 Reference value :  6.69475e-09
 Reference value :  6.77475e-09
 Reference value :  6.83475e-09
 Reference value :  6.89475e-09
 Reference value :  6.97475e-09
 Reference value :  7.03475e-09
 Reference value :  7.09475e-09
 Reference value :  7.17475e-09
 Reference value :  7.23475e-09
 Reference value :  7.31475e-09
 Reference value :  7.40741e-09
 Reference value :  7.40746e-09
 Reference value :  7.40861e-09
 Reference value :  7.41381e-09
 Reference value :  7.42089e-09
 Reference value :  7.42663e-09
 Reference value :  7.43785e-09
 Reference value :  7.44213e-09
 Reference value :  7.45617e-09
 Reference value :  7.46951e-09
 Reference value :  7.48256e-09
 Reference value :  7.49038e-09
 Reference value :  7.49778e-09
 Reference value :  7.50111e-09
 Reference value :  7.50652e-09
 Reference value :  7.51197e-09
 Reference value :  7.52060e-09
 Reference value :  7.53481e-09
 Reference value :  7.53817e-09
 Reference value :  7.54523e-09
 Reference value :  7.55240e-09
 Reference value :  7.55742e-09
 Reference value :  7.55761e-09
 Reference value :  7.55915e-09
 Reference value :  7.56261e-09
 Reference value :  7.56443e-09
 Reference value :  7.57056e-09
 Reference value :  7.57785e-09
 Reference value :  7.59047e-09
 Reference value :  7.60884e-09
 Reference value :  7.62454e-09
 Reference value :  7.64265e-09
 Reference value :  7.67428e-09
 Reference value :  7.72478e-09
 Reference value :  7.80356e-09
 Reference value :  7.86356e-09
 Reference value :  7.90356e-09
 Reference value :  7.96356e-09
 Reference value :  8.06356e-09
 Reference value :  8.16356e-09
 Reference value :  8.26356e-09
 Reference value :  8.36356e-09
 Reference value :  8.44356e-09
 Reference value :  8.50356e-09
 Reference value :  8.56356e-09
 Reference value :  8.62356e-09
 Reference value :  8.68356e-09
 Reference value :  8.76356e-09
 Reference value :  8.84356e-09
 Reference value :  8.92356e-09
 Reference value :  8.98356e-09
 Reference value :  9.06356e-09
 Reference value :  9.12356e-09
 Reference value :  9.20356e-09
 Reference value :  9.28356e-09
 Reference value :  9.38356e-09
 Reference value :  9.48356e-09
 Reference value :  9.54356e-09
 Reference value :  9.62356e-09
 Reference value :  9.70356e-09
 Reference value :  9.78356e-09
 Reference value :  9.86356e-09
 Reference value :  9.94356e-09
 Reference value :  1.00636e-08
 Reference value :  1.01836e-08
 Reference value :  1.02836e-08
 Reference value :  1.03836e-08
 Reference value :  1.05036e-08
 Reference value :  1.06036e-08
 Reference value :  1.07036e-08
 Reference value :  1.07836e-08
 Reference value :  1.08636e-08
 Reference value :  1.09236e-08
 Reference value :  1.09836e-08
 Reference value :  1.10836e-08
 Reference value :  1.11111e-08
 Reference value :  1.11114e-08
 Reference value :  1.11132e-08
 Reference value :  1.11193e-08
 Reference value :  1.11242e-08
 Reference value :  1.11298e-08
 Reference value :  1.11367e-08
 Reference value :  1.11452e-08
 Reference value :  1.11591e-08
 Reference value :  1.11674e-08
 Reference value :  1.11796e-08
 Reference value :  1.11923e-08
 Reference value :  1.11998e-08
 Reference value :  1.12066e-08
 Reference value :  1.12118e-08
 Reference value :  1.12231e-08
 Reference value :  1.12334e-08
 Reference value :  1.12408e-08
 Reference value :  1.12479e-08
 Reference value :  1.12581e-08
 Reference value :  1.12611e-08
 Reference value :  1.12614e-08
 Reference value :  1.12633e-08
 Reference value :  1.12649e-08
 Reference value :  1.12687e-08
 Reference value :  1.12749e-08
 Reference value :  1.12851e-08
 Reference value :  1.12994e-08
 Reference value :  1.13140e-08
 Reference value :  1.13299e-08
 Reference value :  1.13483e-08
 Reference value :  1.13715e-08
 Reference value :  1.14034e-08
 Reference value :  1.14535e-08
 Reference value :  1.15135e-08
 Reference value :  1.15735e-08
 Reference value :  1.16335e-08
 Reference value :  1.17135e-08
 Reference value :  1.18135e-08
 Reference value :  1.19135e-08
 Reference value :  1.19935e-08
 Reference value :  1.20735e-08
 Reference value :  1.21535e-08
 Reference value :  1.22335e-08
 Reference value :  1.23135e-08
 Reference value :  1.24135e-08
 Reference value :  1.24935e-08
 Reference value :  1.25535e-08
 Reference value :  1.26335e-08
 Reference value :  1.26935e-08
 Reference value :  1.27535e-08
 Reference value :  1.28335e-08
 Reference value :  1.29535e-08
 Reference value :  1.30535e-08
 Reference value :  1.31735e-08
 Reference value :  1.32935e-08
 Reference value :  1.33735e-08
 Reference value :  1.34535e-08
 Reference value :  1.35335e-08
 Reference value :  1.35935e-08
 Reference value :  1.36935e-08
 Reference value :  1.37935e-08
 Reference value :  1.38935e-08
 Reference value :  1.39935e-08
 Reference value :  1.40735e-08
 Reference value :  1.41735e-08
 Reference value :  1.42335e-08
 Reference value :  1.43135e-08
 Reference value :  1.43935e-08
 Reference value :  1.44735e-08
 Reference value :  1.45535e-08
 Reference value :  1.46135e-08
 Reference value :  1.46735e-08
 Reference value :  1.47335e-08
 Reference value :  1.48041e-08
 Reference value :  1.48148e-08
 Reference value :  1.48150e-08
 Reference value :  1.48165e-08
 Reference value :  1.48225e-08
 Reference value :  1.48272e-08
 Reference value :  1.48358e-08
 Reference value :  1.48432e-08
 Reference value :  1.48527e-08
 Reference value :  1.48662e-08
 Reference value :  1.48740e-08
 Reference value :  1.48915e-08
 Reference value :  1.48992e-08
 Reference value :  1.49099e-08
 Reference value :  1.49151e-08
 Reference value :  1.49264e-08
 Reference value :  1.49408e-08
 Reference value :  1.49557e-08
 Reference value :  1.49648e-08
 Reference value :  1.49649e-08
 Reference value :  1.49684e-08
 Reference value :  1.49763e-08
 Reference value :  1.49807e-08
 Reference value :  1.49858e-08
 Reference value :  1.49948e-08
 Reference value :  1.50074e-08
 Reference value :  1.50222e-08
 Reference value :  1.50387e-08
 Reference value :  1.50583e-08
 Reference value :  1.50835e-08
 Reference value :  1.51194e-08
 Reference value :  1.51748e-08
 Reference value :  1.52148e-08
 Reference value :  1.52548e-08
 Reference value :  1.52948e-08
 Reference value :  1.53348e-08
 Reference value :  1.53948e-08
 Reference value :  1.54548e-08
 Reference value :  1.55348e-08
 Reference value :  1.56148e-08
 Reference value :  1.56948e-08
 Reference value :  1.57948e-08
 Reference value :  1.59148e-08
 Reference value :  1.60348e-08
 Reference value :  1.61348e-08
 Reference value :  1.62148e-08
 Reference value :  1.62948e-08
 Reference value :  1.63748e-08
 Reference value :  1.64748e-08
 Reference value :  1.65348e-08
 Reference value :  1.66348e-08
 Reference value :  1.67348e-08
 Reference value :  1.68348e-08
 Reference value :  1.69148e-08
 Reference value :  1.69948e-08
 Reference value :  1.70948e-08
 Reference value :  1.71548e-08
 Reference value :  1.72348e-08
 Reference value :  1.73148e-08
 Reference value :  1.73948e-08
 Reference value :  1.74548e-08
 Reference value :  1.75548e-08
 Reference value :  1.76548e-08
 Reference value :  1.77548e-08
 Reference value :  1.78548e-08
 Reference value :  1.79548e-08
 Reference value :  1.80548e-08
 Reference value :  1.81548e-08
 Reference value :  1.82548e-08
 Reference value :  1.83348e-08
 Reference value :  1.84148e-08
 Reference value :  1.85067e-08
 Reference value :  1.85186e-08
 Reference value :  1.85203e-08
 Reference value :  1.85287e-08
 Reference value :  1.85399e-08
 Reference value :  1.85520e-08
 Reference value :  1.85703e-08
 Reference value :  1.85781e-08
 Reference value :  1.85958e-08
 Reference value :  1.86117e-08
 Reference value :  1.86174e-08
 Reference value :  1.86256e-08
 Reference value :  1.86315e-08
 Reference value :  1.86381e-08
 Reference value :  1.86456e-08
 Reference value :  1.86523e-08
 Reference value :  1.86631e-08
 Reference value :  1.86685e-08
 Reference value :  1.86687e-08
 Reference value :  1.86704e-08
 Reference value :  1.86739e-08
 Reference value :  1.86799e-08
 Reference value :  1.86867e-08
 Reference value :  1.86952e-08
 Reference value :  1.87061e-08
 Reference value :  1.87258e-08
 Reference value :  1.87423e-08
 Reference value :  1.87618e-08
 Reference value :  1.87869e-08
 Reference value :  1.88226e-08
 Reference value :  1.88779e-08
 Reference value :  1.89179e-08
 Reference value :  1.89579e-08
 Reference value :  1.89979e-08
 Reference value :  1.90379e-08
 Reference value :  1.91179e-08
 Reference value :  1.91979e-08
 Reference value :  1.92979e-08
 Reference value :  1.93779e-08
 Reference value :  1.94779e-08
 Reference value :  1.95579e-08
 Reference value :  1.96379e-08
 Reference value :  1.97379e-08
 Reference value :  1.98179e-08
 Reference value :  1.98979e-08
 Reference value :  1.99779e-08
 Reference value :  2.00579e-08
 Reference value :  2.01579e-08
 Reference value :  2.02579e-08
 Reference value :  2.03579e-08
 Reference value :  2.04379e-08
 Reference value :  2.05179e-08
 Reference value :  2.05779e-08
 Reference value :  2.06579e-08
 Reference value :  2.07179e-08
 Reference value :  2.07979e-08
 Reference value :  2.08579e-08
 Reference value :  2.09379e-08
 Reference value :  2.10379e-08
 Reference value :  2.11179e-08
 Reference value :  2.11979e-08
 Reference value :  2.12979e-08
 Reference value :  2.13779e-08
 Reference value :  2.14579e-08
 Reference value :  2.15579e-08
 Reference value :  2.16379e-08
 Reference value :  2.17179e-08
 Reference value :  2.17979e-08
 Reference value :  2.18979e-08
 Reference value :  2.19779e-08
 Reference value :  2.20579e-08
 Reference value :  2.21379e-08
 Reference value :  2.22101e-08
 Reference value :  2.22223e-08
 Reference value :  2.22231e-08
 Reference value :  2.22303e-08
 Reference value :  2.22376e-08
 Reference value :  2.22475e-08
 Reference value :  2.22558e-08
 Reference value :  2.22649e-08
 Reference value :  2.22741e-08
 Reference value :  2.22820e-08
 Reference value :  2.22902e-08
 Reference value :  2.23030e-08
 Reference value :  2.23105e-08
 Reference value :  2.23173e-08
 Reference value :  2.23225e-08
 Reference value :  2.23310e-08
 Reference value :  2.23370e-08
 Reference value :  2.23483e-08
 Reference value :  2.23596e-08
 Reference value :  2.23695e-08
 Reference value :  2.23722e-08
 Reference value :  2.23725e-08
 Reference value :  2.23758e-08
 Reference value :  2.23815e-08
 Reference value :  2.23881e-08
 Reference value :  2.23959e-08
 Reference value :  2.24022e-08
 Reference value :  2.24148e-08
 Reference value :  2.24296e-08
 Reference value :  2.24461e-08
 Reference value :  2.24657e-08
 Reference value :  2.24816e-08
 Reference value :  2.25013e-08
 Reference value :  2.25268e-08
 Reference value :  2.25622e-08
 Reference value :  2.26222e-08
 Reference value :  2.26622e-08
 Reference value :  2.27022e-08
 Reference value :  2.27422e-08
 Reference value :  2.27822e-08
 Reference value :  2.28622e-08
 Reference value :  2.29422e-08
 Reference value :  2.30422e-08
 Reference value :  2.31422e-08
 Reference value :  2.32222e-08
 Reference value :  2.32822e-08
 Reference value :  2.33622e-08
 Reference value :  2.34222e-08
 Reference value :  2.35222e-08
 Reference value :  2.36422e-08
 Reference value :  2.37222e-08
 Reference value :  2.38022e-08
 Reference value :  2.39022e-08
 Reference value :  2.40022e-08
 Reference value :  2.40822e-08
 Reference value :  2.41422e-08
 Reference value :  2.42222e-08
 Reference value :  2.43022e-08
 Reference value :  2.44022e-08
 Reference value :  2.45022e-08
 Reference value :  2.45822e-08
 Reference value :  2.46622e-08
 Reference value :  2.47222e-08
 Reference value :  2.47822e-08
 Reference value :  2.48822e-08
 Reference value :  2.49622e-08
 Reference value :  2.50422e-08
 Reference value :  2.51022e-08
 Reference value :  2.51822e-08
 Reference value :  2.52622e-08
 Reference value :  2.53622e-08
 Reference value :  2.54422e-08
 Reference value :  2.55422e-08
 Reference value :  2.56022e-08
 Reference value :  2.56822e-08
 Reference value :  2.57422e-08
 Reference value :  2.58022e-08
 Reference value :  2.58622e-08
 Reference value :  2.59141e-08
 Reference value :  2.59259e-08
 Reference value :  2.59264e-08
 Reference value :  2.59296e-08
 Reference value :  2.59361e-08
 Reference value :  2.59443e-08
 Reference value :  2.59550e-08
 Reference value :  2.59733e-08
 Reference value :  2.59817e-08
 Reference value :  2.59897e-08
 Reference value :  2.60032e-08
 Reference value :  2.60191e-08
 Reference value :  2.60249e-08
 Reference value :  2.60274e-08
 Reference value :  2.60360e-08
 Reference value :  2.60495e-08
 Reference value :  2.60563e-08
 Reference value :  2.60634e-08
 Reference value :  2.60732e-08
 Reference value :  2.60760e-08
 Reference value :  2.60769e-08
 Reference value :  2.60813e-08
 Reference value :  2.60873e-08
 Reference value :  2.60968e-08
 Reference value :  2.61096e-08
 Reference value :  2.61282e-08
 Reference value :  2.61497e-08
 Reference value :  2.61692e-08
 Reference value :  2.62046e-08
 Reference value :  2.62652e-08
 Reference value :  2.63452e-08
 Reference value :  2.64252e-08
 Reference value :  2.65252e-08
 Reference value :  2.66252e-08
 Reference value :  2.67252e-08
 Reference value :  2.68452e-08
 Reference value :  2.69652e-08
 Reference value :  2.70652e-08
 Reference value :  2.71452e-08
 Reference value :  2.72252e-08
 Reference value :  2.73052e-08
 Reference value :  2.74052e-08
 Reference value :  2.75252e-08
 Reference value :  2.76052e-08
 Reference value :  2.76652e-08
 Reference value :  2.77252e-08
 Reference value :  2.78052e-08
 Reference value :  2.78652e-08
 Reference value :  2.79252e-08
 Reference value :  2.80052e-08
 Reference value :  2.80852e-08
 Reference value :  2.81652e-08
 Reference value :  2.82252e-08
 Reference value :  2.83052e-08
 Reference value :  2.84052e-08
 Reference value :  2.84852e-08
 Reference value :  2.85652e-08
 Reference value :  2.86452e-08
 Reference value :  2.87252e-08
 Reference value :  2.88052e-08
 Reference value :  2.88652e-08
 Reference value :  2.89252e-08
 Reference value :  2.90052e-08
 Reference value :  2.90852e-08
 Reference value :  2.91452e-08
 Reference value :  2.92452e-08
 Reference value :  2.93252e-08
 Reference value :  2.94252e-08
 Reference value :  2.95252e-08
 Reference value :  2.96052e-08
 Reference value :  2.96296e-08
 Reference value :  2.96301e-08
 Reference value :  2.96359e-08
 Reference value :  2.96441e-08
 Reference value :  2.96599e-08
 Reference value :  2.96784e-08
 Reference value :  2.96954e-08
 Reference value :  2.97084e-08
 Reference value :  2.97157e-08
 Reference value :  2.97256e-08
 Reference value :  2.97308e-08
 Reference value :  2.97394e-08
 Reference value :  2.97491e-08
 Reference value :  2.97568e-08
 Reference value :  2.97637e-08
 Reference value :  2.97746e-08
 Reference value :  2.97796e-08
 Reference value :  2.97797e-08
 Reference value :  2.97805e-08
 Reference value :  2.97849e-08
 Reference value :  2.97907e-08
 Reference value :  2.97976e-08
 Reference value :  2.98060e-08
 Reference value :  2.98217e-08
 Reference value :  2.98297e-08
 Reference value :  2.98316e-08
 Reference value :  2.98390e-08
 Reference value :  2.98483e-08
 Reference value :  2.98658e-08
 Reference value :  2.98870e-08
 Reference value :  2.99023e-08
 Reference value :  2.99291e-08
 Reference value :  2.99682e-08
 Reference value :  3.00054e-08
 Reference value :  3.00654e-08
 Reference value :  3.01054e-08
 Reference value :  3.01654e-08
 Reference value :  3.02254e-08
 Reference value :  3.03054e-08
 Reference value :  3.04054e-08
 Reference value :  3.04854e-08
 Reference value :  3.05654e-08
 Reference value :  3.06454e-08
 Reference value :  3.07254e-08
 Reference value :  3.08254e-08
 Reference value :  3.09254e-08
 Reference value :  3.10254e-08
 Reference value :  3.11254e-08
 Reference value :  3.12454e-08
 Reference value :  3.13654e-08
 Reference value :  3.14654e-08
 Reference value :  3.15254e-08
 Reference value :  3.16054e-08
 Reference value :  3.16654e-08
 Reference value :  3.17254e-08
 Reference value :  3.17854e-08
 Reference value :  3.19054e-08
 Reference value :  3.20054e-08
 Reference value :  3.21054e-08
 Reference value :  3.22054e-08
 Reference value :  3.23054e-08
 Reference value :  3.24054e-08
 Reference value :  3.25054e-08
 Reference value :  3.26054e-08
 Reference value :  3.27054e-08
 Reference value :  3.28054e-08
 Reference value :  3.29054e-08
 Reference value :  3.30254e-08
 Reference value :  3.31254e-08
 Reference value :  3.32454e-08
 Reference value :  3.33333e-08
 Reference value :  3.33338e-08
 Reference value :  3.33373e-08
 Reference value :  3.33439e-08
 Reference value :  3.33522e-08
 Reference value :  3.33631e-08
 Reference value :  3.33721e-08
 Reference value :  3.33814e-08
 Reference value :  3.33907e-08
 Reference value :  3.34032e-08
 Reference value :  3.34120e-08
 Reference value :  3.34190e-08
 Reference value :  3.34293e-08
 Reference value :  3.34348e-08
 Reference value :  3.34435e-08
 Reference value :  3.34569e-08
 Reference value :  3.34642e-08
 Reference value :  3.34794e-08
 Reference value :  3.34833e-08
 Reference value :  3.34842e-08
 Reference value :  3.34905e-08
 Reference value :  3.34990e-08
 Reference value :  3.35099e-08
 Reference value :  3.35257e-08
 Reference value :  3.35460e-08
 Reference value :  3.35691e-08
 Reference value :  3.35979e-08
 Reference value :  3.36363e-08
 Reference value :  3.36909e-08
 Reference value :  3.37280e-08
 Reference value :  3.37880e-08
 Reference value :  3.38480e-08
 Reference value :  3.39280e-08
 Reference value :  3.40280e-08
 Reference value :  3.41280e-08
 Reference value :  3.42280e-08
 Reference value :  3.43280e-08
 Reference value :  3.44080e-08
 Reference value :  3.44880e-08
 Reference value :  3.45880e-08
 Reference value :  3.46880e-08
 Reference value :  3.48080e-08
 Reference value :  3.49280e-08
 Reference value :  3.50080e-08
 Reference value :  3.51080e-08
 Reference value :  3.51680e-08
 Reference value :  3.52480e-08
 Reference value :  3.53280e-08
 Reference value :  3.54280e-08
 Reference value :  3.55280e-08
 Reference value :  3.56080e-08
 Reference value :  3.56880e-08
 Reference value :  3.57880e-08
 Reference value :  3.59080e-08
 Reference value :  3.60080e-08
 Reference value :  3.61080e-08
 Reference value :  3.61880e-08
 Reference value :  3.62880e-08
 Reference value :  3.63880e-08
 Reference value :  3.64680e-08
 Reference value :  3.65480e-08
 Reference value :  3.66280e-08
 Reference value :  3.67080e-08
 Reference value :  3.67680e-08
 Reference value :  3.68480e-08
 Reference value :  3.69480e-08
 Reference value :  3.70370e-08
 Reference value :  3.70371e-08
 Reference value :  3.70376e-08
 Reference value :  3.70411e-08
 Reference value :  3.70503e-08
 Reference value :  3.70629e-08
 Reference value :  3.70713e-08
 Reference value :  3.70852e-08
 Reference value :  3.70987e-08
 Reference value :  3.71117e-08
 Reference value :  3.71194e-08
 Reference value :  3.71265e-08
 Reference value :  3.71332e-08
 Reference value :  3.71386e-08
 Reference value :  3.71473e-08
 Reference value :  3.71534e-08
 Reference value :  3.71646e-08
 Reference value :  3.71720e-08
 Reference value :  3.71796e-08
 Reference value :  3.71852e-08
 Reference value :  3.71871e-08
 Reference value :  3.71871e-08
 Reference value :  3.71879e-08
 Reference value :  3.71922e-08
 Reference value :  3.72003e-08
 Reference value :  3.72078e-08
 Reference value :  3.72168e-08
 Reference value :  3.72294e-08
 Reference value :  3.72446e-08
 Reference value :  3.72666e-08
 Reference value :  3.72938e-08
 Reference value :  3.73293e-08
 Reference value :  3.73647e-08
 Reference value :  3.74318e-08
 Reference value :  3.75118e-08
 Reference value :  3.75918e-08
 Reference value :  3.76718e-08
 Reference value :  3.77648e-08
 Reference value :  3.77784e-08
 Reference value :  3.77793e-08
 Reference value :  3.77877e-08
 Reference value :  3.78745e-08
 Reference value :  3.79945e-08
 Reference value :  3.80945e-08
 Reference value :  3.81488e-08
 Reference value :  3.81502e-08
 Reference value :  3.82049e-08
 Reference value :  3.83249e-08
 Reference value :  3.84249e-08
 Reference value :  3.85249e-08
 Reference value :  3.86449e-08
 Reference value :  3.87449e-08
 Reference value :  3.88649e-08
 Reference value :  3.89849e-08
 Reference value :  3.90649e-08
 Reference value :  3.91649e-08
 Reference value :  3.92649e-08
 Reference value :  3.93649e-08
 Reference value :  3.94649e-08
 Reference value :  3.95649e-08
 Reference value :  3.96297e-08
 Reference value :  3.96307e-08
 Reference value :  3.96328e-08
 Reference value :  3.96664e-08
 Reference value :  3.97464e-08
 Reference value :  3.98264e-08
 Reference value :  3.99064e-08
 Reference value :  3.99864e-08
 Reference value :  4.00664e-08
 Reference value :  4.01464e-08
 Reference value :  4.02264e-08
 Reference value :  4.03264e-08
 Reference value :  4.04264e-08
 Reference value :  4.05264e-08
 Reference value :  4.06264e-08
 Reference value :  4.07407e-08
 Reference value :  4.07409e-08
 Reference value :  4.07414e-08
 Reference value :  4.07451e-08
 Reference value :  4.07543e-08
 Reference value :  4.07672e-08
 Reference value :  4.07804e-08
 Reference value :  4.07990e-08
 Reference value :  4.08163e-08
 Reference value :  4.08278e-08
 Reference value :  4.08417e-08
 Reference value :  4.08532e-08
 Reference value :  4.08671e-08
 Reference value :  4.08782e-08
 Reference value :  4.08907e-08
 Reference value :  4.08908e-08
 Reference value :  4.08942e-08
 Reference value :  4.08978e-08
 Reference value :  4.09018e-08
 Reference value :  4.09087e-08
 Reference value :  4.09172e-08
 Reference value :  4.09281e-08
 Reference value :  4.09430e-08
 Reference value :  4.09586e-08
 Reference value :  4.09701e-08
 Reference value :  4.09897e-08
 Reference value :  4.10135e-08
 Reference value :  4.10325e-08
 Reference value :  4.10549e-08
 Reference value :  4.10976e-08
 Reference value :  4.11345e-08
 Reference value :  4.11945e-08
 Reference value :  4.12545e-08
 Reference value :  4.13145e-08
 Reference value :  4.14145e-08
 Reference value :  4.15145e-08
 Reference value :  4.15945e-08
 Reference value :  4.16745e-08
 Reference value :  4.17545e-08
 Reference value :  4.18332e-08
 Reference value :  4.18525e-08
 Reference value :  4.18533e-08
 Reference value :  4.18617e-08
 Reference value :  4.19286e-08
 Reference value :  4.20086e-08
 Reference value :  4.20886e-08
 Reference value :  4.21686e-08
 Reference value :  4.22486e-08
 Reference value :  4.23286e-08
 Reference value :  4.23886e-08
 Reference value :  4.24486e-08
 Reference value :  4.25286e-08
 Reference value :  4.25886e-08
 Reference value :  4.26686e-08
 Reference value :  4.27286e-08
 Reference value :  4.28086e-08
 Reference value :  4.28686e-08
 Reference value :  4.29486e-08
 Reference value :  4.30086e-08
 Reference value :  4.30686e-08
 Reference value :  4.31486e-08
 Reference value :  4.32086e-08
 Reference value :  4.32886e-08
 Reference value :  4.33334e-08
 Reference value :  4.33344e-08
 Reference value :  4.33432e-08
 Reference value :  4.34501e-08
 Reference value :  4.35501e-08
 Reference value :  4.36301e-08
 Reference value :  4.37301e-08
 Reference value :  4.38101e-08
 Reference value :  4.39101e-08
 Reference value :  4.40301e-08
 Reference value :  4.41301e-08
 Reference value :  4.42301e-08
 Reference value :  4.43301e-08
 Reference value :  4.44444e-08
 Reference value :  4.44445e-08
 Reference value :  4.44457e-08
 Reference value :  4.44488e-08
 Reference value :  4.44580e-08
 Reference value :  4.44709e-08
 Reference value :  4.44841e-08
 Reference value :  4.44935e-08
 Reference value :  4.45027e-08
 Reference value :  4.45152e-08
 Reference value :  4.45244e-08
 Reference value :  4.45281e-08
 Reference value :  4.45351e-08
 Reference value :  4.45454e-08
 Reference value :  4.45569e-08
 Reference value :  4.45708e-08
 Reference value :  4.45819e-08
 Reference value :  4.45944e-08
 Reference value :  4.45945e-08
 Reference value :  4.45979e-08
 Reference value :  4.46034e-08
 Reference value :  4.46124e-08
 Reference value :  4.46241e-08
 Reference value :  4.46365e-08
 Reference value :  4.46518e-08
 Reference value :  4.46679e-08
 Reference value :  4.46865e-08
 Reference value :  4.47087e-08
 Reference value :  4.47362e-08
 Reference value :  4.47586e-08
 Reference value :  4.47856e-08
 Reference value :  4.48382e-08
 Reference value :  4.49182e-08
 Reference value :  4.49582e-08
 Reference value :  4.50182e-08
 Reference value :  4.50982e-08
 Reference value :  4.51782e-08
 Reference value :  4.52982e-08
 Reference value :  4.54182e-08
 Reference value :  4.55369e-08
 Reference value :  4.55566e-08
 Reference value :  4.55610e-08
 Reference value :  4.56323e-08
 Reference value :  4.57323e-08
 Reference value :  4.58123e-08
 Reference value :  4.59123e-08
 Reference value :  4.60123e-08
 Reference value :  4.61123e-08
 Reference value :  4.62123e-08
 Reference value :  4.63123e-08
 Reference value :  4.64123e-08
 Reference value :  4.65123e-08
 Reference value :  4.66323e-08
 Reference value :  4.67323e-08
 Reference value :  4.68123e-08
 Reference value :  4.68923e-08
 Reference value :  4.69523e-08
 Reference value :  4.70247e-08
 Reference value :  4.70373e-08
 Reference value :  4.70382e-08
 Reference value :  4.70469e-08
 Reference value :  4.71538e-08
 Reference value :  4.72738e-08
 Reference value :  4.73738e-08
 Reference value :  4.74738e-08
 Reference value :  4.75338e-08
 Reference value :  4.76138e-08
 Reference value :  4.76738e-08
 Reference value :  4.77538e-08
 Reference value :  4.78538e-08
 Reference value :  4.79538e-08
 Reference value :  4.80538e-08
 Reference value :  4.81481e-08
 Reference value :  4.81483e-08
 Reference value :  4.81507e-08
 Reference value :  4.81569e-08
 Reference value :  4.81645e-08
 Reference value :  4.81746e-08
 Reference value :  4.81831e-08
 Reference value :  4.81972e-08
 Reference value :  4.82105e-08
 Reference value :  4.82237e-08
 Reference value :  4.82318e-08
 Reference value :  4.82352e-08
 Reference value :  4.82460e-08
 Reference value :  4.82548e-08
 Reference value :  4.82637e-08
 Reference value :  4.82708e-08
 Reference value :  4.82781e-08
 Reference value :  4.82895e-08
 Reference value :  4.82981e-08
 Reference value :  4.82982e-08
 Reference value :  4.82986e-08
 Reference value :  4.83016e-08
 Reference value :  4.83052e-08
 Reference value :  4.83114e-08
 Reference value :  4.83187e-08
 Reference value :  4.83278e-08
 Reference value :  4.83402e-08
 Reference value :  4.83555e-08
 Reference value :  4.83660e-08
 Reference value :  4.83836e-08
 Reference value :  4.84045e-08
 Reference value :  4.84300e-08
 Reference value :  4.84506e-08
 Reference value :  4.84893e-08
 Reference value :  4.85224e-08
 Reference value :  4.85819e-08
 Reference value :  4.86419e-08
 Reference value :  4.86819e-08
 Reference value :  4.87419e-08
 Reference value :  4.88619e-08
 Reference value :  4.89419e-08
 Reference value :  4.90219e-08
 Reference value :  4.91019e-08
 Reference value :  4.92019e-08
 Reference value :  4.92594e-08
 Reference value :  4.92603e-08
 Reference value :  4.92613e-08
 Reference value :  4.92781e-08
 Reference value :  4.93560e-08
 Reference value :  4.94360e-08
 Reference value :  4.95160e-08
 Reference value :  4.95960e-08
 Reference value :  4.96760e-08
 Reference value :  4.97560e-08
 Reference value :  4.98760e-08
 Reference value :  4.99560e-08
 Reference value :  5.00360e-08
 Reference value :  5.01360e-08
 Reference value :  5.02360e-08
 Reference value :  5.03360e-08
 Reference value :  5.04360e-08
 Reference value :  5.05360e-08
 Reference value :  5.06360e-08
 Reference value :  5.07160e-08
 Reference value :  5.07414e-08
 Reference value :  5.07422e-08
 Reference value :  5.07462e-08
 Reference value :  5.07975e-08
 Reference value :  5.08975e-08
 Reference value :  5.09975e-08
 Reference value :  5.10775e-08
 Reference value :  5.11775e-08
 Reference value :  5.12575e-08
 Reference value :  5.13575e-08
 Reference value :  5.14575e-08
 Reference value :  5.15575e-08
 Reference value :  5.16575e-08
 Reference value :  5.17775e-08
 Reference value :  5.18519e-08
 Reference value :  5.18525e-08
 Reference value :  5.18562e-08
 Reference value :  5.18629e-08
 Reference value :  5.18712e-08
 Reference value :  5.18868e-08
 Reference value :  5.19009e-08
 Reference value :  5.19142e-08
 Reference value :  5.19226e-08
 Reference value :  5.19318e-08
 Reference value :  5.19355e-08
 Reference value :  5.19425e-08
 Reference value :  5.19528e-08
 Reference value :  5.19613e-08
 Reference value :  5.19707e-08
 Reference value :  5.19818e-08
 Reference value :  5.19970e-08
 Reference value :  5.20019e-08
 Reference value :  5.20027e-08
 Reference value :  5.20089e-08
 Reference value :  5.20174e-08
 Reference value :  5.20283e-08
 Reference value :  5.20392e-08
 Reference value :  5.20541e-08
 Reference value :  5.20697e-08
 Reference value :  5.20873e-08
 Reference value :  5.21082e-08
 Reference value :  5.21337e-08
 Reference value :  5.21660e-08
 Reference value :  5.21930e-08
 Reference value :  5.22261e-08
 Reference value :  5.22856e-08
 Reference value :  5.23456e-08
 Reference value :  5.24056e-08
 Reference value :  5.24856e-08
 Reference value :  5.25856e-08
 Reference value :  5.26856e-08
 Reference value :  5.27856e-08
 Reference value :  5.28856e-08
 Reference value :  5.29631e-08
 Reference value :  5.29642e-08
 Reference value :  5.29729e-08
 Reference value :  5.30397e-08
 Reference value :  5.30997e-08
 Reference value :  5.31797e-08
 Reference value :  5.32597e-08
 Reference value :  5.33397e-08
 Reference value :  5.34197e-08
 Reference value :  5.34997e-08
 Reference value :  5.35997e-08
 Reference value :  5.36997e-08
 Reference value :  5.37797e-08
 Reference value :  5.38797e-08
 Reference value :  5.39397e-08
 Reference value :  5.40197e-08
 Reference value :  5.40797e-08
 Reference value :  5.41597e-08
 Reference value :  5.42197e-08
 Reference value :  5.42797e-08
 Reference value :  5.43397e-08
 Reference value :  5.43997e-08
 Reference value :  5.44447e-08
 Reference value :  5.44459e-08
 Reference value :  5.44543e-08
 Reference value :  5.45412e-08
 Reference value :  5.46412e-08
 Reference value :  5.47612e-08
 Reference value :  5.48412e-08
 Reference value :  5.49212e-08
 Reference value :  5.50212e-08
 Reference value :  5.51212e-08
 Reference value :  5.52212e-08
 Reference value :  5.53212e-08
 Reference value :  5.54012e-08
 Reference value :  5.54812e-08
 Reference value :  5.55556e-08
 Reference value :  5.55556e-08
 Reference value :  5.55562e-08
 Reference value :  5.55599e-08
 Reference value :  5.55666e-08
 Reference value :  5.55749e-08
 Reference value :  5.55820e-08
 Reference value :  5.55905e-08
 Reference value :  5.56093e-08
 Reference value :  5.56263e-08
 Reference value :  5.56392e-08
 Reference value :  5.56500e-08
 Reference value :  5.56594e-08
 Reference value :  5.56680e-08
 Reference value :  5.56819e-08
 Reference value :  5.56894e-08
 Reference value :  5.57007e-08
 Reference value :  5.57056e-08
 Reference value :  5.57058e-08
 Reference value :  5.57073e-08
 Reference value :  5.57126e-08
 Reference value :  5.57211e-08
 Reference value :  5.57289e-08
 Reference value :  5.57389e-08
 Reference value :  5.57528e-08
 Reference value :  5.57680e-08
 Reference value :  5.57849e-08
 Reference value :  5.58045e-08
 Reference value :  5.58283e-08
 Reference value :  5.58473e-08
 Reference value :  5.58697e-08
 Reference value :  5.58967e-08
 Reference value :  5.59493e-08
 Reference value :  5.60093e-08
 Reference value :  5.60493e-08
 Reference value :  5.60893e-08
 Reference value :  5.61493e-08
 Reference value :  5.62293e-08
 Reference value :  5.63093e-08
 Reference value :  5.63893e-08
 Reference value :  5.64693e-08
 Reference value :  5.65493e-08
 Reference value :  5.66093e-08
 Reference value :  5.66668e-08
 Reference value :  5.66677e-08
 Reference value :  5.66682e-08
 Reference value :  5.66766e-08
 Reference value :  5.67234e-08
 Reference value :  5.67834e-08
 Reference value :  5.68434e-08
 Reference value :  5.69034e-08
 Reference value :  5.69834e-08
 Reference value :  5.70634e-08
 Reference value :  5.71434e-08
 Reference value :  5.72234e-08
 Reference value :  5.73034e-08
 Reference value :  5.73834e-08
 Reference value :  5.74634e-08
 Reference value :  5.75434e-08
 Reference value :  5.76234e-08
 Reference value :  5.77034e-08
 Reference value :  5.77634e-08
 Reference value :  5.78234e-08
 Reference value :  5.79034e-08
 Reference value :  5.80234e-08
 Reference value :  5.81034e-08
 Reference value :  5.81481e-08
 Reference value :  5.81491e-08
 Reference value :  5.81496e-08
 Reference value :  5.81580e-08
 Reference value :  5.82049e-08
 Reference value :  5.82849e-08
 Reference value :  5.83649e-08
 Reference value :  5.84649e-08
 Reference value :  5.85188e-08
 Reference value :  5.85206e-08
 Reference value :  5.85553e-08
 Reference value :  5.86353e-08
 Reference value :  5.87353e-08
 Reference value :  5.88353e-08
 Reference value :  5.88953e-08
 Reference value :  5.89753e-08
 Reference value :  5.90553e-08
 Reference value :  5.91553e-08
 Reference value :  5.92353e-08
 Reference value :  5.92593e-08
 Reference value :  5.92597e-08
 Reference value :  5.92630e-08
 Reference value :  5.92695e-08
 Reference value :  5.92746e-08
 Reference value :  5.92845e-08
 Reference value :  5.92928e-08
 Reference value :  5.93066e-08
 Reference value :  5.93111e-08
 Reference value :  5.93151e-08
 Reference value :  5.93232e-08
 Reference value :  5.93318e-08
 Reference value :  5.93399e-08
 Reference value :  5.93472e-08
 Reference value :  5.93567e-08
 Reference value :  5.93621e-08
 Reference value :  5.93707e-08
 Reference value :  5.93806e-08
 Reference value :  5.93928e-08
 Reference value :  5.94041e-08
 Reference value :  5.94093e-08
 Reference value :  5.94097e-08
 Reference value :  5.94111e-08
 Reference value :  5.94165e-08
 Reference value :  5.94227e-08
 Reference value :  5.94302e-08
 Reference value :  5.94393e-08
 Reference value :  5.94519e-08
 Reference value :  5.94723e-08
 Reference value :  5.94892e-08
 Reference value :  5.95089e-08
 Reference value :  5.95329e-08
 Reference value :  5.95629e-08
 Reference value :  5.96178e-08
 Reference value :  5.96951e-08
 Reference value :  5.97751e-08
 Reference value :  5.98551e-08
 Reference value :  5.99551e-08
 Reference value :  6.00551e-08
 Reference value :  6.01351e-08
 Reference value :  6.01951e-08
 Reference value :  6.02751e-08
 Reference value :  6.03551e-08
 Reference value :  6.04151e-08
 Reference value :  6.04951e-08
 Reference value :  6.05751e-08
 Reference value :  6.06551e-08
 Reference value :  6.07151e-08
 Reference value :  6.07951e-08
 Reference value :  6.08551e-08
 Reference value :  6.09551e-08
No. of Data Rows : 4407
m_ui_ref            =  3.70370e-09 targ=  3.71120e-08 trig=  3.34083e-08
m_spa_in            =  1.48148e-08 targ=  4.82231e-08 trig=  3.34083e-08
m_spb_in            =  1.11111e-08 targ=  4.45194e-08 trig=  3.34083e-08
m_spa_c0            =  1.48148e-08 targ=  4.83015e-08 trig=  3.34867e-08
m_spb_c0            =  1.11111e-08 targ=  4.45978e-08 trig=  3.34867e-08
m_trise_c0          =  -3.33010e-08 targ=  3.84799e-09 trig=  3.71489e-08
m_tfall_c0          =  3.34250e-08 targ=  4.09463e-08 trig=  7.52128e-09
m_spa_c1            =  1.48148e-08 targ=  4.83414e-08 trig=  3.35265e-08
m_spb_c1            =  1.11111e-08 targ=  4.46376e-08 trig=  3.35265e-08
m_trise_c1          =  -7.29794e-09 targ=  2.98729e-08 trig=  3.71709e-08
m_tfall_c1          =  7.56825e-09 targ=  4.10354e-08 trig=  3.34672e-08
m_spa_mux           =  1.48148e-08 targ=  4.82938e-08 trig=  3.34789e-08
m_spb_mux           =  1.11111e-08 targ=  4.45901e-08 trig=  3.34789e-08
m_spa_c2            =  1.48148e-08 targ=  4.83752e-08 trig=  3.35603e-08
m_spb_c2            =  1.11111e-08 targ=  4.46715e-08 trig=  3.35603e-08
m_trise_c2          =  -7.30441e-09 targ=  2.98783e-08 trig=  3.71827e-08
m_tfall_c2          =  7.66878e-09 targ=  4.11478e-08 trig=  3.34790e-08
m_spa_cmis          =  1.48148e-08 targ=  4.83561e-08 trig=  3.35412e-08
m_spb_cmis          =  1.11099e-08 targ=  4.46511e-08 trig=  3.35412e-08
m_dj_ui_c0 = 5.3999995684e-06
m_swing_c0 = 4.9070779977e-01
m_vpp_c0 = 4.9375166705e-01
m_vcm_c0 = 3.0527903427e+00
m_dj_ui_c1 = 8.0999993519e-06
m_swing_c1 = 4.9070435590e-01
m_vpp_c1 = 4.9187428572e-01
m_vcm_c1 = 3.0527998576e+00
m_dj_ui_mux = 5.3999995684e-06
m_dj_ui_drv_c1 = 2.6999997844e-06
m_dj_ui_c2 = 5.3999995684e-06
m_swing_c2 = 4.9060383784e-01
m_vpp_c2 = 4.9130880086e-01
m_vcm_c2 = 3.0528289363e+00
m_dj_ui_cmis = 3.3479997322e-04
m_swing_cmis = 4.9059697517e-01
m_swing_avcclo = 4.9005152448e-01
m_vcm_avcclo = 2.7229811243e+00
m_swing_avcchi = 4.9128135030e-01
m_vcm_avcchi = 3.3826207576e+00
m_vgs_sw_max = 1.5707758743e+00
m_vgd_sw_max = 1.8661645399e+00
m_vds_sw_max = 2.6361529755e+00
m_vgs_tail_max = 1.2729905247e+00
m_vds_tail_max = 1.1033628011e+00
m_vmux_dc = 7.9700592318e-01
m_swing_dc = 4.9008872087e-01
m_vcm_dc = 3.0530802724e+00
m_ioff_dc = 3.7507343902e-05
m_itail_dc = 9.8767891053e-03
m_icell_dc = 1.0376789106e-02
Note: Simulation executed from .control section 

