
Note: No compatibility mode selected!


Circuit: * cml-driver-eye-realmux @ ss_27c_3.63v_270mbps -- generated by sim/harness, do not edit

Doing analysis at TEMP = 27.000000 and TNOM = 27.000000

Using SPARSE 1.3 as Direct Linear Solver

Initial Transient Solution
--------------------------

Node                                   Voltage
----                                   -------
vdd                                       3.63
avcc                                       3.3
avcclo                                    2.97
avcchi                                    3.63
clkp                                     2.178
clkn                                     1.089
d0p                                     3.0855
d0n                                     1.9965
d1p                                     3.0855
d1n                                     1.9965
d0pz                                    3.0855
d0nz                                    1.9965
clkpz                                    2.178
clknz                                    1.089
ckref                                    1.089
win                                          0
winc                                         0
xmux_c0.top                            3.09479
xmux_c0.xrc.11                         3.12077
xmux_c0.xrc.21                         3.60402
mp_c0                                  2.01069
xmux_c0.xrlp.11                        2.03667
xmux_c0.xrlp.21                        3.06881
mn_c0                                  3.09479
xmux_c0.xrln.11                        3.09479
xmux_c0.xrln.21                        3.09479
xmux_c0.ibias                          1.23132
xmux_c0.xrref.11                       1.24495
xmux_c0.xrref.21                       3.61638
xmux_c0.sa                             1.42749
xmux_c0.sb                             2.01069
xmux_c0.tail                          0.779138
outp_c0                                2.79678
xc0.tail                               1.42799
outn_c0                                    3.3
ib_c0                                  1.26269
vd_c0                                 0.503221
xmux_c1.top                            3.09479
xmux_c1.xrc.11                         3.12077
xmux_c1.xrc.21                         3.60402
mp_c1                                  2.01069
xmux_c1.xrlp.11                        2.03667
xmux_c1.xrlp.21                        3.06881
mn_c1                                  3.09479
xmux_c1.xrln.11                        3.09479
xmux_c1.xrln.21                        3.09479
xmux_c1.ibias                          1.23132
xmux_c1.xrref.11                       1.24495
xmux_c1.xrref.21                       3.61638
xmux_c1.sa                             1.42749
xmux_c1.sb                             2.01069
xmux_c1.tail                          0.779138
outp_c1                                2.79678
xc1.tail                               1.42799
outn_c1                                    3.3
ib_c1                                  1.26269
vd_c1                                 0.503221
muxref                                 1.08411
xmux_c2.top                            3.09479
xmux_c2.xrc.11                         3.12077
xmux_c2.xrc.21                         3.60402
mp_c2                                  2.01069
xmux_c2.xrlp.11                        2.03667
xmux_c2.xrlp.21                        3.06881
mn_c2                                  3.09479
xmux_c2.xrln.11                        3.09479
xmux_c2.xrln.21                        3.09479
xmux_c2.ibias                          1.23132
xmux_c2.xrref.11                       1.24495
xmux_c2.xrref.21                       3.61638
xmux_c2.sa                             1.42749
xmux_c2.sb                             2.01069
xmux_c2.tail                          0.779138
outp_c2                                2.79678
xc2.tail                               1.42799
outn_c2                                    3.3
ib_c2                                  1.26269
vd_c2                                 0.503221
xmux_cmis.top                          3.09479
xmux_cmis.xrc.11                       3.12077
xmux_cmis.xrc.21                       3.60402
mp_cm                                  2.01069
xmux_cmis.xrlp.11                      2.03667
xmux_cmis.xrlp.21                      3.06881
mn_cm                                  3.09479
xmux_cmis.xrln.11                      3.09479
xmux_cmis.xrln.21                      3.09479
xmux_cmis.ibias                        1.23132
xmux_cmis.xrref.11                     1.24495
xmux_cmis.xrref.21                     3.61638
xmux_cmis.sa                           1.42749
xmux_cmis.sb                           2.01069
xmux_cmis.tail                        0.779138
outp_cmis                              2.79678
xcmis.tail                             1.42799
outn_cmis                                  3.3
ib_cmis                                1.26269
vd_cmis                               0.503221
xmux_vlo.top                           3.09479
xmux_vlo.xrc.11                        3.12077
xmux_vlo.xrc.21                        3.60402
mp_vlo                                 2.01069
xmux_vlo.xrlp.11                       2.03667
xmux_vlo.xrlp.21                       3.06881
mn_vlo                                 3.09479
xmux_vlo.xrln.11                       3.09479
xmux_vlo.xrln.21                       3.09479
xmux_vlo.ibias                         1.23132
xmux_vlo.xrref.11                      1.24495
xmux_vlo.xrref.21                      3.61638
xmux_vlo.sa                            1.42749
xmux_vlo.sb                            2.01069
xmux_vlo.tail                         0.779138
outp_vlo                                2.4671
xvlo.tail                              1.41097
outn_vlo                                  2.97
ib_vlo                                 1.26269
xmux_vhi.top                           3.09479
xmux_vhi.xrc.11                        3.12077
xmux_vhi.xrc.21                        3.60402
mp_vhi                                 2.01069
xmux_vhi.xrlp.11                       2.03667
xmux_vhi.xrlp.21                       3.06881
mn_vhi                                 3.09479
xmux_vhi.xrln.11                       3.09479
xmux_vhi.xrln.21                       3.09479
xmux_vhi.ibias                         1.23132
xmux_vhi.xrref.11                      1.24495
xmux_vhi.xrref.21                      3.61638
xmux_vhi.sa                            1.42749
xmux_vhi.sb                            2.01069
xmux_vhi.tail                         0.779138
outp_vhi                                3.1265
xvhi.tail                              1.44319
outn_vhi                                  3.63
ib_vhi                                 1.26269
xmux_z.top                             3.09479
xmux_z.xrc.11                          3.12077
xmux_z.xrc.21                          3.60402
mp_z                                   2.01069
xmux_z.xrlp.11                         2.03667
xmux_z.xrlp.21                         3.06881
mn_z                                   3.09479
xmux_z.xrln.11                         3.09479
xmux_z.xrln.21                         3.09479
xmux_z.ibias                           1.23132
xmux_z.xrref.11                        1.24495
xmux_z.xrref.21                        3.61638
xmux_z.sa                              1.42749
xmux_z.sb                              2.51742
xmux_z.tail                           0.779138
outp_z                                 2.79678
xz.tail                                1.42799
vss_z                                        0
outn_z                                     3.3
ib_z                                   1.26269
vmuxz                                  1.08411
emuxz#branch                                 0
ediff_cmis#branch                            0
ediff_c2#branch                              0
emuxref#branch                               0
ediff_c1#branch                              0
ediff_c0#branch                              0
eckref#branch                                0
vsens_z#branch                       0.0105645
vwinc#branch                                 0
vwin#branch                                  0
vclknz#branch                                0
vclkpz#branch                                0
vd0nz#branch                                 0
vd0pz#branch                                 0
vd1n#branch                                  0
vd1p#branch                                  0
vd0n#branch                                  0
vd0p#branch                                  0
vclkn#branch                                 0
vclkp#branch                                 0
vavcchi#branch                      -0.0100701
vavcclo#branch                      -0.0100581
vavcc#branch                        -0.0503223
vvdd#branch                         -0.0637491

 Reference value :  0.00000e+00
 Reference value :  8.00000e-13
 Reference value :  6.40000e-12
 Reference value :  8.56000e-11
 Reference value :  1.85600e-10
 Reference value :  2.85600e-10
 Reference value :  3.85600e-10
 Reference value :  4.85600e-10
 Reference value :  5.65600e-10
 Reference value :  6.65600e-10
 Reference value :  7.45600e-10
 Reference value :  8.25600e-10
 Reference value :  9.25600e-10
 Reference value :  1.02560e-09
 Reference value :  1.12560e-09
 Reference value :  1.22560e-09
 Reference value :  1.32560e-09
 Reference value :  1.40560e-09
 Reference value :  1.48560e-09
 Reference value :  1.54560e-09
 Reference value :  1.62560e-09
 Reference value :  1.70560e-09
 Reference value :  1.78560e-09
 Reference value :  1.88560e-09
 Reference value :  1.96560e-09
 Reference value :  2.02560e-09
 Reference value :  2.10560e-09
 Reference value :  2.16560e-09
 Reference value :  2.22560e-09
 Reference value :  2.30560e-09
 Reference value :  2.36560e-09
 Reference value :  2.44560e-09
 Reference value :  2.54560e-09
 Reference value :  2.66560e-09
 Reference value :  2.76560e-09
 Reference value :  2.86560e-09
 Reference value :  2.98560e-09
 Reference value :  3.10560e-09
 Reference value :  3.22560e-09
 Reference value :  3.32560e-09
 Reference value :  3.40560e-09
 Reference value :  3.50560e-09
 Reference value :  3.60560e-09
 Reference value :  3.68560e-09
 Reference value :  3.70372e-09
 Reference value :  3.70399e-09
 Reference value :  3.70489e-09
 Reference value :  3.70795e-09
 Reference value :  3.71469e-09
 Reference value :  3.72326e-09
 Reference value :  3.73365e-09
 Reference value :  3.73921e-09
 Reference value :  3.74625e-09
 Reference value :  3.76235e-09
 Reference value :  3.77393e-09
 Reference value :  3.78183e-09
 Reference value :  3.78835e-09
 Reference value :  3.79405e-09
 Reference value :  3.80350e-09
 Reference value :  3.81378e-09
 Reference value :  3.82148e-09
 Reference value :  3.82936e-09
 Reference value :  3.83980e-09
 Reference value :  3.85043e-09
 Reference value :  3.85372e-09
 Reference value :  3.85421e-09
 Reference value :  3.85745e-09
 Reference value :  3.86336e-09
 Reference value :  3.87309e-09
 Reference value :  3.88264e-09
 Reference value :  3.89661e-09
 Reference value :  3.90728e-09
 Reference value :  3.91546e-09
 Reference value :  3.93306e-09
 Reference value :  3.95854e-09
 Reference value :  3.97995e-09
 Reference value :  4.03458e-09
 Reference value :  4.09458e-09
 Reference value :  4.19458e-09
 Reference value :  4.27458e-09
 Reference value :  4.35458e-09
 Reference value :  4.43458e-09
 Reference value :  4.51458e-09
 Reference value :  4.59458e-09
 Reference value :  4.65458e-09
 Reference value :  4.73458e-09
 Reference value :  4.81458e-09
 Reference value :  4.89458e-09
 Reference value :  4.97458e-09
 Reference value :  5.03458e-09
 Reference value :  5.09458e-09
 Reference value :  5.17458e-09
 Reference value :  5.25458e-09
 Reference value :  5.31458e-09
 Reference value :  5.39458e-09
 Reference value :  5.45458e-09
 Reference value :  5.51458e-09
 Reference value :  5.59458e-09
 Reference value :  5.65458e-09
 Reference value :  5.73458e-09
 Reference value :  5.83458e-09
 Reference value :  5.89458e-09
 Reference value :  5.95458e-09
 Reference value :  6.03458e-09
 Reference value :  6.13458e-09
 Reference value :  6.25458e-09
 Reference value :  6.35458e-09
 Reference value :  6.45458e-09
 Reference value :  6.57458e-09
 Reference value :  6.69458e-09
 Reference value :  6.79458e-09
 Reference value :  6.91458e-09
 Reference value :  7.03458e-09
 Reference value :  7.13458e-09
 Reference value :  7.23458e-09
 Reference value :  7.33458e-09
 Reference value :  7.40742e-09
 Reference value :  7.40794e-09
 Reference value :  7.41150e-09
 Reference value :  7.41814e-09
 Reference value :  7.42670e-09
 Reference value :  7.43706e-09
 Reference value :  7.44661e-09
 Reference value :  7.45801e-09
 Reference value :  7.46537e-09
 Reference value :  7.47704e-09
 Reference value :  7.48491e-09
 Reference value :  7.48854e-09
 Reference value :  7.49444e-09
 Reference value :  7.50037e-09
 Reference value :  7.51004e-09
 Reference value :  7.52066e-09
 Reference value :  7.53253e-09
 Reference value :  7.54298e-09
 Reference value :  7.55384e-09
 Reference value :  7.55743e-09
 Reference value :  7.55768e-09
 Reference value :  7.55975e-09
 Reference value :  7.56335e-09
 Reference value :  7.56953e-09
 Reference value :  7.58024e-09
 Reference value :  7.59009e-09
 Reference value :  7.60085e-09
 Reference value :  7.61200e-09
 Reference value :  7.62624e-09
 Reference value :  7.64721e-09
 Reference value :  7.68994e-09
 Reference value :  7.76542e-09
 Reference value :  7.84542e-09
 Reference value :  7.92542e-09
 Reference value :  8.02542e-09
 Reference value :  8.12542e-09
 Reference value :  8.22542e-09
 Reference value :  8.34542e-09
 Reference value :  8.42542e-09
 Reference value :  8.50542e-09
 Reference value :  8.58542e-09
 Reference value :  8.66542e-09
 Reference value :  8.76542e-09
 Reference value :  8.84542e-09
 Reference value :  8.92542e-09
 Reference value :  9.00542e-09
 Reference value :  9.08542e-09
 Reference value :  9.18542e-09
 Reference value :  9.28542e-09
 Reference value :  9.36542e-09
 Reference value :  9.44542e-09
 Reference value :  9.52542e-09
 Reference value :  9.60542e-09
 Reference value :  9.70542e-09
 Reference value :  9.80542e-09
 Reference value :  9.90542e-09
 Reference value :  1.00054e-08
 Reference value :  1.00854e-08
 Reference value :  1.01654e-08
 Reference value :  1.02454e-08
 Reference value :  1.03254e-08
 Reference value :  1.03854e-08
 Reference value :  1.04854e-08
 Reference value :  1.05454e-08
 Reference value :  1.06454e-08
 Reference value :  1.07454e-08
 Reference value :  1.08454e-08
 Reference value :  1.09454e-08
 Reference value :  1.10454e-08
 Reference value :  1.11111e-08
 Reference value :  1.11112e-08
 Reference value :  1.11120e-08
 Reference value :  1.11190e-08
 Reference value :  1.11264e-08
 Reference value :  1.11368e-08
 Reference value :  1.11400e-08
 Reference value :  1.11466e-08
 Reference value :  1.11574e-08
 Reference value :  1.11699e-08
 Reference value :  1.11815e-08
 Reference value :  1.11894e-08
 Reference value :  1.11959e-08
 Reference value :  1.12019e-08
 Reference value :  1.12112e-08
 Reference value :  1.12216e-08
 Reference value :  1.12335e-08
 Reference value :  1.12476e-08
 Reference value :  1.12611e-08
 Reference value :  1.12612e-08
 Reference value :  1.12630e-08
 Reference value :  1.12685e-08
 Reference value :  1.12775e-08
 Reference value :  1.12864e-08
 Reference value :  1.12998e-08
 Reference value :  1.13110e-08
 Reference value :  1.13172e-08
 Reference value :  1.13394e-08
 Reference value :  1.13741e-08
 Reference value :  1.14184e-08
 Reference value :  1.14784e-08
 Reference value :  1.15584e-08
 Reference value :  1.16384e-08
 Reference value :  1.16984e-08
 Reference value :  1.17784e-08
 Reference value :  1.18584e-08
 Reference value :  1.19384e-08
 Reference value :  1.19984e-08
 Reference value :  1.20784e-08
 Reference value :  1.21584e-08
 Reference value :  1.22584e-08
 Reference value :  1.23584e-08
 Reference value :  1.24384e-08
 Reference value :  1.25184e-08
 Reference value :  1.26184e-08
 Reference value :  1.26984e-08
 Reference value :  1.27984e-08
 Reference value :  1.28984e-08
 Reference value :  1.30184e-08
 Reference value :  1.31184e-08
 Reference value :  1.32184e-08
 Reference value :  1.33184e-08
 Reference value :  1.33984e-08
 Reference value :  1.34784e-08
 Reference value :  1.35584e-08
 Reference value :  1.36784e-08
 Reference value :  1.37784e-08
 Reference value :  1.38784e-08
 Reference value :  1.39784e-08
 Reference value :  1.40984e-08
 Reference value :  1.41984e-08
 Reference value :  1.43184e-08
 Reference value :  1.44384e-08
 Reference value :  1.45384e-08
 Reference value :  1.46184e-08
 Reference value :  1.46984e-08
 Reference value :  1.47966e-08
 Reference value :  1.48149e-08
 Reference value :  1.48160e-08
 Reference value :  1.48212e-08
 Reference value :  1.48312e-08
 Reference value :  1.48448e-08
 Reference value :  1.48504e-08
 Reference value :  1.48574e-08
 Reference value :  1.48696e-08
 Reference value :  1.48773e-08
 Reference value :  1.48851e-08
 Reference value :  1.48930e-08
 Reference value :  1.48995e-08
 Reference value :  1.49052e-08
 Reference value :  1.49147e-08
 Reference value :  1.49214e-08
 Reference value :  1.49287e-08
 Reference value :  1.49368e-08
 Reference value :  1.49441e-08
 Reference value :  1.49510e-08
 Reference value :  1.49583e-08
 Reference value :  1.49648e-08
 Reference value :  1.49648e-08
 Reference value :  1.49651e-08
 Reference value :  1.49669e-08
 Reference value :  1.49704e-08
 Reference value :  1.49767e-08
 Reference value :  1.49842e-08
 Reference value :  1.49937e-08
 Reference value :  1.50039e-08
 Reference value :  1.50153e-08
 Reference value :  1.50183e-08
 Reference value :  1.50265e-08
 Reference value :  1.50440e-08
 Reference value :  1.50695e-08
 Reference value :  1.50907e-08
 Reference value :  1.51452e-08
 Reference value :  1.52252e-08
 Reference value :  1.53052e-08
 Reference value :  1.53652e-08
 Reference value :  1.54252e-08
 Reference value :  1.54852e-08
 Reference value :  1.55652e-08
 Reference value :  1.56452e-08
 Reference value :  1.57252e-08
 Reference value :  1.58252e-08
 Reference value :  1.59452e-08
 Reference value :  1.60452e-08
 Reference value :  1.61452e-08
 Reference value :  1.62452e-08
 Reference value :  1.63452e-08
 Reference value :  1.64452e-08
 Reference value :  1.65452e-08
 Reference value :  1.66252e-08
 Reference value :  1.67252e-08
 Reference value :  1.68252e-08
 Reference value :  1.69052e-08
 Reference value :  1.69652e-08
 Reference value :  1.70452e-08
 Reference value :  1.71252e-08
 Reference value :  1.71852e-08
 Reference value :  1.72652e-08
 Reference value :  1.73452e-08
 Reference value :  1.74052e-08
 Reference value :  1.74852e-08
 Reference value :  1.75652e-08
 Reference value :  1.76452e-08
 Reference value :  1.77052e-08
 Reference value :  1.77852e-08
 Reference value :  1.78652e-08
 Reference value :  1.79652e-08
 Reference value :  1.80452e-08
 Reference value :  1.81452e-08
 Reference value :  1.82252e-08
 Reference value :  1.83052e-08
 Reference value :  1.83852e-08
 Reference value :  1.84652e-08
 Reference value :  1.85185e-08
 Reference value :  1.85191e-08
 Reference value :  1.85226e-08
 Reference value :  1.85319e-08
 Reference value :  1.85454e-08
 Reference value :  1.85514e-08
 Reference value :  1.85577e-08
 Reference value :  1.85650e-08
 Reference value :  1.85691e-08
 Reference value :  1.85764e-08
 Reference value :  1.85921e-08
 Reference value :  1.85996e-08
 Reference value :  1.86055e-08
 Reference value :  1.86115e-08
 Reference value :  1.86211e-08
 Reference value :  1.86317e-08
 Reference value :  1.86436e-08
 Reference value :  1.86541e-08
 Reference value :  1.86685e-08
 Reference value :  1.86686e-08
 Reference value :  1.86691e-08
 Reference value :  1.86725e-08
 Reference value :  1.86785e-08
 Reference value :  1.86856e-08
 Reference value :  1.86947e-08
 Reference value :  1.87046e-08
 Reference value :  1.87161e-08
 Reference value :  1.87231e-08
 Reference value :  1.87374e-08
 Reference value :  1.87669e-08
 Reference value :  1.88012e-08
 Reference value :  1.88566e-08
 Reference value :  1.89166e-08
 Reference value :  1.89966e-08
 Reference value :  1.90966e-08
 Reference value :  1.91766e-08
 Reference value :  1.92566e-08
 Reference value :  1.93566e-08
 Reference value :  1.94366e-08
 Reference value :  1.95166e-08
 Reference value :  1.95966e-08
 Reference value :  1.96766e-08
 Reference value :  1.97766e-08
 Reference value :  1.98566e-08
 Reference value :  1.99566e-08
 Reference value :  2.00566e-08
 Reference value :  2.01366e-08
 Reference value :  2.01966e-08
 Reference value :  2.02766e-08
 Reference value :  2.03766e-08
 Reference value :  2.04766e-08
 Reference value :  2.05566e-08
 Reference value :  2.06366e-08
 Reference value :  2.06966e-08
 Reference value :  2.07966e-08
 Reference value :  2.08566e-08
 Reference value :  2.09366e-08
 Reference value :  2.10166e-08
 Reference value :  2.10766e-08
 Reference value :  2.11566e-08
 Reference value :  2.12366e-08
 Reference value :  2.13166e-08
 Reference value :  2.14166e-08
 Reference value :  2.14966e-08
 Reference value :  2.15766e-08
 Reference value :  2.16766e-08
 Reference value :  2.17766e-08
 Reference value :  2.18566e-08
 Reference value :  2.19566e-08
 Reference value :  2.20566e-08
 Reference value :  2.21566e-08
 Reference value :  2.22222e-08
 Reference value :  2.22222e-08
 Reference value :  2.22224e-08
 Reference value :  2.22231e-08
 Reference value :  2.22258e-08
 Reference value :  2.22301e-08
 Reference value :  2.22375e-08
 Reference value :  2.22479e-08
 Reference value :  2.22511e-08
 Reference value :  2.22577e-08
 Reference value :  2.22729e-08
 Reference value :  2.22885e-08
 Reference value :  2.23005e-08
 Reference value :  2.23069e-08
 Reference value :  2.23158e-08
 Reference value :  2.23291e-08
 Reference value :  2.23445e-08
 Reference value :  2.23587e-08
 Reference value :  2.23692e-08
 Reference value :  2.23722e-08
 Reference value :  2.23724e-08
 Reference value :  2.23741e-08
 Reference value :  2.23796e-08
 Reference value :  2.23838e-08
 Reference value :  2.23886e-08
 Reference value :  2.23943e-08
 Reference value :  2.24040e-08
 Reference value :  2.24187e-08
 Reference value :  2.24252e-08
 Reference value :  2.24384e-08
 Reference value :  2.24580e-08
 Reference value :  2.24855e-08
 Reference value :  2.25299e-08
 Reference value :  2.25899e-08
 Reference value :  2.26499e-08
 Reference value :  2.27099e-08
 Reference value :  2.27899e-08
 Reference value :  2.28499e-08
 Reference value :  2.29299e-08
 Reference value :  2.30299e-08
 Reference value :  2.31299e-08
 Reference value :  2.32299e-08
 Reference value :  2.33299e-08
 Reference value :  2.34499e-08
 Reference value :  2.35699e-08
 Reference value :  2.36499e-08
 Reference value :  2.37299e-08
 Reference value :  2.38099e-08
 Reference value :  2.38899e-08
 Reference value :  2.39699e-08
 Reference value :  2.40699e-08
 Reference value :  2.41499e-08
 Reference value :  2.42299e-08
 Reference value :  2.42899e-08
 Reference value :  2.43699e-08
 Reference value :  2.44499e-08
 Reference value :  2.45299e-08
 Reference value :  2.46099e-08
 Reference value :  2.46899e-08
 Reference value :  2.47899e-08
 Reference value :  2.48699e-08
 Reference value :  2.49499e-08
 Reference value :  2.50099e-08
 Reference value :  2.50899e-08
 Reference value :  2.51699e-08
 Reference value :  2.52699e-08
 Reference value :  2.53499e-08
 Reference value :  2.54299e-08
 Reference value :  2.55099e-08
 Reference value :  2.55899e-08
 Reference value :  2.56899e-08
 Reference value :  2.57699e-08
 Reference value :  2.58899e-08
 Reference value :  2.59259e-08
 Reference value :  2.59265e-08
 Reference value :  2.59302e-08
 Reference value :  2.59369e-08
 Reference value :  2.59455e-08
 Reference value :  2.59559e-08
 Reference value :  2.59614e-08
 Reference value :  2.59685e-08
 Reference value :  2.59806e-08
 Reference value :  2.59920e-08
 Reference value :  2.60040e-08
 Reference value :  2.60106e-08
 Reference value :  2.60163e-08
 Reference value :  2.60257e-08
 Reference value :  2.60360e-08
 Reference value :  2.60478e-08
 Reference value :  2.60586e-08
 Reference value :  2.60694e-08
 Reference value :  2.60759e-08
 Reference value :  2.60764e-08
 Reference value :  2.60797e-08
 Reference value :  2.60836e-08
 Reference value :  2.60901e-08
 Reference value :  2.60984e-08
 Reference value :  2.61081e-08
 Reference value :  2.61188e-08
 Reference value :  2.61265e-08
 Reference value :  2.61295e-08
 Reference value :  2.61377e-08
 Reference value :  2.61553e-08
 Reference value :  2.61808e-08
 Reference value :  2.62022e-08
 Reference value :  2.62569e-08
 Reference value :  2.63169e-08
 Reference value :  2.63969e-08
 Reference value :  2.64769e-08
 Reference value :  2.65769e-08
 Reference value :  2.66569e-08
 Reference value :  2.67369e-08
 Reference value :  2.68369e-08
 Reference value :  2.69369e-08
 Reference value :  2.70569e-08
 Reference value :  2.71369e-08
 Reference value :  2.72169e-08
 Reference value :  2.73169e-08
 Reference value :  2.74169e-08
 Reference value :  2.74969e-08
 Reference value :  2.75769e-08
 Reference value :  2.76369e-08
 Reference value :  2.77369e-08
 Reference value :  2.78169e-08
 Reference value :  2.78969e-08
 Reference value :  2.79569e-08
 Reference value :  2.80369e-08
 Reference value :  2.81169e-08
 Reference value :  2.81769e-08
 Reference value :  2.82769e-08
 Reference value :  2.83569e-08
 Reference value :  2.84369e-08
 Reference value :  2.85169e-08
 Reference value :  2.85769e-08
 Reference value :  2.86369e-08
 Reference value :  2.87369e-08
 Reference value :  2.88169e-08
 Reference value :  2.88769e-08
 Reference value :  2.89369e-08
 Reference value :  2.90169e-08
 Reference value :  2.90969e-08
 Reference value :  2.91969e-08
 Reference value :  2.92969e-08
 Reference value :  2.93969e-08
 Reference value :  2.94769e-08
 Reference value :  2.95569e-08
 Reference value :  2.96296e-08
 Reference value :  2.96302e-08
 Reference value :  2.96340e-08
 Reference value :  2.96390e-08
 Reference value :  2.96474e-08
 Reference value :  2.96528e-08
 Reference value :  2.96627e-08
 Reference value :  2.96734e-08
 Reference value :  2.96811e-08
 Reference value :  2.96849e-08
 Reference value :  2.96884e-08
 Reference value :  2.96997e-08
 Reference value :  2.97112e-08
 Reference value :  2.97166e-08
 Reference value :  2.97255e-08
 Reference value :  2.97322e-08
 Reference value :  2.97392e-08
 Reference value :  2.97511e-08
 Reference value :  2.97582e-08
 Reference value :  2.97652e-08
 Reference value :  2.97757e-08
 Reference value :  2.97796e-08
 Reference value :  2.97804e-08
 Reference value :  2.97867e-08
 Reference value :  2.97931e-08
 Reference value :  2.98042e-08
 Reference value :  2.98117e-08
 Reference value :  2.98205e-08
 Reference value :  2.98296e-08
 Reference value :  2.98297e-08
 Reference value :  2.98311e-08
 Reference value :  2.98371e-08
 Reference value :  2.98490e-08
 Reference value :  2.98645e-08
 Reference value :  2.98774e-08
 Reference value :  2.99004e-08
 Reference value :  2.99276e-08
 Reference value :  2.99516e-08
 Reference value :  3.00041e-08
 Reference value :  3.00641e-08
 Reference value :  3.01241e-08
 Reference value :  3.01841e-08
 Reference value :  3.02241e-08
 Reference value :  3.03041e-08
 Reference value :  3.04041e-08
 Reference value :  3.05041e-08
 Reference value :  3.05841e-08
 Reference value :  3.06441e-08
 Reference value :  3.07241e-08
 Reference value :  3.08041e-08
 Reference value :  3.09241e-08
 Reference value :  3.10241e-08
 Reference value :  3.11441e-08
 Reference value :  3.12441e-08
 Reference value :  3.13641e-08
 Reference value :  3.14441e-08
 Reference value :  3.15041e-08
 Reference value :  3.15841e-08
 Reference value :  3.16641e-08
 Reference value :  3.17241e-08
 Reference value :  3.18041e-08
 Reference value :  3.19041e-08
 Reference value :  3.19841e-08
 Reference value :  3.20841e-08
 Reference value :  3.22041e-08
 Reference value :  3.23041e-08
 Reference value :  3.24041e-08
 Reference value :  3.25841e-08
 Reference value :  3.26841e-08
 Reference value :  3.27641e-08
 Reference value :  3.28641e-08
 Reference value :  3.29441e-08
 Reference value :  3.30441e-08
 Reference value :  3.31241e-08
 Reference value :  3.32041e-08
 Reference value :  3.32641e-08
 Reference value :  3.33187e-08
 Reference value :  3.33333e-08
 Reference value :  3.33336e-08
 Reference value :  3.33343e-08
 Reference value :  3.33391e-08
 Reference value :  3.33463e-08
 Reference value :  3.33555e-08
 Reference value :  3.33676e-08
 Reference value :  3.33710e-08
 Reference value :  3.33823e-08
 Reference value :  3.33907e-08
 Reference value :  3.33982e-08
 Reference value :  3.34060e-08
 Reference value :  3.34092e-08
 Reference value :  3.34121e-08
 Reference value :  3.34149e-08
 Reference value :  3.34209e-08
 Reference value :  3.34266e-08
 Reference value :  3.34318e-08
 Reference value :  3.34402e-08
 Reference value :  3.34509e-08
 Reference value :  3.34616e-08
 Reference value :  3.34716e-08
 Reference value :  3.34811e-08
 Reference value :  3.34833e-08
 Reference value :  3.34835e-08
 Reference value :  3.34848e-08
 Reference value :  3.34902e-08
 Reference value :  3.34944e-08
 Reference value :  3.35046e-08
 Reference value :  3.35196e-08
 Reference value :  3.35367e-08
 Reference value :  3.35501e-08
 Reference value :  3.35657e-08
 Reference value :  3.35847e-08
 Reference value :  3.36086e-08
 Reference value :  3.36545e-08
 Reference value :  3.37024e-08
 Reference value :  3.37419e-08
 Reference value :  3.38019e-08
 Reference value :  3.38619e-08
 Reference value :  3.39219e-08
 Reference value :  3.40019e-08
 Reference value :  3.40819e-08
 Reference value :  3.41619e-08
 Reference value :  3.42219e-08
 Reference value :  3.43019e-08
 Reference value :  3.43819e-08
 Reference value :  3.44819e-08
 Reference value :  3.45619e-08
 Reference value :  3.46419e-08
 Reference value :  3.47219e-08
 Reference value :  3.48219e-08
 Reference value :  3.49219e-08
 Reference value :  3.50019e-08
 Reference value :  3.51019e-08
 Reference value :  3.52019e-08
 Reference value :  3.53019e-08
 Reference value :  3.54019e-08
 Reference value :  3.54819e-08
 Reference value :  3.55619e-08
 Reference value :  3.56419e-08
 Reference value :  3.57419e-08
 Reference value :  3.58419e-08
 Reference value :  3.59219e-08
 Reference value :  3.60019e-08
 Reference value :  3.61019e-08
 Reference value :  3.62019e-08
 Reference value :  3.63019e-08
 Reference value :  3.63819e-08
 Reference value :  3.64619e-08
 Reference value :  3.65619e-08
 Reference value :  3.66619e-08
 Reference value :  3.67419e-08
 Reference value :  3.68219e-08
 Reference value :  3.69019e-08
 Reference value :  3.70195e-08
 Reference value :  3.70371e-08
 Reference value :  3.70381e-08
 Reference value :  3.70432e-08
 Reference value :  3.70532e-08
 Reference value :  3.70639e-08
 Reference value :  3.70715e-08
 Reference value :  3.70786e-08
 Reference value :  3.70905e-08
 Reference value :  3.71020e-08
 Reference value :  3.71098e-08
 Reference value :  3.71159e-08
 Reference value :  3.71217e-08
 Reference value :  3.71277e-08
 Reference value :  3.71304e-08
 Reference value :  3.71356e-08
 Reference value :  3.71411e-08
 Reference value :  3.71474e-08
 Reference value :  3.71586e-08
 Reference value :  3.71655e-08
 Reference value :  3.71755e-08
 Reference value :  3.71849e-08
 Reference value :  3.71870e-08
 Reference value :  3.71874e-08
 Reference value :  3.71900e-08
 Reference value :  3.71959e-08
 Reference value :  3.72028e-08
 Reference value :  3.72114e-08
 Reference value :  3.72233e-08
 Reference value :  3.72361e-08
 Reference value :  3.72492e-08
 Reference value :  3.72639e-08
 Reference value :  3.72817e-08
 Reference value :  3.72957e-08
 Reference value :  3.73220e-08
 Reference value :  3.73582e-08
 Reference value :  3.74256e-08
 Reference value :  3.74856e-08
 Reference value :  3.75456e-08
 Reference value :  3.76056e-08
 Reference value :  3.76656e-08
 Reference value :  3.77456e-08
 Reference value :  3.77781e-08
 Reference value :  3.77790e-08
 Reference value :  3.77877e-08
 Reference value :  3.78545e-08
 Reference value :  3.79345e-08
 Reference value :  3.80145e-08
 Reference value :  3.80945e-08
 Reference value :  3.81484e-08
 Reference value :  3.81496e-08
 Reference value :  3.81670e-08
 Reference value :  3.82649e-08
 Reference value :  3.83649e-08
 Reference value :  3.84449e-08
 Reference value :  3.85449e-08
 Reference value :  3.86449e-08
 Reference value :  3.87449e-08
 Reference value :  3.88049e-08
 Reference value :  3.88849e-08
 Reference value :  3.89449e-08
 Reference value :  3.90649e-08
 Reference value :  3.91649e-08
 Reference value :  3.92449e-08
 Reference value :  3.93049e-08
 Reference value :  3.94049e-08
 Reference value :  3.94649e-08
 Reference value :  3.95449e-08
 Reference value :  3.96296e-08
 Reference value :  3.96306e-08
 Reference value :  3.96317e-08
 Reference value :  3.96485e-08
 Reference value :  3.97264e-08
 Reference value :  3.98064e-08
 Reference value :  3.99064e-08
 Reference value :  3.99864e-08
 Reference value :  4.00664e-08
 Reference value :  4.01464e-08
 Reference value :  4.02464e-08
 Reference value :  4.03464e-08
 Reference value :  4.04264e-08
 Reference value :  4.05064e-08
 Reference value :  4.06064e-08
 Reference value :  4.06864e-08
 Reference value :  4.07408e-08
 Reference value :  4.07413e-08
 Reference value :  4.07448e-08
 Reference value :  4.07515e-08
 Reference value :  4.07600e-08
 Reference value :  4.07716e-08
 Reference value :  4.07786e-08
 Reference value :  4.07899e-08
 Reference value :  4.08020e-08
 Reference value :  4.08135e-08
 Reference value :  4.08196e-08
 Reference value :  4.08284e-08
 Reference value :  4.08341e-08
 Reference value :  4.08393e-08
 Reference value :  4.08447e-08
 Reference value :  4.08510e-08
 Reference value :  4.08584e-08
 Reference value :  4.08657e-08
 Reference value :  4.08724e-08
 Reference value :  4.08827e-08
 Reference value :  4.08908e-08
 Reference value :  4.08911e-08
 Reference value :  4.08937e-08
 Reference value :  4.08996e-08
 Reference value :  4.09065e-08
 Reference value :  4.09186e-08
 Reference value :  4.09314e-08
 Reference value :  4.09441e-08
 Reference value :  4.09575e-08
 Reference value :  4.09731e-08
 Reference value :  4.09854e-08
 Reference value :  4.10073e-08
 Reference value :  4.10364e-08
 Reference value :  4.10765e-08
 Reference value :  4.11293e-08
 Reference value :  4.11893e-08
 Reference value :  4.12693e-08
 Reference value :  4.13293e-08
 Reference value :  4.14293e-08
 Reference value :  4.15293e-08
 Reference value :  4.16293e-08
 Reference value :  4.17093e-08
 Reference value :  4.18093e-08
 Reference value :  4.18522e-08
 Reference value :  4.18533e-08
 Reference value :  4.18707e-08
 Reference value :  4.19486e-08
 Reference value :  4.20086e-08
 Reference value :  4.20886e-08
 Reference value :  4.21886e-08
 Reference value :  4.22886e-08
 Reference value :  4.23686e-08
 Reference value :  4.24486e-08
 Reference value :  4.25486e-08
 Reference value :  4.26486e-08
 Reference value :  4.27486e-08
 Reference value :  4.28286e-08
 Reference value :  4.29086e-08
 Reference value :  4.29886e-08
 Reference value :  4.30686e-08
 Reference value :  4.31486e-08
 Reference value :  4.32486e-08
 Reference value :  4.33333e-08
 Reference value :  4.33344e-08
 Reference value :  4.33365e-08
 Reference value :  4.33701e-08
 Reference value :  4.34701e-08
 Reference value :  4.35901e-08
 Reference value :  4.37101e-08
 Reference value :  4.38101e-08
 Reference value :  4.38901e-08
 Reference value :  4.39701e-08
 Reference value :  4.40301e-08
 Reference value :  4.41101e-08
 Reference value :  4.42101e-08
 Reference value :  4.43101e-08
 Reference value :  4.44101e-08
 Reference value :  4.44445e-08
 Reference value :  4.44450e-08
 Reference value :  4.44485e-08
 Reference value :  4.44578e-08
 Reference value :  4.44671e-08
 Reference value :  4.44753e-08
 Reference value :  4.44823e-08
 Reference value :  4.44936e-08
 Reference value :  4.45019e-08
 Reference value :  4.45172e-08
 Reference value :  4.45233e-08
 Reference value :  4.45321e-08
 Reference value :  4.45378e-08
 Reference value :  4.45430e-08
 Reference value :  4.45484e-08
 Reference value :  4.45582e-08
 Reference value :  4.45694e-08
 Reference value :  4.45794e-08
 Reference value :  4.45902e-08
 Reference value :  4.45945e-08
 Reference value :  4.45948e-08
 Reference value :  4.45974e-08
 Reference value :  4.46033e-08
 Reference value :  4.46102e-08
 Reference value :  4.46188e-08
 Reference value :  4.46307e-08
 Reference value :  4.46435e-08
 Reference value :  4.46566e-08
 Reference value :  4.46713e-08
 Reference value :  4.47031e-08
 Reference value :  4.47294e-08
 Reference value :  4.47656e-08
 Reference value :  4.48135e-08
 Reference value :  4.48930e-08
 Reference value :  4.49530e-08
 Reference value :  4.50330e-08
 Reference value :  4.51130e-08
 Reference value :  4.52130e-08
 Reference value :  4.53130e-08
 Reference value :  4.53930e-08
 Reference value :  4.54730e-08
 Reference value :  4.55443e-08
 Reference value :  4.55559e-08
 Reference value :  4.55566e-08
 Reference value :  4.55610e-08
 Reference value :  4.56323e-08
 Reference value :  4.57523e-08
 Reference value :  4.58723e-08
 Reference value :  4.59523e-08
 Reference value :  4.60723e-08
 Reference value :  4.61923e-08
 Reference value :  4.63123e-08
 Reference value :  4.64323e-08
 Reference value :  4.65123e-08
 Reference value :  4.65723e-08
 Reference value :  4.66323e-08
 Reference value :  4.67123e-08
 Reference value :  4.67923e-08
 Reference value :  4.68723e-08
 Reference value :  4.69523e-08
 Reference value :  4.70247e-08
 Reference value :  4.70373e-08
 Reference value :  4.70382e-08
 Reference value :  4.70402e-08
 Reference value :  4.70559e-08
 Reference value :  4.71138e-08
 Reference value :  4.71938e-08
 Reference value :  4.72538e-08
 Reference value :  4.73138e-08
 Reference value :  4.73738e-08
 Reference value :  4.74538e-08
 Reference value :  4.75338e-08
 Reference value :  4.75938e-08
 Reference value :  4.76738e-08
 Reference value :  4.77738e-08
 Reference value :  4.78738e-08
 Reference value :  4.79738e-08
 Reference value :  4.80738e-08
 Reference value :  4.81482e-08
 Reference value :  4.81487e-08
 Reference value :  4.81522e-08
 Reference value :  4.81615e-08
 Reference value :  4.81708e-08
 Reference value :  4.81790e-08
 Reference value :  4.81860e-08
 Reference value :  4.81973e-08
 Reference value :  4.82094e-08
 Reference value :  4.82209e-08
 Reference value :  4.82270e-08
 Reference value :  4.82359e-08
 Reference value :  4.82415e-08
 Reference value :  4.82467e-08
 Reference value :  4.82551e-08
 Reference value :  4.82696e-08
 Reference value :  4.82831e-08
 Reference value :  4.82960e-08
 Reference value :  4.82982e-08
 Reference value :  4.82996e-08
 Reference value :  4.83070e-08
 Reference value :  4.83165e-08
 Reference value :  4.83298e-08
 Reference value :  4.83472e-08
 Reference value :  4.83603e-08
 Reference value :  4.83750e-08
 Reference value :  4.83928e-08
 Reference value :  4.84147e-08
 Reference value :  4.84559e-08
 Reference value :  4.85172e-08
 Reference value :  4.85967e-08
 Reference value :  4.86767e-08
 Reference value :  4.87567e-08
 Reference value :  4.88767e-08
 Reference value :  4.89767e-08
 Reference value :  4.90767e-08
 Reference value :  4.91367e-08
 Reference value :  4.92167e-08
 Reference value :  4.92593e-08
 Reference value :  4.92603e-08
 Reference value :  4.92613e-08
 Reference value :  4.92691e-08
 Reference value :  4.93360e-08
 Reference value :  4.93960e-08
 Reference value :  4.94560e-08
 Reference value :  4.95160e-08
 Reference value :  4.95960e-08
 Reference value :  4.96760e-08
 Reference value :  4.97560e-08
 Reference value :  4.98360e-08
 Reference value :  4.99360e-08
 Reference value :  5.00360e-08
 Reference value :  5.01560e-08
 Reference value :  5.02760e-08
 Reference value :  5.03960e-08
 Reference value :  5.04960e-08
 Reference value :  5.05960e-08
 Reference value :  5.06960e-08
 Reference value :  5.07408e-08
 Reference value :  5.07420e-08
 Reference value :  5.07506e-08
 Reference value :  5.08175e-08
 Reference value :  5.09175e-08
 Reference value :  5.10375e-08
 Reference value :  5.11175e-08
 Reference value :  5.11775e-08
 Reference value :  5.12375e-08
 Reference value :  5.12975e-08
 Reference value :  5.13975e-08
 Reference value :  5.14975e-08
 Reference value :  5.15575e-08
 Reference value :  5.16175e-08
 Reference value :  5.16775e-08
 Reference value :  5.17575e-08
 Reference value :  5.18519e-08
 Reference value :  5.18519e-08
 Reference value :  5.18521e-08
 Reference value :  5.18540e-08
 Reference value :  5.18580e-08
 Reference value :  5.18626e-08
 Reference value :  5.18711e-08
 Reference value :  5.18827e-08
 Reference value :  5.18897e-08
 Reference value :  5.18969e-08
 Reference value :  5.19093e-08
 Reference value :  5.19209e-08
 Reference value :  5.19278e-08
 Reference value :  5.19335e-08
 Reference value :  5.19425e-08
 Reference value :  5.19476e-08
 Reference value :  5.19529e-08
 Reference value :  5.19589e-08
 Reference value :  5.19656e-08
 Reference value :  5.19768e-08
 Reference value :  5.19835e-08
 Reference value :  5.19938e-08
 Reference value :  5.20019e-08
 Reference value :  5.20019e-08
 Reference value :  5.20026e-08
 Reference value :  5.20067e-08
 Reference value :  5.20129e-08
 Reference value :  5.20202e-08
 Reference value :  5.20297e-08
 Reference value :  5.20425e-08
 Reference value :  5.20595e-08
 Reference value :  5.20787e-08
 Reference value :  5.21032e-08
 Reference value :  5.21368e-08
 Reference value :  5.21876e-08
 Reference value :  5.22604e-08
 Reference value :  5.23404e-08
 Reference value :  5.24204e-08
 Reference value :  5.25204e-08
 Reference value :  5.26204e-08
 Reference value :  5.27004e-08
 Reference value :  5.28004e-08
 Reference value :  5.28604e-08
 Reference value :  5.29517e-08
 Reference value :  5.29633e-08
 Reference value :  5.29640e-08
 Reference value :  5.29661e-08
 Reference value :  5.29818e-08
 Reference value :  5.30597e-08
 Reference value :  5.31397e-08
 Reference value :  5.32397e-08
 Reference value :  5.33197e-08
 Reference value :  5.33797e-08
 Reference value :  5.34597e-08
 Reference value :  5.35197e-08
 Reference value :  5.35997e-08
 Reference value :  5.36597e-08
 Reference value :  5.37197e-08
 Reference value :  5.37797e-08
 Reference value :  5.38397e-08
 Reference value :  5.39197e-08
 Reference value :  5.39997e-08
 Reference value :  5.40797e-08
 Reference value :  5.41597e-08
 Reference value :  5.42597e-08
 Reference value :  5.43597e-08
 Reference value :  5.44444e-08
 Reference value :  5.44455e-08
 Reference value :  5.44499e-08
 Reference value :  5.45212e-08
 Reference value :  5.46212e-08
 Reference value :  5.47212e-08
 Reference value :  5.48212e-08
 Reference value :  5.49412e-08
 Reference value :  5.50612e-08
 Reference value :  5.51612e-08
 Reference value :  5.52812e-08
 Reference value :  5.54012e-08
 Reference value :  5.55212e-08
 Reference value :  5.55556e-08
 Reference value :  5.55561e-08
 Reference value :  5.55596e-08
 Reference value :  5.55663e-08
 Reference value :  5.55748e-08
 Reference value :  5.55864e-08
 Reference value :  5.55934e-08
 Reference value :  5.56047e-08
 Reference value :  5.56168e-08
 Reference value :  5.56283e-08
 Reference value :  5.56344e-08
 Reference value :  5.56402e-08
 Reference value :  5.56462e-08
 Reference value :  5.56513e-08
 Reference value :  5.56595e-08
 Reference value :  5.56693e-08
 Reference value :  5.56805e-08
 Reference value :  5.56905e-08
 Reference value :  5.57013e-08
 Reference value :  5.57056e-08
 Reference value :  5.57059e-08
 Reference value :  5.57104e-08
 Reference value :  5.57188e-08
 Reference value :  5.57299e-08
 Reference value :  5.57462e-08
 Reference value :  5.57632e-08
 Reference value :  5.57824e-08
 Reference value :  5.58069e-08
 Reference value :  5.58405e-08
 Reference value :  5.58913e-08
 Reference value :  5.59641e-08
 Reference value :  5.60441e-08
 Reference value :  5.61041e-08
 Reference value :  5.61841e-08
 Reference value :  5.62641e-08
 Reference value :  5.63641e-08
 Reference value :  5.64641e-08
 Reference value :  5.65841e-08
 Reference value :  5.66667e-08
 Reference value :  5.66677e-08
 Reference value :  5.66698e-08
 Reference value :  5.67034e-08
 Reference value :  5.67834e-08
 Reference value :  5.68434e-08
 Reference value :  5.69234e-08
 Reference value :  5.70034e-08
 Reference value :  5.71034e-08
 Reference value :  5.72034e-08
 Reference value :  5.72834e-08
 Reference value :  5.73634e-08
 Reference value :  5.74434e-08
 Reference value :  5.75434e-08
 Reference value :  5.76634e-08
 Reference value :  5.77434e-08
 Reference value :  5.78434e-08
 Reference value :  5.79434e-08
 Reference value :  5.80234e-08
 Reference value :  5.81358e-08
 Reference value :  5.81492e-08
 Reference value :  5.81536e-08
 Reference value :  5.82249e-08
 Reference value :  5.83449e-08
 Reference value :  5.84649e-08
 Reference value :  5.85192e-08
 Reference value :  5.85206e-08
 Reference value :  5.85553e-08
 Reference value :  5.86753e-08
 Reference value :  5.87753e-08
 Reference value :  5.88553e-08
 Reference value :  5.89353e-08
 Reference value :  5.90353e-08
 Reference value :  5.91553e-08
 Reference value :  5.92473e-08
 Reference value :  5.92593e-08
 Reference value :  5.92600e-08
 Reference value :  5.92667e-08
 Reference value :  5.92741e-08
 Reference value :  5.92843e-08
 Reference value :  5.92923e-08
 Reference value :  5.92994e-08
 Reference value :  5.93106e-08
 Reference value :  5.93180e-08
 Reference value :  5.93299e-08
 Reference value :  5.93369e-08
 Reference value :  5.93428e-08
 Reference value :  5.93488e-08
 Reference value :  5.93541e-08
 Reference value :  5.93593e-08
 Reference value :  5.93681e-08
 Reference value :  5.93786e-08
 Reference value :  5.93850e-08
 Reference value :  5.93985e-08
 Reference value :  5.94093e-08
 Reference value :  5.94105e-08
 Reference value :  5.94154e-08
 Reference value :  5.94241e-08
 Reference value :  5.94358e-08
 Reference value :  5.94526e-08
 Reference value :  5.94697e-08
 Reference value :  5.94895e-08
 Reference value :  5.95081e-08
 Reference value :  5.95312e-08
 Reference value :  5.95753e-08
 Reference value :  5.96403e-08
 Reference value :  5.97203e-08
 Reference value :  5.97803e-08
 Reference value :  5.98603e-08
 Reference value :  5.99603e-08
 Reference value :  6.00603e-08
 Reference value :  6.01403e-08
 Reference value :  6.02003e-08
 Reference value :  6.02803e-08
 Reference value :  6.03803e-08
 Reference value :  6.04603e-08
 Reference value :  6.05203e-08
 Reference value :  6.06003e-08
 Reference value :  6.07003e-08
 Reference value :  6.08003e-08
 Reference value :  6.09203e-08
No. of Data Rows : 4443
m_ui_ref            =  3.70370e-09 targ=  3.71120e-08 trig=  3.34083e-08
m_spa_in            =  1.48148e-08 targ=  4.82231e-08 trig=  3.34083e-08
m_spb_in            =  1.11111e-08 targ=  4.45194e-08 trig=  3.34083e-08
m_spa_c0            =  1.48148e-08 targ=  4.82957e-08 trig=  3.34808e-08
m_spb_c0            =  1.11111e-08 targ=  4.45920e-08 trig=  3.34808e-08
m_trise_c0          =  -7.39840e-09 targ=  2.97587e-08 trig=  3.71571e-08
m_tfall_c0          =  7.46908e-09 targ=  4.09225e-08 trig=  3.34534e-08
m_spa_c1            =  1.48148e-08 targ=  4.83339e-08 trig=  3.35191e-08
m_spb_c1            =  1.11111e-08 targ=  4.46302e-08 trig=  3.35191e-08
m_trise_c1          =  1.31230e-10 targ=  3.73081e-08 trig=  3.71768e-08
m_tfall_c1          =  1.31231e-10 targ=  4.10118e-08 trig=  4.08805e-08
m_spa_mux           =  1.48148e-08 targ=  4.82876e-08 trig=  3.34728e-08
m_spb_mux           =  1.11111e-08 targ=  4.45839e-08 trig=  3.34728e-08
m_spa_c2            =  1.48148e-08 targ=  4.83668e-08 trig=  3.35520e-08
m_spb_c2            =  1.11111e-08 targ=  4.46631e-08 trig=  3.35520e-08
m_trise_c2          =  2.32450e-10 targ=  3.74195e-08 trig=  3.71870e-08
m_tfall_c2          =  2.32450e-10 targ=  4.11232e-08 trig=  4.08908e-08
m_spa_cmis          =  1.48148e-08 targ=  4.83476e-08 trig=  3.35328e-08
m_spb_cmis          =  1.11103e-08 targ=  4.46431e-08 trig=  3.35328e-08
m_dj_ui_c0 = 5.3999995675e-06
m_swing_c0 = 5.0451942390e-01
m_vpp_c0 = 5.2378594798e-01
m_vcm_c0 = 3.0477530804e+00
m_dj_ui_c1 = 5.3999995675e-06
m_swing_c1 = 5.0455942213e-01
m_vpp_c1 = 5.1256346145e-01
m_vcm_c1 = 3.0477348380e+00
m_dj_ui_mux = 5.3999995675e-06
m_dj_ui_drv_c1 = 0.0000000000e+00
m_dj_ui_c2 = 5.3999995675e-06
m_swing_c2 = 5.0447456871e-01
m_vpp_c2 = 5.0910424636e-01
m_vcm_c2 = 3.0477685525e+00
m_dj_ui_cmis = 2.2409998207e-04
m_swing_cmis = 5.0447314865e-01
m_swing_avcclo = 5.0422640085e-01
m_vcm_avcclo = 2.7179016564e+00
m_swing_avcchi = 5.0484011544e-01
m_vcm_avcchi = 3.3775942529e+00
m_vgs_sw_max = 1.6721817652e+00
m_vgd_sw_max = 1.6445901159e+00
m_vds_sw_max = 2.2064082071e+00
m_vgs_tail_max = 1.2686790334e+00
m_vds_tail_max = 1.5065082524e+00
m_vmux_dc = 1.0841059830e+00
m_swing_dc = 5.0322062453e-01
m_vcm_dc = 3.0483885408e+00
m_ioff_dc = 2.2938468076e-08
m_itail_dc = 1.0064458368e-02
m_icell_dc = 1.0564458368e-02
Note: Simulation executed from .control section 

