
Note: Compatibility modes selected: hs a


Circuit: * cml-driver-eye-realmux @ ff_-40c_2.97v_742p5mbps -- generated by sim/harness, do not edit

Doing analysis at TEMP = -40.000000 and TNOM = 27.000000

Using SPARSE 1.3 as Direct Linear Solver

Initial Transient Solution
--------------------------

Node                                   Voltage
----                                   -------
vdd                                       2.97
avcc                                       3.3
avcclo                                    2.97
avcchi                                    3.63
clkp                                     1.782
clkn                                     0.891
d0p                                     2.5245
d0n                                     1.6335
d1p                                     2.5245
d1n                                     1.6335
d0pz                                    2.5245
d0nz                                    1.6335
clkpz                                    1.782
clknz                                    0.891
ckref                                    0.891
win                                          0
winc                                         0
xmux_c0.top                            2.51128
xmux_c0.xrc.11                         2.54564
xmux_c0.xrc.21                         2.93564
mp_c0                                  1.57425
xmux_c0.xrlp.11                        1.60861
xmux_c0.xrlp.21                        2.47692
mn_c0                                  2.51128
xmux_c0.xrln.11                        2.51128
xmux_c0.xrln.21                        2.51128
xmux_c0.ibias                          1.01773
xmux_c0.xrref.11                       1.03576
xmux_c0.xrref.21                       2.95196
xmux_c0.sa                             1.15549
xmux_c0.sb                             1.57425
xmux_c0.tail                          0.638421
outp_c0                                2.79406
xc0.tail                               1.24321
outn_c0                                    3.3
ib_c0                                  1.00454
vd_c0                                 0.505939
xmux_c1.top                            2.51128
xmux_c1.xrc.11                         2.54564
xmux_c1.xrc.21                         2.93564
mp_c1                                  1.57425
xmux_c1.xrlp.11                        1.60861
xmux_c1.xrlp.21                        2.47692
mn_c1                                  2.51128
xmux_c1.xrln.11                        2.51128
xmux_c1.xrln.21                        2.51128
xmux_c1.ibias                          1.01773
xmux_c1.xrref.11                       1.03576
xmux_c1.xrref.21                       2.95196
xmux_c1.sa                             1.15549
xmux_c1.sb                             1.57425
xmux_c1.tail                          0.638421
outp_c1                                2.79406
xc1.tail                               1.24321
outn_c1                                    3.3
ib_c1                                  1.00454
vd_c1                                 0.505939
muxref                                0.937028
xmux_c2.top                            2.51128
xmux_c2.xrc.11                         2.54564
xmux_c2.xrc.21                         2.93564
mp_c2                                  1.57425
xmux_c2.xrlp.11                        1.60861
xmux_c2.xrlp.21                        2.47692
mn_c2                                  2.51128
xmux_c2.xrln.11                        2.51128
xmux_c2.xrln.21                        2.51128
xmux_c2.ibias                          1.01773
xmux_c2.xrref.11                       1.03576
xmux_c2.xrref.21                       2.95196
xmux_c2.sa                             1.15549
xmux_c2.sb                             1.57425
xmux_c2.tail                          0.638421
outp_c2                                2.79406
xc2.tail                               1.24321
outn_c2                                    3.3
ib_c2                                  1.00454
vd_c2                                 0.505939
xmux_cmis.top                          2.51128
xmux_cmis.xrc.11                       2.54564
xmux_cmis.xrc.21                       2.93564
mp_cm                                  1.57425
xmux_cmis.xrlp.11                      1.60861
xmux_cmis.xrlp.21                      2.47692
mn_cm                                  2.51128
xmux_cmis.xrln.11                      2.51128
xmux_cmis.xrln.21                      2.51128
xmux_cmis.ibias                        1.01773
xmux_cmis.xrref.11                     1.03576
xmux_cmis.xrref.21                     2.95196
xmux_cmis.sa                           1.15549
xmux_cmis.sb                           1.57425
xmux_cmis.tail                        0.638421
outp_cmis                              2.79406
xcmis.tail                             1.24321
outn_cmis                                  3.3
ib_cmis                                1.00454
vd_cmis                               0.505939
xmux_vlo.top                           2.51128
xmux_vlo.xrc.11                        2.54564
xmux_vlo.xrc.21                        2.93564
mp_vlo                                 1.57425
xmux_vlo.xrlp.11                       1.60861
xmux_vlo.xrlp.21                       2.47692
mn_vlo                                 2.51128
xmux_vlo.xrln.11                       2.51128
xmux_vlo.xrln.21                       2.51128
xmux_vlo.ibias                         1.01773
xmux_vlo.xrref.11                      1.03576
xmux_vlo.xrref.21                      2.95196
xmux_vlo.sa                            1.15549
xmux_vlo.sb                            1.57425
xmux_vlo.tail                         0.638421
outp_vlo                               2.46444
xvlo.tail                              1.22675
outn_vlo                                  2.97
ib_vlo                                 1.00454
xmux_vhi.top                           2.51128
xmux_vhi.xrc.11                        2.54564
xmux_vhi.xrc.21                        2.93564
mp_vhi                                 1.57425
xmux_vhi.xrlp.11                       1.60861
xmux_vhi.xrlp.21                       2.47692
mn_vhi                                 2.51128
xmux_vhi.xrln.11                       2.51128
xmux_vhi.xrln.21                       2.51128
xmux_vhi.ibias                         1.01773
xmux_vhi.xrref.11                      1.03576
xmux_vhi.xrref.21                      2.95196
xmux_vhi.sa                            1.15549
xmux_vhi.sb                            1.57425
xmux_vhi.tail                         0.638421
outp_vhi                               3.12369
xvhi.tail                              1.25906
outn_vhi                                  3.63
ib_vhi                                 1.00454
xmux_z.top                             2.51128
xmux_z.xrc.11                          2.54564
xmux_z.xrc.21                          2.93564
mp_z                                   1.57425
xmux_z.xrlp.11                         1.60861
xmux_z.xrlp.21                         2.47692
mn_z                                   2.51128
xmux_z.xrln.11                         2.51128
xmux_z.xrln.21                         2.51128
xmux_z.ibias                           1.01773
xmux_z.xrref.11                        1.03576
xmux_z.xrref.21                        2.95196
xmux_z.sa                              1.15549
xmux_z.sb                              2.06331
xmux_z.tail                           0.638421
outp_z                                 2.79406
xz.tail                                1.24321
vss_z                                        0
outn_z                                     3.3
ib_z                                   1.00454
vmuxz                                 0.937028
emuxz#branch                                 0
ediff_cmis#branch                            0
ediff_c2#branch                              0
emuxref#branch                               0
ediff_c1#branch                              0
ediff_c0#branch                              0
eckref#branch                                0
vsens_z#branch                       0.0106188
vwinc#branch                                 0
vwin#branch                                  0
vclknz#branch                                0
vclkpz#branch                                0
vd0nz#branch                                 0
vd0pz#branch                                 0
vd1n#branch                                  0
vd1p#branch                                  0
vd0n#branch                                  0
vd0p#branch                                  0
vclkn#branch                                 0
vclkp#branch                                 0
vavcchi#branch                      -0.0101262
vavcclo#branch                      -0.0101111
vavcc#branch                        -0.0505939
vvdd#branch                         -0.0764903

 Reference value :  0.00000e+00
 Reference value :  1.58254e-09
 Reference value :  3.22714e-09
 Reference value :  4.95431e-09
 Reference value :  6.67993e-09
 Reference value :  8.10546e-09
 Reference value :  9.49887e-09
 Reference value :  1.08954e-08
 Reference value :  1.22189e-08
 Reference value :  1.35582e-08
 Reference value :  1.48634e-08
 Reference value :  1.61659e-08
 Reference value :  1.72811e-08
 Reference value :  1.84092e-08
 Reference value :  1.94760e-08
 Reference value :  2.06071e-08
 Reference value :  2.18663e-08
 Reference value :  2.34723e-08
 Reference value :  2.51995e-08
 Reference value :  2.66452e-08
 Reference value :  2.70923e-08
 Reference value :  2.84857e-08
 Reference value :  3.01032e-08
 Reference value :  3.18703e-08
 Reference value :  3.36360e-08
 Reference value :  3.50489e-08
 Reference value :  3.64320e-08
 Reference value :  3.78471e-08
 Reference value :  3.91687e-08
 Reference value :  4.05272e-08
 Reference value :  4.18837e-08
 Reference value :  4.32453e-08
 Reference value :  4.45813e-08
 Reference value :  4.59308e-08
 Reference value :  4.72806e-08
 Reference value :  4.86274e-08
 Reference value :  4.99769e-08
 Reference value :  5.13087e-08
 Reference value :  5.26549e-08
 Reference value :  5.38905e-08
 Reference value :  5.52373e-08
 Reference value :  5.66268e-08
 Reference value :  5.80090e-08
 Reference value :  5.93983e-08
 Reference value :  6.07628e-08
No. of Data Rows : 6794
m_ui_ref            =  1.34680e-09 targ=  1.35430e-08 trig=  1.21962e-08
m_spa_in            =  5.38721e-09 targ=  1.75834e-08 trig=  1.21962e-08
m_spb_in            =  4.04040e-09 targ=  1.62366e-08 trig=  1.21962e-08
m_spa_c0            =  5.38723e-09 targ=  1.76317e-08 trig=  1.22445e-08
m_spb_c0            =  4.04043e-09 targ=  1.62849e-08 trig=  1.22445e-08
m_trise_c0          =  4.11648e-11 targ=  1.36132e-08 trig=  1.35721e-08
m_tfall_c0          =  4.11791e-11 targ=  1.49601e-08 trig=  1.49189e-08
m_spa_c1            =  5.38723e-09 targ=  1.76672e-08 trig=  1.22800e-08
m_spb_c1            =  4.04043e-09 targ=  1.63204e-08 trig=  1.22800e-08
m_trise_c1          =  1.18459e-10 targ=  1.37078e-08 trig=  1.35893e-08
m_tfall_c1          =  1.18478e-10 targ=  1.50546e-08 trig=  1.49361e-08
m_spa_mux           =  5.38723e-09 targ=  1.76260e-08 trig=  1.22388e-08
m_spb_mux           =  4.04043e-09 targ=  1.62792e-08 trig=  1.22388e-08
m_spa_c2            =  5.38723e-09 targ=  1.76999e-08 trig=  1.23126e-08
m_spb_c2            =  4.04043e-09 targ=  1.63531e-08 trig=  1.23126e-08
m_trise_c2          =  2.21741e-10 targ=  1.38196e-08 trig=  1.35979e-08
m_tfall_c2          =  2.21759e-10 targ=  1.51665e-08 trig=  1.49447e-08
m_spa_cmis          =  5.38723e-09 targ=  1.76800e-08 trig=  1.22927e-08
m_spb_cmis          =  4.04037e-09 targ=  1.63331e-08 trig=  1.22927e-08
m_dj_ui_c0 = 1.6335004207e-05
m_swing_c0 = 5.0825647005e-01
m_vpp_c0 = 5.3627461157e-01
m_vcm_c0 = 3.0459246845e+00
m_dj_ui_c1 = 2.0047505162e-05
m_swing_c1 = 5.0779329324e-01
m_vpp_c1 = 5.1859988516e-01
m_vcm_c1 = 3.0461175652e+00
m_dj_ui_mux = 1.9305004971e-05
m_dj_ui_drv_c1 = 7.4250019143e-07
m_dj_ui_c2 = 1.8562504780e-05
m_swing_c2 = 5.0671100539e-01
m_vpp_c2 = 5.1389781445e-01
m_vcm_c2 = 3.0464863342e+00
m_dj_ui_cmis = 4.3807511280e-05
m_swing_cmis = 5.0671335371e-01
m_swing_avcclo = 5.0740122804e-01
m_vcm_avcclo = 2.7163140061e+00
m_swing_avcchi = 5.0816959231e-01
m_vcm_avcchi = 3.3759291115e+00
m_vgs_sw_max = 1.2742313194e+00
m_vgd_sw_max = 2.0756017093e+00
m_vds_sw_max = 2.4036729571e+00
m_vgs_tail_max = 1.0078619439e+00
m_vds_tail_max = 1.3067683982e+00
m_vmux_dc = 9.3702758818e-01
m_swing_dc = 5.0593872804e-01
m_vcm_dc = 3.0470306240e+00
m_ioff_dc = 2.3957424489e-10
m_itail_dc = 1.0118775040e-02
m_icell_dc = 1.0618775066e-02
Note: Simulation executed from .control section 

Warning: m=xx on .subckt line will override multiplier m hierarchy!

