
Note: Compatibility modes selected: hs a


Circuit: * cml-driver-eye-realmux @ ff_-40c_3.63v_270mbps -- generated by sim/harness, do not edit

Doing analysis at TEMP = -40.000000 and TNOM = 27.000000

Using SPARSE 1.3 as Direct Linear Solver

Initial Transient Solution
--------------------------

Node                                   Voltage
----                                   -------
vdd                                       3.63
avcc                                       3.3
avcclo                                    2.97
avcchi                                    3.63
clkp                                     2.178
clkn                                     1.089
d0p                                     3.0855
d0n                                     1.9965
d1p                                     3.0855
d1n                                     1.9965
d0pz                                    3.0855
d0nz                                    1.9965
clkpz                                    2.178
clknz                                    1.089
ckref                                    1.089
win                                          0
winc                                         0
xmux_c0.top                            3.02056
xmux_c0.xrc.11                         3.06621
xmux_c0.xrc.21                         3.58435
mp_c0                                  1.77569
xmux_c0.xrlp.11                        1.82134
xmux_c0.xrlp.21                        2.97492
mn_c0                                  3.02053
xmux_c0.xrln.11                        3.02053
xmux_c0.xrln.21                        3.02056
xmux_c0.ibias                          1.07892
xmux_c0.xrref.11                       1.10249
xmux_c0.xrref.21                       3.60643
xmux_c0.sa                             1.44007
xmux_c0.sb                             1.77569
xmux_c0.tail                          0.908827
outp_c0                                2.78476
xc0.tail                               1.68182
outn_c0                                    3.3
ib_c0                                  1.00454
vd_c0                                 0.515239
xmux_c1.top                            3.02056
xmux_c1.xrc.11                         3.06621
xmux_c1.xrc.21                         3.58435
mp_c1                                  1.77569
xmux_c1.xrlp.11                        1.82134
xmux_c1.xrlp.21                        2.97492
mn_c1                                  3.02053
xmux_c1.xrln.11                        3.02053
xmux_c1.xrln.21                        3.02056
xmux_c1.ibias                          1.07892
xmux_c1.xrref.11                       1.10249
xmux_c1.xrref.21                       3.60643
xmux_c1.sa                             1.44007
xmux_c1.sb                             1.77569
xmux_c1.tail                          0.908827
outp_c1                                2.78476
xc1.tail                               1.68182
outn_c1                                    3.3
ib_c1                                  1.00454
vd_c1                                 0.515239
muxref                                 1.24484
xmux_c2.top                            3.02056
xmux_c2.xrc.11                         3.06621
xmux_c2.xrc.21                         3.58435
mp_c2                                  1.77569
xmux_c2.xrlp.11                        1.82134
xmux_c2.xrlp.21                        2.97492
mn_c2                                  3.02053
xmux_c2.xrln.11                        3.02053
xmux_c2.xrln.21                        3.02056
xmux_c2.ibias                          1.07892
xmux_c2.xrref.11                       1.10249
xmux_c2.xrref.21                       3.60643
xmux_c2.sa                             1.44007
xmux_c2.sb                             1.77569
xmux_c2.tail                          0.908827
outp_c2                                2.78476
xc2.tail                               1.68182
outn_c2                                    3.3
ib_c2                                  1.00454
vd_c2                                 0.515239
xmux_cmis.top                          3.02056
xmux_cmis.xrc.11                       3.06621
xmux_cmis.xrc.21                       3.58435
mp_cm                                  1.77569
xmux_cmis.xrlp.11                      1.82134
xmux_cmis.xrlp.21                      2.97492
mn_cm                                  3.02053
xmux_cmis.xrln.11                      3.02053
xmux_cmis.xrln.21                      3.02056
xmux_cmis.ibias                        1.07892
xmux_cmis.xrref.11                     1.10249
xmux_cmis.xrref.21                     3.60643
xmux_cmis.sa                           1.44007
xmux_cmis.sb                           1.77569
xmux_cmis.tail                        0.908827
outp_cmis                              2.78476
xcmis.tail                             1.68182
outn_cmis                                  3.3
ib_cmis                                1.00454
vd_cmis                               0.515239
xmux_vlo.top                           3.02056
xmux_vlo.xrc.11                        3.06621
xmux_vlo.xrc.21                        3.58435
mp_vlo                                 1.77569
xmux_vlo.xrlp.11                       1.82134
xmux_vlo.xrlp.21                       2.97492
mn_vlo                                 3.02053
xmux_vlo.xrln.11                       3.02053
xmux_vlo.xrln.21                       3.02056
xmux_vlo.ibias                         1.07892
xmux_vlo.xrref.11                      1.10249
xmux_vlo.xrref.21                      3.60643
xmux_vlo.sa                            1.44007
xmux_vlo.sb                            1.77569
xmux_vlo.tail                         0.908827
outp_vlo                               2.45517
xvlo.tail                              1.66123
outn_vlo                                  2.97
ib_vlo                                 1.00454
xmux_vhi.top                           3.02056
xmux_vhi.xrc.11                        3.06621
xmux_vhi.xrc.21                        3.58435
mp_vhi                                 1.77569
xmux_vhi.xrlp.11                       1.82134
xmux_vhi.xrlp.21                       2.97492
mn_vhi                                 3.02053
xmux_vhi.xrln.11                       3.02053
xmux_vhi.xrln.21                       3.02056
xmux_vhi.ibias                         1.07892
xmux_vhi.xrref.11                      1.10249
xmux_vhi.xrref.21                      3.60643
xmux_vhi.sa                            1.44007
xmux_vhi.sb                            1.77569
xmux_vhi.tail                         0.908827
outp_vhi                                3.1144
xvhi.tail                              1.70025
outn_vhi                                  3.63
ib_vhi                                 1.00454
xmux_z.top                             3.02056
xmux_z.xrc.11                          3.06621
xmux_z.xrc.21                          3.58435
mp_z                                   1.77569
xmux_z.xrlp.11                         1.82134
xmux_z.xrlp.21                         2.97492
mn_z                                   3.02053
xmux_z.xrln.11                         3.02053
xmux_z.xrln.21                         3.02056
xmux_z.ibias                           1.07892
xmux_z.xrref.11                        1.10249
xmux_z.xrref.21                        3.60643
xmux_z.sa                              1.44007
xmux_z.sb                               2.5525
xmux_z.tail                           0.908827
outp_z                                 2.78476
xz.tail                                1.68182
vss_z                                        0
outn_z                                     3.3
ib_z                                   1.00454
vmuxz                                  1.24484
emuxz#branch                                 0
ediff_cmis#branch                            0
ediff_c2#branch                              0
emuxref#branch                               0
ediff_c1#branch                              0
ediff_c0#branch                              0
eckref#branch                                0
vsens_z#branch                       0.0108058
vwinc#branch                                 0
vwin#branch                                  0
vclknz#branch                        4.085e-07
vclkpz#branch                     -2.92125e-06
vd0nz#branch                       8.10649e-07
vd0pz#branch                      -2.79332e-06
vd1n#branch                        2.07769e-06
vd1p#branch                       -1.41222e-05
vd0n#branch                        2.34302e-06
vd0p#branch                       -4.43845e-06
vclkn#branch                       3.58524e-06
vclkp#branch                      -1.75003e-05
vavcchi#branch                       -0.010312
vavcclo#branch                      -0.0102966
vavcc#branch                        -0.0515239
vvdd#branch                           -0.10154

 Reference value :  0.00000e+00
 Reference value :  3.72861e-09
 Reference value :  5.97548e-09
 Reference value :  7.65075e-09
 Reference value :  1.11477e-08
 Reference value :  1.34998e-08
 Reference value :  1.51084e-08
 Reference value :  1.85636e-08
 Reference value :  2.10472e-08
 Reference value :  2.27358e-08
 Reference value :  2.59907e-08
 Reference value :  2.89346e-08
 Reference value :  3.01049e-08
 Reference value :  3.33963e-08
 Reference value :  3.50734e-08
 Reference value :  3.71574e-08
 Reference value :  3.94049e-08
 Reference value :  4.08907e-08
 Reference value :  4.36501e-08
 Reference value :  4.46303e-08
 Reference value :  4.80538e-08
 Reference value :  4.86796e-08
 Reference value :  5.18885e-08
 Reference value :  5.30197e-08
 Reference value :  5.56461e-08
 Reference value :  5.75634e-08
 Reference value :  5.93773e-08
No. of Data Rows : 4590
m_ui_ref            =  3.70370e-09 targ=  3.71120e-08 trig=  3.34083e-08
m_spa_in            =  1.48148e-08 targ=  4.82231e-08 trig=  3.34083e-08
m_spb_in            =  1.11111e-08 targ=  4.45194e-08 trig=  3.34083e-08
m_spa_c0            =  1.48148e-08 targ=  4.82693e-08 trig=  3.34544e-08
m_spb_c0            =  1.11111e-08 targ=  4.45656e-08 trig=  3.34544e-08
m_trise_c0          =  3.33390e-11 targ=  3.71750e-08 trig=  3.71417e-08
m_tfall_c0          =  3.33369e-11 targ=  4.08787e-08 trig=  4.08454e-08
m_spa_c1            =  1.48148e-08 targ=  4.83029e-08 trig=  3.34880e-08
m_spb_c1            =  1.11111e-08 targ=  4.45991e-08 trig=  3.34880e-08
m_trise_c1          =  1.07346e-10 targ=  3.72654e-08 trig=  3.71580e-08
m_tfall_c1          =  1.07345e-10 targ=  4.09691e-08 trig=  4.08617e-08
m_spa_mux           =  1.48148e-08 targ=  4.82635e-08 trig=  3.34486e-08
m_spb_mux           =  1.11111e-08 targ=  4.45598e-08 trig=  3.34486e-08
m_spa_c2            =  1.48148e-08 targ=  4.83348e-08 trig=  3.35199e-08
m_spb_c2            =  1.11111e-08 targ=  4.46311e-08 trig=  3.35199e-08
m_trise_c2          =  2.09472e-10 targ=  3.73756e-08 trig=  3.71661e-08
m_tfall_c2          =  2.09430e-10 targ=  4.10792e-08 trig=  4.08698e-08
m_spa_cmis          =  1.48148e-08 targ=  4.83150e-08 trig=  3.35002e-08
m_spb_cmis          =  1.11114e-08 targ=  4.46116e-08 trig=  3.35002e-08
m_dj_ui_c0 = 2.6999997844e-06
m_swing_c0 = 5.1605231471e-01
m_vpp_c0 = 5.8172798385e-01
m_vcm_c0 = 3.0419795738e+00
m_dj_ui_c1 = 2.6999997835e-06
m_swing_c1 = 5.1611972571e-01
m_vpp_c1 = 5.2998286863e-01
m_vcm_c1 = 3.0419470089e+00
m_dj_ui_mux = 2.6999997844e-06
m_dj_ui_drv_c1 = 2.6999997844e-06
m_dj_ui_c2 = 2.6999997844e-06
m_swing_c2 = 5.1611971758e-01
m_vpp_c2 = 5.2419633263e-01
m_vcm_c2 = 3.0419418322e+00
m_dj_ui_cmis = 7.8299993736e-05
m_swing_cmis = 5.1612100924e-01
m_swing_avcclo = 5.1570514970e-01
m_vcm_avcclo = 2.7121545229e+00
m_swing_avcchi = 5.1648166648e-01
m_vcm_avcchi = 3.3717658722e+00
m_vgs_sw_max = 1.3431044906e+00
m_vgd_sw_max = 1.8765968577e+00
m_vds_sw_max = 2.1021164837e+00
m_vgs_tail_max = 1.0072194931e+00
m_vds_tail_max = 1.7468773307e+00
m_vmux_dc = 1.2448362034e+00
m_swing_dc = 5.1523865695e-01
m_vcm_dc = 3.0423806711e+00
m_ioff_dc = 7.5012440703e-12
m_itail_dc = 1.0304773154e-02
m_icell_dc = 1.0805831857e-02
Note: Simulation executed from .control section 

Warning: m=xx on .subckt line will override multiplier m hierarchy!

Note: Starting dynamic gmin stepping
Warning: Dynamic gmin stepping failed
Note: Starting true gmin stepping
Warning: True gmin stepping failed
Note: Starting source stepping
Warning: source stepping failed
Note: Transient op started
Note: Transient op finished successfully
