
Note: Compatibility modes selected: hs a


Circuit: * cml-driver-eye-realmux @ ff_125c_2.97v_742p5mbps -- generated by sim/harness, do not edit

Doing analysis at TEMP = 125.000000 and TNOM = 27.000000

Using SPARSE 1.3 as Direct Linear Solver

Initial Transient Solution
--------------------------

Node                                   Voltage
----                                   -------
vdd                                       2.97
avcc                                       3.3
avcclo                                    2.97
avcchi                                    3.63
clkp                                     1.782
clkn                                     0.891
d0p                                     2.5245
d0n                                     1.6335
d1p                                     2.5245
d1n                                     1.6335
d0pz                                    2.5245
d0nz                                    1.6335
clkpz                                    1.782
clknz                                    0.891
ckref                                    0.891
win                                          0
winc                                         0
xmux_c0.top                            2.52686
xmux_c0.xrc.11                         2.55399
xmux_c0.xrc.21                         2.94286
mp_c0                                  1.61876
xmux_c0.xrlp.11                        1.64554
xmux_c0.xrlp.21                        2.50008
mn_c0                                  2.51489
xmux_c0.xrln.11                        2.51524
xmux_c0.xrln.21                        2.52651
xmux_c0.ibias                          1.00631
xmux_c0.xrref.11                       1.02074
xmux_c0.xrref.21                       2.95557
xmux_c0.sa                             1.07238
xmux_c0.sb                             1.61844
xmux_c0.tail                          0.595241
outp_c0                                2.79548
xc0.tail                               1.19271
outn_c0                                3.29915
ib_c0                                 0.980829
vd_c0                                  0.50367
xmux_c1.top                            2.52686
xmux_c1.xrc.11                         2.55399
xmux_c1.xrc.21                         2.94286
mp_c1                                  1.61876
xmux_c1.xrlp.11                        1.64554
xmux_c1.xrlp.21                        2.50008
mn_c1                                  2.51489
xmux_c1.xrln.11                        2.51524
xmux_c1.xrln.21                        2.52651
xmux_c1.ibias                          1.00631
xmux_c1.xrref.11                       1.02074
xmux_c1.xrref.21                       2.95557
xmux_c1.sa                             1.07238
xmux_c1.sb                             1.61844
xmux_c1.tail                          0.595241
outp_c1                                2.79548
xc1.tail                               1.19271
outn_c1                                3.29915
ib_c1                                 0.980829
vd_c1                                  0.50367
muxref                                0.896129
xmux_c2.top                            2.52686
xmux_c2.xrc.11                         2.55399
xmux_c2.xrc.21                         2.94286
mp_c2                                  1.61876
xmux_c2.xrlp.11                        1.64554
xmux_c2.xrlp.21                        2.50008
mn_c2                                  2.51489
xmux_c2.xrln.11                        2.51524
xmux_c2.xrln.21                        2.52651
xmux_c2.ibias                          1.00631
xmux_c2.xrref.11                       1.02074
xmux_c2.xrref.21                       2.95557
xmux_c2.sa                             1.07238
xmux_c2.sb                             1.61844
xmux_c2.tail                          0.595241
outp_c2                                2.79548
xc2.tail                               1.19271
outn_c2                                3.29915
ib_c2                                 0.980829
vd_c2                                  0.50367
xmux_cmis.top                          2.52686
xmux_cmis.xrc.11                       2.55399
xmux_cmis.xrc.21                       2.94286
mp_cm                                  1.61876
xmux_cmis.xrlp.11                      1.64554
xmux_cmis.xrlp.21                      2.50008
mn_cm                                  2.51489
xmux_cmis.xrln.11                      2.51524
xmux_cmis.xrln.21                      2.52651
xmux_cmis.ibias                        1.00631
xmux_cmis.xrref.11                     1.02074
xmux_cmis.xrref.21                     2.95557
xmux_cmis.sa                           1.07238
xmux_cmis.sb                           1.61844
xmux_cmis.tail                        0.595241
outp_cmis                              2.79548
xcmis.tail                             1.19271
outn_cmis                              3.29915
ib_cmis                               0.980829
vd_cmis                                0.50367
xmux_vlo.top                           2.52686
xmux_vlo.xrc.11                        2.55399
xmux_vlo.xrc.21                        2.94286
mp_vlo                                 1.61876
xmux_vlo.xrlp.11                       1.64554
xmux_vlo.xrlp.21                       2.50008
mn_vlo                                 2.51489
xmux_vlo.xrln.11                       2.51524
xmux_vlo.xrln.21                       2.52651
xmux_vlo.ibias                         1.00631
xmux_vlo.xrref.11                      1.02074
xmux_vlo.xrref.21                      2.95557
xmux_vlo.sa                            1.07238
xmux_vlo.sb                            1.61844
xmux_vlo.tail                         0.595241
outp_vlo                               2.46599
xvlo.tail                              1.17473
outn_vlo                               2.96905
ib_vlo                                0.980829
xmux_vhi.top                           2.52686
xmux_vhi.xrc.11                        2.55399
xmux_vhi.xrc.21                        2.94286
mp_vhi                                 1.61876
xmux_vhi.xrlp.11                       1.64554
xmux_vhi.xrlp.21                       2.50008
mn_vhi                                 2.51489
xmux_vhi.xrln.11                       2.51524
xmux_vhi.xrln.21                       2.52651
xmux_vhi.ibias                         1.00631
xmux_vhi.xrref.11                      1.02074
xmux_vhi.xrref.21                      2.95557
xmux_vhi.sa                            1.07238
xmux_vhi.sb                            1.61844
xmux_vhi.tail                         0.595241
outp_vhi                               3.12502
xvhi.tail                              1.20955
outn_vhi                               3.62922
ib_vhi                                0.980829
xmux_z.top                             2.52685
xmux_z.xrc.11                          2.55399
xmux_z.xrc.21                          2.94286
mp_z                                    1.6191
xmux_z.xrlp.11                         1.64587
xmux_z.xrlp.21                         2.50008
mn_z                                   2.51453
xmux_z.xrln.11                         2.51489
xmux_z.xrln.21                         2.52649
xmux_z.ibias                           1.00631
xmux_z.xrref.11                        1.02074
xmux_z.xrref.21                        2.95557
xmux_z.sa                              1.07252
xmux_z.sb                              2.00674
xmux_z.tail                            0.59531
outp_z                                 2.79549
xz.tail                                1.19242
vss_z                                        0
outn_z                                 3.29913
ib_z                                  0.980829
vmuxz                                  0.89543
emuxz#branch                                 0
ediff_cmis#branch                            0
ediff_c2#branch                              0
emuxref#branch                               0
ediff_c1#branch                              0
ediff_c0#branch                              0
eckref#branch                                0
vsens_z#branch                       0.0106074
vwinc#branch                                 0
vwin#branch                                  0
vclknz#branch                                0
vclkpz#branch                                0
vd0nz#branch                                 0
vd0pz#branch                                 0
vd1n#branch                                  0
vd1p#branch                                  0
vd0n#branch                                  0
vd0p#branch                                  0
vclkn#branch                                 0
vclkp#branch                                 0
vavcchi#branch                      -0.0101152
vavcclo#branch                      -0.0100993
vavcc#branch                        -0.0505376
vvdd#branch                         -0.0771417

 Reference value :  0.00000e+00
 Reference value :  2.19276e-09
 Reference value :  4.07002e-09
 Reference value :  5.53722e-09
 Reference value :  6.99612e-09
 Reference value :  9.27107e-09
 Reference value :  1.08429e-08
 Reference value :  1.22465e-08
 Reference value :  1.36328e-08
 Reference value :  1.49727e-08
 Reference value :  1.63289e-08
 Reference value :  1.76892e-08
 Reference value :  1.90521e-08
 Reference value :  2.04181e-08
 Reference value :  2.17535e-08
 Reference value :  2.33347e-08
 Reference value :  2.53438e-08
 Reference value :  2.69360e-08
 Reference value :  2.71269e-08
 Reference value :  2.91939e-08
 Reference value :  3.10179e-08
 Reference value :  3.24750e-08
 Reference value :  3.41064e-08
 Reference value :  3.63120e-08
 Reference value :  3.77725e-08
 Reference value :  3.91417e-08
 Reference value :  4.05505e-08
 Reference value :  4.19246e-08
 Reference value :  4.35139e-08
 Reference value :  4.54635e-08
 Reference value :  4.71382e-08
 Reference value :  4.85310e-08
 Reference value :  4.99618e-08
 Reference value :  5.13518e-08
 Reference value :  5.27965e-08
 Reference value :  5.39366e-08
 Reference value :  5.53683e-08
 Reference value :  5.68992e-08
 Reference value :  5.92409e-08
 Reference value :  6.06659e-08
No. of Data Rows : 6272
m_ui_ref            =  1.34680e-09 targ=  1.35430e-08 trig=  1.21962e-08
m_spa_in            =  5.38721e-09 targ=  1.75834e-08 trig=  1.21962e-08
m_spb_in            =  4.04040e-09 targ=  1.62366e-08 trig=  1.21962e-08
m_spa_c0            =  5.38723e-09 targ=  1.76430e-08 trig=  1.22558e-08
m_spb_c0            =  4.04043e-09 targ=  1.62962e-08 trig=  1.22558e-08
m_trise_c0          =  -2.64681e-09 targ=  1.09230e-08 trig=  1.35698e-08
m_tfall_c0          =  2.76466e-09 targ=  1.49877e-08 trig=  1.22230e-08
m_spa_c1            =  5.38722e-09 targ=  1.76819e-08 trig=  1.22946e-08
m_spb_c1            =  4.04042e-09 targ=  1.63351e-08 trig=  1.22946e-08
m_trise_c1          =  1.35317e-10 targ=  1.37266e-08 trig=  1.35913e-08
m_tfall_c1          =  1.35296e-10 targ=  1.50734e-08 trig=  1.49381e-08
m_spa_mux           =  5.38723e-09 targ=  1.76364e-08 trig=  1.22491e-08
m_spb_mux           =  4.04042e-09 targ=  1.62896e-08 trig=  1.22491e-08
m_spa_c2            =  5.38722e-09 targ=  1.77145e-08 trig=  1.23273e-08
m_spb_c2            =  4.04042e-09 targ=  1.63677e-08 trig=  1.23273e-08
m_trise_c2          =  2.33605e-10 targ=  1.38361e-08 trig=  1.36025e-08
m_tfall_c2          =  2.33631e-10 targ=  1.51830e-08 trig=  1.49493e-08
m_spa_cmis          =  5.38722e-09 targ=  1.76955e-08 trig=  1.23082e-08
m_spb_cmis          =  4.03993e-09 targ=  1.63482e-08 trig=  1.23082e-08
m_dj_ui_c0 = 1.7077504398e-05
m_swing_c0 = 5.0480956065e-01
m_vpp_c0 = 5.1542386673e-01
m_vcm_c0 = 3.0467054982e+00
m_dj_ui_c1 = 1.4107503633e-05
m_swing_c1 = 5.0465305141e-01
m_vpp_c1 = 5.0707641219e-01
m_vcm_c1 = 3.0467823931e+00
m_dj_ui_mux = 1.5592504015e-05
m_dj_ui_drv_c1 = 1.4850003829e-06
m_dj_ui_c2 = 1.0395002676e-05
m_swing_c2 = 5.0398091709e-01
m_vpp_c2 = 5.0583084529e-01
m_vcm_c2 = 3.0469213915e+00
m_dj_ui_cmis = 3.6605259426e-04
m_swing_cmis = 5.0397604482e-01
m_swing_avcclo = 5.0399837776e-01
m_vcm_avcclo = 2.7170072288e+00
m_swing_avcchi = 5.0520618670e-01
m_vcm_avcchi = 3.3765779409e+00
m_vgs_sw_max = 1.3163860903e+00
m_vgd_sw_max = 2.0169236916e+00
m_vds_sw_max = 2.4302160241e+00
m_vgs_tail_max = 9.8386793902e-01
m_vds_tail_max = 1.2489041839e+00
m_vmux_dc = 8.9542974173e-01
m_swing_dc = 5.0364020533e-01
m_vcm_dc = 3.0473146621e+00
m_ioff_dc = 1.7304705317e-05
m_itail_dc = 1.0107413517e-02
m_icell_dc = 1.0607413539e-02
Note: Simulation executed from .control section 

Warning: m=xx on .subckt line will override multiplier m hierarchy!

