
Note: Compatibility modes selected: hs a


Circuit: * cml-driver-eye-realmux @ ff_27c_3.63v_270mbps -- generated by sim/harness, do not edit

Doing analysis at TEMP = 27.000000 and TNOM = 27.000000

Using SPARSE 1.3 as Direct Linear Solver

Initial Transient Solution
--------------------------

Node                                   Voltage
----                                   -------
vdd                                       3.63
avcc                                       3.3
avcclo                                    2.97
avcchi                                    3.63
clkp                                     2.178
clkn                                     1.089
d0p                                     3.0855
d0n                                     1.9965
d1p                                     3.0855
d1n                                     1.9965
d0pz                                    3.0855
d0nz                                    1.9965
clkpz                                    2.178
clknz                                    1.089
ckref                                    1.089
win                                          0
winc                                         0
xmux_c0.top                             3.0307
xmux_c0.xrc.11                         3.07232
xmux_c0.xrc.21                         3.58838
mp_c0                                  1.80129
xmux_c0.xrlp.11                        1.84281
xmux_c0.xrlp.21                        2.98918
mn_c0                                  3.02789
xmux_c0.xrln.11                        3.02799
xmux_c0.xrln.21                        3.03061
xmux_c0.ibias                          1.08619
xmux_c0.xrref.11                       1.10774
xmux_c0.xrref.21                       3.60845
xmux_c0.sa                             1.39064
xmux_c0.sb                             1.80129
xmux_c0.tail                          0.876281
outp_c0                                2.78557
xc0.tail                               1.66157
outn_c0                                    3.3
ib_c0                                 0.995812
vd_c0                                  0.51443
xmux_c1.top                             3.0307
xmux_c1.xrc.11                         3.07232
xmux_c1.xrc.21                         3.58838
mp_c1                                  1.80129
xmux_c1.xrlp.11                        1.84281
xmux_c1.xrlp.21                        2.98918
mn_c1                                  3.02789
xmux_c1.xrln.11                        3.02799
xmux_c1.xrln.21                        3.03061
xmux_c1.ibias                          1.08619
xmux_c1.xrref.11                       1.10774
xmux_c1.xrref.21                       3.60845
xmux_c1.sa                             1.39064
xmux_c1.sb                             1.80129
xmux_c1.tail                          0.876281
outp_c1                                2.78557
xc1.tail                               1.66157
outn_c1                                    3.3
ib_c1                                 0.995812
vd_c1                                  0.51443
muxref                                  1.2266
xmux_c2.top                             3.0307
xmux_c2.xrc.11                         3.07232
xmux_c2.xrc.21                         3.58838
mp_c2                                  1.80129
xmux_c2.xrlp.11                        1.84281
xmux_c2.xrlp.21                        2.98918
mn_c2                                  3.02789
xmux_c2.xrln.11                        3.02799
xmux_c2.xrln.21                        3.03061
xmux_c2.ibias                          1.08619
xmux_c2.xrref.11                       1.10774
xmux_c2.xrref.21                       3.60845
xmux_c2.sa                             1.39064
xmux_c2.sb                             1.80129
xmux_c2.tail                          0.876281
outp_c2                                2.78557
xc2.tail                               1.66157
outn_c2                                    3.3
ib_c2                                 0.995812
vd_c2                                  0.51443
xmux_cmis.top                           3.0307
xmux_cmis.xrc.11                       3.07232
xmux_cmis.xrc.21                       3.58838
mp_cm                                  1.80129
xmux_cmis.xrlp.11                      1.84281
xmux_cmis.xrlp.21                      2.98918
mn_cm                                  3.02789
xmux_cmis.xrln.11                      3.02799
xmux_cmis.xrln.21                      3.03061
xmux_cmis.ibias                        1.08619
xmux_cmis.xrref.11                     1.10774
xmux_cmis.xrref.21                     3.60845
xmux_cmis.sa                           1.39064
xmux_cmis.sb                           1.80129
xmux_cmis.tail                        0.876281
outp_cmis                              2.78557
xcmis.tail                             1.66157
outn_cmis                                  3.3
ib_cmis                               0.995812
vd_cmis                                0.51443
xmux_vlo.top                            3.0307
xmux_vlo.xrc.11                        3.07232
xmux_vlo.xrc.21                        3.58838
mp_vlo                                 1.80129
xmux_vlo.xrlp.11                       1.84281
xmux_vlo.xrlp.21                       2.98918
mn_vlo                                 3.02789
xmux_vlo.xrln.11                       3.02799
xmux_vlo.xrln.21                       3.03061
xmux_vlo.ibias                         1.08619
xmux_vlo.xrref.11                      1.10774
xmux_vlo.xrref.21                      3.60845
xmux_vlo.sa                            1.39064
xmux_vlo.sb                            1.80129
xmux_vlo.tail                         0.876281
outp_vlo                               2.45598
xvlo.tail                              1.63922
outn_vlo                                  2.97
ib_vlo                                0.995812
xmux_vhi.top                            3.0307
xmux_vhi.xrc.11                        3.07232
xmux_vhi.xrc.21                        3.58838
mp_vhi                                 1.80129
xmux_vhi.xrlp.11                       1.84281
xmux_vhi.xrlp.21                       2.98918
mn_vhi                                 3.02789
xmux_vhi.xrln.11                       3.02799
xmux_vhi.xrln.21                       3.03061
xmux_vhi.ibias                         1.08619
xmux_vhi.xrref.11                      1.10774
xmux_vhi.xrref.21                      3.60845
xmux_vhi.sa                            1.39064
xmux_vhi.sb                            1.80129
xmux_vhi.tail                         0.876281
outp_vhi                               3.11522
xvhi.tail                              1.68084
outn_vhi                                  3.63
ib_vhi                                0.995812
xmux_z.top                              3.0307
xmux_z.xrc.11                          3.07232
xmux_z.xrc.21                          3.58838
mp_z                                   1.80129
xmux_z.xrlp.11                         1.84281
xmux_z.xrlp.21                         2.98918
mn_z                                   3.02789
xmux_z.xrln.11                         3.02799
xmux_z.xrln.21                         3.03061
xmux_z.ibias                           1.08619
xmux_z.xrref.11                        1.10774
xmux_z.xrref.21                        3.60845
xmux_z.sa                              1.39064
xmux_z.sb                              2.63032
xmux_z.tail                           0.876281
outp_z                                 2.78557
xz.tail                                1.66157
vss_z                                        0
outn_z                                     3.3
ib_z                                  0.995812
vmuxz                                   1.2266
emuxz#branch                                 0
ediff_cmis#branch                            0
ediff_c2#branch                              0
emuxref#branch                               0
ediff_c1#branch                              0
ediff_c0#branch                              0
eckref#branch                                0
vsens_z#branch                       0.0107886
vwinc#branch                                 0
vwin#branch                                  0
vclknz#branch                                0
vclkpz#branch                                0
vd0nz#branch                                 0
vd0pz#branch                                 0
vd1n#branch                                  0
vd1p#branch                                  0
vd0n#branch                                  0
vd0p#branch                                  0
vclkn#branch                                 0
vclkp#branch                                 0
vavcchi#branch                      -0.0102957
vavcclo#branch                      -0.0102803
vavcc#branch                         -0.051443
vvdd#branch                          -0.102056

 Reference value :  0.00000e+00
 Reference value :  3.71671e-09
 Reference value :  6.06502e-09
 Reference value :  7.99659e-09
 Reference value :  1.12127e-08
 Reference value :  1.42553e-08
 Reference value :  1.63823e-08
 Reference value :  1.86898e-08
 Reference value :  2.22389e-08
 Reference value :  2.46514e-08
 Reference value :  2.66500e-08
 Reference value :  2.97539e-08
 Reference value :  3.22654e-08
 Reference value :  3.36069e-08
 Reference value :  3.70866e-08
 Reference value :  3.87249e-08
 Reference value :  4.08783e-08
 Reference value :  4.34701e-08
 Reference value :  4.47595e-08
 Reference value :  4.81771e-08
 Reference value :  4.95360e-08
 Reference value :  5.19612e-08
 Reference value :  5.44451e-08
 Reference value :  5.58068e-08
 Reference value :  5.91553e-08
 Reference value :  6.04268e-08
No. of Data Rows : 4452
m_ui_ref            =  3.70370e-09 targ=  3.71120e-08 trig=  3.34083e-08
m_spa_in            =  1.48148e-08 targ=  4.82231e-08 trig=  3.34083e-08
m_spb_in            =  1.11111e-08 targ=  4.45194e-08 trig=  3.34083e-08
m_spa_c0            =  1.48148e-08 targ=  4.82740e-08 trig=  3.34591e-08
m_spb_c0            =  1.11111e-08 targ=  4.45702e-08 trig=  3.34591e-08
m_trise_c0          =  4.00247e-11 targ=  3.71833e-08 trig=  3.71433e-08
m_tfall_c0          =  4.00100e-11 targ=  4.08870e-08 trig=  4.08470e-08
m_spa_c1            =  1.48148e-08 targ=  4.83086e-08 trig=  3.34938e-08
m_spb_c1            =  1.11111e-08 targ=  4.46049e-08 trig=  3.34938e-08
m_trise_c1          =  1.09183e-10 targ=  3.72702e-08 trig=  3.71610e-08
m_tfall_c1          =  1.09205e-10 targ=  4.09739e-08 trig=  4.08647e-08
m_spa_mux           =  1.48148e-08 targ=  4.82677e-08 trig=  3.34529e-08
m_spb_mux           =  1.11111e-08 targ=  4.45640e-08 trig=  3.34529e-08
m_spa_c2            =  1.48148e-08 targ=  4.83400e-08 trig=  3.35252e-08
m_spb_c2            =  1.11111e-08 targ=  4.46363e-08 trig=  3.35252e-08
m_trise_c2          =  2.10883e-10 targ=  3.73807e-08 trig=  3.71699e-08
m_tfall_c2          =  2.10981e-10 targ=  4.10845e-08 trig=  4.08735e-08
m_spa_cmis          =  1.48148e-08 targ=  4.83207e-08 trig=  3.35059e-08
m_spb_cmis          =  1.11113e-08 targ=  4.46172e-08 trig=  3.35059e-08
m_dj_ui_c0 = 2.6999997844e-06
m_swing_c0 = 5.1529707360e-01
m_vpp_c0 = 5.7425919002e-01
m_vcm_c0 = 3.0423560666e+00
m_dj_ui_c1 = 2.6999997844e-06
m_swing_c1 = 5.1535104999e-01
m_vpp_c1 = 5.2695168580e-01
m_vcm_c1 = 3.0423298408e+00
m_dj_ui_mux = 2.6999997835e-06
m_dj_ui_drv_c1 = 2.6999997844e-06
m_dj_ui_c2 = 5.3999995675e-06
m_swing_c2 = 5.1533403119e-01
m_vpp_c2 = 5.2204180074e-01
m_vcm_c2 = 3.0423344091e+00
m_dj_ui_cmis = 4.8599996112e-05
m_swing_cmis = 5.1533456120e-01
m_swing_avcclo = 5.1492167306e-01
m_vcm_avcclo = 2.7125447099e+00
m_swing_avcchi = 5.1570787039e-01
m_vcm_avcchi = 3.3721512988e+00
m_vgs_sw_max = 1.3680896052e+00
m_vgd_sw_max = 1.8428951407e+00
m_vds_sw_max = 2.1007030603e+00
m_vgs_tail_max = 9.9812573381e-01
m_vds_tail_max = 1.7203217977e+00
m_vmux_dc = 1.2266038236e+00
m_swing_dc = 5.1443013129e-01
m_vcm_dc = 3.0427849336e+00
m_ioff_dc = 1.5783703233e-11
m_itail_dc = 1.0288602657e-02
m_icell_dc = 1.0788602658e-02
Note: Simulation executed from .control section 

Warning: m=xx on .subckt line will override multiplier m hierarchy!

