
Note: Compatibility modes selected: hs a


Circuit: * cml-driver-eye-realmux @ ff_27c_3.30v_742p5mbps -- generated by sim/harness, do not edit

Doing analysis at TEMP = 27.000000 and TNOM = 27.000000

Using SPARSE 1.3 as Direct Linear Solver

Initial Transient Solution
--------------------------

Node                                   Voltage
----                                   -------
vdd                                        3.3
avcc                                       3.3
avcclo                                    2.97
avcchi                                    3.63
clkp                                      1.98
clkn                                      0.99
d0p                                      2.805
d0n                                      1.815
d1p                                      2.805
d1n                                      1.815
d0pz                                     2.805
d0nz                                     1.815
clkpz                                     1.98
clknz                                     0.99
ckref                                     0.99
win                                          0
winc                                         0
xmux_c0.top                            2.77401
xmux_c0.xrc.11                         2.81053
xmux_c0.xrc.21                         3.26347
mp_c0                                  1.69343
xmux_c0.xrlp.11                        1.72993
xmux_c0.xrlp.21                        2.73751
mn_c0                                  2.77308
xmux_c0.xrln.11                        2.77311
xmux_c0.xrln.21                        2.77397
xmux_c0.ibias                          1.05111
xmux_c0.xrref.11                       1.07016
xmux_c0.xrref.21                       3.28095
xmux_c0.sa                             1.26028
xmux_c0.sb                             1.69343
xmux_c0.tail                          0.749784
outp_c0                                2.78974
xc0.tail                               1.44399
outn_c0                                    3.3
ib_c0                                 0.995812
vd_c0                                 0.510258
xmux_c1.top                            2.77401
xmux_c1.xrc.11                         2.81053
xmux_c1.xrc.21                         3.26347
mp_c1                                  1.69343
xmux_c1.xrlp.11                        1.72993
xmux_c1.xrlp.21                        2.73751
mn_c1                                  2.77308
xmux_c1.xrln.11                        2.77311
xmux_c1.xrln.21                        2.77397
xmux_c1.ibias                          1.05111
xmux_c1.xrref.11                       1.07016
xmux_c1.xrref.21                       3.28095
xmux_c1.sa                             1.26028
xmux_c1.sb                             1.69343
xmux_c1.tail                          0.749784
outp_c1                                2.78974
xc1.tail                               1.44399
outn_c1                                    3.3
ib_c1                                 0.995812
vd_c1                                 0.510258
muxref                                 1.07965
xmux_c2.top                            2.77401
xmux_c2.xrc.11                         2.81053
xmux_c2.xrc.21                         3.26347
mp_c2                                  1.69343
xmux_c2.xrlp.11                        1.72993
xmux_c2.xrlp.21                        2.73751
mn_c2                                  2.77308
xmux_c2.xrln.11                        2.77311
xmux_c2.xrln.21                        2.77397
xmux_c2.ibias                          1.05111
xmux_c2.xrref.11                       1.07016
xmux_c2.xrref.21                       3.28095
xmux_c2.sa                             1.26028
xmux_c2.sb                             1.69343
xmux_c2.tail                          0.749784
outp_c2                                2.78974
xc2.tail                               1.44399
outn_c2                                    3.3
ib_c2                                 0.995812
vd_c2                                 0.510258
xmux_cmis.top                          2.77401
xmux_cmis.xrc.11                       2.81053
xmux_cmis.xrc.21                       3.26347
mp_cm                                  1.69343
xmux_cmis.xrlp.11                      1.72993
xmux_cmis.xrlp.21                      2.73751
mn_cm                                  2.77308
xmux_cmis.xrln.11                      2.77311
xmux_cmis.xrln.21                      2.77397
xmux_cmis.ibias                        1.05111
xmux_cmis.xrref.11                     1.07016
xmux_cmis.xrref.21                     3.28095
xmux_cmis.sa                           1.26028
xmux_cmis.sb                           1.69343
xmux_cmis.tail                        0.749784
outp_cmis                              2.78974
xcmis.tail                             1.44399
outn_cmis                                  3.3
ib_cmis                               0.995812
vd_cmis                               0.510258
xmux_vlo.top                           2.77401
xmux_vlo.xrc.11                        2.81053
xmux_vlo.xrc.21                        3.26347
mp_vlo                                 1.69343
xmux_vlo.xrlp.11                       1.72993
xmux_vlo.xrlp.21                       2.73751
mn_vlo                                 2.77308
xmux_vlo.xrln.11                       2.77311
xmux_vlo.xrln.21                       2.77397
xmux_vlo.ibias                         1.05111
xmux_vlo.xrref.11                      1.07016
xmux_vlo.xrref.21                      3.28095
xmux_vlo.sa                            1.26028
xmux_vlo.sb                            1.69343
xmux_vlo.tail                         0.749784
outp_vlo                               2.46012
xvlo.tail                              1.42496
outn_vlo                                  2.97
ib_vlo                                0.995812
xmux_vhi.top                           2.77401
xmux_vhi.xrc.11                        2.81053
xmux_vhi.xrc.21                        3.26347
mp_vhi                                 1.69343
xmux_vhi.xrlp.11                       1.72993
xmux_vhi.xrlp.21                       2.73751
mn_vhi                                 2.77308
xmux_vhi.xrln.11                       2.77311
xmux_vhi.xrln.21                       2.77397
xmux_vhi.ibias                         1.05111
xmux_vhi.xrref.11                      1.07016
xmux_vhi.xrref.21                      3.28095
xmux_vhi.sa                            1.26028
xmux_vhi.sb                            1.69343
xmux_vhi.tail                         0.749784
outp_vhi                               3.11939
xvhi.tail                              1.46157
outn_vhi                                  3.63
ib_vhi                                0.995812
xmux_z.top                             2.77401
xmux_z.xrc.11                          2.81053
xmux_z.xrc.21                          3.26347
mp_z                                   1.69343
xmux_z.xrlp.11                         1.72993
xmux_z.xrlp.21                         2.73751
mn_z                                   2.77308
xmux_z.xrln.11                         2.77311
xmux_z.xrln.21                         2.77397
xmux_z.ibias                           1.05111
xmux_z.xrref.11                        1.07016
xmux_z.xrref.21                        3.28095
xmux_z.sa                              1.26028
xmux_z.sb                              2.33711
xmux_z.tail                           0.749785
outp_z                                 2.78974
xz.tail                                1.44399
vss_z                                        0
outn_z                                     3.3
ib_z                                  0.995812
vmuxz                                  1.07964
emuxz#branch                                 0
ediff_cmis#branch                            0
ediff_c2#branch                              0
emuxref#branch                               0
ediff_c1#branch                              0
ediff_c0#branch                              0
eckref#branch                                0
vsens_z#branch                       0.0107052
vwinc#branch                                 0
vwin#branch                                  0
vclknz#branch                                0
vclkpz#branch                                0
vd0nz#branch                                 0
vd0pz#branch                                 0
vd1n#branch                                  0
vd1p#branch                                  0
vd0n#branch                                  0
vd0p#branch                                  0
vclkn#branch                                 0
vclkp#branch                                 0
vavcchi#branch                      -0.0102122
vavcclo#branch                      -0.0101975
vavcc#branch                        -0.0510258
vvdd#branch                         -0.0896037

 Reference value :  0.00000e+00
 Reference value :  1.85739e-09
 Reference value :  4.02289e-09
 Reference value :  5.44205e-09
 Reference value :  6.88402e-09
 Reference value :  8.30769e-09
 Reference value :  1.02653e-08
 Reference value :  1.15086e-08
 Reference value :  1.30208e-08
 Reference value :  1.39688e-08
 Reference value :  1.52192e-08
 Reference value :  1.64104e-08
 Reference value :  1.76866e-08
 Reference value :  1.90059e-08
 Reference value :  2.03295e-08
 Reference value :  2.16369e-08
 Reference value :  2.29920e-08
 Reference value :  2.43560e-08
 Reference value :  2.57325e-08
 Reference value :  2.69545e-08
 Reference value :  2.82911e-08
 Reference value :  2.97507e-08
 Reference value :  3.11388e-08
 Reference value :  3.27381e-08
 Reference value :  3.46813e-08
 Reference value :  3.63815e-08
 Reference value :  3.78239e-08
 Reference value :  3.91555e-08
 Reference value :  4.05127e-08
 Reference value :  4.18879e-08
 Reference value :  4.32527e-08
 Reference value :  4.46143e-08
 Reference value :  4.60001e-08
 Reference value :  4.74587e-08
 Reference value :  4.88750e-08
 Reference value :  5.03475e-08
 Reference value :  5.19780e-08
 Reference value :  5.34154e-08
 Reference value :  5.40050e-08
 Reference value :  5.53919e-08
 Reference value :  5.72759e-08
 Reference value :  5.92593e-08
 Reference value :  6.06540e-08
No. of Data Rows : 6641
m_ui_ref            =  1.34680e-09 targ=  1.35430e-08 trig=  1.21962e-08
m_spa_in            =  5.38721e-09 targ=  1.75834e-08 trig=  1.21962e-08
m_spb_in            =  4.04040e-09 targ=  1.62366e-08 trig=  1.21962e-08
m_spa_c0            =  5.38723e-09 targ=  1.76350e-08 trig=  1.22477e-08
m_spb_c0            =  4.04042e-09 targ=  1.62882e-08 trig=  1.22477e-08
m_trise_c0          =  4.45504e-11 targ=  1.36178e-08 trig=  1.35732e-08
m_tfall_c0          =  4.45516e-11 targ=  1.49646e-08 trig=  1.49200e-08
m_spa_c1            =  5.38722e-09 targ=  1.76705e-08 trig=  1.22833e-08
m_spb_c1            =  4.04042e-09 targ=  1.63237e-08 trig=  1.22833e-08
m_trise_c1          =  1.14827e-10 targ=  1.37063e-08 trig=  1.35915e-08
m_tfall_c1          =  1.14827e-10 targ=  1.50531e-08 trig=  1.49383e-08
m_spa_mux           =  5.38722e-09 targ=  1.76288e-08 trig=  1.22415e-08
m_spb_mux           =  4.04042e-09 targ=  1.62820e-08 trig=  1.22415e-08
m_spa_c2            =  5.38722e-09 targ=  1.77024e-08 trig=  1.23152e-08
m_spb_c2            =  4.04042e-09 targ=  1.63556e-08 trig=  1.23152e-08
m_trise_c2          =  2.16673e-10 targ=  1.38173e-08 trig=  1.36007e-08
m_tfall_c2          =  2.16357e-10 targ=  1.51638e-08 trig=  1.49475e-08
m_spa_cmis          =  5.38723e-09 targ=  1.76830e-08 trig=  1.22958e-08
m_spb_cmis          =  4.04045e-09 targ=  1.63362e-08 trig=  1.22958e-08
m_dj_ui_c0 = 1.5592504015e-05
m_swing_c0 = 5.1287925158e-01
m_vpp_c0 = 5.5285480983e-01
m_vcm_c0 = 3.0435887486e+00
m_dj_ui_c1 = 1.1880003059e-05
m_swing_c1 = 5.1233465351e-01
m_vpp_c1 = 5.2128438850e-01
m_vcm_c1 = 3.0438447753e+00
m_dj_ui_mux = 1.3365003441e-05
m_dj_ui_drv_c1 = 1.4850003822e-06
m_dj_ui_c2 = 1.0395002677e-05
m_swing_c2 = 5.1114432659e-01
m_vpp_c2 = 5.1716487268e-01
m_vcm_c2 = 3.0442621269e+00
m_dj_ui_cmis = 3.3412508604e-05
m_swing_cmis = 5.1114657410e-01
m_swing_avcclo = 5.1192203966e-01
m_vcm_avcclo = 2.7140514369e+00
m_swing_avcchi = 5.1270324227e-01
m_vcm_avcchi = 3.3736602149e+00
m_vgs_sw_max = 1.3303148457e+00
m_vgd_sw_max = 1.9516730557e+00
m_vds_sw_max = 2.2509593436e+00
m_vgs_tail_max = 9.9833833779e-01
m_vds_tail_max = 1.4977716161e+00
m_vmux_dc = 1.0796445212e+00
m_swing_dc = 5.1025832944e-01
m_vcm_dc = 3.0448707831e+00
m_ioff_dc = 1.0440314657e-09
m_itail_dc = 1.0205168677e-02
m_icell_dc = 1.0705168719e-02
Note: Simulation executed from .control section 

Warning: m=xx on .subckt line will override multiplier m hierarchy!

