
Note: Compatibility modes selected: hs a


Circuit: * cml-driver-eye-realmux @ ff_27c_2.97v_270mbps -- generated by sim/harness, do not edit

Doing analysis at TEMP = 27.000000 and TNOM = 27.000000

Using SPARSE 1.3 as Direct Linear Solver

Initial Transient Solution
--------------------------

Node                                   Voltage
----                                   -------
vdd                                       2.97
avcc                                       3.3
avcclo                                    2.97
avcchi                                    3.63
clkp                                     1.782
clkn                                     0.891
d0p                                     2.5245
d0n                                     1.6335
d1p                                     2.5245
d1n                                     1.6335
d0pz                                    2.5245
d0nz                                    1.6335
clkpz                                    1.782
clknz                                    0.891
ckref                                    0.891
win                                          0
winc                                         0
xmux_c0.top                            2.51702
xmux_c0.xrc.11                         2.54847
xmux_c0.xrc.21                         2.93854
mp_c0                                  1.58607
xmux_c0.xrlp.11                        1.61751
xmux_c0.xrlp.21                        2.48558
mn_c0                                  2.51658
xmux_c0.xrln.11                        2.51659
xmux_c0.xrln.21                          2.517
xmux_c0.ibias                           1.0145
xmux_c0.xrref.11                       1.03106
xmux_c0.xrref.21                       2.95344
xmux_c0.sa                             1.11615
xmux_c0.sb                             1.58607
xmux_c0.tail                          0.622947
outp_c0                                2.79437
xc0.tail                                1.2255
outn_c0                                    3.3
ib_c0                                 0.995812
vd_c0                                 0.505625
xmux_c1.top                            2.51702
xmux_c1.xrc.11                         2.54847
xmux_c1.xrc.21                         2.93854
mp_c1                                  1.58607
xmux_c1.xrlp.11                        1.61751
xmux_c1.xrlp.21                        2.48558
mn_c1                                  2.51658
xmux_c1.xrln.11                        2.51659
xmux_c1.xrln.21                          2.517
xmux_c1.ibias                           1.0145
xmux_c1.xrref.11                       1.03106
xmux_c1.xrref.21                       2.95344
xmux_c1.sa                             1.11615
xmux_c1.sb                             1.58607
xmux_c1.tail                          0.622947
outp_c1                                2.79437
xc1.tail                                1.2255
outn_c1                                    3.3
ib_c1                                 0.995812
vd_c1                                 0.505625
muxref                                0.930502
xmux_c2.top                            2.51702
xmux_c2.xrc.11                         2.54847
xmux_c2.xrc.21                         2.93854
mp_c2                                  1.58607
xmux_c2.xrlp.11                        1.61751
xmux_c2.xrlp.21                        2.48558
mn_c2                                  2.51658
xmux_c2.xrln.11                        2.51659
xmux_c2.xrln.21                          2.517
xmux_c2.ibias                           1.0145
xmux_c2.xrref.11                       1.03106
xmux_c2.xrref.21                       2.95344
xmux_c2.sa                             1.11615
xmux_c2.sb                             1.58607
xmux_c2.tail                          0.622947
outp_c2                                2.79437
xc2.tail                                1.2255
outn_c2                                    3.3
ib_c2                                 0.995812
vd_c2                                 0.505625
xmux_cmis.top                          2.51702
xmux_cmis.xrc.11                       2.54847
xmux_cmis.xrc.21                       2.93854
mp_cm                                  1.58607
xmux_cmis.xrlp.11                      1.61751
xmux_cmis.xrlp.21                      2.48558
mn_cm                                  2.51658
xmux_cmis.xrln.11                      2.51659
xmux_cmis.xrln.21                        2.517
xmux_cmis.ibias                         1.0145
xmux_cmis.xrref.11                     1.03106
xmux_cmis.xrref.21                     2.95344
xmux_cmis.sa                           1.11615
xmux_cmis.sb                           1.58607
xmux_cmis.tail                        0.622947
outp_cmis                              2.79437
xcmis.tail                              1.2255
outn_cmis                                  3.3
ib_cmis                               0.995812
vd_cmis                               0.505625
xmux_vlo.top                           2.51702
xmux_vlo.xrc.11                        2.54847
xmux_vlo.xrc.21                        2.93854
mp_vlo                                 1.58607
xmux_vlo.xrlp.11                       1.61751
xmux_vlo.xrlp.21                       2.48558
mn_vlo                                 2.51658
xmux_vlo.xrln.11                       2.51659
xmux_vlo.xrln.21                         2.517
xmux_vlo.ibias                          1.0145
xmux_vlo.xrref.11                      1.03106
xmux_vlo.xrref.21                      2.95344
xmux_vlo.sa                            1.11615
xmux_vlo.sb                            1.58607
xmux_vlo.tail                         0.622947
outp_vlo                               2.46476
xvlo.tail                              1.20842
outn_vlo                                  2.97
ib_vlo                                0.995812
xmux_vhi.top                           2.51702
xmux_vhi.xrc.11                        2.54847
xmux_vhi.xrc.21                        2.93854
mp_vhi                                 1.58607
xmux_vhi.xrlp.11                       1.61751
xmux_vhi.xrlp.21                       2.48558
mn_vhi                                 2.51658
xmux_vhi.xrln.11                       2.51659
xmux_vhi.xrln.21                         2.517
xmux_vhi.ibias                          1.0145
xmux_vhi.xrref.11                      1.03106
xmux_vhi.xrref.21                      2.95344
xmux_vhi.sa                            1.11615
xmux_vhi.sb                            1.58607
xmux_vhi.tail                         0.622947
outp_vhi                                 3.124
xvhi.tail                              1.24177
outn_vhi                                  3.63
ib_vhi                                0.995812
xmux_z.top                             2.51702
xmux_z.xrc.11                          2.54847
xmux_z.xrc.21                          2.93854
mp_z                                   1.58608
xmux_z.xrlp.11                         1.61752
xmux_z.xrlp.21                         2.48558
mn_z                                   2.51657
xmux_z.xrln.11                         2.51659
xmux_z.xrln.21                           2.517
xmux_z.ibias                            1.0145
xmux_z.xrref.11                        1.03106
xmux_z.xrref.21                        2.95344
xmux_z.sa                              1.11616
xmux_z.sb                              2.04392
xmux_z.tail                           0.622947
outp_z                                 2.79437
xz.tail                                 1.2255
vss_z                                        0
outn_z                                     3.3
ib_z                                  0.995812
vmuxz                                 0.930496
emuxz#branch                                 0
ediff_cmis#branch                            0
ediff_c2#branch                              0
emuxref#branch                               0
ediff_c1#branch                              0
ediff_c0#branch                              0
eckref#branch                                0
vsens_z#branch                       0.0106127
vwinc#branch                                 0
vwin#branch                                  0
vclknz#branch                                0
vclkpz#branch                                0
vd0nz#branch                                 0
vd0pz#branch                                 0
vd1n#branch                                  0
vd1p#branch                                  0
vd0n#branch                                  0
vd0p#branch                                  0
vclkn#branch                                 0
vclkp#branch                                 0
vavcchi#branch                        -0.01012
vavcclo#branch                      -0.0101049
vavcc#branch                        -0.0505633
vvdd#branch                         -0.0772026

 Reference value :  0.00000e+00
 Reference value :  3.71783e-09
 Reference value :  6.07687e-09
 Reference value :  7.96765e-09
 Reference value :  1.11829e-08
 Reference value :  1.42689e-08
 Reference value :  1.62927e-08
 Reference value :  1.86749e-08
 Reference value :  2.22225e-08
 Reference value :  2.42749e-08
 Reference value :  2.61793e-08
 Reference value :  2.96776e-08
 Reference value :  3.16739e-08
 Reference value :  3.35889e-08
 Reference value :  3.70778e-08
 Reference value :  3.87449e-08
 Reference value :  4.09043e-08
 Reference value :  4.40901e-08
 Reference value :  4.55568e-08
 Reference value :  4.82400e-08
 Reference value :  5.07408e-08
 Reference value :  5.22432e-08
 Reference value :  5.55757e-08
 Reference value :  5.73234e-08
 Reference value :  5.94093e-08
No. of Data Rows : 4370
m_ui_ref            =  3.70370e-09 targ=  3.71120e-08 trig=  3.34083e-08
m_spa_in            =  1.48148e-08 targ=  4.82231e-08 trig=  3.34083e-08
m_spb_in            =  1.11111e-08 targ=  4.45194e-08 trig=  3.34083e-08
m_spa_c0            =  1.48148e-08 targ=  4.82769e-08 trig=  3.34620e-08
m_spb_c0            =  1.11111e-08 targ=  4.45732e-08 trig=  3.34620e-08
m_trise_c0          =  5.08987e-11 targ=  3.71931e-08 trig=  3.71422e-08
m_tfall_c0          =  5.08765e-11 targ=  4.08968e-08 trig=  4.08459e-08
m_spa_c1            =  1.48148e-08 targ=  4.83136e-08 trig=  3.34988e-08
m_spb_c1            =  1.11111e-08 targ=  4.46099e-08 trig=  3.34988e-08
m_trise_c1          =  1.22320e-10 targ=  3.72833e-08 trig=  3.71609e-08
m_tfall_c1          =  1.22351e-10 targ=  4.09870e-08 trig=  4.08646e-08
m_spa_mux           =  1.48148e-08 targ=  4.82707e-08 trig=  3.34559e-08
m_spb_mux           =  1.11111e-08 targ=  4.45670e-08 trig=  3.34559e-08
m_spa_c2            =  1.48148e-08 targ=  4.83459e-08 trig=  3.35311e-08
m_spb_c2            =  1.11111e-08 targ=  4.46422e-08 trig=  3.35311e-08
m_trise_c2          =  2.24660e-10 targ=  3.73951e-08 trig=  3.71705e-08
m_tfall_c2          =  2.24598e-10 targ=  4.10988e-08 trig=  4.08742e-08
m_spa_cmis          =  1.48148e-08 targ=  4.83265e-08 trig=  3.35117e-08
m_spb_cmis          =  1.11108e-08 targ=  4.46225e-08 trig=  3.35117e-08
m_dj_ui_c0 = 2.6999997835e-06
m_swing_c0 = 5.0630545184e-01
m_vpp_c0 = 5.2863376911e-01
m_vcm_c0 = 3.0468468386e+00
m_dj_ui_c1 = 5.3999995675e-06
m_swing_c1 = 5.0633738259e-01
m_vpp_c1 = 5.1426123476e-01
m_vcm_c1 = 3.0468315292e+00
m_dj_ui_mux = 2.6999997844e-06
m_dj_ui_drv_c1 = 2.6999997840e-06
m_dj_ui_c2 = 5.3999995684e-06
m_swing_c2 = 5.0629012148e-01
m_vpp_c2 = 5.1093722132e-01
m_vcm_c2 = 3.0468517312e+00
m_dj_ui_cmis = 7.2899994167e-05
m_swing_cmis = 5.0628967245e-01
m_swing_avcclo = 5.0594789632e-01
m_vcm_avcclo = 2.7170256846e+00
m_swing_avcchi = 5.0670516953e-01
m_vcm_avcchi = 3.3766480488e+00
m_vgs_sw_max = 1.2934484207e+00
m_vgd_sw_max = 2.0575091543e+00
m_vds_sw_max = 2.3991576864e+00
m_vgs_tail_max = 9.9890752650e-01
m_vds_tail_max = 1.2880430623e+00
m_vmux_dc = 9.3049641905e-01
m_swing_dc = 5.0562455219e-01
m_vcm_dc = 3.0471834466e+00
m_ioff_dc = 8.5546712398e-08
m_itail_dc = 1.0112662137e-02
m_icell_dc = 1.0612662138e-02
Note: Simulation executed from .control section 

Warning: m=xx on .subckt line will override multiplier m hierarchy!

