
Note: Compatibility modes selected: hs a


Circuit: * cml-driver-eye-realmux @ sf_-40c_2.97v_742p5mbps -- generated by sim/harness, do not edit

Doing analysis at TEMP = -40.000000 and TNOM = 27.000000

Using SPARSE 1.3 as Direct Linear Solver

Initial Transient Solution
--------------------------

Node                                   Voltage
----                                   -------
vdd                                       2.97
avcc                                       3.3
avcclo                                    2.97
avcchi                                    3.63
clkp                                     1.782
clkn                                     0.891
d0p                                     2.5245
d0n                                     1.6335
d1p                                     2.5245
d1n                                     1.6335
d0pz                                    2.5245
d0nz                                    1.6335
clkpz                                    1.782
clknz                                    0.891
ckref                                    0.891
win                                          0
winc                                         0
xmux_c0.top                            2.56781
xmux_c0.xrc.11                         2.59265
xmux_c0.xrc.21                         2.94516
mp_c0                                  1.76523
xmux_c0.xrlp.11                        1.79007
xmux_c0.xrlp.21                        2.54297
mn_c0                                  2.56781
xmux_c0.xrln.11                        2.56781
xmux_c0.xrln.21                        2.56781
xmux_c0.ibias                          1.17513
xmux_c0.xrref.11                       1.18845
xmux_c0.xrref.21                       2.95668
xmux_c0.sa                             1.06581
xmux_c0.sb                             1.76515
xmux_c0.tail                          0.511377
outp_c0                                2.80381
xc0.tail                                  1.06
outn_c0                                3.29997
ib_c0                                  1.22493
vd_c0                                 0.496166
xmux_c1.top                            2.56781
xmux_c1.xrc.11                         2.59265
xmux_c1.xrc.21                         2.94516
mp_c1                                  1.76523
xmux_c1.xrlp.11                        1.79007
xmux_c1.xrlp.21                        2.54297
mn_c1                                  2.56781
xmux_c1.xrln.11                        2.56781
xmux_c1.xrln.21                        2.56781
xmux_c1.ibias                          1.17513
xmux_c1.xrref.11                       1.18845
xmux_c1.xrref.21                       2.95668
xmux_c1.sa                             1.06581
xmux_c1.sb                             1.76515
xmux_c1.tail                          0.511377
outp_c1                                2.80381
xc1.tail                                  1.06
outn_c1                                3.29997
ib_c1                                  1.22493
vd_c1                                 0.496166
muxref                                0.802584
xmux_c2.top                            2.56781
xmux_c2.xrc.11                         2.59265
xmux_c2.xrc.21                         2.94516
mp_c2                                  1.76523
xmux_c2.xrlp.11                        1.79007
xmux_c2.xrlp.21                        2.54297
mn_c2                                  2.56781
xmux_c2.xrln.11                        2.56781
xmux_c2.xrln.21                        2.56781
xmux_c2.ibias                          1.17513
xmux_c2.xrref.11                       1.18845
xmux_c2.xrref.21                       2.95668
xmux_c2.sa                             1.06581
xmux_c2.sb                             1.76515
xmux_c2.tail                          0.511377
outp_c2                                2.80381
xc2.tail                                  1.06
outn_c2                                3.29997
ib_c2                                  1.22493
vd_c2                                 0.496166
xmux_cmis.top                          2.56781
xmux_cmis.xrc.11                       2.59265
xmux_cmis.xrc.21                       2.94516
mp_cm                                  1.76523
xmux_cmis.xrlp.11                      1.79007
xmux_cmis.xrlp.21                      2.54297
mn_cm                                  2.56781
xmux_cmis.xrln.11                      2.56781
xmux_cmis.xrln.21                      2.56781
xmux_cmis.ibias                        1.17513
xmux_cmis.xrref.11                     1.18845
xmux_cmis.xrref.21                     2.95668
xmux_cmis.sa                           1.06581
xmux_cmis.sb                           1.76515
xmux_cmis.tail                        0.511377
outp_cmis                              2.80381
xcmis.tail                                1.06
outn_cmis                              3.29997
ib_cmis                                1.22493
vd_cmis                               0.496166
xmux_vlo.top                           2.56781
xmux_vlo.xrc.11                        2.59265
xmux_vlo.xrc.21                        2.94516
mp_vlo                                 1.76523
xmux_vlo.xrlp.11                       1.79007
xmux_vlo.xrlp.21                       2.54297
mn_vlo                                 2.56781
xmux_vlo.xrln.11                       2.56781
xmux_vlo.xrln.21                       2.56781
xmux_vlo.ibias                         1.17513
xmux_vlo.xrref.11                      1.18845
xmux_vlo.xrref.21                      2.95668
xmux_vlo.sa                            1.06581
xmux_vlo.sb                            1.76515
xmux_vlo.tail                         0.511377
outp_vlo                               2.47414
xvlo.tail                              1.04665
outn_vlo                               2.96997
ib_vlo                                 1.22493
xmux_vhi.top                           2.56781
xmux_vhi.xrc.11                        2.59265
xmux_vhi.xrc.21                        2.94516
mp_vhi                                 1.76523
xmux_vhi.xrlp.11                       1.79007
xmux_vhi.xrlp.21                       2.54297
mn_vhi                                 2.56781
xmux_vhi.xrln.11                       2.56781
xmux_vhi.xrln.21                       2.56781
xmux_vhi.ibias                         1.17513
xmux_vhi.xrref.11                      1.18845
xmux_vhi.xrref.21                      2.95668
xmux_vhi.sa                            1.06581
xmux_vhi.sb                            1.76515
xmux_vhi.tail                         0.511377
outp_vhi                               3.13348
xvhi.tail                              1.07285
outn_vhi                               3.62998
ib_vhi                                 1.22493
xmux_z.top                             2.56781
xmux_z.xrc.11                          2.59265
xmux_z.xrc.21                          2.94516
mp_z                                   1.76523
xmux_z.xrlp.11                         1.79007
xmux_z.xrlp.21                         2.54297
mn_z                                   2.56781
xmux_z.xrln.11                         2.56781
xmux_z.xrln.21                         2.56781
xmux_z.ibias                           1.17513
xmux_z.xrref.11                        1.18845
xmux_z.xrref.21                        2.95668
xmux_z.sa                              1.06581
xmux_z.sb                              1.92122
xmux_z.tail                           0.511377
outp_z                                 2.80381
xz.tail                                   1.06
vss_z                                        0
outn_z                                 3.29997
ib_z                                   1.22493
vmuxz                                 0.802584
emuxz#branch                                 0
ediff_cmis#branch                            0
ediff_c2#branch                              0
emuxref#branch                               0
ediff_c1#branch                              0
ediff_c0#branch                              0
eckref#branch                                0
vsens_z#branch                       0.0104244
vwinc#branch                                 0
vwin#branch                                  0
vclknz#branch                                0
vclkpz#branch                                0
vd0nz#branch                                 0
vd0pz#branch                                 0
vd1n#branch                                  0
vd1p#branch                                  0
vd0n#branch                                  0
vd0p#branch                                  0
vclkn#branch                                 0
vclkp#branch                                 0
vavcchi#branch                     -0.00993093
vavcclo#branch                     -0.00991783
vavcc#branch                        -0.0496218
vvdd#branch                         -0.0553647

 Reference value :  0.00000e+00
 Reference value :  1.56724e-09
 Reference value :  3.05783e-09
 Reference value :  4.55153e-09
 Reference value :  6.38632e-09
 Reference value :  7.96377e-09
 Reference value :  9.45033e-09
 Reference value :  1.08666e-08
 Reference value :  1.22343e-08
 Reference value :  1.36101e-08
 Reference value :  1.49067e-08
 Reference value :  1.62397e-08
 Reference value :  1.75506e-08
 Reference value :  1.89189e-08
 Reference value :  2.02731e-08
 Reference value :  2.16208e-08
 Reference value :  2.29895e-08
 Reference value :  2.43730e-08
 Reference value :  2.57521e-08
 Reference value :  2.70321e-08
 Reference value :  2.84295e-08
 Reference value :  2.97798e-08
 Reference value :  3.11365e-08
 Reference value :  3.25005e-08
 Reference value :  3.38678e-08
 Reference value :  3.53195e-08
 Reference value :  3.68133e-08
 Reference value :  3.81208e-08
 Reference value :  3.96646e-08
 Reference value :  4.11310e-08
 Reference value :  4.26084e-08
 Reference value :  4.41779e-08
 Reference value :  4.57913e-08
 Reference value :  4.71408e-08
 Reference value :  4.84904e-08
 Reference value :  4.98618e-08
 Reference value :  5.12521e-08
 Reference value :  5.26069e-08
 Reference value :  5.38755e-08
 Reference value :  5.52280e-08
 Reference value :  5.66040e-08
 Reference value :  5.79976e-08
 Reference value :  5.93708e-08
 Reference value :  6.07610e-08
No. of Data Rows : 6863
m_ui_ref            =  1.34680e-09 targ=  1.35430e-08 trig=  1.21962e-08
m_spa_in            =  5.38721e-09 targ=  1.75834e-08 trig=  1.21962e-08
m_spb_in            =  4.04040e-09 targ=  1.62366e-08 trig=  1.21962e-08
m_spa_c0            =  5.38725e-09 targ=  1.76457e-08 trig=  1.22585e-08
m_spb_c0            =  4.04045e-09 targ=  1.62989e-08 trig=  1.22585e-08
m_trise_c0          =  -2.65473e-09 targ=  1.09229e-08 trig=  1.35776e-08
m_tfall_c0          =  2.75514e-09 targ=  1.49859e-08 trig=  1.22307e-08
m_spa_c1            =  5.38726e-09 targ=  1.76835e-08 trig=  1.22963e-08
m_spb_c1            =  4.04045e-09 targ=  1.63367e-08 trig=  1.22963e-08
m_trise_c1          =  1.36362e-10 targ=  1.37330e-08 trig=  1.35966e-08
m_tfall_c1          =  1.36466e-10 targ=  1.50798e-08 trig=  1.49434e-08
m_spa_mux           =  5.38725e-09 targ=  1.76388e-08 trig=  1.22516e-08
m_spb_mux           =  4.04045e-09 targ=  1.62920e-08 trig=  1.22516e-08
m_spa_c2            =  5.38724e-09 targ=  1.77164e-08 trig=  1.23292e-08
m_spb_c2            =  4.04043e-09 targ=  1.63696e-08 trig=  1.23292e-08
m_trise_c2          =  2.40489e-10 targ=  1.38469e-08 trig=  1.36065e-08
m_tfall_c2          =  2.40690e-10 targ=  1.51939e-08 trig=  1.49532e-08
m_spa_cmis          =  5.38725e-09 targ=  1.76971e-08 trig=  1.23098e-08
m_spb_cmis          =  4.03969e-09 targ=  1.63495e-08 trig=  1.23098e-08
m_dj_ui_c0 = 3.0442507839e-05
m_swing_c0 = 4.9755141299e-01
m_vpp_c0 = 5.0817233148e-01
m_vcm_c0 = 3.0512757975e+00
m_dj_ui_c1 = 3.7125009560e-05
m_swing_c1 = 4.9742123723e-01
m_vpp_c1 = 5.0184888607e-01
m_vcm_c1 = 3.0512900723e+00
m_dj_ui_mux = 3.1185008031e-05
m_dj_ui_drv_c1 = 5.9400015296e-06
m_dj_ui_c2 = 2.3017505926e-05
m_swing_c2 = 4.9682253004e-01
m_vpp_c2 = 4.9988482064e-01
m_vcm_c2 = 3.0513854776e+00
m_dj_ui_cmis = 5.6133014454e-04
m_swing_cmis = 4.9682285238e-01
m_swing_avcclo = 4.9707851880e-01
m_vcm_avcclo = 2.7214586361e+00
m_swing_avcchi = 4.9776587855e-01
m_vcm_avcchi = 3.3811198668e+00
m_vgs_sw_max = 1.5098329873e+00
m_vgd_sw_max = 1.8870339704e+00
m_vds_sw_max = 2.5712238649e+00
m_vgs_tail_max = 1.2324223805e+00
m_vds_tail_max = 1.1459361960e+00
m_vmux_dc = 8.0258375995e-01
m_swing_dc = 4.9616586080e-01
m_vcm_dc = 3.0518907840e+00
m_ioff_dc = 5.2571115097e-07
m_itail_dc = 9.9243686383e-03
m_icell_dc = 1.0424368640e-02
Note: Simulation executed from .control section 

Warning: m=xx on .subckt line will override multiplier m hierarchy!

