
Note: Compatibility modes selected: hs a


Circuit: * cml-driver-eye-realmux @ sf_125c_3.30v_270mbps -- generated by sim/harness, do not edit

Doing analysis at TEMP = 125.000000 and TNOM = 27.000000

Using SPARSE 1.3 as Direct Linear Solver

Initial Transient Solution
--------------------------

Node                                   Voltage
----                                   -------
vdd                                        3.3
avcc                                       3.3
avcclo                                    2.97
avcchi                                    3.63
clkp                                      1.98
clkn                                      0.99
d0p                                      2.805
d0n                                      1.815
d1p                                      2.805
d1n                                      1.815
d0pz                                     2.805
d0nz                                     1.815
clkpz                                     1.98
clknz                                     0.99
ckref                                     0.99
win                                          0
winc                                         0
xmux_c0.top                            2.83819
xmux_c0.xrc.11                         2.86138
xmux_c0.xrc.21                         3.27681
mp_c0                                  1.90597
xmux_c0.xrlp.11                        1.92913
xmux_c0.xrlp.21                        2.81504
mn_c0                                  2.83674
xmux_c0.xrln.11                        2.83678
xmux_c0.xrln.21                        2.83816
xmux_c0.ibias                          1.19597
xmux_c0.xrref.11                       1.20837
xmux_c0.xrref.21                        3.2876
xmux_c0.sa                             1.17403
xmux_c0.sb                             1.90573
xmux_c0.tail                          0.609843
outp_c0                                2.80257
xc0.tail                                1.2097
outn_c0                                3.29759
ib_c0                                   1.2172
vd_c0                                 0.495025
xmux_c1.top                            2.83819
xmux_c1.xrc.11                         2.86138
xmux_c1.xrc.21                         3.27681
mp_c1                                  1.90597
xmux_c1.xrlp.11                        1.92913
xmux_c1.xrlp.21                        2.81504
mn_c1                                  2.83674
xmux_c1.xrln.11                        2.83678
xmux_c1.xrln.21                        2.83816
xmux_c1.ibias                          1.19597
xmux_c1.xrref.11                       1.20837
xmux_c1.xrref.21                        3.2876
xmux_c1.sa                             1.17403
xmux_c1.sb                             1.90573
xmux_c1.tail                          0.609843
outp_c1                                2.80257
xc1.tail                                1.2097
outn_c1                                3.29759
ib_c1                                   1.2172
vd_c1                                 0.495025
muxref                                0.930769
xmux_c2.top                            2.83819
xmux_c2.xrc.11                         2.86138
xmux_c2.xrc.21                         3.27681
mp_c2                                  1.90597
xmux_c2.xrlp.11                        1.92913
xmux_c2.xrlp.21                        2.81504
mn_c2                                  2.83674
xmux_c2.xrln.11                        2.83678
xmux_c2.xrln.21                        2.83816
xmux_c2.ibias                          1.19597
xmux_c2.xrref.11                       1.20837
xmux_c2.xrref.21                        3.2876
xmux_c2.sa                             1.17403
xmux_c2.sb                             1.90573
xmux_c2.tail                          0.609843
outp_c2                                2.80257
xc2.tail                                1.2097
outn_c2                                3.29759
ib_c2                                   1.2172
vd_c2                                 0.495025
xmux_cmis.top                          2.83819
xmux_cmis.xrc.11                       2.86138
xmux_cmis.xrc.21                       3.27681
mp_cm                                  1.90597
xmux_cmis.xrlp.11                      1.92913
xmux_cmis.xrlp.21                      2.81504
mn_cm                                  2.83674
xmux_cmis.xrln.11                      2.83678
xmux_cmis.xrln.21                      2.83816
xmux_cmis.ibias                        1.19597
xmux_cmis.xrref.11                     1.20837
xmux_cmis.xrref.21                      3.2876
xmux_cmis.sa                           1.17403
xmux_cmis.sb                           1.90573
xmux_cmis.tail                        0.609843
outp_cmis                              2.80257
xcmis.tail                              1.2097
outn_cmis                              3.29759
ib_cmis                                 1.2172
vd_cmis                               0.495025
xmux_vlo.top                           2.83819
xmux_vlo.xrc.11                        2.86138
xmux_vlo.xrc.21                        3.27681
mp_vlo                                 1.90597
xmux_vlo.xrlp.11                       1.92913
xmux_vlo.xrlp.21                       2.81504
mn_vlo                                 2.83674
xmux_vlo.xrln.11                       2.83678
xmux_vlo.xrln.21                       2.83816
xmux_vlo.ibias                         1.19597
xmux_vlo.xrref.11                      1.20837
xmux_vlo.xrref.21                       3.2876
xmux_vlo.sa                            1.17403
xmux_vlo.sb                            1.90573
xmux_vlo.tail                         0.609843
outp_vlo                               2.47318
xvlo.tail                              1.19348
outn_vlo                               2.96734
ib_vlo                                  1.2172
xmux_vhi.top                           2.83819
xmux_vhi.xrc.11                        2.86138
xmux_vhi.xrc.21                        3.27681
mp_vhi                                 1.90597
xmux_vhi.xrlp.11                       1.92913
xmux_vhi.xrlp.21                       2.81504
mn_vhi                                 2.83674
xmux_vhi.xrln.11                       2.83678
xmux_vhi.xrln.21                       2.83816
xmux_vhi.ibias                         1.19597
xmux_vhi.xrref.11                      1.20837
xmux_vhi.xrref.21                       3.2876
xmux_vhi.sa                            1.17403
xmux_vhi.sb                            1.90573
xmux_vhi.tail                         0.609843
outp_vhi                               3.13208
xvhi.tail                              1.22449
outn_vhi                               3.62776
ib_vhi                                  1.2172
xmux_z.top                             2.83819
xmux_z.xrc.11                          2.86138
xmux_z.xrc.21                          3.27681
mp_z                                   1.90602
xmux_z.xrlp.11                         1.92917
xmux_z.xrlp.21                         2.81504
mn_z                                   2.83669
xmux_z.xrln.11                         2.83673
xmux_z.xrln.21                         2.83816
xmux_z.ibias                           1.19597
xmux_z.xrref.11                        1.20837
xmux_z.xrref.21                         3.2876
xmux_z.sa                              1.17404
xmux_z.sb                               2.1789
xmux_z.tail                           0.609847
outp_z                                 2.80257
xz.tail                                1.20966
vss_z                                        0
outn_z                                 3.29759
ib_z                                    1.2172
vmuxz                                 0.930677
emuxz#branch                                 0
ediff_cmis#branch                            0
ediff_c2#branch                              0
emuxref#branch                               0
ediff_c1#branch                              0
ediff_c0#branch                              0
eckref#branch                                0
vsens_z#branch                       0.0104968
vwinc#branch                                 0
vwin#branch                                  0
vclknz#branch                                0
vclkpz#branch                                0
vd0nz#branch                                 0
vd0pz#branch                                 0
vd1n#branch                                  0
vd1p#branch                                  0
vd0n#branch                                  0
vd0p#branch                                  0
vclkn#branch                                 0
vclkp#branch                                 0
vavcchi#branch                      -0.0100032
vavcclo#branch                      -0.0099897
vavcc#branch                        -0.0499839
vvdd#branch                         -0.0659467

 Reference value :  0.00000e+00
 Reference value :  5.21630e-09
 Reference value :  1.05214e-08
 Reference value :  1.49207e-08
 Reference value :  1.87942e-08
 Reference value :  2.45262e-08
 Reference value :  2.95498e-08
 Reference value :  3.34103e-08
 Reference value :  3.72539e-08
 Reference value :  4.08328e-08
 Reference value :  4.33210e-08
 Reference value :  4.49187e-08
 Reference value :  4.81818e-08
 Reference value :  5.02560e-08
 Reference value :  5.20919e-08
 Reference value :  5.55556e-08
 Reference value :  5.71834e-08
 Reference value :  5.94244e-08
No. of Data Rows : 4327
m_ui_ref            =  3.70370e-09 targ=  3.71120e-08 trig=  3.34083e-08
m_spa_in            =  1.48148e-08 targ=  4.82231e-08 trig=  3.34083e-08
m_spb_in            =  1.11111e-08 targ=  4.45194e-08 trig=  3.34083e-08
m_spa_c0            =  1.48148e-08 targ=  4.82979e-08 trig=  3.34831e-08
m_spb_c0            =  1.11111e-08 targ=  4.45942e-08 trig=  3.34831e-08
m_trise_c0          =  -7.33088e-09 targ=  2.98165e-08 trig=  3.71474e-08
m_tfall_c0          =  7.49733e-09 targ=  4.09410e-08 trig=  3.34437e-08
m_spa_c1            =  1.48148e-08 targ=  4.83382e-08 trig=  3.35233e-08
m_spb_c1            =  1.11111e-08 targ=  4.46345e-08 trig=  3.35233e-08
m_trise_c1          =  -7.30959e-09 targ=  2.98597e-08 trig=  3.71693e-08
m_tfall_c1          =  7.56276e-09 targ=  4.10283e-08 trig=  3.34655e-08
m_spa_mux           =  1.48148e-08 targ=  4.82897e-08 trig=  3.34749e-08
m_spb_mux           =  1.11111e-08 targ=  4.45860e-08 trig=  3.34749e-08
m_spa_c2            =  1.48148e-08 targ=  4.83720e-08 trig=  3.35572e-08
m_spb_c2            =  1.11111e-08 targ=  4.46683e-08 trig=  3.35572e-08
m_trise_c2          =  -7.32415e-09 targ=  2.98569e-08 trig=  3.71811e-08
m_tfall_c2          =  7.66087e-09 targ=  4.11383e-08 trig=  3.34774e-08
m_spa_cmis          =  1.48148e-08 targ=  4.83528e-08 trig=  3.35380e-08
m_spb_cmis          =  1.11101e-08 targ=  4.46481e-08 trig=  3.35380e-08
m_dj_ui_c0 = 5.3999995675e-06
m_swing_c0 = 4.9553143616e-01
m_vpp_c0 = 4.9856210679e-01
m_vcm_c0 = 3.0497982679e+00
m_dj_ui_c1 = 5.3999995684e-06
m_swing_c1 = 4.9552423688e-01
m_vpp_c1 = 4.9677768389e-01
m_vcm_c1 = 3.0498028800e+00
m_dj_ui_mux = 2.6999997844e-06
m_dj_ui_drv_c1 = 2.6999997840e-06
m_dj_ui_c2 = 2.6999997844e-06
m_swing_c2 = 4.9543658337e-01
m_vpp_c2 = 4.9618701525e-01
m_vcm_c2 = 3.0498449259e+00
m_dj_ui_cmis = 2.8079997754e-04
m_swing_cmis = 4.9543030872e-01
m_swing_avcclo = 4.9462983343e-01
m_vcm_avcclo = 2.7199920992e+00
m_swing_avcchi = 4.9620540381e-01
m_vcm_avcchi = 3.3796350963e+00
m_vgs_sw_max = 1.6171346196e+00
m_vgd_sw_max = 1.7337023857e+00
m_vds_sw_max = 2.4163791866e+00
m_vgs_tail_max = 1.2249053570e+00
m_vds_tail_max = 1.3052133174e+00
m_vmux_dc = 9.3067668457e-01
m_swing_dc = 4.9501761473e-01
m_vcm_dc = 3.0500808142e+00
m_ioff_dc = 4.8207568026e-05
m_itail_dc = 9.9967674307e-03
m_icell_dc = 1.0496767431e-02
Note: Simulation executed from .control section 

Warning: m=xx on .subckt line will override multiplier m hierarchy!

