
Note: Compatibility modes selected: hs a


Circuit: * cml-driver-eye-realmux @ sf_125c_3.63v_742p5mbps -- generated by sim/harness, do not edit

Doing analysis at TEMP = 125.000000 and TNOM = 27.000000

Using SPARSE 1.3 as Direct Linear Solver

Initial Transient Solution
--------------------------

Node                                   Voltage
----                                   -------
vdd                                       3.63
avcc                                       3.3
avcclo                                    2.97
avcchi                                    3.63
clkp                                     2.178
clkn                                     1.089
d0p                                     3.0855
d0n                                     1.9965
d1p                                     3.0855
d1n                                     1.9965
d0pz                                    3.0855
d0nz                                    1.9965
clkpz                                    2.178
clknz                                    1.089
ckref                                    1.089
win                                          0
winc                                         0
xmux_c0.top                            3.09849
xmux_c0.xrc.11                         3.12518
xmux_c0.xrc.21                         3.60331
mp_c0                                  2.02552
xmux_c0.xrlp.11                        2.05217
xmux_c0.xrlp.21                        3.07184
mn_c0                                  3.09686
xmux_c0.xrln.11                         3.0969
xmux_c0.xrln.21                        3.09845
xmux_c0.ibias                          1.23773
xmux_c0.xrref.11                       1.25183
xmux_c0.xrref.21                        3.6159
xmux_c0.sa                              1.3349
xmux_c0.sb                              2.0255
xmux_c0.tail                          0.729796
outp_c0                                2.79611
xc0.tail                               1.42435
outn_c0                                3.29979
ib_c0                                   1.2172
vd_c0                                 0.503683
xmux_c1.top                            3.09849
xmux_c1.xrc.11                         3.12518
xmux_c1.xrc.21                         3.60331
mp_c1                                  2.02552
xmux_c1.xrlp.11                        2.05217
xmux_c1.xrlp.21                        3.07184
mn_c1                                  3.09686
xmux_c1.xrln.11                         3.0969
xmux_c1.xrln.21                        3.09845
xmux_c1.ibias                          1.23773
xmux_c1.xrref.11                       1.25183
xmux_c1.xrref.21                        3.6159
xmux_c1.sa                              1.3349
xmux_c1.sb                              2.0255
xmux_c1.tail                          0.729796
outp_c1                                2.79611
xc1.tail                               1.42435
outn_c1                                3.29979
ib_c1                                   1.2172
vd_c1                                 0.503683
muxref                                 1.07133
xmux_c2.top                            3.09849
xmux_c2.xrc.11                         3.12518
xmux_c2.xrc.21                         3.60331
mp_c2                                  2.02552
xmux_c2.xrlp.11                        2.05217
xmux_c2.xrlp.21                        3.07184
mn_c2                                  3.09686
xmux_c2.xrln.11                         3.0969
xmux_c2.xrln.21                        3.09845
xmux_c2.ibias                          1.23773
xmux_c2.xrref.11                       1.25183
xmux_c2.xrref.21                        3.6159
xmux_c2.sa                              1.3349
xmux_c2.sb                              2.0255
xmux_c2.tail                          0.729796
outp_c2                                2.79611
xc2.tail                               1.42435
outn_c2                                3.29979
ib_c2                                   1.2172
vd_c2                                 0.503683
xmux_cmis.top                          3.09849
xmux_cmis.xrc.11                       3.12518
xmux_cmis.xrc.21                       3.60331
mp_cm                                  2.02552
xmux_cmis.xrlp.11                      2.05217
xmux_cmis.xrlp.21                      3.07184
mn_cm                                  3.09686
xmux_cmis.xrln.11                       3.0969
xmux_cmis.xrln.21                      3.09845
xmux_cmis.ibias                        1.23773
xmux_cmis.xrref.11                     1.25183
xmux_cmis.xrref.21                      3.6159
xmux_cmis.sa                            1.3349
xmux_cmis.sb                            2.0255
xmux_cmis.tail                        0.729796
outp_cmis                              2.79611
xcmis.tail                             1.42435
outn_cmis                              3.29979
ib_cmis                                 1.2172
vd_cmis                               0.503683
xmux_vlo.top                           3.09849
xmux_vlo.xrc.11                        3.12518
xmux_vlo.xrc.21                        3.60331
mp_vlo                                 2.02552
xmux_vlo.xrlp.11                       2.05217
xmux_vlo.xrlp.21                       3.07184
mn_vlo                                 3.09686
xmux_vlo.xrln.11                        3.0969
xmux_vlo.xrln.21                       3.09845
xmux_vlo.ibias                         1.23773
xmux_vlo.xrref.11                      1.25183
xmux_vlo.xrref.21                       3.6159
xmux_vlo.sa                             1.3349
xmux_vlo.sb                             2.0255
xmux_vlo.tail                         0.729796
outp_vlo                               2.46652
xvlo.tail                              1.40478
outn_vlo                               2.96975
ib_vlo                                  1.2172
xmux_vhi.top                           3.09849
xmux_vhi.xrc.11                        3.12518
xmux_vhi.xrc.21                        3.60331
mp_vhi                                 2.02552
xmux_vhi.xrlp.11                       2.05217
xmux_vhi.xrlp.21                       3.07184
mn_vhi                                 3.09686
xmux_vhi.xrln.11                        3.0969
xmux_vhi.xrln.21                       3.09845
xmux_vhi.ibias                         1.23773
xmux_vhi.xrref.11                      1.25183
xmux_vhi.xrref.21                       3.6159
xmux_vhi.sa                             1.3349
xmux_vhi.sb                             2.0255
xmux_vhi.tail                         0.729796
outp_vhi                               3.12578
xvhi.tail                              1.44098
outn_vhi                               3.62982
ib_vhi                                  1.2172
xmux_z.top                             3.09849
xmux_z.xrc.11                          3.12518
xmux_z.xrc.21                          3.60331
mp_z                                   2.02554
xmux_z.xrlp.11                         2.05219
xmux_z.xrlp.21                         3.07184
mn_z                                   3.09684
xmux_z.xrln.11                         3.09688
xmux_z.xrln.21                         3.09845
xmux_z.ibias                           1.23773
xmux_z.xrref.11                        1.25183
xmux_z.xrref.21                         3.6159
xmux_z.sa                               1.3349
xmux_z.sb                              2.46656
xmux_z.tail                           0.729799
outp_z                                 2.79611
xz.tail                                1.42433
vss_z                                        0
outn_z                                 3.29979
ib_z                                    1.2172
vmuxz                                  1.07129
emuxz#branch                                 0
ediff_cmis#branch                            0
ediff_c2#branch                              0
emuxref#branch                               0
ediff_c1#branch                              0
ediff_c0#branch                              0
eckref#branch                                0
vsens_z#branch                        0.010582
vwinc#branch                                 0
vwin#branch                                  0
vclknz#branch                                0
vclkpz#branch                                0
vd0nz#branch                                 0
vd0pz#branch                                 0
vd1n#branch                                  0
vd1p#branch                                  0
vd0n#branch                                  0
vd0p#branch                                  0
vclkn#branch                                 0
vclkp#branch                                 0
vavcchi#branch                      -0.0100881
vavcclo#branch                      -0.0100747
vavcc#branch                        -0.0504099
vvdd#branch                         -0.0758548

 Reference value :  1.35443e-09
 Reference value :  4.08649e-09
 Reference value :  6.75644e-09
 Reference value :  9.43531e-09
 Reference value :  1.19343e-08
 Reference value :  1.35691e-08
 Reference value :  1.49028e-08
 Reference value :  1.62678e-08
 Reference value :  1.76320e-08
 Reference value :  1.89951e-08
 Reference value :  2.03521e-08
 Reference value :  2.16766e-08
 Reference value :  2.30601e-08
 Reference value :  2.45350e-08
 Reference value :  2.65353e-08
 Reference value :  2.71558e-08
 Reference value :  2.93044e-08
 Reference value :  3.10123e-08
 Reference value :  3.24707e-08
 Reference value :  3.38855e-08
 Reference value :  3.60383e-08
 Reference value :  3.77434e-08
 Reference value :  3.91154e-08
 Reference value :  4.05389e-08
 Reference value :  4.19289e-08
 Reference value :  4.35637e-08
 Reference value :  4.56364e-08
 Reference value :  4.71540e-08
 Reference value :  4.85852e-08
 Reference value :  4.99846e-08
 Reference value :  5.15134e-08
 Reference value :  5.34372e-08
 Reference value :  5.46076e-08
 Reference value :  5.65813e-08
 Reference value :  5.80625e-08
 Reference value :  5.95273e-08
No. of Data Rows : 6463
m_ui_ref            =  1.34680e-09 targ=  1.35430e-08 trig=  1.21962e-08
m_spa_in            =  5.38721e-09 targ=  1.75834e-08 trig=  1.21962e-08
m_spb_in            =  4.04040e-09 targ=  1.62366e-08 trig=  1.21962e-08
m_spa_c0            =  5.38724e-09 targ=  1.76550e-08 trig=  1.22677e-08
m_spb_c0            =  4.04044e-09 targ=  1.63082e-08 trig=  1.22677e-08
m_trise_c0          =  -2.64476e-09 targ=  1.09365e-08 trig=  1.35812e-08
m_tfall_c0          =  2.76779e-09 targ=  1.50021e-08 trig=  1.22344e-08
m_spa_c1            =  5.38724e-09 targ=  1.76943e-08 trig=  1.23071e-08
m_spb_c1            =  4.04044e-09 targ=  1.63475e-08 trig=  1.23071e-08
m_trise_c1          =  -2.66395e-09 targ=  1.09388e-08 trig=  1.36028e-08
m_tfall_c1          =  2.83134e-09 targ=  1.50872e-08 trig=  1.22559e-08
m_spa_mux           =  5.38724e-09 targ=  1.76466e-08 trig=  1.22594e-08
m_spb_mux           =  4.04044e-09 targ=  1.62998e-08 trig=  1.22594e-08
m_spa_c2            =  5.38723e-09 targ=  1.77274e-08 trig=  1.23401e-08
m_spb_c2            =  4.04043e-09 targ=  1.63806e-08 trig=  1.23401e-08
m_trise_c2          =  2.34983e-10 targ=  1.38491e-08 trig=  1.36141e-08
m_tfall_c2          =  2.34922e-10 targ=  1.51958e-08 trig=  1.49609e-08
m_spa_cmis          =  5.38723e-09 targ=  1.77083e-08 trig=  1.23211e-08
m_spb_cmis          =  4.03964e-09 targ=  1.63607e-08 trig=  1.23211e-08
m_dj_ui_c0 = 2.4502506310e-05
m_swing_c0 = 5.0543276682e-01
m_vpp_c0 = 5.1907814998e-01
m_vcm_c0 = 3.0470976676e+00
m_dj_ui_c1 = 2.4502506310e-05
m_swing_c1 = 5.0525785406e-01
m_vpp_c1 = 5.0869034603e-01
m_vcm_c1 = 3.0471766596e+00
m_dj_ui_mux = 2.3760006118e-05
m_dj_ui_drv_c1 = 7.4250019143e-07
m_dj_ui_c2 = 2.2275005736e-05
m_swing_c2 = 5.0453040702e-01
m_vpp_c2 = 5.0700000863e-01
m_vcm_c2 = 3.0473127980e+00
m_dj_ui_cmis = 5.9028765200e-04
m_swing_cmis = 5.0452985500e-01
m_swing_avcclo = 5.0472844240e-01
m_vcm_avcclo = 2.7173974693e+00
m_swing_avcchi = 5.0564473939e-01
m_vcm_avcchi = 3.3770077472e+00
m_vgs_sw_max = 1.6679910479e+00
m_vgd_sw_max = 1.6193342747e+00
m_vds_sw_max = 2.2058752559e+00
m_vgs_tail_max = 1.2223537071e+00
m_vds_tail_max = 1.4916006829e+00
m_vmux_dc = 1.0712921560e+00
m_swing_dc = 5.0368246187e-01
m_vcm_dc = 3.0479507714e+00
m_ioff_dc = 4.1599533332e-06
m_itail_dc = 1.0081969144e-02
m_icell_dc = 1.0581969213e-02
Note: Simulation executed from .control section 

Warning: m=xx on .subckt line will override multiplier m hierarchy!

