
Note: Compatibility modes selected: hs a


Circuit: * cml-driver-eye-realmux @ sf_27c_2.97v_742p5mbps -- generated by sim/harness, do not edit

Doing analysis at TEMP = 27.000000 and TNOM = 27.000000

Using SPARSE 1.3 as Direct Linear Solver

Initial Transient Solution
--------------------------

Node                                   Voltage
----                                   -------
vdd                                       2.97
avcc                                       3.3
avcclo                                    2.97
avcchi                                    3.63
clkp                                     1.782
clkn                                     0.891
d0p                                     2.5245
d0n                                     1.6335
d1p                                     2.5245
d1n                                     1.6335
d0pz                                    2.5245
d0nz                                    1.6335
clkpz                                    1.782
clknz                                    0.891
ckref                                    0.891
win                                          0
winc                                         0
xmux_c0.top                            2.57126
xmux_c0.xrc.11                         2.59404
xmux_c0.xrc.21                         2.94722
mp_c0                                  1.77138
xmux_c0.xrlp.11                        1.79417
xmux_c0.xrlp.21                        2.54848
mn_c0                                  2.57124
xmux_c0.xrln.11                        2.57124
xmux_c0.xrln.21                        2.57126
xmux_c0.ibias                          1.16693
xmux_c0.xrref.11                       1.17919
xmux_c0.xrref.21                       2.95774
xmux_c0.sa                             1.04104
xmux_c0.sb                             1.77078
xmux_c0.tail                          0.504062
outp_c0                                 2.8055
xc0.tail                               1.03307
outn_c0                                3.29885
ib_c0                                  1.22263
vd_c0                                 0.493349
xmux_c1.top                            2.57126
xmux_c1.xrc.11                         2.59404
xmux_c1.xrc.21                         2.94722
mp_c1                                  1.77138
xmux_c1.xrlp.11                        1.79417
xmux_c1.xrlp.21                        2.54848
mn_c1                                  2.57124
xmux_c1.xrln.11                        2.57124
xmux_c1.xrln.21                        2.57126
xmux_c1.ibias                          1.16693
xmux_c1.xrref.11                       1.17919
xmux_c1.xrref.21                       2.95774
xmux_c1.sa                             1.04104
xmux_c1.sb                             1.77078
xmux_c1.tail                          0.504062
outp_c1                                 2.8055
xc1.tail                               1.03307
outn_c1                                3.29885
ib_c1                                  1.22263
vd_c1                                 0.493349
muxref                                0.799854
xmux_c2.top                            2.57126
xmux_c2.xrc.11                         2.59404
xmux_c2.xrc.21                         2.94722
mp_c2                                  1.77138
xmux_c2.xrlp.11                        1.79417
xmux_c2.xrlp.21                        2.54848
mn_c2                                  2.57124
xmux_c2.xrln.11                        2.57124
xmux_c2.xrln.21                        2.57126
xmux_c2.ibias                          1.16693
xmux_c2.xrref.11                       1.17919
xmux_c2.xrref.21                       2.95774
xmux_c2.sa                             1.04104
xmux_c2.sb                             1.77078
xmux_c2.tail                          0.504062
outp_c2                                 2.8055
xc2.tail                               1.03307
outn_c2                                3.29885
ib_c2                                  1.22263
vd_c2                                 0.493349
xmux_cmis.top                          2.57126
xmux_cmis.xrc.11                       2.59404
xmux_cmis.xrc.21                       2.94722
mp_cm                                  1.77138
xmux_cmis.xrlp.11                      1.79417
xmux_cmis.xrlp.21                      2.54848
mn_cm                                  2.57124
xmux_cmis.xrln.11                      2.57124
xmux_cmis.xrln.21                      2.57126
xmux_cmis.ibias                        1.16693
xmux_cmis.xrref.11                     1.17919
xmux_cmis.xrref.21                     2.95774
xmux_cmis.sa                           1.04104
xmux_cmis.sb                           1.77078
xmux_cmis.tail                        0.504062
outp_cmis                               2.8055
xcmis.tail                             1.03307
outn_cmis                              3.29885
ib_cmis                                1.22263
vd_cmis                               0.493349
xmux_vlo.top                           2.57126
xmux_vlo.xrc.11                        2.59404
xmux_vlo.xrc.21                        2.94722
mp_vlo                                 1.77138
xmux_vlo.xrlp.11                       1.79417
xmux_vlo.xrlp.21                       2.54848
mn_vlo                                 2.57124
xmux_vlo.xrln.11                       2.57124
xmux_vlo.xrln.21                       2.57126
xmux_vlo.ibias                         1.16693
xmux_vlo.xrref.11                      1.17919
xmux_vlo.xrref.21                      2.95774
xmux_vlo.sa                            1.04104
xmux_vlo.sb                            1.77078
xmux_vlo.tail                         0.504062
outp_vlo                               2.47595
xvlo.tail                              1.01935
outn_vlo                               2.96874
ib_vlo                                 1.22263
xmux_vhi.top                           2.57126
xmux_vhi.xrc.11                        2.59404
xmux_vhi.xrc.21                        2.94722
mp_vhi                                 1.77138
xmux_vhi.xrlp.11                       1.79417
xmux_vhi.xrlp.21                       2.54848
mn_vhi                                 2.57124
xmux_vhi.xrln.11                       2.57124
xmux_vhi.xrln.21                       2.57126
xmux_vhi.ibias                         1.16693
xmux_vhi.xrref.11                      1.17919
xmux_vhi.xrref.21                      2.95774
xmux_vhi.sa                            1.04104
xmux_vhi.sb                            1.77078
xmux_vhi.tail                         0.504062
outp_vhi                               3.13508
xvhi.tail                              1.04617
outn_vhi                               3.62893
ib_vhi                                 1.22263
xmux_z.top                             2.57126
xmux_z.xrc.11                          2.59404
xmux_z.xrc.21                          2.94722
mp_z                                   1.77138
xmux_z.xrlp.11                         1.79417
xmux_z.xrlp.21                         2.54848
mn_z                                   2.57124
xmux_z.xrln.11                         2.57124
xmux_z.xrln.21                         2.57126
xmux_z.ibias                           1.16693
xmux_z.xrref.11                        1.17919
xmux_z.xrref.21                        2.95774
xmux_z.sa                              1.04104
xmux_z.sb                              1.91385
xmux_z.tail                           0.504062
outp_z                                  2.8055
xz.tail                                1.03307
vss_z                                        0
outn_z                                 3.29885
ib_z                                   1.22263
vmuxz                                 0.799853
emuxz#branch                                 0
ediff_cmis#branch                            0
ediff_c2#branch                              0
emuxref#branch                               0
ediff_c1#branch                              0
ediff_c0#branch                              0
eckref#branch                                0
vsens_z#branch                       0.0104131
vwinc#branch                                 0
vwin#branch                                  0
vclknz#branch                                0
vclkpz#branch                                0
vd0nz#branch                                 0
vd0pz#branch                                 0
vd1n#branch                                  0
vd1p#branch                                  0
vd0n#branch                                  0
vd0p#branch                                  0
vclkn#branch                                 0
vclkp#branch                                 0
vavcchi#branch                     -0.00991983
vavcclo#branch                     -0.00990615
vavcc#branch                        -0.0495654
vvdd#branch                         -0.0559793

 Reference value :  0.00000e+00
 Reference value :  1.93529e-09
 Reference value :  4.05747e-09
 Reference value :  5.47356e-09
 Reference value :  6.89864e-09
 Reference value :  8.46577e-09
 Reference value :  1.07746e-08
 Reference value :  1.21712e-08
 Reference value :  1.36095e-08
 Reference value :  1.49825e-08
 Reference value :  1.63583e-08
 Reference value :  1.79135e-08
 Reference value :  1.94760e-08
 Reference value :  2.07628e-08
 Reference value :  2.24131e-08
 Reference value :  2.42425e-08
 Reference value :  2.56726e-08
 Reference value :  2.69547e-08
 Reference value :  2.83858e-08
 Reference value :  2.97773e-08
 Reference value :  3.11375e-08
 Reference value :  3.27289e-08
 Reference value :  3.44749e-08
 Reference value :  3.63710e-08
 Reference value :  3.77777e-08
 Reference value :  3.91461e-08
 Reference value :  4.05589e-08
 Reference value :  4.19999e-08
 Reference value :  4.38065e-08
 Reference value :  4.57912e-08
 Reference value :  4.71506e-08
 Reference value :  4.85575e-08
 Reference value :  4.99345e-08
 Reference value :  5.13285e-08
 Reference value :  5.27040e-08
 Reference value :  5.39890e-08
 Reference value :  5.53696e-08
 Reference value :  5.67477e-08
 Reference value :  5.83055e-08
 Reference value :  6.02849e-08
No. of Data Rows : 6649
m_ui_ref            =  1.34680e-09 targ=  1.35430e-08 trig=  1.21962e-08
m_spa_in            =  5.38721e-09 targ=  1.75834e-08 trig=  1.21962e-08
m_spb_in            =  4.04040e-09 targ=  1.62366e-08 trig=  1.21962e-08
m_spa_c0            =  5.38725e-09 targ=  1.76520e-08 trig=  1.22647e-08
m_spb_c0            =  4.04045e-09 targ=  1.63052e-08 trig=  1.22647e-08
m_trise_c0          =  -1.21062e-08 targ=  1.46927e-09 trig=  1.35755e-08
m_tfall_c0          =  4.14101e-09 targ=  1.50021e-08 trig=  1.08611e-08
m_spa_c1            =  5.38725e-09 targ=  1.76911e-08 trig=  1.23038e-08
m_spb_c1            =  4.04045e-09 targ=  1.63443e-08 trig=  1.23038e-08
m_trise_c1          =  -2.60548e-09 targ=  1.09909e-08 trig=  1.35964e-08
m_tfall_c1          =  2.84283e-09 targ=  1.50924e-08 trig=  1.22495e-08
m_spa_mux           =  5.38725e-09 targ=  1.76446e-08 trig=  1.22574e-08
m_spb_mux           =  4.04045e-09 targ=  1.62978e-08 trig=  1.22574e-08
m_spa_c2            =  5.38724e-09 targ=  1.77243e-08 trig=  1.23371e-08
m_spb_c2            =  4.04044e-09 targ=  1.63775e-08 trig=  1.23371e-08
m_trise_c2          =  -2.62954e-09 targ=  1.09780e-08 trig=  1.36075e-08
m_tfall_c2          =  2.94404e-09 targ=  1.52048e-08 trig=  1.22607e-08
m_spa_cmis          =  5.38724e-09 targ=  1.77053e-08 trig=  1.23180e-08
m_spb_cmis          =  4.03945e-09 targ=  1.63575e-08 trig=  1.23180e-08
m_dj_ui_c0 = 3.4897508986e-05
m_swing_c0 = 4.9430922565e-01
m_vpp_c0 = 4.9766234660e-01
m_vcm_c0 = 3.0517823172e+00
m_dj_ui_c1 = 3.5640009178e-05
m_swing_c1 = 4.9422732701e-01
m_vpp_c1 = 4.9557772443e-01
m_vcm_c1 = 3.0517860024e+00
m_dj_ui_mux = 3.4897508986e-05
m_dj_ui_drv_c1 = 1.4850003822e-06
m_dj_ui_c2 = 2.8957507457e-05
m_swing_c2 = 4.9364909022e-01
m_vpp_c2 = 4.9483876842e-01
m_vcm_c2 = 3.0518460898e+00
m_dj_ui_cmis = 7.4027269062e-04
m_swing_cmis = 4.9364036535e-01
m_swing_avcclo = 4.9366154314e-01
m_vcm_avcclo = 2.7219692055e+00
m_swing_avcchi = 4.9473335095e-01
m_vcm_avcchi = 3.3816081232e+00
m_vgs_sw_max = 1.5303057648e+00
m_vgd_sw_max = 1.8742432321e+00
m_vds_sw_max = 2.5959706724e+00
m_vgs_tail_max = 1.2311967171e+00
m_vds_tail_max = 1.1287966333e+00
m_vmux_dc = 7.9985254435e-01
m_swing_dc = 4.9334880788e-01
m_vcm_dc = 3.0521730713e+00
m_ioff_dc = 2.3050495415e-05
m_itail_dc = 9.9130771485e-03
m_icell_dc = 1.0413077157e-02
Note: Simulation executed from .control section 

Warning: m=xx on .subckt line will override multiplier m hierarchy!

