
Note: Compatibility modes selected: hs a


Circuit: * cml-driver-eye-realmux @ sf_27c_3.63v_270mbps -- generated by sim/harness, do not edit

Doing analysis at TEMP = 27.000000 and TNOM = 27.000000

Using SPARSE 1.3 as Direct Linear Solver

Initial Transient Solution
--------------------------

Node                                   Voltage
----                                   -------
vdd                                       3.63
avcc                                       3.3
avcclo                                    2.97
avcchi                                    3.63
clkp                                     2.178
clkn                                     1.089
d0p                                     3.0855
d0n                                     1.9965
d1p                                     3.0855
d1n                                     1.9965
d0pz                                    3.0855
d0nz                                    1.9965
clkpz                                    2.178
clknz                                    1.089
ckref                                    1.089
win                                          0
winc                                         0
xmux_c0.top                            3.08808
xmux_c0.xrc.11                         3.11905
xmux_c0.xrc.21                         3.59903
mp_c0                                  2.00098
xmux_c0.xrlp.11                        2.03194
xmux_c0.xrlp.21                        3.05712
mn_c0                                  3.08808
xmux_c0.xrln.11                        3.08808
xmux_c0.xrln.21                        3.08808
xmux_c0.ibias                          1.23831
xmux_c0.xrref.11                       1.25457
xmux_c0.xrref.21                       3.61374
xmux_c0.sa                             1.39757
xmux_c0.sb                             2.00098
xmux_c0.tail                          0.762894
outp_c0                                2.79514
xc0.tail                               1.46903
outn_c0                                    3.3
ib_c0                                  1.22263
vd_c0                                 0.504855
xmux_c1.top                            3.08808
xmux_c1.xrc.11                         3.11905
xmux_c1.xrc.21                         3.59903
mp_c1                                  2.00098
xmux_c1.xrlp.11                        2.03194
xmux_c1.xrlp.21                        3.05712
mn_c1                                  3.08808
xmux_c1.xrln.11                        3.08808
xmux_c1.xrln.21                        3.08808
xmux_c1.ibias                          1.23831
xmux_c1.xrref.11                       1.25457
xmux_c1.xrref.21                       3.61374
xmux_c1.sa                             1.39757
xmux_c1.sb                             2.00098
xmux_c1.tail                          0.762894
outp_c1                                2.79514
xc1.tail                               1.46903
outn_c1                                    3.3
ib_c1                                  1.22263
vd_c1                                 0.504855
muxref                                  1.0871
xmux_c2.top                            3.08808
xmux_c2.xrc.11                         3.11905
xmux_c2.xrc.21                         3.59903
mp_c2                                  2.00098
xmux_c2.xrlp.11                        2.03194
xmux_c2.xrlp.21                        3.05712
mn_c2                                  3.08808
xmux_c2.xrln.11                        3.08808
xmux_c2.xrln.21                        3.08808
xmux_c2.ibias                          1.23831
xmux_c2.xrref.11                       1.25457
xmux_c2.xrref.21                       3.61374
xmux_c2.sa                             1.39757
xmux_c2.sb                             2.00098
xmux_c2.tail                          0.762894
outp_c2                                2.79514
xc2.tail                               1.46903
outn_c2                                    3.3
ib_c2                                  1.22263
vd_c2                                 0.504855
xmux_cmis.top                          3.08808
xmux_cmis.xrc.11                       3.11905
xmux_cmis.xrc.21                       3.59903
mp_cm                                  2.00098
xmux_cmis.xrlp.11                      2.03194
xmux_cmis.xrlp.21                      3.05712
mn_cm                                  3.08808
xmux_cmis.xrln.11                      3.08808
xmux_cmis.xrln.21                      3.08808
xmux_cmis.ibias                        1.23831
xmux_cmis.xrref.11                     1.25457
xmux_cmis.xrref.21                     3.61374
xmux_cmis.sa                           1.39757
xmux_cmis.sb                           2.00098
xmux_cmis.tail                        0.762894
outp_cmis                              2.79514
xcmis.tail                             1.46903
outn_cmis                                  3.3
ib_cmis                                1.22263
vd_cmis                               0.504855
xmux_vlo.top                           3.08808
xmux_vlo.xrc.11                        3.11905
xmux_vlo.xrc.21                        3.59903
mp_vlo                                 2.00098
xmux_vlo.xrlp.11                       2.03194
xmux_vlo.xrlp.21                       3.05712
mn_vlo                                 3.08808
xmux_vlo.xrln.11                       3.08808
xmux_vlo.xrln.21                       3.08808
xmux_vlo.ibias                         1.23831
xmux_vlo.xrref.11                      1.25457
xmux_vlo.xrref.21                      3.61374
xmux_vlo.sa                            1.39757
xmux_vlo.sb                            2.00098
xmux_vlo.tail                         0.762894
outp_vlo                               2.46547
xvlo.tail                              1.45145
outn_vlo                                  2.97
ib_vlo                                 1.22263
xmux_vhi.top                           3.08808
xmux_vhi.xrc.11                        3.11905
xmux_vhi.xrc.21                        3.59903
mp_vhi                                 2.00098
xmux_vhi.xrlp.11                       2.03194
xmux_vhi.xrlp.21                       3.05712
mn_vhi                                 3.08808
xmux_vhi.xrln.11                       3.08808
xmux_vhi.xrln.21                       3.08808
xmux_vhi.ibias                         1.23831
xmux_vhi.xrref.11                      1.25457
xmux_vhi.xrref.21                      3.61374
xmux_vhi.sa                            1.39757
xmux_vhi.sb                            2.00098
xmux_vhi.tail                         0.762894
outp_vhi                               3.12486
xvhi.tail                              1.48466
outn_vhi                                  3.63
ib_vhi                                 1.22263
xmux_z.top                             3.08808
xmux_z.xrc.11                          3.11905
xmux_z.xrc.21                          3.59903
mp_z                                   2.00098
xmux_z.xrlp.11                         2.03194
xmux_z.xrlp.21                         3.05712
mn_z                                   3.08808
xmux_z.xrln.11                         3.08808
xmux_z.xrln.21                         3.08808
xmux_z.ibias                           1.23831
xmux_z.xrref.11                        1.25457
xmux_z.xrref.21                        3.61374
xmux_z.sa                              1.39757
xmux_z.sb                              2.50821
xmux_z.tail                           0.762894
outp_z                                 2.79514
xz.tail                                1.46903
vss_z                                        0
outn_z                                     3.3
ib_z                                   1.22263
vmuxz                                   1.0871
emuxz#branch                                 0
ediff_cmis#branch                            0
ediff_c2#branch                              0
emuxref#branch                               0
ediff_c1#branch                              0
ediff_c0#branch                              0
eckref#branch                                0
vsens_z#branch                       0.0105971
vwinc#branch                                 0
vwin#branch                                  0
vclknz#branch                                0
vclkpz#branch                                0
vd0nz#branch                                 0
vd0pz#branch                                 0
vd1n#branch                                  0
vd1p#branch                                  0
vd0n#branch                                  0
vd0p#branch                                  0
vclkn#branch                                 0
vclkp#branch                                 0
vavcchi#branch                      -0.0101029
vavcclo#branch                      -0.0100906
vavcc#branch                        -0.0504856
vvdd#branch                         -0.0759885

 Reference value :  0.00000e+00
 Reference value :  3.71441e-09
 Reference value :  5.88842e-09
 Reference value :  7.66839e-09
 Reference value :  1.11644e-08
 Reference value :  1.36546e-08
 Reference value :  1.53391e-08
 Reference value :  1.85998e-08
 Reference value :  2.15819e-08
 Reference value :  2.33064e-08
 Reference value :  2.60764e-08
 Reference value :  2.96296e-08
 Reference value :  3.11580e-08
 Reference value :  3.34970e-08
 Reference value :  3.70442e-08
 Reference value :  3.84849e-08
 Reference value :  4.08842e-08
 Reference value :  4.37901e-08
 Reference value :  4.53483e-08
 Reference value :  4.82341e-08
 Reference value :  5.05160e-08
 Reference value :  5.20611e-08
 Reference value :  5.55556e-08
 Reference value :  5.68234e-08
 Reference value :  5.93582e-08
No. of Data Rows : 4442
m_ui_ref            =  3.70370e-09 targ=  3.71120e-08 trig=  3.34083e-08
m_spa_in            =  1.48148e-08 targ=  4.82231e-08 trig=  3.34083e-08
m_spb_in            =  1.11111e-08 targ=  4.45194e-08 trig=  3.34083e-08
m_spa_c0            =  1.48148e-08 targ=  4.82874e-08 trig=  3.34726e-08
m_spb_c0            =  1.11111e-08 targ=  4.45837e-08 trig=  3.34726e-08
m_trise_c0          =  5.47015e-11 targ=  3.72064e-08 trig=  3.71517e-08
m_tfall_c0          =  5.46790e-11 targ=  4.09100e-08 trig=  4.08554e-08
m_spa_c1            =  1.48148e-08 targ=  4.83250e-08 trig=  3.35101e-08
m_spb_c1            =  1.11111e-08 targ=  4.46213e-08 trig=  3.35101e-08
m_trise_c1          =  1.26212e-10 targ=  3.72969e-08 trig=  3.71707e-08
m_tfall_c1          =  1.26224e-10 targ=  4.10006e-08 trig=  4.08744e-08
m_spa_mux           =  1.48148e-08 targ=  4.82798e-08 trig=  3.34650e-08
m_spb_mux           =  1.11111e-08 targ=  4.45761e-08 trig=  3.34650e-08
m_spa_c2            =  1.48148e-08 targ=  4.83576e-08 trig=  3.35428e-08
m_spb_c2            =  1.11111e-08 targ=  4.46539e-08 trig=  3.35428e-08
m_trise_c2          =  2.28210e-10 targ=  3.74087e-08 trig=  3.71804e-08
m_tfall_c2          =  2.28163e-10 targ=  4.11123e-08 trig=  4.08842e-08
m_spa_cmis          =  1.48148e-08 targ=  4.83383e-08 trig=  3.35234e-08
m_spb_cmis          =  1.11106e-08 targ=  4.46340e-08 trig=  3.35234e-08
m_dj_ui_c0 = 2.6999997835e-06
m_swing_c0 = 5.0596560806e-01
m_vpp_c0 = 5.2940708687e-01
m_vcm_c0 = 3.0470268759e+00
m_dj_ui_c1 = 5.3999995675e-06
m_swing_c1 = 5.0600528761e-01
m_vpp_c1 = 5.1572893717e-01
m_vcm_c1 = 3.0470084529e+00
m_dj_ui_mux = 2.6999997844e-06
m_dj_ui_drv_c1 = 2.6999997840e-06
m_dj_ui_c2 = 2.6999997835e-06
m_swing_c2 = 5.0593874374e-01
m_vpp_c2 = 5.1164487581e-01
m_vcm_c2 = 3.0470346432e+00
m_dj_ui_cmis = 1.4309998855e-04
m_swing_cmis = 5.0593823590e-01
m_swing_avcclo = 5.0566539980e-01
m_vcm_avcclo = 2.7171786976e+00
m_swing_avcchi = 5.0629259264e-01
m_vcm_avcchi = 3.3768645780e+00
m_vgs_sw_max = 1.6263920701e+00
m_vgd_sw_max = 1.6521066904e+00
m_vds_sw_max = 2.1624864453e+00
m_vgs_tail_max = 1.2276804627e+00
m_vds_tail_max = 1.5438702904e+00
m_vmux_dc = 1.0870958038e+00
m_swing_dc = 5.0485464811e-01
m_vcm_dc = 3.0475721420e+00
m_ioff_dc = 1.0679454210e-08
m_itail_dc = 1.0097114321e-02
m_icell_dc = 1.0597114321e-02
Note: Simulation executed from .control section 

Warning: m=xx on .subckt line will override multiplier m hierarchy!

