
Note: No compatibility mode selected!


Circuit: * cml-driver-eye @ ff_-40c_3.30v_742p5mbps -- generated by sim/harness, do not edit

Doing analysis at TEMP = -40.000000 and TNOM = 27.000000

Using SPARSE 1.3 as Direct Linear Solver

Initial Transient Solution
--------------------------

Node                                   Voltage
----                                   -------
avcc                                       3.3
avcclo                                    2.97
avcchi                                    3.63
inp                                      2.805
inn                                      1.815
inpz                                     2.805
innz                                     1.815
inref                                     0.99
win                                          0
winc                                         0
outp_c0                                2.78853
xc0.tail                               1.49589
outn_c0                                    3.3
ib_c0                                  1.00454
vd_c0                                 0.511474
outp_c1                                2.78853
xc1.tail                               1.49589
outn_c1                                    3.3
ib_c1                                  1.00454
vd_c1                                 0.511474
outp_c2                                2.78853
xc2.tail                               1.49589
outn_c2                                    3.3
ib_c2                                  1.00454
vd_c2                                 0.511474
outp_cmis                              2.78853
xcmis.tail                             1.49589
outn_cmis                                  3.3
ib_cmis                                1.00454
vd_cmis                               0.511474
outp_vlo                               2.45891
xvlo.tail                              1.47753
outn_vlo                                  2.97
ib_vlo                                 1.00454
outp_vhi                               3.11817
xvhi.tail                              1.51308
outn_vhi                                  3.63
ib_vhi                                 1.00454
outp_z                                 2.78853
xz.tail                                1.49589
vss_z                                        0
outn_z                                     3.3
ib_z                                   1.00454
outp_za                                    2.6
xza.tail                                1.4856
outn_za                                    3.3
ib_za                                  1.00454
outp_zb                                      3
xzb.tail                                 1.507
outn_zb                                    3.3
ib_zb                                  1.00454
ediff_cmis#branch                            0
ediff_c2#branch                              0
ediff_c1#branch                              0
ediff_c0#branch                              0
einref#branch                                0
vforce_zb#branch                    -0.0102341
vforce_za#branch                    -0.0102252
vsens_z#branch                       0.0107295
vwinc#branch                                 0
vwin#branch                                  0
vinnz#branch                                 0
vinpz#branch                                 0
vinn#branch                                  0
vinp#branch                                  0
vavcchi#branch                      -0.0102366
vavcclo#branch                      -0.0102218
vavcc#branch                        -0.0511474

 Reference value :  0.00000e+00
 Reference value :  6.40560e-09
 Reference value :  1.21258e-08
 Reference value :  1.29037e-08
 Reference value :  1.29837e-08
 Reference value :  1.30637e-08
 Reference value :  1.35312e-08
 Reference value :  1.46875e-08
 Reference value :  1.48321e-08
 Reference value :  1.61772e-08
 Reference value :  1.75991e-08
 Reference value :  2.14525e-08
 Reference value :  3.06328e-08
 Reference value :  3.63222e-08
 Reference value :  3.91387e-08
 Reference value :  4.17539e-08
 Reference value :  4.79634e-08
 Reference value :  5.65973e-08
 Reference value :  6.06625e-08
No. of Data Rows : 4730
m_ui_ref            =  1.34680e-09 targ=  1.35080e-08 trig=  1.21612e-08
m_spa_in            =  5.38721e-09 targ=  1.75484e-08 trig=  1.21612e-08
m_spb_in            =  4.04040e-09 targ=  1.62016e-08 trig=  1.21612e-08
m_spa_c0            =  5.38721e-09 targ=  1.75537e-08 trig=  1.21665e-08
m_spb_c0            =  4.04040e-09 targ=  1.62069e-08 trig=  1.21665e-08
m_trise_c0          =  4.11761e-11 targ=  1.35300e-08 trig=  1.34889e-08
m_tfall_c0          =  4.11639e-11 targ=  1.48768e-08 trig=  1.48357e-08
m_spa_c1            =  5.38721e-09 targ=  1.75853e-08 trig=  1.21981e-08
m_spb_c1            =  4.04041e-09 targ=  1.62385e-08 trig=  1.21981e-08
m_trise_c1          =  1.08776e-10 targ=  1.36186e-08 trig=  1.35099e-08
m_tfall_c1          =  1.08759e-10 targ=  1.49654e-08 trig=  1.48567e-08
m_spa_c2            =  5.38721e-09 targ=  1.76155e-08 trig=  1.22283e-08
m_spb_c2            =  4.04041e-09 targ=  1.62687e-08 trig=  1.22283e-08
m_trise_c2          =  2.10811e-10 targ=  1.37295e-08 trig=  1.35187e-08
m_tfall_c2          =  2.10831e-10 targ=  1.50763e-08 trig=  1.48655e-08
m_spa_cmis          =  5.38721e-09 targ=  1.75952e-08 trig=  1.22080e-08
m_spb_cmis          =  4.04215e-09 targ=  1.62502e-08 trig=  1.22080e-08
m_dj_ui_c0 = 7.4250019082e-07
m_swing_c0 = 5.1386679026e-01
m_vpp_c0 = 6.5541419422e-01
m_vcm_c0 = 3.0430665920e+00
m_dj_ui_c1 = 1.4850003829e-06
m_swing_c1 = 5.1354930758e-01
m_vpp_c1 = 5.1910149831e-01
m_vcm_c1 = 3.0432253149e+00
m_dj_ui_c2 = 2.2275005737e-06
m_swing_c2 = 5.1190294616e-01
m_vpp_c2 = 5.1513531401e-01
m_vcm_c2 = 3.0439716094e+00
m_dj_ui_cmis = 1.2956628336e-03
m_swing_cmis = 5.1190291652e-01
m_swing_avcclo = 5.1311384263e-01
m_vcm_avcclo = 2.7134430454e+00
m_swing_avcchi = 5.1393941187e-01
m_vcm_avcchi = 3.3730302644e+00
m_vgs_sw_max = 1.3722657254e+00
m_vgd_sw_max = 1.8149999958e+00
m_vds_sw_max = 2.3155946065e+00
m_vgs_tail_max = 1.0066540705e+00
m_vds_tail_max = 1.5129903776e+00
m_swing_dc = 5.1147412782e-01
m_vcm_dc = 3.0442629341e+00
m_ioff_dc = 3.9563055054e-11
m_itail_dc = 1.0229482636e-02
m_icell_dc = 1.0729482636e-02
m_ro_leg = 4.4840022561e+04
Note: Simulation executed from .control section 

