
Note: No compatibility mode selected!


Circuit: * cml-driver-eye @ ff_-40c_3.30v_270mbps -- generated by sim/harness, do not edit

Doing analysis at TEMP = -40.000000 and TNOM = 27.000000

Using SPARSE 1.3 as Direct Linear Solver

Initial Transient Solution
--------------------------

Node                                   Voltage
----                                   -------
avcc                                       3.3
avcclo                                    2.97
avcchi                                    3.63
inp                                      2.805
inn                                      1.815
inpz                                     2.805
innz                                     1.815
inref                                     0.99
win                                          0
winc                                         0
outp_c0                                2.78853
xc0.tail                               1.49589
outn_c0                                    3.3
ib_c0                                  1.00454
vd_c0                                 0.511474
outp_c1                                2.78853
xc1.tail                               1.49589
outn_c1                                    3.3
ib_c1                                  1.00454
vd_c1                                 0.511474
outp_c2                                2.78853
xc2.tail                               1.49589
outn_c2                                    3.3
ib_c2                                  1.00454
vd_c2                                 0.511474
outp_cmis                              2.78853
xcmis.tail                             1.49589
outn_cmis                                  3.3
ib_cmis                                1.00454
vd_cmis                               0.511474
outp_vlo                               2.45891
xvlo.tail                              1.47753
outn_vlo                                  2.97
ib_vlo                                 1.00454
outp_vhi                               3.11817
xvhi.tail                              1.51308
outn_vhi                                  3.63
ib_vhi                                 1.00454
outp_z                                 2.78853
xz.tail                                1.49589
vss_z                                        0
outn_z                                     3.3
ib_z                                   1.00454
outp_za                                    2.6
xza.tail                                1.4856
outn_za                                    3.3
ib_za                                  1.00454
outp_zb                                      3
xzb.tail                                 1.507
outn_zb                                    3.3
ib_zb                                  1.00454
ediff_cmis#branch                            0
ediff_c2#branch                              0
ediff_c1#branch                              0
ediff_c0#branch                              0
einref#branch                                0
vforce_zb#branch                    -0.0102341
vforce_za#branch                    -0.0102252
vsens_z#branch                       0.0107295
vwinc#branch                                 0
vwin#branch                                  0
vinnz#branch                                 0
vinpz#branch                                 0
vinn#branch                                  0
vinp#branch                                  0
vavcchi#branch                      -0.0102366
vavcclo#branch                      -0.0102218
vavcc#branch                        -0.0511474

 Reference value :  9.40560e-09
 Reference value :  2.10056e-08
 Reference value :  3.22056e-08
 Reference value :  3.80545e-08
 Reference value :  4.45334e-08
 Reference value :  5.13575e-08
 Reference value :  5.62591e-08
No. of Data Rows : 3794
m_ui_ref            =  3.70370e-09 targ=  3.70770e-08 trig=  3.33733e-08
m_spa_in            =  1.48148e-08 targ=  4.81881e-08 trig=  3.33733e-08
m_spb_in            =  1.11111e-08 targ=  4.44844e-08 trig=  3.33733e-08
m_spa_c0            =  1.48148e-08 targ=  4.81935e-08 trig=  3.33787e-08
m_spb_c0            =  1.11111e-08 targ=  4.44898e-08 trig=  3.33787e-08
m_trise_c0          =  4.12077e-11 targ=  3.70991e-08 trig=  3.70579e-08
m_tfall_c0          =  4.11952e-11 targ=  4.08028e-08 trig=  4.07616e-08
m_spa_c1            =  1.48148e-08 targ=  4.82250e-08 trig=  3.34102e-08
m_spb_c1            =  1.11111e-08 targ=  4.45213e-08 trig=  3.34102e-08
m_trise_c1          =  1.08793e-10 targ=  3.71877e-08 trig=  3.70789e-08
m_tfall_c1          =  1.08800e-10 targ=  4.08914e-08 trig=  4.07826e-08
m_spa_c2            =  1.48148e-08 targ=  4.82553e-08 trig=  3.34404e-08
m_spb_c2            =  1.11111e-08 targ=  4.45515e-08 trig=  3.34404e-08
m_trise_c2          =  2.10923e-10 targ=  3.72987e-08 trig=  3.70877e-08
m_tfall_c2          =  2.10877e-10 targ=  4.10023e-08 trig=  4.07914e-08
m_spa_cmis          =  1.48148e-08 targ=  4.82350e-08 trig=  3.34201e-08
m_spb_cmis          =  1.11129e-08 targ=  4.45330e-08 trig=  3.34201e-08
m_dj_ui_c0 = 2.6999997835e-06
m_swing_c0 = 5.1176850670e-01
m_vpp_c0 = 6.5530930146e-01
m_vcm_c0 = 3.0441157456e+00
m_dj_ui_c1 = 0.0000000000e+00
m_swing_c1 = 5.1178855176e-01
m_vpp_c1 = 5.1905508544e-01
m_vcm_c1 = 3.0441057240e+00
m_dj_ui_c2 = 0.0000000000e+00
m_swing_c2 = 5.1177569743e-01
m_vpp_c2 = 5.1512323735e-01
m_vcm_c2 = 3.0441121488e+00
m_dj_ui_cmis = 4.6979996242e-04
m_swing_cmis = 5.1177453729e-01
m_swing_avcclo = 5.1140122450e-01
m_vcm_avcclo = 2.7142993871e+00
m_swing_avcchi = 5.1214733969e-01
m_vcm_avcchi = 3.3739263304e+00
m_vgs_sw_max = 1.3722010582e+00
m_vgd_sw_max = 1.8149999983e+00
m_vds_sw_max = 2.3155490408e+00
m_vgs_tail_max = 1.0066180820e+00
m_vds_tail_max = 1.5130839580e+00
m_swing_dc = 5.1147412783e-01
m_vcm_dc = 3.0442629341e+00
m_ioff_dc = 3.9564369558e-11
m_itail_dc = 1.0229482636e-02
m_icell_dc = 1.0729482636e-02
m_ro_leg = 4.4840022275e+04
Note: Simulation executed from .control section 

