
Note: No compatibility mode selected!


Circuit: * cml-driver-eye @ ff_-40c_3.63v_742p5mbps -- generated by sim/harness, do not edit

Doing analysis at TEMP = -40.000000 and TNOM = 27.000000

Using SPARSE 1.3 as Direct Linear Solver

Initial Transient Solution
--------------------------

Node                                   Voltage
----                                   -------
avcc                                       3.3
avcclo                                    2.97
avcchi                                    3.63
inp                                     3.0855
inn                                     1.9965
inpz                                    3.0855
innz                                    1.9965
inref                                    1.089
win                                          0
winc                                         0
outp_c0                                2.78366
xc0.tail                               1.73788
outn_c0                                    3.3
ib_c0                                  1.00454
vd_c0                                 0.516336
outp_c1                                2.78366
xc1.tail                               1.73788
outn_c1                                    3.3
ib_c1                                  1.00454
vd_c1                                 0.516336
outp_c2                                2.78366
xc2.tail                               1.73788
outn_c2                                    3.3
ib_c2                                  1.00454
vd_c2                                 0.516336
outp_cmis                              2.78366
xcmis.tail                             1.73788
outn_cmis                                  3.3
ib_cmis                                1.00454
vd_cmis                               0.516336
outp_vlo                               2.45408
xvlo.tail                              1.71629
outn_vlo                                  2.97
ib_vlo                                 1.00454
outp_vhi                                3.1133
xvhi.tail                              1.75674
outn_vhi                                  3.63
ib_vhi                                 1.00454
outp_z                                 2.78366
xz.tail                                1.73788
vss_z                                        0
outn_z                                     3.3
ib_z                                   1.00454
outp_za                                    2.6
xza.tail                               1.72643
outn_za                                    3.3
ib_za                                  1.00454
outp_zb                                      3
xzb.tail                               1.75042
outn_zb                                    3.3
ib_zb                                  1.00454
ediff_cmis#branch                            0
ediff_c2#branch                              0
ediff_c1#branch                              0
ediff_c0#branch                              0
einref#branch                                0
vforce_zb#branch                    -0.0103316
vforce_za#branch                    -0.0103223
vsens_z#branch                       0.0108267
vwinc#branch                                 0
vwin#branch                                  0
vinnz#branch                                 0
vinpz#branch                                 0
vinn#branch                                  0
vinp#branch                                  0
vavcchi#branch                       -0.010334
vavcclo#branch                      -0.0103183
vavcc#branch                        -0.0516336

 Reference value :  0.00000e+00
 Reference value :  7.90560e-09
 Reference value :  1.37380e-08
 Reference value :  1.75724e-08
 Reference value :  2.06073e-08
 Reference value :  2.92273e-08
 Reference value :  3.50883e-08
 Reference value :  3.91397e-08
 Reference value :  4.31117e-08
 Reference value :  5.35239e-08
 Reference value :  5.80328e-08
No. of Data Rows : 4809
m_ui_ref            =  1.34680e-09 targ=  1.35080e-08 trig=  1.21612e-08
m_spa_in            =  5.38721e-09 targ=  1.75484e-08 trig=  1.21612e-08
m_spb_in            =  4.04040e-09 targ=  1.62016e-08 trig=  1.21612e-08
m_spa_c0            =  5.38720e-09 targ=  1.75538e-08 trig=  1.21666e-08
m_spb_c0            =  4.04040e-09 targ=  1.62070e-08 trig=  1.21666e-08
m_trise_c0          =  4.05300e-11 targ=  1.35289e-08 trig=  1.34884e-08
m_tfall_c0          =  4.05306e-11 targ=  1.48757e-08 trig=  1.48352e-08
m_spa_c1            =  5.38721e-09 targ=  1.75848e-08 trig=  1.21976e-08
m_spb_c1            =  4.04040e-09 targ=  1.62380e-08 trig=  1.21976e-08
m_trise_c1          =  1.05110e-10 targ=  1.36157e-08 trig=  1.35106e-08
m_tfall_c1          =  1.05083e-10 targ=  1.49625e-08 trig=  1.48574e-08
m_spa_c2            =  5.38722e-09 targ=  1.76148e-08 trig=  1.22275e-08
m_spb_c2            =  4.04042e-09 targ=  1.62680e-08 trig=  1.22275e-08
m_trise_c2          =  2.05877e-10 targ=  1.37252e-08 trig=  1.35194e-08
m_tfall_c2          =  2.06175e-10 targ=  1.50723e-08 trig=  1.48662e-08
m_spa_cmis          =  5.38721e-09 targ=  1.75945e-08 trig=  1.22073e-08
m_spb_cmis          =  4.04220e-09 targ=  1.62495e-08 trig=  1.22073e-08
m_dj_ui_c0 = 7.4250019082e-07
m_swing_c0 = 5.1891542147e-01
m_vpp_c0 = 6.7580635736e-01
m_vcm_c0 = 3.0405422856e+00
m_dj_ui_c1 = 0.0000000000e+00
m_swing_c1 = 5.1860913496e-01
m_vpp_c1 = 5.2503369500e-01
m_vcm_c1 = 3.0406954108e+00
m_dj_ui_c2 = 1.2622503250e-05
m_swing_c2 = 5.1681609999e-01
m_vpp_c2 = 5.2055603625e-01
m_vcm_c2 = 3.0415147475e+00
m_dj_ui_cmis = 1.3365003441e-03
m_swing_cmis = 5.1681621525e-01
m_swing_avcclo = 5.1808521797e-01
m_vcm_avcclo = 2.7109573682e+00
m_swing_avcchi = 5.1902502818e-01
m_vcm_avcchi = 3.3704874649e+00
m_vgs_sw_max = 1.4179165455e+00
m_vgd_sw_max = 1.6334999990e+00
m_vds_sw_max = 2.1102502461e+00
m_vgs_tail_max = 1.0068107288e+00
m_vds_tail_max = 1.7566435442e+00
m_swing_dc = 5.1633568278e-01
m_vcm_dc = 3.0418321584e+00
m_ioff_dc = 4.1135006512e-12
m_itail_dc = 1.0326713664e-02
m_icell_dc = 1.0826713664e-02
m_ro_leg = 4.2907577756e+04
Note: Simulation executed from .control section 

