
Note: No compatibility mode selected!


Circuit: * cml-driver-eye @ ff_125c_2.97v_742p5mbps -- generated by sim/harness, do not edit

Doing analysis at TEMP = 125.000000 and TNOM = 27.000000

Using SPARSE 1.3 as Direct Linear Solver

Initial Transient Solution
--------------------------

Node                                   Voltage
----                                   -------
avcc                                       3.3
avcclo                                    2.97
avcchi                                    3.63
inp                                     2.5245
inn                                     1.6335
inpz                                    2.5245
innz                                    1.6335
inref                                    0.891
win                                          0
winc                                         0
outp_c0                                2.79539
xc0.tail                               1.20083
outn_c0                                3.29905
ib_c0                                 0.980829
vd_c0                                 0.503663
outp_c1                                2.79539
xc1.tail                               1.20083
outn_c1                                3.29905
ib_c1                                 0.980829
vd_c1                                 0.503663
outp_c2                                2.79539
xc2.tail                               1.20083
outn_c2                                3.29905
ib_c2                                 0.980829
vd_c2                                 0.503663
outp_cmis                              2.79539
xcmis.tail                             1.20083
outn_cmis                              3.29905
ib_cmis                               0.980829
vd_cmis                               0.503663
outp_vlo                               2.46591
xvlo.tail                              1.18279
outn_vlo                               2.96894
ib_vlo                                0.980829
outp_vhi                               3.12493
xvhi.tail                              1.21772
outn_vhi                               3.62913
ib_vhi                                0.980829
outp_z                                 2.79539
xz.tail                                1.20083
vss_z                                        0
outn_z                                 3.29905
ib_z                                  0.980829
outp_za                                    2.6
xza.tail                               1.19048
outn_za                                 3.2988
ib_za                                 0.980829
outp_zb                                      3
xzb.tail                               1.21128
outn_zb                                3.29925
ib_zb                                 0.980829
ediff_cmis#branch                            0
ediff_c2#branch                              0
ediff_c1#branch                              0
ediff_c0#branch                              0
einref#branch                                0
vforce_zb#branch                     -0.010101
vforce_za#branch                    -0.0100826
vsens_z#branch                       0.0106112
vwinc#branch                                 0
vwin#branch                                  0
vinnz#branch                                 0
vinpz#branch                                 0
vinn#branch                                  0
vinp#branch                                  0
vavcchi#branch                      -0.0101189
vavcclo#branch                       -0.010103
vavcc#branch                        -0.0505951

 Reference value :  0.00000e+00
 Reference value :  4.30560e-09
 Reference value :  1.34723e-08
 Reference value :  1.74948e-08
 Reference value :  2.14822e-08
 Reference value :  3.19142e-08
 Reference value :  3.73054e-08
 Reference value :  4.19040e-08
 Reference value :  5.09295e-08
 Reference value :  5.79331e-08
 Reference value :  5.93708e-08
No. of Data Rows : 4386
m_ui_ref            =  1.34680e-09 targ=  1.35080e-08 trig=  1.21612e-08
m_spa_in            =  5.38721e-09 targ=  1.75484e-08 trig=  1.21612e-08
m_spb_in            =  4.04040e-09 targ=  1.62016e-08 trig=  1.21612e-08
m_spa_c0            =  5.38720e-09 targ=  1.75547e-08 trig=  1.21675e-08
m_spb_c0            =  4.04040e-09 targ=  1.62079e-08 trig=  1.21675e-08
m_trise_c0          =  5.15430e-11 targ=  1.35390e-08 trig=  1.34875e-08
m_tfall_c0          =  5.15396e-11 targ=  1.48858e-08 trig=  1.48343e-08
m_spa_c1            =  5.38721e-09 targ=  1.75897e-08 trig=  1.22024e-08
m_spb_c1            =  4.04040e-09 targ=  1.62428e-08 trig=  1.22024e-08
m_trise_c1          =  1.21518e-10 targ=  1.36288e-08 trig=  1.35073e-08
m_tfall_c1          =  1.21564e-10 targ=  1.49757e-08 trig=  1.48541e-08
m_spa_c2            =  5.38724e-09 targ=  1.76205e-08 trig=  1.22332e-08
m_spb_c2            =  4.04043e-09 targ=  1.62737e-08 trig=  1.22332e-08
m_trise_c2          =  2.24320e-10 targ=  1.37417e-08 trig=  1.35174e-08
m_tfall_c2          =  2.24519e-10 targ=  1.50887e-08 trig=  1.48642e-08
m_spa_cmis          =  5.38721e-09 targ=  1.76005e-08 trig=  1.22132e-08
m_spb_cmis          =  4.04176e-09 targ=  1.62550e-08 trig=  1.22132e-08
m_dj_ui_c0 = 2.9700007651e-06
m_swing_c0 = 5.0473808937e-01
m_vpp_c0 = 5.8301726433e-01
m_vcm_c0 = 3.0466739514e+00
m_dj_ui_c1 = 7.4250019143e-07
m_swing_c1 = 5.0443361141e-01
m_vpp_c1 = 5.0766970855e-01
m_vcm_c1 = 3.0468263104e+00
m_dj_ui_c2 = 2.2275005736e-05
m_swing_c2 = 5.0380731480e-01
m_vpp_c2 = 5.0592219110e-01
m_vcm_c2 = 3.0470614649e+00
m_dj_ui_cmis = 1.0098002600e-03
m_swing_cmis = 5.0380661307e-01
m_swing_avcclo = 5.0376772280e-01
m_vcm_avcclo = 2.7170490001e+00
m_swing_avcchi = 5.0498951145e-01
m_vcm_avcchi = 3.3766255309e+00
m_vgs_sw_max = 1.3704443467e+00
m_vgd_sw_max = 1.9956241129e+00
m_vds_sw_max = 2.4944055906e+00
m_vgs_tail_max = 9.8194072586e-01
m_vds_tail_max = 1.2185445650e+00
m_swing_dc = 5.0366282003e-01
m_vcm_dc = 3.0472189916e+00
m_ioff_dc = 1.8991968429e-05
m_itail_dc = 1.0111240337e-02
m_icell_dc = 1.0611240338e-02
m_ro_leg = 2.1802159497e+04
Note: Simulation executed from .control section 

