
Note: No compatibility mode selected!


Circuit: * cml-driver-eye @ fs_-40c_2.97v_270mbps -- generated by sim/harness, do not edit

Doing analysis at TEMP = -40.000000 and TNOM = 27.000000

Using SPARSE 1.3 as Direct Linear Solver

Initial Transient Solution
--------------------------

Node                                   Voltage
----                                   -------
avcc                                       3.3
avcclo                                    2.97
avcchi                                    3.63
inp                                     2.5245
inn                                     1.6335
inpz                                    2.5245
innz                                    1.6335
inref                                    0.891
win                                          0
winc                                         0
outp_c0                                2.79576
xc0.tail                               1.21404
outn_c0                                    3.3
ib_c0                                  1.04165
vd_c0                                 0.504239
outp_c1                                2.79576
xc1.tail                               1.21404
outn_c1                                    3.3
ib_c1                                  1.04165
vd_c1                                 0.504239
outp_c2                                2.79576
xc2.tail                               1.21404
outn_c2                                    3.3
ib_c2                                  1.04165
vd_c2                                 0.504239
outp_cmis                              2.79576
xcmis.tail                             1.21404
outn_cmis                                  3.3
ib_cmis                                1.04165
vd_cmis                               0.504239
outp_vlo                               2.46614
xvlo.tail                              1.19801
outn_vlo                                  2.97
ib_vlo                                 1.04165
outp_vhi                                3.1254
xvhi.tail                              1.22949
outn_vhi                                  3.63
ib_vhi                                 1.04165
outp_z                                 2.79576
xz.tail                                1.21404
vss_z                                        0
outn_z                                     3.3
ib_z                                   1.04165
outp_za                                    2.6
xza.tail                               1.20462
outn_za                                    3.3
ib_za                                  1.04165
outp_zb                                      3
xzb.tail                               1.22366
outn_zb                                    3.3
ib_zb                                  1.04165
ediff_cmis#branch                            0
ediff_c2#branch                              0
ediff_c1#branch                              0
ediff_c0#branch                              0
einref#branch                                0
vforce_zb#branch                    -0.0100893
vforce_za#branch                    -0.0100804
vsens_z#branch                       0.0105848
vwinc#branch                                 0
vwin#branch                                  0
vinnz#branch                                 0
vinpz#branch                                 0
vinn#branch                                  0
vinp#branch                                  0
vavcchi#branch                      -0.0100921
vavcclo#branch                      -0.0100773
vavcc#branch                         -0.050424

 Reference value :  0.00000e+00
 Reference value :  4.00000e-13
 Reference value :  6.40000e-12
 Reference value :  2.92560e-09
 Reference value :  5.50560e-09
 Reference value :  1.52256e-08
 Reference value :  2.62256e-08
 Reference value :  3.38221e-08
 Reference value :  4.08079e-08
 Reference value :  4.72338e-08
 Reference value :  4.86517e-08
 Reference value :  5.55628e-08
 Reference value :  6.01947e-08
No. of Data Rows : 3749
m_ui_ref            =  3.70370e-09 targ=  3.70770e-08 trig=  3.33733e-08
m_spa_in            =  1.48148e-08 targ=  4.81881e-08 trig=  3.33733e-08
m_spb_in            =  1.11111e-08 targ=  4.44844e-08 trig=  3.33733e-08
m_spa_c0            =  1.48148e-08 targ=  4.81936e-08 trig=  3.33788e-08
m_spb_c0            =  1.11111e-08 targ=  4.44899e-08 trig=  3.33788e-08
m_trise_c0          =  4.32917e-11 targ=  3.71014e-08 trig=  3.70581e-08
m_tfall_c0          =  4.32939e-11 targ=  4.08051e-08 trig=  4.07618e-08
m_spa_c1            =  1.48148e-08 targ=  4.82262e-08 trig=  3.34114e-08
m_spb_c1            =  1.11111e-08 targ=  4.45225e-08 trig=  3.34114e-08
m_trise_c1          =  1.14644e-10 targ=  3.71925e-08 trig=  3.70778e-08
m_tfall_c1          =  1.14648e-10 targ=  4.08962e-08 trig=  4.07815e-08
m_spa_c2            =  1.48148e-08 targ=  4.82567e-08 trig=  3.34419e-08
m_spb_c2            =  1.11111e-08 targ=  4.45530e-08 trig=  3.34419e-08
m_trise_c2          =  2.18720e-10 targ=  3.73055e-08 trig=  3.70868e-08
m_tfall_c2          =  2.18727e-10 targ=  4.10092e-08 trig=  4.07905e-08
m_spa_cmis          =  1.48148e-08 targ=  4.82364e-08 trig=  3.34216e-08
m_spb_cmis          =  1.11127e-08 targ=  4.45343e-08 trig=  3.34216e-08
m_dj_ui_c0 = 2.6999997835e-06
m_swing_c0 = 5.0457316861e-01
m_vpp_c0 = 6.2689463838e-01
m_vcm_c0 = 3.0477132824e+00
m_dj_ui_c1 = 0.0000000000e+00
m_swing_c1 = 5.0459148886e-01
m_vpp_c1 = 5.1122992777e-01
m_vcm_c1 = 3.0477041218e+00
m_dj_ui_c2 = 2.6999997844e-06
m_swing_c2 = 5.0457327525e-01
m_vpp_c2 = 5.0758761913e-01
m_vcm_c2 = 3.0477132271e+00
m_dj_ui_cmis = 4.2389996609e-04
m_swing_cmis = 5.0457182784e-01
m_swing_avcclo = 5.0421410516e-01
m_vcm_avcclo = 2.7178927879e+00
m_swing_avcchi = 5.0495588198e-01
m_vcm_avcchi = 3.3775219439e+00
m_vgs_sw_max = 1.3662664945e+00
m_vgd_sw_max = 1.9964998837e+00
m_vds_sw_max = 2.5534041769e+00
m_vgs_tail_max = 1.0437047507e+00
m_vds_tail_max = 1.2294857663e+00
m_swing_dc = 5.0423920838e-01
m_vcm_dc = 3.0478802610e+00
m_ioff_dc = 2.6970193368e-09
m_itail_dc = 1.0084789562e-02
m_icell_dc = 1.0584789562e-02
m_ro_leg = 4.4872104108e+04
Note: Simulation executed from .control section 

