
Note: No compatibility mode selected!


Circuit: * cml-driver-eye @ fs_-40c_3.30v_742p5mbps -- generated by sim/harness, do not edit

Doing analysis at TEMP = -40.000000 and TNOM = 27.000000

Using SPARSE 1.3 as Direct Linear Solver

Initial Transient Solution
--------------------------

Node                                   Voltage
----                                   -------
avcc                                       3.3
avcclo                                    2.97
avcchi                                    3.63
inp                                      2.805
inn                                      1.815
inpz                                     2.805
innz                                     1.815
inref                                     0.99
win                                          0
winc                                         0
outp_c0                                2.79046
xc0.tail                               1.45464
outn_c0                                    3.3
ib_c0                                  1.04165
vd_c0                                 0.509539
outp_c1                                2.79046
xc1.tail                               1.45464
outn_c1                                    3.3
ib_c1                                  1.04165
vd_c1                                 0.509539
outp_c2                                2.79046
xc2.tail                               1.45464
outn_c2                                    3.3
ib_c2                                  1.04165
vd_c2                                 0.509539
outp_cmis                              2.79046
xcmis.tail                             1.45464
outn_cmis                                  3.3
ib_cmis                                1.04165
vd_cmis                               0.509539
outp_vlo                               2.46083
xvlo.tail                              1.43685
outn_vlo                                  2.97
ib_vlo                                 1.04165
outp_vhi                               3.12011
xvhi.tail                              1.47133
outn_vhi                                  3.63
ib_vhi                                 1.04165
outp_z                                 2.79046
xz.tail                                1.45464
vss_z                                        0
outn_z                                     3.3
ib_z                                   1.04165
outp_za                                    2.6
xza.tail                               1.44456
outn_za                                    3.3
ib_za                                  1.04165
outp_zb                                      3
xzb.tail                               1.46533
outn_zb                                    3.3
ib_zb                                  1.04165
ediff_cmis#branch                            0
ediff_c2#branch                              0
ediff_c1#branch                              0
ediff_c0#branch                              0
einref#branch                                0
vforce_zb#branch                    -0.0101952
vforce_za#branch                    -0.0101866
vsens_z#branch                       0.0106908
vwinc#branch                                 0
vwin#branch                                  0
vinnz#branch                                 0
vinpz#branch                                 0
vinn#branch                                  0
vinp#branch                                  0
vavcchi#branch                      -0.0101977
vavcclo#branch                      -0.0101833
vavcc#branch                        -0.0509539

 Reference value :  9.24560e-09
 Reference value :  1.48148e-08
 Reference value :  1.82292e-08
 Reference value :  2.15228e-08
 Reference value :  2.67321e-08
 Reference value :  3.36857e-08
 Reference value :  3.77696e-08
 Reference value :  4.18196e-08
 Reference value :  4.94905e-08
 Reference value :  5.67146e-08
 Reference value :  5.93966e-08
No. of Data Rows : 4720
m_ui_ref            =  1.34680e-09 targ=  1.35080e-08 trig=  1.21612e-08
m_spa_in            =  5.38721e-09 targ=  1.75484e-08 trig=  1.21612e-08
m_spb_in            =  4.04040e-09 targ=  1.62016e-08 trig=  1.21612e-08
m_spa_c0            =  5.38720e-09 targ=  1.75540e-08 trig=  1.21668e-08
m_spb_c0            =  4.04040e-09 targ=  1.62072e-08 trig=  1.21668e-08
m_trise_c0          =  4.16157e-11 targ=  1.35308e-08 trig=  1.34892e-08
m_tfall_c0          =  4.16131e-11 targ=  1.48776e-08 trig=  1.48360e-08
m_spa_c1            =  5.38721e-09 targ=  1.75858e-08 trig=  1.21986e-08
m_spb_c1            =  4.04041e-09 targ=  1.62390e-08 trig=  1.21986e-08
m_trise_c1          =  1.10136e-10 targ=  1.36199e-08 trig=  1.35098e-08
m_tfall_c1          =  1.10113e-10 targ=  1.49667e-08 trig=  1.48566e-08
m_spa_c2            =  5.38721e-09 targ=  1.76161e-08 trig=  1.22289e-08
m_spb_c2            =  4.04041e-09 targ=  1.62693e-08 trig=  1.22289e-08
m_trise_c2          =  2.12827e-10 targ=  1.37315e-08 trig=  1.35187e-08
m_tfall_c2          =  2.12916e-10 targ=  1.50784e-08 trig=  1.48655e-08
m_spa_cmis          =  5.38721e-09 targ=  1.75958e-08 trig=  1.22086e-08
m_spb_cmis          =  4.04208e-09 targ=  1.62507e-08 trig=  1.22086e-08
m_dj_ui_c0 = 7.4250019143e-07
m_swing_c0 = 5.1213405737e-01
m_vpp_c0 = 6.4972774590e-01
m_vcm_c0 = 3.0439329559e+00
m_dj_ui_c1 = 2.2275005737e-06
m_swing_c1 = 5.1180794688e-01
m_vpp_c1 = 5.1773503083e-01
m_vcm_c1 = 3.0440959915e+00
m_dj_ui_c2 = 2.9700007651e-06
m_swing_c2 = 5.1006769775e-01
m_vpp_c2 = 5.1352758305e-01
m_vcm_c2 = 3.0448887967e+00
m_dj_ui_cmis = 1.2466578210e-03
m_swing_cmis = 5.1006812957e-01
m_swing_avcclo = 5.1138181457e-01
m_vcm_avcclo = 2.7143090549e+00
m_swing_avcchi = 5.1219007517e-01
m_vcm_avcchi = 3.3739049295e+00
m_vgs_sw_max = 1.4153573160e+00
m_vgd_sw_max = 1.8149999933e+00
m_vds_sw_max = 2.3502132776e+00
m_vgs_tail_max = 1.0438995393e+00
m_vds_tail_max = 1.4712131174e+00
m_swing_dc = 5.0953881656e-01
m_vcm_dc = 3.0452305882e+00
m_ioff_dc = 7.0465704383e-11
m_itail_dc = 1.0190776472e-02
m_icell_dc = 1.0690776472e-02
m_ro_leg = 4.6013034546e+04
Note: Simulation executed from .control section 

