
Note: No compatibility mode selected!


Circuit: * cml-driver-eye @ fs_125c_3.63v_270mbps -- generated by sim/harness, do not edit

Doing analysis at TEMP = 125.000000 and TNOM = 27.000000

Using SPARSE 1.3 as Direct Linear Solver

Initial Transient Solution
--------------------------

Node                                   Voltage
----                                   -------
avcc                                       3.3
avcclo                                    2.97
avcchi                                    3.63
inp                                     3.0855
inn                                     1.9965
inpz                                    3.0855
innz                                    1.9965
inref                                    1.089
win                                          0
winc                                         0
outp_c0                                 2.7873
xc0.tail                               1.62405
outn_c0                                3.29997
ib_c0                                  1.02193
vd_c0                                 0.512663
outp_c1                                 2.7873
xc1.tail                               1.62405
outn_c1                                3.29997
ib_c1                                  1.02193
vd_c1                                 0.512663
outp_c2                                 2.7873
xc2.tail                               1.62405
outn_c2                                3.29997
ib_c2                                  1.02193
vd_c2                                 0.512663
outp_cmis                               2.7873
xcmis.tail                             1.62405
outn_cmis                              3.29997
ib_cmis                                1.02193
vd_cmis                               0.512663
outp_vlo                               2.45777
xvlo.tail                              1.59826
outn_vlo                               2.96995
ib_vlo                                 1.02193
outp_vhi                               3.11694
xvhi.tail                              1.64455
outn_vhi                               3.62997
ib_vhi                                 1.02193
outp_z                                  2.7873
xz.tail                                1.62405
vss_z                                        0
outn_z                                 3.29997
ib_z                                   1.02193
outp_za                                    2.6
xza.tail                               1.61058
outn_za                                3.29995
ib_za                                  1.02193
outp_zb                                      3
xzb.tail                               1.63756
outn_zb                                3.29998
ib_zb                                  1.02193
ediff_cmis#branch                            0
ediff_c2#branch                              0
ediff_c1#branch                              0
ediff_c0#branch                              0
einref#branch                                0
vforce_zb#branch                    -0.0102588
vforce_za#branch                    -0.0102489
vsens_z#branch                       0.0107546
vwinc#branch                                 0
vwin#branch                                  0
vinnz#branch                                 0
vinpz#branch                                 0
vinn#branch                                  0
vinp#branch                                  0
vavcchi#branch                      -0.0102617
vavcclo#branch                      -0.0102456
vavcc#branch                        -0.0512746

 Reference value :  0.00000e+00
 Reference value :  8.00000e-13
 Reference value :  9.05600e-10
 Reference value :  2.28560e-09
 Reference value :  4.36560e-09
 Reference value :  1.44256e-08
 Reference value :  2.54456e-08
 Reference value :  3.56365e-08
 Reference value :  4.11165e-08
 Reference value :  4.23886e-08
 Reference value :  4.72938e-08
 Reference value :  5.36997e-08
 Reference value :  5.93581e-08
No. of Data Rows : 3704
m_ui_ref            =  3.70370e-09 targ=  3.70770e-08 trig=  3.33733e-08
m_spa_in            =  1.48148e-08 targ=  4.81881e-08 trig=  3.33733e-08
m_spb_in            =  1.11111e-08 targ=  4.44844e-08 trig=  3.33733e-08
m_spa_c0            =  1.48148e-08 targ=  4.81950e-08 trig=  3.33801e-08
m_spb_c0            =  1.11111e-08 targ=  4.44913e-08 trig=  3.33801e-08
m_trise_c0          =  4.55164e-11 targ=  3.71054e-08 trig=  3.70599e-08
m_tfall_c0          =  4.55269e-11 targ=  4.08091e-08 trig=  4.07636e-08
m_spa_c1            =  1.48148e-08 targ=  4.82287e-08 trig=  3.34139e-08
m_spb_c1            =  1.11111e-08 targ=  4.45250e-08 trig=  3.34139e-08
m_trise_c1          =  1.12733e-10 targ=  3.71919e-08 trig=  3.70792e-08
m_tfall_c1          =  1.12751e-10 targ=  4.08957e-08 trig=  4.07829e-08
m_spa_c2            =  1.48148e-08 targ=  4.82590e-08 trig=  3.34442e-08
m_spb_c2            =  1.11111e-08 targ=  4.45553e-08 trig=  3.34442e-08
m_trise_c2          =  2.14348e-10 targ=  3.73032e-08 trig=  3.70889e-08
m_tfall_c2          =  2.14352e-10 targ=  4.10069e-08 trig=  4.07926e-08
m_spa_cmis          =  1.48148e-08 targ=  4.82390e-08 trig=  3.34242e-08
m_spb_cmis          =  1.11127e-08 targ=  4.45369e-08 trig=  3.34242e-08
m_dj_ui_c0 = 2.6999997835e-06
m_swing_c0 = 5.1302060300e-01
m_vpp_c0 = 6.2637182889e-01
m_vcm_c0 = 3.0434553291e+00
m_dj_ui_c1 = 0.0000000000e+00
m_swing_c1 = 5.1301464535e-01
m_vpp_c1 = 5.1970745228e-01
m_vcm_c1 = 3.0434583078e+00
m_dj_ui_c2 = 8.0999993519e-06
m_swing_c2 = 5.1296428561e-01
m_vpp_c2 = 5.1659237378e-01
m_vcm_c2 = 3.0434834853e+00
m_dj_ui_cmis = 4.2119996630e-04
m_swing_cmis = 5.1296268517e-01
m_swing_avcclo = 5.1250997175e-01
m_vcm_avcclo = 2.7136982757e+00
m_swing_avcchi = 5.1339180150e-01
m_vcm_avcchi = 3.3732751758e+00
m_vgs_sw_max = 1.5357265762e+00
m_vgd_sw_max = 1.6334710911e+00
m_vds_sw_max = 2.1304635897e+00
m_vgs_tail_max = 1.0233402335e+00
m_vds_tail_max = 1.6447876064e+00
m_swing_dc = 5.1266261421e-01
m_vcm_dc = 3.0436343433e+00
m_ioff_dc = 6.8699110184e-07
m_itail_dc = 1.0254626266e-02
m_icell_dc = 1.0754626267e-02
m_ro_leg = 4.0389347040e+04
Note: Simulation executed from .control section 

