
Note: No compatibility mode selected!


Circuit: * cml-driver-eye @ fs_125c_2.97v_270mbps -- generated by sim/harness, do not edit

Doing analysis at TEMP = 125.000000 and TNOM = 27.000000

Using SPARSE 1.3 as Direct Linear Solver

Initial Transient Solution
--------------------------

Node                                   Voltage
----                                   -------
avcc                                       3.3
avcclo                                    2.97
avcchi                                    3.63
inp                                     2.5245
inn                                     1.6335
inpz                                    2.5245
innz                                    1.6335
inref                                    0.891
win                                          0
winc                                         0
outp_c0                                2.79796
xc0.tail                                 1.156
outn_c0                                3.29866
ib_c0                                  1.02193
vd_c0                                 0.500699
outp_c1                                2.79796
xc1.tail                                 1.156
outn_c1                                3.29866
ib_c1                                  1.02193
vd_c1                                 0.500699
outp_c2                                2.79796
xc2.tail                                 1.156
outn_c2                                3.29866
ib_c2                                  1.02193
vd_c2                                 0.500699
outp_cmis                              2.79796
xcmis.tail                               1.156
outn_cmis                              3.29866
ib_cmis                                1.02193
vd_cmis                               0.500699
outp_vlo                               2.46851
xvlo.tail                              1.13858
outn_vlo                               2.96852
ib_vlo                                 1.02193
outp_vhi                               3.12747
xvhi.tail                              1.17234
outn_vhi                               3.62876
ib_vhi                                 1.02193
outp_z                                 2.79796
xz.tail                                  1.156
vss_z                                        0
outn_z                                 3.29866
ib_z                                   1.02193
outp_za                                    2.6
xza.tail                               1.14593
outn_za                                3.29833
ib_za                                  1.02193
outp_zb                                      3
xzb.tail                               1.16594
outn_zb                                3.29892
ib_zb                                  1.02193
ediff_cmis#branch                            0
ediff_c2#branch                              0
ediff_c1#branch                              0
ediff_c0#branch                              0
einref#branch                                0
vforce_zb#branch                    -0.0100508
vforce_za#branch                    -0.0100296
vsens_z#branch                       0.0105677
vwinc#branch                                 0
vwin#branch                                  0
vinnz#branch                                 0
vinpz#branch                                 0
vinn#branch                                  0
vinp#branch                                  0
vavcchi#branch                      -0.0100754
vavcclo#branch                      -0.0100594
vavcc#branch                        -0.0503935

 Reference value :  2.28560e-09
 Reference value :  2.72560e-09
 Reference value :  3.06560e-09
 Reference value :  3.14560e-09
 Reference value :  3.22560e-09
 Reference value :  3.30560e-09
 Reference value :  3.38560e-09
 Reference value :  3.46560e-09
 Reference value :  3.54560e-09
 Reference value :  3.62560e-09
 Reference value :  3.70560e-09
 Reference value :  6.72560e-09
 Reference value :  1.06856e-08
 Reference value :  2.14056e-08
 Reference value :  3.30456e-08
 Reference value :  3.53285e-08
 Reference value :  3.71711e-08
 Reference value :  4.45255e-08
 Reference value :  4.82956e-08
 Reference value :  5.18859e-08
 Reference value :  5.52412e-08
 Reference value :  5.63834e-08
 Reference value :  5.92718e-08
No. of Data Rows : 3665
m_ui_ref            =  3.70370e-09 targ=  3.70770e-08 trig=  3.33733e-08
m_spa_in            =  1.48148e-08 targ=  4.81881e-08 trig=  3.33733e-08
m_spb_in            =  1.11111e-08 targ=  4.44844e-08 trig=  3.33733e-08
m_spa_c0            =  1.48148e-08 targ=  4.81948e-08 trig=  3.33799e-08
m_spb_c0            =  1.11111e-08 targ=  4.44911e-08 trig=  3.33799e-08
m_trise_c0          =  5.28258e-11 targ=  3.71091e-08 trig=  3.70563e-08
m_tfall_c0          =  5.28199e-11 targ=  4.08128e-08 trig=  4.07600e-08
m_spa_c1            =  1.48148e-08 targ=  4.82299e-08 trig=  3.34151e-08
m_spb_c1            =  1.11111e-08 targ=  4.45262e-08 trig=  3.34151e-08
m_trise_c1          =  1.23987e-10 targ=  3.71999e-08 trig=  3.70760e-08
m_tfall_c1          =  1.23995e-10 targ=  4.09037e-08 trig=  4.07797e-08
m_spa_c2            =  1.48148e-08 targ=  4.82608e-08 trig=  3.34460e-08
m_spb_c2            =  1.11111e-08 targ=  4.45571e-08 trig=  3.34460e-08
m_trise_c2          =  2.27871e-10 targ=  3.73139e-08 trig=  3.70860e-08
m_tfall_c2          =  2.28135e-10 targ=  4.10178e-08 trig=  4.07897e-08
m_spa_cmis          =  1.48148e-08 targ=  4.82408e-08 trig=  3.34260e-08
m_spb_cmis          =  1.11124e-08 targ=  4.45384e-08 trig=  3.34260e-08
m_dj_ui_c0 = 2.6999997835e-06
m_swing_c0 = 5.0096574995e-01
m_vpp_c0 = 5.7511154913e-01
m_vcm_c0 = 3.0481737542e+00
m_dj_ui_c1 = 0.0000000000e+00
m_swing_c1 = 5.0095822316e-01
m_vpp_c1 = 5.0466143148e-01
m_vcm_c1 = 3.0481775259e+00
m_dj_ui_c2 = 0.0000000000e+00
m_swing_c2 = 5.0090959748e-01
m_vpp_c2 = 5.0286487805e-01
m_vcm_c2 = 3.0482018878e+00
m_dj_ui_cmis = 3.4829997214e-04
m_swing_cmis = 5.0090643085e-01
m_swing_avcclo = 5.0025353985e-01
m_vcm_avcclo = 2.7183886714e+00
m_swing_avcchi = 5.0154786615e-01
m_vcm_avcchi = 3.3779825530e+00
m_vgs_sw_max = 1.4134817490e+00
m_vgd_sw_max = 1.9952568345e+00
m_vds_sw_max = 2.5323144299e+00
m_vgs_tail_max = 1.0230241185e+00
m_vds_tail_max = 1.1729835998e+00
m_swing_dc = 5.0069927391e-01
m_vcm_dc = 3.0483074204e+00
m_ioff_dc = 2.6858852383e-05
m_itail_dc = 1.0067703183e-02
m_icell_dc = 1.0567703183e-02
m_ro_leg = 1.8920371987e+04
Note: Simulation executed from .control section 

