
Note: No compatibility mode selected!


Circuit: * cml-driver-eye @ fs_125c_2.97v_742p5mbps -- generated by sim/harness, do not edit

Doing analysis at TEMP = 125.000000 and TNOM = 27.000000

Using SPARSE 1.3 as Direct Linear Solver

Initial Transient Solution
--------------------------

Node                                   Voltage
----                                   -------
avcc                                       3.3
avcclo                                    2.97
avcchi                                    3.63
inp                                     2.5245
inn                                     1.6335
inpz                                    2.5245
innz                                    1.6335
inref                                    0.891
win                                          0
winc                                         0
outp_c0                                2.79796
xc0.tail                                 1.156
outn_c0                                3.29866
ib_c0                                  1.02193
vd_c0                                 0.500699
outp_c1                                2.79796
xc1.tail                                 1.156
outn_c1                                3.29866
ib_c1                                  1.02193
vd_c1                                 0.500699
outp_c2                                2.79796
xc2.tail                                 1.156
outn_c2                                3.29866
ib_c2                                  1.02193
vd_c2                                 0.500699
outp_cmis                              2.79796
xcmis.tail                               1.156
outn_cmis                              3.29866
ib_cmis                                1.02193
vd_cmis                               0.500699
outp_vlo                               2.46851
xvlo.tail                              1.13858
outn_vlo                               2.96852
ib_vlo                                 1.02193
outp_vhi                               3.12747
xvhi.tail                              1.17234
outn_vhi                               3.62876
ib_vhi                                 1.02193
outp_z                                 2.79796
xz.tail                                  1.156
vss_z                                        0
outn_z                                 3.29866
ib_z                                   1.02193
outp_za                                    2.6
xza.tail                               1.14593
outn_za                                3.29833
ib_za                                  1.02193
outp_zb                                      3
xzb.tail                               1.16594
outn_zb                                3.29892
ib_zb                                  1.02193
ediff_cmis#branch                            0
ediff_c2#branch                              0
ediff_c1#branch                              0
ediff_c0#branch                              0
einref#branch                                0
vforce_zb#branch                    -0.0100508
vforce_za#branch                    -0.0100296
vsens_z#branch                       0.0105677
vwinc#branch                                 0
vwin#branch                                  0
vinnz#branch                                 0
vinpz#branch                                 0
vinn#branch                                  0
vinp#branch                                  0
vavcchi#branch                      -0.0100754
vavcclo#branch                      -0.0100594
vavcc#branch                        -0.0503935

 Reference value :  0.00000e+00
 Reference value :  4.00000e-13
 Reference value :  9.66560e-09
 Reference value :  1.51319e-08
 Reference value :  1.99347e-08
 Reference value :  2.65380e-08
 Reference value :  3.51250e-08
 Reference value :  3.90945e-08
 Reference value :  4.18149e-08
 Reference value :  5.02326e-08
 Reference value :  5.79546e-08
No. of Data Rows : 4377
m_ui_ref            =  1.34680e-09 targ=  1.35080e-08 trig=  1.21612e-08
m_spa_in            =  5.38721e-09 targ=  1.75484e-08 trig=  1.21612e-08
m_spb_in            =  4.04040e-09 targ=  1.62016e-08 trig=  1.21612e-08
m_spa_c0            =  5.38721e-09 targ=  1.75550e-08 trig=  1.21678e-08
m_spb_c0            =  4.04040e-09 targ=  1.62082e-08 trig=  1.21678e-08
m_trise_c0          =  5.28268e-11 targ=  1.35401e-08 trig=  1.34872e-08
m_tfall_c0          =  5.28180e-11 targ=  1.48869e-08 trig=  1.48340e-08
m_spa_c1            =  5.38721e-09 targ=  1.75902e-08 trig=  1.22030e-08
m_spb_c1            =  4.04041e-09 targ=  1.62434e-08 trig=  1.22030e-08
m_trise_c1          =  1.23728e-10 targ=  1.36307e-08 trig=  1.35070e-08
m_tfall_c1          =  1.23837e-10 targ=  1.49776e-08 trig=  1.48538e-08
m_spa_c2            =  5.38722e-09 targ=  1.76211e-08 trig=  1.22339e-08
m_spb_c2            =  4.04042e-09 targ=  1.62743e-08 trig=  1.22339e-08
m_trise_c2          =  2.27620e-10 targ=  1.37446e-08 trig=  1.35170e-08
m_tfall_c2          =  2.27609e-10 targ=  1.50914e-08 trig=  1.48638e-08
m_spa_cmis          =  5.38721e-09 targ=  1.76011e-08 trig=  1.22139e-08
m_spb_cmis          =  4.04170e-09 targ=  1.62556e-08 trig=  1.22139e-08
m_dj_ui_c0 = 7.4250019143e-07
m_swing_c0 = 5.0181458050e-01
m_vpp_c0 = 5.7519168188e-01
m_vcm_c0 = 3.0477385839e+00
m_dj_ui_c1 = 3.7125009553e-06
m_swing_c1 = 5.0150559504e-01
m_vpp_c1 = 5.0482888702e-01
m_vcm_c1 = 3.0478933099e+00
m_dj_ui_c2 = 1.4850003824e-05
m_swing_c2 = 5.0086874777e-01
m_vpp_c2 = 5.0303473091e-01
m_vcm_c2 = 3.0481341930e+00
m_dj_ui_cmis = 9.6153774760e-04
m_swing_cmis = 5.0086724576e-01
m_swing_avcclo = 5.0077247383e-01
m_vcm_avcclo = 2.7181179616e+00
m_swing_avcchi = 5.0211302011e-01
m_vcm_avcchi = 3.3776900105e+00
m_vgs_sw_max = 1.4135821321e+00
m_vgd_sw_max = 1.9952521443e+00
m_vds_sw_max = 2.5324657061e+00
m_vgs_tail_max = 1.0230968610e+00
m_vds_tail_max = 1.1728980528e+00
m_swing_dc = 5.0069927391e-01
m_vcm_dc = 3.0483074204e+00
m_ioff_dc = 2.6858852381e-05
m_itail_dc = 1.0067703183e-02
m_icell_dc = 1.0567703183e-02
m_ro_leg = 1.8920371987e+04
Note: Simulation executed from .control section 

