
Note: No compatibility mode selected!


Circuit: * cml-driver-eye @ fs_27c_2.97v_742p5mbps -- generated by sim/harness, do not edit

Doing analysis at TEMP = 27.000000 and TNOM = 27.000000

Using SPARSE 1.3 as Direct Linear Solver

Initial Transient Solution
--------------------------

Node                                   Voltage
----                                   -------
avcc                                       3.3
avcclo                                    2.97
avcchi                                    3.63
inp                                     2.5245
inn                                     1.6335
inpz                                    2.5245
innz                                    1.6335
inref                                    0.891
win                                          0
winc                                         0
outp_c0                                2.79625
xc0.tail                               1.18983
outn_c0                                3.29998
ib_c0                                  1.03453
vd_c0                                 0.503731
outp_c1                                2.79625
xc1.tail                               1.18983
outn_c1                                3.29998
ib_c1                                  1.03453
vd_c1                                 0.503731
outp_c2                                2.79625
xc2.tail                               1.18983
outn_c2                                3.29998
ib_c2                                  1.03453
vd_c2                                 0.503731
outp_cmis                              2.79625
xcmis.tail                             1.18983
outn_cmis                              3.29998
ib_cmis                                1.03453
vd_cmis                               0.503731
outp_vlo                               2.46663
xvlo.tail                              1.17322
outn_vlo                               2.96997
ib_vlo                                 1.03453
outp_vhi                               3.12588
xvhi.tail                              1.20565
outn_vhi                               3.62998
ib_vhi                                 1.03453
outp_z                                 2.79625
xz.tail                                1.18983
vss_z                                        0
outn_z                                 3.29998
ib_z                                   1.03453
outp_za                                    2.6
xza.tail                               1.18008
outn_za                                3.29997
ib_za                                  1.03453
outp_zb                                      3
xzb.tail                               1.19967
outn_zb                                3.29998
ib_zb                                  1.03453
ediff_cmis#branch                            0
ediff_c2#branch                              0
ediff_c1#branch                              0
ediff_c0#branch                              0
einref#branch                                0
vforce_zb#branch                    -0.0100797
vforce_za#branch                    -0.0100704
vsens_z#branch                       0.0105756
vwinc#branch                                 0
vwin#branch                                  0
vinnz#branch                                 0
vinpz#branch                                 0
vinn#branch                                  0
vinp#branch                                  0
vavcchi#branch                      -0.0100828
vavcclo#branch                      -0.0100679
vavcc#branch                        -0.0503788

 Reference value :  7.30560e-09
 Reference value :  1.44296e-08
 Reference value :  1.76106e-08
 Reference value :  2.14362e-08
 Reference value :  3.06780e-08
 Reference value :  3.64436e-08
 Reference value :  4.15023e-08
 Reference value :  4.30976e-08
 Reference value :  5.39004e-08
 Reference value :  5.90753e-08
No. of Data Rows : 4493
m_ui_ref            =  1.34680e-09 targ=  1.35080e-08 trig=  1.21612e-08
m_spa_in            =  5.38721e-09 targ=  1.75484e-08 trig=  1.21612e-08
m_spb_in            =  4.04040e-09 targ=  1.62016e-08 trig=  1.21612e-08
m_spa_c0            =  5.38720e-09 targ=  1.75544e-08 trig=  1.21672e-08
m_spb_c0            =  4.04040e-09 targ=  1.62076e-08 trig=  1.21672e-08
m_trise_c0          =  4.65624e-11 targ=  1.35355e-08 trig=  1.34890e-08
m_tfall_c0          =  4.65597e-11 targ=  1.48823e-08 trig=  1.48358e-08
m_spa_c1            =  5.38721e-09 targ=  1.75881e-08 trig=  1.22009e-08
m_spb_c1            =  4.04041e-09 targ=  1.62413e-08 trig=  1.22009e-08
m_trise_c1          =  1.17620e-10 targ=  1.36259e-08 trig=  1.35083e-08
m_tfall_c1          =  1.17635e-10 targ=  1.49727e-08 trig=  1.48551e-08
m_spa_c2            =  5.38719e-09 targ=  1.76186e-08 trig=  1.22315e-08
m_spb_c2            =  4.04039e-09 targ=  1.62718e-08 trig=  1.22315e-08
m_trise_c2          =  2.21382e-10 targ=  1.37391e-08 trig=  1.35178e-08
m_tfall_c2          =  2.21499e-10 targ=  1.50861e-08 trig=  1.48646e-08
m_spa_cmis          =  5.38721e-09 targ=  1.75985e-08 trig=  1.22113e-08
m_spb_cmis          =  4.04192e-09 targ=  1.62532e-08 trig=  1.22113e-08
m_dj_ui_c0 = 2.9700007645e-06
m_swing_c0 = 5.0555987054e-01
m_vpp_c0 = 6.0902003250e-01
m_vcm_c0 = 3.0471961729e+00
m_dj_ui_c1 = 1.4850003822e-06
m_swing_c1 = 5.0518195202e-01
m_vpp_c1 = 5.0968627454e-01
m_vcm_c1 = 3.0473850987e+00
m_dj_ui_c2 = 1.1137502867e-05
m_swing_c2 = 5.0408377285e-01
m_vpp_c2 = 5.0678991930e-01
m_vcm_c2 = 3.0478554131e+00
m_dj_ui_cmis = 1.1248877897e-03
m_swing_cmis = 5.0408588597e-01
m_swing_avcclo = 5.0475799220e-01
m_vcm_avcclo = 2.7175933998e+00
m_swing_avcchi = 5.0557100935e-01
m_vcm_avcchi = 3.3771932215e+00
m_vgs_sw_max = 1.3908747425e+00
m_vgd_sw_max = 1.9964790399e+00
m_vds_sw_max = 2.5445824340e+00
m_vgs_tail_max = 1.0361986024e+00
m_vds_tail_max = 1.2056760155e+00
m_swing_dc = 5.0373133728e-01
m_vcm_dc = 3.0481109533e+00
m_ioff_dc = 4.6756053661e-07
m_itail_dc = 1.0075561867e-02
m_icell_dc = 1.0575561867e-02
m_ro_leg = 4.2977925490e+04
Note: Simulation executed from .control section 

