
Note: No compatibility mode selected!


Circuit: * cml-driver-eye @ fs_27c_3.63v_270mbps -- generated by sim/harness, do not edit

Doing analysis at TEMP = 27.000000 and TNOM = 27.000000

Using SPARSE 1.3 as Direct Linear Solver

Initial Transient Solution
--------------------------

Node                                   Voltage
----                                   -------
avcc                                       3.3
avcclo                                    2.97
avcchi                                    3.63
inp                                     3.0855
inn                                     1.9965
inpz                                    3.0855
innz                                    1.9965
inref                                    1.089
win                                          0
winc                                         0
outp_c0                                2.78659
xc0.tail                               1.66699
outn_c0                                    3.3
ib_c0                                  1.03453
vd_c0                                 0.513411
outp_c1                                2.78659
xc1.tail                               1.66699
outn_c1                                    3.3
ib_c1                                  1.03453
vd_c1                                 0.513411
outp_c2                                2.78659
xc2.tail                               1.66699
outn_c2                                    3.3
ib_c2                                  1.03453
vd_c2                                 0.513411
outp_cmis                              2.78659
xcmis.tail                             1.66699
outn_cmis                                  3.3
ib_cmis                                1.03453
vd_cmis                               0.513411
outp_vlo                                 2.457
xvlo.tail                              1.64452
outn_vlo                                  2.97
ib_vlo                                 1.03453
outp_vhi                               3.11624
xvhi.tail                               1.6861
outn_vhi                                  3.63
ib_vhi                                 1.03453
outp_z                                 2.78659
xz.tail                                1.66699
vss_z                                        0
outn_z                                     3.3
ib_z                                   1.03453
outp_za                                    2.6
xza.tail                               1.65499
outn_za                                    3.3
ib_za                                  1.03453
outp_zb                                      3
xzb.tail                               1.67955
outn_zb                                    3.3
ib_zb                                  1.03453
ediff_cmis#branch                            0
ediff_c2#branch                              0
ediff_c1#branch                              0
ediff_c0#branch                              0
einref#branch                                0
vforce_zb#branch                    -0.0102728
vforce_za#branch                    -0.0102639
vsens_z#branch                       0.0107682
vwinc#branch                                 0
vwin#branch                                  0
vinnz#branch                                 0
vinpz#branch                                 0
vinn#branch                                  0
vinp#branch                                  0
vavcchi#branch                      -0.0102752
vavcclo#branch                        -0.01026
vavcc#branch                        -0.0513412

 Reference value :  9.52560e-09
 Reference value :  2.04256e-08
 Reference value :  3.22456e-08
 Reference value :  3.83449e-08
 Reference value :  4.47787e-08
 Reference value :  5.19108e-08
 Reference value :  5.89553e-08
No. of Data Rows : 3764
m_ui_ref            =  3.70370e-09 targ=  3.70770e-08 trig=  3.33733e-08
m_spa_in            =  1.48148e-08 targ=  4.81881e-08 trig=  3.33733e-08
m_spb_in            =  1.11111e-08 targ=  4.44844e-08 trig=  3.33733e-08
m_spa_c0            =  1.48148e-08 targ=  4.81943e-08 trig=  3.33795e-08
m_spb_c0            =  1.11111e-08 targ=  4.44906e-08 trig=  3.33795e-08
m_trise_c0          =  4.13304e-11 targ=  3.71014e-08 trig=  3.70601e-08
m_tfall_c0          =  4.13412e-11 targ=  4.08051e-08 trig=  4.07638e-08
m_spa_c1            =  1.48148e-08 targ=  4.82266e-08 trig=  3.34118e-08
m_spb_c1            =  1.11111e-08 targ=  4.45229e-08 trig=  3.34118e-08
m_trise_c1          =  1.08839e-10 targ=  3.71884e-08 trig=  3.70795e-08
m_tfall_c1          =  1.08817e-10 targ=  4.08920e-08 trig=  4.07832e-08
m_spa_c2            =  1.48148e-08 targ=  4.82566e-08 trig=  3.34418e-08
m_spb_c2            =  1.11111e-08 targ=  4.45529e-08 trig=  3.34418e-08
m_trise_c2          =  2.10770e-10 targ=  3.72995e-08 trig=  3.70887e-08
m_tfall_c2          =  2.10826e-10 targ=  4.10032e-08 trig=  4.07924e-08
m_spa_cmis          =  1.48148e-08 targ=  4.82365e-08 trig=  3.34217e-08
m_spb_cmis          =  1.11128e-08 targ=  4.45345e-08 trig=  3.34217e-08
m_dj_ui_c0 = 2.6999997835e-06
m_swing_c0 = 5.1380038625e-01
m_vpp_c0 = 6.5510142548e-01
m_vcm_c0 = 3.0430997188e+00
m_dj_ui_c1 = 0.0000000000e+00
m_swing_c1 = 5.1381180922e-01
m_vpp_c1 = 5.2181775818e-01
m_vcm_c1 = 3.0430940080e+00
m_dj_ui_c2 = 2.6999997835e-06
m_swing_c2 = 5.1378307689e-01
m_vpp_c2 = 5.1771871996e-01
m_vcm_c2 = 3.0431083724e+00
m_dj_ui_cmis = 4.6169996306e-04
m_swing_cmis = 5.1378164886e-01
m_swing_avcclo = 5.1338634650e-01
m_vcm_avcclo = 2.7133067070e+00
m_swing_avcchi = 5.1416461404e-01
m_vcm_avcchi = 3.3729176211e+00
m_vgs_sw_max = 1.4961119773e+00
m_vgd_sw_max = 1.6334999269e+00
m_vds_sw_max = 2.1385433450e+00
m_vgs_tail_max = 1.0364519587e+00
m_vds_tail_max = 1.6860976384e+00
m_swing_dc = 5.1341142584e-01
m_vcm_dc = 3.0432941986e+00
m_ioff_dc = 1.7687827913e-09
m_itail_dc = 1.0268232054e-02
m_icell_dc = 1.0768232055e-02
m_ro_leg = 4.4701163815e+04
Note: Simulation executed from .control section 

