
Note: No compatibility mode selected!


Circuit: * cml-driver-eye @ sf_-40c_3.63v_270mbps -- generated by sim/harness, do not edit

Doing analysis at TEMP = -40.000000 and TNOM = 27.000000

Using SPARSE 1.3 as Direct Linear Solver

Initial Transient Solution
--------------------------

Node                                   Voltage
----                                   -------
avcc                                       3.3
avcclo                                    2.97
avcchi                                    3.63
inp                                     3.0855
inn                                     1.9965
inpz                                    3.0855
innz                                    1.9965
inref                                    1.089
win                                          0
winc                                         0
outp_c0                                2.79437
xc0.tail                                1.5024
outn_c0                                    3.3
ib_c0                                  1.22493
vd_c0                                 0.505631
outp_c1                                2.79437
xc1.tail                                1.5024
outn_c1                                    3.3
ib_c1                                  1.22493
vd_c1                                 0.505631
outp_c2                                2.79437
xc2.tail                                1.5024
outn_c2                                    3.3
ib_c2                                  1.22493
vd_c2                                 0.505631
outp_cmis                              2.79437
xcmis.tail                              1.5024
outn_cmis                                  3.3
ib_cmis                                1.22493
vd_cmis                               0.505631
outp_vlo                               2.46468
xvlo.tail                              1.48592
outn_vlo                                  2.97
ib_vlo                                 1.22493
outp_vhi                               3.12408
xvhi.tail                              1.51741
outn_vhi                                  3.63
ib_vhi                                 1.22493
outp_z                                 2.79437
xz.tail                                 1.5024
vss_z                                        0
outn_z                                     3.3
ib_z                                   1.22493
outp_za                                    2.6
xza.tail                               1.49296
outn_za                                    3.3
ib_za                                  1.22493
outp_zb                                      3
xzb.tail                               1.51187
outn_zb                                    3.3
ib_zb                                  1.22493
ediff_cmis#branch                            0
ediff_c2#branch                              0
ediff_c1#branch                              0
ediff_c0#branch                              0
einref#branch                                0
vforce_zb#branch                    -0.0101162
vforce_za#branch                     -0.010109
vsens_z#branch                       0.0106126
vwinc#branch                                 0
vwin#branch                                  0
vinnz#branch                                 0
vinpz#branch                                 0
vinn#branch                                  0
vinp#branch                                  0
vavcchi#branch                      -0.0101183
vavcclo#branch                      -0.0101063
vavcc#branch                        -0.0505631

 Reference value :  8.72560e-09
 Reference value :  1.24456e-08
 Reference value :  1.57056e-08
 Reference value :  2.14656e-08
 Reference value :  2.78856e-08
 Reference value :  3.33423e-08
 Reference value :  3.70639e-08
 Reference value :  3.83049e-08
 Reference value :  4.07765e-08
 Reference value :  4.44644e-08
 Reference value :  4.68523e-08
 Reference value :  4.81716e-08
 Reference value :  5.07160e-08
 Reference value :  5.18649e-08
 Reference value :  5.65665e-08
No. of Data Rows : 3809
m_ui_ref            =  3.70370e-09 targ=  3.70770e-08 trig=  3.33733e-08
m_spa_in            =  1.48148e-08 targ=  4.81881e-08 trig=  3.33733e-08
m_spb_in            =  1.11111e-08 targ=  4.44844e-08 trig=  3.33733e-08
m_spa_c0            =  1.48148e-08 targ=  4.81945e-08 trig=  3.33797e-08
m_spb_c0            =  1.11111e-08 targ=  4.44908e-08 trig=  3.33797e-08
m_trise_c0          =  4.25087e-11 targ=  3.71013e-08 trig=  3.70588e-08
m_tfall_c0          =  4.25077e-11 targ=  4.08050e-08 trig=  4.07625e-08
m_spa_c1            =  1.48148e-08 targ=  4.82267e-08 trig=  3.34119e-08
m_spb_c1            =  1.11111e-08 targ=  4.45230e-08 trig=  3.34119e-08
m_trise_c1          =  1.11651e-10 targ=  3.71909e-08 trig=  3.70793e-08
m_tfall_c1          =  1.11657e-10 targ=  4.08946e-08 trig=  4.07830e-08
m_spa_c2            =  1.48148e-08 targ=  4.82568e-08 trig=  3.34420e-08
m_spb_c2            =  1.11111e-08 targ=  4.45531e-08 trig=  3.34420e-08
m_trise_c2          =  2.15906e-10 targ=  3.73040e-08 trig=  3.70881e-08
m_tfall_c2          =  2.15906e-10 targ=  4.10077e-08 trig=  4.07918e-08
m_spa_cmis          =  1.48148e-08 targ=  4.82368e-08 trig=  3.34220e-08
m_spb_cmis          =  1.11127e-08 targ=  4.45346e-08 trig=  3.34220e-08
m_dj_ui_c0 = 0.0000000000e+00
m_swing_c0 = 5.0617634245e-01
m_vpp_c0 = 6.5184319124e-01
m_vcm_c0 = 3.0469118289e+00
m_dj_ui_c1 = 0.0000000000e+00
m_swing_c1 = 5.0620905076e-01
m_vpp_c1 = 5.1636588963e-01
m_vcm_c1 = 3.0468954755e+00
m_dj_ui_c2 = 0.0000000000e+00
m_swing_c2 = 5.0620842368e-01
m_vpp_c2 = 5.1115229231e-01
m_vcm_c2 = 3.0468957872e+00
m_dj_ui_cmis = 4.1849996652e-04
m_swing_cmis = 5.0620694220e-01
m_swing_avcclo = 5.0588706657e-01
m_vcm_avcclo = 2.7170564674e+00
m_swing_avcchi = 5.0649727519e-01
m_vcm_avcchi = 3.3767513634e+00
m_vgs_sw_max = 1.6657408580e+00
m_vgd_sw_max = 1.6334999993e+00
m_vds_sw_max = 2.3187866696e+00
m_vgs_tail_max = 1.2274470238e+00
m_vds_tail_max = 1.5174076670e+00
m_swing_dc = 5.0563092665e-01
m_vcm_dc = 3.0471845359e+00
m_ioff_dc = 1.5188552638e-11
m_itail_dc = 1.0112618563e-02
m_icell_dc = 1.0612618564e-02
m_ro_leg = 5.5387958152e+04
Note: Simulation executed from .control section 

