
Note: No compatibility mode selected!


Circuit: * cml-driver-eye @ sf_125c_3.63v_742p5mbps -- generated by sim/harness, do not edit

Doing analysis at TEMP = 125.000000 and TNOM = 27.000000

Using SPARSE 1.3 as Direct Linear Solver

Initial Transient Solution
--------------------------

Node                                   Voltage
----                                   -------
avcc                                       3.3
avcclo                                    2.97
avcchi                                    3.63
inp                                     3.0855
inn                                     1.9965
inpz                                    3.0855
innz                                    1.9965
inref                                    1.089
win                                          0
winc                                         0
outp_c0                                2.79622
xc0.tail                               1.41479
outn_c0                                3.29986
ib_c0                                   1.2172
vd_c0                                 0.503639
outp_c1                                2.79622
xc1.tail                               1.41479
outn_c1                                3.29986
ib_c1                                   1.2172
vd_c1                                 0.503639
outp_c2                                2.79622
xc2.tail                               1.41479
outn_c2                                3.29986
ib_c2                                   1.2172
vd_c2                                 0.503639
outp_cmis                              2.79622
xcmis.tail                             1.41479
outn_cmis                              3.29986
ib_cmis                                 1.2172
vd_cmis                               0.503639
outp_vlo                               2.46661
xvlo.tail                              1.39539
outn_vlo                               2.96983
ib_vlo                                  1.2172
outp_vhi                                3.1259
xvhi.tail                              1.43135
outn_vhi                               3.62988
ib_vhi                                  1.2172
outp_z                                 2.79622
xz.tail                                1.41479
vss_z                                        0
outn_z                                 3.29986
ib_z                                    1.2172
outp_za                                    2.6
xza.tail                               1.40382
outn_za                                3.29981
ib_za                                   1.2172
outp_zb                                      3
xzb.tail                                1.4252
outn_zb                                3.29989
ib_zb                                   1.2172
ediff_cmis#branch                            0
ediff_c2#branch                              0
ediff_c1#branch                              0
ediff_c0#branch                              0
einref#branch                                0
vforce_zb#branch                    -0.0100801
vforce_za#branch                    -0.0100707
vsens_z#branch                       0.0105785
vwinc#branch                                 0
vwin#branch                                  0
vinnz#branch                                 0
vinpz#branch                                 0
vinn#branch                                  0
vinp#branch                                  0
vavcchi#branch                      -0.0100845
vavcclo#branch                      -0.0100712
vavcc#branch                        -0.0503982

 Reference value :  8.50560e-09
 Reference value :  1.48847e-08
 Reference value :  1.89352e-08
 Reference value :  2.35228e-08
 Reference value :  3.15428e-08
 Reference value :  3.66503e-08
 Reference value :  3.78110e-08
 Reference value :  4.05526e-08
 Reference value :  4.35625e-08
 Reference value :  5.05025e-08
 Reference value :  5.53025e-08
 Reference value :  5.79424e-08
 Reference value :  6.06861e-08
No. of Data Rows : 4478
m_ui_ref            =  1.34680e-09 targ=  1.35080e-08 trig=  1.21612e-08
m_spa_in            =  5.38721e-09 targ=  1.75484e-08 trig=  1.21612e-08
m_spb_in            =  4.04040e-09 targ=  1.62016e-08 trig=  1.21612e-08
m_spa_c0            =  5.38720e-09 targ=  1.75562e-08 trig=  1.21689e-08
m_spb_c0            =  4.04040e-09 targ=  1.62093e-08 trig=  1.21689e-08
m_trise_c0          =  4.92494e-11 targ=  1.35396e-08 trig=  1.34904e-08
m_tfall_c0          =  4.92720e-11 targ=  1.48864e-08 trig=  1.48372e-08
m_spa_c1            =  5.38721e-09 targ=  1.75908e-08 trig=  1.22036e-08
m_spb_c1            =  4.04041e-09 targ=  1.62440e-08 trig=  1.22036e-08
m_trise_c1          =  1.19054e-10 targ=  1.36286e-08 trig=  1.35096e-08
m_tfall_c1          =  1.19074e-10 targ=  1.49755e-08 trig=  1.48564e-08
m_spa_c2            =  5.38722e-09 targ=  1.76214e-08 trig=  1.22342e-08
m_spb_c2            =  4.04042e-09 targ=  1.62746e-08 trig=  1.22342e-08
m_trise_c2          =  2.23028e-10 targ=  1.37424e-08 trig=  1.35194e-08
m_tfall_c2          =  2.23432e-10 targ=  1.50896e-08 trig=  1.48662e-08
m_spa_cmis          =  5.38722e-09 targ=  1.76015e-08 trig=  1.22143e-08
m_spb_cmis          =  4.04175e-09 targ=  1.62561e-08 trig=  1.22143e-08
m_dj_ui_c0 = 7.4250019143e-07
m_swing_c0 = 5.0530317802e-01
m_vpp_c0 = 6.0296073677e-01
m_vcm_c0 = 3.0472037703e+00
m_dj_ui_c1 = 2.2275005737e-06
m_swing_c1 = 5.0494817541e-01
m_vpp_c1 = 5.1170272044e-01
m_vcm_c1 = 3.0473812659e+00
m_dj_ui_c2 = 8.9100022941e-06
m_swing_c2 = 5.0408858035e-01
m_vpp_c2 = 5.0830927963e-01
m_vcm_c2 = 3.0477290330e+00
m_dj_ui_cmis = 1.0008902577e-03
m_swing_cmis = 5.0409608171e-01
m_swing_avcclo = 5.0444490545e-01
m_vcm_avcclo = 2.7176018947e+00
m_swing_avcchi = 5.0532779633e-01
m_vcm_avcchi = 3.3772087784e+00
m_vgs_sw_max = 1.7454214417e+00
m_vgd_sw_max = 1.6333740007e+00
m_vds_sw_max = 2.3168668355e+00
m_vgs_tail_max = 1.2187649303e+00
m_vds_tail_max = 1.4310348684e+00
m_swing_dc = 5.0363934418e-01
m_vcm_dc = 3.0480385860e+00
m_ioff_dc = 2.8348384907e-06
m_itail_dc = 1.0078456560e-02
m_icell_dc = 1.0578456561e-02
m_ro_leg = 4.2511811679e+04
Note: Simulation executed from .control section 

