
Note: No compatibility mode selected!


Circuit: * cml-driver-eye @ sf_27c_2.97v_270mbps -- generated by sim/harness, do not edit

Doing analysis at TEMP = 27.000000 and TNOM = 27.000000

Using SPARSE 1.3 as Direct Linear Solver

Initial Transient Solution
--------------------------

Node                                   Voltage
----                                   -------
avcc                                       3.3
avcclo                                    2.97
avcchi                                    3.63
inp                                     2.5245
inn                                     1.6335
inpz                                    2.5245
innz                                    1.6335
inref                                    0.891
win                                          0
winc                                         0
outp_c0                                2.80547
xc0.tail                              0.993053
outn_c0                                3.29989
ib_c0                                  1.22263
vd_c0                                 0.494417
outp_c1                                2.80547
xc1.tail                              0.993053
outn_c1                                3.29989
ib_c1                                  1.22263
vd_c1                                 0.494417
outp_c2                                2.80547
xc2.tail                              0.993053
outn_c2                                3.29989
ib_c2                                  1.22263
vd_c2                                 0.494417
outp_cmis                              2.80547
xcmis.tail                            0.993053
outn_cmis                              3.29989
ib_cmis                                1.22263
vd_cmis                               0.494417
outp_vlo                               2.47584
xvlo.tail                             0.979482
outn_vlo                               2.96988
ib_vlo                                 1.22263
outp_vhi                               3.13512
xvhi.tail                              1.00603
outn_vhi                                3.6299
ib_vhi                                 1.22263
outp_z                                 2.80547
xz.tail                               0.993053
vss_z                                        0
outn_z                                 3.29989
ib_z                                   1.22263
outp_za                                    2.6
xza.tail                              0.984708
outn_za                                3.29986
ib_za                                  1.22263
outp_zb                                      3
xzb.tail                               1.00075
outn_zb                                3.29992
ib_zb                                  1.22263
ediff_cmis#branch                            0
ediff_c2#branch                              0
ediff_c1#branch                              0
ediff_c0#branch                              0
einref#branch                                0
vforce_zb#branch                   -0.00989505
vforce_za#branch                   -0.00988546
vsens_z#branch                       0.0103927
vwinc#branch                                 0
vwin#branch                                  0
vinnz#branch                                 0
vinpz#branch                                 0
vinn#branch                                  0
vinp#branch                                  0
vavcchi#branch                     -0.00989966
vavcclo#branch                     -0.00988552
vavcc#branch                        -0.0494678

 Reference value :  9.12560e-09
 Reference value :  2.04056e-08
 Reference value :  2.98656e-08
 Reference value :  3.71435e-08
 Reference value :  4.44888e-08
 Reference value :  5.07975e-08
 Reference value :  5.75234e-08
No. of Data Rows : 3697
m_ui_ref            =  3.70370e-09 targ=  3.70770e-08 trig=  3.33733e-08
m_spa_in            =  1.48148e-08 targ=  4.81881e-08 trig=  3.33733e-08
m_spb_in            =  1.11111e-08 targ=  4.44844e-08 trig=  3.33733e-08
m_spa_c0            =  1.48148e-08 targ=  4.81949e-08 trig=  3.33801e-08
m_spb_c0            =  1.11111e-08 targ=  4.44912e-08 trig=  3.33801e-08
m_trise_c0          =  5.02116e-11 targ=  3.71076e-08 trig=  3.70574e-08
m_tfall_c0          =  5.02069e-11 targ=  4.08114e-08 trig=  4.07611e-08
m_spa_c1            =  1.48148e-08 targ=  4.82295e-08 trig=  3.34146e-08
m_spb_c1            =  1.11111e-08 targ=  4.45258e-08 trig=  3.34146e-08
m_trise_c1          =  1.24817e-10 targ=  3.72012e-08 trig=  3.70764e-08
m_tfall_c1          =  1.24821e-10 targ=  4.09049e-08 trig=  4.07801e-08
m_spa_c2            =  1.48148e-08 targ=  4.82603e-08 trig=  3.34454e-08
m_spb_c2            =  1.11111e-08 targ=  4.45566e-08 trig=  3.34454e-08
m_trise_c2          =  2.32343e-10 targ=  3.73182e-08 trig=  3.70859e-08
m_tfall_c2          =  2.32358e-10 targ=  4.10220e-08 trig=  4.07896e-08
m_spa_cmis          =  1.48148e-08 targ=  4.82402e-08 trig=  3.34254e-08
m_spb_cmis          =  1.11124e-08 targ=  4.45379e-08 trig=  3.34254e-08
m_dj_ui_c0 = 0.0000000000e+00
m_swing_c0 = 4.9483211701e-01
m_vpp_c0 = 5.8579435734e-01
m_vcm_c0 = 3.0524759671e+00
m_dj_ui_c1 = 0.0000000000e+00
m_swing_c1 = 4.9483824505e-01
m_vpp_c1 = 5.0062779172e-01
m_vcm_c1 = 3.0524729020e+00
m_dj_ui_c2 = 0.0000000000e+00
m_swing_c2 = 4.9480452456e-01
m_vpp_c2 = 4.9762338147e-01
m_vcm_c2 = 3.0524897642e+00
m_dj_ui_cmis = 3.5639997149e-04
m_swing_cmis = 4.9480261725e-01
m_swing_avcclo = 4.9444808736e-01
m_vcm_avcclo = 2.7226553057e+00
m_swing_avcchi = 4.9521325630e-01
m_vcm_avcchi = 3.3822949119e+00
m_vgs_sw_max = 1.5886540543e+00
m_vgd_sw_max = 1.9964016036e+00
m_vds_sw_max = 2.7216267783e+00
m_vgs_tail_max = 1.2241674302e+00
m_vds_tail_max = 1.0060272629e+00
m_swing_dc = 4.9441718882e-01
m_vcm_dc = 3.0526835068e+00
m_ioff_dc = 2.1579757346e-06
m_itail_dc = 9.8926597278e-03
m_icell_dc = 1.0392659728e-02
m_ro_leg = 4.1734146334e+04
Note: Simulation executed from .control section 

