
Note: No compatibility mode selected!


Circuit: * cml-driver-eye @ ss_-40c_2.97v_270mbps -- generated by sim/harness, do not edit

Doing analysis at TEMP = -40.000000 and TNOM = 27.000000

Using SPARSE 1.3 as Direct Linear Solver

Initial Transient Solution
--------------------------

Node                                   Voltage
----                                   -------
avcc                                       3.3
avcclo                                    2.97
avcchi                                    3.63
inp                                     2.5245
inn                                     1.6335
inpz                                    2.5245
innz                                    1.6335
inref                                    0.891
win                                          0
winc                                         0
outp_c0                                2.80653
xc0.tail                              0.980828
outn_c0                                    3.3
ib_c0                                  1.26321
vd_c0                                 0.493463
outp_c1                                2.80653
xc1.tail                              0.980828
outn_c1                                    3.3
ib_c1                                  1.26321
vd_c1                                 0.493463
outp_c2                                2.80653
xc2.tail                              0.980828
outn_c2                                    3.3
ib_c2                                  1.26321
vd_c2                                 0.493463
outp_cmis                              2.80653
xcmis.tail                            0.980828
outn_cmis                                  3.3
ib_cmis                                1.26321
vd_cmis                               0.493463
outp_vlo                               2.47687
xvlo.tail                             0.968049
outn_vlo                                  2.97
ib_vlo                                 1.26321
outp_vhi                               3.13619
xvhi.tail                              0.99316
outn_vhi                                  3.63
ib_vhi                                 1.26321
outp_z                                 2.80653
xz.tail                               0.980828
vss_z                                        0
outn_z                                     3.3
ib_z                                   1.26321
outp_za                                    2.6
xza.tail                              0.972892
outn_za                                    3.3
ib_za                                  1.26321
outp_zb                                      3
xzb.tail                              0.988105
outn_zb                                    3.3
ib_zb                                  1.26321
ediff_cmis#branch                            0
ediff_c2#branch                              0
ediff_c1#branch                              0
ediff_c0#branch                              0
einref#branch                                0
vforce_zb#branch                   -0.00987325
vforce_za#branch                   -0.00986513
vsens_z#branch                       0.0103693
vwinc#branch                                 0
vwin#branch                                  0
vinnz#branch                                 0
vinpz#branch                                 0
vinn#branch                                  0
vinp#branch                                  0
vavcchi#branch                     -0.00987629
vavcclo#branch                     -0.00986265
vavcc#branch                        -0.0493468

 Reference value :  8.76560e-09
 Reference value :  1.97256e-08
 Reference value :  2.96056e-08
 Reference value :  3.71221e-08
 Reference value :  4.42101e-08
 Reference value :  4.93160e-08
 Reference value :  5.57552e-08
No. of Data Rows : 3731
m_ui_ref            =  3.70370e-09 targ=  3.70770e-08 trig=  3.33733e-08
m_spa_in            =  1.48148e-08 targ=  4.81881e-08 trig=  3.33733e-08
m_spb_in            =  1.11111e-08 targ=  4.44844e-08 trig=  3.33733e-08
m_spa_c0            =  1.48148e-08 targ=  4.81946e-08 trig=  3.33798e-08
m_spb_c0            =  1.11111e-08 targ=  4.44909e-08 trig=  3.33798e-08
m_trise_c0          =  4.69359e-11 targ=  3.71052e-08 trig=  3.70582e-08
m_tfall_c0          =  4.69342e-11 targ=  4.08089e-08 trig=  4.07620e-08
m_spa_c1            =  1.48148e-08 targ=  4.82284e-08 trig=  3.34136e-08
m_spb_c1            =  1.11111e-08 targ=  4.45247e-08 trig=  3.34136e-08
m_trise_c1          =  1.22589e-10 targ=  3.71996e-08 trig=  3.70770e-08
m_tfall_c1          =  1.22692e-10 targ=  4.09034e-08 trig=  4.07807e-08
m_spa_c2            =  1.48148e-08 targ=  4.82591e-08 trig=  3.34442e-08
m_spb_c2            =  1.11111e-08 targ=  4.45553e-08 trig=  3.34442e-08
m_trise_c2          =  2.30568e-10 targ=  3.73166e-08 trig=  3.70860e-08
m_tfall_c2          =  2.30914e-10 targ=  4.10206e-08 trig=  4.07897e-08
m_spa_cmis          =  1.48148e-08 targ=  4.82390e-08 trig=  3.34241e-08
m_spb_cmis          =  1.11125e-08 targ=  4.45366e-08 trig=  3.34241e-08
m_dj_ui_c0 = 0.0000000000e+00
m_swing_c0 = 4.9395682661e-01
m_vpp_c0 = 6.0022937135e-01
m_vcm_c0 = 3.0530198095e+00
m_dj_ui_c1 = 0.0000000000e+00
m_swing_c1 = 4.9397733668e-01
m_vpp_c1 = 5.0139978418e-01
m_vcm_c1 = 3.0530095543e+00
m_dj_ui_c2 = 2.6999997840e-06
m_swing_c2 = 4.9396007481e-01
m_vpp_c2 = 4.9753593339e-01
m_vcm_c2 = 3.0530181852e+00
m_dj_ui_cmis = 3.6449997084e-04
m_swing_cmis = 4.9395836815e-01
m_swing_avcclo = 4.9363619953e-01
m_vcm_avcclo = 2.7231798508e+00
m_swing_avcchi = 4.9433027115e-01
m_vcm_avcchi = 3.3828332923e+00
m_vgs_sw_max = 1.6049258174e+00
m_vgd_sw_max = 1.9964984313e+00
m_vds_sw_max = 2.7606793253e+00
m_vgs_tail_max = 1.2652346166e+00
m_vds_tail_max = 9.9315880230e-01
m_swing_dc = 4.9346326053e-01
m_vcm_dc = 3.0532665964e+00
m_ioff_dc = 3.5466971076e-08
m_itail_dc = 9.8693361445e-03
m_icell_dc = 1.0369336145e-02
m_ro_leg = 4.9269847789e+04
Note: Simulation executed from .control section 

