
Note: No compatibility mode selected!


Circuit: * cml-driver-eye @ ss_-40c_3.63v_270mbps -- generated by sim/harness, do not edit

Doing analysis at TEMP = -40.000000 and TNOM = 27.000000

Using SPARSE 1.3 as Direct Linear Solver

Initial Transient Solution
--------------------------

Node                                   Voltage
----                                   -------
avcc                                       3.3
avcclo                                    2.97
avcchi                                    3.63
inp                                     3.0855
inn                                     1.9965
inpz                                    3.0855
innz                                    1.9965
inref                                    1.089
win                                          0
winc                                         0
outp_c0                                 2.7961
xc0.tail                               1.45793
outn_c0                                    3.3
ib_c0                                  1.26321
vd_c0                                 0.503903
outp_c1                                 2.7961
xc1.tail                               1.45793
outn_c1                                    3.3
ib_c1                                  1.26321
vd_c1                                 0.503903
outp_c2                                 2.7961
xc2.tail                               1.45793
outn_c2                                    3.3
ib_c2                                  1.26321
vd_c2                                 0.503903
outp_cmis                               2.7961
xcmis.tail                             1.45793
outn_cmis                                  3.3
ib_cmis                                1.26321
vd_cmis                               0.503903
outp_vlo                                2.4664
xvlo.tail                                1.442
outn_vlo                                  2.97
ib_vlo                                 1.26321
outp_vhi                               3.12582
xvhi.tail                              1.47251
outn_vhi                                  3.63
ib_vhi                                 1.26321
outp_z                                  2.7961
xz.tail                                1.45793
vss_z                                        0
outn_z                                     3.3
ib_z                                   1.26321
outp_za                                    2.6
xza.tail                                1.4487
outn_za                                    3.3
ib_za                                  1.26321
outp_zb                                      3
xzb.tail                               1.46705
outn_zb                                    3.3
ib_zb                                  1.26321
ediff_cmis#branch                            0
ediff_c2#branch                              0
ediff_c1#branch                              0
ediff_c0#branch                              0
einref#branch                                0
vforce_zb#branch                    -0.0100816
vforce_za#branch                    -0.0100745
vsens_z#branch                       0.0105781
vwinc#branch                                 0
vwin#branch                                  0
vinnz#branch                                 0
vinpz#branch                                 0
vinn#branch                                  0
vinp#branch                                  0
vavcchi#branch                      -0.0100836
vavcclo#branch                      -0.0100719
vavcc#branch                        -0.0503903

 Reference value :  4.42560e-09
 Reference value :  5.58560e-09
 Reference value :  1.50656e-08
 Reference value :  2.40656e-08
 Reference value :  3.34447e-08
 Reference value :  3.41464e-08
 Reference value :  4.08211e-08
 Reference value :  4.81536e-08
 Reference value :  5.39997e-08
 Reference value :  5.94595e-08
No. of Data Rows : 3803
m_ui_ref            =  3.70370e-09 targ=  3.70770e-08 trig=  3.33733e-08
m_spa_in            =  1.48148e-08 targ=  4.81881e-08 trig=  3.33733e-08
m_spb_in            =  1.11111e-08 targ=  4.44844e-08 trig=  3.33733e-08
m_spa_c0            =  1.48148e-08 targ=  4.81948e-08 trig=  3.33800e-08
m_spb_c0            =  1.11111e-08 targ=  4.44911e-08 trig=  3.33800e-08
m_trise_c0          =  4.28155e-11 targ=  3.71023e-08 trig=  3.70595e-08
m_tfall_c0          =  4.28121e-11 targ=  4.08060e-08 trig=  4.07632e-08
m_spa_c1            =  1.48148e-08 targ=  4.82273e-08 trig=  3.34125e-08
m_spb_c1            =  1.11111e-08 targ=  4.45236e-08 trig=  3.34125e-08
m_trise_c1          =  1.13105e-10 targ=  3.71924e-08 trig=  3.70793e-08
m_tfall_c1          =  1.13189e-10 targ=  4.08962e-08 trig=  4.07830e-08
m_spa_c2            =  1.48148e-08 targ=  4.82575e-08 trig=  3.34427e-08
m_spb_c2            =  1.11111e-08 targ=  4.45538e-08 trig=  3.34427e-08
m_trise_c2          =  2.17924e-10 targ=  3.73060e-08 trig=  3.70881e-08
m_tfall_c2          =  2.17602e-10 targ=  4.10094e-08 trig=  4.07918e-08
m_spa_cmis          =  1.48148e-08 targ=  4.82375e-08 trig=  3.34227e-08
m_spb_cmis          =  1.11126e-08 targ=  4.45353e-08 trig=  3.34227e-08
m_dj_ui_c0 = 2.6999997835e-06
m_swing_c0 = 5.0452107953e-01
m_vpp_c0 = 6.4467005764e-01
m_vcm_c0 = 3.0477394603e+00
m_dj_ui_c1 = 0.0000000000e+00
m_swing_c1 = 5.0455459110e-01
m_vpp_c1 = 5.1511268097e-01
m_vcm_c1 = 3.0477227055e+00
m_dj_ui_c2 = 0.0000000000e+00
m_swing_c2 = 5.0455304853e-01
m_vpp_c2 = 5.0976783542e-01
m_vcm_c2 = 3.0477234739e+00
m_dj_ui_cmis = 3.9689996825e-04
m_swing_cmis = 5.0455143229e-01
m_swing_avcclo = 5.0424110150e-01
m_vcm_avcclo = 2.7178794499e+00
m_swing_avcchi = 5.0483624477e-01
m_vcm_avcchi = 3.3775818789e+00
m_vgs_sw_max = 1.7111323141e+00
m_vgd_sw_max = 1.6334999987e+00
m_vds_sw_max = 2.3541792517e+00
m_vgs_tail_max = 1.2657975051e+00
m_vds_tail_max = 1.4725119467e+00
m_swing_dc = 5.0390341480e-01
m_vcm_dc = 3.0480482911e+00
m_ioff_dc = 2.9343754093e-11
m_itail_dc = 1.0078068355e-02
m_icell_dc = 1.0578068355e-02
m_ro_leg = 5.6834730222e+04
Note: Simulation executed from .control section 

