
Note: No compatibility mode selected!


Circuit: * cml-driver-eye @ ss_125c_3.30v_270mbps -- generated by sim/harness, do not edit

Doing analysis at TEMP = 125.000000 and TNOM = 27.000000

Using SPARSE 1.3 as Direct Linear Solver

Initial Transient Solution
--------------------------

Node                                   Voltage
----                                   -------
avcc                                       3.3
avcclo                                    2.97
avcchi                                    3.63
inp                                      2.805
inn                                      1.815
inpz                                     2.805
innz                                     1.815
inref                                     0.99
win                                          0
winc                                         0
outp_c0                                2.80405
xc0.tail                               1.13308
outn_c0                                3.29872
ib_c0                                  1.25994
vd_c0                                 0.494668
outp_c1                                2.80405
xc1.tail                               1.13308
outn_c1                                3.29872
ib_c1                                  1.25994
vd_c1                                 0.494668
outp_c2                                2.80405
xc2.tail                               1.13308
outn_c2                                3.29872
ib_c2                                  1.25994
vd_c2                                 0.494668
outp_cmis                              2.80405
xcmis.tail                             1.13308
outn_cmis                              3.29872
ib_cmis                                1.25994
vd_cmis                               0.494668
outp_vlo                               2.47456
xvlo.tail                              1.11757
outn_vlo                               2.96858
ib_vlo                                 1.25994
outp_vhi                               3.13363
xvhi.tail                              1.14733
outn_vhi                               3.62882
ib_vhi                                 1.25994
outp_z                                 2.80405
xz.tail                                1.13308
vss_z                                        0
outn_z                                 3.29872
ib_z                                   1.25994
outp_za                                    2.6
xza.tail                               1.12388
outn_za                                3.29845
ib_za                                  1.25994
outp_zb                                      3
xzb.tail                               1.14151
outn_zb                                3.29893
ib_zb                                  1.25994
ediff_cmis#branch                            0
ediff_c2#branch                              0
ediff_c1#branch                              0
ediff_c0#branch                              0
einref#branch                                0
vforce_zb#branch                   -0.00992704
vforce_za#branch                    -0.0099092
vsens_z#branch                       0.0104445
vwinc#branch                                 0
vwin#branch                                  0
vinnz#branch                                 0
vinpz#branch                                 0
vinn#branch                                  0
vinp#branch                                  0
vavcchi#branch                     -0.00995116
vavcclo#branch                     -0.00993721
vavcc#branch                        -0.0497749

 Reference value :  6.30560e-09
 Reference value :  6.98560e-09
 Reference value :  1.16256e-08
 Reference value :  2.20856e-08
 Reference value :  3.22856e-08
 Reference value :  3.88249e-08
 Reference value :  4.44445e-08
 Reference value :  4.79338e-08
 Reference value :  5.27599e-08
 Reference value :  5.93325e-08
No. of Data Rows : 3673
m_ui_ref            =  3.70370e-09 targ=  3.70770e-08 trig=  3.33733e-08
m_spa_in            =  1.48148e-08 targ=  4.81881e-08 trig=  3.33733e-08
m_spb_in            =  1.11111e-08 targ=  4.44844e-08 trig=  3.33733e-08
m_spa_c0            =  1.48148e-08 targ=  4.81961e-08 trig=  3.33813e-08
m_spb_c0            =  1.11111e-08 targ=  4.44924e-08 trig=  3.33813e-08
m_trise_c0          =  5.43891e-11 targ=  3.71117e-08 trig=  3.70573e-08
m_tfall_c0          =  5.43881e-11 targ=  4.08154e-08 trig=  4.07610e-08
m_spa_c1            =  1.48148e-08 targ=  4.82316e-08 trig=  3.34168e-08
m_spb_c1            =  1.11111e-08 targ=  4.45279e-08 trig=  3.34168e-08
m_trise_c1          =  1.27850e-10 targ=  3.72044e-08 trig=  3.70765e-08
m_tfall_c1          =  1.27847e-10 targ=  4.09081e-08 trig=  4.07802e-08
m_spa_c2            =  1.48148e-08 targ=  4.82626e-08 trig=  3.34478e-08
m_spb_c2            =  1.11111e-08 targ=  4.45589e-08 trig=  3.34478e-08
m_trise_c2          =  2.34615e-10 targ=  3.73210e-08 trig=  3.70864e-08
m_tfall_c2          =  2.34597e-10 targ=  4.10247e-08 trig=  4.07901e-08
m_spa_cmis          =  1.48148e-08 targ=  4.82428e-08 trig=  3.34279e-08
m_spb_cmis          =  1.11123e-08 targ=  4.45402e-08 trig=  3.34279e-08
m_dj_ui_c0 = 2.6999997835e-06
m_swing_c0 = 4.9505407423e-01
m_vpp_c0 = 5.6837253551e-01
m_vcm_c0 = 3.0511929482e+00
m_dj_ui_c1 = 0.0000000000e+00
m_swing_c1 = 4.9504650252e-01
m_vpp_c1 = 5.0062121586e-01
m_vcm_c1 = 3.0511967501e+00
m_dj_ui_c2 = 0.0000000000e+00
m_swing_c2 = 4.9499834717e-01
m_vpp_c2 = 4.9797855664e-01
m_vcm_c2 = 3.0512209123e+00
m_dj_ui_cmis = 3.1319997494e-04
m_swing_cmis = 4.9499502630e-01
m_swing_avcclo = 4.9438916636e-01
m_vcm_avcclo = 2.7213869153e+00
m_swing_avcchi = 4.9557684046e-01
m_vcm_avcchi = 3.3810258264e+00
m_vgs_sw_max = 1.7263682454e+00
m_vgd_sw_max = 1.8138150951e+00
m_vds_sw_max = 2.5572590385e+00
m_vgs_tail_max = 1.2611391962e+00
m_vds_tail_max = 1.1473203369e+00
m_swing_dc = 4.9466773423e-01
m_vcm_dc = 3.0513872088e+00
m_ioff_dc = 2.5578481066e-05
m_itail_dc = 9.9445116467e-03
m_icell_dc = 1.0444511647e-02
m_ro_leg = 2.2412330918e+04
Note: Simulation executed from .control section 

