
Note: No compatibility mode selected!


Circuit: * cml-driver-eye @ ss_125c_2.97v_742p5mbps -- generated by sim/harness, do not edit

Doing analysis at TEMP = 125.000000 and TNOM = 27.000000

Using SPARSE 1.3 as Direct Linear Solver

Initial Transient Solution
--------------------------

Node                                   Voltage
----                                   -------
avcc                                       3.3
avcclo                                    2.97
avcchi                                    3.63
inp                                     2.5245
inn                                     1.6335
inpz                                    2.5245
innz                                    1.6335
inref                                    0.891
win                                          0
winc                                         0
outp_c0                                2.81392
xc0.tail                              0.906804
outn_c0                                3.29499
ib_c0                                  1.25994
vd_c0                                 0.481068
outp_c1                                2.81392
xc1.tail                              0.906804
outn_c1                                3.29499
ib_c1                                  1.25994
vd_c1                                 0.481068
outp_c2                                2.81392
xc2.tail                              0.906804
outn_c2                                3.29499
ib_c2                                  1.25994
vd_c2                                 0.481068
outp_cmis                              2.81392
xcmis.tail                            0.906804
outn_cmis                              3.29499
ib_cmis                                1.25994
vd_cmis                               0.481068
outp_vlo                               2.48466
xvlo.tail                             0.893386
outn_vlo                               2.96468
ib_vlo                                 1.25994
outp_vhi                               3.14327
xvhi.tail                             0.919531
outn_vhi                                3.6252
ib_vhi                                 1.25994
outp_z                                 2.81392
xz.tail                               0.906804
vss_z                                        0
outn_z                                 3.29499
ib_z                                   1.25994
outp_za                                    2.6
xza.tail                              0.898748
outn_za                                3.29423
ib_za                                  1.25994
outp_zb                                      3
xzb.tail                              0.913632
outn_zb                                3.29556
ib_zb                                  1.25994
ediff_cmis#branch                            0
ediff_c2#branch                              0
ediff_c1#branch                              0
ediff_c0#branch                              0
einref#branch                                0
vforce_zb#branch                   -0.00973759
vforce_za#branch                   -0.00970126
vsens_z#branch                       0.0103219
vwinc#branch                                 0
vwin#branch                                  0
vinnz#branch                                 0
vinpz#branch                                 0
vinn#branch                                  0
vinp#branch                                  0
vavcchi#branch                     -0.00983057
vavcclo#branch                     -0.00981306
vavcc#branch                        -0.0493139

 Reference value :  8.56560e-09
 Reference value :  1.07656e-08
 Reference value :  1.13056e-08
 Reference value :  1.34565e-08
 Reference value :  1.50238e-08
 Reference value :  1.68424e-08
 Reference value :  1.85079e-08
 Reference value :  1.89013e-08
 Reference value :  1.89354e-08
 Reference value :  1.98000e-08
 Reference value :  2.28142e-08
 Reference value :  3.37073e-08
 Reference value :  3.64436e-08
 Reference value :  3.89223e-08
 Reference value :  4.32895e-08
 Reference value :  5.25495e-08
 Reference value :  5.84583e-08
No. of Data Rows : 4331
m_ui_ref            =  1.34680e-09 targ=  1.35080e-08 trig=  1.21612e-08
m_spa_in            =  5.38721e-09 targ=  1.75484e-08 trig=  1.21612e-08
m_spb_in            =  4.04040e-09 targ=  1.62016e-08 trig=  1.21612e-08
m_spa_c0            =  5.38720e-09 targ=  1.75562e-08 trig=  1.21690e-08
m_spb_c0            =  4.04040e-09 targ=  1.62094e-08 trig=  1.21690e-08
m_trise_c0          =  5.92478e-11 targ=  1.35451e-08 trig=  1.34858e-08
m_tfall_c0          =  5.92437e-11 targ=  1.48919e-08 trig=  1.48326e-08
m_spa_c1            =  5.38721e-09 targ=  1.75924e-08 trig=  1.22051e-08
m_spb_c1            =  4.04041e-09 targ=  1.62456e-08 trig=  1.22051e-08
m_trise_c1          =  1.39263e-10 targ=  1.36438e-08 trig=  1.35045e-08
m_tfall_c1          =  1.39184e-10 targ=  1.49905e-08 trig=  1.48513e-08
m_spa_c2            =  5.38721e-09 targ=  1.76237e-08 trig=  1.22365e-08
m_spb_c2            =  4.04041e-09 targ=  1.62769e-08 trig=  1.22365e-08
m_trise_c2          =  2.51588e-10 targ=  1.37657e-08 trig=  1.35141e-08
m_tfall_c2          =  2.51469e-10 targ=  1.51124e-08 trig=  1.48609e-08
m_spa_cmis          =  5.38721e-09 targ=  1.76038e-08 trig=  1.22166e-08
m_spb_cmis          =  4.04143e-09 targ=  1.62580e-08 trig=  1.22166e-08
m_dj_ui_c0 = 1.4850003816e-06
m_swing_c0 = 4.8196820372e-01
m_vpp_c0 = 5.3660469552e-01
m_vcm_c0 = 3.0539641096e+00
m_dj_ui_c1 = 2.2275005737e-06
m_swing_c1 = 4.8172673731e-01
m_vpp_c1 = 4.8544817144e-01
m_vcm_c1 = 3.0540856115e+00
m_dj_ui_c2 = 2.9700007651e-06
m_swing_c2 = 4.8122712728e-01
m_vpp_c2 = 4.8352313788e-01
m_vcm_c2 = 3.0542621302e+00
m_dj_ui_cmis = 7.6551769712e-04
m_swing_cmis = 4.8121821624e-01
m_swing_avcclo = 4.8064711801e-01
m_vcm_avcclo = 2.7243231621e+00
m_swing_avcchi = 4.8261926877e-01
m_vcm_avcchi = 3.3838585038e+00
m_vgs_sw_max = 1.6557255147e+00
m_vgd_sw_max = 1.9916853174e+00
m_vds_sw_max = 2.7539456968e+00
m_vgs_tail_max = 1.2609812879e+00
m_vds_tail_max = 9.1933616851e-01
m_swing_dc = 4.8106775110e-01
m_vcm_dc = 3.0544516048e+00
m_ioff_dc = 1.0029039374e-04
m_itail_dc = 9.8219358094e-03
m_icell_dc = 1.0321935810e-02
m_ro_leg = 1.1009009872e+04
Note: Simulation executed from .control section 

