
Note: No compatibility mode selected!


Circuit: * cml-driver-eye @ ss_125c_2.97v_270mbps -- generated by sim/harness, do not edit

Doing analysis at TEMP = 125.000000 and TNOM = 27.000000

Using SPARSE 1.3 as Direct Linear Solver

Initial Transient Solution
--------------------------

Node                                   Voltage
----                                   -------
avcc                                       3.3
avcclo                                    2.97
avcchi                                    3.63
inp                                     2.5245
inn                                     1.6335
inpz                                    2.5245
innz                                    1.6335
inref                                    0.891
win                                          0
winc                                         0
outp_c0                                2.81392
xc0.tail                              0.906804
outn_c0                                3.29499
ib_c0                                  1.25994
vd_c0                                 0.481068
outp_c1                                2.81392
xc1.tail                              0.906804
outn_c1                                3.29499
ib_c1                                  1.25994
vd_c1                                 0.481068
outp_c2                                2.81392
xc2.tail                              0.906804
outn_c2                                3.29499
ib_c2                                  1.25994
vd_c2                                 0.481068
outp_cmis                              2.81392
xcmis.tail                            0.906804
outn_cmis                              3.29499
ib_cmis                                1.25994
vd_cmis                               0.481068
outp_vlo                               2.48466
xvlo.tail                             0.893386
outn_vlo                               2.96468
ib_vlo                                 1.25994
outp_vhi                               3.14327
xvhi.tail                             0.919531
outn_vhi                                3.6252
ib_vhi                                 1.25994
outp_z                                 2.81392
xz.tail                               0.906804
vss_z                                        0
outn_z                                 3.29499
ib_z                                   1.25994
outp_za                                    2.6
xza.tail                              0.898748
outn_za                                3.29423
ib_za                                  1.25994
outp_zb                                      3
xzb.tail                              0.913632
outn_zb                                3.29556
ib_zb                                  1.25994
ediff_cmis#branch                            0
ediff_c2#branch                              0
ediff_c1#branch                              0
ediff_c0#branch                              0
einref#branch                                0
vforce_zb#branch                   -0.00973759
vforce_za#branch                   -0.00970126
vsens_z#branch                       0.0103219
vwinc#branch                                 0
vwin#branch                                  0
vinnz#branch                                 0
vinpz#branch                                 0
vinn#branch                                  0
vinp#branch                                  0
vavcchi#branch                     -0.00983057
vavcclo#branch                     -0.00981306
vavcc#branch                        -0.0493139

 Reference value :  2.02560e-09
 Reference value :  7.66560e-09
 Reference value :  1.28256e-08
 Reference value :  1.64856e-08
 Reference value :  2.09056e-08
 Reference value :  2.52056e-08
 Reference value :  2.60056e-08
 Reference value :  3.07256e-08
 Reference value :  3.77784e-08
 Reference value :  4.45245e-08
 Reference value :  4.90527e-08
 Reference value :  5.58601e-08
 Reference value :  6.02711e-08
No. of Data Rows : 3641
m_ui_ref            =  3.70370e-09 targ=  3.70770e-08 trig=  3.33733e-08
m_spa_in            =  1.48148e-08 targ=  4.81881e-08 trig=  3.33733e-08
m_spb_in            =  1.11111e-08 targ=  4.44844e-08 trig=  3.33733e-08
m_spa_c0            =  1.48148e-08 targ=  4.81960e-08 trig=  3.33812e-08
m_spb_c0            =  1.11111e-08 targ=  4.44923e-08 trig=  3.33812e-08
m_trise_c0          =  5.92642e-11 targ=  3.71141e-08 trig=  3.70548e-08
m_tfall_c0          =  5.92786e-11 targ=  4.08178e-08 trig=  4.07585e-08
m_spa_c1            =  1.48148e-08 targ=  4.82321e-08 trig=  3.34173e-08
m_spb_c1            =  1.11111e-08 targ=  4.45284e-08 trig=  3.34173e-08
m_trise_c1          =  1.39198e-10 targ=  3.72127e-08 trig=  3.70735e-08
m_tfall_c1          =  1.39305e-10 targ=  4.09165e-08 trig=  4.07772e-08
m_spa_c2            =  1.48148e-08 targ=  4.82634e-08 trig=  3.34486e-08
m_spb_c2            =  1.11111e-08 targ=  4.45597e-08 trig=  3.34486e-08
m_trise_c2          =  2.51484e-10 targ=  3.73345e-08 trig=  3.70831e-08
m_tfall_c2          =  2.51666e-10 targ=  4.10385e-08 trig=  4.07868e-08
m_spa_cmis          =  1.48148e-08 targ=  4.82435e-08 trig=  3.34287e-08
m_spb_cmis          =  1.11121e-08 targ=  4.45408e-08 trig=  3.34287e-08
m_dj_ui_c0 = 2.6999997835e-06
m_swing_c0 = 4.8133260117e-01
m_vpp_c0 = 5.3645626159e-01
m_vcm_c0 = 3.0543168455e+00
m_dj_ui_c1 = 2.6999997835e-06
m_swing_c1 = 4.8132616707e-01
m_vpp_c1 = 4.8527520120e-01
m_vcm_c1 = 3.0543201102e+00
m_dj_ui_c2 = 5.3999995675e-06
m_swing_c2 = 4.8128568688e-01
m_vpp_c2 = 4.8337541189e-01
m_vcm_c2 = 3.0543405615e+00
m_dj_ui_cmis = 2.7809997775e-04
m_swing_cmis = 4.8127986645e-01
m_swing_avcclo = 4.8026914229e-01
m_vcm_avcclo = 2.7245469423e+00
m_swing_avcchi = 4.8220226226e-01
m_vcm_avcchi = 3.3841007536e+00
m_vgs_sw_max = 1.6555912477e+00
m_vgd_sw_max = 1.9917037617e+00
m_vds_sw_max = 2.7536382278e+00
m_vgs_tail_max = 1.2608788034e+00
m_vds_tail_max = 9.1952682428e-01
m_swing_dc = 4.8106775110e-01
m_vcm_dc = 3.0544516048e+00
m_ioff_dc = 1.0029039373e-04
m_itail_dc = 9.8219358094e-03
m_icell_dc = 1.0321935810e-02
m_ro_leg = 1.1009009872e+04
Note: Simulation executed from .control section 

