
Note: No compatibility mode selected!


Circuit: * cml-driver-eye @ ss_27c_3.30v_270mbps -- generated by sim/harness, do not edit

Doing analysis at TEMP = 27.000000 and TNOM = 27.000000

Using SPARSE 1.3 as Direct Linear Solver

Initial Transient Solution
--------------------------

Node                                   Voltage
----                                   -------
avcc                                       3.3
avcclo                                    2.97
avcchi                                    3.63
inp                                      2.805
inn                                      1.815
inpz                                     2.805
innz                                     1.815
inref                                     0.99
win                                          0
winc                                         0
outp_c0                                2.80169
xc0.tail                               1.18317
outn_c0                                3.29999
ib_c0                                  1.26269
vd_c0                                 0.498293
outp_c1                                2.80169
xc1.tail                               1.18317
outn_c1                                3.29999
ib_c1                                  1.26269
vd_c1                                 0.498293
outp_c2                                2.80169
xc2.tail                               1.18317
outn_c2                                3.29999
ib_c2                                  1.26269
vd_c2                                 0.498293
outp_cmis                              2.80169
xcmis.tail                             1.18317
outn_cmis                              3.29999
ib_cmis                                1.26269
vd_cmis                               0.498293
outp_vlo                               2.47202
xvlo.tail                              1.16847
outn_vlo                               2.96998
ib_vlo                                 1.26269
outp_vhi                               3.13139
xvhi.tail                              1.19692
outn_vhi                               3.62999
ib_vhi                                 1.26269
outp_z                                 2.80169
xz.tail                                1.18317
vss_z                                        0
outn_z                                 3.29999
ib_z                                   1.26269
outp_za                                    2.6
xza.tail                               1.17434
outn_za                                3.29998
ib_za                                  1.26269
outp_zb                                      3
xzb.tail                               1.19152
outn_zb                                3.29999
ib_zb                                  1.26269
ediff_cmis#branch                            0
ediff_c2#branch                              0
ediff_c1#branch                              0
ediff_c0#branch                              0
einref#branch                                0
vforce_zb#branch                   -0.00996986
vforce_za#branch                   -0.00996221
vsens_z#branch                       0.0104665
vwinc#branch                                 0
vwin#branch                                  0
vinnz#branch                                 0
vinpz#branch                                 0
vinn#branch                                  0
vinp#branch                                  0
vavcchi#branch                     -0.00997244
vavcclo#branch                     -0.00996004
vavcc#branch                        -0.0498329

 Reference value :  1.14560e-09
 Reference value :  2.02560e-09
 Reference value :  3.04560e-09
 Reference value :  7.78560e-09
 Reference value :  1.10056e-08
 Reference value :  1.61056e-08
 Reference value :  1.85856e-08
 Reference value :  1.86656e-08
 Reference value :  1.87456e-08
 Reference value :  1.88256e-08
 Reference value :  1.89056e-08
 Reference value :  1.89856e-08
 Reference value :  1.90656e-08
 Reference value :  1.91456e-08
 Reference value :  1.92256e-08
 Reference value :  2.16456e-08
 Reference value :  2.20056e-08
 Reference value :  2.21056e-08
 Reference value :  2.23856e-08
 Reference value :  2.62256e-08
 Reference value :  3.20856e-08
 Reference value :  3.34061e-08
 Reference value :  3.34133e-08
 Reference value :  3.34134e-08
 Reference value :  3.70442e-08
 Reference value :  4.07433e-08
 Reference value :  4.31486e-08
 Reference value :  4.56523e-08
 Reference value :  4.57523e-08
 Reference value :  4.60523e-08
 Reference value :  4.61523e-08
 Reference value :  4.91712e-08
 Reference value :  5.19184e-08
 Reference value :  5.22349e-08
 Reference value :  5.55556e-08
 Reference value :  5.56123e-08
 Reference value :  5.66673e-08
 Reference value :  5.81670e-08
 Reference value :  6.00285e-08
No. of Data Rows : 3721
m_ui_ref            =  3.70370e-09 targ=  3.70770e-08 trig=  3.33733e-08
m_spa_in            =  1.48148e-08 targ=  4.81881e-08 trig=  3.33733e-08
m_spb_in            =  1.11111e-08 targ=  4.44844e-08 trig=  3.33733e-08
m_spa_c0            =  1.48148e-08 targ=  4.81953e-08 trig=  3.33805e-08
m_spb_c0            =  1.11111e-08 targ=  4.44916e-08 trig=  3.33805e-08
m_trise_c0          =  4.77867e-11 targ=  3.71068e-08 trig=  3.70590e-08
m_tfall_c0          =  4.77845e-11 targ=  4.08105e-08 trig=  4.07627e-08
m_spa_c1            =  1.48148e-08 targ=  4.82294e-08 trig=  3.34146e-08
m_spb_c1            =  1.11111e-08 targ=  4.45257e-08 trig=  3.34146e-08
m_trise_c1          =  1.20822e-10 targ=  3.71987e-08 trig=  3.70779e-08
m_tfall_c1          =  1.20826e-10 targ=  4.09024e-08 trig=  4.07816e-08
m_spa_c2            =  1.48148e-08 targ=  4.82600e-08 trig=  3.34452e-08
m_spb_c2            =  1.11111e-08 targ=  4.45563e-08 trig=  3.34452e-08
m_trise_c2          =  2.27223e-10 targ=  3.73144e-08 trig=  3.70872e-08
m_tfall_c2          =  2.27220e-10 targ=  4.10181e-08 trig=  4.07909e-08
m_spa_cmis          =  1.48148e-08 targ=  4.82400e-08 trig=  3.34252e-08
m_spb_cmis          =  1.11125e-08 targ=  4.45377e-08 trig=  3.34252e-08
m_dj_ui_c0 = 0.0000000000e+00
m_swing_c0 = 4.9882930846e-01
m_vpp_c0 = 6.0377127959e-01
m_vcm_c0 = 3.0505704828e+00
m_dj_ui_c1 = 2.6999997835e-06
m_swing_c1 = 4.9883946637e-01
m_vpp_c1 = 5.0647918643e-01
m_vcm_c1 = 3.0505654025e+00
m_dj_ui_c2 = 5.3999995684e-06
m_swing_c2 = 4.9880877450e-01
m_vpp_c2 = 5.0264610722e-01
m_vcm_c2 = 3.0505807484e+00
m_dj_ui_cmis = 3.6719997062e-04
m_swing_cmis = 4.9880694399e-01
m_swing_avcclo = 4.9850325429e-01
m_vcm_avcclo = 2.7207311265e+00
m_swing_avcchi = 4.9914836967e-01
m_vcm_avcchi = 3.3804126012e+00
m_vgs_sw_max = 1.6923517224e+00
m_vgd_sw_max = 1.8149868055e+00
m_vds_sw_max = 2.5575565853e+00
m_vgs_tail_max = 1.2645094272e+00
m_vds_tail_max = 1.1969206065e+00
m_swing_dc = 4.9829338347e-01
m_vcm_dc = 3.0508384682e+00
m_ioff_dc = 2.9680222001e-07
m_itail_dc = 9.9664612737e-03
m_icell_dc = 1.0466461274e-02
m_ro_leg = 5.2301618641e+04
Note: Simulation executed from .control section 

