
Note: No compatibility mode selected!


Circuit: * cml-driver-eye @ ss_27c_2.97v_270mbps -- generated by sim/harness, do not edit

Doing analysis at TEMP = 27.000000 and TNOM = 27.000000

Using SPARSE 1.3 as Direct Linear Solver

Initial Transient Solution
--------------------------

Node                                   Voltage
----                                   -------
avcc                                       3.3
avcclo                                    2.97
avcchi                                    3.63
inp                                     2.5245
inn                                     1.6335
inpz                                    2.5245
innz                                    1.6335
inref                                    0.891
win                                          0
winc                                         0
outp_c0                                2.80754
xc0.tail                              0.948587
outn_c0                                3.29981
ib_c0                                  1.26269
vd_c0                                  0.49227
outp_c1                                2.80754
xc1.tail                              0.948587
outn_c1                                3.29981
ib_c1                                  1.26269
vd_c1                                  0.49227
outp_c2                                2.80754
xc2.tail                              0.948587
outn_c2                                3.29981
ib_c2                                  1.26269
vd_c2                                  0.49227
outp_cmis                              2.80754
xcmis.tail                            0.948587
outn_cmis                              3.29981
ib_cmis                                1.26269
vd_cmis                                0.49227
outp_vlo                               2.47793
xvlo.tail                             0.935433
outn_vlo                               2.96979
ib_vlo                                 1.26269
outp_vhi                               3.13717
xvhi.tail                             0.961174
outn_vhi                               3.62983
ib_vhi                                 1.26269
outp_z                                 2.80754
xz.tail                               0.948587
vss_z                                        0
outn_z                                 3.29981
ib_z                                   1.26269
outp_za                                    2.6
xza.tail                              0.940428
outn_za                                3.29976
ib_za                                  1.26269
outp_zb                                      3
xzb.tail                              0.955963
outn_zb                                3.29985
ib_zb                                  1.26269
ediff_cmis#branch                            0
ediff_c2#branch                              0
ediff_c1#branch                              0
ediff_c0#branch                              0
einref#branch                                0
vforce_zb#branch                   -0.00985405
vforce_za#branch                   -0.00984356
vsens_z#branch                       0.0103529
vwinc#branch                                 0
vwin#branch                                  0
vinnz#branch                                 0
vinpz#branch                                 0
vinn#branch                                  0
vinp#branch                                  0
vavcchi#branch                     -0.00986013
vavcclo#branch                     -0.00984559
vavcc#branch                        -0.0492722

 Reference value :  0.00000e+00
 Reference value :  5.00560e-09
 Reference value :  9.72560e-09
 Reference value :  1.47656e-08
 Reference value :  2.09456e-08
 Reference value :  2.49456e-08
 Reference value :  3.03656e-08
 Reference value :  3.34282e-08
 Reference value :  3.71176e-08
 Reference value :  3.72717e-08
 Reference value :  4.07720e-08
 Reference value :  4.43501e-08
 Reference value :  5.12775e-08
 Reference value :  5.55556e-08
 Reference value :  5.74034e-08
 Reference value :  5.94047e-08
No. of Data Rows : 3684
m_ui_ref            =  3.70370e-09 targ=  3.70770e-08 trig=  3.33733e-08
m_spa_in            =  1.48148e-08 targ=  4.81881e-08 trig=  3.33733e-08
m_spb_in            =  1.11111e-08 targ=  4.44844e-08 trig=  3.33733e-08
m_spa_c0            =  1.48148e-08 targ=  4.81952e-08 trig=  3.33804e-08
m_spb_c0            =  1.11111e-08 targ=  4.44915e-08 trig=  3.33804e-08
m_trise_c0          =  5.14624e-11 targ=  3.71088e-08 trig=  3.70573e-08
m_tfall_c0          =  5.14510e-11 targ=  4.08125e-08 trig=  4.07610e-08
m_spa_c1            =  1.48148e-08 targ=  4.82300e-08 trig=  3.34152e-08
m_spb_c1            =  1.11111e-08 targ=  4.45263e-08 trig=  3.34152e-08
m_trise_c1          =  1.26957e-10 targ=  3.72031e-08 trig=  3.70762e-08
m_tfall_c1          =  1.26923e-10 targ=  4.09068e-08 trig=  4.07799e-08
m_spa_c2            =  1.48148e-08 targ=  4.82609e-08 trig=  3.34461e-08
m_spb_c2            =  1.11111e-08 targ=  4.45572e-08 trig=  3.34461e-08
m_trise_c2          =  2.35346e-10 targ=  3.73210e-08 trig=  3.70856e-08
m_tfall_c2          =  2.35275e-10 targ=  4.10246e-08 trig=  4.07893e-08
m_spa_cmis          =  1.48148e-08 targ=  4.82409e-08 trig=  3.34261e-08
m_spb_cmis          =  1.11124e-08 targ=  4.45385e-08 trig=  3.34261e-08
m_dj_ui_c0 = 2.6999997835e-06
m_swing_c0 = 4.9269851114e-01
m_vpp_c0 = 5.7817622117e-01
m_vcm_c0 = 3.0534635430e+00
m_dj_ui_c1 = 2.6999997835e-06
m_swing_c1 = 4.9270293553e-01
m_vpp_c1 = 4.9849858131e-01
m_vcm_c1 = 3.0534613272e+00
m_dj_ui_c2 = 8.0999993519e-06
m_swing_c2 = 4.9266699705e-01
m_vpp_c2 = 4.9552365834e-01
m_vcm_c2 = 3.0534793019e+00
m_dj_ui_cmis = 3.4019997278e-04
m_swing_cmis = 4.9266489232e-01
m_swing_avcclo = 4.9228925003e-01
m_vcm_avcclo = 2.7236479569e+00
m_swing_avcchi = 4.9310223756e-01
m_vcm_avcchi = 3.3832769605e+00
m_vgs_sw_max = 1.6313672493e+00
m_vgd_sw_max = 1.9963282015e+00
m_vds_sw_max = 2.7586782097e+00
m_vgs_tail_max = 1.2641911239e+00
m_vds_tail_max = 9.6117157954e-01
m_swing_dc = 4.9227005519e-01
m_vcm_dc = 3.0536779153e+00
m_ioff_dc = 3.7411418112e-06
m_itail_dc = 9.8528833875e-03
m_icell_dc = 1.0352883388e-02
m_ro_leg = 3.8124850499e+04
Note: Simulation executed from .control section 

