
Note: No compatibility mode selected!


Circuit: * cml-driver-eye @ tt_-40c_2.97v_270mbps -- generated by sim/harness, do not edit

Doing analysis at TEMP = -40.000000 and TNOM = 27.000000

Using SPARSE 1.3 as Direct Linear Solver

Initial Transient Solution
--------------------------

Node                                   Voltage
----                                   -------
avcc                                       3.3
avcclo                                    2.97
avcchi                                    3.63
inp                                     2.5245
inn                                     1.6335
inpz                                    2.5245
innz                                    1.6335
inref                                    0.891
win                                          0
winc                                         0
outp_c0                                 2.8003
xc0.tail                               1.11987
outn_c0                                    3.3
ib_c0                                  1.13262
vd_c0                                 0.499696
outp_c1                                 2.8003
xc1.tail                               1.11987
outn_c1                                    3.3
ib_c1                                  1.13262
vd_c1                                 0.499696
outp_c2                                 2.8003
xc2.tail                               1.11987
outn_c2                                    3.3
ib_c2                                  1.13262
vd_c2                                 0.499696
outp_cmis                               2.8003
xcmis.tail                             1.11987
outn_cmis                                  3.3
ib_cmis                                1.13262
vd_cmis                               0.499696
outp_vlo                               2.47065
xvlo.tail                              1.10536
outn_vlo                                  2.97
ib_vlo                                 1.13262
outp_vhi                               3.12996
xvhi.tail                              1.13386
outn_vhi                                  3.63
ib_vhi                                 1.13262
outp_z                                  2.8003
xz.tail                                1.11987
vss_z                                        0
outn_z                                     3.3
ib_z                                   1.13262
outp_za                                    2.6
xza.tail                               1.11114
outn_za                                    3.3
ib_za                                  1.13262
outp_zb                                      3
xzb.tail                               1.12839
outn_zb                                    3.3
ib_zb                                  1.13262
ediff_cmis#branch                            0
ediff_c2#branch                              0
ediff_c1#branch                              0
ediff_c0#branch                              0
einref#branch                                0
vforce_zb#branch                   -0.00999806
vforce_za#branch                   -0.00998971
vsens_z#branch                       0.0104939
vwinc#branch                                 0
vwin#branch                                  0
vinnz#branch                                 0
vinpz#branch                                 0
vinn#branch                                  0
vinp#branch                                  0
vavcchi#branch                      -0.0100008
vavcclo#branch                     -0.00998693
vavcc#branch                        -0.0499696

 Reference value :  5.22560e-09
 Reference value :  1.67256e-08
 Reference value :  2.72856e-08
 Reference value :  3.52281e-08
 Reference value :  4.18617e-08
 Reference value :  4.82263e-08
 Reference value :  5.55699e-08
No. of Data Rows : 3742
m_ui_ref            =  3.70370e-09 targ=  3.70770e-08 trig=  3.33733e-08
m_spa_in            =  1.48148e-08 targ=  4.81881e-08 trig=  3.33733e-08
m_spb_in            =  1.11111e-08 targ=  4.44844e-08 trig=  3.33733e-08
m_spa_c0            =  1.48148e-08 targ=  4.81940e-08 trig=  3.33792e-08
m_spb_c0            =  1.11111e-08 targ=  4.44903e-08 trig=  3.33792e-08
m_trise_c0          =  4.46775e-11 targ=  3.71027e-08 trig=  3.70580e-08
m_tfall_c0          =  4.46644e-11 targ=  4.08064e-08 trig=  4.07618e-08
m_spa_c1            =  1.48148e-08 targ=  4.82270e-08 trig=  3.34122e-08
m_spb_c1            =  1.11111e-08 targ=  4.45233e-08 trig=  3.34122e-08
m_trise_c1          =  1.17570e-10 targ=  3.71950e-08 trig=  3.70775e-08
m_tfall_c1          =  1.17476e-10 targ=  4.08986e-08 trig=  4.07812e-08
m_spa_c2            =  1.48148e-08 targ=  4.82575e-08 trig=  3.34427e-08
m_spb_c2            =  1.11111e-08 targ=  4.45538e-08 trig=  3.34427e-08
m_trise_c2          =  2.23173e-10 targ=  3.73097e-08 trig=  3.70865e-08
m_tfall_c2          =  2.23006e-10 targ=  4.10132e-08 trig=  4.07902e-08
m_spa_cmis          =  1.48148e-08 targ=  4.82373e-08 trig=  3.34225e-08
m_spb_cmis          =  1.11126e-08 targ=  4.45351e-08 trig=  3.34225e-08
m_dj_ui_c0 = 0.0000000000e+00
m_swing_c0 = 5.0010525579e-01
m_vpp_c0 = 6.1728938869e-01
m_vcm_c0 = 3.0499470555e+00
m_dj_ui_c1 = 0.0000000000e+00
m_swing_c1 = 5.0012598932e-01
m_vpp_c1 = 5.0717640921e-01
m_vcm_c1 = 3.0499366884e+00
m_dj_ui_c2 = 2.6999997835e-06
m_swing_c2 = 5.0010950064e-01
m_vpp_c2 = 5.0338430397e-01
m_vcm_c2 = 3.0499449294e+00
m_dj_ui_cmis = 3.9959996803e-04
m_swing_cmis = 5.0010792915e-01
m_swing_avcclo = 4.9977226935e-01
m_vcm_avcclo = 2.7201134927e+00
m_swing_avcchi = 5.0047349515e-01
m_vcm_avcchi = 3.3797629767e+00
m_vgs_sw_max = 1.4635254266e+00
m_vgd_sw_max = 1.9964997217e+00
m_vds_sw_max = 2.6392907916e+00
m_vgs_tail_max = 1.1347271679e+00
m_vds_tail_max = 1.1338642868e+00
m_swing_dc = 4.9969567736e-01
m_vcm_dc = 3.0501518420e+00
m_ioff_dc = 6.3861699306e-09
m_itail_dc = 9.9939263196e-03
m_icell_dc = 1.0493926320e-02
m_ro_leg = 4.7900557524e+04
Note: Simulation executed from .control section 

