
Note: No compatibility mode selected!


Circuit: * cml-driver-eye @ tt_-40c_3.63v_270mbps -- generated by sim/harness, do not edit

Doing analysis at TEMP = -40.000000 and TNOM = 27.000000

Using SPARSE 1.3 as Direct Linear Solver

Initial Transient Solution
--------------------------

Node                                   Voltage
----                                   -------
avcc                                       3.3
avcclo                                    2.97
avcchi                                    3.63
inp                                     3.0855
inn                                     1.9965
inpz                                    3.0855
innz                                    1.9965
inref                                    1.089
win                                          0
winc                                         0
outp_c0                                2.79011
xc0.tail                               1.60082
outn_c0                                    3.3
ib_c0                                  1.13262
vd_c0                                 0.509888
outp_c1                                2.79011
xc1.tail                               1.60082
outn_c1                                    3.3
ib_c1                                  1.13262
vd_c1                                 0.509888
outp_c2                                2.79011
xc2.tail                               1.60082
outn_c2                                    3.3
ib_c2                                  1.13262
vd_c2                                 0.509888
outp_cmis                              2.79011
xcmis.tail                             1.60082
outn_cmis                                  3.3
ib_cmis                                1.13262
vd_cmis                               0.509888
outp_vlo                               2.46047
xvlo.tail                              1.58242
outn_vlo                                  2.97
ib_vlo                                 1.13262
outp_vhi                               3.11979
xvhi.tail                              1.61737
outn_vhi                                  3.63
ib_vhi                                 1.13262
outp_z                                 2.79011
xz.tail                                1.60082
vss_z                                        0
outn_z                                     3.3
ib_z                                   1.13262
outp_za                                    2.6
xza.tail                               1.59057
outn_za                                    3.3
ib_za                                  1.13262
outp_zb                                      3
xzb.tail                               1.61148
outn_zb                                    3.3
ib_zb                                  1.13262
ediff_cmis#branch                            0
ediff_c2#branch                              0
ediff_c1#branch                              0
ediff_c0#branch                              0
einref#branch                                0
vforce_zb#branch                    -0.0102019
vforce_za#branch                    -0.0101938
vsens_z#branch                       0.0106978
vwinc#branch                                 0
vwin#branch                                  0
vinnz#branch                                 0
vinpz#branch                                 0
vinn#branch                                  0
vinp#branch                                  0
vavcchi#branch                      -0.0102041
vavcclo#branch                      -0.0101907
vavcc#branch                        -0.0509888

 Reference value :  0.00000e+00
 Reference value :  7.82560e-09
 Reference value :  1.83656e-08
 Reference value :  2.92856e-08
 Reference value :  3.45273e-08
 Reference value :  3.82049e-08
 Reference value :  4.09699e-08
 Reference value :  4.52122e-08
 Reference value :  4.84359e-08
 Reference value :  5.29633e-08
 Reference value :  5.62633e-08
 Reference value :  5.92155e-08
 Reference value :  5.92222e-08
No. of Data Rows : 3818
m_ui_ref            =  3.70370e-09 targ=  3.70770e-08 trig=  3.33733e-08
m_spa_in            =  1.48148e-08 targ=  4.81881e-08 trig=  3.33733e-08
m_spb_in            =  1.11111e-08 targ=  4.44844e-08 trig=  3.33733e-08
m_spa_c0            =  1.48148e-08 targ=  4.81941e-08 trig=  3.33793e-08
m_spb_c0            =  1.11111e-08 targ=  4.44904e-08 trig=  3.33793e-08
m_trise_c0          =  4.17367e-11 targ=  3.70999e-08 trig=  3.70582e-08
m_tfall_c0          =  4.17347e-11 targ=  4.08036e-08 trig=  4.07619e-08
m_spa_c1            =  1.48148e-08 targ=  4.82258e-08 trig=  3.34110e-08
m_spb_c1            =  1.11111e-08 targ=  4.45221e-08 trig=  3.34110e-08
m_trise_c1          =  1.08992e-10 targ=  3.71884e-08 trig=  3.70794e-08
m_tfall_c1          =  1.08962e-10 targ=  4.08921e-08 trig=  4.07831e-08
m_spa_c2            =  1.48148e-08 targ=  4.82558e-08 trig=  3.34410e-08
m_spb_c2            =  1.11111e-08 targ=  4.45521e-08 trig=  3.34410e-08
m_trise_c2          =  2.11778e-10 targ=  3.73000e-08 trig=  3.70882e-08
m_tfall_c2          =  2.11886e-10 targ=  4.10038e-08 trig=  4.07919e-08
m_spa_cmis          =  1.48148e-08 targ=  4.82358e-08 trig=  3.34209e-08
m_spb_cmis          =  1.11128e-08 targ=  4.45337e-08 trig=  3.34209e-08
m_dj_ui_c0 = 0.0000000000e+00
m_swing_c0 = 5.1033620582e-01
m_vpp_c0 = 6.6190000908e-01
m_vcm_c0 = 3.0448318989e+00
m_dj_ui_c1 = 0.0000000000e+00
m_swing_c1 = 5.1036477800e-01
m_vpp_c1 = 5.1991733454e-01
m_vcm_c1 = 3.0448176137e+00
m_dj_ui_c2 = 2.6999997835e-06
m_swing_c2 = 5.1035937570e-01
m_vpp_c2 = 5.1492634019e-01
m_vcm_c2 = 3.0448203117e+00
m_dj_ui_cmis = 4.4549996436e-04
m_swing_cmis = 5.1035801475e-01
m_swing_avcclo = 5.1000321850e-01
m_vcm_avcclo = 2.7149983933e+00
m_swing_avcchi = 5.1068458469e-01
m_vcm_avcchi = 3.3746577104e+00
m_vgs_sw_max = 1.5628779043e+00
m_vgd_sw_max = 1.6335000023e+00
m_vds_sw_max = 2.2314894962e+00
m_vgs_tail_max = 1.1350682843e+00
m_vds_tail_max = 1.6173675392e+00
m_swing_dc = 5.0988820221e-01
m_vcm_dc = 3.0450558985e+00
m_ioff_dc = 7.2937389461e-12
m_itail_dc = 1.0197764059e-02
m_icell_dc = 1.0697764059e-02
m_ro_leg = 4.9831388291e+04
Note: Simulation executed from .control section 

