
Note: No compatibility mode selected!


Circuit: * cml-driver-eye @ tt_125c_3.63v_742p5mbps -- generated by sim/harness, do not edit

Doing analysis at TEMP = 125.000000 and TNOM = 27.000000

Using SPARSE 1.3 as Direct Linear Solver

Initial Transient Solution
--------------------------

Node                                   Voltage
----                                   -------
avcc                                       3.3
avcclo                                    2.97
avcchi                                    3.63
inp                                     3.0855
inn                                     1.9965
inpz                                    3.0855
innz                                    1.9965
inref                                    1.089
win                                          0
winc                                         0
outp_c0                                2.79184
xc0.tail                                1.5214
outn_c0                                3.29993
ib_c0                                  1.11872
vd_c0                                 0.508095
outp_c1                                2.79184
xc1.tail                                1.5214
outn_c1                                3.29993
ib_c1                                  1.11872
vd_c1                                 0.508095
outp_c2                                2.79184
xc2.tail                                1.5214
outn_c2                                3.29993
ib_c2                                  1.11872
vd_c2                                 0.508095
outp_cmis                              2.79184
xcmis.tail                              1.5214
outn_cmis                              3.29993
ib_cmis                                1.11872
vd_cmis                               0.508095
outp_vlo                               2.46225
xvlo.tail                               1.4992
outn_vlo                               2.96992
ib_vlo                                 1.11872
outp_vhi                                3.1215
xvhi.tail                               1.5398
outn_vhi                               3.62994
ib_vhi                                 1.11872
outp_z                                 2.79184
xz.tail                                 1.5214
vss_z                                        0
outn_z                                 3.29993
ib_z                                   1.11872
outp_za                                    2.6
xza.tail                               1.50929
outn_za                                3.29991
ib_za                                  1.11872
outp_zb                                      3
xzb.tail                               1.53325
outn_zb                                3.29995
ib_zb                                  1.11872
ediff_cmis#branch                            0
ediff_c2#branch                              0
ediff_c1#branch                              0
ediff_c0#branch                              0
einref#branch                                0
vforce_zb#branch                    -0.0101678
vforce_za#branch                    -0.0101584
vsens_z#branch                       0.0106646
vwinc#branch                                 0
vwin#branch                                  0
vinnz#branch                                 0
vinpz#branch                                 0
vinn#branch                                  0
vinp#branch                                  0
vavcchi#branch                      -0.0101711
vavcclo#branch                      -0.0101566
vavcc#branch                        -0.0508256

 Reference value :  9.46560e-09
 Reference value :  1.49930e-08
 Reference value :  1.88552e-08
 Reference value :  2.14858e-08
 Reference value :  3.13503e-08
 Reference value :  3.65255e-08
 Reference value :  4.17510e-08
 Reference value :  4.85229e-08
 Reference value :  5.52189e-08
 Reference value :  5.59921e-08
 Reference value :  5.79189e-08
 Reference value :  5.93393e-08
No. of Data Rows : 4485
m_ui_ref            =  1.34680e-09 targ=  1.35080e-08 trig=  1.21612e-08
m_spa_in            =  5.38721e-09 targ=  1.75484e-08 trig=  1.21612e-08
m_spb_in            =  4.04040e-09 targ=  1.62016e-08 trig=  1.21612e-08
m_spa_c0            =  5.38720e-09 targ=  1.75557e-08 trig=  1.21685e-08
m_spb_c0            =  4.04040e-09 targ=  1.62089e-08 trig=  1.21685e-08
m_trise_c0          =  4.72673e-11 targ=  1.35379e-08 trig=  1.34906e-08
m_tfall_c0          =  4.72706e-11 targ=  1.48847e-08 trig=  1.48374e-08
m_spa_c1            =  5.38721e-09 targ=  1.75899e-08 trig=  1.22027e-08
m_spb_c1            =  4.04041e-09 targ=  1.62431e-08 trig=  1.22027e-08
m_trise_c1          =  1.15644e-10 targ=  1.36256e-08 trig=  1.35099e-08
m_tfall_c1          =  1.15676e-10 targ=  1.49724e-08 trig=  1.48567e-08
m_spa_c2            =  5.38721e-09 targ=  1.76203e-08 trig=  1.22331e-08
m_spb_c2            =  4.04041e-09 targ=  1.62735e-08 trig=  1.22331e-08
m_trise_c2          =  2.18298e-10 targ=  1.37379e-08 trig=  1.35196e-08
m_tfall_c2          =  2.18706e-10 targ=  1.50852e-08 trig=  1.48664e-08
m_spa_cmis          =  5.38721e-09 targ=  1.76004e-08 trig=  1.22132e-08
m_spb_cmis          =  4.04187e-09 targ=  1.62550e-08 trig=  1.22132e-08
m_dj_ui_c0 = 2.9700007651e-06
m_swing_c0 = 5.0971681828e-01
m_vpp_c0 = 6.1573037109e-01
m_vcm_c0 = 3.0450736979e+00
m_dj_ui_c1 = 4.4550011474e-06
m_swing_c1 = 5.0935155730e-01
m_vpp_c1 = 5.1582802247e-01
m_vcm_c1 = 3.0452563148e+00
m_dj_ui_c2 = 6.6825017210e-06
m_swing_c2 = 5.0847804906e-01
m_vpp_c2 = 5.1254387428e-01
m_vcm_c2 = 3.0456113285e+00
m_dj_ui_cmis = 1.0899902807e-03
m_swing_cmis = 5.0848431555e-01
m_swing_avcclo = 5.0881903550e-01
m_vcm_avcclo = 2.7155040179e+00
m_swing_avcchi = 5.0974069731e-01
m_vcm_avcchi = 3.3750711110e+00
m_vgs_sw_max = 1.6398778386e+00
m_vgd_sw_max = 1.6334421125e+00
m_vds_sw_max = 2.2231816170e+00
m_vgs_tail_max = 1.1202550409e+00
m_vds_tail_max = 1.5395464232e+00
m_swing_dc = 5.0809534477e-01
m_vcm_dc = 3.0458857826e+00
m_ioff_dc = 1.3309000484e-06
m_itail_dc = 1.0164568695e-02
m_icell_dc = 1.0664568696e-02
m_ro_leg = 4.2705165556e+04
Note: Simulation executed from .control section 

