
Note: No compatibility mode selected!


Circuit: * cml-driver-eye @ tt_125c_3.63v_270mbps -- generated by sim/harness, do not edit

Doing analysis at TEMP = 125.000000 and TNOM = 27.000000

Using SPARSE 1.3 as Direct Linear Solver

Initial Transient Solution
--------------------------

Node                                   Voltage
----                                   -------
avcc                                       3.3
avcclo                                    2.97
avcchi                                    3.63
inp                                     3.0855
inn                                     1.9965
inpz                                    3.0855
innz                                    1.9965
inref                                    1.089
win                                          0
winc                                         0
outp_c0                                2.79184
xc0.tail                                1.5214
outn_c0                                3.29993
ib_c0                                  1.11872
vd_c0                                 0.508095
outp_c1                                2.79184
xc1.tail                                1.5214
outn_c1                                3.29993
ib_c1                                  1.11872
vd_c1                                 0.508095
outp_c2                                2.79184
xc2.tail                                1.5214
outn_c2                                3.29993
ib_c2                                  1.11872
vd_c2                                 0.508095
outp_cmis                              2.79184
xcmis.tail                              1.5214
outn_cmis                              3.29993
ib_cmis                                1.11872
vd_cmis                               0.508095
outp_vlo                               2.46225
xvlo.tail                               1.4992
outn_vlo                               2.96992
ib_vlo                                 1.11872
outp_vhi                                3.1215
xvhi.tail                               1.5398
outn_vhi                               3.62994
ib_vhi                                 1.11872
outp_z                                 2.79184
xz.tail                                 1.5214
vss_z                                        0
outn_z                                 3.29993
ib_z                                   1.11872
outp_za                                    2.6
xza.tail                               1.50929
outn_za                                3.29991
ib_za                                  1.11872
outp_zb                                      3
xzb.tail                               1.53325
outn_zb                                3.29995
ib_zb                                  1.11872
ediff_cmis#branch                            0
ediff_c2#branch                              0
ediff_c1#branch                              0
ediff_c0#branch                              0
einref#branch                                0
vforce_zb#branch                    -0.0101678
vforce_za#branch                    -0.0101584
vsens_z#branch                       0.0106646
vwinc#branch                                 0
vwin#branch                                  0
vinnz#branch                                 0
vinpz#branch                                 0
vinn#branch                                  0
vinp#branch                                  0
vavcchi#branch                      -0.0101711
vavcclo#branch                      -0.0101566
vavcc#branch                        -0.0508256

 Reference value :  0.00000e+00
 Reference value :  1.38560e-09
 Reference value :  9.32560e-09
 Reference value :  1.93856e-08
 Reference value :  3.09856e-08
 Reference value :  3.77788e-08
 Reference value :  4.45315e-08
 Reference value :  5.19069e-08
 Reference value :  5.84049e-08
No. of Data Rows : 3704
m_ui_ref            =  3.70370e-09 targ=  3.70770e-08 trig=  3.33733e-08
m_spa_in            =  1.48148e-08 targ=  4.81881e-08 trig=  3.33733e-08
m_spb_in            =  1.11111e-08 targ=  4.44844e-08 trig=  3.33733e-08
m_spa_c0            =  1.48148e-08 targ=  4.81954e-08 trig=  3.33806e-08
m_spb_c0            =  1.11111e-08 targ=  4.44917e-08 trig=  3.33806e-08
m_trise_c0          =  4.72658e-11 targ=  3.71069e-08 trig=  3.70596e-08
m_tfall_c0          =  4.72833e-11 targ=  4.08106e-08 trig=  4.07633e-08
m_spa_c1            =  1.48148e-08 targ=  4.82296e-08 trig=  3.34148e-08
m_spb_c1            =  1.11111e-08 targ=  4.45259e-08 trig=  3.34148e-08
m_trise_c1          =  1.15864e-10 targ=  3.71947e-08 trig=  3.70789e-08
m_tfall_c1          =  1.15744e-10 targ=  4.08984e-08 trig=  4.07826e-08
m_spa_c2            =  1.48148e-08 targ=  4.82600e-08 trig=  3.34452e-08
m_spb_c2            =  1.11111e-08 targ=  4.45563e-08 trig=  3.34452e-08
m_trise_c2          =  2.18487e-10 targ=  3.73072e-08 trig=  3.70887e-08
m_tfall_c2          =  2.18837e-10 targ=  4.10112e-08 trig=  4.07923e-08
m_spa_cmis          =  1.48148e-08 targ=  4.82401e-08 trig=  3.34253e-08
m_spb_cmis          =  1.11126e-08 targ=  4.45379e-08 trig=  3.34253e-08
m_dj_ui_c0 = 2.6999997835e-06
m_swing_c0 = 5.0849921801e-01
m_vpp_c0 = 6.1565243258e-01
m_vcm_c0 = 3.0456837873e+00
m_dj_ui_c1 = 2.6999997835e-06
m_swing_c1 = 5.0849443384e-01
m_vpp_c1 = 5.1556087612e-01
m_vcm_c1 = 3.0456861796e+00
m_dj_ui_c2 = 2.6999997844e-06
m_swing_c2 = 5.0844673435e-01
m_vpp_c2 = 5.1227129869e-01
m_vcm_c2 = 3.0457100334e+00
m_dj_ui_cmis = 3.9689996825e-04
m_swing_cmis = 5.0844504723e-01
m_swing_avcclo = 5.0803667839e-01
m_vcm_avcclo = 2.7158967331e+00
m_swing_avcchi = 5.0884894627e-01
m_vcm_avcchi = 3.3755181543e+00
m_vgs_sw_max = 1.6397015774e+00
m_vgd_sw_max = 1.6334426727e+00
m_vds_sw_max = 2.2229425009e+00
m_vgs_tail_max = 1.1201405435e+00
m_vds_tail_max = 1.5397976802e+00
m_swing_dc = 5.0809534477e-01
m_vcm_dc = 3.0458857826e+00
m_ioff_dc = 1.3309000484e-06
m_itail_dc = 1.0164568695e-02
m_icell_dc = 1.0664568696e-02
m_ro_leg = 4.2705165556e+04
Note: Simulation executed from .control section 

