
Note: No compatibility mode selected!


Circuit: * cml-driver-eye @ tt_125c_3.30v_270mbps -- generated by sim/harness, do not edit

Doing analysis at TEMP = 125.000000 and TNOM = 27.000000

Using SPARSE 1.3 as Direct Linear Solver

Initial Transient Solution
--------------------------

Node                                   Voltage
----                                   -------
avcc                                       3.3
avcclo                                    2.97
avcchi                                    3.63
inp                                      2.805
inn                                      1.815
inpz                                     2.805
innz                                     1.815
inref                                     0.99
win                                          0
winc                                         0
outp_c0                                2.79668
xc0.tail                               1.28717
outn_c0                                3.29957
ib_c0                                  1.11872
vd_c0                                 0.502891
outp_c1                                2.79668
xc1.tail                               1.28717
outn_c1                                3.29957
ib_c1                                  1.11872
vd_c1                                 0.502891
outp_c2                                2.79668
xc2.tail                               1.28717
outn_c2                                3.29957
ib_c2                                  1.11872
vd_c2                                 0.502891
outp_cmis                              2.79668
xcmis.tail                             1.28717
outn_cmis                              3.29957
ib_cmis                                1.11872
vd_cmis                               0.502891
outp_vlo                               2.46712
xvlo.tail                              1.26914
outn_vlo                               2.96951
ib_vlo                                 1.11872
outp_vhi                                3.1263
xvhi.tail                               1.3035
outn_vhi                               3.62961
ib_vhi                                 1.11872
outp_z                                 2.79668
xz.tail                                1.28717
vss_z                                        0
outn_z                                 3.29957
ib_z                                   1.11872
outp_za                                    2.6
xza.tail                               1.27679
outn_za                                3.29946
ib_za                                  1.11872
outp_zb                                      3
xzb.tail                               1.29731
outn_zb                                3.29966
ib_zb                                  1.11872
ediff_cmis#branch                            0
ediff_c2#branch                              0
ediff_c1#branch                              0
ediff_c0#branch                              0
einref#branch                                0
vforce_zb#branch                    -0.0100724
vforce_za#branch                    -0.0100597
vsens_z#branch                       0.0105749
vwinc#branch                                 0
vwin#branch                                  0
vinnz#branch                                 0
vinpz#branch                                 0
vinn#branch                                  0
vinp#branch                                  0
vavcchi#branch                      -0.0100816
vavcclo#branch                      -0.0100674
vavcc#branch                        -0.0503922

 Reference value :  0.00000e+00
 Reference value :  6.14560e-09
 Reference value :  1.63456e-08
 Reference value :  2.79256e-08
 Reference value :  3.68435e-08
 Reference value :  4.33340e-08
 Reference value :  5.07408e-08
 Reference value :  5.75834e-08
No. of Data Rows : 3677
m_ui_ref            =  3.70370e-09 targ=  3.70770e-08 trig=  3.33733e-08
m_spa_in            =  1.48148e-08 targ=  4.81881e-08 trig=  3.33733e-08
m_spb_in            =  1.11111e-08 targ=  4.44844e-08 trig=  3.33733e-08
m_spa_c0            =  1.48148e-08 targ=  4.81953e-08 trig=  3.33805e-08
m_spb_c0            =  1.11111e-08 targ=  4.44916e-08 trig=  3.33805e-08
m_trise_c0          =  5.06950e-11 targ=  3.71086e-08 trig=  3.70579e-08
m_tfall_c0          =  5.06951e-11 targ=  4.08123e-08 trig=  4.07616e-08
m_spa_c1            =  1.48148e-08 targ=  4.82301e-08 trig=  3.34153e-08
m_spb_c1            =  1.11111e-08 targ=  4.45264e-08 trig=  3.34153e-08
m_trise_c1          =  1.21049e-10 targ=  3.71984e-08 trig=  3.70774e-08
m_tfall_c1          =  1.21045e-10 targ=  4.09021e-08 trig=  4.07811e-08
m_spa_c2            =  1.48148e-08 targ=  4.82608e-08 trig=  3.34460e-08
m_spb_c2            =  1.11111e-08 targ=  4.45571e-08 trig=  3.34460e-08
m_trise_c2          =  2.25081e-10 targ=  3.73124e-08 trig=  3.70873e-08
m_tfall_c2          =  2.25067e-10 targ=  4.10160e-08 trig=  4.07910e-08
m_spa_cmis          =  1.48148e-08 targ=  4.82409e-08 trig=  3.34261e-08
m_spb_cmis          =  1.11125e-08 targ=  4.45385e-08 trig=  3.34261e-08
m_dj_ui_c0 = 0.0000000000e+00
m_swing_c0 = 5.0324986291e-01
m_vpp_c0 = 5.9089252037e-01
m_vcm_c0 = 3.0479474076e+00
m_dj_ui_c1 = 2.6999997840e-06
m_swing_c1 = 5.0324422972e-01
m_vpp_c1 = 5.0869994657e-01
m_vcm_c1 = 3.0479502258e+00
m_dj_ui_c2 = 5.3999995684e-06
m_swing_c2 = 5.0319676732e-01
m_vpp_c2 = 5.0613041798e-01
m_vcm_c2 = 3.0479739773e+00
m_dj_ui_cmis = 3.6449997084e-04
m_swing_cmis = 5.0319450894e-01
m_swing_avcclo = 5.0272847245e-01
m_vcm_avcclo = 2.7181443794e+00
m_swing_avcchi = 5.0366879121e-01
m_vcm_avcchi = 3.3777788891e+00
m_vgs_sw_max = 1.5781587098e+00
m_vgd_sw_max = 1.8146134901e+00
m_vds_sw_max = 2.4243931112e+00
m_vgs_tail_max = 1.1199849535e+00
m_vds_tail_max = 1.3034930522e+00
m_swing_dc = 5.0289141170e-01
m_vcm_dc = 3.0481268926e+00
m_ioff_dc = 8.5480300187e-06
m_itail_dc = 1.0074924294e-02
m_icell_dc = 1.0574924294e-02
m_ro_leg = 3.1663477319e+04
Note: Simulation executed from .control section 

