
Note: No compatibility mode selected!


Circuit: * cml-driver-eye @ tt_27c_2.97v_742p5mbps -- generated by sim/harness, do not edit

Doing analysis at TEMP = 27.000000 and TNOM = 27.000000

Using SPARSE 1.3 as Direct Linear Solver

Initial Transient Solution
--------------------------

Node                                   Voltage
----                                   -------
avcc                                       3.3
avcclo                                    2.97
avcchi                                    3.63
inp                                     2.5245
inn                                     1.6335
inpz                                    2.5245
innz                                    1.6335
inref                                    0.891
win                                          0
winc                                         0
outp_c0                                2.80088
xc0.tail                               1.09271
outn_c0                                3.29995
ib_c0                                  1.12784
vd_c0                                  0.49907
outp_c1                                2.80088
xc1.tail                               1.09271
outn_c1                                3.29995
ib_c1                                  1.12784
vd_c1                                  0.49907
outp_c2                                2.80088
xc2.tail                               1.09271
outn_c2                                3.29995
ib_c2                                  1.12784
vd_c2                                  0.49907
outp_cmis                              2.80088
xcmis.tail                             1.09271
outn_cmis                              3.29995
ib_cmis                                1.12784
vd_cmis                                0.49907
outp_vlo                               2.47125
xvlo.tail                              1.07771
outn_vlo                               2.96995
ib_vlo                                 1.12784
outp_vhi                               3.13053
xvhi.tail                              1.10704
outn_vhi                               3.62996
ib_vhi                                 1.12784
outp_z                                 2.80088
xz.tail                                1.09271
vss_z                                        0
outn_z                                 3.29995
ib_z                                   1.12784
outp_za                                    2.6
xza.tail                               1.08369
outn_za                                3.29994
ib_za                                  1.12784
outp_zb                                      3
xzb.tail                               1.10142
outn_zb                                3.29996
ib_zb                                  1.12784
ediff_cmis#branch                            0
ediff_c2#branch                              0
ediff_c1#branch                              0
ediff_c0#branch                              0
einref#branch                                0
vforce_zb#branch                   -0.00998681
vforce_za#branch                   -0.00997764
vsens_z#branch                       0.0104833
vwinc#branch                                 0
vwin#branch                                  0
vinnz#branch                                 0
vinpz#branch                                 0
vinn#branch                                  0
vinp#branch                                  0
vavcchi#branch                     -0.00999031
vavcclo#branch                     -0.00997602
vavcc#branch                        -0.0499186

 Reference value :  2.28560e-09
 Reference value :  3.36560e-09
 Reference value :  3.42560e-09
 Reference value :  3.50560e-09
 Reference value :  3.56560e-09
 Reference value :  3.62560e-09
 Reference value :  3.70560e-09
 Reference value :  3.78560e-09
 Reference value :  3.86560e-09
 Reference value :  3.94560e-09
 Reference value :  4.02560e-09
 Reference value :  4.10560e-09
 Reference value :  4.18560e-09
 Reference value :  4.24560e-09
 Reference value :  4.32560e-09
 Reference value :  4.40560e-09
 Reference value :  4.62560e-09
 Reference value :  4.70560e-09
 Reference value :  4.78560e-09
 Reference value :  4.86560e-09
 Reference value :  6.42560e-09
 Reference value :  1.24085e-08
 Reference value :  1.52201e-08
 Reference value :  1.81092e-08
 Reference value :  2.13362e-08
 Reference value :  2.96162e-08
 Reference value :  3.50303e-08
 Reference value :  3.96247e-08
 Reference value :  4.48251e-08
 Reference value :  5.48051e-08
 Reference value :  5.93545e-08
No. of Data Rows : 4480
m_ui_ref            =  1.34680e-09 targ=  1.35080e-08 trig=  1.21612e-08
m_spa_in            =  5.38721e-09 targ=  1.75484e-08 trig=  1.21612e-08
m_spb_in            =  4.04040e-09 targ=  1.62016e-08 trig=  1.21612e-08
m_spa_c0            =  5.38721e-09 targ=  1.75548e-08 trig=  1.21676e-08
m_spb_c0            =  4.04041e-09 targ=  1.62080e-08 trig=  1.21676e-08
m_trise_c0          =  4.82863e-11 targ=  1.35370e-08 trig=  1.34887e-08
m_tfall_c0          =  4.82918e-11 targ=  1.48838e-08 trig=  1.48355e-08
m_spa_c1            =  5.38721e-09 targ=  1.75889e-08 trig=  1.22017e-08
m_spb_c1            =  4.04041e-09 targ=  1.62421e-08 trig=  1.22017e-08
m_trise_c1          =  1.21041e-10 targ=  1.36290e-08 trig=  1.35079e-08
m_tfall_c1          =  1.21064e-10 targ=  1.49757e-08 trig=  1.48547e-08
m_spa_c2            =  5.38721e-09 targ=  1.76195e-08 trig=  1.22323e-08
m_spb_c2            =  4.04041e-09 targ=  1.62727e-08 trig=  1.22323e-08
m_trise_c2          =  2.26410e-10 targ=  1.37437e-08 trig=  1.35173e-08
m_tfall_c2          =  2.26710e-10 targ=  1.50909e-08 trig=  1.48642e-08
m_spa_cmis          =  5.38721e-09 targ=  1.75995e-08 trig=  1.22123e-08
m_spb_cmis          =  4.04182e-09 targ=  1.62541e-08 trig=  1.22123e-08
m_dj_ui_c0 = 1.4850003829e-06
m_swing_c0 = 5.0097185145e-01
m_vpp_c0 = 5.9821535755e-01
m_vcm_c0 = 3.0494650782e+00
m_dj_ui_c1 = 2.2275005737e-06
m_swing_c1 = 5.0059850487e-01
m_vpp_c1 = 5.0531212476e-01
m_vcm_c1 = 3.0496517066e+00
m_dj_ui_c2 = 3.7125009553e-06
m_swing_c2 = 4.9950183920e-01
m_vpp_c2 = 5.0234109975e-01
m_vcm_c2 = 3.0501210601e+00
m_dj_ui_cmis = 1.0536077713e-03
m_swing_cmis = 4.9950513055e-01
m_swing_avcclo = 5.0018104819e-01
m_vcm_avcclo = 2.7198538006e+00
m_swing_avcchi = 5.0098507431e-01
m_vcm_avcchi = 3.3794633150e+00
m_vgs_sw_max = 1.4891958987e+00
m_vgd_sw_max = 1.9964564516e+00
m_vds_sw_max = 2.6330218973e+00
m_vgs_tail_max = 1.1295426818e+00
m_vds_tail_max = 1.1068539053e+00
m_swing_dc = 4.9906953193e-01
m_vcm_dc = 3.0504172918e+00
m_ioff_dc = 9.5884411428e-07
m_itail_dc = 9.9833083269e-03
m_icell_dc = 1.0483308328e-02
m_ro_leg = 4.3646090773e+04
Note: Simulation executed from .control section 

