
Note: Compatibility modes selected: hs a


Circuit: * cml-driver-eye-realmux @ fs_-40c_3.63v_742p5mbps -- generated by sim/harness, do not edit

Doing analysis at TEMP = -40.000000 and TNOM = 27.000000

Using SPARSE 1.3 as Direct Linear Solver

Initial Transient Solution
--------------------------

Node                                   Voltage
----                                   -------
vdd                                       3.63
avcc                                       3.3
avcclo                                    2.97
avcchi                                    3.63
clkp                                     2.178
clkn                                     1.089
d0p                                     3.0855
d0n                                     1.9965
d1p                                     3.0855
d1n                                     1.9965
d0pz                                    3.0855
d0nz                                    1.9965
clkpz                                    2.178
clknz                                    1.089
ckref                                    1.089
win                                          0
winc                                         0
xmux_c0.top                            3.03261
xmux_c0.xrc.11                         3.06951
xmux_c0.xrc.21                          3.5931
mp_c0                                  1.79307
xmux_c0.xrlp.11                        1.82997
xmux_c0.xrlp.21                        2.99571
mn_c0                                  3.03261
xmux_c0.xrln.11                        3.03261
xmux_c0.xrln.21                        3.03261
xmux_c0.ibias                          1.06671
xmux_c0.xrref.11                       1.08573
xmux_c0.xrref.21                       3.61098
xmux_c0.sa                             1.49163
xmux_c0.sb                             1.79307
xmux_c0.tail                           0.93574
outp_c0                                2.78649
xc0.tail                               1.65054
outn_c0                                    3.3
ib_c0                                  1.04165
vd_c0                                 0.513506
xmux_c1.top                            3.03261
xmux_c1.xrc.11                         3.06951
xmux_c1.xrc.21                          3.5931
mp_c1                                  1.79307
xmux_c1.xrlp.11                        1.82997
xmux_c1.xrlp.21                        2.99571
mn_c1                                  3.03261
xmux_c1.xrln.11                        3.03261
xmux_c1.xrln.21                        3.03261
xmux_c1.ibias                          1.06671
xmux_c1.xrref.11                       1.08573
xmux_c1.xrref.21                       3.61098
xmux_c1.sa                             1.49163
xmux_c1.sb                             1.79307
xmux_c1.tail                           0.93574
outp_c1                                2.78649
xc1.tail                               1.65054
outn_c1                                    3.3
ib_c1                                  1.04165
vd_c1                                 0.513506
muxref                                 1.23954
xmux_c2.top                            3.03261
xmux_c2.xrc.11                         3.06951
xmux_c2.xrc.21                          3.5931
mp_c2                                  1.79307
xmux_c2.xrlp.11                        1.82997
xmux_c2.xrlp.21                        2.99571
mn_c2                                  3.03261
xmux_c2.xrln.11                        3.03261
xmux_c2.xrln.21                        3.03261
xmux_c2.ibias                          1.06671
xmux_c2.xrref.11                       1.08573
xmux_c2.xrref.21                       3.61098
xmux_c2.sa                             1.49163
xmux_c2.sb                             1.79307
xmux_c2.tail                           0.93574
outp_c2                                2.78649
xc2.tail                               1.65054
outn_c2                                    3.3
ib_c2                                  1.04165
vd_c2                                 0.513506
xmux_cmis.top                          3.03261
xmux_cmis.xrc.11                       3.06951
xmux_cmis.xrc.21                        3.5931
mp_cm                                  1.79307
xmux_cmis.xrlp.11                      1.82997
xmux_cmis.xrlp.21                      2.99571
mn_cm                                  3.03261
xmux_cmis.xrln.11                      3.03261
xmux_cmis.xrln.21                      3.03261
xmux_cmis.ibias                        1.06671
xmux_cmis.xrref.11                     1.08573
xmux_cmis.xrref.21                     3.61098
xmux_cmis.sa                           1.49163
xmux_cmis.sb                           1.79307
xmux_cmis.tail                         0.93574
outp_cmis                              2.78649
xcmis.tail                             1.65054
outn_cmis                                  3.3
ib_cmis                                1.04165
vd_cmis                               0.513506
xmux_vlo.top                           3.03261
xmux_vlo.xrc.11                        3.06951
xmux_vlo.xrc.21                         3.5931
mp_vlo                                 1.79307
xmux_vlo.xrlp.11                       1.82997
xmux_vlo.xrlp.21                       2.99571
mn_vlo                                 3.03261
xmux_vlo.xrln.11                       3.03261
xmux_vlo.xrln.21                       3.03261
xmux_vlo.ibias                         1.06671
xmux_vlo.xrref.11                      1.08573
xmux_vlo.xrref.21                      3.61098
xmux_vlo.sa                            1.49163
xmux_vlo.sb                            1.79307
xmux_vlo.tail                          0.93574
outp_vlo                               2.45689
xvlo.tail                              1.63056
outn_vlo                                  2.97
ib_vlo                                 1.04165
xmux_vhi.top                           3.03261
xmux_vhi.xrc.11                        3.06951
xmux_vhi.xrc.21                         3.5931
mp_vhi                                 1.79307
xmux_vhi.xrlp.11                       1.82997
xmux_vhi.xrlp.21                       2.99571
mn_vhi                                 3.03261
xmux_vhi.xrln.11                       3.03261
xmux_vhi.xrln.21                       3.03261
xmux_vhi.ibias                         1.06671
xmux_vhi.xrref.11                      1.08573
xmux_vhi.xrref.21                      3.61098
xmux_vhi.sa                            1.49163
xmux_vhi.sb                            1.79307
xmux_vhi.tail                          0.93574
outp_vhi                               3.11614
xvhi.tail                              1.66849
outn_vhi                                  3.63
ib_vhi                                 1.04165
xmux_z.top                             3.03261
xmux_z.xrc.11                          3.06951
xmux_z.xrc.21                           3.5931
mp_z                                   1.79307
xmux_z.xrlp.11                         1.82997
xmux_z.xrlp.21                         2.99571
mn_z                                   3.03261
xmux_z.xrln.11                         3.03261
xmux_z.xrln.21                         3.03261
xmux_z.ibias                           1.06671
xmux_z.xrref.11                        1.08573
xmux_z.xrref.21                        3.61098
xmux_z.sa                              1.49163
xmux_z.sb                              2.61461
xmux_z.tail                            0.93574
outp_z                                 2.78649
xz.tail                                1.65054
vss_z                                        0
outn_z                                     3.3
ib_z                                   1.04165
vmuxz                                  1.23954
emuxz#branch                                 0
ediff_cmis#branch                            0
ediff_c2#branch                              0
emuxref#branch                               0
ediff_c1#branch                              0
ediff_c0#branch                              0
eckref#branch                                0
vsens_z#branch                       0.0107701
vwinc#branch                                 0
vwin#branch                                  0
vclknz#branch                                0
vclkpz#branch                                0
vd0nz#branch                                 0
vd0pz#branch                                 0
vd1n#branch                                  0
vd1p#branch                                  0
vd0n#branch                                  0
vd0p#branch                                  0
vclkn#branch                                 0
vclkp#branch                                 0
vavcchi#branch                      -0.0102772
vavcclo#branch                      -0.0102622
vavcc#branch                        -0.0513506
vvdd#branch                         -0.0820783

 Reference value :  0.00000e+00
 Reference value :  1.62216e-09
 Reference value :  3.26429e-09
 Reference value :  4.90721e-09
 Reference value :  6.47403e-09
 Reference value :  8.02083e-09
 Reference value :  9.43359e-09
 Reference value :  1.08056e-08
 Reference value :  1.21250e-08
 Reference value :  1.33683e-08
 Reference value :  1.38752e-08
 Reference value :  1.49800e-08
 Reference value :  1.62734e-08
 Reference value :  1.75686e-08
 Reference value :  1.88416e-08
 Reference value :  1.95160e-08
 Reference value :  2.04082e-08
 Reference value :  2.16697e-08
 Reference value :  2.29928e-08
 Reference value :  2.43130e-08
 Reference value :  2.56277e-08
 Reference value :  2.69360e-08
 Reference value :  2.70916e-08
 Reference value :  2.84599e-08
 Reference value :  2.98693e-08
 Reference value :  3.13833e-08
 Reference value :  3.29501e-08
 Reference value :  3.45769e-08
 Reference value :  3.63437e-08
 Reference value :  3.77343e-08
 Reference value :  3.90598e-08
 Reference value :  4.01243e-08
 Reference value :  4.10308e-08
 Reference value :  4.20064e-08
 Reference value :  4.32750e-08
 Reference value :  4.45946e-08
 Reference value :  4.59098e-08
 Reference value :  4.72353e-08
 Reference value :  4.85648e-08
 Reference value :  4.98871e-08
 Reference value :  5.12143e-08
 Reference value :  5.25280e-08
 Reference value :  5.35921e-08
 Reference value :  5.40140e-08
 Reference value :  5.53691e-08
 Reference value :  5.67420e-08
 Reference value :  5.81414e-08
 Reference value :  5.96461e-08
No. of Data Rows : 7079
m_ui_ref            =  1.34680e-09 targ=  1.35430e-08 trig=  1.21962e-08
m_spa_in            =  5.38721e-09 targ=  1.75834e-08 trig=  1.21962e-08
m_spb_in            =  4.04040e-09 targ=  1.62366e-08 trig=  1.21962e-08
m_spa_c0            =  5.38723e-09 targ=  1.76359e-08 trig=  1.22487e-08
m_spb_c0            =  4.04042e-09 targ=  1.62891e-08 trig=  1.22487e-08
m_trise_c0          =  3.64714e-11 targ=  1.36148e-08 trig=  1.35784e-08
m_tfall_c0          =  3.64329e-11 targ=  1.49616e-08 trig=  1.49252e-08
m_spa_c1            =  5.38723e-09 targ=  1.76706e-08 trig=  1.22833e-08
m_spb_c1            =  4.04043e-09 targ=  1.63238e-08 trig=  1.22833e-08
m_trise_c1          =  1.09832e-10 targ=  1.37047e-08 trig=  1.35948e-08
m_tfall_c1          =  1.09879e-10 targ=  1.50515e-08 trig=  1.49416e-08
m_spa_mux           =  5.38723e-09 targ=  1.76298e-08 trig=  1.22426e-08
m_spb_mux           =  4.04042e-09 targ=  1.62830e-08 trig=  1.22426e-08
m_spa_c2            =  5.38722e-09 targ=  1.77027e-08 trig=  1.23155e-08
m_spb_c2            =  4.04042e-09 targ=  1.63559e-08 trig=  1.23155e-08
m_trise_c2          =  2.11300e-10 targ=  1.38145e-08 trig=  1.36032e-08
m_tfall_c2          =  2.11421e-10 targ=  1.51614e-08 trig=  1.49500e-08
m_spa_cmis          =  5.38723e-09 targ=  1.76831e-08 trig=  1.22959e-08
m_spb_cmis          =  4.04038e-09 targ=  1.63362e-08 trig=  1.22959e-08
m_dj_ui_c0 = 1.5592504015e-05
m_swing_c0 = 5.1697893812e-01
m_vpp_c0 = 5.6770350988e-01
m_vcm_c0 = 3.0415509595e+00
m_dj_ui_c1 = 2.2275005736e-05
m_swing_c1 = 5.1630564024e-01
m_vpp_c1 = 5.2857143195e-01
m_vcm_c1 = 3.0418748775e+00
m_dj_ui_mux = 1.5592504015e-05
m_dj_ui_drv_c1 = 6.6825017204e-06
m_dj_ui_c2 = 1.1137502868e-05
m_swing_c2 = 5.1486157974e-01
m_vpp_c2 = 5.2303203649e-01
m_vcm_c2 = 3.0424137443e+00
m_dj_ui_cmis = 3.7867509751e-05
m_swing_cmis = 5.1486281384e-01
m_swing_avcclo = 5.1588550536e-01
m_vcm_avcclo = 2.7120857438e+00
m_swing_avcchi = 5.1665534118e-01
m_vcm_avcchi = 3.3716994302e+00
m_vgs_sw_max = 1.3859312249e+00
m_vgd_sw_max = 1.8629752930e+00
m_vds_sw_max = 2.1154348860e+00
m_vgs_tail_max = 1.0448469498e+00
m_vds_tail_max = 1.7131770795e+00
m_vmux_dc = 1.2395357158e+00
m_swing_dc = 5.1350610280e-01
m_vcm_dc = 3.0432469484e+00
m_ioff_dc = 3.2431568542e-12
m_itail_dc = 1.0270122062e-02
m_icell_dc = 1.0770122074e-02
Note: Simulation executed from .control section 

Warning: m=xx on .subckt line will override multiplier m hierarchy!

