
Note: Compatibility modes selected: hs a


Circuit: * cml-driver-eye-realmux @ fs_125c_3.63v_742p5mbps -- generated by sim/harness, do not edit

Doing analysis at TEMP = 125.000000 and TNOM = 27.000000

Using SPARSE 1.3 as Direct Linear Solver

Initial Transient Solution
--------------------------

Node                                   Voltage
----                                   -------
vdd                                       3.63
avcc                                       3.3
avcclo                                    2.97
avcchi                                    3.63
clkp                                     2.178
clkn                                     1.089
d0p                                     3.0855
d0n                                     1.9965
d1p                                     3.0855
d1n                                     1.9965
d0pz                                    3.0855
d0nz                                    1.9965
clkpz                                    2.178
clknz                                    1.089
ckref                                    1.089
win                                          0
winc                                         0
xmux_c0.top                            3.04811
xmux_c0.xrc.11                         3.07733
xmux_c0.xrc.21                         3.60078
mp_c0                                  1.83818
xmux_c0.xrlp.11                        1.86707
xmux_c0.xrlp.21                        3.01922
mn_c0                                  3.03416
xmux_c0.xrln.11                         3.0345
xmux_c0.xrln.21                        3.04778
xmux_c0.ibias                          1.06334
xmux_c0.xrref.11                       1.07847
xmux_c0.xrref.21                       3.61487
xmux_c0.sa                             1.38199
xmux_c0.sb                             1.83818
xmux_c0.tail                          0.871708
outp_c0                                2.78803
xc0.tail                               1.58107
outn_c0                                    3.3
ib_c0                                  1.02193
vd_c0                                 0.511969
xmux_c1.top                            3.04811
xmux_c1.xrc.11                         3.07733
xmux_c1.xrc.21                         3.60078
mp_c1                                  1.83818
xmux_c1.xrlp.11                        1.86707
xmux_c1.xrlp.21                        3.01922
mn_c1                                  3.03416
xmux_c1.xrln.11                         3.0345
xmux_c1.xrln.21                        3.04778
xmux_c1.ibias                          1.06334
xmux_c1.xrref.11                       1.07847
xmux_c1.xrref.21                       3.61487
xmux_c1.sa                             1.38199
xmux_c1.sb                             1.83818
xmux_c1.tail                          0.871708
outp_c1                                2.78803
xc1.tail                               1.58107
outn_c1                                    3.3
ib_c1                                  1.02193
vd_c1                                 0.511969
muxref                                 1.19598
xmux_c2.top                            3.04811
xmux_c2.xrc.11                         3.07733
xmux_c2.xrc.21                         3.60078
mp_c2                                  1.83818
xmux_c2.xrlp.11                        1.86707
xmux_c2.xrlp.21                        3.01922
mn_c2                                  3.03416
xmux_c2.xrln.11                         3.0345
xmux_c2.xrln.21                        3.04778
xmux_c2.ibias                          1.06334
xmux_c2.xrref.11                       1.07847
xmux_c2.xrref.21                       3.61487
xmux_c2.sa                             1.38199
xmux_c2.sb                             1.83818
xmux_c2.tail                          0.871708
outp_c2                                2.78803
xc2.tail                               1.58107
outn_c2                                    3.3
ib_c2                                  1.02193
vd_c2                                 0.511969
xmux_cmis.top                          3.04811
xmux_cmis.xrc.11                       3.07733
xmux_cmis.xrc.21                       3.60078
mp_cm                                  1.83818
xmux_cmis.xrlp.11                      1.86707
xmux_cmis.xrlp.21                      3.01922
mn_cm                                  3.03416
xmux_cmis.xrln.11                       3.0345
xmux_cmis.xrln.21                      3.04778
xmux_cmis.ibias                        1.06334
xmux_cmis.xrref.11                     1.07847
xmux_cmis.xrref.21                     3.61487
xmux_cmis.sa                           1.38199
xmux_cmis.sb                           1.83818
xmux_cmis.tail                        0.871708
outp_cmis                              2.78803
xcmis.tail                             1.58107
outn_cmis                                  3.3
ib_cmis                                1.02193
vd_cmis                               0.511969
xmux_vlo.top                           3.04811
xmux_vlo.xrc.11                        3.07733
xmux_vlo.xrc.21                        3.60078
mp_vlo                                 1.83818
xmux_vlo.xrlp.11                       1.86707
xmux_vlo.xrlp.21                       3.01922
mn_vlo                                 3.03416
xmux_vlo.xrln.11                        3.0345
xmux_vlo.xrln.21                       3.04778
xmux_vlo.ibias                         1.06334
xmux_vlo.xrref.11                      1.07847
xmux_vlo.xrref.21                      3.61487
xmux_vlo.sa                            1.38199
xmux_vlo.sb                            1.83818
xmux_vlo.tail                         0.871708
outp_vlo                               2.45847
xvlo.tail                              1.55672
outn_vlo                                  2.97
ib_vlo                                 1.02193
xmux_vhi.top                           3.04811
xmux_vhi.xrc.11                        3.07733
xmux_vhi.xrc.21                        3.60078
mp_vhi                                 1.83818
xmux_vhi.xrlp.11                       1.86707
xmux_vhi.xrlp.21                       3.01922
mn_vhi                                 3.03416
xmux_vhi.xrln.11                        3.0345
xmux_vhi.xrln.21                       3.04778
xmux_vhi.ibias                         1.06334
xmux_vhi.xrref.11                      1.07847
xmux_vhi.xrref.21                      3.61487
xmux_vhi.sa                            1.38199
xmux_vhi.sb                            1.83818
xmux_vhi.tail                         0.871708
outp_vhi                               3.11767
xvhi.tail                              1.60105
outn_vhi                                  3.63
ib_vhi                                 1.02193
xmux_z.top                             3.04811
xmux_z.xrc.11                          3.07733
xmux_z.xrc.21                          3.60078
mp_z                                    1.8382
xmux_z.xrlp.11                         1.86709
xmux_z.xrlp.21                         3.01922
mn_z                                   3.03414
xmux_z.xrln.11                         3.03448
xmux_z.xrln.21                         3.04777
xmux_z.ibias                           1.06334
xmux_z.xrref.11                        1.07847
xmux_z.xrref.21                        3.61487
xmux_z.sa                                1.382
xmux_z.sb                              2.61015
xmux_z.tail                           0.871715
outp_z                                 2.78803
xz.tail                                1.58105
vss_z                                        0
outn_z                                     3.3
ib_z                                   1.02193
vmuxz                                  1.19594
emuxz#branch                                 0
ediff_cmis#branch                            0
ediff_c2#branch                              0
emuxref#branch                               0
ediff_c1#branch                              0
ediff_c0#branch                              0
eckref#branch                                0
vsens_z#branch                       0.0107395
vwinc#branch                                 0
vwin#branch                                  0
vclknz#branch                                0
vclkpz#branch                                0
vd0nz#branch                                 0
vd0pz#branch                                 0
vd1n#branch                                  0
vd1p#branch                                  0
vd0n#branch                                  0
vd0p#branch                                  0
vclkn#branch                                 0
vclkp#branch                                 0
vavcchi#branch                      -0.0102466
vavcclo#branch                      -0.0102308
vavcc#branch                        -0.0511974
vvdd#branch                         -0.0829636

 Reference value :  0.00000e+00
 Reference value :  1.95135e-09
 Reference value :  4.04050e-09
 Reference value :  5.50032e-09
 Reference value :  6.92106e-09
 Reference value :  8.90573e-09
 Reference value :  1.07885e-08
 Reference value :  1.21439e-08
 Reference value :  1.35422e-08
 Reference value :  1.48722e-08
 Reference value :  1.62109e-08
 Reference value :  1.75619e-08
 Reference value :  1.88964e-08
 Reference value :  2.02348e-08
 Reference value :  2.15623e-08
 Reference value :  2.30456e-08
 Reference value :  2.44285e-08
 Reference value :  2.58127e-08
 Reference value :  2.69989e-08
 Reference value :  2.83672e-08
 Reference value :  2.98742e-08
 Reference value :  3.22962e-08
 Reference value :  3.37292e-08
 Reference value :  3.51673e-08
 Reference value :  3.67249e-08
 Reference value :  3.82771e-08
 Reference value :  3.97819e-08
 Reference value :  4.14027e-08
 Reference value :  4.30977e-08
 Reference value :  4.44899e-08
 Reference value :  4.58724e-08
 Reference value :  4.72577e-08
 Reference value :  4.86482e-08
 Reference value :  5.00529e-08
 Reference value :  5.15958e-08
 Reference value :  5.34950e-08
 Reference value :  5.40221e-08
 Reference value :  5.55241e-08
 Reference value :  5.79125e-08
 Reference value :  5.93671e-08
 Reference value :  6.08119e-08
No. of Data Rows : 6438
m_ui_ref            =  1.34680e-09 targ=  1.35430e-08 trig=  1.21962e-08
m_spa_in            =  5.38721e-09 targ=  1.75834e-08 trig=  1.21962e-08
m_spb_in            =  4.04040e-09 targ=  1.62366e-08 trig=  1.21962e-08
m_spa_c0            =  5.38723e-09 targ=  1.76486e-08 trig=  1.22614e-08
m_spb_c0            =  4.04042e-09 targ=  1.63018e-08 trig=  1.22614e-08
m_trise_c0          =  5.60101e-11 targ=  1.36380e-08 trig=  1.35820e-08
m_tfall_c0          =  5.59632e-11 targ=  1.49848e-08 trig=  1.49288e-08
m_spa_c1            =  5.38722e-09 targ=  1.76859e-08 trig=  1.22987e-08
m_spb_c1            =  4.04042e-09 targ=  1.63391e-08 trig=  1.22987e-08
m_trise_c1          =  1.17883e-10 targ=  1.37200e-08 trig=  1.36021e-08
m_tfall_c1          =  1.17924e-10 targ=  1.50669e-08 trig=  1.49490e-08
m_spa_mux           =  5.38722e-09 targ=  1.76414e-08 trig=  1.22542e-08
m_spb_mux           =  4.04042e-09 targ=  1.62946e-08 trig=  1.22542e-08
m_spa_c2            =  5.38723e-09 targ=  1.77176e-08 trig=  1.23304e-08
m_spb_c2            =  4.04043e-09 targ=  1.63708e-08 trig=  1.23304e-08
m_trise_c2          =  2.16218e-10 targ=  1.38288e-08 trig=  1.36126e-08
m_tfall_c2          =  2.16138e-10 targ=  1.51755e-08 trig=  1.49593e-08
m_spa_cmis          =  5.38721e-09 targ=  1.76989e-08 trig=  1.23117e-08
m_spb_cmis          =  4.04004e-09 targ=  1.63517e-08 trig=  1.23117e-08
m_dj_ui_c0 = 1.5592504015e-05
m_swing_c0 = 5.1470995157e-01
m_vpp_c0 = 5.5481439040e-01
m_vcm_c0 = 3.0426554824e+00
m_dj_ui_c1 = 1.2622503251e-05
m_swing_c1 = 5.1424959634e-01
m_vpp_c1 = 5.2196227921e-01
m_vcm_c1 = 3.0428829658e+00
m_dj_ui_mux = 1.2622503251e-05
m_dj_ui_drv_c1 = 0.0000000000e+00
m_dj_ui_c2 = 2.0047505162e-05
m_swing_c2 = 5.1311365281e-01
m_vpp_c2 = 5.1847960487e-01
m_vcm_c2 = 3.0432438823e+00
m_dj_ui_cmis = 2.7621007112e-04
m_swing_cmis = 5.1311720561e-01
m_swing_avcclo = 5.1371313824e-01
m_vcm_avcclo = 2.7131504692e+00
m_swing_avcchi = 5.1463792163e-01
m_vcm_avcchi = 3.3726891017e+00
m_vgs_sw_max = 1.4507716922e+00
m_vgd_sw_max = 1.8007493667e+00
m_vds_sw_max = 2.1323730020e+00
m_vgs_tail_max = 1.0246106986e+00
m_vds_tail_max = 1.6320557590e+00
m_vmux_dc = 1.1959384829e+00
m_swing_dc = 5.1196847582e-01
m_vcm_dc = 3.0440130018e+00
m_ioff_dc = 5.5205809195e-08
m_itail_dc = 1.0239479928e-02
m_icell_dc = 1.0739479943e-02
Note: Simulation executed from .control section 

Warning: m=xx on .subckt line will override multiplier m hierarchy!

