
Note: Compatibility modes selected: hs a


Circuit: * cml-driver-eye-realmux @ fs_27c_3.30v_742p5mbps -- generated by sim/harness, do not edit

Doing analysis at TEMP = 27.000000 and TNOM = 27.000000

Using SPARSE 1.3 as Direct Linear Solver

Initial Transient Solution
--------------------------

Node                                   Voltage
----                                   -------
vdd                                        3.3
avcc                                       3.3
avcclo                                    2.97
avcchi                                    3.63
clkp                                      1.98
clkn                                      0.99
d0p                                      2.805
d0n                                      1.815
d1p                                      2.805
d1n                                      1.815
d0pz                                     2.805
d0nz                                     1.815
clkpz                                     1.98
clknz                                     0.99
ckref                                     0.99
win                                          0
winc                                         0
xmux_c0.top                            2.78157
xmux_c0.xrc.11                         2.81119
xmux_c0.xrc.21                         3.27038
mp_c0                                  1.70008
xmux_c0.xrlp.11                         1.7297
xmux_c0.xrlp.21                        2.75194
mn_c0                                  2.78146
xmux_c0.xrln.11                        2.78146
xmux_c0.xrln.21                        2.78156
xmux_c0.ibias                          1.03535
xmux_c0.xrref.11                       1.05075
xmux_c0.xrref.21                        3.2846
xmux_c0.sa                             1.30603
xmux_c0.sb                             1.70008
xmux_c0.tail                          0.779567
outp_c0                                2.79154
xc0.tail                               1.40798
outn_c0                                    3.3
ib_c0                                  1.03453
vd_c0                                 0.508457
xmux_c1.top                            2.78157
xmux_c1.xrc.11                         2.81119
xmux_c1.xrc.21                         3.27038
mp_c1                                  1.70008
xmux_c1.xrlp.11                         1.7297
xmux_c1.xrlp.21                        2.75194
mn_c1                                  2.78146
xmux_c1.xrln.11                        2.78146
xmux_c1.xrln.21                        2.78156
xmux_c1.ibias                          1.03535
xmux_c1.xrref.11                       1.05075
xmux_c1.xrref.21                        3.2846
xmux_c1.sa                             1.30603
xmux_c1.sb                             1.70008
xmux_c1.tail                          0.779567
outp_c1                                2.79154
xc1.tail                               1.40798
outn_c1                                    3.3
ib_c1                                  1.03453
vd_c1                                 0.508457
muxref                                 1.08138
xmux_c2.top                            2.78157
xmux_c2.xrc.11                         2.81119
xmux_c2.xrc.21                         3.27038
mp_c2                                  1.70008
xmux_c2.xrlp.11                         1.7297
xmux_c2.xrlp.21                        2.75194
mn_c2                                  2.78146
xmux_c2.xrln.11                        2.78146
xmux_c2.xrln.21                        2.78156
xmux_c2.ibias                          1.03535
xmux_c2.xrref.11                       1.05075
xmux_c2.xrref.21                        3.2846
xmux_c2.sa                             1.30603
xmux_c2.sb                             1.70008
xmux_c2.tail                          0.779567
outp_c2                                2.79154
xc2.tail                               1.40798
outn_c2                                    3.3
ib_c2                                  1.03453
vd_c2                                 0.508457
xmux_cmis.top                          2.78157
xmux_cmis.xrc.11                       2.81119
xmux_cmis.xrc.21                       3.27038
mp_cm                                  1.70008
xmux_cmis.xrlp.11                       1.7297
xmux_cmis.xrlp.21                      2.75194
mn_cm                                  2.78146
xmux_cmis.xrln.11                      2.78146
xmux_cmis.xrln.21                      2.78156
xmux_cmis.ibias                        1.03535
xmux_cmis.xrref.11                     1.05075
xmux_cmis.xrref.21                      3.2846
xmux_cmis.sa                           1.30603
xmux_cmis.sb                           1.70008
xmux_cmis.tail                        0.779567
outp_cmis                              2.79154
xcmis.tail                             1.40798
outn_cmis                                  3.3
ib_cmis                                1.03453
vd_cmis                               0.508457
xmux_vlo.top                           2.78157
xmux_vlo.xrc.11                        2.81119
xmux_vlo.xrc.21                        3.27038
mp_vlo                                 1.70008
xmux_vlo.xrlp.11                        1.7297
xmux_vlo.xrlp.21                       2.75194
mn_vlo                                 2.78146
xmux_vlo.xrln.11                       2.78146
xmux_vlo.xrln.21                       2.78156
xmux_vlo.ibias                         1.03535
xmux_vlo.xrref.11                      1.05075
xmux_vlo.xrref.21                       3.2846
xmux_vlo.sa                            1.30603
xmux_vlo.sb                            1.70008
xmux_vlo.tail                         0.779567
outp_vlo                               2.46192
xvlo.tail                              1.38951
outn_vlo                                  2.97
ib_vlo                                 1.03453
xmux_vhi.top                           2.78157
xmux_vhi.xrc.11                        2.81119
xmux_vhi.xrc.21                        3.27038
mp_vhi                                 1.70008
xmux_vhi.xrlp.11                        1.7297
xmux_vhi.xrlp.21                       2.75194
mn_vhi                                 2.78146
xmux_vhi.xrln.11                       2.78146
xmux_vhi.xrln.21                       2.78156
xmux_vhi.ibias                         1.03535
xmux_vhi.xrref.11                      1.05075
xmux_vhi.xrref.21                       3.2846
xmux_vhi.sa                            1.30603
xmux_vhi.sb                            1.70008
xmux_vhi.tail                         0.779567
outp_vhi                                3.1212
xvhi.tail                              1.42509
outn_vhi                                  3.63
ib_vhi                                 1.03453
xmux_z.top                             2.78157
xmux_z.xrc.11                          2.81119
xmux_z.xrc.21                          3.27038
mp_z                                   1.70008
xmux_z.xrlp.11                          1.7297
xmux_z.xrlp.21                         2.75194
mn_z                                   2.78146
xmux_z.xrln.11                         2.78146
xmux_z.xrln.21                         2.78156
xmux_z.ibias                           1.03535
xmux_z.xrref.11                        1.05075
xmux_z.xrref.21                         3.2846
xmux_z.sa                              1.30603
xmux_z.sb                              2.36123
xmux_z.tail                           0.779567
outp_z                                 2.79154
xz.tail                                1.40798
vss_z                                        0
outn_z                                     3.3
ib_z                                   1.03453
vmuxz                                  1.08138
emuxz#branch                                 0
ediff_cmis#branch                            0
ediff_c2#branch                              0
emuxref#branch                               0
ediff_c1#branch                              0
ediff_c0#branch                              0
eckref#branch                                0
vsens_z#branch                       0.0106691
vwinc#branch                                 0
vwin#branch                                  0
vclknz#branch                                0
vclkpz#branch                                0
vd0nz#branch                                 0
vd0pz#branch                                 0
vd1n#branch                                  0
vd1p#branch                                  0
vd0n#branch                                  0
vd0p#branch                                  0
vclkn#branch                                 0
vclkp#branch                                 0
vavcchi#branch                       -0.010176
vavcclo#branch                      -0.0101616
vavcc#branch                        -0.0508457
vvdd#branch                         -0.0726597

 Reference value :  0.00000e+00
 Reference value :  1.87219e-09
 Reference value :  4.03005e-09
 Reference value :  5.45110e-09
 Reference value :  6.88403e-09
 Reference value :  8.38690e-09
 Reference value :  1.03937e-08
 Reference value :  1.15635e-08
 Reference value :  1.31478e-08
 Reference value :  1.42688e-08
 Reference value :  1.55556e-08
 Reference value :  1.67024e-08
 Reference value :  1.79145e-08
 Reference value :  1.92086e-08
 Reference value :  2.04589e-08
 Reference value :  2.17234e-08
 Reference value :  2.31528e-08
 Reference value :  2.45604e-08
 Reference value :  2.61432e-08
 Reference value :  2.70491e-08
 Reference value :  2.84315e-08
 Reference value :  2.98018e-08
 Reference value :  3.14526e-08
 Reference value :  3.34566e-08
 Reference value :  3.50425e-08
 Reference value :  3.64687e-08
 Reference value :  3.78606e-08
 Reference value :  3.92045e-08
 Reference value :  4.05542e-08
 Reference value :  4.19019e-08
 Reference value :  4.32617e-08
 Reference value :  4.46167e-08
 Reference value :  4.59694e-08
 Reference value :  4.73322e-08
 Reference value :  4.87006e-08
 Reference value :  5.00527e-08
 Reference value :  5.14056e-08
 Reference value :  5.27941e-08
 Reference value :  5.39504e-08
 Reference value :  5.53161e-08
 Reference value :  5.67159e-08
 Reference value :  5.81288e-08
 Reference value :  6.06061e-08
No. of Data Rows : 6640
m_ui_ref            =  1.34680e-09 targ=  1.35430e-08 trig=  1.21962e-08
m_spa_in            =  5.38721e-09 targ=  1.75834e-08 trig=  1.21962e-08
m_spb_in            =  4.04040e-09 targ=  1.62366e-08 trig=  1.21962e-08
m_spa_c0            =  5.38723e-09 targ=  1.76426e-08 trig=  1.22553e-08
m_spb_c0            =  4.04043e-09 targ=  1.62958e-08 trig=  1.22553e-08
m_trise_c0          =  4.84525e-11 targ=  1.36283e-08 trig=  1.35798e-08
m_tfall_c0          =  4.84257e-11 targ=  1.49751e-08 trig=  1.49266e-08
m_spa_c1            =  5.38725e-09 targ=  1.76791e-08 trig=  1.22918e-08
m_spb_c1            =  4.04044e-09 targ=  1.63323e-08 trig=  1.22918e-08
m_trise_c1          =  1.18271e-10 targ=  1.37166e-08 trig=  1.35983e-08
m_tfall_c1          =  1.18138e-10 targ=  1.50632e-08 trig=  1.49451e-08
m_spa_mux           =  5.38723e-09 targ=  1.76360e-08 trig=  1.22488e-08
m_spb_mux           =  4.04043e-09 targ=  1.62892e-08 trig=  1.22488e-08
m_spa_c2            =  5.38723e-09 targ=  1.77112e-08 trig=  1.23240e-08
m_spb_c2            =  4.04043e-09 targ=  1.63644e-08 trig=  1.23240e-08
m_trise_c2          =  2.19501e-10 targ=  1.38272e-08 trig=  1.36077e-08
m_tfall_c2          =  2.19553e-10 targ=  1.51741e-08 trig=  1.49545e-08
m_spa_cmis          =  5.38722e-09 targ=  1.76919e-08 trig=  1.23047e-08
m_spb_cmis          =  4.04010e-09 targ=  1.63448e-08 trig=  1.23047e-08
m_dj_ui_c0 = 1.7077504398e-05
m_swing_c0 = 5.1119778924e-01
m_vpp_c0 = 5.4332452277e-01
m_vcm_c0 = 3.0444302783e+00
m_dj_ui_c1 = 2.9700007648e-05
m_swing_c1 = 5.1073103028e-01
m_vpp_c1 = 5.1949881862e-01
m_vcm_c1 = 3.0446526110e+00
m_dj_ui_mux = 1.6335004207e-05
m_dj_ui_drv_c1 = 1.4107503633e-05
m_dj_ui_c2 = 2.1532505545e-05
m_swing_c2 = 5.0958183263e-01
m_vpp_c2 = 5.1557057250e-01
m_vcm_c2 = 3.0450332294e+00
m_dj_ui_cmis = 2.3611506080e-04
m_swing_cmis = 5.0958343866e-01
m_swing_avcclo = 5.1033578037e-01
m_vcm_avcclo = 2.7148507189e+00
m_swing_avcchi = 5.1108744925e-01
m_vcm_avcchi = 3.3744740342e+00
m_vgs_sw_max = 1.3750952279e+00
m_vgd_sw_max = 1.9485550323e+00
m_vds_sw_max = 2.2652790019e+00
m_vgs_tail_max = 1.0376648695e+00
m_vds_tail_max = 1.4640142584e+00
m_vmux_dc = 1.0813803950e+00
m_swing_dc = 5.0845691965e-01
m_vcm_dc = 3.0457714540e+00
m_ioff_dc = 1.7239752381e-09
m_itail_dc = 1.0169141841e-02
m_icell_dc = 1.0669141848e-02
Note: Simulation executed from .control section 

Warning: m=xx on .subckt line will override multiplier m hierarchy!

