
Note: Compatibility modes selected: hs a


Circuit: * cml-driver-eye-realmux @ fs_27c_2.97v_270mbps -- generated by sim/harness, do not edit

Doing analysis at TEMP = 27.000000 and TNOM = 27.000000

Using SPARSE 1.3 as Direct Linear Solver

Initial Transient Solution
--------------------------

Node                                   Voltage
----                                   -------
vdd                                       2.97
avcc                                       3.3
avcclo                                    2.97
avcchi                                    3.63
clkp                                     1.782
clkn                                     0.891
d0p                                     2.5245
d0n                                     1.6335
d1p                                     2.5245
d1n                                     1.6335
d0pz                                    2.5245
d0nz                                    1.6335
clkpz                                    1.782
clknz                                    0.891
ckref                                    0.891
win                                          0
winc                                         0
xmux_c0.top                             2.5237
xmux_c0.xrc.11                          2.5492
xmux_c0.xrc.21                          2.9445
mp_c0                                  1.59265
xmux_c0.xrlp.11                        1.61815
xmux_c0.xrlp.21                         2.4982
mn_c0                                  2.52363
xmux_c0.xrln.11                        2.52364
xmux_c0.xrln.21                         2.5237
xmux_c0.ibias                          1.00229
xmux_c0.xrref.11                       1.01567
xmux_c0.xrref.21                       2.95662
xmux_c0.sa                             1.15402
xmux_c0.sb                             1.59265
xmux_c0.tail                          0.646547
outp_c0                                2.79625
xc0.tail                               1.18908
outn_c0                                3.29999
ib_c0                                  1.03453
vd_c0                                 0.503747
xmux_c1.top                             2.5237
xmux_c1.xrc.11                          2.5492
xmux_c1.xrc.21                          2.9445
mp_c1                                  1.59265
xmux_c1.xrlp.11                        1.61815
xmux_c1.xrlp.21                         2.4982
mn_c1                                  2.52363
xmux_c1.xrln.11                        2.52364
xmux_c1.xrln.21                         2.5237
xmux_c1.ibias                          1.00229
xmux_c1.xrref.11                       1.01567
xmux_c1.xrref.21                       2.95662
xmux_c1.sa                             1.15402
xmux_c1.sb                             1.59265
xmux_c1.tail                          0.646547
outp_c1                                2.79625
xc1.tail                               1.18908
outn_c1                                3.29999
ib_c1                                  1.03453
vd_c1                                 0.503747
muxref                                0.930983
xmux_c2.top                             2.5237
xmux_c2.xrc.11                          2.5492
xmux_c2.xrc.21                          2.9445
mp_c2                                  1.59265
xmux_c2.xrlp.11                        1.61815
xmux_c2.xrlp.21                         2.4982
mn_c2                                  2.52363
xmux_c2.xrln.11                        2.52364
xmux_c2.xrln.21                         2.5237
xmux_c2.ibias                          1.00229
xmux_c2.xrref.11                       1.01567
xmux_c2.xrref.21                       2.95662
xmux_c2.sa                             1.15402
xmux_c2.sb                             1.59265
xmux_c2.tail                          0.646547
outp_c2                                2.79625
xc2.tail                               1.18908
outn_c2                                3.29999
ib_c2                                  1.03453
vd_c2                                 0.503747
xmux_cmis.top                           2.5237
xmux_cmis.xrc.11                        2.5492
xmux_cmis.xrc.21                        2.9445
mp_cm                                  1.59265
xmux_cmis.xrlp.11                      1.61815
xmux_cmis.xrlp.21                       2.4982
mn_cm                                  2.52363
xmux_cmis.xrln.11                      2.52364
xmux_cmis.xrln.21                       2.5237
xmux_cmis.ibias                        1.00229
xmux_cmis.xrref.11                     1.01567
xmux_cmis.xrref.21                     2.95662
xmux_cmis.sa                           1.15402
xmux_cmis.sb                           1.59265
xmux_cmis.tail                        0.646547
outp_cmis                              2.79625
xcmis.tail                             1.18908
outn_cmis                              3.29999
ib_cmis                                1.03453
vd_cmis                               0.503747
xmux_vlo.top                            2.5237
xmux_vlo.xrc.11                         2.5492
xmux_vlo.xrc.21                         2.9445
mp_vlo                                 1.59265
xmux_vlo.xrlp.11                       1.61815
xmux_vlo.xrlp.21                        2.4982
mn_vlo                                 2.52363
xmux_vlo.xrln.11                       2.52364
xmux_vlo.xrln.21                        2.5237
xmux_vlo.ibias                         1.00229
xmux_vlo.xrref.11                      1.01567
xmux_vlo.xrref.21                      2.95662
xmux_vlo.sa                            1.15402
xmux_vlo.sb                            1.59265
xmux_vlo.tail                         0.646547
outp_vlo                               2.46663
xvlo.tail                              1.17248
outn_vlo                               2.96999
ib_vlo                                 1.03453
xmux_vhi.top                            2.5237
xmux_vhi.xrc.11                         2.5492
xmux_vhi.xrc.21                         2.9445
mp_vhi                                 1.59265
xmux_vhi.xrlp.11                       1.61815
xmux_vhi.xrlp.21                        2.4982
mn_vhi                                 2.52363
xmux_vhi.xrln.11                       2.52364
xmux_vhi.xrln.21                        2.5237
xmux_vhi.ibias                         1.00229
xmux_vhi.xrref.11                      1.01567
xmux_vhi.xrref.21                      2.95662
xmux_vhi.sa                            1.15402
xmux_vhi.sb                            1.59265
xmux_vhi.tail                         0.646547
outp_vhi                               3.12588
xvhi.tail                               1.2049
outn_vhi                               3.62999
ib_vhi                                 1.03453
xmux_z.top                              2.5237
xmux_z.xrc.11                           2.5492
xmux_z.xrc.21                           2.9445
mp_z                                   1.59265
xmux_z.xrlp.11                         1.61815
xmux_z.xrlp.21                          2.4982
mn_z                                   2.52363
xmux_z.xrln.11                         2.52363
xmux_z.xrln.21                          2.5237
xmux_z.ibias                           1.00229
xmux_z.xrref.11                        1.01567
xmux_z.xrref.21                        2.95662
xmux_z.sa                              1.15402
xmux_z.sb                              2.06228
xmux_z.tail                           0.646547
outp_z                                 2.79625
xz.tail                                1.18908
vss_z                                        0
outn_z                                 3.29999
ib_z                                   1.03453
vmuxz                                 0.930981
emuxz#branch                                 0
ediff_cmis#branch                            0
ediff_c2#branch                              0
emuxref#branch                               0
ediff_c1#branch                              0
ediff_c0#branch                              0
eckref#branch                                0
vsens_z#branch                       0.0105752
vwinc#branch                                 0
vwin#branch                                  0
vclknz#branch                                0
vclkpz#branch                                0
vd0nz#branch                                 0
vd0pz#branch                                 0
vd1n#branch                                  0
vd1p#branch                                  0
vd0n#branch                                  0
vd0p#branch                                  0
vclkn#branch                                 0
vclkp#branch                                 0
vavcchi#branch                      -0.0100825
vavcclo#branch                      -0.0100676
vavcc#branch                        -0.0503761
vvdd#branch                         -0.0625784

 Reference value :  0.00000e+00
 Reference value :  3.71825e-09
 Reference value :  5.89603e-09
 Reference value :  7.74591e-09
 Reference value :  1.11668e-08
 Reference value :  1.37521e-08
 Reference value :  1.55560e-08
 Reference value :  1.86172e-08
 Reference value :  2.15997e-08
 Reference value :  2.34234e-08
 Reference value :  2.60762e-08
 Reference value :  2.96296e-08
 Reference value :  3.10885e-08
 Reference value :  3.34834e-08
 Reference value :  3.68438e-08
 Reference value :  3.81492e-08
 Reference value :  4.08343e-08
 Reference value :  4.33334e-08
 Reference value :  4.48414e-08
 Reference value :  4.81894e-08
 Reference value :  5.01360e-08
 Reference value :  5.20217e-08
 Reference value :  5.52812e-08
 Reference value :  5.66677e-08
 Reference value :  5.93314e-08
No. of Data Rows : 4391
m_ui_ref            =  3.70370e-09 targ=  3.71120e-08 trig=  3.34083e-08
m_spa_in            =  1.48148e-08 targ=  4.82231e-08 trig=  3.34083e-08
m_spb_in            =  1.11111e-08 targ=  4.45194e-08 trig=  3.34083e-08
m_spa_c0            =  1.48148e-08 targ=  4.82849e-08 trig=  3.34701e-08
m_spb_c0            =  1.11111e-08 targ=  4.45812e-08 trig=  3.34701e-08
m_trise_c0          =  5.59281e-11 targ=  3.72044e-08 trig=  3.71484e-08
m_tfall_c0          =  5.59294e-11 targ=  4.09081e-08 trig=  4.08521e-08
m_spa_c1            =  1.48148e-08 targ=  4.83224e-08 trig=  3.35076e-08
m_spb_c1            =  1.11111e-08 targ=  4.46187e-08 trig=  3.35076e-08
m_trise_c1          =  1.26422e-10 targ=  3.72940e-08 trig=  3.71676e-08
m_tfall_c1          =  1.26380e-10 targ=  4.09977e-08 trig=  4.08713e-08
m_spa_mux           =  1.48148e-08 targ=  4.82784e-08 trig=  3.34636e-08
m_spb_mux           =  1.11111e-08 targ=  4.45747e-08 trig=  3.34636e-08
m_spa_c2            =  1.48148e-08 targ=  4.83549e-08 trig=  3.35401e-08
m_spb_c2            =  1.11111e-08 targ=  4.46512e-08 trig=  3.35401e-08
m_trise_c2          =  2.28571e-10 targ=  3.74060e-08 trig=  3.71774e-08
m_tfall_c2          =  2.28555e-10 targ=  4.11097e-08 trig=  4.08811e-08
m_spa_cmis          =  1.48148e-08 targ=  4.83357e-08 trig=  3.35209e-08
m_spb_cmis          =  1.11105e-08 targ=  4.46314e-08 trig=  3.35209e-08
m_dj_ui_c0 = 2.6999997844e-06
m_swing_c0 = 5.0460228867e-01
m_vpp_c0 = 5.2192024120e-01
m_vcm_c0 = 3.0476980546e+00
m_dj_ui_c1 = 5.3999995675e-06
m_swing_c1 = 5.0463821851e-01
m_vpp_c1 = 5.1139953100e-01
m_vcm_c1 = 3.0476810427e+00
m_dj_ui_mux = 5.3999995684e-06
m_dj_ui_drv_c1 = 2.6999997840e-06
m_dj_ui_c2 = 2.6999997835e-06
m_swing_c2 = 5.0457961953e-01
m_vpp_c2 = 5.0846656545e-01
m_vcm_c2 = 3.0477053880e+00
m_dj_ui_cmis = 1.5659998747e-04
m_swing_cmis = 5.0457901915e-01
m_swing_avcclo = 5.0425206529e-01
m_vcm_avcclo = 2.7178731912e+00
m_swing_avcchi = 5.0500379486e-01
m_vcm_avcchi = 3.3774989131e+00
m_vgs_sw_max = 1.3363335632e+00
m_vgd_sw_max = 2.0541226869e+00
m_vds_sw_max = 2.4385991131e+00
m_vgs_tail_max = 1.0384904563e+00
m_vds_tail_max = 1.2570131335e+00
m_vmux_dc = 9.3098127072e-01
m_swing_dc = 5.0374688137e-01
m_vcm_dc = 3.0481195136e+00
m_ioff_dc = 1.4091400159e-07
m_itail_dc = 1.0075219455e-02
m_icell_dc = 1.0575219456e-02
Note: Simulation executed from .control section 

Warning: m=xx on .subckt line will override multiplier m hierarchy!

