
Note: No compatibility mode selected!


Circuit: * tmds-final-mux-eye @ tt_-40c_3.30v_270mbps -- generated by sim/harness, do not edit

Doing analysis at TEMP = -40.000000 and TNOM = 27.000000

Using SPARSE 1.3 as Direct Linear Solver

Initial Transient Solution
--------------------------

Node                                   Voltage
----                                   -------
vdd                                        3.3
avcc                                       3.3
clkp                                      1.98
clkn                                      0.99
d0p                                      2.805
d0n                                      1.815
d1p                                      2.805
d1n                                      1.815
d0ps                                     1.815
d0ns                                     2.805
d1ps                                     1.815
d1ns                                     2.805
ckref                                     0.99
win                                          0
winr                                         0
winc                                         0
xmux_m.top                             2.80098
xmux_m.xrc.11                          2.83181
xmux_m.xrc.21                          3.26918
outp_m                                 1.80517
xmux_m.xrlp.11                           1.836
xmux_m.xrlp.21                         2.77016
outn_m                                 2.80098
xmux_m.xrln.11                         2.80098
xmux_m.xrln.21                         2.80098
xmux_m.ibias                           1.12283
xmux_m.xrref.11                        1.13898
xmux_m.xrref.21                        3.28385
xmux_m.sa                              1.32216
xmux_m.sb                              1.80517
xmux_m.tail                             0.7219
dop_m                                      3.3
xdrv_m.tail                            1.35623
don_m                                  2.79502
ib_m                                   1.13262
vd_m                                  0.995809
vdn_m                                  1.00587
vdg_m                                        0
xmux_s.top                             2.80098
xmux_s.xrc.11                          2.83181
xmux_s.xrc.21                          3.26918
outp_s                                 2.80098
xmux_s.xrlp.11                         2.80098
xmux_s.xrlp.21                         2.80098
outn_s                                 1.80517
xmux_s.xrln.11                           1.836
xmux_s.xrln.21                         2.77016
xmux_s.ibias                           1.12283
xmux_s.xrref.11                        1.13898
xmux_s.xrref.21                        3.28385
xmux_s.sa                              1.32216
xmux_s.sb                              1.80517
xmux_s.tail                             0.7219
dop_s                                  2.79502
xdrv_s.tail                            1.35623
don_s                                      3.3
ib_s                                   1.13262
vd_s                                 -0.995809
vdn_s                                 -1.00587
vdg_s                                        0
xmux_n.top                             2.80098
xmux_n.xrc.11                          2.83181
xmux_n.xrc.21                          3.26918
outp_n                                 1.80517
xmux_n.xrlp.11                           1.836
xmux_n.xrlp.21                         2.77016
outn_n                                 2.80098
xmux_n.xrln.11                         2.80098
xmux_n.xrln.21                         2.80098
xmux_n.ibias                           1.12283
xmux_n.xrref.11                        1.13898
xmux_n.xrref.21                        3.28385
xmux_n.sa                              1.32216
xmux_n.sb                              1.80517
xmux_n.tail                             0.7219
vd_n                                  0.995809
vdn_n                                  1.00587
vdg_n                                        0
d0pz                                     2.805
d0nz                                     1.815
clkpz                                     1.98
clknz                                     0.99
vdd_z                                      3.3
xmux_z.top                             2.80098
xmux_z.xrc.11                          2.83181
xmux_z.xrc.21                          3.26918
outp_z                                 1.80517
xmux_z.xrlp.11                           1.836
xmux_z.xrlp.21                         2.77016
outn_z                                 2.80098
xmux_z.xrln.11                         2.80098
xmux_z.xrln.21                         2.80098
xmux_z.ibias                           1.12283
xmux_z.xrref.11                        1.13898
xmux_z.xrref.21                        3.28385
xmux_z.sa                              1.32216
xmux_z.sb                              2.27781
xmux_z.tail                             0.7219
dop_z                                      3.3
xdrv_z.tail                            1.35623
don_z                                  2.79502
ib_z                                   1.13262
bvdg_n#branch                                0
bvdg_s#branch                                0
bvdg_m#branch                                0
envd_n#branch                                0
emux_n#branch                                0
envd_s#branch                                0
emux_s#branch                                0
envd_m#branch                                0
emux_m#branch                                0
eckref#branch                                0
vsens_z#branch                      -0.0098025
vclknz#branch                                0
vclkpz#branch                                0
vd0nz#branch                                 0
vd0pz#branch                                 0
vwinc#branch                                 0
vwinr#branch                                 0
vwin#branch                                  0
vd1ns#branch                                 0
vd1ps#branch                                 0
vd0ns#branch                                 0
vd0ps#branch                                 0
vd1n#branch                                  0
vd1p#branch                                  0
vd0n#branch                                  0
vd0p#branch                                  0
vclkn#branch                                 0
vclkp#branch                                 0
vavcc#branch                         -0.030299
vvdd#branch                         -0.0294075

 Reference value :  0.00000e+00
 Reference value :  4.00000e-13
 Reference value :  3.20000e-12
 Reference value :  2.56000e-11
 Reference value :  1.05600e-10
 Reference value :  1.65600e-10
 Reference value :  2.25600e-10
 Reference value :  3.05600e-10
 Reference value :  3.85600e-10
 Reference value :  4.65600e-10
 Reference value :  5.25600e-10
 Reference value :  6.05600e-10
 Reference value :  6.65600e-10
 Reference value :  7.25600e-10
 Reference value :  8.05600e-10
 Reference value :  8.65600e-10
 Reference value :  9.45600e-10
 Reference value :  1.00560e-09
 Reference value :  1.06560e-09
 Reference value :  1.14560e-09
 Reference value :  1.20560e-09
 Reference value :  1.28560e-09
 Reference value :  1.36560e-09
 Reference value :  1.42560e-09
 Reference value :  1.50560e-09
 Reference value :  1.58560e-09
 Reference value :  1.66560e-09
 Reference value :  1.72560e-09
 Reference value :  1.78560e-09
 Reference value :  1.84560e-09
 Reference value :  1.92560e-09
 Reference value :  1.98560e-09
 Reference value :  2.06560e-09
 Reference value :  2.14560e-09
 Reference value :  2.22560e-09
 Reference value :  2.28560e-09
 Reference value :  2.36560e-09
 Reference value :  2.42560e-09
 Reference value :  2.48560e-09
 Reference value :  2.54560e-09
 Reference value :  2.60560e-09
 Reference value :  2.68560e-09
 Reference value :  2.76560e-09
 Reference value :  2.84560e-09
 Reference value :  2.92560e-09
 Reference value :  3.00560e-09
 Reference value :  3.08560e-09
 Reference value :  3.16560e-09
 Reference value :  3.22560e-09
 Reference value :  3.28560e-09
 Reference value :  3.34560e-09
 Reference value :  3.42560e-09
 Reference value :  3.50560e-09
 Reference value :  3.58560e-09
 Reference value :  3.64560e-09
 Reference value :  3.70370e-09
 Reference value :  3.70373e-09
 Reference value :  3.70386e-09
 Reference value :  3.70507e-09
 Reference value :  3.70984e-09
 Reference value :  3.71620e-09
 Reference value :  3.72115e-09
 Reference value :  3.72894e-09
 Reference value :  3.73521e-09
 Reference value :  3.74175e-09
 Reference value :  3.74783e-09
 Reference value :  3.75796e-09
 Reference value :  3.76092e-09
 Reference value :  3.76393e-09
 Reference value :  3.77030e-09
 Reference value :  3.78002e-09
 Reference value :  3.78240e-09
 Reference value :  3.78722e-09
 Reference value :  3.79490e-09
 Reference value :  3.80456e-09
 Reference value :  3.81467e-09
 Reference value :  3.82422e-09
 Reference value :  3.83020e-09
 Reference value :  3.83929e-09
 Reference value :  3.84624e-09
 Reference value :  3.85158e-09
 Reference value :  3.85372e-09
 Reference value :  3.85390e-09
 Reference value :  3.85454e-09
 Reference value :  3.85680e-09
 Reference value :  3.86175e-09
 Reference value :  3.86469e-09
 Reference value :  3.86770e-09
 Reference value :  3.87142e-09
 Reference value :  3.87453e-09
 Reference value :  3.87966e-09
 Reference value :  3.88879e-09
 Reference value :  3.89958e-09
 Reference value :  3.90373e-09
 Reference value :  3.90407e-09
 Reference value :  3.90986e-09
 Reference value :  3.92141e-09
 Reference value :  3.93111e-09
 Reference value :  3.94987e-09
 Reference value :  3.96336e-09
 Reference value :  3.97930e-09
 Reference value :  4.00039e-09
 Reference value :  4.03311e-09
 Reference value :  4.09042e-09
 Reference value :  4.15042e-09
 Reference value :  4.21042e-09
 Reference value :  4.29042e-09
 Reference value :  4.37042e-09
 Reference value :  4.43042e-09
 Reference value :  4.49042e-09
 Reference value :  4.57042e-09
 Reference value :  4.65042e-09
 Reference value :  4.71042e-09
 Reference value :  4.79042e-09
 Reference value :  4.87042e-09
 Reference value :  4.95042e-09
 Reference value :  5.01042e-09
 Reference value :  5.09042e-09
 Reference value :  5.17042e-09
 Reference value :  5.25042e-09
 Reference value :  5.31042e-09
 Reference value :  5.37042e-09
 Reference value :  5.45042e-09
 Reference value :  5.51042e-09
 Reference value :  5.57042e-09
 Reference value :  5.63042e-09
 Reference value :  5.69042e-09
 Reference value :  5.75042e-09
 Reference value :  5.81042e-09
 Reference value :  5.87042e-09
 Reference value :  5.95042e-09
 Reference value :  6.03042e-09
 Reference value :  6.11042e-09
 Reference value :  6.17042e-09
 Reference value :  6.25042e-09
 Reference value :  6.33042e-09
 Reference value :  6.39042e-09
 Reference value :  6.45042e-09
 Reference value :  6.53042e-09
 Reference value :  6.59042e-09
 Reference value :  6.67042e-09
 Reference value :  6.73042e-09
 Reference value :  6.81042e-09
 Reference value :  6.89042e-09
 Reference value :  6.97042e-09
 Reference value :  7.03704e-09
 Reference value :  7.03804e-09
 Reference value :  7.03909e-09
 Reference value :  7.07381e-09
 Reference value :  7.15381e-09
 Reference value :  7.25381e-09
 Reference value :  7.33381e-09
 Reference value :  7.40743e-09
 Reference value :  7.40770e-09
 Reference value :  7.40989e-09
 Reference value :  7.41514e-09
 Reference value :  7.42211e-09
 Reference value :  7.42768e-09
 Reference value :  7.43646e-09
 Reference value :  7.44626e-09
 Reference value :  7.45570e-09
 Reference value :  7.46662e-09
 Reference value :  7.47620e-09
 Reference value :  7.48132e-09
 Reference value :  7.48358e-09
 Reference value :  7.49099e-09
 Reference value :  7.49534e-09
 Reference value :  7.49950e-09
 Reference value :  7.50715e-09
 Reference value :  7.51333e-09
 Reference value :  7.51895e-09
 Reference value :  7.52456e-09
 Reference value :  7.53030e-09
 Reference value :  7.53955e-09
 Reference value :  7.54869e-09
 Reference value :  7.55415e-09
 Reference value :  7.55743e-09
 Reference value :  7.55774e-09
 Reference value :  7.55881e-09
 Reference value :  7.56172e-09
 Reference value :  7.56506e-09
 Reference value :  7.56650e-09
 Reference value :  7.56922e-09
 Reference value :  7.57265e-09
 Reference value :  7.57556e-09
 Reference value :  7.57930e-09
 Reference value :  7.58476e-09
 Reference value :  7.59058e-09
 Reference value :  7.59661e-09
 Reference value :  7.60256e-09
 Reference value :  7.60741e-09
 Reference value :  7.60749e-09
 Reference value :  7.60917e-09
 Reference value :  7.61630e-09
 Reference value :  7.62247e-09
 Reference value :  7.63572e-09
 Reference value :  7.65695e-09
 Reference value :  7.69976e-09
 Reference value :  7.75855e-09
 Reference value :  7.81855e-09
 Reference value :  7.87855e-09
 Reference value :  7.93855e-09
 Reference value :  7.99855e-09
 Reference value :  8.05855e-09
 Reference value :  8.11855e-09
 Reference value :  8.17855e-09
 Reference value :  8.23855e-09
 Reference value :  8.31855e-09
 Reference value :  8.37855e-09
 Reference value :  8.43855e-09
 Reference value :  8.51855e-09
 Reference value :  8.59855e-09
 Reference value :  8.65855e-09
 Reference value :  8.73855e-09
 Reference value :  8.81855e-09
 Reference value :  8.89855e-09
 Reference value :  8.95855e-09
 Reference value :  9.03855e-09
 Reference value :  9.09855e-09
 Reference value :  9.17855e-09
 Reference value :  9.23855e-09
 Reference value :  9.31855e-09
 Reference value :  9.39855e-09
 Reference value :  9.47855e-09
 Reference value :  9.53855e-09
 Reference value :  9.61855e-09
 Reference value :  9.67855e-09
 Reference value :  9.75855e-09
 Reference value :  9.81855e-09
 Reference value :  9.89855e-09
 Reference value :  9.95855e-09
 Reference value :  1.00385e-08
 Reference value :  1.01185e-08
 Reference value :  1.01785e-08
 Reference value :  1.02385e-08
 Reference value :  1.02985e-08
 Reference value :  1.03785e-08
 Reference value :  1.04385e-08
 Reference value :  1.04985e-08
 Reference value :  1.05585e-08
 Reference value :  1.06185e-08
 Reference value :  1.06785e-08
 Reference value :  1.07585e-08
 Reference value :  1.08185e-08
 Reference value :  1.08985e-08
 Reference value :  1.09785e-08
 Reference value :  1.10385e-08
 Reference value :  1.10948e-08
 Reference value :  1.11111e-08
 Reference value :  1.11114e-08
 Reference value :  1.11123e-08
 Reference value :  1.11153e-08
 Reference value :  1.11189e-08
 Reference value :  1.11258e-08
 Reference value :  1.11302e-08
 Reference value :  1.11374e-08
 Reference value :  1.11476e-08
 Reference value :  1.11571e-08
 Reference value :  1.11639e-08
 Reference value :  1.11670e-08
 Reference value :  1.11699e-08
 Reference value :  1.11763e-08
 Reference value :  1.11829e-08
 Reference value :  1.11859e-08
 Reference value :  1.11907e-08
 Reference value :  1.11955e-08
 Reference value :  1.12034e-08
 Reference value :  1.12132e-08
 Reference value :  1.12233e-08
 Reference value :  1.12328e-08
 Reference value :  1.12416e-08
 Reference value :  1.12515e-08
 Reference value :  1.12611e-08
 Reference value :  1.12612e-08
 Reference value :  1.12618e-08
 Reference value :  1.12641e-08
 Reference value :  1.12689e-08
 Reference value :  1.12703e-08
 Reference value :  1.12735e-08
 Reference value :  1.12766e-08
 Reference value :  1.12798e-08
 Reference value :  1.12836e-08
 Reference value :  1.12920e-08
 Reference value :  1.12986e-08
 Reference value :  1.13059e-08
 Reference value :  1.13111e-08
 Reference value :  1.13112e-08
 Reference value :  1.13119e-08
 Reference value :  1.13173e-08
 Reference value :  1.13248e-08
 Reference value :  1.13334e-08
 Reference value :  1.13511e-08
 Reference value :  1.13708e-08
 Reference value :  1.13867e-08
 Reference value :  1.14078e-08
 Reference value :  1.14590e-08
 Reference value :  1.14979e-08
 Reference value :  1.15379e-08
 Reference value :  1.15979e-08
 Reference value :  1.16779e-08
 Reference value :  1.17379e-08
 Reference value :  1.18179e-08
 Reference value :  1.18779e-08
 Reference value :  1.19579e-08
 Reference value :  1.20179e-08
 Reference value :  1.20779e-08
 Reference value :  1.21379e-08
 Reference value :  1.21979e-08
 Reference value :  1.22579e-08
 Reference value :  1.23379e-08
 Reference value :  1.24179e-08
 Reference value :  1.24979e-08
 Reference value :  1.25779e-08
 Reference value :  1.26579e-08
 Reference value :  1.27379e-08
 Reference value :  1.28179e-08
 Reference value :  1.28779e-08
 Reference value :  1.29579e-08
 Reference value :  1.30379e-08
 Reference value :  1.31179e-08
 Reference value :  1.31979e-08
 Reference value :  1.32779e-08
 Reference value :  1.33579e-08
 Reference value :  1.34379e-08
 Reference value :  1.35179e-08
 Reference value :  1.35979e-08
 Reference value :  1.36779e-08
 Reference value :  1.37579e-08
 Reference value :  1.38379e-08
 Reference value :  1.38979e-08
 Reference value :  1.39779e-08
 Reference value :  1.40379e-08
 Reference value :  1.40979e-08
 Reference value :  1.41779e-08
 Reference value :  1.42379e-08
 Reference value :  1.43179e-08
 Reference value :  1.44179e-08
 Reference value :  1.44779e-08
 Reference value :  1.45579e-08
 Reference value :  1.46379e-08
 Reference value :  1.46979e-08
 Reference value :  1.47579e-08
 Reference value :  1.48148e-08
 Reference value :  1.48148e-08
 Reference value :  1.48150e-08
 Reference value :  1.48155e-08
 Reference value :  1.48175e-08
 Reference value :  1.48209e-08
 Reference value :  1.48272e-08
 Reference value :  1.48358e-08
 Reference value :  1.48449e-08
 Reference value :  1.48550e-08
 Reference value :  1.48645e-08
 Reference value :  1.48709e-08
 Reference value :  1.48739e-08
 Reference value :  1.48803e-08
 Reference value :  1.48864e-08
 Reference value :  1.48910e-08
 Reference value :  1.48984e-08
 Reference value :  1.49028e-08
 Reference value :  1.49069e-08
 Reference value :  1.49117e-08
 Reference value :  1.49208e-08
 Reference value :  1.49264e-08
 Reference value :  1.49320e-08
 Reference value :  1.49407e-08
 Reference value :  1.49502e-08
 Reference value :  1.49588e-08
 Reference value :  1.49648e-08
 Reference value :  1.49648e-08
 Reference value :  1.49651e-08
 Reference value :  1.49676e-08
 Reference value :  1.49708e-08
 Reference value :  1.49739e-08
 Reference value :  1.49766e-08
 Reference value :  1.49801e-08
 Reference value :  1.49830e-08
 Reference value :  1.49868e-08
 Reference value :  1.49923e-08
 Reference value :  1.50013e-08
 Reference value :  1.50104e-08
 Reference value :  1.50148e-08
 Reference value :  1.50149e-08
 Reference value :  1.50156e-08
 Reference value :  1.50179e-08
 Reference value :  1.50230e-08
 Reference value :  1.50326e-08
 Reference value :  1.50415e-08
 Reference value :  1.50622e-08
 Reference value :  1.50868e-08
 Reference value :  1.51206e-08
 Reference value :  1.51606e-08
 Reference value :  1.52006e-08
 Reference value :  1.52606e-08
 Reference value :  1.53206e-08
 Reference value :  1.53806e-08
 Reference value :  1.54606e-08
 Reference value :  1.55206e-08
 Reference value :  1.56006e-08
 Reference value :  1.56606e-08
 Reference value :  1.57206e-08
 Reference value :  1.58006e-08
 Reference value :  1.58806e-08
 Reference value :  1.59406e-08
 Reference value :  1.60206e-08
 Reference value :  1.60806e-08
 Reference value :  1.61606e-08
 Reference value :  1.62206e-08
 Reference value :  1.63006e-08
 Reference value :  1.63606e-08
 Reference value :  1.64206e-08
 Reference value :  1.64806e-08
 Reference value :  1.65406e-08
 Reference value :  1.66006e-08
 Reference value :  1.66806e-08
 Reference value :  1.67406e-08
 Reference value :  1.68006e-08
 Reference value :  1.68606e-08
 Reference value :  1.69406e-08
 Reference value :  1.70406e-08
 Reference value :  1.71206e-08
 Reference value :  1.72006e-08
 Reference value :  1.72806e-08
 Reference value :  1.73606e-08
 Reference value :  1.74406e-08
 Reference value :  1.75206e-08
 Reference value :  1.75806e-08
 Reference value :  1.76606e-08
 Reference value :  1.77406e-08
 Reference value :  1.78206e-08
 Reference value :  1.78806e-08
 Reference value :  1.79606e-08
 Reference value :  1.80206e-08
 Reference value :  1.81006e-08
 Reference value :  1.81606e-08
 Reference value :  1.82406e-08
 Reference value :  1.83206e-08
 Reference value :  1.84006e-08
 Reference value :  1.84806e-08
 Reference value :  1.85185e-08
 Reference value :  1.85187e-08
 Reference value :  1.85199e-08
 Reference value :  1.85248e-08
 Reference value :  1.85312e-08
 Reference value :  1.85361e-08
 Reference value :  1.85440e-08
 Reference value :  1.85538e-08
 Reference value :  1.85598e-08
 Reference value :  1.85660e-08
 Reference value :  1.85732e-08
 Reference value :  1.85794e-08
 Reference value :  1.85890e-08
 Reference value :  1.85951e-08
 Reference value :  1.85996e-08
 Reference value :  1.86072e-08
 Reference value :  1.86131e-08
 Reference value :  1.86196e-08
 Reference value :  1.86265e-08
 Reference value :  1.86329e-08
 Reference value :  1.86393e-08
 Reference value :  1.86481e-08
 Reference value :  1.86579e-08
 Reference value :  1.86645e-08
 Reference value :  1.86685e-08
 Reference value :  1.86687e-08
 Reference value :  1.86694e-08
 Reference value :  1.86716e-08
 Reference value :  1.86766e-08
 Reference value :  1.86795e-08
 Reference value :  1.86825e-08
 Reference value :  1.86862e-08
 Reference value :  1.86877e-08
 Reference value :  1.86918e-08
 Reference value :  1.87004e-08
 Reference value :  1.87106e-08
 Reference value :  1.87185e-08
 Reference value :  1.87185e-08
 Reference value :  1.87189e-08
 Reference value :  1.87216e-08
 Reference value :  1.87322e-08
 Reference value :  1.87408e-08
 Reference value :  1.87518e-08
 Reference value :  1.87714e-08
 Reference value :  1.87941e-08
 Reference value :  1.88306e-08
 Reference value :  1.88664e-08
 Reference value :  1.89252e-08
 Reference value :  1.89652e-08
 Reference value :  1.90052e-08
 Reference value :  1.90652e-08
 Reference value :  1.91252e-08
 Reference value :  1.92052e-08
 Reference value :  1.92852e-08
 Reference value :  1.93452e-08
 Reference value :  1.94252e-08
 Reference value :  1.94852e-08
 Reference value :  1.95452e-08
 Reference value :  1.96052e-08
 Reference value :  1.96652e-08
 Reference value :  1.97452e-08
 Reference value :  1.98252e-08
 Reference value :  1.99052e-08
 Reference value :  1.99852e-08
 Reference value :  2.00652e-08
 Reference value :  2.01252e-08
 Reference value :  2.02052e-08
 Reference value :  2.02852e-08
 Reference value :  2.03452e-08
 Reference value :  2.04252e-08
 Reference value :  2.05052e-08
 Reference value :  2.05652e-08
 Reference value :  2.06252e-08
 Reference value :  2.06852e-08
 Reference value :  2.07652e-08
 Reference value :  2.08252e-08
 Reference value :  2.09052e-08
 Reference value :  2.09852e-08
 Reference value :  2.10652e-08
 Reference value :  2.11452e-08
 Reference value :  2.12252e-08
 Reference value :  2.13052e-08
 Reference value :  2.13652e-08
 Reference value :  2.14252e-08
 Reference value :  2.14852e-08
 Reference value :  2.15452e-08
 Reference value :  2.16052e-08
 Reference value :  2.16852e-08
 Reference value :  2.17652e-08
 Reference value :  2.18252e-08
 Reference value :  2.19052e-08
 Reference value :  2.19852e-08
 Reference value :  2.20652e-08
 Reference value :  2.21252e-08
 Reference value :  2.21852e-08
 Reference value :  2.22222e-08
 Reference value :  2.22225e-08
 Reference value :  2.22249e-08
 Reference value :  2.22302e-08
 Reference value :  2.22373e-08
 Reference value :  2.22432e-08
 Reference value :  2.22523e-08
 Reference value :  2.22588e-08
 Reference value :  2.22618e-08
 Reference value :  2.22712e-08
 Reference value :  2.22778e-08
 Reference value :  2.22807e-08
 Reference value :  2.22871e-08
 Reference value :  2.22933e-08
 Reference value :  2.22957e-08
 Reference value :  2.22980e-08
 Reference value :  2.23052e-08
 Reference value :  2.23097e-08
 Reference value :  2.23139e-08
 Reference value :  2.23185e-08
 Reference value :  2.23246e-08
 Reference value :  2.23301e-08
 Reference value :  2.23358e-08
 Reference value :  2.23444e-08
 Reference value :  2.23535e-08
 Reference value :  2.23628e-08
 Reference value :  2.23702e-08
 Reference value :  2.23722e-08
 Reference value :  2.23724e-08
 Reference value :  2.23739e-08
 Reference value :  2.23769e-08
 Reference value :  2.23816e-08
 Reference value :  2.23846e-08
 Reference value :  2.23879e-08
 Reference value :  2.23900e-08
 Reference value :  2.23914e-08
 Reference value :  2.23955e-08
 Reference value :  2.24040e-08
 Reference value :  2.24099e-08
 Reference value :  2.24127e-08
 Reference value :  2.24187e-08
 Reference value :  2.24222e-08
 Reference value :  2.24222e-08
 Reference value :  2.24229e-08
 Reference value :  2.24275e-08
 Reference value :  2.24360e-08
 Reference value :  2.24436e-08
 Reference value :  2.24538e-08
 Reference value :  2.24790e-08
 Reference value :  2.25256e-08
 Reference value :  2.25656e-08
 Reference value :  2.26256e-08
 Reference value :  2.27056e-08
 Reference value :  2.27656e-08
 Reference value :  2.28256e-08
 Reference value :  2.28856e-08
 Reference value :  2.29456e-08
 Reference value :  2.30056e-08
 Reference value :  2.30656e-08
 Reference value :  2.31256e-08
 Reference value :  2.31856e-08
 Reference value :  2.32656e-08
 Reference value :  2.33256e-08
 Reference value :  2.34056e-08
 Reference value :  2.34656e-08
 Reference value :  2.35456e-08
 Reference value :  2.36056e-08
 Reference value :  2.36856e-08
 Reference value :  2.37456e-08
 Reference value :  2.38256e-08
 Reference value :  2.39056e-08
 Reference value :  2.39856e-08
 Reference value :  2.40656e-08
 Reference value :  2.41256e-08
 Reference value :  2.42056e-08
 Reference value :  2.42656e-08
 Reference value :  2.43456e-08
 Reference value :  2.44256e-08
 Reference value :  2.45056e-08
 Reference value :  2.45856e-08
 Reference value :  2.46656e-08
 Reference value :  2.47456e-08
 Reference value :  2.48256e-08
 Reference value :  2.49256e-08
 Reference value :  2.50056e-08
 Reference value :  2.50856e-08
 Reference value :  2.51656e-08
 Reference value :  2.52256e-08
 Reference value :  2.53056e-08
 Reference value :  2.53856e-08
 Reference value :  2.54656e-08
 Reference value :  2.55256e-08
 Reference value :  2.56056e-08
 Reference value :  2.56656e-08
 Reference value :  2.57256e-08
 Reference value :  2.57856e-08
 Reference value :  2.58456e-08
 Reference value :  2.59158e-08
 Reference value :  2.59259e-08
 Reference value :  2.59261e-08
 Reference value :  2.59276e-08
 Reference value :  2.59327e-08
 Reference value :  2.59369e-08
 Reference value :  2.59440e-08
 Reference value :  2.59521e-08
 Reference value :  2.59586e-08
 Reference value :  2.59650e-08
 Reference value :  2.59745e-08
 Reference value :  2.59822e-08
 Reference value :  2.59852e-08
 Reference value :  2.59948e-08
 Reference value :  2.60012e-08
 Reference value :  2.60059e-08
 Reference value :  2.60107e-08
 Reference value :  2.60187e-08
 Reference value :  2.60286e-08
 Reference value :  2.60386e-08
 Reference value :  2.60480e-08
 Reference value :  2.60569e-08
 Reference value :  2.60633e-08
 Reference value :  2.60730e-08
 Reference value :  2.60759e-08
 Reference value :  2.60762e-08
 Reference value :  2.60785e-08
 Reference value :  2.60834e-08
 Reference value :  2.60863e-08
 Reference value :  2.60888e-08
 Reference value :  2.60911e-08
 Reference value :  2.60926e-08
 Reference value :  2.60956e-08
 Reference value :  2.60979e-08
 Reference value :  2.61034e-08
 Reference value :  2.61094e-08
 Reference value :  2.61200e-08
 Reference value :  2.61259e-08
 Reference value :  2.61260e-08
 Reference value :  2.61268e-08
 Reference value :  2.61333e-08
 Reference value :  2.61409e-08
 Reference value :  2.61549e-08
 Reference value :  2.61676e-08
 Reference value :  2.61807e-08
 Reference value :  2.62044e-08
 Reference value :  2.62268e-08
 Reference value :  2.62613e-08
 Reference value :  2.62993e-08
 Reference value :  2.63393e-08
 Reference value :  2.63793e-08
 Reference value :  2.64193e-08
 Reference value :  2.64993e-08
 Reference value :  2.65793e-08
 Reference value :  2.66593e-08
 Reference value :  2.67193e-08
 Reference value :  2.67793e-08
 Reference value :  2.68393e-08
 Reference value :  2.68993e-08
 Reference value :  2.69793e-08
 Reference value :  2.70393e-08
 Reference value :  2.71193e-08
 Reference value :  2.71993e-08
 Reference value :  2.72593e-08
 Reference value :  2.73193e-08
 Reference value :  2.73993e-08
 Reference value :  2.74793e-08
 Reference value :  2.75593e-08
 Reference value :  2.76193e-08
 Reference value :  2.76793e-08
 Reference value :  2.77393e-08
 Reference value :  2.77993e-08
 Reference value :  2.78793e-08
 Reference value :  2.79593e-08
 Reference value :  2.80393e-08
 Reference value :  2.81193e-08
 Reference value :  2.81993e-08
 Reference value :  2.82593e-08
 Reference value :  2.83193e-08
 Reference value :  2.83993e-08
 Reference value :  2.84793e-08
 Reference value :  2.85593e-08
 Reference value :  2.86393e-08
 Reference value :  2.86993e-08
 Reference value :  2.87793e-08
 Reference value :  2.88593e-08
 Reference value :  2.89193e-08
 Reference value :  2.89793e-08
 Reference value :  2.90593e-08
 Reference value :  2.91393e-08
 Reference value :  2.91993e-08
 Reference value :  2.92593e-08
 Reference value :  2.93193e-08
 Reference value :  2.93993e-08
 Reference value :  2.94793e-08
 Reference value :  2.95593e-08
 Reference value :  2.96145e-08
 Reference value :  2.96296e-08
 Reference value :  2.96299e-08
 Reference value :  2.96308e-08
 Reference value :  2.96337e-08
 Reference value :  2.96381e-08
 Reference value :  2.96425e-08
 Reference value :  2.96498e-08
 Reference value :  2.96552e-08
 Reference value :  2.96646e-08
 Reference value :  2.96741e-08
 Reference value :  2.96811e-08
 Reference value :  2.96878e-08
 Reference value :  2.96942e-08
 Reference value :  2.97004e-08
 Reference value :  2.97029e-08
 Reference value :  2.97052e-08
 Reference value :  2.97123e-08
 Reference value :  2.97170e-08
 Reference value :  2.97190e-08
 Reference value :  2.97258e-08
 Reference value :  2.97347e-08
 Reference value :  2.97373e-08
 Reference value :  2.97430e-08
 Reference value :  2.97516e-08
 Reference value :  2.97575e-08
 Reference value :  2.97635e-08
 Reference value :  2.97696e-08
 Reference value :  2.97750e-08
 Reference value :  2.97796e-08
 Reference value :  2.97797e-08
 Reference value :  2.97801e-08
 Reference value :  2.97829e-08
 Reference value :  2.97863e-08
 Reference value :  2.97901e-08
 Reference value :  2.97946e-08
 Reference value :  2.97998e-08
 Reference value :  2.98051e-08
 Reference value :  2.98105e-08
 Reference value :  2.98194e-08
 Reference value :  2.98275e-08
 Reference value :  2.98297e-08
 Reference value :  2.98300e-08
 Reference value :  2.98311e-08
 Reference value :  2.98349e-08
 Reference value :  2.98405e-08
 Reference value :  2.98471e-08
 Reference value :  2.98559e-08
 Reference value :  2.98679e-08
 Reference value :  2.98874e-08
 Reference value :  2.99029e-08
 Reference value :  2.99230e-08
 Reference value :  2.99679e-08
 Reference value :  3.00001e-08
 Reference value :  3.00010e-08
 Reference value :  3.00021e-08
 Reference value :  3.00099e-08
 Reference value :  3.00568e-08
 Reference value :  3.00968e-08
 Reference value :  3.01368e-08
 Reference value :  3.01968e-08
 Reference value :  3.02568e-08
 Reference value :  3.03168e-08
 Reference value :  3.03768e-08
 Reference value :  3.04368e-08
 Reference value :  3.05168e-08
 Reference value :  3.05768e-08
 Reference value :  3.06368e-08
 Reference value :  3.07168e-08
 Reference value :  3.07968e-08
 Reference value :  3.08568e-08
 Reference value :  3.09368e-08
 Reference value :  3.09968e-08
 Reference value :  3.10768e-08
 Reference value :  3.11368e-08
 Reference value :  3.11968e-08
 Reference value :  3.12568e-08
 Reference value :  3.13368e-08
 Reference value :  3.13968e-08
 Reference value :  3.14568e-08
 Reference value :  3.15168e-08
 Reference value :  3.15968e-08
 Reference value :  3.16568e-08
 Reference value :  3.17368e-08
 Reference value :  3.17968e-08
 Reference value :  3.18768e-08
 Reference value :  3.19368e-08
 Reference value :  3.20168e-08
 Reference value :  3.20968e-08
 Reference value :  3.21568e-08
 Reference value :  3.22168e-08
 Reference value :  3.22968e-08
 Reference value :  3.23568e-08
 Reference value :  3.24368e-08
 Reference value :  3.24968e-08
 Reference value :  3.25968e-08
 Reference value :  3.26768e-08
 Reference value :  3.27368e-08
 Reference value :  3.27968e-08
 Reference value :  3.28768e-08
 Reference value :  3.29568e-08
 Reference value :  3.30368e-08
 Reference value :  3.30968e-08
 Reference value :  3.31768e-08
 Reference value :  3.32768e-08
 Reference value :  3.33333e-08
 Reference value :  3.33334e-08
 Reference value :  3.33335e-08
 Reference value :  3.33340e-08
 Reference value :  3.33360e-08
 Reference value :  3.33397e-08
 Reference value :  3.33438e-08
 Reference value :  3.33487e-08
 Reference value :  3.33510e-08
 Reference value :  3.33596e-08
 Reference value :  3.33660e-08
 Reference value :  3.33724e-08
 Reference value :  3.33784e-08
 Reference value :  3.33852e-08
 Reference value :  3.33914e-08
 Reference value :  3.34011e-08
 Reference value :  3.34069e-08
 Reference value :  3.34092e-08
 Reference value :  3.34115e-08
 Reference value :  3.34189e-08
 Reference value :  3.34211e-08
 Reference value :  3.34231e-08
 Reference value :  3.34299e-08
 Reference value :  3.34354e-08
 Reference value :  3.34380e-08
 Reference value :  3.34406e-08
 Reference value :  3.34459e-08
 Reference value :  3.34513e-08
 Reference value :  3.34570e-08
 Reference value :  3.34629e-08
 Reference value :  3.34691e-08
 Reference value :  3.34761e-08
 Reference value :  3.34833e-08
 Reference value :  3.34834e-08
 Reference value :  3.34841e-08
 Reference value :  3.34879e-08
 Reference value :  3.34915e-08
 Reference value :  3.34956e-08
 Reference value :  3.35005e-08
 Reference value :  3.35061e-08
 Reference value :  3.35115e-08
 Reference value :  3.35171e-08
 Reference value :  3.35266e-08
 Reference value :  3.35333e-08
 Reference value :  3.35334e-08
 Reference value :  3.35345e-08
 Reference value :  3.35415e-08
 Reference value :  3.35492e-08
 Reference value :  3.35584e-08
 Reference value :  3.35703e-08
 Reference value :  3.35898e-08
 Reference value :  3.36050e-08
 Reference value :  3.36245e-08
 Reference value :  3.36729e-08
 Reference value :  3.37115e-08
 Reference value :  3.37515e-08
 Reference value :  3.37915e-08
 Reference value :  3.38515e-08
 Reference value :  3.39515e-08
 Reference value :  3.40315e-08
 Reference value :  3.40915e-08
 Reference value :  3.41515e-08
 Reference value :  3.42115e-08
 Reference value :  3.42915e-08
 Reference value :  3.43715e-08
 Reference value :  3.44515e-08
 Reference value :  3.45315e-08
 Reference value :  3.46115e-08
 Reference value :  3.46915e-08
 Reference value :  3.47715e-08
 Reference value :  3.48515e-08
 Reference value :  3.49315e-08
 Reference value :  3.50115e-08
 Reference value :  3.50715e-08
 Reference value :  3.51315e-08
 Reference value :  3.51915e-08
 Reference value :  3.52715e-08
 Reference value :  3.53315e-08
 Reference value :  3.54115e-08
 Reference value :  3.55315e-08
 Reference value :  3.56115e-08
 Reference value :  3.57115e-08
 Reference value :  3.58115e-08
 Reference value :  3.58915e-08
 Reference value :  3.60115e-08
 Reference value :  3.61115e-08
 Reference value :  3.61915e-08
 Reference value :  3.63115e-08
 Reference value :  3.63915e-08
 Reference value :  3.64715e-08
 Reference value :  3.65515e-08
 Reference value :  3.66315e-08
 Reference value :  3.67115e-08
 Reference value :  3.67715e-08
 Reference value :  3.68315e-08
 Reference value :  3.68915e-08
 Reference value :  3.69515e-08
 Reference value :  3.70115e-08
 Reference value :  3.70371e-08
 Reference value :  3.70373e-08
 Reference value :  3.70390e-08
 Reference value :  3.70424e-08
 Reference value :  3.70487e-08
 Reference value :  3.70572e-08
 Reference value :  3.70672e-08
 Reference value :  3.70769e-08
 Reference value :  3.70865e-08
 Reference value :  3.70930e-08
 Reference value :  3.70992e-08
 Reference value :  3.71056e-08
 Reference value :  3.71107e-08
 Reference value :  3.71155e-08
 Reference value :  3.71228e-08
 Reference value :  3.71268e-08
 Reference value :  3.71335e-08
 Reference value :  3.71391e-08
 Reference value :  3.71417e-08
 Reference value :  3.71470e-08
 Reference value :  3.71524e-08
 Reference value :  3.71607e-08
 Reference value :  3.71701e-08
 Reference value :  3.71759e-08
 Reference value :  3.71813e-08
 Reference value :  3.71871e-08
 Reference value :  3.71876e-08
 Reference value :  3.71892e-08
 Reference value :  3.71924e-08
 Reference value :  3.71981e-08
 Reference value :  3.72027e-08
 Reference value :  3.72081e-08
 Reference value :  3.72163e-08
 Reference value :  3.72249e-08
 Reference value :  3.72340e-08
 Reference value :  3.72371e-08
 Reference value :  3.72383e-08
 Reference value :  3.72446e-08
 Reference value :  3.72506e-08
 Reference value :  3.72580e-08
 Reference value :  3.72682e-08
 Reference value :  3.72828e-08
 Reference value :  3.73033e-08
 Reference value :  3.73309e-08
 Reference value :  3.73665e-08
 Reference value :  3.74265e-08
 Reference value :  3.74665e-08
 Reference value :  3.75065e-08
 Reference value :  3.75865e-08
 Reference value :  3.76665e-08
 Reference value :  3.77465e-08
 Reference value :  3.77779e-08
 Reference value :  3.77788e-08
 Reference value :  3.77798e-08
 Reference value :  3.77877e-08
 Reference value :  3.78345e-08
 Reference value :  3.78945e-08
 Reference value :  3.79745e-08
 Reference value :  3.80545e-08
 Reference value :  3.81313e-08
 Reference value :  3.81484e-08
 Reference value :  3.81492e-08
 Reference value :  3.81502e-08
 Reference value :  3.81580e-08
 Reference value :  3.82249e-08
 Reference value :  3.83049e-08
 Reference value :  3.83649e-08
 Reference value :  3.84449e-08
 Reference value :  3.85049e-08
 Reference value :  3.85649e-08
 Reference value :  3.86249e-08
 Reference value :  3.86849e-08
 Reference value :  3.87649e-08
 Reference value :  3.88449e-08
 Reference value :  3.89249e-08
 Reference value :  3.89849e-08
 Reference value :  3.90649e-08
 Reference value :  3.91449e-08
 Reference value :  3.92249e-08
 Reference value :  3.92849e-08
 Reference value :  3.93649e-08
 Reference value :  3.94249e-08
 Reference value :  3.95049e-08
 Reference value :  3.95849e-08
 Reference value :  3.96296e-08
 Reference value :  3.96303e-08
 Reference value :  3.96308e-08
 Reference value :  3.96328e-08
 Reference value :  3.96485e-08
 Reference value :  3.97064e-08
 Reference value :  3.97664e-08
 Reference value :  3.98464e-08
 Reference value :  3.99264e-08
 Reference value :  3.99864e-08
 Reference value :  4.00664e-08
 Reference value :  4.01464e-08
 Reference value :  4.02064e-08
 Reference value :  4.02664e-08
 Reference value :  4.03264e-08
 Reference value :  4.03864e-08
 Reference value :  4.04664e-08
 Reference value :  4.05264e-08
 Reference value :  4.05864e-08
 Reference value :  4.06664e-08
 Reference value :  4.07407e-08
 Reference value :  4.07408e-08
 Reference value :  4.07410e-08
 Reference value :  4.07420e-08
 Reference value :  4.07469e-08
 Reference value :  4.07536e-08
 Reference value :  4.07583e-08
 Reference value :  4.07668e-08
 Reference value :  4.07770e-08
 Reference value :  4.07865e-08
 Reference value :  4.07932e-08
 Reference value :  4.07963e-08
 Reference value :  4.07992e-08
 Reference value :  4.08089e-08
 Reference value :  4.08148e-08
 Reference value :  4.08196e-08
 Reference value :  4.08242e-08
 Reference value :  4.08289e-08
 Reference value :  4.08331e-08
 Reference value :  4.08406e-08
 Reference value :  4.08433e-08
 Reference value :  4.08459e-08
 Reference value :  4.08541e-08
 Reference value :  4.08595e-08
 Reference value :  4.08681e-08
 Reference value :  4.08773e-08
 Reference value :  4.08843e-08
 Reference value :  4.08907e-08
 Reference value :  4.08908e-08
 Reference value :  4.08910e-08
 Reference value :  4.08932e-08
 Reference value :  4.08965e-08
 Reference value :  4.09002e-08
 Reference value :  4.09070e-08
 Reference value :  4.09153e-08
 Reference value :  4.09207e-08
 Reference value :  4.09264e-08
 Reference value :  4.09363e-08
 Reference value :  4.09408e-08
 Reference value :  4.09415e-08
 Reference value :  4.09505e-08
 Reference value :  4.09631e-08
 Reference value :  4.09807e-08
 Reference value :  4.10004e-08
 Reference value :  4.10163e-08
 Reference value :  4.10374e-08
 Reference value :  4.10886e-08
 Reference value :  4.11475e-08
 Reference value :  4.12075e-08
 Reference value :  4.12675e-08
 Reference value :  4.13475e-08
 Reference value :  4.14275e-08
 Reference value :  4.15075e-08
 Reference value :  4.15875e-08
 Reference value :  4.16475e-08
 Reference value :  4.17075e-08
 Reference value :  4.17675e-08
 Reference value :  4.18275e-08
 Reference value :  4.18520e-08
 Reference value :  4.18529e-08
 Reference value :  4.18550e-08
 Reference value :  4.18886e-08
 Reference value :  4.19486e-08
 Reference value :  4.20286e-08
 Reference value :  4.21286e-08
 Reference value :  4.21886e-08
 Reference value :  4.22686e-08
 Reference value :  4.23486e-08
 Reference value :  4.24486e-08
 Reference value :  4.25286e-08
 Reference value :  4.26086e-08
 Reference value :  4.26886e-08
 Reference value :  4.27486e-08
 Reference value :  4.28286e-08
 Reference value :  4.29086e-08
 Reference value :  4.29886e-08
 Reference value :  4.30686e-08
 Reference value :  4.31486e-08
 Reference value :  4.32486e-08
 Reference value :  4.33210e-08
 Reference value :  4.33340e-08
 Reference value :  4.33348e-08
 Reference value :  4.33387e-08
 Reference value :  4.33901e-08
 Reference value :  4.34501e-08
 Reference value :  4.35301e-08
 Reference value :  4.36101e-08
 Reference value :  4.36701e-08
 Reference value :  4.37501e-08
 Reference value :  4.38101e-08
 Reference value :  4.38701e-08
 Reference value :  4.39501e-08
 Reference value :  4.40301e-08
 Reference value :  4.40901e-08
 Reference value :  4.41701e-08
 Reference value :  4.42501e-08
 Reference value :  4.43301e-08
 Reference value :  4.44101e-08
 Reference value :  4.44445e-08
 Reference value :  4.44447e-08
 Reference value :  4.44457e-08
 Reference value :  4.44489e-08
 Reference value :  4.44527e-08
 Reference value :  4.44598e-08
 Reference value :  4.44661e-08
 Reference value :  4.44728e-08
 Reference value :  4.44829e-08
 Reference value :  4.44889e-08
 Reference value :  4.44997e-08
 Reference value :  4.45026e-08
 Reference value :  4.45123e-08
 Reference value :  4.45176e-08
 Reference value :  4.45224e-08
 Reference value :  4.45296e-08
 Reference value :  4.45316e-08
 Reference value :  4.45358e-08
 Reference value :  4.45429e-08
 Reference value :  4.45517e-08
 Reference value :  4.45570e-08
 Reference value :  4.45652e-08
 Reference value :  4.45711e-08
 Reference value :  4.45806e-08
 Reference value :  4.45833e-08
 Reference value :  4.45887e-08
 Reference value :  4.45945e-08
 Reference value :  4.45947e-08
 Reference value :  4.45967e-08
 Reference value :  4.45982e-08
 Reference value :  4.46016e-08
 Reference value :  4.46056e-08
 Reference value :  4.46130e-08
 Reference value :  4.46213e-08
 Reference value :  4.46296e-08
 Reference value :  4.46386e-08
 Reference value :  4.46444e-08
 Reference value :  4.46446e-08
 Reference value :  4.46456e-08
 Reference value :  4.46515e-08
 Reference value :  4.46573e-08
 Reference value :  4.46646e-08
 Reference value :  4.46807e-08
 Reference value :  4.46979e-08
 Reference value :  4.47208e-08
 Reference value :  4.47699e-08
 Reference value :  4.48299e-08
 Reference value :  4.48699e-08
 Reference value :  4.49299e-08
 Reference value :  4.49899e-08
 Reference value :  4.50699e-08
 Reference value :  4.51499e-08
 Reference value :  4.52099e-08
 Reference value :  4.52899e-08
 Reference value :  4.53699e-08
 Reference value :  4.54299e-08
 Reference value :  4.54899e-08
 Reference value :  4.55427e-08
 Reference value :  4.55562e-08
 Reference value :  4.55570e-08
 Reference value :  4.55654e-08
 Reference value :  4.56323e-08
 Reference value :  4.57123e-08
 Reference value :  4.57723e-08
 Reference value :  4.58523e-08
 Reference value :  4.59123e-08
 Reference value :  4.59723e-08
 Reference value :  4.60723e-08
 Reference value :  4.61323e-08
 Reference value :  4.61923e-08
 Reference value :  4.62723e-08
 Reference value :  4.63323e-08
 Reference value :  4.64123e-08
 Reference value :  4.64923e-08
 Reference value :  4.65523e-08
 Reference value :  4.66123e-08
 Reference value :  4.66923e-08
 Reference value :  4.67523e-08
 Reference value :  4.68323e-08
 Reference value :  4.68923e-08
 Reference value :  4.69523e-08
 Reference value :  4.70247e-08
 Reference value :  4.70377e-08
 Reference value :  4.70382e-08
 Reference value :  4.70424e-08
 Reference value :  4.70938e-08
 Reference value :  4.71538e-08
 Reference value :  4.72138e-08
 Reference value :  4.72738e-08
 Reference value :  4.73538e-08
 Reference value :  4.74138e-08
 Reference value :  4.74738e-08
 Reference value :  4.75538e-08
 Reference value :  4.76338e-08
 Reference value :  4.77138e-08
 Reference value :  4.77938e-08
 Reference value :  4.78738e-08
 Reference value :  4.79538e-08
 Reference value :  4.80338e-08
 Reference value :  4.81138e-08
 Reference value :  4.81482e-08
 Reference value :  4.81484e-08
 Reference value :  4.81507e-08
 Reference value :  4.81564e-08
 Reference value :  4.81610e-08
 Reference value :  4.81657e-08
 Reference value :  4.81714e-08
 Reference value :  4.81806e-08
 Reference value :  4.81908e-08
 Reference value :  4.82006e-08
 Reference value :  4.82067e-08
 Reference value :  4.82163e-08
 Reference value :  4.82222e-08
 Reference value :  4.82270e-08
 Reference value :  4.82316e-08
 Reference value :  4.82363e-08
 Reference value :  4.82383e-08
 Reference value :  4.82427e-08
 Reference value :  4.82507e-08
 Reference value :  4.82561e-08
 Reference value :  4.82615e-08
 Reference value :  4.82696e-08
 Reference value :  4.82784e-08
 Reference value :  4.82883e-08
 Reference value :  4.82981e-08
 Reference value :  4.82982e-08
 Reference value :  4.82987e-08
 Reference value :  4.83022e-08
 Reference value :  4.83057e-08
 Reference value :  4.83096e-08
 Reference value :  4.83144e-08
 Reference value :  4.83227e-08
 Reference value :  4.83309e-08
 Reference value :  4.83369e-08
 Reference value :  4.83459e-08
 Reference value :  4.83482e-08
 Reference value :  4.83485e-08
 Reference value :  4.83512e-08
 Reference value :  4.83579e-08
 Reference value :  4.83659e-08
 Reference value :  4.83756e-08
 Reference value :  4.83943e-08
 Reference value :  4.84155e-08
 Reference value :  4.84335e-08
 Reference value :  4.84776e-08
 Reference value :  4.85349e-08
 Reference value :  4.85749e-08
 Reference value :  4.86149e-08
 Reference value :  4.86749e-08
 Reference value :  4.87549e-08
 Reference value :  4.88149e-08
 Reference value :  4.88949e-08
 Reference value :  4.89749e-08
 Reference value :  4.90349e-08
 Reference value :  4.90949e-08
 Reference value :  4.91549e-08
 Reference value :  4.92349e-08
 Reference value :  4.92596e-08
 Reference value :  4.92605e-08
 Reference value :  4.92647e-08
 Reference value :  4.93160e-08
 Reference value :  4.93960e-08
 Reference value :  4.94760e-08
 Reference value :  4.95560e-08
 Reference value :  4.96160e-08
 Reference value :  4.96760e-08
 Reference value :  4.97360e-08
 Reference value :  4.98160e-08
 Reference value :  4.98960e-08
 Reference value :  4.99560e-08
 Reference value :  5.00160e-08
 Reference value :  5.00760e-08
 Reference value :  5.01360e-08
 Reference value :  5.02160e-08
 Reference value :  5.02760e-08
 Reference value :  5.03360e-08
 Reference value :  5.04160e-08
 Reference value :  5.04960e-08
 Reference value :  5.05760e-08
 Reference value :  5.06360e-08
 Reference value :  5.07160e-08
 Reference value :  5.07410e-08
 Reference value :  5.07420e-08
 Reference value :  5.07439e-08
 Reference value :  5.07596e-08
 Reference value :  5.08375e-08
 Reference value :  5.09175e-08
 Reference value :  5.09775e-08
 Reference value :  5.10375e-08
 Reference value :  5.10975e-08
 Reference value :  5.11775e-08
 Reference value :  5.12575e-08
 Reference value :  5.13375e-08
 Reference value :  5.13975e-08
 Reference value :  5.14775e-08
 Reference value :  5.15575e-08
 Reference value :  5.16175e-08
 Reference value :  5.16775e-08
 Reference value :  5.17375e-08
 Reference value :  5.17975e-08
 Reference value :  5.18519e-08
 Reference value :  5.18519e-08
 Reference value :  5.18525e-08
 Reference value :  5.18563e-08
 Reference value :  5.18601e-08
 Reference value :  5.18647e-08
 Reference value :  5.18735e-08
 Reference value :  5.18837e-08
 Reference value :  5.18903e-08
 Reference value :  5.18963e-08
 Reference value :  5.19071e-08
 Reference value :  5.19101e-08
 Reference value :  5.19197e-08
 Reference value :  5.19225e-08
 Reference value :  5.19272e-08
 Reference value :  5.19346e-08
 Reference value :  5.19370e-08
 Reference value :  5.19390e-08
 Reference value :  5.19410e-08
 Reference value :  5.19453e-08
 Reference value :  5.19503e-08
 Reference value :  5.19563e-08
 Reference value :  5.19618e-08
 Reference value :  5.19671e-08
 Reference value :  5.19755e-08
 Reference value :  5.19816e-08
 Reference value :  5.19907e-08
 Reference value :  5.19933e-08
 Reference value :  5.20019e-08
 Reference value :  5.20019e-08
 Reference value :  5.20024e-08
 Reference value :  5.20056e-08
 Reference value :  5.20110e-08
 Reference value :  5.20177e-08
 Reference value :  5.20233e-08
 Reference value :  5.20287e-08
 Reference value :  5.20342e-08
 Reference value :  5.20431e-08
 Reference value :  5.20519e-08
 Reference value :  5.20520e-08
 Reference value :  5.20530e-08
 Reference value :  5.20590e-08
 Reference value :  5.20682e-08
 Reference value :  5.20818e-08
 Reference value :  5.20958e-08
 Reference value :  5.21282e-08
 Reference value :  5.21591e-08
 Reference value :  5.21973e-08
 Reference value :  5.22373e-08
 Reference value :  5.22773e-08
 Reference value :  5.23373e-08
 Reference value :  5.23973e-08
 Reference value :  5.24573e-08
 Reference value :  5.25373e-08
 Reference value :  5.26173e-08
 Reference value :  5.26773e-08
 Reference value :  5.27373e-08
 Reference value :  5.28173e-08
 Reference value :  5.28773e-08
 Reference value :  5.29501e-08
 Reference value :  5.29636e-08
 Reference value :  5.29645e-08
 Reference value :  5.29729e-08
 Reference value :  5.30397e-08
 Reference value :  5.30997e-08
 Reference value :  5.31797e-08
 Reference value :  5.32597e-08
 Reference value :  5.33397e-08
 Reference value :  5.33997e-08
 Reference value :  5.34797e-08
 Reference value :  5.35597e-08
 Reference value :  5.36397e-08
 Reference value :  5.36997e-08
 Reference value :  5.37797e-08
 Reference value :  5.38397e-08
 Reference value :  5.38997e-08
 Reference value :  5.39597e-08
 Reference value :  5.40397e-08
 Reference value :  5.40997e-08
 Reference value :  5.41797e-08
 Reference value :  5.42597e-08
 Reference value :  5.43197e-08
 Reference value :  5.43997e-08
 Reference value :  5.44445e-08
 Reference value :  5.44455e-08
 Reference value :  5.44465e-08
 Reference value :  5.44543e-08
 Reference value :  5.45012e-08
 Reference value :  5.45812e-08
 Reference value :  5.46612e-08
 Reference value :  5.47412e-08
 Reference value :  5.48212e-08
 Reference value :  5.48812e-08
 Reference value :  5.49412e-08
 Reference value :  5.50212e-08
 Reference value :  5.51012e-08
 Reference value :  5.52012e-08
 Reference value :  5.52812e-08
 Reference value :  5.53412e-08
 Reference value :  5.54012e-08
 Reference value :  5.54812e-08
 Reference value :  5.55384e-08
 Reference value :  5.55556e-08
 Reference value :  5.55559e-08
 Reference value :  5.55581e-08
 Reference value :  5.55638e-08
 Reference value :  5.55684e-08
 Reference value :  5.55731e-08
 Reference value :  5.55788e-08
 Reference value :  5.55847e-08
 Reference value :  5.55918e-08
 Reference value :  5.55982e-08
 Reference value :  5.56046e-08
 Reference value :  5.56080e-08
 Reference value :  5.56112e-08
 Reference value :  5.56173e-08
 Reference value :  5.56270e-08
 Reference value :  5.56319e-08
 Reference value :  5.56390e-08
 Reference value :  5.56437e-08
 Reference value :  5.56457e-08
 Reference value :  5.56501e-08
 Reference value :  5.56554e-08
 Reference value :  5.56581e-08
 Reference value :  5.56607e-08
 Reference value :  5.56661e-08
 Reference value :  5.56743e-08
 Reference value :  5.56800e-08
 Reference value :  5.56858e-08
 Reference value :  5.56921e-08
 Reference value :  5.56991e-08
 Reference value :  5.57056e-08
 Reference value :  5.57056e-08
 Reference value :  5.57058e-08
 Reference value :  5.57068e-08
 Reference value :  5.57096e-08
 Reference value :  5.57131e-08
 Reference value :  5.57171e-08
 Reference value :  5.57218e-08
 Reference value :  5.57275e-08
 Reference value :  5.57328e-08
 Reference value :  5.57412e-08
 Reference value :  5.57511e-08
 Reference value :  5.57556e-08
 Reference value :  5.57559e-08
 Reference value :  5.57586e-08
 Reference value :  5.57653e-08
 Reference value :  5.57779e-08
 Reference value :  5.57956e-08
 Reference value :  5.58085e-08
 Reference value :  5.58229e-08
 Reference value :  5.58409e-08
 Reference value :  5.58850e-08
 Reference value :  5.59223e-08
 Reference value :  5.59823e-08
 Reference value :  5.60423e-08
 Reference value :  5.61223e-08
 Reference value :  5.62023e-08
 Reference value :  5.62823e-08
 Reference value :  5.63623e-08
 Reference value :  5.64423e-08
 Reference value :  5.65223e-08
 Reference value :  5.66023e-08
 Reference value :  5.66667e-08
 Reference value :  5.66677e-08
 Reference value :  5.66687e-08
 Reference value :  5.66766e-08
 Reference value :  5.67434e-08
 Reference value :  5.68234e-08
 Reference value :  5.69234e-08
 Reference value :  5.70234e-08
 Reference value :  5.71434e-08
 Reference value :  5.72434e-08
 Reference value :  5.73234e-08
 Reference value :  5.73834e-08
 Reference value :  5.74634e-08
 Reference value :  5.75434e-08
 Reference value :  5.76034e-08
 Reference value :  5.76634e-08
 Reference value :  5.77434e-08
 Reference value :  5.78234e-08
 Reference value :  5.78834e-08
 Reference value :  5.79634e-08
 Reference value :  5.80234e-08
 Reference value :  5.80834e-08
 Reference value :  5.81481e-08
 Reference value :  5.81491e-08
 Reference value :  5.81502e-08
 Reference value :  5.81670e-08
 Reference value :  5.82449e-08
 Reference value :  5.83249e-08
 Reference value :  5.84049e-08
 Reference value :  5.84849e-08
 Reference value :  5.85186e-08
 Reference value :  5.85195e-08
 Reference value :  5.85206e-08
 Reference value :  5.85284e-08
 Reference value :  5.85753e-08
 Reference value :  5.86353e-08
 Reference value :  5.86953e-08
 Reference value :  5.87553e-08
 Reference value :  5.88153e-08
 Reference value :  5.88753e-08
 Reference value :  5.89553e-08
 Reference value :  5.90153e-08
 Reference value :  5.90953e-08
 Reference value :  5.91753e-08
 Reference value :  5.92473e-08
 Reference value :  5.92593e-08
 Reference value :  5.92595e-08
 Reference value :  5.92602e-08
 Reference value :  5.92627e-08
 Reference value :  5.92665e-08
 Reference value :  5.92732e-08
 Reference value :  5.92826e-08
 Reference value :  5.92893e-08
 Reference value :  5.92960e-08
 Reference value :  5.93021e-08
 Reference value :  5.93085e-08
 Reference value :  5.93120e-08
 Reference value :  5.93151e-08
 Reference value :  5.93212e-08
 Reference value :  5.93276e-08
 Reference value :  5.93328e-08
 Reference value :  5.93375e-08
 Reference value :  5.93424e-08
 Reference value :  5.93448e-08
 Reference value :  5.93488e-08
 Reference value :  5.93531e-08
 Reference value :  5.93613e-08
 Reference value :  5.93696e-08
 Reference value :  5.93750e-08
 Reference value :  5.93805e-08
 Reference value :  5.93864e-08
 Reference value :  5.93928e-08
 Reference value :  5.94017e-08
 Reference value :  5.94068e-08
 Reference value :  5.94093e-08
 Reference value :  5.94095e-08
 Reference value :  5.94110e-08
 Reference value :  5.94141e-08
 Reference value :  5.94197e-08
 Reference value :  5.94268e-08
 Reference value :  5.94320e-08
 Reference value :  5.94373e-08
 Reference value :  5.94429e-08
 Reference value :  5.94519e-08
 Reference value :  5.94571e-08
 Reference value :  5.94593e-08
 Reference value :  5.94596e-08
 Reference value :  5.94622e-08
 Reference value :  5.94646e-08
 Reference value :  5.94732e-08
 Reference value :  5.94808e-08
 Reference value :  5.94979e-08
 Reference value :  5.95158e-08
 Reference value :  5.95399e-08
 Reference value :  5.95907e-08
 Reference value :  5.96307e-08
 Reference value :  5.96907e-08
 Reference value :  5.97307e-08
 Reference value :  5.98107e-08
 Reference value :  5.98707e-08
 Reference value :  5.99307e-08
 Reference value :  6.00107e-08
 Reference value :  6.00907e-08
 Reference value :  6.01507e-08
 Reference value :  6.02307e-08
 Reference value :  6.03107e-08
 Reference value :  6.03907e-08
 Reference value :  6.04707e-08
 Reference value :  6.05307e-08
 Reference value :  6.05907e-08
 Reference value :  6.06507e-08
 Reference value :  6.07307e-08
 Reference value :  6.07907e-08
 Reference value :  6.08507e-08
 Reference value :  6.09107e-08
 Reference value :  6.09707e-08
No. of Data Rows : 4757
m_ui_ref            =  3.70370e-09 targ=  3.71120e-08 trig=  3.34083e-08
m_spa_in            =  1.48148e-08 targ=  4.82231e-08 trig=  3.34083e-08
m_spb_in            =  1.11111e-08 targ=  4.45194e-08 trig=  3.34083e-08
m_spa_m             =  1.48148e-08 targ=  4.82732e-08 trig=  3.34584e-08
m_spb_m             =  1.11111e-08 targ=  4.45695e-08 trig=  3.34584e-08
m_trise_m           =  6.18559e-11 targ=  4.46009e-08 trig=  4.45391e-08
m_tfall_m           =  6.18191e-11 targ=  4.08972e-08 trig=  4.08354e-08
m_trise_n           =  4.85662e-11 targ=  4.45828e-08 trig=  4.45342e-08
m_dj_ui_m = 2.6999997840e-06
m_vih_m = 2.8003629616e+00
m_vil_m = 1.8010192280e+00
m_vswing_m = 9.9934373358e-01
m_vih_m_frac = 8.4859483685e-01
m_vil_m_frac = 5.4576340243e-01
m_vcm_m_frac = 6.9717911866e-01
m_vswing_s = 1.0006074520e+00
m_vglitch_m = 5.1829267224e-01
m_vswing_n = 9.9924582864e-01
m_vswing_dc = 9.9580918448e-01
m_vcm_dc_frac = 6.9790263608e-01
m_icell_dc = 9.8025001902e-03
m_vgs_mu_max = 1.5116710249e+00
m_vds_mu_max = 1.2445107623e+00
m_vds_mt_max = 7.2189822479e-01
Note: Simulation executed from .control section 

