
Note: No compatibility mode selected!


Circuit: * tmds-final-mux-eye @ tt_-40c_3.63v_270mbps -- generated by sim/harness, do not edit

Doing analysis at TEMP = -40.000000 and TNOM = 27.000000

Using SPARSE 1.3 as Direct Linear Solver

Initial Transient Solution
--------------------------

Node                                   Voltage
----                                   -------
vdd                                       3.63
avcc                                       3.3
clkp                                     2.178
clkn                                     1.089
d0p                                     3.0855
d0n                                     1.9965
d1p                                     3.0855
d1n                                     1.9965
d0ps                                    1.9965
d0ns                                    3.0855
d1ps                                    1.9965
d1ns                                    3.0855
ckref                                    1.089
win                                          0
winr                                         0
winc                                         0
xmux_m.top                             3.05698
xmux_m.xrc.11                          3.09237
xmux_m.xrc.21                          3.59461
outp_m                                 1.91349
xmux_m.xrlp.11                         1.94889
xmux_m.xrlp.21                         3.02158
outn_m                                 3.05698
xmux_m.xrln.11                         3.05698
xmux_m.xrln.21                         3.05698
xmux_m.ibias                           1.15104
xmux_m.xrref.11                        1.16943
xmux_m.xrref.21                        3.61161
xmux_m.sa                              1.49811
xmux_m.sb                              1.91349
xmux_m.tail                           0.862351
dop_m                                      3.3
xdrv_m.tail                            1.57626
don_m                                  2.79059
ib_m                                   1.13262
vd_m                                   1.14349
vdn_m                                  1.05003
vdg_m                                        0
xmux_s.top                             3.05698
xmux_s.xrc.11                          3.09237
xmux_s.xrc.21                          3.59461
outp_s                                 3.05698
xmux_s.xrlp.11                         3.05698
xmux_s.xrlp.21                         3.05698
outn_s                                 1.91349
xmux_s.xrln.11                         1.94889
xmux_s.xrln.21                         3.02158
xmux_s.ibias                           1.15104
xmux_s.xrref.11                        1.16943
xmux_s.xrref.21                        3.61161
xmux_s.sa                              1.49811
xmux_s.sb                              1.91349
xmux_s.tail                           0.862351
dop_s                                  2.79059
xdrv_s.tail                            1.57626
don_s                                      3.3
ib_s                                   1.13262
vd_s                                  -1.14349
vdn_s                                 -1.05003
vdg_s                                        0
xmux_n.top                             3.05698
xmux_n.xrc.11                          3.09237
xmux_n.xrc.21                          3.59461
outp_n                                 1.91349
xmux_n.xrlp.11                         1.94889
xmux_n.xrlp.21                         3.02158
outn_n                                 3.05698
xmux_n.xrln.11                         3.05698
xmux_n.xrln.21                         3.05698
xmux_n.ibias                           1.15104
xmux_n.xrref.11                        1.16943
xmux_n.xrref.21                        3.61161
xmux_n.sa                              1.49811
xmux_n.sb                              1.91349
xmux_n.tail                           0.862351
vd_n                                   1.14349
vdn_n                                  1.05003
vdg_n                                        0
d0pz                                    3.0855
d0nz                                    1.9965
clkpz                                    2.178
clknz                                    1.089
vdd_z                                     3.63
xmux_z.top                             3.05698
xmux_z.xrc.11                          3.09237
xmux_z.xrc.21                          3.59461
outp_z                                 1.91349
xmux_z.xrlp.11                         1.94889
xmux_z.xrlp.21                         3.02158
outn_z                                 3.05698
xmux_z.xrln.11                         3.05698
xmux_z.xrln.21                         3.05698
xmux_z.ibias                           1.15104
xmux_z.xrref.11                        1.16943
xmux_z.xrref.21                        3.61161
xmux_z.sa                              1.49811
xmux_z.sb                              2.54207
xmux_z.tail                           0.862351
dop_z                                      3.3
xdrv_z.tail                            1.57626
don_z                                  2.79059
ib_z                                   1.13262
bvdg_n#branch                                0
bvdg_s#branch                                0
bvdg_m#branch                                0
envd_n#branch                                0
emux_n#branch                                0
envd_s#branch                                0
emux_s#branch                                0
envd_m#branch                                0
emux_m#branch                                0
eckref#branch                                0
vsens_z#branch                      -0.0112516
vclknz#branch                                0
vclkpz#branch                                0
vd0nz#branch                                 0
vd0pz#branch                                 0
vwinc#branch                                 0
vwinr#branch                                 0
vwin#branch                                  0
vd1ns#branch                                 0
vd1ps#branch                                 0
vd0ns#branch                                 0
vd0ps#branch                                 0
vd1n#branch                                  0
vd1p#branch                                  0
vd0n#branch                                  0
vd0p#branch                                  0
vclkn#branch                                 0
vclkp#branch                                 0
vavcc#branch                        -0.0305649
vvdd#branch                         -0.0337547

 Reference value :  0.00000e+00
 Reference value :  8.00000e-13
 Reference value :  6.40000e-12
 Reference value :  6.56000e-11
 Reference value :  1.25600e-10
 Reference value :  2.05600e-10
 Reference value :  2.85600e-10
 Reference value :  3.65600e-10
 Reference value :  4.45600e-10
 Reference value :  5.25600e-10
 Reference value :  5.85600e-10
 Reference value :  6.65600e-10
 Reference value :  7.25600e-10
 Reference value :  7.85600e-10
 Reference value :  8.65600e-10
 Reference value :  9.45600e-10
 Reference value :  1.00560e-09
 Reference value :  1.08560e-09
 Reference value :  1.14560e-09
 Reference value :  1.20560e-09
 Reference value :  1.28560e-09
 Reference value :  1.34560e-09
 Reference value :  1.40560e-09
 Reference value :  1.46560e-09
 Reference value :  1.52560e-09
 Reference value :  1.58560e-09
 Reference value :  1.64560e-09
 Reference value :  1.72560e-09
 Reference value :  1.80560e-09
 Reference value :  1.86560e-09
 Reference value :  1.94560e-09
 Reference value :  2.02560e-09
 Reference value :  2.08560e-09
 Reference value :  2.14560e-09
 Reference value :  2.20560e-09
 Reference value :  2.30560e-09
 Reference value :  2.36560e-09
 Reference value :  2.42560e-09
 Reference value :  2.50560e-09
 Reference value :  2.58560e-09
 Reference value :  2.66560e-09
 Reference value :  2.74560e-09
 Reference value :  2.80560e-09
 Reference value :  2.88560e-09
 Reference value :  2.96560e-09
 Reference value :  3.02560e-09
 Reference value :  3.10560e-09
 Reference value :  3.18560e-09
 Reference value :  3.26560e-09
 Reference value :  3.34560e-09
 Reference value :  3.42560e-09
 Reference value :  3.50560e-09
 Reference value :  3.58560e-09
 Reference value :  3.68560e-09
 Reference value :  3.70372e-09
 Reference value :  3.70385e-09
 Reference value :  3.70433e-09
 Reference value :  3.70769e-09
 Reference value :  3.71104e-09
 Reference value :  3.71752e-09
 Reference value :  3.72233e-09
 Reference value :  3.72760e-09
 Reference value :  3.73851e-09
 Reference value :  3.74400e-09
 Reference value :  3.74663e-09
 Reference value :  3.75542e-09
 Reference value :  3.75831e-09
 Reference value :  3.76097e-09
 Reference value :  3.76660e-09
 Reference value :  3.77263e-09
 Reference value :  3.77530e-09
 Reference value :  3.78046e-09
 Reference value :  3.78882e-09
 Reference value :  3.79846e-09
 Reference value :  3.80902e-09
 Reference value :  3.81563e-09
 Reference value :  3.82149e-09
 Reference value :  3.82662e-09
 Reference value :  3.83444e-09
 Reference value :  3.84355e-09
 Reference value :  3.84840e-09
 Reference value :  3.85370e-09
 Reference value :  3.85377e-09
 Reference value :  3.85435e-09
 Reference value :  3.85774e-09
 Reference value :  3.86107e-09
 Reference value :  3.86749e-09
 Reference value :  3.87524e-09
 Reference value :  3.88096e-09
 Reference value :  3.88691e-09
 Reference value :  3.89705e-09
 Reference value :  3.90370e-09
 Reference value :  3.90373e-09
 Reference value :  3.90417e-09
 Reference value :  3.90765e-09
 Reference value :  3.91438e-09
 Reference value :  3.92230e-09
 Reference value :  3.93811e-09
 Reference value :  3.95881e-09
 Reference value :  3.98414e-09
 Reference value :  4.02487e-09
 Reference value :  4.06011e-09
 Reference value :  4.11989e-09
 Reference value :  4.17989e-09
 Reference value :  4.23989e-09
 Reference value :  4.31989e-09
 Reference value :  4.37989e-09
 Reference value :  4.43989e-09
 Reference value :  4.49989e-09
 Reference value :  4.55989e-09
 Reference value :  4.61989e-09
 Reference value :  4.69989e-09
 Reference value :  4.75989e-09
 Reference value :  4.81989e-09
 Reference value :  4.87989e-09
 Reference value :  4.93989e-09
 Reference value :  4.99989e-09
 Reference value :  5.07989e-09
 Reference value :  5.13989e-09
 Reference value :  5.19989e-09
 Reference value :  5.27989e-09
 Reference value :  5.37989e-09
 Reference value :  5.47989e-09
 Reference value :  5.57989e-09
 Reference value :  5.65989e-09
 Reference value :  5.73989e-09
 Reference value :  5.79989e-09
 Reference value :  5.85989e-09
 Reference value :  5.93989e-09
 Reference value :  5.99989e-09
 Reference value :  6.05989e-09
 Reference value :  6.13989e-09
 Reference value :  6.19989e-09
 Reference value :  6.25989e-09
 Reference value :  6.31989e-09
 Reference value :  6.39989e-09
 Reference value :  6.47989e-09
 Reference value :  6.53989e-09
 Reference value :  6.59989e-09
 Reference value :  6.69989e-09
 Reference value :  6.79989e-09
 Reference value :  6.89989e-09
 Reference value :  6.99989e-09
 Reference value :  7.03804e-09
 Reference value :  7.03909e-09
 Reference value :  7.07381e-09
 Reference value :  7.17381e-09
 Reference value :  7.27381e-09
 Reference value :  7.33381e-09
 Reference value :  7.40741e-09
 Reference value :  7.40743e-09
 Reference value :  7.40768e-09
 Reference value :  7.40853e-09
 Reference value :  7.41268e-09
 Reference value :  7.41642e-09
 Reference value :  7.42122e-09
 Reference value :  7.42363e-09
 Reference value :  7.42896e-09
 Reference value :  7.43547e-09
 Reference value :  7.44214e-09
 Reference value :  7.44753e-09
 Reference value :  7.45311e-09
 Reference value :  7.46246e-09
 Reference value :  7.46507e-09
 Reference value :  7.47374e-09
 Reference value :  7.47919e-09
 Reference value :  7.48341e-09
 Reference value :  7.49030e-09
 Reference value :  7.49393e-09
 Reference value :  7.50029e-09
 Reference value :  7.50875e-09
 Reference value :  7.51762e-09
 Reference value :  7.52591e-09
 Reference value :  7.53395e-09
 Reference value :  7.53920e-09
 Reference value :  7.54377e-09
 Reference value :  7.55063e-09
 Reference value :  7.55207e-09
 Reference value :  7.55467e-09
 Reference value :  7.55741e-09
 Reference value :  7.55744e-09
 Reference value :  7.55779e-09
 Reference value :  7.56031e-09
 Reference value :  7.56520e-09
 Reference value :  7.57164e-09
 Reference value :  7.57938e-09
 Reference value :  7.58366e-09
 Reference value :  7.59063e-09
 Reference value :  7.59881e-09
 Reference value :  7.60470e-09
 Reference value :  7.60743e-09
 Reference value :  7.60824e-09
 Reference value :  7.61344e-09
 Reference value :  7.62240e-09
 Reference value :  7.63102e-09
 Reference value :  7.65715e-09
 Reference value :  7.68632e-09
 Reference value :  7.74284e-09
 Reference value :  7.80284e-09
 Reference value :  7.86284e-09
 Reference value :  7.92284e-09
 Reference value :  7.98284e-09
 Reference value :  8.04284e-09
 Reference value :  8.10284e-09
 Reference value :  8.16284e-09
 Reference value :  8.22284e-09
 Reference value :  8.28284e-09
 Reference value :  8.34284e-09
 Reference value :  8.40284e-09
 Reference value :  8.46284e-09
 Reference value :  8.54284e-09
 Reference value :  8.60284e-09
 Reference value :  8.66284e-09
 Reference value :  8.74284e-09
 Reference value :  8.80284e-09
 Reference value :  8.86284e-09
 Reference value :  8.94284e-09
 Reference value :  9.02284e-09
 Reference value :  9.10284e-09
 Reference value :  9.18284e-09
 Reference value :  9.26284e-09
 Reference value :  9.32284e-09
 Reference value :  9.40284e-09
 Reference value :  9.46284e-09
 Reference value :  9.54284e-09
 Reference value :  9.62284e-09
 Reference value :  9.70284e-09
 Reference value :  9.80284e-09
 Reference value :  9.88284e-09
 Reference value :  9.98284e-09
 Reference value :  1.00628e-08
 Reference value :  1.01428e-08
 Reference value :  1.02228e-08
 Reference value :  1.03028e-08
 Reference value :  1.03628e-08
 Reference value :  1.04428e-08
 Reference value :  1.05028e-08
 Reference value :  1.05628e-08
 Reference value :  1.06428e-08
 Reference value :  1.07228e-08
 Reference value :  1.08028e-08
 Reference value :  1.08628e-08
 Reference value :  1.09428e-08
 Reference value :  1.10028e-08
 Reference value :  1.10628e-08
 Reference value :  1.11111e-08
 Reference value :  1.11114e-08
 Reference value :  1.11132e-08
 Reference value :  1.11179e-08
 Reference value :  1.11246e-08
 Reference value :  1.11294e-08
 Reference value :  1.11346e-08
 Reference value :  1.11456e-08
 Reference value :  1.11485e-08
 Reference value :  1.11538e-08
 Reference value :  1.11629e-08
 Reference value :  1.11689e-08
 Reference value :  1.11776e-08
 Reference value :  1.11833e-08
 Reference value :  1.11859e-08
 Reference value :  1.11885e-08
 Reference value :  1.11940e-08
 Reference value :  1.12033e-08
 Reference value :  1.12136e-08
 Reference value :  1.12204e-08
 Reference value :  1.12296e-08
 Reference value :  1.12322e-08
 Reference value :  1.12347e-08
 Reference value :  1.12398e-08
 Reference value :  1.12458e-08
 Reference value :  1.12518e-08
 Reference value :  1.12567e-08
 Reference value :  1.12584e-08
 Reference value :  1.12611e-08
 Reference value :  1.12613e-08
 Reference value :  1.12619e-08
 Reference value :  1.12640e-08
 Reference value :  1.12671e-08
 Reference value :  1.12709e-08
 Reference value :  1.12754e-08
 Reference value :  1.12833e-08
 Reference value :  1.12919e-08
 Reference value :  1.13016e-08
 Reference value :  1.13082e-08
 Reference value :  1.13111e-08
 Reference value :  1.13119e-08
 Reference value :  1.13177e-08
 Reference value :  1.13289e-08
 Reference value :  1.13446e-08
 Reference value :  1.13649e-08
 Reference value :  1.13899e-08
 Reference value :  1.14294e-08
 Reference value :  1.14841e-08
 Reference value :  1.15241e-08
 Reference value :  1.15641e-08
 Reference value :  1.16041e-08
 Reference value :  1.16841e-08
 Reference value :  1.17641e-08
 Reference value :  1.18441e-08
 Reference value :  1.19241e-08
 Reference value :  1.20041e-08
 Reference value :  1.20641e-08
 Reference value :  1.21241e-08
 Reference value :  1.22041e-08
 Reference value :  1.22641e-08
 Reference value :  1.23241e-08
 Reference value :  1.23841e-08
 Reference value :  1.24441e-08
 Reference value :  1.25241e-08
 Reference value :  1.26041e-08
 Reference value :  1.26641e-08
 Reference value :  1.27441e-08
 Reference value :  1.28241e-08
 Reference value :  1.29041e-08
 Reference value :  1.29841e-08
 Reference value :  1.30841e-08
 Reference value :  1.31641e-08
 Reference value :  1.32241e-08
 Reference value :  1.33041e-08
 Reference value :  1.33841e-08
 Reference value :  1.34441e-08
 Reference value :  1.35041e-08
 Reference value :  1.35841e-08
 Reference value :  1.36641e-08
 Reference value :  1.37441e-08
 Reference value :  1.38041e-08
 Reference value :  1.38641e-08
 Reference value :  1.39241e-08
 Reference value :  1.39841e-08
 Reference value :  1.40441e-08
 Reference value :  1.41241e-08
 Reference value :  1.41841e-08
 Reference value :  1.42641e-08
 Reference value :  1.43241e-08
 Reference value :  1.44041e-08
 Reference value :  1.44841e-08
 Reference value :  1.45641e-08
 Reference value :  1.46241e-08
 Reference value :  1.47041e-08
 Reference value :  1.47641e-08
 Reference value :  1.48148e-08
 Reference value :  1.48148e-08
 Reference value :  1.48151e-08
 Reference value :  1.48169e-08
 Reference value :  1.48199e-08
 Reference value :  1.48236e-08
 Reference value :  1.48308e-08
 Reference value :  1.48388e-08
 Reference value :  1.48460e-08
 Reference value :  1.48493e-08
 Reference value :  1.48521e-08
 Reference value :  1.48548e-08
 Reference value :  1.48574e-08
 Reference value :  1.48631e-08
 Reference value :  1.48693e-08
 Reference value :  1.48719e-08
 Reference value :  1.48746e-08
 Reference value :  1.48803e-08
 Reference value :  1.48858e-08
 Reference value :  1.48901e-08
 Reference value :  1.48946e-08
 Reference value :  1.48970e-08
 Reference value :  1.48989e-08
 Reference value :  1.49006e-08
 Reference value :  1.49047e-08
 Reference value :  1.49093e-08
 Reference value :  1.49151e-08
 Reference value :  1.49180e-08
 Reference value :  1.49267e-08
 Reference value :  1.49322e-08
 Reference value :  1.49403e-08
 Reference value :  1.49454e-08
 Reference value :  1.49478e-08
 Reference value :  1.49501e-08
 Reference value :  1.49546e-08
 Reference value :  1.49589e-08
 Reference value :  1.49626e-08
 Reference value :  1.49648e-08
 Reference value :  1.49649e-08
 Reference value :  1.49658e-08
 Reference value :  1.49698e-08
 Reference value :  1.49776e-08
 Reference value :  1.49879e-08
 Reference value :  1.49920e-08
 Reference value :  1.49991e-08
 Reference value :  1.50075e-08
 Reference value :  1.50148e-08
 Reference value :  1.50148e-08
 Reference value :  1.50151e-08
 Reference value :  1.50198e-08
 Reference value :  1.50284e-08
 Reference value :  1.50423e-08
 Reference value :  1.50601e-08
 Reference value :  1.50875e-08
 Reference value :  1.51431e-08
 Reference value :  1.52231e-08
 Reference value :  1.53031e-08
 Reference value :  1.53631e-08
 Reference value :  1.54431e-08
 Reference value :  1.55031e-08
 Reference value :  1.55831e-08
 Reference value :  1.56431e-08
 Reference value :  1.57231e-08
 Reference value :  1.57831e-08
 Reference value :  1.58431e-08
 Reference value :  1.59031e-08
 Reference value :  1.59631e-08
 Reference value :  1.60231e-08
 Reference value :  1.60831e-08
 Reference value :  1.61431e-08
 Reference value :  1.62231e-08
 Reference value :  1.62831e-08
 Reference value :  1.63631e-08
 Reference value :  1.64431e-08
 Reference value :  1.65031e-08
 Reference value :  1.66031e-08
 Reference value :  1.66831e-08
 Reference value :  1.67631e-08
 Reference value :  1.68631e-08
 Reference value :  1.69431e-08
 Reference value :  1.70031e-08
 Reference value :  1.70831e-08
 Reference value :  1.71431e-08
 Reference value :  1.72031e-08
 Reference value :  1.72631e-08
 Reference value :  1.73231e-08
 Reference value :  1.74031e-08
 Reference value :  1.75031e-08
 Reference value :  1.75831e-08
 Reference value :  1.76631e-08
 Reference value :  1.77231e-08
 Reference value :  1.77831e-08
 Reference value :  1.78631e-08
 Reference value :  1.79231e-08
 Reference value :  1.80031e-08
 Reference value :  1.80831e-08
 Reference value :  1.81431e-08
 Reference value :  1.82031e-08
 Reference value :  1.82631e-08
 Reference value :  1.83231e-08
 Reference value :  1.83831e-08
 Reference value :  1.84631e-08
 Reference value :  1.85185e-08
 Reference value :  1.85187e-08
 Reference value :  1.85198e-08
 Reference value :  1.85241e-08
 Reference value :  1.85279e-08
 Reference value :  1.85323e-08
 Reference value :  1.85397e-08
 Reference value :  1.85498e-08
 Reference value :  1.85562e-08
 Reference value :  1.85588e-08
 Reference value :  1.85615e-08
 Reference value :  1.85671e-08
 Reference value :  1.85731e-08
 Reference value :  1.85787e-08
 Reference value :  1.85875e-08
 Reference value :  1.85927e-08
 Reference value :  1.85953e-08
 Reference value :  1.86008e-08
 Reference value :  1.86100e-08
 Reference value :  1.86202e-08
 Reference value :  1.86270e-08
 Reference value :  1.86363e-08
 Reference value :  1.86414e-08
 Reference value :  1.86493e-08
 Reference value :  1.86584e-08
 Reference value :  1.86632e-08
 Reference value :  1.86685e-08
 Reference value :  1.86686e-08
 Reference value :  1.86692e-08
 Reference value :  1.86712e-08
 Reference value :  1.86759e-08
 Reference value :  1.86823e-08
 Reference value :  1.86874e-08
 Reference value :  1.86928e-08
 Reference value :  1.86987e-08
 Reference value :  1.87083e-08
 Reference value :  1.87185e-08
 Reference value :  1.87185e-08
 Reference value :  1.87190e-08
 Reference value :  1.87225e-08
 Reference value :  1.87292e-08
 Reference value :  1.87371e-08
 Reference value :  1.87529e-08
 Reference value :  1.87736e-08
 Reference value :  1.87990e-08
 Reference value :  1.88397e-08
 Reference value :  1.88750e-08
 Reference value :  1.89147e-08
 Reference value :  1.89747e-08
 Reference value :  1.90547e-08
 Reference value :  1.91547e-08
 Reference value :  1.92147e-08
 Reference value :  1.92747e-08
 Reference value :  1.93347e-08
 Reference value :  1.93947e-08
 Reference value :  1.94547e-08
 Reference value :  1.95347e-08
 Reference value :  1.95947e-08
 Reference value :  1.96547e-08
 Reference value :  1.97347e-08
 Reference value :  1.97947e-08
 Reference value :  1.98547e-08
 Reference value :  1.99147e-08
 Reference value :  1.99747e-08
 Reference value :  2.00347e-08
 Reference value :  2.00947e-08
 Reference value :  2.01547e-08
 Reference value :  2.02147e-08
 Reference value :  2.02947e-08
 Reference value :  2.03747e-08
 Reference value :  2.04347e-08
 Reference value :  2.04947e-08
 Reference value :  2.05547e-08
 Reference value :  2.06147e-08
 Reference value :  2.06747e-08
 Reference value :  2.07347e-08
 Reference value :  2.07947e-08
 Reference value :  2.08547e-08
 Reference value :  2.09347e-08
 Reference value :  2.10147e-08
 Reference value :  2.10747e-08
 Reference value :  2.11347e-08
 Reference value :  2.11947e-08
 Reference value :  2.12547e-08
 Reference value :  2.13147e-08
 Reference value :  2.13747e-08
 Reference value :  2.14347e-08
 Reference value :  2.15147e-08
 Reference value :  2.15747e-08
 Reference value :  2.16547e-08
 Reference value :  2.17347e-08
 Reference value :  2.18147e-08
 Reference value :  2.18947e-08
 Reference value :  2.19547e-08
 Reference value :  2.20147e-08
 Reference value :  2.20747e-08
 Reference value :  2.21347e-08
 Reference value :  2.21947e-08
 Reference value :  2.22222e-08
 Reference value :  2.22224e-08
 Reference value :  2.22232e-08
 Reference value :  2.22271e-08
 Reference value :  2.22307e-08
 Reference value :  2.22379e-08
 Reference value :  2.22433e-08
 Reference value :  2.22498e-08
 Reference value :  2.22568e-08
 Reference value :  2.22596e-08
 Reference value :  2.22623e-08
 Reference value :  2.22649e-08
 Reference value :  2.22706e-08
 Reference value :  2.22769e-08
 Reference value :  2.22795e-08
 Reference value :  2.22850e-08
 Reference value :  2.22909e-08
 Reference value :  2.22934e-08
 Reference value :  2.22976e-08
 Reference value :  2.23022e-08
 Reference value :  2.23064e-08
 Reference value :  2.23082e-08
 Reference value :  2.23122e-08
 Reference value :  2.23169e-08
 Reference value :  2.23227e-08
 Reference value :  2.23255e-08
 Reference value :  2.23313e-08
 Reference value :  2.23369e-08
 Reference value :  2.23453e-08
 Reference value :  2.23530e-08
 Reference value :  2.23576e-08
 Reference value :  2.23621e-08
 Reference value :  2.23664e-08
 Reference value :  2.23700e-08
 Reference value :  2.23722e-08
 Reference value :  2.23723e-08
 Reference value :  2.23725e-08
 Reference value :  2.23733e-08
 Reference value :  2.23758e-08
 Reference value :  2.23791e-08
 Reference value :  2.23830e-08
 Reference value :  2.23877e-08
 Reference value :  2.23955e-08
 Reference value :  2.23976e-08
 Reference value :  2.24020e-08
 Reference value :  2.24094e-08
 Reference value :  2.24153e-08
 Reference value :  2.24204e-08
 Reference value :  2.24222e-08
 Reference value :  2.24229e-08
 Reference value :  2.24272e-08
 Reference value :  2.24358e-08
 Reference value :  2.24435e-08
 Reference value :  2.24569e-08
 Reference value :  2.24949e-08
 Reference value :  2.25505e-08
 Reference value :  2.26105e-08
 Reference value :  2.26905e-08
 Reference value :  2.27505e-08
 Reference value :  2.28105e-08
 Reference value :  2.28905e-08
 Reference value :  2.29505e-08
 Reference value :  2.30305e-08
 Reference value :  2.30905e-08
 Reference value :  2.31505e-08
 Reference value :  2.32105e-08
 Reference value :  2.32705e-08
 Reference value :  2.33505e-08
 Reference value :  2.34105e-08
 Reference value :  2.34705e-08
 Reference value :  2.35505e-08
 Reference value :  2.36305e-08
 Reference value :  2.37105e-08
 Reference value :  2.37905e-08
 Reference value :  2.38705e-08
 Reference value :  2.39505e-08
 Reference value :  2.40105e-08
 Reference value :  2.40705e-08
 Reference value :  2.41305e-08
 Reference value :  2.41905e-08
 Reference value :  2.42705e-08
 Reference value :  2.43505e-08
 Reference value :  2.44305e-08
 Reference value :  2.45505e-08
 Reference value :  2.46505e-08
 Reference value :  2.47505e-08
 Reference value :  2.48505e-08
 Reference value :  2.49105e-08
 Reference value :  2.49905e-08
 Reference value :  2.50705e-08
 Reference value :  2.51505e-08
 Reference value :  2.52305e-08
 Reference value :  2.53305e-08
 Reference value :  2.54105e-08
 Reference value :  2.54905e-08
 Reference value :  2.55505e-08
 Reference value :  2.56305e-08
 Reference value :  2.56905e-08
 Reference value :  2.57505e-08
 Reference value :  2.58305e-08
 Reference value :  2.59082e-08
 Reference value :  2.59259e-08
 Reference value :  2.59262e-08
 Reference value :  2.59299e-08
 Reference value :  2.59353e-08
 Reference value :  2.59397e-08
 Reference value :  2.59446e-08
 Reference value :  2.59498e-08
 Reference value :  2.59573e-08
 Reference value :  2.59607e-08
 Reference value :  2.59662e-08
 Reference value :  2.59717e-08
 Reference value :  2.59777e-08
 Reference value :  2.59832e-08
 Reference value :  2.59918e-08
 Reference value :  2.59975e-08
 Reference value :  2.60027e-08
 Reference value :  2.60082e-08
 Reference value :  2.60174e-08
 Reference value :  2.60276e-08
 Reference value :  2.60344e-08
 Reference value :  2.60437e-08
 Reference value :  2.60463e-08
 Reference value :  2.60515e-08
 Reference value :  2.60597e-08
 Reference value :  2.60658e-08
 Reference value :  2.60706e-08
 Reference value :  2.60743e-08
 Reference value :  2.60759e-08
 Reference value :  2.60761e-08
 Reference value :  2.60766e-08
 Reference value :  2.60800e-08
 Reference value :  2.60833e-08
 Reference value :  2.60873e-08
 Reference value :  2.60923e-08
 Reference value :  2.60975e-08
 Reference value :  2.61061e-08
 Reference value :  2.61157e-08
 Reference value :  2.61259e-08
 Reference value :  2.61261e-08
 Reference value :  2.61299e-08
 Reference value :  2.61366e-08
 Reference value :  2.61445e-08
 Reference value :  2.61603e-08
 Reference value :  2.61738e-08
 Reference value :  2.61884e-08
 Reference value :  2.62182e-08
 Reference value :  2.62648e-08
 Reference value :  2.63221e-08
 Reference value :  2.63621e-08
 Reference value :  2.64021e-08
 Reference value :  2.64621e-08
 Reference value :  2.65221e-08
 Reference value :  2.65821e-08
 Reference value :  2.66621e-08
 Reference value :  2.67221e-08
 Reference value :  2.68021e-08
 Reference value :  2.68821e-08
 Reference value :  2.69621e-08
 Reference value :  2.70421e-08
 Reference value :  2.71221e-08
 Reference value :  2.71821e-08
 Reference value :  2.72621e-08
 Reference value :  2.73221e-08
 Reference value :  2.73821e-08
 Reference value :  2.74621e-08
 Reference value :  2.75421e-08
 Reference value :  2.76221e-08
 Reference value :  2.77021e-08
 Reference value :  2.77821e-08
 Reference value :  2.78421e-08
 Reference value :  2.79021e-08
 Reference value :  2.79621e-08
 Reference value :  2.80221e-08
 Reference value :  2.81021e-08
 Reference value :  2.81621e-08
 Reference value :  2.82421e-08
 Reference value :  2.83221e-08
 Reference value :  2.84021e-08
 Reference value :  2.84821e-08
 Reference value :  2.85421e-08
 Reference value :  2.86021e-08
 Reference value :  2.86821e-08
 Reference value :  2.87421e-08
 Reference value :  2.88221e-08
 Reference value :  2.89021e-08
 Reference value :  2.89821e-08
 Reference value :  2.90621e-08
 Reference value :  2.91421e-08
 Reference value :  2.92021e-08
 Reference value :  2.92821e-08
 Reference value :  2.93421e-08
 Reference value :  2.94221e-08
 Reference value :  2.95021e-08
 Reference value :  2.95821e-08
 Reference value :  2.96296e-08
 Reference value :  2.96299e-08
 Reference value :  2.96315e-08
 Reference value :  2.96376e-08
 Reference value :  2.96418e-08
 Reference value :  2.96461e-08
 Reference value :  2.96513e-08
 Reference value :  2.96618e-08
 Reference value :  2.96651e-08
 Reference value :  2.96678e-08
 Reference value :  2.96704e-08
 Reference value :  2.96760e-08
 Reference value :  2.96820e-08
 Reference value :  2.96848e-08
 Reference value :  2.96875e-08
 Reference value :  2.96932e-08
 Reference value :  2.96991e-08
 Reference value :  2.97014e-08
 Reference value :  2.97056e-08
 Reference value :  2.97102e-08
 Reference value :  2.97142e-08
 Reference value :  2.97181e-08
 Reference value :  2.97224e-08
 Reference value :  2.97308e-08
 Reference value :  2.97397e-08
 Reference value :  2.97453e-08
 Reference value :  2.97536e-08
 Reference value :  2.97620e-08
 Reference value :  2.97664e-08
 Reference value :  2.97712e-08
 Reference value :  2.97735e-08
 Reference value :  2.97776e-08
 Reference value :  2.97797e-08
 Reference value :  2.97799e-08
 Reference value :  2.97823e-08
 Reference value :  2.97874e-08
 Reference value :  2.97938e-08
 Reference value :  2.98015e-08
 Reference value :  2.98061e-08
 Reference value :  2.98131e-08
 Reference value :  2.98213e-08
 Reference value :  2.98296e-08
 Reference value :  2.98297e-08
 Reference value :  2.98304e-08
 Reference value :  2.98327e-08
 Reference value :  2.98376e-08
 Reference value :  2.98439e-08
 Reference value :  2.98568e-08
 Reference value :  2.98693e-08
 Reference value :  2.98830e-08
 Reference value :  2.98986e-08
 Reference value :  2.99188e-08
 Reference value :  2.99460e-08
 Reference value :  2.99892e-08
 Reference value :  3.00003e-08
 Reference value :  3.00011e-08
 Reference value :  3.00032e-08
 Reference value :  3.00189e-08
 Reference value :  3.00768e-08
 Reference value :  3.01368e-08
 Reference value :  3.01968e-08
 Reference value :  3.02768e-08
 Reference value :  3.03568e-08
 Reference value :  3.04368e-08
 Reference value :  3.05168e-08
 Reference value :  3.05768e-08
 Reference value :  3.06368e-08
 Reference value :  3.06968e-08
 Reference value :  3.07568e-08
 Reference value :  3.08368e-08
 Reference value :  3.09168e-08
 Reference value :  3.09968e-08
 Reference value :  3.10768e-08
 Reference value :  3.11568e-08
 Reference value :  3.12368e-08
 Reference value :  3.12968e-08
 Reference value :  3.13568e-08
 Reference value :  3.14168e-08
 Reference value :  3.14968e-08
 Reference value :  3.15768e-08
 Reference value :  3.16568e-08
 Reference value :  3.17568e-08
 Reference value :  3.18568e-08
 Reference value :  3.19368e-08
 Reference value :  3.19968e-08
 Reference value :  3.20768e-08
 Reference value :  3.21368e-08
 Reference value :  3.21968e-08
 Reference value :  3.22568e-08
 Reference value :  3.23368e-08
 Reference value :  3.24168e-08
 Reference value :  3.24968e-08
 Reference value :  3.25568e-08
 Reference value :  3.26168e-08
 Reference value :  3.26968e-08
 Reference value :  3.27768e-08
 Reference value :  3.28568e-08
 Reference value :  3.29368e-08
 Reference value :  3.30168e-08
 Reference value :  3.30968e-08
 Reference value :  3.31768e-08
 Reference value :  3.32568e-08
 Reference value :  3.33151e-08
 Reference value :  3.33334e-08
 Reference value :  3.33335e-08
 Reference value :  3.33345e-08
 Reference value :  3.33374e-08
 Reference value :  3.33430e-08
 Reference value :  3.33474e-08
 Reference value :  3.33546e-08
 Reference value :  3.33608e-08
 Reference value :  3.33676e-08
 Reference value :  3.33732e-08
 Reference value :  3.33758e-08
 Reference value :  3.33814e-08
 Reference value :  3.33882e-08
 Reference value :  3.33969e-08
 Reference value :  3.34028e-08
 Reference value :  3.34052e-08
 Reference value :  3.34073e-08
 Reference value :  3.34094e-08
 Reference value :  3.34139e-08
 Reference value :  3.34161e-08
 Reference value :  3.34199e-08
 Reference value :  3.34262e-08
 Reference value :  3.34343e-08
 Reference value :  3.34368e-08
 Reference value :  3.34447e-08
 Reference value :  3.34500e-08
 Reference value :  3.34556e-08
 Reference value :  3.34617e-08
 Reference value :  3.34680e-08
 Reference value :  3.34745e-08
 Reference value :  3.34805e-08
 Reference value :  3.34834e-08
 Reference value :  3.34836e-08
 Reference value :  3.34846e-08
 Reference value :  3.34876e-08
 Reference value :  3.34930e-08
 Reference value :  3.35002e-08
 Reference value :  3.35054e-08
 Reference value :  3.35103e-08
 Reference value :  3.35155e-08
 Reference value :  3.35215e-08
 Reference value :  3.35283e-08
 Reference value :  3.35333e-08
 Reference value :  3.35334e-08
 Reference value :  3.35341e-08
 Reference value :  3.35393e-08
 Reference value :  3.35505e-08
 Reference value :  3.35599e-08
 Reference value :  3.35723e-08
 Reference value :  3.35858e-08
 Reference value :  3.36012e-08
 Reference value :  3.36345e-08
 Reference value :  3.36662e-08
 Reference value :  3.37227e-08
 Reference value :  3.37827e-08
 Reference value :  3.38227e-08
 Reference value :  3.39027e-08
 Reference value :  3.39827e-08
 Reference value :  3.40427e-08
 Reference value :  3.41027e-08
 Reference value :  3.41627e-08
 Reference value :  3.42427e-08
 Reference value :  3.43027e-08
 Reference value :  3.43627e-08
 Reference value :  3.44227e-08
 Reference value :  3.44827e-08
 Reference value :  3.45427e-08
 Reference value :  3.46027e-08
 Reference value :  3.46627e-08
 Reference value :  3.47427e-08
 Reference value :  3.48027e-08
 Reference value :  3.48827e-08
 Reference value :  3.49627e-08
 Reference value :  3.50227e-08
 Reference value :  3.51027e-08
 Reference value :  3.51827e-08
 Reference value :  3.52427e-08
 Reference value :  3.53227e-08
 Reference value :  3.54027e-08
 Reference value :  3.54827e-08
 Reference value :  3.55427e-08
 Reference value :  3.56027e-08
 Reference value :  3.56827e-08
 Reference value :  3.57627e-08
 Reference value :  3.58227e-08
 Reference value :  3.59027e-08
 Reference value :  3.59827e-08
 Reference value :  3.60427e-08
 Reference value :  3.61227e-08
 Reference value :  3.61827e-08
 Reference value :  3.62427e-08
 Reference value :  3.63227e-08
 Reference value :  3.64027e-08
 Reference value :  3.64827e-08
 Reference value :  3.65627e-08
 Reference value :  3.66227e-08
 Reference value :  3.67027e-08
 Reference value :  3.67627e-08
 Reference value :  3.68427e-08
 Reference value :  3.69227e-08
 Reference value :  3.69827e-08
 Reference value :  3.70371e-08
 Reference value :  3.70373e-08
 Reference value :  3.70382e-08
 Reference value :  3.70410e-08
 Reference value :  3.70445e-08
 Reference value :  3.70489e-08
 Reference value :  3.70575e-08
 Reference value :  3.70636e-08
 Reference value :  3.70703e-08
 Reference value :  3.70760e-08
 Reference value :  3.70786e-08
 Reference value :  3.70875e-08
 Reference value :  3.70907e-08
 Reference value :  3.70933e-08
 Reference value :  3.70961e-08
 Reference value :  3.71021e-08
 Reference value :  3.71075e-08
 Reference value :  3.71117e-08
 Reference value :  3.71161e-08
 Reference value :  3.71208e-08
 Reference value :  3.71245e-08
 Reference value :  3.71286e-08
 Reference value :  3.71366e-08
 Reference value :  3.71420e-08
 Reference value :  3.71498e-08
 Reference value :  3.71580e-08
 Reference value :  3.71637e-08
 Reference value :  3.71693e-08
 Reference value :  3.71738e-08
 Reference value :  3.71785e-08
 Reference value :  3.71809e-08
 Reference value :  3.71850e-08
 Reference value :  3.71871e-08
 Reference value :  3.71873e-08
 Reference value :  3.71883e-08
 Reference value :  3.71911e-08
 Reference value :  3.71966e-08
 Reference value :  3.72036e-08
 Reference value :  3.72083e-08
 Reference value :  3.72154e-08
 Reference value :  3.72226e-08
 Reference value :  3.72342e-08
 Reference value :  3.72371e-08
 Reference value :  3.72388e-08
 Reference value :  3.72458e-08
 Reference value :  3.72558e-08
 Reference value :  3.72760e-08
 Reference value :  3.72950e-08
 Reference value :  3.73198e-08
 Reference value :  3.73514e-08
 Reference value :  3.74090e-08
 Reference value :  3.74490e-08
 Reference value :  3.75090e-08
 Reference value :  3.75890e-08
 Reference value :  3.76490e-08
 Reference value :  3.77290e-08
 Reference value :  3.77778e-08
 Reference value :  3.77784e-08
 Reference value :  3.77790e-08
 Reference value :  3.77832e-08
 Reference value :  3.78345e-08
 Reference value :  3.78945e-08
 Reference value :  3.79545e-08
 Reference value :  3.80145e-08
 Reference value :  3.80745e-08
 Reference value :  3.81481e-08
 Reference value :  3.81488e-08
 Reference value :  3.81494e-08
 Reference value :  3.81536e-08
 Reference value :  3.81849e-08
 Reference value :  3.82649e-08
 Reference value :  3.83449e-08
 Reference value :  3.84249e-08
 Reference value :  3.85049e-08
 Reference value :  3.85649e-08
 Reference value :  3.86249e-08
 Reference value :  3.87049e-08
 Reference value :  3.87649e-08
 Reference value :  3.88249e-08
 Reference value :  3.89049e-08
 Reference value :  3.89849e-08
 Reference value :  3.90649e-08
 Reference value :  3.91449e-08
 Reference value :  3.92249e-08
 Reference value :  3.92849e-08
 Reference value :  3.93649e-08
 Reference value :  3.94449e-08
 Reference value :  3.95049e-08
 Reference value :  3.95649e-08
 Reference value :  3.96296e-08
 Reference value :  3.96303e-08
 Reference value :  3.96308e-08
 Reference value :  3.96328e-08
 Reference value :  3.96485e-08
 Reference value :  3.97064e-08
 Reference value :  3.97664e-08
 Reference value :  3.98464e-08
 Reference value :  3.99264e-08
 Reference value :  4.00064e-08
 Reference value :  4.00864e-08
 Reference value :  4.01464e-08
 Reference value :  4.02264e-08
 Reference value :  4.02864e-08
 Reference value :  4.03664e-08
 Reference value :  4.04264e-08
 Reference value :  4.04864e-08
 Reference value :  4.05464e-08
 Reference value :  4.06264e-08
 Reference value :  4.07064e-08
 Reference value :  4.07408e-08
 Reference value :  4.07409e-08
 Reference value :  4.07419e-08
 Reference value :  4.07463e-08
 Reference value :  4.07526e-08
 Reference value :  4.07547e-08
 Reference value :  4.07623e-08
 Reference value :  4.07718e-08
 Reference value :  4.07782e-08
 Reference value :  4.07835e-08
 Reference value :  4.07923e-08
 Reference value :  4.07952e-08
 Reference value :  4.07979e-08
 Reference value :  4.08068e-08
 Reference value :  4.08096e-08
 Reference value :  4.08120e-08
 Reference value :  4.08142e-08
 Reference value :  4.08163e-08
 Reference value :  4.08207e-08
 Reference value :  4.08231e-08
 Reference value :  4.08270e-08
 Reference value :  4.08311e-08
 Reference value :  4.08386e-08
 Reference value :  4.08469e-08
 Reference value :  4.08547e-08
 Reference value :  4.08630e-08
 Reference value :  4.08724e-08
 Reference value :  4.08820e-08
 Reference value :  4.08879e-08
 Reference value :  4.08908e-08
 Reference value :  4.08910e-08
 Reference value :  4.08920e-08
 Reference value :  4.08967e-08
 Reference value :  4.09026e-08
 Reference value :  4.09076e-08
 Reference value :  4.09152e-08
 Reference value :  4.09229e-08
 Reference value :  4.09323e-08
 Reference value :  4.09407e-08
 Reference value :  4.09408e-08
 Reference value :  4.09415e-08
 Reference value :  4.09467e-08
 Reference value :  4.09579e-08
 Reference value :  4.09673e-08
 Reference value :  4.09863e-08
 Reference value :  4.10087e-08
 Reference value :  4.10420e-08
 Reference value :  4.10908e-08
 Reference value :  4.11303e-08
 Reference value :  4.11703e-08
 Reference value :  4.12103e-08
 Reference value :  4.12503e-08
 Reference value :  4.13103e-08
 Reference value :  4.13903e-08
 Reference value :  4.14703e-08
 Reference value :  4.15303e-08
 Reference value :  4.15903e-08
 Reference value :  4.16503e-08
 Reference value :  4.17103e-08
 Reference value :  4.17903e-08
 Reference value :  4.18411e-08
 Reference value :  4.18525e-08
 Reference value :  4.18531e-08
 Reference value :  4.18573e-08
 Reference value :  4.19086e-08
 Reference value :  4.19886e-08
 Reference value :  4.20686e-08
 Reference value :  4.21286e-08
 Reference value :  4.21886e-08
 Reference value :  4.22686e-08
 Reference value :  4.23286e-08
 Reference value :  4.23886e-08
 Reference value :  4.24486e-08
 Reference value :  4.25086e-08
 Reference value :  4.25686e-08
 Reference value :  4.26286e-08
 Reference value :  4.26886e-08
 Reference value :  4.27486e-08
 Reference value :  4.28286e-08
 Reference value :  4.29086e-08
 Reference value :  4.29886e-08
 Reference value :  4.30486e-08
 Reference value :  4.31086e-08
 Reference value :  4.31886e-08
 Reference value :  4.32686e-08
 Reference value :  4.33210e-08
 Reference value :  4.33336e-08
 Reference value :  4.33344e-08
 Reference value :  4.33354e-08
 Reference value :  4.33522e-08
 Reference value :  4.34301e-08
 Reference value :  4.35301e-08
 Reference value :  4.36101e-08
 Reference value :  4.36901e-08
 Reference value :  4.37501e-08
 Reference value :  4.38301e-08
 Reference value :  4.39101e-08
 Reference value :  4.39901e-08
 Reference value :  4.40501e-08
 Reference value :  4.41301e-08
 Reference value :  4.42101e-08
 Reference value :  4.42701e-08
 Reference value :  4.43501e-08
 Reference value :  4.44101e-08
 Reference value :  4.44445e-08
 Reference value :  4.44447e-08
 Reference value :  4.44456e-08
 Reference value :  4.44500e-08
 Reference value :  4.44539e-08
 Reference value :  4.44588e-08
 Reference value :  4.44681e-08
 Reference value :  4.44777e-08
 Reference value :  4.44807e-08
 Reference value :  4.44834e-08
 Reference value :  4.44888e-08
 Reference value :  4.44949e-08
 Reference value :  4.45007e-08
 Reference value :  4.45064e-08
 Reference value :  4.45124e-08
 Reference value :  4.45170e-08
 Reference value :  4.45191e-08
 Reference value :  4.45235e-08
 Reference value :  4.45282e-08
 Reference value :  4.45300e-08
 Reference value :  4.45339e-08
 Reference value :  4.45409e-08
 Reference value :  4.45467e-08
 Reference value :  4.45520e-08
 Reference value :  4.45572e-08
 Reference value :  4.45626e-08
 Reference value :  4.45682e-08
 Reference value :  4.45767e-08
 Reference value :  4.45790e-08
 Reference value :  4.45835e-08
 Reference value :  4.45883e-08
 Reference value :  4.45924e-08
 Reference value :  4.45945e-08
 Reference value :  4.45947e-08
 Reference value :  4.45957e-08
 Reference value :  4.45986e-08
 Reference value :  4.46040e-08
 Reference value :  4.46110e-08
 Reference value :  4.46134e-08
 Reference value :  4.46157e-08
 Reference value :  4.46228e-08
 Reference value :  4.46275e-08
 Reference value :  4.46327e-08
 Reference value :  4.46388e-08
 Reference value :  4.46444e-08
 Reference value :  4.46445e-08
 Reference value :  4.46449e-08
 Reference value :  4.46481e-08
 Reference value :  4.46532e-08
 Reference value :  4.46597e-08
 Reference value :  4.46686e-08
 Reference value :  4.46917e-08
 Reference value :  4.47272e-08
 Reference value :  4.47764e-08
 Reference value :  4.48164e-08
 Reference value :  4.48764e-08
 Reference value :  4.49164e-08
 Reference value :  4.49764e-08
 Reference value :  4.50364e-08
 Reference value :  4.51164e-08
 Reference value :  4.51964e-08
 Reference value :  4.52564e-08
 Reference value :  4.53164e-08
 Reference value :  4.53764e-08
 Reference value :  4.54564e-08
 Reference value :  4.55364e-08
 Reference value :  4.55562e-08
 Reference value :  4.55570e-08
 Reference value :  4.55610e-08
 Reference value :  4.55923e-08
 Reference value :  4.56523e-08
 Reference value :  4.57323e-08
 Reference value :  4.57923e-08
 Reference value :  4.58723e-08
 Reference value :  4.59323e-08
 Reference value :  4.59923e-08
 Reference value :  4.60523e-08
 Reference value :  4.61323e-08
 Reference value :  4.62123e-08
 Reference value :  4.62723e-08
 Reference value :  4.63323e-08
 Reference value :  4.63923e-08
 Reference value :  4.64723e-08
 Reference value :  4.65323e-08
 Reference value :  4.66123e-08
 Reference value :  4.66723e-08
 Reference value :  4.67523e-08
 Reference value :  4.68323e-08
 Reference value :  4.69123e-08
 Reference value :  4.69723e-08
 Reference value :  4.70247e-08
 Reference value :  4.70377e-08
 Reference value :  4.70385e-08
 Reference value :  4.70424e-08
 Reference value :  4.70738e-08
 Reference value :  4.71338e-08
 Reference value :  4.72138e-08
 Reference value :  4.72738e-08
 Reference value :  4.73538e-08
 Reference value :  4.74338e-08
 Reference value :  4.74938e-08
 Reference value :  4.75738e-08
 Reference value :  4.76538e-08
 Reference value :  4.77338e-08
 Reference value :  4.77938e-08
 Reference value :  4.78538e-08
 Reference value :  4.79138e-08
 Reference value :  4.79738e-08
 Reference value :  4.80338e-08
 Reference value :  4.80938e-08
 Reference value :  4.81481e-08
 Reference value :  4.81482e-08
 Reference value :  4.81483e-08
 Reference value :  4.81493e-08
 Reference value :  4.81521e-08
 Reference value :  4.81576e-08
 Reference value :  4.81621e-08
 Reference value :  4.81697e-08
 Reference value :  4.81792e-08
 Reference value :  4.81856e-08
 Reference value :  4.81909e-08
 Reference value :  4.81965e-08
 Reference value :  4.81997e-08
 Reference value :  4.82053e-08
 Reference value :  4.82142e-08
 Reference value :  4.82195e-08
 Reference value :  4.82216e-08
 Reference value :  4.82281e-08
 Reference value :  4.82326e-08
 Reference value :  4.82385e-08
 Reference value :  4.82490e-08
 Reference value :  4.82569e-08
 Reference value :  4.82621e-08
 Reference value :  4.82676e-08
 Reference value :  4.82734e-08
 Reference value :  4.82798e-08
 Reference value :  4.82894e-08
 Reference value :  4.82926e-08
 Reference value :  4.82982e-08
 Reference value :  4.82984e-08
 Reference value :  4.82994e-08
 Reference value :  4.83041e-08
 Reference value :  4.83100e-08
 Reference value :  4.83177e-08
 Reference value :  4.83251e-08
 Reference value :  4.83303e-08
 Reference value :  4.83397e-08
 Reference value :  4.83481e-08
 Reference value :  4.83483e-08
 Reference value :  4.83541e-08
 Reference value :  4.83653e-08
 Reference value :  4.83805e-08
 Reference value :  4.84007e-08
 Reference value :  4.84161e-08
 Reference value :  4.84360e-08
 Reference value :  4.84811e-08
 Reference value :  4.85177e-08
 Reference value :  4.85777e-08
 Reference value :  4.86177e-08
 Reference value :  4.86777e-08
 Reference value :  4.87377e-08
 Reference value :  4.87977e-08
 Reference value :  4.88577e-08
 Reference value :  4.89377e-08
 Reference value :  4.89977e-08
 Reference value :  4.90777e-08
 Reference value :  4.91577e-08
 Reference value :  4.92377e-08
 Reference value :  4.92594e-08
 Reference value :  4.92603e-08
 Reference value :  4.92613e-08
 Reference value :  4.92781e-08
 Reference value :  4.93360e-08
 Reference value :  4.94160e-08
 Reference value :  4.94960e-08
 Reference value :  4.95760e-08
 Reference value :  4.96360e-08
 Reference value :  4.96960e-08
 Reference value :  4.97760e-08
 Reference value :  4.98560e-08
 Reference value :  4.99360e-08
 Reference value :  5.00160e-08
 Reference value :  5.00760e-08
 Reference value :  5.01560e-08
 Reference value :  5.02160e-08
 Reference value :  5.02760e-08
 Reference value :  5.03360e-08
 Reference value :  5.04160e-08
 Reference value :  5.05160e-08
 Reference value :  5.05960e-08
 Reference value :  5.06760e-08
 Reference value :  5.07407e-08
 Reference value :  5.07417e-08
 Reference value :  5.07428e-08
 Reference value :  5.07596e-08
 Reference value :  5.08175e-08
 Reference value :  5.08775e-08
 Reference value :  5.09775e-08
 Reference value :  5.10775e-08
 Reference value :  5.11775e-08
 Reference value :  5.12775e-08
 Reference value :  5.13775e-08
 Reference value :  5.14375e-08
 Reference value :  5.14975e-08
 Reference value :  5.15575e-08
 Reference value :  5.16175e-08
 Reference value :  5.16775e-08
 Reference value :  5.17375e-08
 Reference value :  5.18175e-08
 Reference value :  5.18519e-08
 Reference value :  5.18521e-08
 Reference value :  5.18530e-08
 Reference value :  5.18558e-08
 Reference value :  5.18613e-08
 Reference value :  5.18663e-08
 Reference value :  5.18755e-08
 Reference value :  5.18851e-08
 Reference value :  5.18908e-08
 Reference value :  5.18962e-08
 Reference value :  5.19055e-08
 Reference value :  5.19109e-08
 Reference value :  5.19169e-08
 Reference value :  5.19198e-08
 Reference value :  5.19223e-08
 Reference value :  5.19244e-08
 Reference value :  5.19288e-08
 Reference value :  5.19334e-08
 Reference value :  5.19374e-08
 Reference value :  5.19413e-08
 Reference value :  5.19483e-08
 Reference value :  5.19541e-08
 Reference value :  5.19620e-08
 Reference value :  5.19700e-08
 Reference value :  5.19785e-08
 Reference value :  5.19841e-08
 Reference value :  5.19886e-08
 Reference value :  5.19933e-08
 Reference value :  5.19957e-08
 Reference value :  5.19998e-08
 Reference value :  5.20019e-08
 Reference value :  5.20021e-08
 Reference value :  5.20031e-08
 Reference value :  5.20060e-08
 Reference value :  5.20095e-08
 Reference value :  5.20135e-08
 Reference value :  5.20208e-08
 Reference value :  5.20231e-08
 Reference value :  5.20280e-08
 Reference value :  5.20325e-08
 Reference value :  5.20374e-08
 Reference value :  5.20462e-08
 Reference value :  5.20519e-08
 Reference value :  5.20519e-08
 Reference value :  5.20527e-08
 Reference value :  5.20581e-08
 Reference value :  5.20636e-08
 Reference value :  5.20760e-08
 Reference value :  5.20992e-08
 Reference value :  5.21346e-08
 Reference value :  5.21838e-08
 Reference value :  5.22238e-08
 Reference value :  5.22638e-08
 Reference value :  5.23038e-08
 Reference value :  5.23638e-08
 Reference value :  5.24238e-08
 Reference value :  5.25038e-08
 Reference value :  5.25838e-08
 Reference value :  5.26438e-08
 Reference value :  5.27238e-08
 Reference value :  5.27838e-08
 Reference value :  5.28438e-08
 Reference value :  5.29038e-08
 Reference value :  5.29630e-08
 Reference value :  5.29636e-08
 Reference value :  5.29645e-08
 Reference value :  5.29729e-08
 Reference value :  5.30397e-08
 Reference value :  5.30997e-08
 Reference value :  5.31797e-08
 Reference value :  5.32597e-08
 Reference value :  5.33397e-08
 Reference value :  5.33997e-08
 Reference value :  5.34797e-08
 Reference value :  5.35597e-08
 Reference value :  5.36197e-08
 Reference value :  5.36997e-08
 Reference value :  5.37797e-08
 Reference value :  5.38397e-08
 Reference value :  5.39197e-08
 Reference value :  5.39997e-08
 Reference value :  5.40597e-08
 Reference value :  5.41197e-08
 Reference value :  5.41797e-08
 Reference value :  5.42597e-08
 Reference value :  5.43197e-08
 Reference value :  5.43797e-08
 Reference value :  5.44321e-08
 Reference value :  5.44447e-08
 Reference value :  5.44455e-08
 Reference value :  5.44465e-08
 Reference value :  5.44543e-08
 Reference value :  5.45012e-08
 Reference value :  5.45612e-08
 Reference value :  5.46412e-08
 Reference value :  5.47212e-08
 Reference value :  5.48012e-08
 Reference value :  5.48812e-08
 Reference value :  5.49412e-08
 Reference value :  5.50012e-08
 Reference value :  5.50612e-08
 Reference value :  5.51212e-08
 Reference value :  5.51812e-08
 Reference value :  5.52412e-08
 Reference value :  5.53012e-08
 Reference value :  5.53812e-08
 Reference value :  5.54612e-08
 Reference value :  5.55212e-08
 Reference value :  5.55556e-08
 Reference value :  5.55558e-08
 Reference value :  5.55567e-08
 Reference value :  5.55595e-08
 Reference value :  5.55650e-08
 Reference value :  5.55718e-08
 Reference value :  5.55802e-08
 Reference value :  5.55901e-08
 Reference value :  5.55956e-08
 Reference value :  5.56011e-08
 Reference value :  5.56071e-08
 Reference value :  5.56127e-08
 Reference value :  5.56184e-08
 Reference value :  5.56244e-08
 Reference value :  5.56269e-08
 Reference value :  5.56290e-08
 Reference value :  5.56311e-08
 Reference value :  5.56356e-08
 Reference value :  5.56379e-08
 Reference value :  5.56400e-08
 Reference value :  5.56440e-08
 Reference value :  5.56481e-08
 Reference value :  5.56564e-08
 Reference value :  5.56617e-08
 Reference value :  5.56669e-08
 Reference value :  5.56750e-08
 Reference value :  5.56840e-08
 Reference value :  5.56903e-08
 Reference value :  5.57000e-08
 Reference value :  5.57056e-08
 Reference value :  5.57059e-08
 Reference value :  5.57081e-08
 Reference value :  5.57134e-08
 Reference value :  5.57174e-08
 Reference value :  5.57251e-08
 Reference value :  5.57325e-08
 Reference value :  5.57378e-08
 Reference value :  5.57471e-08
 Reference value :  5.57556e-08
 Reference value :  5.57556e-08
 Reference value :  5.57570e-08
 Reference value :  5.57615e-08
 Reference value :  5.57688e-08
 Reference value :  5.57821e-08
 Reference value :  5.58011e-08
 Reference value :  5.58235e-08
 Reference value :  5.58568e-08
 Reference value :  5.59056e-08
 Reference value :  5.59651e-08
 Reference value :  5.60051e-08
 Reference value :  5.60651e-08
 Reference value :  5.61451e-08
 Reference value :  5.62251e-08
 Reference value :  5.63051e-08
 Reference value :  5.63851e-08
 Reference value :  5.64451e-08
 Reference value :  5.65051e-08
 Reference value :  5.65851e-08
 Reference value :  5.66559e-08
 Reference value :  5.66673e-08
 Reference value :  5.66682e-08
 Reference value :  5.66766e-08
 Reference value :  5.67234e-08
 Reference value :  5.68034e-08
 Reference value :  5.68634e-08
 Reference value :  5.69234e-08
 Reference value :  5.69834e-08
 Reference value :  5.70634e-08
 Reference value :  5.71434e-08
 Reference value :  5.72234e-08
 Reference value :  5.73034e-08
 Reference value :  5.73634e-08
 Reference value :  5.74434e-08
 Reference value :  5.75034e-08
 Reference value :  5.75834e-08
 Reference value :  5.76634e-08
 Reference value :  5.77234e-08
 Reference value :  5.78034e-08
 Reference value :  5.78634e-08
 Reference value :  5.79434e-08
 Reference value :  5.80034e-08
 Reference value :  5.80834e-08
 Reference value :  5.81358e-08
 Reference value :  5.81484e-08
 Reference value :  5.81492e-08
 Reference value :  5.81502e-08
 Reference value :  5.81580e-08
 Reference value :  5.82049e-08
 Reference value :  5.82849e-08
 Reference value :  5.83449e-08
 Reference value :  5.84049e-08
 Reference value :  5.84649e-08
 Reference value :  5.85185e-08
 Reference value :  5.85195e-08
 Reference value :  5.85200e-08
 Reference value :  5.85284e-08
 Reference value :  5.85753e-08
 Reference value :  5.86353e-08
 Reference value :  5.86953e-08
 Reference value :  5.87553e-08
 Reference value :  5.88353e-08
 Reference value :  5.88953e-08
 Reference value :  5.89553e-08
 Reference value :  5.90153e-08
 Reference value :  5.90953e-08
 Reference value :  5.91553e-08
 Reference value :  5.92153e-08
 Reference value :  5.92593e-08
 Reference value :  5.92595e-08
 Reference value :  5.92601e-08
 Reference value :  5.92624e-08
 Reference value :  5.92676e-08
 Reference value :  5.92752e-08
 Reference value :  5.92843e-08
 Reference value :  5.92907e-08
 Reference value :  5.92972e-08
 Reference value :  5.93027e-08
 Reference value :  5.93085e-08
 Reference value :  5.93144e-08
 Reference value :  5.93171e-08
 Reference value :  5.93230e-08
 Reference value :  5.93291e-08
 Reference value :  5.93334e-08
 Reference value :  5.93379e-08
 Reference value :  5.93425e-08
 Reference value :  5.93443e-08
 Reference value :  5.93482e-08
 Reference value :  5.93550e-08
 Reference value :  5.93609e-08
 Reference value :  5.93687e-08
 Reference value :  5.93740e-08
 Reference value :  5.93795e-08
 Reference value :  5.93881e-08
 Reference value :  5.93935e-08
 Reference value :  5.93981e-08
 Reference value :  5.94031e-08
 Reference value :  5.94051e-08
 Reference value :  5.94093e-08
 Reference value :  5.94096e-08
 Reference value :  5.94105e-08
 Reference value :  5.94133e-08
 Reference value :  5.94188e-08
 Reference value :  5.94232e-08
 Reference value :  5.94282e-08
 Reference value :  5.94305e-08
 Reference value :  5.94354e-08
 Reference value :  5.94399e-08
 Reference value :  5.94448e-08
 Reference value :  5.94504e-08
 Reference value :  5.94564e-08
 Reference value :  5.94593e-08
 Reference value :  5.94602e-08
 Reference value :  5.94655e-08
 Reference value :  5.94711e-08
 Reference value :  5.94836e-08
 Reference value :  5.94985e-08
 Reference value :  5.95176e-08
 Reference value :  5.95424e-08
 Reference value :  5.95917e-08
 Reference value :  5.96317e-08
 Reference value :  5.96917e-08
 Reference value :  5.97517e-08
 Reference value :  5.98317e-08
 Reference value :  5.98917e-08
 Reference value :  5.99717e-08
 Reference value :  6.00317e-08
 Reference value :  6.00917e-08
 Reference value :  6.01517e-08
 Reference value :  6.02317e-08
 Reference value :  6.02917e-08
 Reference value :  6.03517e-08
 Reference value :  6.04117e-08
 Reference value :  6.04917e-08
 Reference value :  6.05717e-08
 Reference value :  6.06317e-08
 Reference value :  6.07117e-08
 Reference value :  6.07917e-08
 Reference value :  6.08717e-08
 Reference value :  6.09317e-08
 Reference value :  6.09859e-08
No. of Data Rows : 4803
m_ui_ref            =  3.70370e-09 targ=  3.71120e-08 trig=  3.34083e-08
m_spa_in            =  1.48148e-08 targ=  4.82231e-08 trig=  3.34083e-08
m_spb_in            =  1.11111e-08 targ=  4.45194e-08 trig=  3.34083e-08
m_spa_m             =  1.48148e-08 targ=  4.82714e-08 trig=  3.34566e-08
m_spb_m             =  1.11111e-08 targ=  4.45677e-08 trig=  3.34566e-08
m_trise_m           =  5.73843e-11 targ=  4.45973e-08 trig=  4.45399e-08
m_tfall_m           =  5.73719e-11 targ=  4.08935e-08 trig=  4.08362e-08
m_trise_n           =  4.39449e-11 targ=  4.45797e-08 trig=  4.45357e-08
m_dj_ui_m = 2.6999997840e-06
m_vih_m = 3.0563713603e+00
m_vil_m = 1.9088327608e+00
m_vswing_m = 1.1475385995e+00
m_vih_m_frac = 8.4197558135e-01
m_vil_m_frac = 5.2584924541e-01
m_vcm_m_frac = 6.8391240965e-01
m_vswing_s = 1.1488842285e+00
m_vglitch_m = 6.0671545331e-01
m_vswing_n = 1.1474339399e+00
m_vswing_dc = 1.1434862389e+00
m_vcm_dc_frac = 6.8463822561e-01
m_icell_dc = 1.1251573541e-02
m_vgs_mu_max = 1.6066419923e+00
m_vds_mu_max = 1.2567175487e+00
m_vds_mt_max = 8.6234808005e-01
Note: Simulation executed from .control section 

Note: Starting dynamic gmin stepping
Note: Dynamic gmin stepping completed
