
Note: No compatibility mode selected!


Circuit: * tmds-final-mux-eye @ tt_125c_3.63v_742p5mbps -- generated by sim/harness, do not edit

Doing analysis at TEMP = 125.000000 and TNOM = 27.000000

Using SPARSE 1.3 as Direct Linear Solver

Initial Transient Solution
--------------------------

Node                                   Voltage
----                                   -------
vdd                                       3.63
avcc                                       3.3
clkp                                     2.178
clkn                                     1.089
d0p                                     3.0855
d0n                                     1.9965
d1p                                     3.0855
d1n                                     1.9965
d0ps                                    1.9965
d0ns                                    3.0855
d1ps                                    1.9965
d1ns                                    3.0855
ckref                                    1.089
win                                          0
winr                                         0
winc                                         0
xmux_m.top                               3.073
xmux_m.xrc.11                          3.10098
xmux_m.xrc.21                          3.60203
outp_m                                 1.95007
xmux_m.xrlp.11                         1.97796
xmux_m.xrlp.21                         3.04511
outn_m                                 3.06981
xmux_m.xrln.11                         3.06989
xmux_m.xrln.21                         3.07293
xmux_m.ibias                            1.1502
xmux_m.xrref.11                        1.16481
xmux_m.xrref.21                        3.61538
xmux_m.sa                              1.37948
xmux_m.sb                              1.95006
xmux_m.tail                           0.805849
dop_m                                  3.29997
xdrv_m.tail                            1.50824
don_m                                  2.79204
ib_m                                   1.11872
vd_m                                   1.11975
vdn_m                                  1.02823
vdg_m                                        0
xmux_s.top                               3.073
xmux_s.xrc.11                          3.10098
xmux_s.xrc.21                          3.60203
outp_s                                 3.06981
xmux_s.xrlp.11                         3.06989
xmux_s.xrlp.21                         3.07293
outn_s                                 1.95007
xmux_s.xrln.11                         1.97796
xmux_s.xrln.21                         3.04511
xmux_s.ibias                            1.1502
xmux_s.xrref.11                        1.16481
xmux_s.xrref.21                        3.61538
xmux_s.sa                              1.37948
xmux_s.sb                              1.95006
xmux_s.tail                           0.805849
dop_s                                  2.79204
xdrv_s.tail                            1.50824
don_s                                  3.29997
ib_s                                   1.11872
vd_s                                  -1.11975
vdn_s                                 -1.02823
vdg_s                                        0
xmux_n.top                               3.073
xmux_n.xrc.11                          3.10098
xmux_n.xrc.21                          3.60203
outp_n                                 1.95007
xmux_n.xrlp.11                         1.97796
xmux_n.xrlp.21                         3.04511
outn_n                                 3.06981
xmux_n.xrln.11                         3.06989
xmux_n.xrln.21                         3.07293
xmux_n.ibias                            1.1502
xmux_n.xrref.11                        1.16481
xmux_n.xrref.21                        3.61538
xmux_n.sa                              1.37948
xmux_n.sb                              1.95006
xmux_n.tail                           0.805849
vd_n                                   1.11975
vdn_n                                  1.02823
vdg_n                                        0
d0pz                                    3.0855
d0nz                                    1.9965
clkpz                                    2.178
clknz                                    1.089
vdd_z                                     3.63
xmux_z.top                               3.073
xmux_z.xrc.11                          3.10098
xmux_z.xrc.21                          3.60203
outp_z                                 1.95009
xmux_z.xrlp.11                         1.97798
xmux_z.xrlp.21                         3.04511
outn_z                                  3.0698
xmux_z.xrln.11                         3.06988
xmux_z.xrln.21                         3.07292
xmux_z.ibias                            1.1502
xmux_z.xrref.11                        1.16481
xmux_z.xrref.21                        3.61538
xmux_z.sa                              1.37949
xmux_z.sb                               2.5444
xmux_z.tail                           0.805853
dop_z                                  3.29997
xdrv_z.tail                            1.50823
don_z                                  2.79204
ib_z                                   1.11872
bvdg_n#branch                                0
bvdg_s#branch                                0
bvdg_m#branch                                0
envd_n#branch                                0
emux_n#branch                                0
envd_s#branch                                0
emux_s#branch                                0
envd_m#branch                                0
emux_m#branch                                0
eckref#branch                                0
vsens_z#branch                        -0.01135
vclknz#branch                                0
vclkpz#branch                                0
vd0nz#branch                                 0
vd0pz#branch                                 0
vwinc#branch                                 0
vwinr#branch                                 0
vwin#branch                                  0
vd1ns#branch                                 0
vd1ps#branch                                 0
vd0ns#branch                                 0
vd0ps#branch                                 0
vd1n#branch                                  0
vd1p#branch                                  0
vd0n#branch                                  0
vd0p#branch                                  0
vclkn#branch                                 0
vclkp#branch                                 0
vavcc#branch                        -0.0304796
vvdd#branch                         -0.0340499

 Reference value :  0.00000e+00
 Reference value :  8.00000e-13
 Reference value :  6.40000e-12
 Reference value :  6.56000e-11
 Reference value :  1.25600e-10
 Reference value :  1.85600e-10
 Reference value :  2.45600e-10
 Reference value :  3.25600e-10
 Reference value :  4.05600e-10
 Reference value :  4.85600e-10
 Reference value :  5.45600e-10
 Reference value :  6.25600e-10
 Reference value :  6.85600e-10
 Reference value :  7.45600e-10
 Reference value :  8.25600e-10
 Reference value :  8.85600e-10
 Reference value :  9.65600e-10
 Reference value :  1.04560e-09
 Reference value :  1.12560e-09
 Reference value :  1.18560e-09
 Reference value :  1.26560e-09
 Reference value :  1.32560e-09
 Reference value :  1.34681e-09
 Reference value :  1.34700e-09
 Reference value :  1.34848e-09
 Reference value :  1.35426e-09
 Reference value :  1.36214e-09
 Reference value :  1.36906e-09
 Reference value :  1.37539e-09
 Reference value :  1.38711e-09
 Reference value :  1.39478e-09
 Reference value :  1.39810e-09
 Reference value :  1.40132e-09
 Reference value :  1.40798e-09
 Reference value :  1.41936e-09
 Reference value :  1.42307e-09
 Reference value :  1.43079e-09
 Reference value :  1.44264e-09
 Reference value :  1.45136e-09
 Reference value :  1.46013e-09
 Reference value :  1.46923e-09
 Reference value :  1.47823e-09
 Reference value :  1.48641e-09
 Reference value :  1.48991e-09
 Reference value :  1.49680e-09
 Reference value :  1.49686e-09
 Reference value :  1.49743e-09
 Reference value :  1.50134e-09
 Reference value :  1.50537e-09
 Reference value :  1.50988e-09
 Reference value :  1.51361e-09
 Reference value :  1.51714e-09
 Reference value :  1.52235e-09
 Reference value :  1.53325e-09
 Reference value :  1.54418e-09
 Reference value :  1.54683e-09
 Reference value :  1.54757e-09
 Reference value :  1.55309e-09
 Reference value :  1.56719e-09
 Reference value :  1.58501e-09
 Reference value :  1.60071e-09
 Reference value :  1.61730e-09
 Reference value :  1.64901e-09
 Reference value :  1.69839e-09
 Reference value :  1.75783e-09
 Reference value :  1.81783e-09
 Reference value :  1.87783e-09
 Reference value :  1.95783e-09
 Reference value :  2.01783e-09
 Reference value :  2.07783e-09
 Reference value :  2.15783e-09
 Reference value :  2.25783e-09
 Reference value :  2.33783e-09
 Reference value :  2.41783e-09
 Reference value :  2.49783e-09
 Reference value :  2.54837e-09
 Reference value :  2.55922e-09
 Reference value :  2.55999e-09
 Reference value :  2.56097e-09
 Reference value :  2.57777e-09
 Reference value :  2.63569e-09
 Reference value :  2.69360e-09
 Reference value :  2.69366e-09
 Reference value :  2.69488e-09
 Reference value :  2.69776e-09
 Reference value :  2.70725e-09
 Reference value :  2.71790e-09
 Reference value :  2.72579e-09
 Reference value :  2.73799e-09
 Reference value :  2.74993e-09
 Reference value :  2.76116e-09
 Reference value :  2.77168e-09
 Reference value :  2.77789e-09
 Reference value :  2.78089e-09
 Reference value :  2.78724e-09
 Reference value :  2.79449e-09
 Reference value :  2.80277e-09
 Reference value :  2.81047e-09
 Reference value :  2.81799e-09
 Reference value :  2.82566e-09
 Reference value :  2.83720e-09
 Reference value :  2.84362e-09
 Reference value :  2.84387e-09
 Reference value :  2.84474e-09
 Reference value :  2.84764e-09
 Reference value :  2.85163e-09
 Reference value :  2.85809e-09
 Reference value :  2.86492e-09
 Reference value :  2.86969e-09
 Reference value :  2.87487e-09
 Reference value :  2.88034e-09
 Reference value :  2.88972e-09
 Reference value :  2.89362e-09
 Reference value :  2.89394e-09
 Reference value :  2.89643e-09
 Reference value :  2.90558e-09
 Reference value :  2.91723e-09
 Reference value :  2.92809e-09
 Reference value :  2.95133e-09
 Reference value :  2.99433e-09
 Reference value :  3.07283e-09
 Reference value :  3.15283e-09
 Reference value :  3.23283e-09
 Reference value :  3.31283e-09
 Reference value :  3.37283e-09
 Reference value :  3.43283e-09
 Reference value :  3.51283e-09
 Reference value :  3.59283e-09
 Reference value :  3.67283e-09
 Reference value :  3.75283e-09
 Reference value :  3.81283e-09
 Reference value :  3.89283e-09
 Reference value :  3.97283e-09
 Reference value :  4.04040e-09
 Reference value :  4.04045e-09
 Reference value :  4.04128e-09
 Reference value :  4.04346e-09
 Reference value :  4.04754e-09
 Reference value :  4.05249e-09
 Reference value :  4.05868e-09
 Reference value :  4.06456e-09
 Reference value :  4.07039e-09
 Reference value :  4.08041e-09
 Reference value :  4.08762e-09
 Reference value :  4.09423e-09
 Reference value :  4.10436e-09
 Reference value :  4.11212e-09
 Reference value :  4.12371e-09
 Reference value :  4.13550e-09
 Reference value :  4.14423e-09
 Reference value :  4.15297e-09
 Reference value :  4.16656e-09
 Reference value :  4.17552e-09
 Reference value :  4.17923e-09
 Reference value :  4.18271e-09
 Reference value :  4.18847e-09
 Reference value :  4.19042e-09
 Reference value :  4.19059e-09
 Reference value :  4.19195e-09
 Reference value :  4.19539e-09
 Reference value :  4.20167e-09
 Reference value :  4.20868e-09
 Reference value :  4.21253e-09
 Reference value :  4.21894e-09
 Reference value :  4.22635e-09
 Reference value :  4.23747e-09
 Reference value :  4.24043e-09
 Reference value :  4.24119e-09
 Reference value :  4.24685e-09
 Reference value :  4.25583e-09
 Reference value :  4.26607e-09
 Reference value :  4.27885e-09
 Reference value :  4.30290e-09
 Reference value :  4.32066e-09
 Reference value :  4.34300e-09
 Reference value :  4.37468e-09
 Reference value :  4.43204e-09
 Reference value :  4.47204e-09
 Reference value :  4.51204e-09
 Reference value :  4.57204e-09
 Reference value :  4.63204e-09
 Reference value :  4.69204e-09
 Reference value :  4.75204e-09
 Reference value :  4.81204e-09
 Reference value :  4.89204e-09
 Reference value :  4.97204e-09
 Reference value :  5.05204e-09
 Reference value :  5.13204e-09
 Reference value :  5.21204e-09
 Reference value :  5.27204e-09
 Reference value :  5.33204e-09
 Reference value :  5.38721e-09
 Reference value :  5.38722e-09
 Reference value :  5.38749e-09
 Reference value :  5.38840e-09
 Reference value :  5.39342e-09
 Reference value :  5.39814e-09
 Reference value :  5.40399e-09
 Reference value :  5.41161e-09
 Reference value :  5.41542e-09
 Reference value :  5.42757e-09
 Reference value :  5.43572e-09
 Reference value :  5.44362e-09
 Reference value :  5.45484e-09
 Reference value :  5.46197e-09
 Reference value :  5.46537e-09
 Reference value :  5.46854e-09
 Reference value :  5.47158e-09
 Reference value :  5.47776e-09
 Reference value :  5.48443e-09
 Reference value :  5.49257e-09
 Reference value :  5.50015e-09
 Reference value :  5.50784e-09
 Reference value :  5.51938e-09
 Reference value :  5.53091e-09
 Reference value :  5.53721e-09
 Reference value :  5.53726e-09
 Reference value :  5.53775e-09
 Reference value :  5.54118e-09
 Reference value :  5.54725e-09
 Reference value :  5.55163e-09
 Reference value :  5.55858e-09
 Reference value :  5.56333e-09
 Reference value :  5.56591e-09
 Reference value :  5.57128e-09
 Reference value :  5.58000e-09
 Reference value :  5.58721e-09
 Reference value :  5.58727e-09
 Reference value :  5.58861e-09
 Reference value :  5.59573e-09
 Reference value :  5.60661e-09
 Reference value :  5.61618e-09
 Reference value :  5.62781e-09
 Reference value :  5.64491e-09
 Reference value :  5.67203e-09
 Reference value :  5.70678e-09
 Reference value :  5.78641e-09
 Reference value :  5.86641e-09
 Reference value :  5.92641e-09
 Reference value :  5.98641e-09
 Reference value :  6.04641e-09
 Reference value :  6.12641e-09
 Reference value :  6.20641e-09
 Reference value :  6.28641e-09
 Reference value :  6.34641e-09
 Reference value :  6.40641e-09
 Reference value :  6.46641e-09
 Reference value :  6.54641e-09
 Reference value :  6.62641e-09
 Reference value :  6.70641e-09
 Reference value :  6.73402e-09
 Reference value :  6.73452e-09
 Reference value :  6.73706e-09
 Reference value :  6.74356e-09
 Reference value :  6.75228e-09
 Reference value :  6.75510e-09
 Reference value :  6.76395e-09
 Reference value :  6.77069e-09
 Reference value :  6.77756e-09
 Reference value :  6.78450e-09
 Reference value :  6.79121e-09
 Reference value :  6.80157e-09
 Reference value :  6.80945e-09
 Reference value :  6.82114e-09
 Reference value :  6.83320e-09
 Reference value :  6.84200e-09
 Reference value :  6.85556e-09
 Reference value :  6.86903e-09
 Reference value :  6.87621e-09
 Reference value :  6.88401e-09
 Reference value :  6.88404e-09
 Reference value :  6.88438e-09
 Reference value :  6.88712e-09
 Reference value :  6.89304e-09
 Reference value :  6.90023e-09
 Reference value :  6.90228e-09
 Reference value :  6.90613e-09
 Reference value :  6.91254e-09
 Reference value :  6.91995e-09
 Reference value :  6.93107e-09
 Reference value :  6.93403e-09
 Reference value :  6.93479e-09
 Reference value :  6.94046e-09
 Reference value :  6.94945e-09
 Reference value :  6.95968e-09
 Reference value :  6.97247e-09
 Reference value :  6.98818e-09
 Reference value :  7.00479e-09
 Reference value :  7.03662e-09
 Reference value :  7.06831e-09
 Reference value :  7.12568e-09
 Reference value :  7.18568e-09
 Reference value :  7.22568e-09
 Reference value :  7.30568e-09
 Reference value :  7.36568e-09
 Reference value :  7.42568e-09
 Reference value :  7.48568e-09
 Reference value :  7.56568e-09
 Reference value :  7.62568e-09
 Reference value :  7.68568e-09
 Reference value :  7.74568e-09
 Reference value :  7.80568e-09
 Reference value :  7.86568e-09
 Reference value :  7.92568e-09
 Reference value :  8.00568e-09
 Reference value :  8.08083e-09
 Reference value :  8.08109e-09
 Reference value :  8.08200e-09
 Reference value :  8.08496e-09
 Reference value :  8.08921e-09
 Reference value :  8.09446e-09
 Reference value :  8.10521e-09
 Reference value :  8.11737e-09
 Reference value :  8.12556e-09
 Reference value :  8.13750e-09
 Reference value :  8.14868e-09
 Reference value :  8.15926e-09
 Reference value :  8.16545e-09
 Reference value :  8.17514e-09
 Reference value :  8.18252e-09
 Reference value :  8.19076e-09
 Reference value :  8.19442e-09
 Reference value :  8.20208e-09
 Reference value :  8.21363e-09
 Reference value :  8.22514e-09
 Reference value :  8.23082e-09
 Reference value :  8.23104e-09
 Reference value :  8.23275e-09
 Reference value :  8.23633e-09
 Reference value :  8.24046e-09
 Reference value :  8.24512e-09
 Reference value :  8.24964e-09
 Reference value :  8.25162e-09
 Reference value :  8.25635e-09
 Reference value :  8.26154e-09
 Reference value :  8.26993e-09
 Reference value :  8.27854e-09
 Reference value :  8.28083e-09
 Reference value :  8.28114e-09
 Reference value :  8.28363e-09
 Reference value :  8.28932e-09
 Reference value :  8.30020e-09
 Reference value :  8.30976e-09
 Reference value :  8.32140e-09
 Reference value :  8.35004e-09
 Reference value :  8.40034e-09
 Reference value :  8.45995e-09
 Reference value :  8.51995e-09
 Reference value :  8.57995e-09
 Reference value :  8.63995e-09
 Reference value :  8.71995e-09
 Reference value :  8.77995e-09
 Reference value :  8.83995e-09
 Reference value :  8.91995e-09
 Reference value :  8.97995e-09
 Reference value :  9.03995e-09
 Reference value :  9.11995e-09
 Reference value :  9.19995e-09
 Reference value :  9.27995e-09
 Reference value :  9.35995e-09
 Reference value :  9.42761e-09
 Reference value :  9.42763e-09
 Reference value :  9.42786e-09
 Reference value :  9.42922e-09
 Reference value :  9.43475e-09
 Reference value :  9.44267e-09
 Reference value :  9.44872e-09
 Reference value :  9.45459e-09
 Reference value :  9.45762e-09
 Reference value :  9.46440e-09
 Reference value :  9.47133e-09
 Reference value :  9.47825e-09
 Reference value :  9.48149e-09
 Reference value :  9.48818e-09
 Reference value :  9.49535e-09
 Reference value :  9.50320e-09
 Reference value :  9.51097e-09
 Reference value :  9.51867e-09
 Reference value :  9.52696e-09
 Reference value :  9.53575e-09
 Reference value :  9.54932e-09
 Reference value :  9.55834e-09
 Reference value :  9.56650e-09
 Reference value :  9.57381e-09
 Reference value :  9.57762e-09
 Reference value :  9.57779e-09
 Reference value :  9.57838e-09
 Reference value :  9.58260e-09
 Reference value :  9.58887e-09
 Reference value :  9.59383e-09
 Reference value :  9.59589e-09
 Reference value :  9.59776e-09
 Reference value :  9.60269e-09
 Reference value :  9.60970e-09
 Reference value :  9.62175e-09
 Reference value :  9.62763e-09
 Reference value :  9.62839e-09
 Reference value :  9.63405e-09
 Reference value :  9.64303e-09
 Reference value :  9.65947e-09
 Reference value :  9.68176e-09
 Reference value :  9.70785e-09
 Reference value :  9.74479e-09
 Reference value :  9.77981e-09
 Reference value :  9.81922e-09
 Reference value :  9.85922e-09
 Reference value :  9.89922e-09
 Reference value :  9.95922e-09
 Reference value :  1.00192e-08
 Reference value :  1.00992e-08
 Reference value :  1.01792e-08
 Reference value :  1.02592e-08
 Reference value :  1.03392e-08
 Reference value :  1.03992e-08
 Reference value :  1.04792e-08
 Reference value :  1.05392e-08
 Reference value :  1.05992e-08
 Reference value :  1.06592e-08
 Reference value :  1.07392e-08
 Reference value :  1.07744e-08
 Reference value :  1.07747e-08
 Reference value :  1.07763e-08
 Reference value :  1.07805e-08
 Reference value :  1.07860e-08
 Reference value :  1.07916e-08
 Reference value :  1.08008e-08
 Reference value :  1.08088e-08
 Reference value :  1.08171e-08
 Reference value :  1.08243e-08
 Reference value :  1.08275e-08
 Reference value :  1.08375e-08
 Reference value :  1.08481e-08
 Reference value :  1.08592e-08
 Reference value :  1.08688e-08
 Reference value :  1.08807e-08
 Reference value :  1.08928e-08
 Reference value :  1.09041e-08
 Reference value :  1.09091e-08
 Reference value :  1.09097e-08
 Reference value :  1.09103e-08
 Reference value :  1.09123e-08
 Reference value :  1.09176e-08
 Reference value :  1.09244e-08
 Reference value :  1.09248e-08
 Reference value :  1.09273e-08
 Reference value :  1.09312e-08
 Reference value :  1.09378e-08
 Reference value :  1.09462e-08
 Reference value :  1.09524e-08
 Reference value :  1.09578e-08
 Reference value :  1.09664e-08
 Reference value :  1.09744e-08
 Reference value :  1.09745e-08
 Reference value :  1.09758e-08
 Reference value :  1.09829e-08
 Reference value :  1.09938e-08
 Reference value :  1.10089e-08
 Reference value :  1.10221e-08
 Reference value :  1.10472e-08
 Reference value :  1.10672e-08
 Reference value :  1.11105e-08
 Reference value :  1.11677e-08
 Reference value :  1.12277e-08
 Reference value :  1.12877e-08
 Reference value :  1.13477e-08
 Reference value :  1.14277e-08
 Reference value :  1.15277e-08
 Reference value :  1.16277e-08
 Reference value :  1.17077e-08
 Reference value :  1.17877e-08
 Reference value :  1.18677e-08
 Reference value :  1.19277e-08
 Reference value :  1.20077e-08
 Reference value :  1.20877e-08
 Reference value :  1.21212e-08
 Reference value :  1.21215e-08
 Reference value :  1.21222e-08
 Reference value :  1.21267e-08
 Reference value :  1.21313e-08
 Reference value :  1.21404e-08
 Reference value :  1.21468e-08
 Reference value :  1.21541e-08
 Reference value :  1.21620e-08
 Reference value :  1.21701e-08
 Reference value :  1.21805e-08
 Reference value :  1.21873e-08
 Reference value :  1.21943e-08
 Reference value :  1.22016e-08
 Reference value :  1.22084e-08
 Reference value :  1.22147e-08
 Reference value :  1.22260e-08
 Reference value :  1.22374e-08
 Reference value :  1.22486e-08
 Reference value :  1.22563e-08
 Reference value :  1.22641e-08
 Reference value :  1.22712e-08
 Reference value :  1.22712e-08
 Reference value :  1.22714e-08
 Reference value :  1.22718e-08
 Reference value :  1.22738e-08
 Reference value :  1.22756e-08
 Reference value :  1.22797e-08
 Reference value :  1.22842e-08
 Reference value :  1.22924e-08
 Reference value :  1.23020e-08
 Reference value :  1.23118e-08
 Reference value :  1.23183e-08
 Reference value :  1.23212e-08
 Reference value :  1.23221e-08
 Reference value :  1.23287e-08
 Reference value :  1.23378e-08
 Reference value :  1.23543e-08
 Reference value :  1.23682e-08
 Reference value :  1.23842e-08
 Reference value :  1.24126e-08
 Reference value :  1.24391e-08
 Reference value :  1.24904e-08
 Reference value :  1.25504e-08
 Reference value :  1.25904e-08
 Reference value :  1.26304e-08
 Reference value :  1.27104e-08
 Reference value :  1.27704e-08
 Reference value :  1.28504e-08
 Reference value :  1.29104e-08
 Reference value :  1.29904e-08
 Reference value :  1.30504e-08
 Reference value :  1.31104e-08
 Reference value :  1.31704e-08
 Reference value :  1.32304e-08
 Reference value :  1.32904e-08
 Reference value :  1.33504e-08
 Reference value :  1.34104e-08
 Reference value :  1.34680e-08
 Reference value :  1.34680e-08
 Reference value :  1.34682e-08
 Reference value :  1.34693e-08
 Reference value :  1.34725e-08
 Reference value :  1.34794e-08
 Reference value :  1.34891e-08
 Reference value :  1.35021e-08
 Reference value :  1.35105e-08
 Reference value :  1.35230e-08
 Reference value :  1.35347e-08
 Reference value :  1.35451e-08
 Reference value :  1.35551e-08
 Reference value :  1.35649e-08
 Reference value :  1.35727e-08
 Reference value :  1.35840e-08
 Reference value :  1.35915e-08
 Reference value :  1.36029e-08
 Reference value :  1.36144e-08
 Reference value :  1.36180e-08
 Reference value :  1.36183e-08
 Reference value :  1.36207e-08
 Reference value :  1.36225e-08
 Reference value :  1.36289e-08
 Reference value :  1.36364e-08
 Reference value :  1.36454e-08
 Reference value :  1.36509e-08
 Reference value :  1.36593e-08
 Reference value :  1.36680e-08
 Reference value :  1.36681e-08
 Reference value :  1.36689e-08
 Reference value :  1.36714e-08
 Reference value :  1.36741e-08
 Reference value :  1.36805e-08
 Reference value :  1.36881e-08
 Reference value :  1.36979e-08
 Reference value :  1.37175e-08
 Reference value :  1.37312e-08
 Reference value :  1.37375e-08
 Reference value :  1.37384e-08
 Reference value :  1.37394e-08
 Reference value :  1.37562e-08
 Reference value :  1.37693e-08
 Reference value :  1.37986e-08
 Reference value :  1.38540e-08
 Reference value :  1.38724e-08
 Reference value :  1.38731e-08
 Reference value :  1.38741e-08
 Reference value :  1.38819e-08
 Reference value :  1.39288e-08
 Reference value :  1.39688e-08
 Reference value :  1.40288e-08
 Reference value :  1.40888e-08
 Reference value :  1.41688e-08
 Reference value :  1.42288e-08
 Reference value :  1.42888e-08
 Reference value :  1.43688e-08
 Reference value :  1.44108e-08
 Reference value :  1.44118e-08
 Reference value :  1.44123e-08
 Reference value :  1.44162e-08
 Reference value :  1.44475e-08
 Reference value :  1.45075e-08
 Reference value :  1.45675e-08
 Reference value :  1.46275e-08
 Reference value :  1.47075e-08
 Reference value :  1.47875e-08
 Reference value :  1.48148e-08
 Reference value :  1.48150e-08
 Reference value :  1.48163e-08
 Reference value :  1.48197e-08
 Reference value :  1.48266e-08
 Reference value :  1.48327e-08
 Reference value :  1.48354e-08
 Reference value :  1.48451e-08
 Reference value :  1.48532e-08
 Reference value :  1.48649e-08
 Reference value :  1.48716e-08
 Reference value :  1.48819e-08
 Reference value :  1.48922e-08
 Reference value :  1.48955e-08
 Reference value :  1.49022e-08
 Reference value :  1.49120e-08
 Reference value :  1.49199e-08
 Reference value :  1.49275e-08
 Reference value :  1.49349e-08
 Reference value :  1.49424e-08
 Reference value :  1.49500e-08
 Reference value :  1.49578e-08
 Reference value :  1.49648e-08
 Reference value :  1.49649e-08
 Reference value :  1.49654e-08
 Reference value :  1.49690e-08
 Reference value :  1.49754e-08
 Reference value :  1.49802e-08
 Reference value :  1.49858e-08
 Reference value :  1.49954e-08
 Reference value :  1.50052e-08
 Reference value :  1.50148e-08
 Reference value :  1.50148e-08
 Reference value :  1.50153e-08
 Reference value :  1.50188e-08
 Reference value :  1.50319e-08
 Reference value :  1.50485e-08
 Reference value :  1.50706e-08
 Reference value :  1.50874e-08
 Reference value :  1.51196e-08
 Reference value :  1.51671e-08
 Reference value :  1.52025e-08
 Reference value :  1.52192e-08
 Reference value :  1.52201e-08
 Reference value :  1.52243e-08
 Reference value :  1.52756e-08
 Reference value :  1.53156e-08
 Reference value :  1.53756e-08
 Reference value :  1.54556e-08
 Reference value :  1.55356e-08
 Reference value :  1.56156e-08
 Reference value :  1.56956e-08
 Reference value :  1.57576e-08
 Reference value :  1.57586e-08
 Reference value :  1.57596e-08
 Reference value :  1.57764e-08
 Reference value :  1.58543e-08
 Reference value :  1.59343e-08
 Reference value :  1.59943e-08
 Reference value :  1.60543e-08
 Reference value :  1.61343e-08
 Reference value :  1.61616e-08
 Reference value :  1.61618e-08
 Reference value :  1.61635e-08
 Reference value :  1.61698e-08
 Reference value :  1.61749e-08
 Reference value :  1.61854e-08
 Reference value :  1.61986e-08
 Reference value :  1.62068e-08
 Reference value :  1.62153e-08
 Reference value :  1.62235e-08
 Reference value :  1.62307e-08
 Reference value :  1.62414e-08
 Reference value :  1.62513e-08
 Reference value :  1.62615e-08
 Reference value :  1.62733e-08
 Reference value :  1.62844e-08
 Reference value :  1.62958e-08
 Reference value :  1.63035e-08
 Reference value :  1.63116e-08
 Reference value :  1.63116e-08
 Reference value :  1.63117e-08
 Reference value :  1.63124e-08
 Reference value :  1.63167e-08
 Reference value :  1.63208e-08
 Reference value :  1.63254e-08
 Reference value :  1.63338e-08
 Reference value :  1.63398e-08
 Reference value :  1.63452e-08
 Reference value :  1.63507e-08
 Reference value :  1.63571e-08
 Reference value :  1.63616e-08
 Reference value :  1.63617e-08
 Reference value :  1.63644e-08
 Reference value :  1.63701e-08
 Reference value :  1.63769e-08
 Reference value :  1.63906e-08
 Reference value :  1.64093e-08
 Reference value :  1.64265e-08
 Reference value :  1.64474e-08
 Reference value :  1.64875e-08
 Reference value :  1.65419e-08
 Reference value :  1.65660e-08
 Reference value :  1.65667e-08
 Reference value :  1.65688e-08
 Reference value :  1.65845e-08
 Reference value :  1.66424e-08
 Reference value :  1.67024e-08
 Reference value :  1.67624e-08
 Reference value :  1.68224e-08
 Reference value :  1.68824e-08
 Reference value :  1.69424e-08
 Reference value :  1.70024e-08
 Reference value :  1.70624e-08
 Reference value :  1.71044e-08
 Reference value :  1.71050e-08
 Reference value :  1.71056e-08
 Reference value :  1.71075e-08
 Reference value :  1.71232e-08
 Reference value :  1.71811e-08
 Reference value :  1.72411e-08
 Reference value :  1.73211e-08
 Reference value :  1.73811e-08
 Reference value :  1.74411e-08
 Reference value :  1.74948e-08
 Reference value :  1.75084e-08
 Reference value :  1.75086e-08
 Reference value :  1.75099e-08
 Reference value :  1.75153e-08
 Reference value :  1.75232e-08
 Reference value :  1.75290e-08
 Reference value :  1.75348e-08
 Reference value :  1.75428e-08
 Reference value :  1.75468e-08
 Reference value :  1.75585e-08
 Reference value :  1.75652e-08
 Reference value :  1.75755e-08
 Reference value :  1.75824e-08
 Reference value :  1.75858e-08
 Reference value :  1.75891e-08
 Reference value :  1.75958e-08
 Reference value :  1.76056e-08
 Reference value :  1.76173e-08
 Reference value :  1.76285e-08
 Reference value :  1.76398e-08
 Reference value :  1.76514e-08
 Reference value :  1.76584e-08
 Reference value :  1.76584e-08
 Reference value :  1.76587e-08
 Reference value :  1.76609e-08
 Reference value :  1.76647e-08
 Reference value :  1.76712e-08
 Reference value :  1.76794e-08
 Reference value :  1.76890e-08
 Reference value :  1.76988e-08
 Reference value :  1.77084e-08
 Reference value :  1.77085e-08
 Reference value :  1.77104e-08
 Reference value :  1.77207e-08
 Reference value :  1.77360e-08
 Reference value :  1.77561e-08
 Reference value :  1.77810e-08
 Reference value :  1.78132e-08
 Reference value :  1.78431e-08
 Reference value :  1.78797e-08
 Reference value :  1.79125e-08
 Reference value :  1.79135e-08
 Reference value :  1.79145e-08
 Reference value :  1.79313e-08
 Reference value :  1.79692e-08
 Reference value :  1.80092e-08
 Reference value :  1.80692e-08
 Reference value :  1.81492e-08
 Reference value :  1.82292e-08
 Reference value :  1.82892e-08
 Reference value :  1.83692e-08
 Reference value :  1.84292e-08
 Reference value :  1.84515e-08
 Reference value :  1.84522e-08
 Reference value :  1.84532e-08
 Reference value :  1.84700e-08
 Reference value :  1.85279e-08
 Reference value :  1.85879e-08
 Reference value :  1.86679e-08
 Reference value :  1.87279e-08
 Reference value :  1.88079e-08
 Reference value :  1.88552e-08
 Reference value :  1.88554e-08
 Reference value :  1.88571e-08
 Reference value :  1.88634e-08
 Reference value :  1.88714e-08
 Reference value :  1.88790e-08
 Reference value :  1.88878e-08
 Reference value :  1.88963e-08
 Reference value :  1.89045e-08
 Reference value :  1.89130e-08
 Reference value :  1.89208e-08
 Reference value :  1.89277e-08
 Reference value :  1.89350e-08
 Reference value :  1.89418e-08
 Reference value :  1.89514e-08
 Reference value :  1.89591e-08
 Reference value :  1.89669e-08
 Reference value :  1.89743e-08
 Reference value :  1.89856e-08
 Reference value :  1.89971e-08
 Reference value :  1.90030e-08
 Reference value :  1.90052e-08
 Reference value :  1.90054e-08
 Reference value :  1.90067e-08
 Reference value :  1.90103e-08
 Reference value :  1.90166e-08
 Reference value :  1.90216e-08
 Reference value :  1.90274e-08
 Reference value :  1.90334e-08
 Reference value :  1.90360e-08
 Reference value :  1.90414e-08
 Reference value :  1.90474e-08
 Reference value :  1.90530e-08
 Reference value :  1.90552e-08
 Reference value :  1.90556e-08
 Reference value :  1.90566e-08
 Reference value :  1.90609e-08
 Reference value :  1.90705e-08
 Reference value :  1.90788e-08
 Reference value :  1.90897e-08
 Reference value :  1.91112e-08
 Reference value :  1.91410e-08
 Reference value :  1.91811e-08
 Reference value :  1.92474e-08
 Reference value :  1.92599e-08
 Reference value :  1.92605e-08
 Reference value :  1.92624e-08
 Reference value :  1.92960e-08
 Reference value :  1.93560e-08
 Reference value :  1.94360e-08
 Reference value :  1.95160e-08
 Reference value :  1.96160e-08
 Reference value :  1.96760e-08
 Reference value :  1.97560e-08
 Reference value :  1.97981e-08
 Reference value :  1.97990e-08
 Reference value :  1.98011e-08
 Reference value :  1.98347e-08
 Reference value :  1.99147e-08
 Reference value :  1.99747e-08
 Reference value :  2.00547e-08
 Reference value :  2.01147e-08
 Reference value :  2.01884e-08
 Reference value :  2.02020e-08
 Reference value :  2.02022e-08
 Reference value :  2.02035e-08
 Reference value :  2.02089e-08
 Reference value :  2.02168e-08
 Reference value :  2.02226e-08
 Reference value :  2.02284e-08
 Reference value :  2.02364e-08
 Reference value :  2.02447e-08
 Reference value :  2.02521e-08
 Reference value :  2.02588e-08
 Reference value :  2.02691e-08
 Reference value :  2.02760e-08
 Reference value :  2.02827e-08
 Reference value :  2.02926e-08
 Reference value :  2.02992e-08
 Reference value :  2.03109e-08
 Reference value :  2.03221e-08
 Reference value :  2.03296e-08
 Reference value :  2.03411e-08
 Reference value :  2.03487e-08
 Reference value :  2.03520e-08
 Reference value :  2.03523e-08
 Reference value :  2.03545e-08
 Reference value :  2.03562e-08
 Reference value :  2.03603e-08
 Reference value :  2.03649e-08
 Reference value :  2.03700e-08
 Reference value :  2.03794e-08
 Reference value :  2.03890e-08
 Reference value :  2.03990e-08
 Reference value :  2.04021e-08
 Reference value :  2.04030e-08
 Reference value :  2.04100e-08
 Reference value :  2.04239e-08
 Reference value :  2.04425e-08
 Reference value :  2.04746e-08
 Reference value :  2.05214e-08
 Reference value :  2.05897e-08
 Reference value :  2.06071e-08
 Reference value :  2.06081e-08
 Reference value :  2.06249e-08
 Reference value :  2.06828e-08
 Reference value :  2.07428e-08
 Reference value :  2.08228e-08
 Reference value :  2.09028e-08
 Reference value :  2.09628e-08
 Reference value :  2.10628e-08
 Reference value :  2.11448e-08
 Reference value :  2.11459e-08
 Reference value :  2.11480e-08
 Reference value :  2.12016e-08
 Reference value :  2.12795e-08
 Reference value :  2.12801e-08
 Reference value :  2.12807e-08
 Reference value :  2.12826e-08
 Reference value :  2.13162e-08
 Reference value :  2.13762e-08
 Reference value :  2.14362e-08
 Reference value :  2.14962e-08
 Reference value :  2.15488e-08
 Reference value :  2.15494e-08
 Reference value :  2.15529e-08
 Reference value :  2.15625e-08
 Reference value :  2.15776e-08
 Reference value :  2.15945e-08
 Reference value :  2.16112e-08
 Reference value :  2.16218e-08
 Reference value :  2.16291e-08
 Reference value :  2.16359e-08
 Reference value :  2.16456e-08
 Reference value :  2.16611e-08
 Reference value :  2.16759e-08
 Reference value :  2.16875e-08
 Reference value :  2.16969e-08
 Reference value :  2.16988e-08
 Reference value :  2.16992e-08
 Reference value :  2.17019e-08
 Reference value :  2.17080e-08
 Reference value :  2.17152e-08
 Reference value :  2.17242e-08
 Reference value :  2.17296e-08
 Reference value :  2.17380e-08
 Reference value :  2.17466e-08
 Reference value :  2.17488e-08
 Reference value :  2.17502e-08
 Reference value :  2.17545e-08
 Reference value :  2.17608e-08
 Reference value :  2.17724e-08
 Reference value :  2.17833e-08
 Reference value :  2.17965e-08
 Reference value :  2.18238e-08
 Reference value :  2.18599e-08
 Reference value :  2.19091e-08
 Reference value :  2.19691e-08
 Reference value :  2.20091e-08
 Reference value :  2.20691e-08
 Reference value :  2.21491e-08
 Reference value :  2.22091e-08
 Reference value :  2.22691e-08
 Reference value :  2.23491e-08
 Reference value :  2.24291e-08
 Reference value :  2.25091e-08
 Reference value :  2.25891e-08
 Reference value :  2.26491e-08
 Reference value :  2.27091e-08
 Reference value :  2.27891e-08
 Reference value :  2.28491e-08
 Reference value :  2.28956e-08
 Reference value :  2.28961e-08
 Reference value :  2.28983e-08
 Reference value :  2.29049e-08
 Reference value :  2.29134e-08
 Reference value :  2.29191e-08
 Reference value :  2.29307e-08
 Reference value :  2.29469e-08
 Reference value :  2.29570e-08
 Reference value :  2.29674e-08
 Reference value :  2.29782e-08
 Reference value :  2.29879e-08
 Reference value :  2.29987e-08
 Reference value :  2.30100e-08
 Reference value :  2.30212e-08
 Reference value :  2.30326e-08
 Reference value :  2.30430e-08
 Reference value :  2.30456e-08
 Reference value :  2.30461e-08
 Reference value :  2.30492e-08
 Reference value :  2.30553e-08
 Reference value :  2.30654e-08
 Reference value :  2.30751e-08
 Reference value :  2.30848e-08
 Reference value :  2.30920e-08
 Reference value :  2.30957e-08
 Reference value :  2.30982e-08
 Reference value :  2.31094e-08
 Reference value :  2.31314e-08
 Reference value :  2.31621e-08
 Reference value :  2.32049e-08
 Reference value :  2.32735e-08
 Reference value :  2.33535e-08
 Reference value :  2.34535e-08
 Reference value :  2.35735e-08
 Reference value :  2.36935e-08
 Reference value :  2.37935e-08
 Reference value :  2.38935e-08
 Reference value :  2.39735e-08
 Reference value :  2.40335e-08
 Reference value :  2.41135e-08
 Reference value :  2.41735e-08
 Reference value :  2.42279e-08
 Reference value :  2.42424e-08
 Reference value :  2.42427e-08
 Reference value :  2.42445e-08
 Reference value :  2.42484e-08
 Reference value :  2.42560e-08
 Reference value :  2.42667e-08
 Reference value :  2.42755e-08
 Reference value :  2.42840e-08
 Reference value :  2.42965e-08
 Reference value :  2.43083e-08
 Reference value :  2.43190e-08
 Reference value :  2.43294e-08
 Reference value :  2.43427e-08
 Reference value :  2.43582e-08
 Reference value :  2.43694e-08
 Reference value :  2.43809e-08
 Reference value :  2.43905e-08
 Reference value :  2.43924e-08
 Reference value :  2.43926e-08
 Reference value :  2.43940e-08
 Reference value :  2.44016e-08
 Reference value :  2.44115e-08
 Reference value :  2.44206e-08
 Reference value :  2.44286e-08
 Reference value :  2.44402e-08
 Reference value :  2.44425e-08
 Reference value :  2.44452e-08
 Reference value :  2.44577e-08
 Reference value :  2.44769e-08
 Reference value :  2.45073e-08
 Reference value :  2.45535e-08
 Reference value :  2.46227e-08
 Reference value :  2.47027e-08
 Reference value :  2.47827e-08
 Reference value :  2.48827e-08
 Reference value :  2.49627e-08
 Reference value :  2.50827e-08
 Reference value :  2.51827e-08
 Reference value :  2.52827e-08
 Reference value :  2.53827e-08
 Reference value :  2.54627e-08
 Reference value :  2.55427e-08
 Reference value :  2.55892e-08
 Reference value :  2.55897e-08
 Reference value :  2.55940e-08
 Reference value :  2.56009e-08
 Reference value :  2.56070e-08
 Reference value :  2.56157e-08
 Reference value :  2.56243e-08
 Reference value :  2.56367e-08
 Reference value :  2.56473e-08
 Reference value :  2.56610e-08
 Reference value :  2.56718e-08
 Reference value :  2.56815e-08
 Reference value :  2.56923e-08
 Reference value :  2.57036e-08
 Reference value :  2.57185e-08
 Reference value :  2.57302e-08
 Reference value :  2.57392e-08
 Reference value :  2.57393e-08
 Reference value :  2.57401e-08
 Reference value :  2.57428e-08
 Reference value :  2.57489e-08
 Reference value :  2.57563e-08
 Reference value :  2.57687e-08
 Reference value :  2.57819e-08
 Reference value :  2.57893e-08
 Reference value :  2.57918e-08
 Reference value :  2.58030e-08
 Reference value :  2.58250e-08
 Reference value :  2.58557e-08
 Reference value :  2.58985e-08
 Reference value :  2.59671e-08
 Reference value :  2.60471e-08
 Reference value :  2.61471e-08
 Reference value :  2.62471e-08
 Reference value :  2.63671e-08
 Reference value :  2.64271e-08
 Reference value :  2.64871e-08
 Reference value :  2.65871e-08
 Reference value :  2.66871e-08
 Reference value :  2.67871e-08
 Reference value :  2.68871e-08
 Reference value :  2.69360e-08
 Reference value :  2.69360e-08
 Reference value :  2.69360e-08
 Reference value :  2.69360e-08
 Reference value :  2.69360e-08
 Reference value :  2.69360e-08
 Reference value :  2.69360e-08
 Reference value :  2.69360e-08
 Reference value :  2.69360e-08
 Reference value :  2.69360e-08
 Reference value :  2.69360e-08
 Reference value :  2.69360e-08
 Reference value :  2.69361e-08
 Reference value :  2.69363e-08
 Reference value :  2.69369e-08
 Reference value :  2.69385e-08
 Reference value :  2.69405e-08
 Reference value :  2.69441e-08
 Reference value :  2.69485e-08
 Reference value :  2.69511e-08
 Reference value :  2.69526e-08
 Reference value :  2.69535e-08
 Reference value :  2.69542e-08
 Reference value :  2.69582e-08
 Reference value :  2.69627e-08
 Reference value :  2.69651e-08
 Reference value :  2.69665e-08
 Reference value :  2.69714e-08
 Reference value :  2.69782e-08
 Reference value :  2.69864e-08
 Reference value :  2.69932e-08
 Reference value :  2.69995e-08
 Reference value :  2.70027e-08
 Reference value :  2.70049e-08
 Reference value :  2.70058e-08
 Reference value :  2.70097e-08
 Reference value :  2.70149e-08
 Reference value :  2.70218e-08
 Reference value :  2.70274e-08
 Reference value :  2.70340e-08
 Reference value :  2.70411e-08
 Reference value :  2.70487e-08
 Reference value :  2.70638e-08
 Reference value :  2.70773e-08
 Reference value :  2.70860e-08
 Reference value :  2.70865e-08
 Reference value :  2.70898e-08
 Reference value :  2.70983e-08
 Reference value :  2.71023e-08
 Reference value :  2.71079e-08
 Reference value :  2.71132e-08
 Reference value :  2.71186e-08
 Reference value :  2.71270e-08
 Reference value :  2.71360e-08
 Reference value :  2.71362e-08
 Reference value :  2.71399e-08
 Reference value :  2.71458e-08
 Reference value :  2.71568e-08
 Reference value :  2.71725e-08
 Reference value :  2.71969e-08
 Reference value :  2.72441e-08
 Reference value :  2.73021e-08
 Reference value :  2.73621e-08
 Reference value :  2.74421e-08
 Reference value :  2.75221e-08
 Reference value :  2.75821e-08
 Reference value :  2.76621e-08
 Reference value :  2.77421e-08
 Reference value :  2.78021e-08
 Reference value :  2.79021e-08
 Reference value :  2.80021e-08
 Reference value :  2.81021e-08
 Reference value :  2.82021e-08
 Reference value :  2.82828e-08
 Reference value :  2.82829e-08
 Reference value :  2.82842e-08
 Reference value :  2.82872e-08
 Reference value :  2.82940e-08
 Reference value :  2.83028e-08
 Reference value :  2.83093e-08
 Reference value :  2.83156e-08
 Reference value :  2.83188e-08
 Reference value :  2.83258e-08
 Reference value :  2.83294e-08
 Reference value :  2.83328e-08
 Reference value :  2.83361e-08
 Reference value :  2.83462e-08
 Reference value :  2.83581e-08
 Reference value :  2.83696e-08
 Reference value :  2.83817e-08
 Reference value :  2.83905e-08
 Reference value :  2.84040e-08
 Reference value :  2.84131e-08
 Reference value :  2.84212e-08
 Reference value :  2.84286e-08
 Reference value :  2.84328e-08
 Reference value :  2.84330e-08
 Reference value :  2.84336e-08
 Reference value :  2.84378e-08
 Reference value :  2.84419e-08
 Reference value :  2.84490e-08
 Reference value :  2.84511e-08
 Reference value :  2.84549e-08
 Reference value :  2.84613e-08
 Reference value :  2.84728e-08
 Reference value :  2.84799e-08
 Reference value :  2.84829e-08
 Reference value :  2.84836e-08
 Reference value :  2.84893e-08
 Reference value :  2.85034e-08
 Reference value :  2.85294e-08
 Reference value :  2.85632e-08
 Reference value :  2.86172e-08
 Reference value :  2.86946e-08
 Reference value :  2.87746e-08
 Reference value :  2.88946e-08
 Reference value :  2.89946e-08
 Reference value :  2.90946e-08
 Reference value :  2.91946e-08
 Reference value :  2.92946e-08
 Reference value :  2.93946e-08
 Reference value :  2.94746e-08
 Reference value :  2.95746e-08
 Reference value :  2.96296e-08
 Reference value :  2.96302e-08
 Reference value :  2.96338e-08
 Reference value :  2.96405e-08
 Reference value :  2.96540e-08
 Reference value :  2.96703e-08
 Reference value :  2.96825e-08
 Reference value :  2.96939e-08
 Reference value :  2.97047e-08
 Reference value :  2.97112e-08
 Reference value :  2.97173e-08
 Reference value :  2.97310e-08
 Reference value :  2.97430e-08
 Reference value :  2.97545e-08
 Reference value :  2.97660e-08
 Reference value :  2.97767e-08
 Reference value :  2.97796e-08
 Reference value :  2.97799e-08
 Reference value :  2.97817e-08
 Reference value :  2.97853e-08
 Reference value :  2.97917e-08
 Reference value :  2.97986e-08
 Reference value :  2.98029e-08
 Reference value :  2.98080e-08
 Reference value :  2.98161e-08
 Reference value :  2.98254e-08
 Reference value :  2.98297e-08
 Reference value :  2.98303e-08
 Reference value :  2.98353e-08
 Reference value :  2.98490e-08
 Reference value :  2.98702e-08
 Reference value :  2.98989e-08
 Reference value :  2.99492e-08
 Reference value :  3.00488e-08
 Reference value :  3.01688e-08
 Reference value :  3.02688e-08
 Reference value :  3.03688e-08
 Reference value :  3.04488e-08
 Reference value :  3.05488e-08
 Reference value :  3.06488e-08
 Reference value :  3.07288e-08
 Reference value :  3.08288e-08
 Reference value :  3.09088e-08
 Reference value :  3.09764e-08
 Reference value :  3.09765e-08
 Reference value :  3.09780e-08
 Reference value :  3.09836e-08
 Reference value :  3.09915e-08
 Reference value :  3.10006e-08
 Reference value :  3.10097e-08
 Reference value :  3.10201e-08
 Reference value :  3.10270e-08
 Reference value :  3.10369e-08
 Reference value :  3.10481e-08
 Reference value :  3.10560e-08
 Reference value :  3.10674e-08
 Reference value :  3.10802e-08
 Reference value :  3.10934e-08
 Reference value :  3.11071e-08
 Reference value :  3.11152e-08
 Reference value :  3.11245e-08
 Reference value :  3.11264e-08
 Reference value :  3.11268e-08
 Reference value :  3.11295e-08
 Reference value :  3.11355e-08
 Reference value :  3.11427e-08
 Reference value :  3.11466e-08
 Reference value :  3.11515e-08
 Reference value :  3.11585e-08
 Reference value :  3.11735e-08
 Reference value :  3.11765e-08
 Reference value :  3.11772e-08
 Reference value :  3.11829e-08
 Reference value :  3.11919e-08
 Reference value :  3.12083e-08
 Reference value :  3.12306e-08
 Reference value :  3.12567e-08
 Reference value :  3.12936e-08
 Reference value :  3.13481e-08
 Reference value :  3.14081e-08
 Reference value :  3.14681e-08
 Reference value :  3.15281e-08
 Reference value :  3.16081e-08
 Reference value :  3.16881e-08
 Reference value :  3.17481e-08
 Reference value :  3.18281e-08
 Reference value :  3.19081e-08
 Reference value :  3.19881e-08
 Reference value :  3.20481e-08
 Reference value :  3.21081e-08
 Reference value :  3.21681e-08
 Reference value :  3.22281e-08
 Reference value :  3.22881e-08
 Reference value :  3.23233e-08
 Reference value :  3.23238e-08
 Reference value :  3.23256e-08
 Reference value :  3.23316e-08
 Reference value :  3.23400e-08
 Reference value :  3.23514e-08
 Reference value :  3.23677e-08
 Reference value :  3.23797e-08
 Reference value :  3.23909e-08
 Reference value :  3.24014e-08
 Reference value :  3.24076e-08
 Reference value :  3.24170e-08
 Reference value :  3.24286e-08
 Reference value :  3.24362e-08
 Reference value :  3.24477e-08
 Reference value :  3.24593e-08
 Reference value :  3.24701e-08
 Reference value :  3.24732e-08
 Reference value :  3.24738e-08
 Reference value :  3.24772e-08
 Reference value :  3.24833e-08
 Reference value :  3.24877e-08
 Reference value :  3.24946e-08
 Reference value :  3.24994e-08
 Reference value :  3.25045e-08
 Reference value :  3.25160e-08
 Reference value :  3.25232e-08
 Reference value :  3.25233e-08
 Reference value :  3.25246e-08
 Reference value :  3.25318e-08
 Reference value :  3.25426e-08
 Reference value :  3.25577e-08
 Reference value :  3.25809e-08
 Reference value :  3.26239e-08
 Reference value :  3.27224e-08
 Reference value :  3.28424e-08
 Reference value :  3.29624e-08
 Reference value :  3.30424e-08
 Reference value :  3.31224e-08
 Reference value :  3.32024e-08
 Reference value :  3.32624e-08
 Reference value :  3.33424e-08
 Reference value :  3.34024e-08
 Reference value :  3.34824e-08
 Reference value :  3.35424e-08
 Reference value :  3.36562e-08
 Reference value :  3.36701e-08
 Reference value :  3.36716e-08
 Reference value :  3.36772e-08
 Reference value :  3.36851e-08
 Reference value :  3.36911e-08
 Reference value :  3.37000e-08
 Reference value :  3.37100e-08
 Reference value :  3.37136e-08
 Reference value :  3.37205e-08
 Reference value :  3.37272e-08
 Reference value :  3.37376e-08
 Reference value :  3.37455e-08
 Reference value :  3.37533e-08
 Reference value :  3.37610e-08
 Reference value :  3.37780e-08
 Reference value :  3.37916e-08
 Reference value :  3.38051e-08
 Reference value :  3.38122e-08
 Reference value :  3.38200e-08
 Reference value :  3.38201e-08
 Reference value :  3.38204e-08
 Reference value :  3.38216e-08
 Reference value :  3.38250e-08
 Reference value :  3.38291e-08
 Reference value :  3.38363e-08
 Reference value :  3.38383e-08
 Reference value :  3.38402e-08
 Reference value :  3.38451e-08
 Reference value :  3.38560e-08
 Reference value :  3.38642e-08
 Reference value :  3.38701e-08
 Reference value :  3.38704e-08
 Reference value :  3.38732e-08
 Reference value :  3.38855e-08
 Reference value :  3.38957e-08
 Reference value :  3.39085e-08
 Reference value :  3.39242e-08
 Reference value :  3.39408e-08
 Reference value :  3.39727e-08
 Reference value :  3.40223e-08
 Reference value :  3.40817e-08
 Reference value :  3.41417e-08
 Reference value :  3.42417e-08
 Reference value :  3.43617e-08
 Reference value :  3.44417e-08
 Reference value :  3.45217e-08
 Reference value :  3.45817e-08
 Reference value :  3.46417e-08
 Reference value :  3.47217e-08
 Reference value :  3.47817e-08
 Reference value :  3.48617e-08
 Reference value :  3.49217e-08
 Reference value :  3.49817e-08
 Reference value :  3.50169e-08
 Reference value :  3.50174e-08
 Reference value :  3.50210e-08
 Reference value :  3.50252e-08
 Reference value :  3.50336e-08
 Reference value :  3.50455e-08
 Reference value :  3.50575e-08
 Reference value :  3.50697e-08
 Reference value :  3.50811e-08
 Reference value :  3.50919e-08
 Reference value :  3.50985e-08
 Reference value :  3.51048e-08
 Reference value :  3.51146e-08
 Reference value :  3.51268e-08
 Reference value :  3.51381e-08
 Reference value :  3.51497e-08
 Reference value :  3.51574e-08
 Reference value :  3.51640e-08
 Reference value :  3.51669e-08
 Reference value :  3.51671e-08
 Reference value :  3.51688e-08
 Reference value :  3.51724e-08
 Reference value :  3.51788e-08
 Reference value :  3.51857e-08
 Reference value :  3.51898e-08
 Reference value :  3.51924e-08
 Reference value :  3.51950e-08
 Reference value :  3.52004e-08
 Reference value :  3.52090e-08
 Reference value :  3.52168e-08
 Reference value :  3.52169e-08
 Reference value :  3.52182e-08
 Reference value :  3.52254e-08
 Reference value :  3.52362e-08
 Reference value :  3.52513e-08
 Reference value :  3.52745e-08
 Reference value :  3.53175e-08
 Reference value :  3.53960e-08
 Reference value :  3.54560e-08
 Reference value :  3.55160e-08
 Reference value :  3.55960e-08
 Reference value :  3.56760e-08
 Reference value :  3.57360e-08
 Reference value :  3.58160e-08
 Reference value :  3.58960e-08
 Reference value :  3.59760e-08
 Reference value :  3.60360e-08
 Reference value :  3.61160e-08
 Reference value :  3.61960e-08
 Reference value :  3.62760e-08
 Reference value :  3.63636e-08
 Reference value :  3.63638e-08
 Reference value :  3.63652e-08
 Reference value :  3.63708e-08
 Reference value :  3.63787e-08
 Reference value :  3.63847e-08
 Reference value :  3.63936e-08
 Reference value :  3.64074e-08
 Reference value :  3.64143e-08
 Reference value :  3.64210e-08
 Reference value :  3.64354e-08
 Reference value :  3.64433e-08
 Reference value :  3.64547e-08
 Reference value :  3.64718e-08
 Reference value :  3.64853e-08
 Reference value :  3.64988e-08
 Reference value :  3.65060e-08
 Reference value :  3.65136e-08
 Reference value :  3.65136e-08
 Reference value :  3.65138e-08
 Reference value :  3.65152e-08
 Reference value :  3.65206e-08
 Reference value :  3.65299e-08
 Reference value :  3.65338e-08
 Reference value :  3.65387e-08
 Reference value :  3.65496e-08
 Reference value :  3.65607e-08
 Reference value :  3.65637e-08
 Reference value :  3.65644e-08
 Reference value :  3.65701e-08
 Reference value :  3.65893e-08
 Reference value :  3.66102e-08
 Reference value :  3.66261e-08
 Reference value :  3.66439e-08
 Reference value :  3.66662e-08
 Reference value :  3.66979e-08
 Reference value :  3.67353e-08
 Reference value :  3.67953e-08
 Reference value :  3.68353e-08
 Reference value :  3.68953e-08
 Reference value :  3.69753e-08
 Reference value :  3.70753e-08
 Reference value :  3.71353e-08
 Reference value :  3.72153e-08
 Reference value :  3.72753e-08
 Reference value :  3.73353e-08
 Reference value :  3.73953e-08
 Reference value :  3.74553e-08
 Reference value :  3.75153e-08
 Reference value :  3.76153e-08
 Reference value :  3.76928e-08
 Reference value :  3.77105e-08
 Reference value :  3.77114e-08
 Reference value :  3.77165e-08
 Reference value :  3.77249e-08
 Reference value :  3.77336e-08
 Reference value :  3.77449e-08
 Reference value :  3.77570e-08
 Reference value :  3.77635e-08
 Reference value :  3.77735e-08
 Reference value :  3.77841e-08
 Reference value :  3.77953e-08
 Reference value :  3.78049e-08
 Reference value :  3.78167e-08
 Reference value :  3.78288e-08
 Reference value :  3.78402e-08
 Reference value :  3.78475e-08
 Reference value :  3.78542e-08
 Reference value :  3.78605e-08
 Reference value :  3.78610e-08
 Reference value :  3.78646e-08
 Reference value :  3.78709e-08
 Reference value :  3.78784e-08
 Reference value :  3.78875e-08
 Reference value :  3.78929e-08
 Reference value :  3.79013e-08
 Reference value :  3.79075e-08
 Reference value :  3.79105e-08
 Reference value :  3.79109e-08
 Reference value :  3.79143e-08
 Reference value :  3.79202e-08
 Reference value :  3.79313e-08
 Reference value :  3.79471e-08
 Reference value :  3.79594e-08
 Reference value :  3.79846e-08
 Reference value :  3.80177e-08
 Reference value :  3.80677e-08
 Reference value :  3.81269e-08
 Reference value :  3.81869e-08
 Reference value :  3.82669e-08
 Reference value :  3.83669e-08
 Reference value :  3.84669e-08
 Reference value :  3.85669e-08
 Reference value :  3.86669e-08
 Reference value :  3.87669e-08
 Reference value :  3.88869e-08
 Reference value :  3.89869e-08
 Reference value :  3.90573e-08
 Reference value :  3.90575e-08
 Reference value :  3.90589e-08
 Reference value :  3.90624e-08
 Reference value :  3.90695e-08
 Reference value :  3.90788e-08
 Reference value :  3.90886e-08
 Reference value :  3.90926e-08
 Reference value :  3.90966e-08
 Reference value :  3.91086e-08
 Reference value :  3.91186e-08
 Reference value :  3.91328e-08
 Reference value :  3.91464e-08
 Reference value :  3.91605e-08
 Reference value :  3.91758e-08
 Reference value :  3.91909e-08
 Reference value :  3.92048e-08
 Reference value :  3.92073e-08
 Reference value :  3.92076e-08
 Reference value :  3.92104e-08
 Reference value :  3.92164e-08
 Reference value :  3.92211e-08
 Reference value :  3.92264e-08
 Reference value :  3.92359e-08
 Reference value :  3.92456e-08
 Reference value :  3.92550e-08
 Reference value :  3.92573e-08
 Reference value :  3.92588e-08
 Reference value :  3.92725e-08
 Reference value :  3.92889e-08
 Reference value :  3.93100e-08
 Reference value :  3.93359e-08
 Reference value :  3.93716e-08
 Reference value :  3.94218e-08
 Reference value :  3.94818e-08
 Reference value :  3.95418e-08
 Reference value :  3.96218e-08
 Reference value :  3.96818e-08
 Reference value :  3.97618e-08
 Reference value :  3.98618e-08
 Reference value :  3.99618e-08
 Reference value :  4.00618e-08
 Reference value :  4.01618e-08
 Reference value :  4.02618e-08
 Reference value :  4.03818e-08
 Reference value :  4.04041e-08
 Reference value :  4.04042e-08
 Reference value :  4.04057e-08
 Reference value :  4.04115e-08
 Reference value :  4.04194e-08
 Reference value :  4.04353e-08
 Reference value :  4.04520e-08
 Reference value :  4.04685e-08
 Reference value :  4.04824e-08
 Reference value :  4.04888e-08
 Reference value :  4.05018e-08
 Reference value :  4.05094e-08
 Reference value :  4.05245e-08
 Reference value :  4.05397e-08
 Reference value :  4.05540e-08
 Reference value :  4.05542e-08
 Reference value :  4.05564e-08
 Reference value :  4.05602e-08
 Reference value :  4.05667e-08
 Reference value :  4.05747e-08
 Reference value :  4.05808e-08
 Reference value :  4.05834e-08
 Reference value :  4.05918e-08
 Reference value :  4.05979e-08
 Reference value :  4.06040e-08
 Reference value :  4.06041e-08
 Reference value :  4.06061e-08
 Reference value :  4.06144e-08
 Reference value :  4.06305e-08
 Reference value :  4.06482e-08
 Reference value :  4.06752e-08
 Reference value :  4.07095e-08
 Reference value :  4.07762e-08
 Reference value :  4.08362e-08
 Reference value :  4.08962e-08
 Reference value :  4.09762e-08
 Reference value :  4.10562e-08
 Reference value :  4.11362e-08
 Reference value :  4.11962e-08
 Reference value :  4.12562e-08
 Reference value :  4.13362e-08
 Reference value :  4.13962e-08
 Reference value :  4.14762e-08
 Reference value :  4.15362e-08
 Reference value :  4.15962e-08
 Reference value :  4.16562e-08
 Reference value :  4.17509e-08
 Reference value :  4.17519e-08
 Reference value :  4.17587e-08
 Reference value :  4.17700e-08
 Reference value :  4.17798e-08
 Reference value :  4.17876e-08
 Reference value :  4.17997e-08
 Reference value :  4.18134e-08
 Reference value :  4.18276e-08
 Reference value :  4.18411e-08
 Reference value :  4.18514e-08
 Reference value :  4.18631e-08
 Reference value :  4.18742e-08
 Reference value :  4.18857e-08
 Reference value :  4.18971e-08
 Reference value :  4.19009e-08
 Reference value :  4.19015e-08
 Reference value :  4.19054e-08
 Reference value :  4.19141e-08
 Reference value :  4.19223e-08
 Reference value :  4.19287e-08
 Reference value :  4.19384e-08
 Reference value :  4.19508e-08
 Reference value :  4.19510e-08
 Reference value :  4.19543e-08
 Reference value :  4.19667e-08
 Reference value :  4.19832e-08
 Reference value :  4.20046e-08
 Reference value :  4.20305e-08
 Reference value :  4.20668e-08
 Reference value :  4.20989e-08
 Reference value :  4.21375e-08
 Reference value :  4.21775e-08
 Reference value :  4.22375e-08
 Reference value :  4.22975e-08
 Reference value :  4.23575e-08
 Reference value :  4.24575e-08
 Reference value :  4.25375e-08
 Reference value :  4.26175e-08
 Reference value :  4.27175e-08
 Reference value :  4.27975e-08
 Reference value :  4.28775e-08
 Reference value :  4.29775e-08
 Reference value :  4.30575e-08
 Reference value :  4.30976e-08
 Reference value :  4.30977e-08
 Reference value :  4.30984e-08
 Reference value :  4.31027e-08
 Reference value :  4.31127e-08
 Reference value :  4.31284e-08
 Reference value :  4.31452e-08
 Reference value :  4.31578e-08
 Reference value :  4.31687e-08
 Reference value :  4.31756e-08
 Reference value :  4.31820e-08
 Reference value :  4.31916e-08
 Reference value :  4.32029e-08
 Reference value :  4.32142e-08
 Reference value :  4.32255e-08
 Reference value :  4.32370e-08
 Reference value :  4.32476e-08
 Reference value :  4.32478e-08
 Reference value :  4.32501e-08
 Reference value :  4.32559e-08
 Reference value :  4.32656e-08
 Reference value :  4.32745e-08
 Reference value :  4.32826e-08
 Reference value :  4.32946e-08
 Reference value :  4.32977e-08
 Reference value :  4.33017e-08
 Reference value :  4.33110e-08
 Reference value :  4.33189e-08
 Reference value :  4.33347e-08
 Reference value :  4.33475e-08
 Reference value :  4.33753e-08
 Reference value :  4.33990e-08
 Reference value :  4.34277e-08
 Reference value :  4.34832e-08
 Reference value :  4.35232e-08
 Reference value :  4.35832e-08
 Reference value :  4.36832e-08
 Reference value :  4.37832e-08
 Reference value :  4.38832e-08
 Reference value :  4.39432e-08
 Reference value :  4.40232e-08
 Reference value :  4.40832e-08
 Reference value :  4.41432e-08
 Reference value :  4.42232e-08
 Reference value :  4.43232e-08
 Reference value :  4.43832e-08
 Reference value :  4.44444e-08
 Reference value :  4.44445e-08
 Reference value :  4.44458e-08
 Reference value :  4.44537e-08
 Reference value :  4.44649e-08
 Reference value :  4.44752e-08
 Reference value :  4.44881e-08
 Reference value :  4.44993e-08
 Reference value :  4.45094e-08
 Reference value :  4.45164e-08
 Reference value :  4.45272e-08
 Reference value :  4.45368e-08
 Reference value :  4.45437e-08
 Reference value :  4.45518e-08
 Reference value :  4.45593e-08
 Reference value :  4.45704e-08
 Reference value :  4.45780e-08
 Reference value :  4.45858e-08
 Reference value :  4.45944e-08
 Reference value :  4.45945e-08
 Reference value :  4.45952e-08
 Reference value :  4.45996e-08
 Reference value :  4.46060e-08
 Reference value :  4.46137e-08
 Reference value :  4.46264e-08
 Reference value :  4.46401e-08
 Reference value :  4.46445e-08
 Reference value :  4.46460e-08
 Reference value :  4.46597e-08
 Reference value :  4.46824e-08
 Reference value :  4.47138e-08
 Reference value :  4.47448e-08
 Reference value :  4.47906e-08
 Reference value :  4.48490e-08
 Reference value :  4.49090e-08
 Reference value :  4.49890e-08
 Reference value :  4.50890e-08
 Reference value :  4.51890e-08
 Reference value :  4.53090e-08
 Reference value :  4.53890e-08
 Reference value :  4.54690e-08
 Reference value :  4.55690e-08
 Reference value :  4.56690e-08
 Reference value :  4.57690e-08
 Reference value :  4.57913e-08
 Reference value :  4.57920e-08
 Reference value :  4.57987e-08
 Reference value :  4.58100e-08
 Reference value :  4.58225e-08
 Reference value :  4.58352e-08
 Reference value :  4.58436e-08
 Reference value :  4.58519e-08
 Reference value :  4.58593e-08
 Reference value :  4.58662e-08
 Reference value :  4.58696e-08
 Reference value :  4.58760e-08
 Reference value :  4.58823e-08
 Reference value :  4.58929e-08
 Reference value :  4.59007e-08
 Reference value :  4.59117e-08
 Reference value :  4.59231e-08
 Reference value :  4.59346e-08
 Reference value :  4.59413e-08
 Reference value :  4.59415e-08
 Reference value :  4.59436e-08
 Reference value :  4.59474e-08
 Reference value :  4.59539e-08
 Reference value :  4.59651e-08
 Reference value :  4.59706e-08
 Reference value :  4.59819e-08
 Reference value :  4.59912e-08
 Reference value :  4.59915e-08
 Reference value :  4.59954e-08
 Reference value :  4.60087e-08
 Reference value :  4.60238e-08
 Reference value :  4.60440e-08
 Reference value :  4.60723e-08
 Reference value :  4.61266e-08
 Reference value :  4.61834e-08
 Reference value :  4.62634e-08
 Reference value :  4.63234e-08
 Reference value :  4.64234e-08
 Reference value :  4.65034e-08
 Reference value :  4.65834e-08
 Reference value :  4.66434e-08
 Reference value :  4.67234e-08
 Reference value :  4.68034e-08
 Reference value :  4.68834e-08
 Reference value :  4.69434e-08
 Reference value :  4.70634e-08
 Reference value :  4.71381e-08
 Reference value :  4.71386e-08
 Reference value :  4.71417e-08
 Reference value :  4.71483e-08
 Reference value :  4.71572e-08
 Reference value :  4.71670e-08
 Reference value :  4.71748e-08
 Reference value :  4.71869e-08
 Reference value :  4.72006e-08
 Reference value :  4.72148e-08
 Reference value :  4.72283e-08
 Reference value :  4.72386e-08
 Reference value :  4.72503e-08
 Reference value :  4.72652e-08
 Reference value :  4.72768e-08
 Reference value :  4.72843e-08
 Reference value :  4.72881e-08
 Reference value :  4.72887e-08
 Reference value :  4.72926e-08
 Reference value :  4.73013e-08
 Reference value :  4.73127e-08
 Reference value :  4.73191e-08
 Reference value :  4.73290e-08
 Reference value :  4.73380e-08
 Reference value :  4.73382e-08
 Reference value :  4.73415e-08
 Reference value :  4.73589e-08
 Reference value :  4.73768e-08
 Reference value :  4.74000e-08
 Reference value :  4.74279e-08
 Reference value :  4.74690e-08
 Reference value :  4.75247e-08
 Reference value :  4.76047e-08
 Reference value :  4.76847e-08
 Reference value :  4.78047e-08
 Reference value :  4.79047e-08
 Reference value :  4.80247e-08
 Reference value :  4.81447e-08
 Reference value :  4.82447e-08
 Reference value :  4.83447e-08
 Reference value :  4.84247e-08
 Reference value :  4.84849e-08
 Reference value :  4.84850e-08
 Reference value :  4.84863e-08
 Reference value :  4.84899e-08
 Reference value :  4.84944e-08
 Reference value :  4.85032e-08
 Reference value :  4.85156e-08
 Reference value :  4.85283e-08
 Reference value :  4.85409e-08
 Reference value :  4.85489e-08
 Reference value :  4.85559e-08
 Reference value :  4.85628e-08
 Reference value :  4.85692e-08
 Reference value :  4.85788e-08
 Reference value :  4.85860e-08
 Reference value :  4.85940e-08
 Reference value :  4.86089e-08
 Reference value :  4.86203e-08
 Reference value :  4.86314e-08
 Reference value :  4.86349e-08
 Reference value :  4.86351e-08
 Reference value :  4.86373e-08
 Reference value :  4.86411e-08
 Reference value :  4.86476e-08
 Reference value :  4.86557e-08
 Reference value :  4.86617e-08
 Reference value :  4.86672e-08
 Reference value :  4.86756e-08
 Reference value :  4.86818e-08
 Reference value :  4.86849e-08
 Reference value :  4.86889e-08
 Reference value :  4.86949e-08
 Reference value :  4.87061e-08
 Reference value :  4.87219e-08
 Reference value :  4.87429e-08
 Reference value :  4.87862e-08
 Reference value :  4.88319e-08
 Reference value :  4.89104e-08
 Reference value :  4.89704e-08
 Reference value :  4.90304e-08
 Reference value :  4.91104e-08
 Reference value :  4.91904e-08
 Reference value :  4.93104e-08
 Reference value :  4.94104e-08
 Reference value :  4.95304e-08
 Reference value :  4.96304e-08
 Reference value :  4.97304e-08
 Reference value :  4.98104e-08
 Reference value :  4.98317e-08
 Reference value :  4.98320e-08
 Reference value :  4.98343e-08
 Reference value :  4.98409e-08
 Reference value :  4.98521e-08
 Reference value :  4.98624e-08
 Reference value :  4.98793e-08
 Reference value :  4.98931e-08
 Reference value :  4.99072e-08
 Reference value :  4.99177e-08
 Reference value :  4.99273e-08
 Reference value :  4.99390e-08
 Reference value :  4.99501e-08
 Reference value :  4.99652e-08
 Reference value :  4.99792e-08
 Reference value :  4.99817e-08
 Reference value :  4.99818e-08
 Reference value :  4.99824e-08
 Reference value :  4.99868e-08
 Reference value :  4.99932e-08
 Reference value :  5.00009e-08
 Reference value :  5.00104e-08
 Reference value :  5.00202e-08
 Reference value :  5.00273e-08
 Reference value :  5.00316e-08
 Reference value :  5.00317e-08
 Reference value :  5.00324e-08
 Reference value :  5.00379e-08
 Reference value :  5.00520e-08
 Reference value :  5.00633e-08
 Reference value :  5.00769e-08
 Reference value :  5.01010e-08
 Reference value :  5.01460e-08
 Reference value :  5.01962e-08
 Reference value :  5.02362e-08
 Reference value :  5.02962e-08
 Reference value :  5.03562e-08
 Reference value :  5.04162e-08
 Reference value :  5.04762e-08
 Reference value :  5.05362e-08
 Reference value :  5.06162e-08
 Reference value :  5.07162e-08
 Reference value :  5.08162e-08
 Reference value :  5.09162e-08
 Reference value :  5.09962e-08
 Reference value :  5.10962e-08
 Reference value :  5.11785e-08
 Reference value :  5.11786e-08
 Reference value :  5.11817e-08
 Reference value :  5.11859e-08
 Reference value :  5.11909e-08
 Reference value :  5.12011e-08
 Reference value :  5.12097e-08
 Reference value :  5.12264e-08
 Reference value :  5.12429e-08
 Reference value :  5.12535e-08
 Reference value :  5.12601e-08
 Reference value :  5.12695e-08
 Reference value :  5.12839e-08
 Reference value :  5.12989e-08
 Reference value :  5.13103e-08
 Reference value :  5.13251e-08
 Reference value :  5.13285e-08
 Reference value :  5.13287e-08
 Reference value :  5.13308e-08
 Reference value :  5.13346e-08
 Reference value :  5.13411e-08
 Reference value :  5.13491e-08
 Reference value :  5.13578e-08
 Reference value :  5.13662e-08
 Reference value :  5.13754e-08
 Reference value :  5.13785e-08
 Reference value :  5.13805e-08
 Reference value :  5.13888e-08
 Reference value :  5.14003e-08
 Reference value :  5.14169e-08
 Reference value :  5.14392e-08
 Reference value :  5.14718e-08
 Reference value :  5.15138e-08
 Reference value :  5.15706e-08
 Reference value :  5.16506e-08
 Reference value :  5.17306e-08
 Reference value :  5.18306e-08
 Reference value :  5.19306e-08
 Reference value :  5.19906e-08
 Reference value :  5.20706e-08
 Reference value :  5.21306e-08
 Reference value :  5.22106e-08
 Reference value :  5.22906e-08
 Reference value :  5.35919e-08
 Reference value :  5.39608e-08
 Reference value :  5.52693e-08
 Reference value :  5.60905e-08
 Reference value :  5.70849e-08
 Reference value :  5.81509e-08
 Reference value :  5.94649e-08
 Reference value :  6.08077e-08
No. of Data Rows : 7098
m_ui_ref            =  1.34680e-09 targ=  1.35430e-08 trig=  1.21962e-08
m_spa_in            =  5.38721e-09 targ=  1.75834e-08 trig=  1.21962e-08
m_spb_in            =  4.04040e-09 targ=  1.62366e-08 trig=  1.21962e-08
m_spa_m             =  5.38723e-09 targ=  1.76431e-08 trig=  1.22558e-08
m_spb_m             =  4.04043e-09 targ=  1.62963e-08 trig=  1.22558e-08
m_trise_m           =  6.83357e-11 targ=  1.63322e-08 trig=  1.62638e-08
m_tfall_m           =  6.83130e-11 targ=  1.49853e-08 trig=  1.49170e-08
m_trise_n           =  5.58481e-11 targ=  1.63132e-08 trig=  1.62574e-08
m_dj_ui_m = 2.0790005353e-05
m_vih_m = 3.0643004293e+00
m_vil_m = 1.9348871752e+00
m_vswing_m = 1.1294132541e+00
m_vih_m_frac = 8.4415989788e-01
m_vil_m_frac = 5.3302677003e-01
m_vcm_m_frac = 6.8859376346e-01
m_vswing_s = 1.1465996403e+00
m_vglitch_m = 5.6895826666e-01
m_vswing_n = 1.1344147670e+00
m_vswing_dc = 1.1197079850e+00
m_vcm_dc_frac = 6.9144391107e-01
m_icell_dc = 1.1349965962e-02
m_vgs_mu_max = 1.7144609113e+00
m_vds_mu_max = 1.2062229260e+00
m_vds_mt_max = 8.0523097206e-01
Note: Simulation executed from .control section 

