
Note: Compatibility modes selected: hs a


Circuit: * tmds-final-mux-eye @ fs_-40c_2.97v_742p5mbps -- generated by sim/harness, do not edit

Doing analysis at TEMP = -40.000000 and TNOM = 27.000000

Using SPARSE 1.3 as Direct Linear Solver

Initial Transient Solution
--------------------------

Node                                   Voltage
----                                   -------
vdd                                       2.97
avcc                                       3.3
clkp                                     1.782
clkn                                     0.891
d0p                                     2.5245
d0n                                     1.6335
d1p                                     2.5245
d1n                                     1.6335
d0ps                                    1.6335
d0ns                                    2.5245
d1ps                                    1.6335
d1ns                                    2.5245
ckref                                    0.891
win                                          0
winr                                         0
winc                                         0
xmux_m.top                             2.52129
xmux_m.xrc.11                            2.549
xmux_m.xrc.21                          2.94228
outp_m                                 1.59024
xmux_m.xrlp.11                         1.61796
xmux_m.xrlp.21                         2.49357
outn_m                                 2.52129
xmux_m.xrln.11                         2.52129
xmux_m.xrln.21                         2.52129
xmux_m.ibias                           1.01169
xmux_m.xrref.11                        1.02622
xmux_m.xrref.21                        2.95547
xmux_m.sa                              1.18867
xmux_m.sb                              1.59024
xmux_m.tail                           0.654772
dop_m                                      3.3
xdrv_m.tail                             1.2113
don_m                                  2.79582
ib_m                                   1.04165
vd_m                                  0.931045
vdn_m                                  1.04494
vdg_m                                        0
xmux_s.top                             2.52129
xmux_s.xrc.11                            2.549
xmux_s.xrc.21                          2.94228
outp_s                                 2.52129
xmux_s.xrlp.11                         2.52129
xmux_s.xrlp.21                         2.52129
outn_s                                 1.59024
xmux_s.xrln.11                         1.61796
xmux_s.xrln.21                         2.49357
xmux_s.ibias                           1.01169
xmux_s.xrref.11                        1.02622
xmux_s.xrref.21                        2.95547
xmux_s.sa                              1.18867
xmux_s.sb                              1.59024
xmux_s.tail                           0.654772
dop_s                                  2.79582
xdrv_s.tail                             1.2113
don_s                                      3.3
ib_s                                   1.04165
vd_s                                 -0.931045
vdn_s                                 -1.04494
vdg_s                                        0
xmux_n.top                             2.52129
xmux_n.xrc.11                            2.549
xmux_n.xrc.21                          2.94228
outp_n                                 1.59024
xmux_n.xrlp.11                         1.61796
xmux_n.xrlp.21                         2.49357
outn_n                                 2.52129
xmux_n.xrln.11                         2.52129
xmux_n.xrln.21                         2.52129
xmux_n.ibias                           1.01169
xmux_n.xrref.11                        1.02622
xmux_n.xrref.21                        2.95547
xmux_n.sa                              1.18867
xmux_n.sb                              1.59024
xmux_n.tail                           0.654772
vd_n                                  0.931045
vdn_n                                  1.04494
vdg_n                                        0
d0pz                                    2.5245
d0nz                                    1.6335
clkpz                                    1.782
clknz                                    0.891
vdd_z                                     2.97
xmux_z.top                             2.52129
xmux_z.xrc.11                            2.549
xmux_z.xrc.21                          2.94228
outp_z                                 1.59024
xmux_z.xrlp.11                         1.61796
xmux_z.xrlp.21                         2.49357
outn_z                                 2.52129
xmux_z.xrln.11                         2.52129
xmux_z.xrln.21                         2.52129
xmux_z.ibias                           1.01169
xmux_z.xrref.11                        1.02622
xmux_z.xrref.21                        2.95547
xmux_z.sa                              1.18867
xmux_z.sb                              2.06944
xmux_z.tail                           0.654772
dop_z                                      3.3
xdrv_z.tail                             1.2113
don_z                                  2.79582
ib_z                                   1.04165
bvdg_n#branch                                0
bvdg_s#branch                                0
bvdg_m#branch                                0
envd_n#branch                                0
emux_n#branch                                0
envd_s#branch                                0
emux_s#branch                                0
envd_m#branch                                0
emux_m#branch                                0
eckref#branch                                0
vsens_z#branch                      -0.0088145
vclknz#branch                                0
vclkpz#branch                                0
vd0nz#branch                                 0
vd0pz#branch                                 0
vwinc#branch                                 0
vwinr#branch                                 0
vwin#branch                                  0
vd1ns#branch                                 0
vd1ps#branch                                 0
vd0ns#branch                                 0
vd0ps#branch                                 0
vd1n#branch                                  0
vd1p#branch                                  0
vd0n#branch                                  0
vd0p#branch                                  0
vclkn#branch                                 0
vclkp#branch                                 0
vavcc#branch                        -0.0302505
vvdd#branch                         -0.0264435

 Reference value :  0.00000e+00
 Reference value :  2.84375e-09
 Reference value :  5.46714e-09
 Reference value :  8.08137e-09
 Reference value :  9.94779e-09
 Reference value :  1.23186e-08
 Reference value :  1.49046e-08
 Reference value :  1.71054e-08
 Reference value :  1.90339e-08
 Reference value :  2.15744e-08
 Reference value :  2.38656e-08
 Reference value :  2.60592e-08
 Reference value :  2.83342e-08
 Reference value :  3.05677e-08
 Reference value :  3.25234e-08
 Reference value :  3.51669e-08
 Reference value :  3.77784e-08
 Reference value :  4.02783e-08
 Reference value :  4.21024e-08
 Reference value :  4.46444e-08
 Reference value :  4.73040e-08
 Reference value :  4.99595e-08
 Reference value :  5.26196e-08
 Reference value :  5.42440e-08
 Reference value :  5.67337e-08
 Reference value :  5.93655e-08
No. of Data Rows : 7524
m_ui_ref            =  1.34680e-09 targ=  1.35430e-08 trig=  1.21962e-08
m_spa_in            =  5.38721e-09 targ=  1.75834e-08 trig=  1.21962e-08
m_spb_in            =  4.04040e-09 targ=  1.62366e-08 trig=  1.21962e-08
m_spa_m             =  5.38724e-09 targ=  1.76329e-08 trig=  1.22456e-08
m_spb_m             =  4.04044e-09 targ=  1.62860e-08 trig=  1.22456e-08
m_trise_m           =  5.88000e-11 targ=  1.63163e-08 trig=  1.62575e-08
m_tfall_m           =  5.88065e-11 targ=  1.49695e-08 trig=  1.49106e-08
m_trise_n           =  4.60279e-11 targ=  1.62985e-08 trig=  1.62525e-08
m_dj_ui_m = 2.5245006501e-05
m_vih_m = 2.5171872040e+00
m_vil_m = 1.5636885392e+00
m_vswing_m = 9.5349866479e-01
m_vih_m_frac = 8.4753777912e-01
m_vil_m_frac = 5.2649445764e-01
m_vcm_m_frac = 6.8701645276e-01
m_vswing_s = 9.6544671173e-01
m_vglitch_m = 5.6140775685e-01
m_vswing_n = 9.5458716246e-01
m_vswing_dc = 9.3104486710e-01
m_vcm_dc_frac = 6.9217638604e-01
m_icell_dc = 8.8144961682e-03
m_vgs_mu_max = 1.3568172771e+00
m_vds_mu_max = 1.1058632261e+00
m_vds_mt_max = 6.5454207760e-01
Note: Simulation executed from .control section 

Warning: m=xx on .subckt line will override multiplier m hierarchy!

