
Note: Compatibility modes selected: hs a


Circuit: * tmds-final-mux-eye @ fs_-40c_3.63v_742p5mbps -- generated by sim/harness, do not edit

Doing analysis at TEMP = -40.000000 and TNOM = 27.000000

Using SPARSE 1.3 as Direct Linear Solver

Initial Transient Solution
--------------------------

Node                                   Voltage
----                                   -------
vdd                                       3.63
avcc                                       3.3
clkp                                     2.178
clkn                                     1.089
d0p                                     3.0855
d0n                                     1.9965
d1p                                     3.0855
d1n                                     1.9965
d0ps                                    1.9965
d0ns                                    3.0855
d1ps                                    1.9965
d1ns                                    3.0855
ckref                                    1.089
win                                          0
winr                                         0
winc                                         0
xmux_m.top                             3.03261
xmux_m.xrc.11                          3.06951
xmux_m.xrc.21                           3.5931
outp_m                                 1.79307
xmux_m.xrlp.11                         1.82997
xmux_m.xrlp.21                         2.99571
outn_m                                 3.03261
xmux_m.xrln.11                         3.03261
xmux_m.xrln.21                         3.03261
xmux_m.ibias                           1.06671
xmux_m.xrref.11                        1.08573
xmux_m.xrref.21                        3.61098
xmux_m.sa                              1.49163
xmux_m.sb                              1.79307
xmux_m.tail                            0.93574
dop_m                                      3.3
xdrv_m.tail                            1.65054
don_m                                  2.78649
ib_m                                   1.04165
vd_m                                   1.23954
vdn_m                                  1.13823
vdg_m                                        0
xmux_s.top                             3.03261
xmux_s.xrc.11                          3.06951
xmux_s.xrc.21                           3.5931
outp_s                                 3.03261
xmux_s.xrlp.11                         3.03261
xmux_s.xrlp.21                         3.03261
outn_s                                 1.79307
xmux_s.xrln.11                         1.82997
xmux_s.xrln.21                         2.99571
xmux_s.ibias                           1.06671
xmux_s.xrref.11                        1.08573
xmux_s.xrref.21                        3.61098
xmux_s.sa                              1.49163
xmux_s.sb                              1.79307
xmux_s.tail                            0.93574
dop_s                                  2.78649
xdrv_s.tail                            1.65054
don_s                                      3.3
ib_s                                   1.04165
vd_s                                  -1.23954
vdn_s                                 -1.13823
vdg_s                                        0
xmux_n.top                             3.03261
xmux_n.xrc.11                          3.06951
xmux_n.xrc.21                           3.5931
outp_n                                 1.79307
xmux_n.xrlp.11                         1.82997
xmux_n.xrlp.21                         2.99571
outn_n                                 3.03261
xmux_n.xrln.11                         3.03261
xmux_n.xrln.21                         3.03261
xmux_n.ibias                           1.06671
xmux_n.xrref.11                        1.08573
xmux_n.xrref.21                        3.61098
xmux_n.sa                              1.49163
xmux_n.sb                              1.79307
xmux_n.tail                            0.93574
vd_n                                   1.23954
vdn_n                                  1.13823
vdg_n                                        0
d0pz                                    3.0855
d0nz                                    1.9965
clkpz                                    2.178
clknz                                    1.089
vdd_z                                     3.63
xmux_z.top                             3.03261
xmux_z.xrc.11                          3.06951
xmux_z.xrc.21                           3.5931
outp_z                                 1.79307
xmux_z.xrlp.11                         1.82997
xmux_z.xrlp.21                         2.99571
outn_z                                 3.03261
xmux_z.xrln.11                         3.03261
xmux_z.xrln.21                         3.03261
xmux_z.ibias                           1.06671
xmux_z.xrref.11                        1.08573
xmux_z.xrref.21                        3.61098
xmux_z.sa                              1.49163
xmux_z.sb                              2.61466
xmux_z.tail                            0.93574
dop_z                                      3.3
xdrv_z.tail                            1.65054
don_z                                  2.78649
ib_z                                   1.04165
bvdg_n#branch                                0
bvdg_s#branch                                0
bvdg_m#branch                                0
envd_n#branch                                0
emux_n#branch                                0
envd_s#branch                                0
emux_s#branch                                0
envd_m#branch                                0
emux_m#branch                                0
eckref#branch                                0
vsens_z#branch                      -0.0117255
vclknz#branch                                0
vclkpz#branch                                0
vd0nz#branch                                 0
vd0pz#branch                                 0
vwinc#branch                                 0
vwinr#branch                                 0
vwin#branch                                  0
vd1ns#branch                                 0
vd1ps#branch                                 0
vd0ns#branch                                 0
vd0ps#branch                                 0
vd1n#branch                                  0
vd1p#branch                                  0
vd0n#branch                                  0
vd0p#branch                                  0
vclkn#branch                                 0
vclkp#branch                                 0
vavcc#branch                        -0.0308104
vvdd#branch                         -0.0351764

 Reference value :  0.00000e+00
 Reference value :  2.79378e-09
 Reference value :  5.39612e-09
 Reference value :  7.00534e-09
 Reference value :  9.55740e-09
 Reference value :  1.20553e-08
 Reference value :  1.36242e-08
 Reference value :  1.57356e-08
 Reference value :  1.76004e-08
 Reference value :  1.90786e-08
 Reference value :  2.15617e-08
 Reference value :  2.30957e-08
 Reference value :  2.56581e-08
 Reference value :  2.70724e-08
 Reference value :  2.96504e-08
 Reference value :  3.13854e-08
 Reference value :  3.38209e-08
 Reference value :  3.64010e-08
 Reference value :  3.80016e-08
 Reference value :  4.04910e-08
 Reference value :  4.25800e-08
 Reference value :  4.45871e-08
 Reference value :  4.71498e-08
 Reference value :  4.86724e-08
 Reference value :  5.12585e-08
 Reference value :  5.30744e-08
 Reference value :  5.52191e-08
 Reference value :  5.67683e-08
 Reference value :  5.93859e-08
No. of Data Rows : 7919
m_ui_ref            =  1.34680e-09 targ=  1.35430e-08 trig=  1.21962e-08
m_spa_in            =  5.38721e-09 targ=  1.75834e-08 trig=  1.21962e-08
m_spb_in            =  4.04040e-09 targ=  1.62366e-08 trig=  1.21962e-08
m_spa_m             =  5.38723e-09 targ=  1.76298e-08 trig=  1.22426e-08
m_spb_m             =  4.04042e-09 targ=  1.62830e-08 trig=  1.22426e-08
m_trise_m           =  5.03485e-11 targ=  1.63097e-08 trig=  1.62594e-08
m_tfall_m           =  5.03414e-11 targ=  1.49629e-08 trig=  1.49126e-08
m_trise_n           =  3.79450e-11 targ=  1.62931e-08 trig=  1.62552e-08
m_dj_ui_m = 1.6335004207e-05
m_vih_m = 3.0279841363e+00
m_vil_m = 1.7648565759e+00
m_vswing_m = 1.2631275604e+00
m_vih_m_frac = 8.3415540944e-01
m_vil_m_frac = 4.8618638455e-01
m_vcm_m_frac = 6.6017130683e-01
m_vswing_s = 1.2852780407e+00
m_vglitch_m = 7.7690509676e-01
m_vswing_n = 1.2686931951e+00
m_vswing_dc = 1.2395357158e+00
m_vcm_dc_frac = 6.6469440138e-01
m_icell_dc = 1.1725469722e-02
m_vgs_mu_max = 1.6147618739e+00
m_vds_mu_max = 1.1180211087e+00
m_vds_mt_max = 9.3541072714e-01
Note: Simulation executed from .control section 

Warning: m=xx on .subckt line will override multiplier m hierarchy!

