
Note: Compatibility modes selected: hs a


Circuit: * tmds-final-mux-eye @ fs_27c_3.63v_742p5mbps -- generated by sim/harness, do not edit

Doing analysis at TEMP = 27.000000 and TNOM = 27.000000

Using SPARSE 1.3 as Direct Linear Solver

Initial Transient Solution
--------------------------

Node                                   Voltage
----                                   -------
vdd                                       3.63
avcc                                       3.3
clkp                                     2.178
clkn                                     1.089
d0p                                     3.0855
d0n                                     1.9965
d1p                                     3.0855
d1n                                     1.9965
d0ps                                    1.9965
d0ns                                    3.0855
d1ps                                    1.9965
d1ns                                    3.0855
ckref                                    1.089
win                                          0
winr                                         0
winc                                         0
xmux_m.top                             3.03901
xmux_m.xrc.11                          3.07278
xmux_m.xrc.21                          3.59623
outp_m                                 1.80639
xmux_m.xrlp.11                         1.84015
xmux_m.xrlp.21                         3.00525
outn_m                                 3.03868
xmux_m.xrln.11                         3.03869
xmux_m.xrln.21                         3.03901
xmux_m.ibias                           1.06694
xmux_m.xrref.11                        1.08437
xmux_m.xrref.21                        3.61257
xmux_m.sa                              1.44078
xmux_m.sb                              1.80639
xmux_m.tail                           0.912739
dop_m                                      3.3
xdrv_m.tail                             1.6271
don_m                                  2.78732
ib_m                                   1.03453
vd_m                                   1.23229
vdn_m                                  1.13157
vdg_m                                        0
xmux_s.top                             3.03901
xmux_s.xrc.11                          3.07278
xmux_s.xrc.21                          3.59623
outp_s                                 3.03868
xmux_s.xrlp.11                         3.03869
xmux_s.xrlp.21                         3.03901
outn_s                                 1.80639
xmux_s.xrln.11                         1.84015
xmux_s.xrln.21                         3.00525
xmux_s.ibias                           1.06694
xmux_s.xrref.11                        1.08437
xmux_s.xrref.21                        3.61257
xmux_s.sa                              1.44078
xmux_s.sb                              1.80639
xmux_s.tail                           0.912739
dop_s                                  2.78732
xdrv_s.tail                             1.6271
don_s                                      3.3
ib_s                                   1.03453
vd_s                                  -1.23229
vdn_s                                 -1.13157
vdg_s                                        0
xmux_n.top                             3.03901
xmux_n.xrc.11                          3.07278
xmux_n.xrc.21                          3.59623
outp_n                                 1.80639
xmux_n.xrlp.11                         1.84015
xmux_n.xrlp.21                         3.00525
outn_n                                 3.03868
xmux_n.xrln.11                         3.03869
xmux_n.xrln.21                         3.03901
xmux_n.ibias                           1.06694
xmux_n.xrref.11                        1.08437
xmux_n.xrref.21                        3.61257
xmux_n.sa                              1.44078
xmux_n.sb                              1.80639
xmux_n.tail                           0.912739
vd_n                                   1.23229
vdn_n                                  1.13157
vdg_n                                        0
d0pz                                    3.0855
d0nz                                    1.9965
clkpz                                    2.178
clknz                                    1.089
vdd_z                                     3.63
xmux_z.top                             3.03901
xmux_z.xrc.11                          3.07278
xmux_z.xrc.21                          3.59623
outp_z                                 1.80639
xmux_z.xrlp.11                         1.84015
xmux_z.xrlp.21                         3.00525
outn_z                                 3.03868
xmux_z.xrln.11                         3.03869
xmux_z.xrln.21                         3.03901
xmux_z.ibias                           1.06694
xmux_z.xrref.11                        1.08437
xmux_z.xrref.21                        3.61257
xmux_z.sa                              1.44078
xmux_z.sb                              2.66023
xmux_z.tail                           0.912739
dop_z                                      3.3
xdrv_z.tail                             1.6271
don_z                                  2.78732
ib_z                                   1.03453
bvdg_n#branch                                0
bvdg_s#branch                                0
bvdg_m#branch                                0
envd_n#branch                                0
emux_n#branch                                0
envd_s#branch                                0
emux_s#branch                                0
envd_m#branch                                0
emux_m#branch                                0
eckref#branch                                0
vsens_z#branch                      -0.0118285
vclknz#branch                                0
vclkpz#branch                                0
vd0nz#branch                                 0
vd0pz#branch                                 0
vwinc#branch                                 0
vwinr#branch                                 0
vwin#branch                                  0
vd1ns#branch                                 0
vd1ps#branch                                 0
vd0ns#branch                                 0
vd0ps#branch                                 0
vd1n#branch                                  0
vd1p#branch                                  0
vd0n#branch                                  0
vd0p#branch                                  0
vclkn#branch                                 0
vclkp#branch                                 0
vavcc#branch                        -0.0307608
vvdd#branch                         -0.0354854

 Reference value :  0.00000e+00
 Reference value :  2.83432e-09
 Reference value :  5.45670e-09
 Reference value :  8.08419e-09
 Reference value :  1.07744e-08
 Reference value :  1.23829e-08
 Reference value :  1.49283e-08
 Reference value :  1.73411e-08
 Reference value :  1.90313e-08
 Reference value :  2.15557e-08
 Reference value :  2.33448e-08
 Reference value :  2.57470e-08
 Reference value :  2.73563e-08
 Reference value :  2.98296e-08
 Reference value :  3.24767e-08
 Reference value :  3.51273e-08
 Reference value :  3.77685e-08
 Reference value :  4.02256e-08
 Reference value :  4.20281e-08
 Reference value :  4.45851e-08
 Reference value :  4.71976e-08
 Reference value :  4.97057e-08
 Reference value :  5.14285e-08
 Reference value :  5.39057e-08
 Reference value :  5.60151e-08
 Reference value :  5.81303e-08
 Reference value :  6.07810e-08
No. of Data Rows : 7508
m_ui_ref            =  1.34680e-09 targ=  1.35430e-08 trig=  1.21962e-08
m_spa_in            =  5.38721e-09 targ=  1.75834e-08 trig=  1.21962e-08
m_spb_in            =  4.04040e-09 targ=  1.62366e-08 trig=  1.21962e-08
m_spa_m             =  5.38723e-09 targ=  1.76347e-08 trig=  1.22475e-08
m_spb_m             =  4.04042e-09 targ=  1.62879e-08 trig=  1.22475e-08
m_trise_m           =  5.43670e-11 targ=  1.63167e-08 trig=  1.62624e-08
m_tfall_m           =  5.43692e-11 targ=  1.49699e-08 trig=  1.49156e-08
m_trise_n           =  4.21066e-11 targ=  1.62996e-08 trig=  1.62575e-08
m_dj_ui_m = 1.5592504015e-05
m_vih_m = 3.0337908554e+00
m_vil_m = 1.7870744337e+00
m_vswing_m = 1.2467164217e+00
m_vih_m_frac = 8.3575505657e-01
m_vil_m_frac = 4.9230700653e-01
m_vcm_m_frac = 6.6403120044e-01
m_vswing_s = 1.2741321702e+00
m_vglitch_m = 7.4074221465e-01
m_vswing_n = 1.2526987387e+00
m_vswing_dc = 1.2322849723e+00
m_vcm_dc_frac = 6.6736487088e-01
m_icell_dc = 1.1828450493e-02
m_vgs_mu_max = 1.6588109275e+00
m_vds_mu_max = 1.1000465791e+00
m_vds_mt_max = 9.1225611573e-01
Note: Simulation executed from .control section 

Warning: m=xx on .subckt line will override multiplier m hierarchy!

