
Note: Compatibility modes selected: hs a


Circuit: * tmds-final-mux-eye @ fs_27c_3.30v_270mbps -- generated by sim/harness, do not edit

Doing analysis at TEMP = 27.000000 and TNOM = 27.000000

Using SPARSE 1.3 as Direct Linear Solver

Initial Transient Solution
--------------------------

Node                                   Voltage
----                                   -------
vdd                                        3.3
avcc                                       3.3
clkp                                      1.98
clkn                                      0.99
d0p                                      2.805
d0n                                      1.815
d1p                                      2.805
d1n                                      1.815
d0ps                                     1.815
d0ns                                     2.805
d1ps                                     1.815
d1ns                                     2.805
ckref                                     0.99
win                                          0
winr                                         0
winc                                         0
xmux_m.top                             2.78157
xmux_m.xrc.11                          2.81119
xmux_m.xrc.21                          3.27038
outp_m                                 1.70008
xmux_m.xrlp.11                          1.7297
xmux_m.xrlp.21                         2.75194
outn_m                                 2.78146
xmux_m.xrln.11                         2.78146
xmux_m.xrln.21                         2.78156
xmux_m.ibias                           1.03535
xmux_m.xrref.11                        1.05075
xmux_m.xrref.21                         3.2846
xmux_m.sa                              1.30603
xmux_m.sb                              1.70008
xmux_m.tail                           0.779567
dop_m                                      3.3
xdrv_m.tail                            1.40798
don_m                                  2.79154
ib_m                                   1.03453
vd_m                                   1.08138
vdn_m                                   1.0923
vdg_m                                        0
xmux_s.top                             2.78157
xmux_s.xrc.11                          2.81119
xmux_s.xrc.21                          3.27038
outp_s                                 2.78146
xmux_s.xrlp.11                         2.78146
xmux_s.xrlp.21                         2.78156
outn_s                                 1.70008
xmux_s.xrln.11                          1.7297
xmux_s.xrln.21                         2.75194
xmux_s.ibias                           1.03535
xmux_s.xrref.11                        1.05075
xmux_s.xrref.21                         3.2846
xmux_s.sa                              1.30603
xmux_s.sb                              1.70008
xmux_s.tail                           0.779567
dop_s                                  2.79154
xdrv_s.tail                            1.40798
don_s                                      3.3
ib_s                                   1.03453
vd_s                                  -1.08138
vdn_s                                  -1.0923
vdg_s                                        0
xmux_n.top                             2.78157
xmux_n.xrc.11                          2.81119
xmux_n.xrc.21                          3.27038
outp_n                                 1.70008
xmux_n.xrlp.11                          1.7297
xmux_n.xrlp.21                         2.75194
outn_n                                 2.78146
xmux_n.xrln.11                         2.78146
xmux_n.xrln.21                         2.78156
xmux_n.ibias                           1.03535
xmux_n.xrref.11                        1.05075
xmux_n.xrref.21                         3.2846
xmux_n.sa                              1.30603
xmux_n.sb                              1.70008
xmux_n.tail                           0.779567
vd_n                                   1.08138
vdn_n                                   1.0923
vdg_n                                        0
d0pz                                     2.805
d0nz                                     1.815
clkpz                                     1.98
clknz                                     0.99
vdd_z                                      3.3
xmux_z.top                             2.78157
xmux_z.xrc.11                          2.81119
xmux_z.xrc.21                          3.27038
outp_z                                 1.70008
xmux_z.xrlp.11                          1.7297
xmux_z.xrlp.21                         2.75194
outn_z                                 2.78146
xmux_z.xrln.11                         2.78146
xmux_z.xrln.21                         2.78156
xmux_z.ibias                           1.03535
xmux_z.xrref.11                        1.05075
xmux_z.xrref.21                         3.2846
xmux_z.sa                              1.30603
xmux_z.sb                              2.36123
xmux_z.tail                           0.779567
dop_z                                      3.3
xdrv_z.tail                            1.40798
don_z                                  2.79154
ib_z                                   1.03453
bvdg_n#branch                                0
bvdg_s#branch                                0
bvdg_m#branch                                0
envd_n#branch                                0
emux_n#branch                                0
envd_s#branch                                0
emux_s#branch                                0
envd_m#branch                                0
emux_m#branch                                0
eckref#branch                                0
vsens_z#branch                        -0.01038
vclknz#branch                                0
vclkpz#branch                                0
vd0nz#branch                                 0
vd0pz#branch                                 0
vwinc#branch                                 0
vwinr#branch                                 0
vwin#branch                                  0
vd1ns#branch                                 0
vd1ps#branch                                 0
vd0ns#branch                                 0
vd0ps#branch                                 0
vd1n#branch                                  0
vd1p#branch                                  0
vd0n#branch                                  0
vd0p#branch                                  0
vclkn#branch                                 0
vclkp#branch                                 0
vavcc#branch                        -0.0305074
vvdd#branch                         -0.0311399

 Reference value :  0.00000e+00
 Reference value :  5.06396e-09
 Reference value :  9.66898e-09
 Reference value :  1.48148e-08
 Reference value :  1.86109e-08
 Reference value :  2.24231e-08
 Reference value :  2.72462e-08
 Reference value :  3.20168e-08
 Reference value :  3.70380e-08
 Reference value :  4.07901e-08
 Reference value :  4.45516e-08
 Reference value :  4.83017e-08
 Reference value :  5.20730e-08
 Reference value :  5.62758e-08
 Reference value :  6.05786e-08
No. of Data Rows : 4683
m_ui_ref            =  3.70370e-09 targ=  3.71120e-08 trig=  3.34083e-08
m_spa_in            =  1.48148e-08 targ=  4.82231e-08 trig=  3.34083e-08
m_spb_in            =  1.11111e-08 targ=  4.45194e-08 trig=  3.34083e-08
m_spa_m             =  1.48148e-08 targ=  4.82763e-08 trig=  3.34615e-08
m_spb_m             =  1.11111e-08 targ=  4.45726e-08 trig=  3.34615e-08
m_trise_m           =  5.72864e-11 targ=  4.46026e-08 trig=  4.45453e-08
m_tfall_m           =  5.73154e-11 targ=  4.08989e-08 trig=  4.08416e-08
m_trise_n           =  4.50734e-11 targ=  4.45852e-08 trig=  4.45401e-08
m_dj_ui_m = 2.6999997835e-06
m_vih_m = 2.7807062159e+00
m_vil_m = 1.6959635314e+00
m_vswing_m = 1.0847426845e+00
m_vih_m_frac = 8.4263824723e-01
m_vil_m_frac = 5.1392834284e-01
m_vcm_m_frac = 6.7828328812e-01
m_vswing_s = 1.0858258954e+00
m_vglitch_m = 6.5429478470e-01
m_vswing_n = 1.0847195015e+00
m_vswing_dc = 1.0813803950e+00
m_vcm_dc_frac = 6.7901994075e-01
m_icell_dc = 1.0379958227e-02
m_vgs_mu_max = 1.5112134106e+00
m_vds_mu_max = 1.1030903527e+00
m_vds_mt_max = 7.7955967153e-01
Note: Simulation executed from .control section 

Warning: m=xx on .subckt line will override multiplier m hierarchy!

