
Note: Compatibility modes selected: hs a


Circuit: * tmds-final-mux-eye @ fs_27c_2.97v_742p5mbps -- generated by sim/harness, do not edit

Doing analysis at TEMP = 27.000000 and TNOM = 27.000000

Using SPARSE 1.3 as Direct Linear Solver

Initial Transient Solution
--------------------------

Node                                   Voltage
----                                   -------
vdd                                       2.97
avcc                                       3.3
clkp                                     1.782
clkn                                     0.891
d0p                                     2.5245
d0n                                     1.6335
d1p                                     2.5245
d1n                                     1.6335
d0ps                                    1.6335
d0ns                                    2.5245
d1ps                                    1.6335
d1ns                                    2.5245
ckref                                    0.891
win                                          0
winr                                         0
winc                                         0
xmux_m.top                              2.5237
xmux_m.xrc.11                           2.5492
xmux_m.xrc.21                           2.9445
outp_m                                 1.59265
xmux_m.xrlp.11                         1.61815
xmux_m.xrlp.21                          2.4982
outn_m                                 2.52363
xmux_m.xrln.11                         2.52364
xmux_m.xrln.21                          2.5237
xmux_m.ibias                           1.00229
xmux_m.xrref.11                        1.01567
xmux_m.xrref.21                        2.95662
xmux_m.sa                              1.15402
xmux_m.sb                              1.59265
xmux_m.tail                           0.646547
dop_m                                  3.29999
xdrv_m.tail                            1.18908
don_m                                  2.79625
ib_m                                   1.03453
vd_m                                  0.930983
vdn_m                                  1.04487
vdg_m                                        0
xmux_s.top                              2.5237
xmux_s.xrc.11                           2.5492
xmux_s.xrc.21                           2.9445
outp_s                                 2.52363
xmux_s.xrlp.11                         2.52364
xmux_s.xrlp.21                          2.5237
outn_s                                 1.59265
xmux_s.xrln.11                         1.61815
xmux_s.xrln.21                          2.4982
xmux_s.ibias                           1.00229
xmux_s.xrref.11                        1.01567
xmux_s.xrref.21                        2.95662
xmux_s.sa                              1.15402
xmux_s.sb                              1.59265
xmux_s.tail                           0.646547
dop_s                                  2.79625
xdrv_s.tail                            1.18908
don_s                                  3.29999
ib_s                                   1.03453
vd_s                                 -0.930983
vdn_s                                 -1.04487
vdg_s                                        0
xmux_n.top                              2.5237
xmux_n.xrc.11                           2.5492
xmux_n.xrc.21                           2.9445
outp_n                                 1.59265
xmux_n.xrlp.11                         1.61815
xmux_n.xrlp.21                          2.4982
outn_n                                 2.52363
xmux_n.xrln.11                         2.52364
xmux_n.xrln.21                          2.5237
xmux_n.ibias                           1.00229
xmux_n.xrref.11                        1.01567
xmux_n.xrref.21                        2.95662
xmux_n.sa                              1.15402
xmux_n.sb                              1.59265
xmux_n.tail                           0.646547
vd_n                                  0.930983
vdn_n                                  1.04487
vdg_n                                        0
d0pz                                    2.5245
d0nz                                    1.6335
clkpz                                    1.782
clknz                                    0.891
vdd_z                                     2.97
xmux_z.top                              2.5237
xmux_z.xrc.11                           2.5492
xmux_z.xrc.21                           2.9445
outp_z                                 1.59265
xmux_z.xrlp.11                         1.61815
xmux_z.xrlp.21                          2.4982
outn_z                                 2.52363
xmux_z.xrln.11                         2.52363
xmux_z.xrln.21                          2.5237
xmux_z.ibias                           1.00229
xmux_z.xrref.11                        1.01567
xmux_z.xrref.21                        2.95662
xmux_z.sa                              1.15402
xmux_z.sb                              2.06228
xmux_z.tail                           0.646547
dop_z                                  3.29999
xdrv_z.tail                            1.18908
don_z                                  2.79625
ib_z                                   1.03453
bvdg_n#branch                                0
bvdg_s#branch                                0
bvdg_m#branch                                0
envd_n#branch                                0
emux_n#branch                                0
envd_s#branch                                0
emux_s#branch                                0
envd_m#branch                                0
emux_m#branch                                0
eckref#branch                                0
vsens_z#branch                     -0.00893977
vclknz#branch                                0
vclkpz#branch                                0
vd0nz#branch                                 0
vd0pz#branch                                 0
vwinc#branch                                 0
vwinr#branch                                 0
vwin#branch                                  0
vd1ns#branch                                 0
vd1ps#branch                                 0
vd0ns#branch                                 0
vd0ps#branch                                 0
vd1n#branch                                  0
vd1p#branch                                  0
vd0n#branch                                  0
vd0p#branch                                  0
vclkn#branch                                 0
vclkp#branch                                 0
vavcc#branch                        -0.0302257
vvdd#branch                         -0.0268193

 Reference value :  0.00000e+00
 Reference value :  2.84824e-09
 Reference value :  5.50792e-09
 Reference value :  8.12596e-09
 Reference value :  1.07744e-08
 Reference value :  1.29606e-08
 Reference value :  1.50298e-08
 Reference value :  1.76087e-08
 Reference value :  2.01747e-08
 Reference value :  2.20150e-08
 Reference value :  2.45250e-08
 Reference value :  2.70386e-08
 Reference value :  2.96626e-08
 Reference value :  3.22627e-08
 Reference value :  3.41163e-08
 Reference value :  3.65658e-08
 Reference value :  3.92246e-08
 Reference value :  4.19009e-08
 Reference value :  4.45647e-08
 Reference value :  4.72145e-08
 Reference value :  4.98865e-08
 Reference value :  5.25802e-08
 Reference value :  5.41185e-08
 Reference value :  5.67665e-08
 Reference value :  5.94205e-08
No. of Data Rows : 7252
m_ui_ref            =  1.34680e-09 targ=  1.35430e-08 trig=  1.21962e-08
m_spa_in            =  5.38721e-09 targ=  1.75834e-08 trig=  1.21962e-08
m_spb_in            =  4.04040e-09 targ=  1.62366e-08 trig=  1.21962e-08
m_spa_m             =  5.38724e-09 targ=  1.76380e-08 trig=  1.22508e-08
m_spb_m             =  4.04044e-09 targ=  1.62912e-08 trig=  1.22508e-08
m_trise_m           =  6.22737e-11 targ=  1.63234e-08 trig=  1.62611e-08
m_tfall_m           =  6.22892e-11 targ=  1.49766e-08 trig=  1.49143e-08
m_trise_n           =  5.02781e-11 targ=  1.63055e-08 trig=  1.62552e-08
m_dj_ui_m = 2.6730006884e-05
m_vih_m = 2.5191655279e+00
m_vil_m = 1.5720260965e+00
m_vswing_m = 9.4713943142e-01
m_vih_m_frac = 8.4820388145e-01
m_vil_m_frac = 5.2930171599e-01
m_vcm_m_frac = 6.8875308471e-01
m_vswing_s = 9.5988650656e-01
m_vglitch_m = 5.6234655013e-01
m_vswing_n = 9.4972892626e-01
m_vswing_dc = 9.3098127071e-01
m_vcm_dc_frac = 6.9297718023e-01
m_icell_dc = 8.9397650909e-03
m_vgs_mu_max = 1.3807236522e+00
m_vds_mu_max = 1.0782325538e+00
m_vds_mt_max = 6.4621852063e-01
Note: Simulation executed from .control section 

Warning: m=xx on .subckt line will override multiplier m hierarchy!

