
Note: No compatibility mode selected!


Circuit: * tmds-final-mux-eye @ ss_-40c_3.30v_742p5mbps -- generated by sim/harness, do not edit

Doing analysis at TEMP = -40.000000 and TNOM = 27.000000

Using SPARSE 1.3 as Direct Linear Solver

Initial Transient Solution
--------------------------

Node                                   Voltage
----                                   -------
vdd                                        3.3
avcc                                       3.3
clkp                                      1.98
clkn                                      0.99
d0p                                      2.805
d0n                                      1.815
d1p                                      2.805
d1n                                      1.815
d0ps                                     1.815
d0ns                                     2.805
d1ps                                     1.815
d1ns                                     2.805
ckref                                     0.99
win                                          0
winr                                         0
winc                                         0
xmux_m.top                             2.83335
xmux_m.xrc.11                          2.85788
xmux_m.xrc.21                          3.27547
outp_m                                 1.85455
xmux_m.xrlp.11                         1.87908
xmux_m.xrlp.21                         2.80883
outn_m                                 2.83335
xmux_m.xrln.11                         2.83335
xmux_m.xrln.21                         2.83335
xmux_m.ibias                           1.20691
xmux_m.xrref.11                        1.21988
xmux_m.xrref.21                        3.28703
xmux_m.sa                              1.27083
xmux_m.sb                              1.85455
xmux_m.tail                           0.653889
dop_m                                      3.3
xdrv_m.tail                            1.24248
don_m                                  2.80044
ib_m                                   1.26321
vd_m                                  0.978802
vdn_m                                 0.988689
vdg_m                                        0
xmux_s.top                             2.83335
xmux_s.xrc.11                          2.85788
xmux_s.xrc.21                          3.27547
outp_s                                 2.83335
xmux_s.xrlp.11                         2.83335
xmux_s.xrlp.21                         2.83335
outn_s                                 1.85455
xmux_s.xrln.11                         1.87908
xmux_s.xrln.21                         2.80883
xmux_s.ibias                           1.20691
xmux_s.xrref.11                        1.21988
xmux_s.xrref.21                        3.28703
xmux_s.sa                              1.27083
xmux_s.sb                              1.85455
xmux_s.tail                           0.653889
dop_s                                  2.80044
xdrv_s.tail                            1.24248
don_s                                      3.3
ib_s                                   1.26321
vd_s                                 -0.978802
vdn_s                                -0.988689
vdg_s                                        0
xmux_n.top                             2.83335
xmux_n.xrc.11                          2.85788
xmux_n.xrc.21                          3.27547
outp_n                                 1.85455
xmux_n.xrlp.11                         1.87908
xmux_n.xrlp.21                         2.80883
outn_n                                 2.83335
xmux_n.xrln.11                         2.83335
xmux_n.xrln.21                         2.83335
xmux_n.ibias                           1.20691
xmux_n.xrref.11                        1.21988
xmux_n.xrref.21                        3.28703
xmux_n.sa                              1.27083
xmux_n.sb                              1.85455
xmux_n.tail                           0.653889
vd_n                                  0.978802
vdn_n                                 0.988689
vdg_n                                        0
d0pz                                     2.805
d0nz                                     1.815
clkpz                                     1.98
clknz                                     0.99
vdd_z                                      3.3
xmux_z.top                             2.83335
xmux_z.xrc.11                          2.85788
xmux_z.xrc.21                          3.27547
outp_z                                 1.85455
xmux_z.xrlp.11                         1.87908
xmux_z.xrlp.21                         2.80883
outn_z                                 2.83335
xmux_z.xrln.11                         2.83335
xmux_z.xrln.21                         2.83335
xmux_z.ibias                           1.20691
xmux_z.xrref.11                        1.21988
xmux_z.xrref.21                        3.28703
xmux_z.sa                              1.27083
xmux_z.sb                              2.18206
xmux_z.tail                           0.653889
dop_z                                      3.3
xdrv_z.tail                            1.24248
don_z                                  2.80044
ib_z                                   1.26321
bvdg_n#branch                                0
bvdg_s#branch                                0
bvdg_m#branch                                0
envd_n#branch                                0
emux_n#branch                                0
envd_s#branch                                0
emux_s#branch                                0
envd_m#branch                                0
emux_m#branch                                0
eckref#branch                                0
vsens_z#branch                     -0.00780303
vclknz#branch                                0
vclkpz#branch                                0
vd0nz#branch                                 0
vd0pz#branch                                 0
vwinc#branch                                 0
vwinr#branch                                 0
vwin#branch                                  0
vd1ns#branch                                 0
vd1ps#branch                                 0
vd0ns#branch                                 0
vd0ps#branch                                 0
vd1n#branch                                  0
vd1p#branch                                  0
vd0n#branch                                  0
vd0p#branch                                  0
vclkn#branch                                 0
vclkp#branch                                 0
vavcc#branch                        -0.0299737
vvdd#branch                         -0.0234091

 Reference value :  0.00000e+00
 Reference value :  8.00000e-13
 Reference value :  1.28000e-11
 Reference value :  8.56000e-11
 Reference value :  1.85600e-10
 Reference value :  2.65600e-10
 Reference value :  3.25600e-10
 Reference value :  3.85600e-10
 Reference value :  4.45600e-10
 Reference value :  5.05600e-10
 Reference value :  5.85600e-10
 Reference value :  6.45600e-10
 Reference value :  7.05600e-10
 Reference value :  7.65600e-10
 Reference value :  8.45600e-10
 Reference value :  9.05600e-10
 Reference value :  9.65600e-10
 Reference value :  1.02560e-09
 Reference value :  1.10560e-09
 Reference value :  1.18560e-09
 Reference value :  1.26560e-09
 Reference value :  1.33620e-09
 Reference value :  1.34681e-09
 Reference value :  1.34699e-09
 Reference value :  1.34836e-09
 Reference value :  1.35384e-09
 Reference value :  1.36059e-09
 Reference value :  1.36522e-09
 Reference value :  1.37003e-09
 Reference value :  1.37574e-09
 Reference value :  1.38560e-09
 Reference value :  1.39578e-09
 Reference value :  1.40284e-09
 Reference value :  1.40947e-09
 Reference value :  1.41640e-09
 Reference value :  1.42357e-09
 Reference value :  1.42645e-09
 Reference value :  1.43214e-09
 Reference value :  1.43732e-09
 Reference value :  1.44114e-09
 Reference value :  1.44763e-09
 Reference value :  1.45269e-09
 Reference value :  1.45868e-09
 Reference value :  1.46474e-09
 Reference value :  1.47038e-09
 Reference value :  1.47608e-09
 Reference value :  1.48489e-09
 Reference value :  1.49422e-09
 Reference value :  1.49682e-09
 Reference value :  1.49701e-09
 Reference value :  1.49860e-09
 Reference value :  1.50014e-09
 Reference value :  1.50548e-09
 Reference value :  1.51194e-09
 Reference value :  1.51716e-09
 Reference value :  1.52303e-09
 Reference value :  1.52902e-09
 Reference value :  1.53502e-09
 Reference value :  1.54144e-09
 Reference value :  1.54680e-09
 Reference value :  1.54689e-09
 Reference value :  1.54861e-09
 Reference value :  1.55800e-09
 Reference value :  1.57206e-09
 Reference value :  1.59106e-09
 Reference value :  1.61219e-09
 Reference value :  1.62839e-09
 Reference value :  1.64816e-09
 Reference value :  1.69388e-09
 Reference value :  1.73388e-09
 Reference value :  1.79388e-09
 Reference value :  1.85388e-09
 Reference value :  1.91388e-09
 Reference value :  1.97388e-09
 Reference value :  2.05388e-09
 Reference value :  2.11388e-09
 Reference value :  2.19388e-09
 Reference value :  2.25388e-09
 Reference value :  2.31388e-09
 Reference value :  2.39388e-09
 Reference value :  2.47388e-09
 Reference value :  2.53388e-09
 Reference value :  2.55902e-09
 Reference value :  2.55999e-09
 Reference value :  2.56097e-09
 Reference value :  2.56881e-09
 Reference value :  2.61569e-09
 Reference value :  2.69360e-09
 Reference value :  2.69366e-09
 Reference value :  2.69423e-09
 Reference value :  2.69800e-09
 Reference value :  2.70420e-09
 Reference value :  2.71217e-09
 Reference value :  2.71917e-09
 Reference value :  2.73052e-09
 Reference value :  2.73398e-09
 Reference value :  2.74055e-09
 Reference value :  2.75110e-09
 Reference value :  2.75442e-09
 Reference value :  2.75770e-09
 Reference value :  2.76803e-09
 Reference value :  2.77377e-09
 Reference value :  2.78196e-09
 Reference value :  2.78399e-09
 Reference value :  2.78828e-09
 Reference value :  2.79525e-09
 Reference value :  2.80400e-09
 Reference value :  2.80976e-09
 Reference value :  2.81865e-09
 Reference value :  2.82738e-09
 Reference value :  2.83739e-09
 Reference value :  2.84362e-09
 Reference value :  2.84390e-09
 Reference value :  2.84611e-09
 Reference value :  2.84949e-09
 Reference value :  2.85524e-09
 Reference value :  2.86240e-09
 Reference value :  2.87149e-09
 Reference value :  2.88033e-09
 Reference value :  2.88660e-09
 Reference value :  2.89364e-09
 Reference value :  2.89475e-09
 Reference value :  2.90094e-09
 Reference value :  2.90961e-09
 Reference value :  2.91986e-09
 Reference value :  2.93306e-09
 Reference value :  2.95099e-09
 Reference value :  2.97777e-09
 Reference value :  3.02297e-09
 Reference value :  3.08297e-09
 Reference value :  3.14297e-09
 Reference value :  3.20297e-09
 Reference value :  3.28297e-09
 Reference value :  3.36297e-09
 Reference value :  3.44297e-09
 Reference value :  3.50297e-09
 Reference value :  3.56297e-09
 Reference value :  3.62297e-09
 Reference value :  3.70297e-09
 Reference value :  3.78297e-09
 Reference value :  3.84297e-09
 Reference value :  3.92297e-09
 Reference value :  4.00297e-09
 Reference value :  4.04042e-09
 Reference value :  4.04071e-09
 Reference value :  4.04299e-09
 Reference value :  4.04675e-09
 Reference value :  4.05342e-09
 Reference value :  4.06217e-09
 Reference value :  4.07355e-09
 Reference value :  4.08082e-09
 Reference value :  4.08742e-09
 Reference value :  4.09798e-09
 Reference value :  4.10132e-09
 Reference value :  4.10460e-09
 Reference value :  4.11162e-09
 Reference value :  4.11806e-09
 Reference value :  4.12108e-09
 Reference value :  4.12741e-09
 Reference value :  4.13183e-09
 Reference value :  4.13610e-09
 Reference value :  4.14078e-09
 Reference value :  4.14615e-09
 Reference value :  4.15245e-09
 Reference value :  4.16150e-09
 Reference value :  4.17024e-09
 Reference value :  4.17948e-09
 Reference value :  4.18654e-09
 Reference value :  4.19042e-09
 Reference value :  4.19059e-09
 Reference value :  4.19199e-09
 Reference value :  4.19691e-09
 Reference value :  4.20279e-09
 Reference value :  4.20749e-09
 Reference value :  4.21606e-09
 Reference value :  4.21889e-09
 Reference value :  4.22780e-09
 Reference value :  4.23727e-09
 Reference value :  4.24044e-09
 Reference value :  4.24151e-09
 Reference value :  4.24496e-09
 Reference value :  4.25263e-09
 Reference value :  4.26676e-09
 Reference value :  4.28628e-09
 Reference value :  4.30738e-09
 Reference value :  4.32386e-09
 Reference value :  4.35744e-09
 Reference value :  4.41256e-09
 Reference value :  4.47256e-09
 Reference value :  4.53256e-09
 Reference value :  4.61256e-09
 Reference value :  4.69256e-09
 Reference value :  4.77256e-09
 Reference value :  4.85256e-09
 Reference value :  4.93256e-09
 Reference value :  5.01256e-09
 Reference value :  5.09256e-09
 Reference value :  5.17256e-09
 Reference value :  5.25256e-09
 Reference value :  5.31256e-09
 Reference value :  5.38721e-09
 Reference value :  5.38726e-09
 Reference value :  5.38779e-09
 Reference value :  5.38959e-09
 Reference value :  5.39134e-09
 Reference value :  5.39751e-09
 Reference value :  5.40535e-09
 Reference value :  5.41224e-09
 Reference value :  5.41983e-09
 Reference value :  5.43113e-09
 Reference value :  5.43767e-09
 Reference value :  5.44498e-09
 Reference value :  5.45191e-09
 Reference value :  5.46254e-09
 Reference value :  5.46827e-09
 Reference value :  5.47639e-09
 Reference value :  5.48043e-09
 Reference value :  5.48732e-09
 Reference value :  5.49556e-09
 Reference value :  5.50507e-09
 Reference value :  5.51384e-09
 Reference value :  5.52268e-09
 Reference value :  5.53291e-09
 Reference value :  5.53722e-09
 Reference value :  5.53739e-09
 Reference value :  5.53879e-09
 Reference value :  5.54371e-09
 Reference value :  5.54959e-09
 Reference value :  5.55702e-09
 Reference value :  5.56615e-09
 Reference value :  5.57494e-09
 Reference value :  5.58426e-09
 Reference value :  5.58723e-09
 Reference value :  5.58763e-09
 Reference value :  5.59076e-09
 Reference value :  5.59605e-09
 Reference value :  5.60486e-09
 Reference value :  5.61558e-09
 Reference value :  5.62938e-09
 Reference value :  5.64857e-09
 Reference value :  5.67749e-09
 Reference value :  5.72741e-09
 Reference value :  5.78741e-09
 Reference value :  5.82741e-09
 Reference value :  5.86741e-09
 Reference value :  5.90741e-09
 Reference value :  5.98741e-09
 Reference value :  6.06741e-09
 Reference value :  6.14741e-09
 Reference value :  6.24741e-09
 Reference value :  6.32741e-09
 Reference value :  6.38741e-09
 Reference value :  6.46741e-09
 Reference value :  6.52741e-09
 Reference value :  6.60741e-09
 Reference value :  6.68741e-09
 Reference value :  6.73402e-09
 Reference value :  6.73423e-09
 Reference value :  6.73592e-09
 Reference value :  6.74155e-09
 Reference value :  6.74849e-09
 Reference value :  6.75436e-09
 Reference value :  6.76170e-09
 Reference value :  6.77321e-09
 Reference value :  6.77960e-09
 Reference value :  6.78635e-09
 Reference value :  6.78997e-09
 Reference value :  6.79663e-09
 Reference value :  6.80743e-09
 Reference value :  6.81732e-09
 Reference value :  6.82297e-09
 Reference value :  6.82701e-09
 Reference value :  6.83388e-09
 Reference value :  6.84205e-09
 Reference value :  6.87943e-09
 Reference value :  6.88401e-09
 Reference value :  6.88404e-09
 Reference value :  6.88479e-09
 Reference value :  6.88878e-09
 Reference value :  6.89234e-09
 Reference value :  6.89868e-09
 Reference value :  6.90673e-09
 Reference value :  6.91249e-09
 Reference value :  6.92140e-09
 Reference value :  6.93087e-09
 Reference value :  6.93404e-09
 Reference value :  6.93512e-09
 Reference value :  6.94214e-09
 Reference value :  6.95522e-09
 Reference value :  6.97272e-09
 Reference value :  6.99379e-09
 Reference value :  7.01747e-09
 Reference value :  7.05106e-09
 Reference value :  7.10619e-09
 Reference value :  7.14619e-09
 Reference value :  7.18619e-09
 Reference value :  7.24619e-09
 Reference value :  7.32619e-09
 Reference value :  7.40619e-09
 Reference value :  7.48619e-09
 Reference value :  7.56619e-09
 Reference value :  7.64619e-09
 Reference value :  7.72619e-09
 Reference value :  7.80619e-09
 Reference value :  7.88619e-09
 Reference value :  7.98619e-09
 Reference value :  8.06350e-09
 Reference value :  8.08083e-09
 Reference value :  8.08109e-09
 Reference value :  8.08319e-09
 Reference value :  8.08689e-09
 Reference value :  8.09349e-09
 Reference value :  8.10212e-09
 Reference value :  8.11342e-09
 Reference value :  8.12473e-09
 Reference value :  8.13498e-09
 Reference value :  8.14187e-09
 Reference value :  8.15258e-09
 Reference value :  8.15912e-09
 Reference value :  8.16483e-09
 Reference value :  8.16999e-09
 Reference value :  8.17403e-09
 Reference value :  8.18092e-09
 Reference value :  8.18915e-09
 Reference value :  8.19867e-09
 Reference value :  8.20744e-09
 Reference value :  8.21627e-09
 Reference value :  8.22650e-09
 Reference value :  8.23082e-09
 Reference value :  8.23100e-09
 Reference value :  8.23239e-09
 Reference value :  8.23731e-09
 Reference value :  8.24319e-09
 Reference value :  8.25063e-09
 Reference value :  8.25975e-09
 Reference value :  8.26854e-09
 Reference value :  8.27787e-09
 Reference value :  8.28084e-09
 Reference value :  8.28123e-09
 Reference value :  8.28436e-09
 Reference value :  8.28965e-09
 Reference value :  8.29846e-09
 Reference value :  8.30918e-09
 Reference value :  8.31795e-09
 Reference value :  8.33496e-09
 Reference value :  8.35995e-09
 Reference value :  8.40102e-09
 Reference value :  8.46102e-09
 Reference value :  8.52102e-09
 Reference value :  8.58102e-09
 Reference value :  8.66102e-09
 Reference value :  8.74102e-09
 Reference value :  8.82102e-09
 Reference value :  8.90102e-09
 Reference value :  8.98102e-09
 Reference value :  9.06102e-09
 Reference value :  9.14102e-09
 Reference value :  9.22102e-09
 Reference value :  9.30102e-09
 Reference value :  9.38102e-09
 Reference value :  9.42762e-09
 Reference value :  9.42783e-09
 Reference value :  9.42952e-09
 Reference value :  9.43515e-09
 Reference value :  9.44209e-09
 Reference value :  9.45156e-09
 Reference value :  9.46299e-09
 Reference value :  9.47005e-09
 Reference value :  9.47320e-09
 Reference value :  9.48357e-09
 Reference value :  9.49023e-09
 Reference value :  9.50103e-09
 Reference value :  9.51092e-09
 Reference value :  9.51657e-09
 Reference value :  9.52061e-09
 Reference value :  9.52748e-09
 Reference value :  9.53565e-09
 Reference value :  9.54519e-09
 Reference value :  9.55397e-09
 Reference value :  9.56279e-09
 Reference value :  9.57303e-09
 Reference value :  9.57761e-09
 Reference value :  9.57765e-09
 Reference value :  9.57839e-09
 Reference value :  9.58239e-09
 Reference value :  9.58594e-09
 Reference value :  9.59229e-09
 Reference value :  9.60033e-09
 Reference value :  9.60609e-09
 Reference value :  9.61501e-09
 Reference value :  9.62448e-09
 Reference value :  9.62765e-09
 Reference value :  9.62987e-09
 Reference value :  9.63574e-09
 Reference value :  9.64882e-09
 Reference value :  9.66632e-09
 Reference value :  9.68739e-09
 Reference value :  9.71108e-09
 Reference value :  9.74466e-09
 Reference value :  9.79979e-09
 Reference value :  9.85979e-09
 Reference value :  9.91979e-09
 Reference value :  9.99979e-09
 Reference value :  1.00998e-08
 Reference value :  1.01798e-08
 Reference value :  1.02598e-08
 Reference value :  1.03398e-08
 Reference value :  1.04198e-08
 Reference value :  1.04998e-08
 Reference value :  1.05798e-08
 Reference value :  1.06598e-08
 Reference value :  1.07398e-08
 Reference value :  1.07744e-08
 Reference value :  1.07750e-08
 Reference value :  1.07788e-08
 Reference value :  1.07858e-08
 Reference value :  1.07949e-08
 Reference value :  1.08050e-08
 Reference value :  1.08121e-08
 Reference value :  1.08155e-08
 Reference value :  1.08220e-08
 Reference value :  1.08292e-08
 Reference value :  1.08403e-08
 Reference value :  1.08510e-08
 Reference value :  1.08600e-08
 Reference value :  1.08648e-08
 Reference value :  1.08694e-08
 Reference value :  1.08767e-08
 Reference value :  1.08856e-08
 Reference value :  1.08915e-08
 Reference value :  1.09005e-08
 Reference value :  1.09091e-08
 Reference value :  1.09101e-08
 Reference value :  1.09111e-08
 Reference value :  1.09176e-08
 Reference value :  1.09244e-08
 Reference value :  1.09251e-08
 Reference value :  1.09292e-08
 Reference value :  1.09348e-08
 Reference value :  1.09416e-08
 Reference value :  1.09504e-08
 Reference value :  1.09600e-08
 Reference value :  1.09700e-08
 Reference value :  1.09744e-08
 Reference value :  1.09747e-08
 Reference value :  1.09770e-08
 Reference value :  1.09852e-08
 Reference value :  1.09942e-08
 Reference value :  1.10056e-08
 Reference value :  1.10203e-08
 Reference value :  1.10408e-08
 Reference value :  1.10665e-08
 Reference value :  1.11067e-08
 Reference value :  1.11428e-08
 Reference value :  1.12028e-08
 Reference value :  1.12628e-08
 Reference value :  1.13228e-08
 Reference value :  1.14028e-08
 Reference value :  1.14828e-08
 Reference value :  1.15828e-08
 Reference value :  1.16628e-08
 Reference value :  1.17428e-08
 Reference value :  1.18428e-08
 Reference value :  1.19228e-08
 Reference value :  1.20028e-08
 Reference value :  1.20828e-08
 Reference value :  1.21212e-08
 Reference value :  1.21215e-08
 Reference value :  1.21225e-08
 Reference value :  1.21254e-08
 Reference value :  1.21295e-08
 Reference value :  1.21367e-08
 Reference value :  1.21465e-08
 Reference value :  1.21579e-08
 Reference value :  1.21646e-08
 Reference value :  1.21749e-08
 Reference value :  1.21819e-08
 Reference value :  1.21886e-08
 Reference value :  1.21955e-08
 Reference value :  1.22015e-08
 Reference value :  1.22071e-08
 Reference value :  1.22120e-08
 Reference value :  1.22166e-08
 Reference value :  1.22240e-08
 Reference value :  1.22296e-08
 Reference value :  1.22419e-08
 Reference value :  1.22539e-08
 Reference value :  1.22642e-08
 Reference value :  1.22712e-08
 Reference value :  1.22726e-08
 Reference value :  1.22756e-08
 Reference value :  1.22812e-08
 Reference value :  1.22879e-08
 Reference value :  1.22967e-08
 Reference value :  1.23062e-08
 Reference value :  1.23186e-08
 Reference value :  1.23212e-08
 Reference value :  1.23230e-08
 Reference value :  1.23322e-08
 Reference value :  1.23461e-08
 Reference value :  1.23715e-08
 Reference value :  1.23931e-08
 Reference value :  1.24210e-08
 Reference value :  1.24649e-08
 Reference value :  1.25243e-08
 Reference value :  1.25843e-08
 Reference value :  1.26443e-08
 Reference value :  1.27443e-08
 Reference value :  1.28443e-08
 Reference value :  1.29243e-08
 Reference value :  1.30043e-08
 Reference value :  1.30643e-08
 Reference value :  1.31843e-08
 Reference value :  1.32643e-08
 Reference value :  1.33443e-08
 Reference value :  1.34561e-08
 Reference value :  1.34680e-08
 Reference value :  1.34684e-08
 Reference value :  1.34697e-08
 Reference value :  1.34754e-08
 Reference value :  1.34822e-08
 Reference value :  1.34916e-08
 Reference value :  1.35029e-08
 Reference value :  1.35101e-08
 Reference value :  1.35200e-08
 Reference value :  1.35272e-08
 Reference value :  1.35340e-08
 Reference value :  1.35408e-08
 Reference value :  1.35468e-08
 Reference value :  1.35525e-08
 Reference value :  1.35580e-08
 Reference value :  1.35628e-08
 Reference value :  1.35705e-08
 Reference value :  1.35791e-08
 Reference value :  1.35848e-08
 Reference value :  1.35907e-08
 Reference value :  1.36065e-08
 Reference value :  1.36158e-08
 Reference value :  1.36180e-08
 Reference value :  1.36182e-08
 Reference value :  1.36213e-08
 Reference value :  1.36246e-08
 Reference value :  1.36305e-08
 Reference value :  1.36353e-08
 Reference value :  1.36441e-08
 Reference value :  1.36567e-08
 Reference value :  1.36680e-08
 Reference value :  1.36680e-08
 Reference value :  1.36687e-08
 Reference value :  1.36733e-08
 Reference value :  1.36815e-08
 Reference value :  1.36914e-08
 Reference value :  1.37085e-08
 Reference value :  1.37321e-08
 Reference value :  1.37377e-08
 Reference value :  1.37386e-08
 Reference value :  1.37428e-08
 Reference value :  1.37835e-08
 Reference value :  1.38355e-08
 Reference value :  1.38724e-08
 Reference value :  1.38733e-08
 Reference value :  1.38819e-08
 Reference value :  1.39488e-08
 Reference value :  1.40088e-08
 Reference value :  1.40888e-08
 Reference value :  1.41888e-08
 Reference value :  1.42688e-08
 Reference value :  1.43688e-08
 Reference value :  1.44111e-08
 Reference value :  1.44120e-08
 Reference value :  1.44207e-08
 Reference value :  1.45075e-08
 Reference value :  1.45875e-08
 Reference value :  1.46675e-08
 Reference value :  1.47475e-08
 Reference value :  1.48148e-08
 Reference value :  1.48153e-08
 Reference value :  1.48185e-08
 Reference value :  1.48245e-08
 Reference value :  1.48352e-08
 Reference value :  1.48464e-08
 Reference value :  1.48575e-08
 Reference value :  1.48640e-08
 Reference value :  1.48709e-08
 Reference value :  1.48775e-08
 Reference value :  1.48883e-08
 Reference value :  1.48975e-08
 Reference value :  1.49057e-08
 Reference value :  1.49126e-08
 Reference value :  1.49233e-08
 Reference value :  1.49327e-08
 Reference value :  1.49385e-08
 Reference value :  1.49476e-08
 Reference value :  1.49579e-08
 Reference value :  1.49648e-08
 Reference value :  1.49655e-08
 Reference value :  1.49691e-08
 Reference value :  1.49747e-08
 Reference value :  1.49814e-08
 Reference value :  1.49869e-08
 Reference value :  1.49965e-08
 Reference value :  1.50060e-08
 Reference value :  1.50148e-08
 Reference value :  1.50149e-08
 Reference value :  1.50167e-08
 Reference value :  1.50262e-08
 Reference value :  1.50458e-08
 Reference value :  1.50658e-08
 Reference value :  1.50875e-08
 Reference value :  1.51051e-08
 Reference value :  1.51602e-08
 Reference value :  1.52189e-08
 Reference value :  1.52199e-08
 Reference value :  1.52220e-08
 Reference value :  1.52756e-08
 Reference value :  1.53556e-08
 Reference value :  1.54356e-08
 Reference value :  1.55156e-08
 Reference value :  1.56156e-08
 Reference value :  1.57156e-08
 Reference value :  1.57579e-08
 Reference value :  1.57588e-08
 Reference value :  1.57675e-08
 Reference value :  1.58543e-08
 Reference value :  1.59343e-08
 Reference value :  1.60343e-08
 Reference value :  1.60943e-08
 Reference value :  1.61480e-08
 Reference value :  1.61617e-08
 Reference value :  1.61626e-08
 Reference value :  1.61671e-08
 Reference value :  1.61737e-08
 Reference value :  1.61820e-08
 Reference value :  1.61932e-08
 Reference value :  1.62043e-08
 Reference value :  1.62181e-08
 Reference value :  1.62247e-08
 Reference value :  1.62350e-08
 Reference value :  1.62409e-08
 Reference value :  1.62466e-08
 Reference value :  1.62521e-08
 Reference value :  1.62569e-08
 Reference value :  1.62646e-08
 Reference value :  1.62702e-08
 Reference value :  1.62825e-08
 Reference value :  1.62913e-08
 Reference value :  1.63013e-08
 Reference value :  1.63116e-08
 Reference value :  1.63123e-08
 Reference value :  1.63180e-08
 Reference value :  1.63218e-08
 Reference value :  1.63287e-08
 Reference value :  1.63406e-08
 Reference value :  1.63533e-08
 Reference value :  1.63591e-08
 Reference value :  1.63616e-08
 Reference value :  1.63623e-08
 Reference value :  1.63669e-08
 Reference value :  1.63784e-08
 Reference value :  1.63929e-08
 Reference value :  1.64078e-08
 Reference value :  1.64287e-08
 Reference value :  1.64605e-08
 Reference value :  1.64883e-08
 Reference value :  1.65432e-08
 Reference value :  1.65660e-08
 Reference value :  1.65669e-08
 Reference value :  1.65688e-08
 Reference value :  1.65845e-08
 Reference value :  1.66424e-08
 Reference value :  1.66824e-08
 Reference value :  1.67424e-08
 Reference value :  1.68224e-08
 Reference value :  1.69024e-08
 Reference value :  1.70024e-08
 Reference value :  1.70824e-08
 Reference value :  1.71047e-08
 Reference value :  1.71059e-08
 Reference value :  1.71232e-08
 Reference value :  1.72011e-08
 Reference value :  1.72811e-08
 Reference value :  1.74211e-08
 Reference value :  1.74948e-08
 Reference value :  1.75085e-08
 Reference value :  1.75094e-08
 Reference value :  1.75139e-08
 Reference value :  1.75205e-08
 Reference value :  1.75288e-08
 Reference value :  1.75400e-08
 Reference value :  1.75511e-08
 Reference value :  1.75576e-08
 Reference value :  1.75645e-08
 Reference value :  1.75711e-08
 Reference value :  1.75781e-08
 Reference value :  1.75884e-08
 Reference value :  1.75940e-08
 Reference value :  1.75993e-08
 Reference value :  1.76039e-08
 Reference value :  1.76113e-08
 Reference value :  1.76169e-08
 Reference value :  1.76263e-08
 Reference value :  1.76350e-08
 Reference value :  1.76479e-08
 Reference value :  1.76584e-08
 Reference value :  1.76591e-08
 Reference value :  1.76627e-08
 Reference value :  1.76683e-08
 Reference value :  1.76776e-08
 Reference value :  1.76870e-08
 Reference value :  1.76964e-08
 Reference value :  1.77057e-08
 Reference value :  1.77084e-08
 Reference value :  1.77093e-08
 Reference value :  1.77198e-08
 Reference value :  1.77394e-08
 Reference value :  1.77594e-08
 Reference value :  1.77897e-08
 Reference value :  1.78216e-08
 Reference value :  1.78932e-08
 Reference value :  1.79131e-08
 Reference value :  1.79139e-08
 Reference value :  1.79313e-08
 Reference value :  1.80092e-08
 Reference value :  1.80892e-08
 Reference value :  1.81692e-08
 Reference value :  1.82492e-08
 Reference value :  1.83892e-08
 Reference value :  1.84515e-08
 Reference value :  1.84524e-08
 Reference value :  1.84611e-08
 Reference value :  1.85479e-08
 Reference value :  1.86279e-08
 Reference value :  1.87479e-08
 Reference value :  1.88279e-08
 Reference value :  1.88552e-08
 Reference value :  1.88554e-08
 Reference value :  1.88571e-08
 Reference value :  1.88607e-08
 Reference value :  1.88673e-08
 Reference value :  1.88756e-08
 Reference value :  1.88906e-08
 Reference value :  1.89014e-08
 Reference value :  1.89117e-08
 Reference value :  1.89183e-08
 Reference value :  1.89286e-08
 Reference value :  1.89345e-08
 Reference value :  1.89402e-08
 Reference value :  1.89457e-08
 Reference value :  1.89505e-08
 Reference value :  1.89608e-08
 Reference value :  1.89670e-08
 Reference value :  1.89761e-08
 Reference value :  1.89849e-08
 Reference value :  1.89984e-08
 Reference value :  1.90052e-08
 Reference value :  1.90059e-08
 Reference value :  1.90080e-08
 Reference value :  1.90135e-08
 Reference value :  1.90197e-08
 Reference value :  1.90279e-08
 Reference value :  1.90372e-08
 Reference value :  1.90502e-08
 Reference value :  1.90552e-08
 Reference value :  1.90556e-08
 Reference value :  1.90581e-08
 Reference value :  1.90661e-08
 Reference value :  1.90787e-08
 Reference value :  1.90910e-08
 Reference value :  1.91075e-08
 Reference value :  1.91315e-08
 Reference value :  1.91541e-08
 Reference value :  1.91983e-08
 Reference value :  1.92480e-08
 Reference value :  1.92596e-08
 Reference value :  1.92605e-08
 Reference value :  1.92691e-08
 Reference value :  1.93160e-08
 Reference value :  1.93960e-08
 Reference value :  1.94960e-08
 Reference value :  1.95560e-08
 Reference value :  1.96760e-08
 Reference value :  1.97560e-08
 Reference value :  1.97983e-08
 Reference value :  1.97995e-08
 Reference value :  1.98168e-08
 Reference value :  1.99147e-08
 Reference value :  1.99747e-08
 Reference value :  2.00947e-08
 Reference value :  2.02020e-08
 Reference value :  2.02025e-08
 Reference value :  2.02057e-08
 Reference value :  2.02097e-08
 Reference value :  2.02165e-08
 Reference value :  2.02261e-08
 Reference value :  2.02374e-08
 Reference value :  2.02447e-08
 Reference value :  2.02546e-08
 Reference value :  2.02581e-08
 Reference value :  2.02647e-08
 Reference value :  2.02755e-08
 Reference value :  2.02820e-08
 Reference value :  2.02876e-08
 Reference value :  2.02929e-08
 Reference value :  2.02998e-08
 Reference value :  2.03077e-08
 Reference value :  2.03169e-08
 Reference value :  2.03228e-08
 Reference value :  2.03317e-08
 Reference value :  2.03486e-08
 Reference value :  2.03520e-08
 Reference value :  2.03527e-08
 Reference value :  2.03563e-08
 Reference value :  2.03639e-08
 Reference value :  2.03712e-08
 Reference value :  2.03837e-08
 Reference value :  2.03932e-08
 Reference value :  2.04020e-08
 Reference value :  2.04022e-08
 Reference value :  2.04058e-08
 Reference value :  2.04179e-08
 Reference value :  2.04394e-08
 Reference value :  2.04597e-08
 Reference value :  2.04747e-08
 Reference value :  2.05030e-08
 Reference value :  2.05474e-08
 Reference value :  2.06061e-08
 Reference value :  2.06071e-08
 Reference value :  2.06081e-08
 Reference value :  2.06249e-08
 Reference value :  2.06828e-08
 Reference value :  2.07428e-08
 Reference value :  2.08228e-08
 Reference value :  2.09028e-08
 Reference value :  2.09828e-08
 Reference value :  2.10628e-08
 Reference value :  2.11338e-08
 Reference value :  2.11458e-08
 Reference value :  2.11468e-08
 Reference value :  2.11816e-08
 Reference value :  2.12605e-08
 Reference value :  2.12801e-08
 Reference value :  2.12815e-08
 Reference value :  2.12983e-08
 Reference value :  2.13962e-08
 Reference value :  2.14962e-08
 Reference value :  2.15488e-08
 Reference value :  2.15488e-08
 Reference value :  2.15491e-08
 Reference value :  2.15527e-08
 Reference value :  2.15589e-08
 Reference value :  2.15667e-08
 Reference value :  2.15771e-08
 Reference value :  2.15888e-08
 Reference value :  2.15990e-08
 Reference value :  2.16062e-08
 Reference value :  2.16095e-08
 Reference value :  2.16163e-08
 Reference value :  2.16232e-08
 Reference value :  2.16289e-08
 Reference value :  2.16378e-08
 Reference value :  2.16485e-08
 Reference value :  2.16597e-08
 Reference value :  2.16654e-08
 Reference value :  2.16742e-08
 Reference value :  2.16803e-08
 Reference value :  2.16870e-08
 Reference value :  2.16940e-08
 Reference value :  2.16988e-08
 Reference value :  2.16993e-08
 Reference value :  2.17022e-08
 Reference value :  2.17057e-08
 Reference value :  2.17116e-08
 Reference value :  2.17193e-08
 Reference value :  2.17348e-08
 Reference value :  2.17447e-08
 Reference value :  2.17488e-08
 Reference value :  2.17495e-08
 Reference value :  2.17566e-08
 Reference value :  2.17623e-08
 Reference value :  2.17686e-08
 Reference value :  2.17758e-08
 Reference value :  2.17843e-08
 Reference value :  2.18156e-08
 Reference value :  2.18471e-08
 Reference value :  2.18912e-08
 Reference value :  2.19695e-08
 Reference value :  2.20295e-08
 Reference value :  2.20895e-08
 Reference value :  2.21695e-08
 Reference value :  2.22495e-08
 Reference value :  2.23295e-08
 Reference value :  2.24095e-08
 Reference value :  2.24895e-08
 Reference value :  2.25495e-08
 Reference value :  2.26495e-08
 Reference value :  2.27295e-08
 Reference value :  2.28495e-08
 Reference value :  2.28956e-08
 Reference value :  2.28961e-08
 Reference value :  2.28994e-08
 Reference value :  2.29031e-08
 Reference value :  2.29159e-08
 Reference value :  2.29270e-08
 Reference value :  2.29380e-08
 Reference value :  2.29445e-08
 Reference value :  2.29515e-08
 Reference value :  2.29582e-08
 Reference value :  2.29690e-08
 Reference value :  2.29755e-08
 Reference value :  2.29811e-08
 Reference value :  2.29885e-08
 Reference value :  2.29958e-08
 Reference value :  2.30039e-08
 Reference value :  2.30133e-08
 Reference value :  2.30191e-08
 Reference value :  2.30282e-08
 Reference value :  2.30384e-08
 Reference value :  2.30456e-08
 Reference value :  2.30463e-08
 Reference value :  2.30503e-08
 Reference value :  2.30558e-08
 Reference value :  2.30627e-08
 Reference value :  2.30748e-08
 Reference value :  2.30875e-08
 Reference value :  2.30956e-08
 Reference value :  2.30960e-08
 Reference value :  2.30987e-08
 Reference value :  2.31146e-08
 Reference value :  2.31376e-08
 Reference value :  2.31587e-08
 Reference value :  2.31934e-08
 Reference value :  2.32746e-08
 Reference value :  2.33546e-08
 Reference value :  2.34346e-08
 Reference value :  2.35146e-08
 Reference value :  2.35946e-08
 Reference value :  2.36746e-08
 Reference value :  2.37746e-08
 Reference value :  2.38546e-08
 Reference value :  2.39546e-08
 Reference value :  2.40346e-08
 Reference value :  2.40946e-08
 Reference value :  2.41746e-08
 Reference value :  2.42424e-08
 Reference value :  2.42425e-08
 Reference value :  2.42434e-08
 Reference value :  2.42480e-08
 Reference value :  2.42545e-08
 Reference value :  2.42629e-08
 Reference value :  2.42741e-08
 Reference value :  2.42819e-08
 Reference value :  2.42886e-08
 Reference value :  2.42990e-08
 Reference value :  2.43056e-08
 Reference value :  2.43159e-08
 Reference value :  2.43218e-08
 Reference value :  2.43303e-08
 Reference value :  2.43354e-08
 Reference value :  2.43404e-08
 Reference value :  2.43511e-08
 Reference value :  2.43633e-08
 Reference value :  2.43722e-08
 Reference value :  2.43857e-08
 Reference value :  2.43924e-08
 Reference value :  2.43938e-08
 Reference value :  2.43987e-08
 Reference value :  2.44069e-08
 Reference value :  2.44181e-08
 Reference value :  2.44276e-08
 Reference value :  2.44399e-08
 Reference value :  2.44424e-08
 Reference value :  2.44428e-08
 Reference value :  2.44454e-08
 Reference value :  2.44505e-08
 Reference value :  2.44625e-08
 Reference value :  2.44783e-08
 Reference value :  2.44948e-08
 Reference value :  2.45296e-08
 Reference value :  2.45694e-08
 Reference value :  2.46244e-08
 Reference value :  2.46644e-08
 Reference value :  2.47244e-08
 Reference value :  2.47844e-08
 Reference value :  2.48644e-08
 Reference value :  2.49844e-08
 Reference value :  2.51244e-08
 Reference value :  2.52044e-08
 Reference value :  2.53244e-08
 Reference value :  2.54444e-08
 Reference value :  2.55444e-08
 Reference value :  2.55893e-08
 Reference value :  2.55928e-08
 Reference value :  2.55987e-08
 Reference value :  2.56065e-08
 Reference value :  2.56206e-08
 Reference value :  2.56348e-08
 Reference value :  2.56452e-08
 Reference value :  2.56518e-08
 Reference value :  2.56588e-08
 Reference value :  2.56691e-08
 Reference value :  2.56777e-08
 Reference value :  2.56822e-08
 Reference value :  2.56919e-08
 Reference value :  2.57008e-08
 Reference value :  2.57099e-08
 Reference value :  2.57187e-08
 Reference value :  2.57286e-08
 Reference value :  2.57357e-08
 Reference value :  2.57392e-08
 Reference value :  2.57399e-08
 Reference value :  2.57456e-08
 Reference value :  2.57537e-08
 Reference value :  2.57619e-08
 Reference value :  2.57714e-08
 Reference value :  2.57777e-08
 Reference value :  2.57844e-08
 Reference value :  2.57893e-08
 Reference value :  2.57908e-08
 Reference value :  2.57997e-08
 Reference value :  2.58132e-08
 Reference value :  2.58314e-08
 Reference value :  2.58525e-08
 Reference value :  2.58772e-08
 Reference value :  2.59142e-08
 Reference value :  2.59689e-08
 Reference value :  2.60289e-08
 Reference value :  2.60889e-08
 Reference value :  2.61689e-08
 Reference value :  2.62489e-08
 Reference value :  2.63689e-08
 Reference value :  2.64489e-08
 Reference value :  2.65289e-08
 Reference value :  2.66289e-08
 Reference value :  2.67289e-08
 Reference value :  2.68489e-08
 Reference value :  2.69360e-08
 Reference value :  2.69360e-08
 Reference value :  2.69360e-08
 Reference value :  2.69360e-08
 Reference value :  2.69360e-08
 Reference value :  2.69360e-08
 Reference value :  2.69360e-08
 Reference value :  2.69360e-08
 Reference value :  2.69360e-08
 Reference value :  2.69360e-08
 Reference value :  2.69360e-08
 Reference value :  2.69360e-08
 Reference value :  2.69360e-08
 Reference value :  2.69361e-08
 Reference value :  2.69362e-08
 Reference value :  2.69369e-08
 Reference value :  2.69388e-08
 Reference value :  2.69412e-08
 Reference value :  2.69460e-08
 Reference value :  2.69490e-08
 Reference value :  2.69520e-08
 Reference value :  2.69555e-08
 Reference value :  2.69605e-08
 Reference value :  2.69650e-08
 Reference value :  2.69722e-08
 Reference value :  2.69806e-08
 Reference value :  2.69933e-08
 Reference value :  2.70074e-08
 Reference value :  2.70140e-08
 Reference value :  2.70198e-08
 Reference value :  2.70278e-08
 Reference value :  2.70316e-08
 Reference value :  2.70382e-08
 Reference value :  2.70465e-08
 Reference value :  2.70522e-08
 Reference value :  2.70609e-08
 Reference value :  2.70667e-08
 Reference value :  2.70760e-08
 Reference value :  2.70843e-08
 Reference value :  2.70860e-08
 Reference value :  2.70868e-08
 Reference value :  2.70908e-08
 Reference value :  2.70944e-08
 Reference value :  2.71031e-08
 Reference value :  2.71119e-08
 Reference value :  2.71241e-08
 Reference value :  2.71360e-08
 Reference value :  2.71361e-08
 Reference value :  2.71377e-08
 Reference value :  2.71474e-08
 Reference value :  2.71602e-08
 Reference value :  2.71777e-08
 Reference value :  2.71967e-08
 Reference value :  2.72251e-08
 Reference value :  2.72744e-08
 Reference value :  2.73344e-08
 Reference value :  2.73944e-08
 Reference value :  2.74544e-08
 Reference value :  2.75544e-08
 Reference value :  2.76344e-08
 Reference value :  2.77344e-08
 Reference value :  2.78144e-08
 Reference value :  2.78944e-08
 Reference value :  2.79944e-08
 Reference value :  2.80744e-08
 Reference value :  2.81944e-08
 Reference value :  2.82686e-08
 Reference value :  2.82828e-08
 Reference value :  2.82833e-08
 Reference value :  2.82866e-08
 Reference value :  2.82905e-08
 Reference value :  2.82950e-08
 Reference value :  2.83034e-08
 Reference value :  2.83146e-08
 Reference value :  2.83255e-08
 Reference value :  2.83287e-08
 Reference value :  2.83390e-08
 Reference value :  2.83456e-08
 Reference value :  2.83599e-08
 Reference value :  2.83719e-08
 Reference value :  2.83760e-08
 Reference value :  2.83854e-08
 Reference value :  2.83943e-08
 Reference value :  2.84035e-08
 Reference value :  2.84122e-08
 Reference value :  2.84214e-08
 Reference value :  2.84306e-08
 Reference value :  2.84329e-08
 Reference value :  2.84336e-08
 Reference value :  2.84376e-08
 Reference value :  2.84412e-08
 Reference value :  2.84475e-08
 Reference value :  2.84585e-08
 Reference value :  2.84672e-08
 Reference value :  2.84797e-08
 Reference value :  2.84829e-08
 Reference value :  2.84874e-08
 Reference value :  2.84951e-08
 Reference value :  2.85150e-08
 Reference value :  2.85354e-08
 Reference value :  2.85579e-08
 Reference value :  2.85866e-08
 Reference value :  2.86350e-08
 Reference value :  2.86950e-08
 Reference value :  2.87550e-08
 Reference value :  2.88150e-08
 Reference value :  2.89150e-08
 Reference value :  2.89950e-08
 Reference value :  2.90950e-08
 Reference value :  2.91550e-08
 Reference value :  2.92550e-08
 Reference value :  2.93350e-08
 Reference value :  2.94550e-08
 Reference value :  2.95750e-08
 Reference value :  2.96296e-08
 Reference value :  2.96302e-08
 Reference value :  2.96338e-08
 Reference value :  2.96399e-08
 Reference value :  2.96509e-08
 Reference value :  2.96622e-08
 Reference value :  2.96768e-08
 Reference value :  2.96874e-08
 Reference value :  2.96976e-08
 Reference value :  2.97107e-08
 Reference value :  2.97208e-08
 Reference value :  2.97251e-08
 Reference value :  2.97323e-08
 Reference value :  2.97413e-08
 Reference value :  2.97504e-08
 Reference value :  2.97621e-08
 Reference value :  2.97719e-08
 Reference value :  2.97796e-08
 Reference value :  2.97797e-08
 Reference value :  2.97812e-08
 Reference value :  2.97880e-08
 Reference value :  2.97920e-08
 Reference value :  2.98024e-08
 Reference value :  2.98115e-08
 Reference value :  2.98205e-08
 Reference value :  2.98296e-08
 Reference value :  2.98297e-08
 Reference value :  2.98332e-08
 Reference value :  2.98357e-08
 Reference value :  2.98442e-08
 Reference value :  2.98541e-08
 Reference value :  2.98718e-08
 Reference value :  2.98910e-08
 Reference value :  2.99199e-08
 Reference value :  2.99698e-08
 Reference value :  3.00098e-08
 Reference value :  3.00698e-08
 Reference value :  3.01298e-08
 Reference value :  3.02098e-08
 Reference value :  3.03098e-08
 Reference value :  3.03898e-08
 Reference value :  3.04898e-08
 Reference value :  3.05698e-08
 Reference value :  3.06298e-08
 Reference value :  3.07298e-08
 Reference value :  3.08298e-08
 Reference value :  3.09298e-08
 Reference value :  3.09764e-08
 Reference value :  3.09769e-08
 Reference value :  3.09803e-08
 Reference value :  3.09861e-08
 Reference value :  3.09937e-08
 Reference value :  3.10079e-08
 Reference value :  3.10189e-08
 Reference value :  3.10254e-08
 Reference value :  3.10358e-08
 Reference value :  3.10460e-08
 Reference value :  3.10567e-08
 Reference value :  3.10654e-08
 Reference value :  3.10694e-08
 Reference value :  3.10763e-08
 Reference value :  3.10845e-08
 Reference value :  3.10940e-08
 Reference value :  3.11028e-08
 Reference value :  3.11148e-08
 Reference value :  3.11264e-08
 Reference value :  3.11265e-08
 Reference value :  3.11296e-08
 Reference value :  3.11329e-08
 Reference value :  3.11435e-08
 Reference value :  3.11549e-08
 Reference value :  3.11638e-08
 Reference value :  3.11733e-08
 Reference value :  3.11765e-08
 Reference value :  3.11775e-08
 Reference value :  3.11846e-08
 Reference value :  3.11976e-08
 Reference value :  3.12223e-08
 Reference value :  3.12434e-08
 Reference value :  3.12696e-08
 Reference value :  3.13099e-08
 Reference value :  3.13886e-08
 Reference value :  3.14686e-08
 Reference value :  3.15686e-08
 Reference value :  3.16686e-08
 Reference value :  3.17486e-08
 Reference value :  3.18486e-08
 Reference value :  3.19686e-08
 Reference value :  3.20686e-08
 Reference value :  3.21486e-08
 Reference value :  3.22286e-08
 Reference value :  3.23059e-08
 Reference value :  3.23233e-08
 Reference value :  3.23244e-08
 Reference value :  3.23314e-08
 Reference value :  3.23414e-08
 Reference value :  3.23558e-08
 Reference value :  3.23704e-08
 Reference value :  3.23810e-08
 Reference value :  3.23879e-08
 Reference value :  3.24015e-08
 Reference value :  3.24073e-08
 Reference value :  3.24124e-08
 Reference value :  3.24164e-08
 Reference value :  3.24233e-08
 Reference value :  3.24287e-08
 Reference value :  3.24349e-08
 Reference value :  3.24440e-08
 Reference value :  3.24499e-08
 Reference value :  3.24557e-08
 Reference value :  3.24655e-08
 Reference value :  3.24732e-08
 Reference value :  3.24732e-08
 Reference value :  3.24734e-08
 Reference value :  3.24748e-08
 Reference value :  3.24780e-08
 Reference value :  3.24835e-08
 Reference value :  3.24903e-08
 Reference value :  3.25022e-08
 Reference value :  3.25110e-08
 Reference value :  3.25203e-08
 Reference value :  3.25233e-08
 Reference value :  3.25250e-08
 Reference value :  3.25321e-08
 Reference value :  3.25442e-08
 Reference value :  3.25604e-08
 Reference value :  3.25846e-08
 Reference value :  3.26270e-08
 Reference value :  3.27034e-08
 Reference value :  3.27634e-08
 Reference value :  3.28234e-08
 Reference value :  3.29034e-08
 Reference value :  3.30034e-08
 Reference value :  3.30834e-08
 Reference value :  3.31634e-08
 Reference value :  3.32634e-08
 Reference value :  3.33434e-08
 Reference value :  3.34234e-08
 Reference value :  3.35234e-08
 Reference value :  3.36034e-08
 Reference value :  3.36700e-08
 Reference value :  3.36705e-08
 Reference value :  3.36739e-08
 Reference value :  3.36776e-08
 Reference value :  3.36845e-08
 Reference value :  3.36940e-08
 Reference value :  3.37054e-08
 Reference value :  3.37125e-08
 Reference value :  3.37190e-08
 Reference value :  3.37260e-08
 Reference value :  3.37327e-08
 Reference value :  3.37470e-08
 Reference value :  3.37565e-08
 Reference value :  3.37590e-08
 Reference value :  3.37630e-08
 Reference value :  3.37675e-08
 Reference value :  3.37752e-08
 Reference value :  3.37846e-08
 Reference value :  3.37934e-08
 Reference value :  3.38022e-08
 Reference value :  3.38119e-08
 Reference value :  3.38200e-08
 Reference value :  3.38201e-08
 Reference value :  3.38216e-08
 Reference value :  3.38265e-08
 Reference value :  3.38347e-08
 Reference value :  3.38428e-08
 Reference value :  3.38457e-08
 Reference value :  3.38516e-08
 Reference value :  3.38605e-08
 Reference value :  3.38700e-08
 Reference value :  3.38706e-08
 Reference value :  3.38782e-08
 Reference value :  3.38912e-08
 Reference value :  3.39087e-08
 Reference value :  3.39298e-08
 Reference value :  3.39535e-08
 Reference value :  3.39871e-08
 Reference value :  3.40422e-08
 Reference value :  3.41022e-08
 Reference value :  3.41622e-08
 Reference value :  3.42422e-08
 Reference value :  3.43022e-08
 Reference value :  3.44422e-08
 Reference value :  3.45422e-08
 Reference value :  3.46422e-08
 Reference value :  3.47022e-08
 Reference value :  3.47622e-08
 Reference value :  3.48622e-08
 Reference value :  3.49222e-08
 Reference value :  3.49995e-08
 Reference value :  3.50169e-08
 Reference value :  3.50180e-08
 Reference value :  3.50229e-08
 Reference value :  3.50295e-08
 Reference value :  3.50419e-08
 Reference value :  3.50572e-08
 Reference value :  3.50710e-08
 Reference value :  3.50779e-08
 Reference value :  3.50886e-08
 Reference value :  3.50951e-08
 Reference value :  3.51009e-08
 Reference value :  3.51060e-08
 Reference value :  3.51101e-08
 Reference value :  3.51169e-08
 Reference value :  3.51285e-08
 Reference value :  3.51435e-08
 Reference value :  3.51523e-08
 Reference value :  3.51591e-08
 Reference value :  3.51668e-08
 Reference value :  3.51669e-08
 Reference value :  3.51676e-08
 Reference value :  3.51716e-08
 Reference value :  3.51772e-08
 Reference value :  3.51867e-08
 Reference value :  3.51987e-08
 Reference value :  3.52077e-08
 Reference value :  3.52169e-08
 Reference value :  3.52177e-08
 Reference value :  3.52229e-08
 Reference value :  3.52314e-08
 Reference value :  3.52452e-08
 Reference value :  3.52647e-08
 Reference value :  3.52864e-08
 Reference value :  3.53206e-08
 Reference value :  3.53770e-08
 Reference value :  3.54370e-08
 Reference value :  3.55170e-08
 Reference value :  3.56170e-08
 Reference value :  3.57170e-08
 Reference value :  3.58370e-08
 Reference value :  3.59170e-08
 Reference value :  3.59970e-08
 Reference value :  3.60770e-08
 Reference value :  3.61570e-08
 Reference value :  3.62170e-08
 Reference value :  3.62970e-08
 Reference value :  3.63636e-08
 Reference value :  3.63637e-08
 Reference value :  3.63646e-08
 Reference value :  3.63692e-08
 Reference value :  3.63733e-08
 Reference value :  3.63840e-08
 Reference value :  3.63990e-08
 Reference value :  3.64092e-08
 Reference value :  3.64196e-08
 Reference value :  3.64263e-08
 Reference value :  3.64439e-08
 Reference value :  3.64526e-08
 Reference value :  3.64566e-08
 Reference value :  3.64635e-08
 Reference value :  3.64717e-08
 Reference value :  3.64812e-08
 Reference value :  3.64929e-08
 Reference value :  3.65020e-08
 Reference value :  3.65113e-08
 Reference value :  3.65136e-08
 Reference value :  3.65144e-08
 Reference value :  3.65184e-08
 Reference value :  3.65220e-08
 Reference value :  3.65283e-08
 Reference value :  3.65335e-08
 Reference value :  3.65393e-08
 Reference value :  3.65480e-08
 Reference value :  3.65636e-08
 Reference value :  3.65639e-08
 Reference value :  3.65718e-08
 Reference value :  3.65900e-08
 Reference value :  3.66095e-08
 Reference value :  3.66306e-08
 Reference value :  3.66568e-08
 Reference value :  3.66972e-08
 Reference value :  3.67758e-08
 Reference value :  3.68358e-08
 Reference value :  3.69358e-08
 Reference value :  3.70358e-08
 Reference value :  3.71158e-08
 Reference value :  3.72158e-08
 Reference value :  3.72958e-08
 Reference value :  3.73758e-08
 Reference value :  3.74758e-08
 Reference value :  3.75558e-08
 Reference value :  3.76558e-08
 Reference value :  3.77105e-08
 Reference value :  3.77110e-08
 Reference value :  3.77170e-08
 Reference value :  3.77247e-08
 Reference value :  3.77309e-08
 Reference value :  3.77410e-08
 Reference value :  3.77515e-08
 Reference value :  3.77580e-08
 Reference value :  3.77693e-08
 Reference value :  3.77835e-08
 Reference value :  3.77960e-08
 Reference value :  3.77986e-08
 Reference value :  3.78008e-08
 Reference value :  3.78030e-08
 Reference value :  3.78077e-08
 Reference value :  3.78155e-08
 Reference value :  3.78247e-08
 Reference value :  3.78307e-08
 Reference value :  3.78395e-08
 Reference value :  3.78491e-08
 Reference value :  3.78604e-08
 Reference value :  3.78605e-08
 Reference value :  3.78638e-08
 Reference value :  3.78671e-08
 Reference value :  3.78754e-08
 Reference value :  3.78835e-08
 Reference value :  3.78931e-08
 Reference value :  3.79062e-08
 Reference value :  3.79105e-08
 Reference value :  3.79107e-08
 Reference value :  3.79157e-08
 Reference value :  3.79302e-08
 Reference value :  3.79416e-08
 Reference value :  3.79563e-08
 Reference value :  3.79932e-08
 Reference value :  3.80427e-08
 Reference value :  3.81188e-08
 Reference value :  3.82188e-08
 Reference value :  3.82788e-08
 Reference value :  3.83788e-08
 Reference value :  3.84588e-08
 Reference value :  3.85588e-08
 Reference value :  3.86588e-08
 Reference value :  3.87388e-08
 Reference value :  3.88388e-08
 Reference value :  3.88988e-08
 Reference value :  3.89788e-08
 Reference value :  3.90388e-08
 Reference value :  3.90573e-08
 Reference value :  3.90585e-08
 Reference value :  3.90615e-08
 Reference value :  3.90677e-08
 Reference value :  3.90756e-08
 Reference value :  3.90862e-08
 Reference value :  3.90974e-08
 Reference value :  3.91006e-08
 Reference value :  3.91109e-08
 Reference value :  3.91179e-08
 Reference value :  3.91247e-08
 Reference value :  3.91316e-08
 Reference value :  3.91375e-08
 Reference value :  3.91432e-08
 Reference value :  3.91480e-08
 Reference value :  3.91549e-08
 Reference value :  3.91627e-08
 Reference value :  3.91720e-08
 Reference value :  3.91808e-08
 Reference value :  3.91933e-08
 Reference value :  3.92038e-08
 Reference value :  3.92073e-08
 Reference value :  3.92076e-08
 Reference value :  3.92118e-08
 Reference value :  3.92173e-08
 Reference value :  3.92242e-08
 Reference value :  3.92330e-08
 Reference value :  3.92393e-08
 Reference value :  3.92523e-08
 Reference value :  3.92573e-08
 Reference value :  3.92638e-08
 Reference value :  3.92765e-08
 Reference value :  3.92870e-08
 Reference value :  3.92996e-08
 Reference value :  3.93208e-08
 Reference value :  3.93455e-08
 Reference value :  3.93829e-08
 Reference value :  3.94378e-08
 Reference value :  3.94978e-08
 Reference value :  3.95378e-08
 Reference value :  3.96178e-08
 Reference value :  3.97178e-08
 Reference value :  3.98578e-08
 Reference value :  3.99778e-08
 Reference value :  4.00978e-08
 Reference value :  4.01778e-08
 Reference value :  4.02778e-08
 Reference value :  4.03778e-08
 Reference value :  4.04041e-08
 Reference value :  4.04045e-08
 Reference value :  4.04078e-08
 Reference value :  4.04136e-08
 Reference value :  4.04243e-08
 Reference value :  4.04354e-08
 Reference value :  4.04464e-08
 Reference value :  4.04529e-08
 Reference value :  4.04599e-08
 Reference value :  4.04666e-08
 Reference value :  4.04770e-08
 Reference value :  4.04829e-08
 Reference value :  4.04886e-08
 Reference value :  4.04941e-08
 Reference value :  4.04989e-08
 Reference value :  4.05066e-08
 Reference value :  4.05153e-08
 Reference value :  4.05210e-08
 Reference value :  4.05268e-08
 Reference value :  4.05327e-08
 Reference value :  4.05427e-08
 Reference value :  4.05519e-08
 Reference value :  4.05541e-08
 Reference value :  4.05544e-08
 Reference value :  4.05607e-08
 Reference value :  4.05714e-08
 Reference value :  4.05802e-08
 Reference value :  4.05928e-08
 Reference value :  4.06040e-08
 Reference value :  4.06042e-08
 Reference value :  4.06067e-08
 Reference value :  4.06148e-08
 Reference value :  4.06238e-08
 Reference value :  4.06352e-08
 Reference value :  4.06499e-08
 Reference value :  4.06708e-08
 Reference value :  4.07023e-08
 Reference value :  4.07464e-08
 Reference value :  4.08047e-08
 Reference value :  4.08647e-08
 Reference value :  4.09247e-08
 Reference value :  4.10247e-08
 Reference value :  4.11647e-08
 Reference value :  4.12447e-08
 Reference value :  4.13047e-08
 Reference value :  4.13647e-08
 Reference value :  4.14247e-08
 Reference value :  4.14847e-08
 Reference value :  4.15447e-08
 Reference value :  4.16447e-08
 Reference value :  4.17378e-08
 Reference value :  4.17509e-08
 Reference value :  4.17518e-08
 Reference value :  4.17563e-08
 Reference value :  4.17604e-08
 Reference value :  4.17652e-08
 Reference value :  4.17784e-08
 Reference value :  4.17899e-08
 Reference value :  4.17964e-08
 Reference value :  4.18067e-08
 Reference value :  4.18102e-08
 Reference value :  4.18242e-08
 Reference value :  4.18363e-08
 Reference value :  4.18416e-08
 Reference value :  4.18485e-08
 Reference value :  4.18535e-08
 Reference value :  4.18624e-08
 Reference value :  4.18714e-08
 Reference value :  4.18803e-08
 Reference value :  4.18901e-08
 Reference value :  4.19008e-08
 Reference value :  4.19010e-08
 Reference value :  4.19055e-08
 Reference value :  4.19110e-08
 Reference value :  4.19205e-08
 Reference value :  4.19300e-08
 Reference value :  4.19427e-08
 Reference value :  4.19509e-08
 Reference value :  4.19516e-08
 Reference value :  4.19612e-08
 Reference value :  4.19803e-08
 Reference value :  4.19998e-08
 Reference value :  4.20297e-08
 Reference value :  4.20753e-08
 Reference value :  4.21499e-08
 Reference value :  4.22299e-08
 Reference value :  4.23099e-08
 Reference value :  4.24099e-08
 Reference value :  4.24899e-08
 Reference value :  4.25699e-08
 Reference value :  4.26899e-08
 Reference value :  4.27699e-08
 Reference value :  4.28499e-08
 Reference value :  4.29699e-08
 Reference value :  4.30699e-08
 Reference value :  4.30977e-08
 Reference value :  4.30996e-08
 Reference value :  4.31032e-08
 Reference value :  4.31074e-08
 Reference value :  4.31151e-08
 Reference value :  4.31293e-08
 Reference value :  4.31371e-08
 Reference value :  4.31438e-08
 Reference value :  4.31542e-08
 Reference value :  4.31608e-08
 Reference value :  4.31711e-08
 Reference value :  4.31770e-08
 Reference value :  4.31855e-08
 Reference value :  4.31906e-08
 Reference value :  4.31930e-08
 Reference value :  4.32007e-08
 Reference value :  4.32127e-08
 Reference value :  4.32244e-08
 Reference value :  4.32409e-08
 Reference value :  4.32477e-08
 Reference value :  4.32490e-08
 Reference value :  4.32540e-08
 Reference value :  4.32599e-08
 Reference value :  4.32672e-08
 Reference value :  4.32765e-08
 Reference value :  4.32859e-08
 Reference value :  4.32951e-08
 Reference value :  4.32977e-08
 Reference value :  4.32984e-08
 Reference value :  4.33030e-08
 Reference value :  4.33085e-08
 Reference value :  4.33177e-08
 Reference value :  4.33290e-08
 Reference value :  4.33439e-08
 Reference value :  4.33848e-08
 Reference value :  4.34410e-08
 Reference value :  4.34996e-08
 Reference value :  4.35596e-08
 Reference value :  4.35996e-08
 Reference value :  4.36596e-08
 Reference value :  4.37396e-08
 Reference value :  4.38196e-08
 Reference value :  4.39196e-08
 Reference value :  4.40196e-08
 Reference value :  4.41196e-08
 Reference value :  4.42196e-08
 Reference value :  4.43396e-08
 Reference value :  4.44196e-08
 Reference value :  4.44445e-08
 Reference value :  4.44449e-08
 Reference value :  4.44480e-08
 Reference value :  4.44540e-08
 Reference value :  4.44683e-08
 Reference value :  4.44869e-08
 Reference value :  4.44968e-08
 Reference value :  4.45038e-08
 Reference value :  4.45140e-08
 Reference value :  4.45214e-08
 Reference value :  4.45271e-08
 Reference value :  4.45352e-08
 Reference value :  4.45398e-08
 Reference value :  4.45472e-08
 Reference value :  4.45561e-08
 Reference value :  4.45680e-08
 Reference value :  4.45804e-08
 Reference value :  4.45909e-08
 Reference value :  4.45945e-08
 Reference value :  4.45958e-08
 Reference value :  4.46027e-08
 Reference value :  4.46089e-08
 Reference value :  4.46203e-08
 Reference value :  4.46298e-08
 Reference value :  4.46420e-08
 Reference value :  4.46445e-08
 Reference value :  4.46460e-08
 Reference value :  4.46590e-08
 Reference value :  4.46801e-08
 Reference value :  4.46936e-08
 Reference value :  4.47077e-08
 Reference value :  4.47324e-08
 Reference value :  4.47854e-08
 Reference value :  4.48241e-08
 Reference value :  4.48841e-08
 Reference value :  4.49441e-08
 Reference value :  4.50641e-08
 Reference value :  4.51641e-08
 Reference value :  4.52441e-08
 Reference value :  4.53441e-08
 Reference value :  4.54441e-08
 Reference value :  4.55641e-08
 Reference value :  4.56441e-08
 Reference value :  4.57241e-08
 Reference value :  4.57913e-08
 Reference value :  4.57915e-08
 Reference value :  4.57932e-08
 Reference value :  4.57988e-08
 Reference value :  4.58033e-08
 Reference value :  4.58116e-08
 Reference value :  4.58228e-08
 Reference value :  4.58338e-08
 Reference value :  4.58403e-08
 Reference value :  4.58473e-08
 Reference value :  4.58539e-08
 Reference value :  4.58674e-08
 Reference value :  4.58729e-08
 Reference value :  4.58813e-08
 Reference value :  4.58862e-08
 Reference value :  4.58939e-08
 Reference value :  4.59055e-08
 Reference value :  4.59141e-08
 Reference value :  4.59232e-08
 Reference value :  4.59300e-08
 Reference value :  4.59391e-08
 Reference value :  4.59413e-08
 Reference value :  4.59420e-08
 Reference value :  4.59480e-08
 Reference value :  4.59518e-08
 Reference value :  4.59586e-08
 Reference value :  4.59674e-08
 Reference value :  4.59737e-08
 Reference value :  4.59833e-08
 Reference value :  4.59912e-08
 Reference value :  4.59913e-08
 Reference value :  4.59925e-08
 Reference value :  4.59991e-08
 Reference value :  4.60047e-08
 Reference value :  4.60110e-08
 Reference value :  4.60224e-08
 Reference value :  4.60371e-08
 Reference value :  4.60501e-08
 Reference value :  4.60777e-08
 Reference value :  4.61172e-08
 Reference value :  4.61719e-08
 Reference value :  4.62319e-08
 Reference value :  4.62919e-08
 Reference value :  4.63519e-08
 Reference value :  4.64319e-08
 Reference value :  4.65119e-08
 Reference value :  4.65919e-08
 Reference value :  4.66919e-08
 Reference value :  4.67719e-08
 Reference value :  4.68719e-08
 Reference value :  4.69719e-08
 Reference value :  4.70719e-08
 Reference value :  4.71381e-08
 Reference value :  4.71385e-08
 Reference value :  4.71418e-08
 Reference value :  4.71455e-08
 Reference value :  4.71583e-08
 Reference value :  4.71694e-08
 Reference value :  4.71804e-08
 Reference value :  4.71869e-08
 Reference value :  4.71939e-08
 Reference value :  4.72006e-08
 Reference value :  4.72114e-08
 Reference value :  4.72179e-08
 Reference value :  4.72236e-08
 Reference value :  4.72288e-08
 Reference value :  4.72334e-08
 Reference value :  4.72435e-08
 Reference value :  4.72558e-08
 Reference value :  4.72675e-08
 Reference value :  4.72773e-08
 Reference value :  4.72881e-08
 Reference value :  4.72887e-08
 Reference value :  4.72927e-08
 Reference value :  4.72982e-08
 Reference value :  4.73108e-08
 Reference value :  4.73234e-08
 Reference value :  4.73357e-08
 Reference value :  4.73381e-08
 Reference value :  4.73396e-08
 Reference value :  4.73484e-08
 Reference value :  4.73619e-08
 Reference value :  4.73800e-08
 Reference value :  4.74011e-08
 Reference value :  4.74359e-08
 Reference value :  4.74784e-08
 Reference value :  4.75371e-08
 Reference value :  4.75971e-08
 Reference value :  4.76371e-08
 Reference value :  4.77371e-08
 Reference value :  4.78171e-08
 Reference value :  4.78971e-08
 Reference value :  4.79771e-08
 Reference value :  4.80771e-08
 Reference value :  4.81371e-08
 Reference value :  4.82171e-08
 Reference value :  4.83171e-08
 Reference value :  4.84171e-08
 Reference value :  4.84849e-08
 Reference value :  4.84858e-08
 Reference value :  4.84904e-08
 Reference value :  4.84994e-08
 Reference value :  4.85090e-08
 Reference value :  4.85243e-08
 Reference value :  4.85310e-08
 Reference value :  4.85414e-08
 Reference value :  4.85448e-08
 Reference value :  4.85515e-08
 Reference value :  4.85614e-08
 Reference value :  4.85670e-08
 Reference value :  4.85754e-08
 Reference value :  4.85802e-08
 Reference value :  4.85879e-08
 Reference value :  4.85967e-08
 Reference value :  4.86086e-08
 Reference value :  4.86178e-08
 Reference value :  4.86281e-08
 Reference value :  4.86349e-08
 Reference value :  4.86362e-08
 Reference value :  4.86431e-08
 Reference value :  4.86493e-08
 Reference value :  4.86575e-08
 Reference value :  4.86637e-08
 Reference value :  4.86731e-08
 Reference value :  4.86823e-08
 Reference value :  4.86849e-08
 Reference value :  4.86852e-08
 Reference value :  4.86878e-08
 Reference value :  4.86957e-08
 Reference value :  4.87084e-08
 Reference value :  4.87207e-08
 Reference value :  4.87311e-08
 Reference value :  4.87521e-08
 Reference value :  4.87971e-08
 Reference value :  4.88468e-08
 Reference value :  4.89068e-08
 Reference value :  4.89468e-08
 Reference value :  4.90068e-08
 Reference value :  4.90868e-08
 Reference value :  4.91868e-08
 Reference value :  4.92668e-08
 Reference value :  4.93668e-08
 Reference value :  4.95068e-08
 Reference value :  4.96268e-08
 Reference value :  4.97068e-08
 Reference value :  4.98068e-08
 Reference value :  4.98317e-08
 Reference value :  4.98321e-08
 Reference value :  4.98370e-08
 Reference value :  4.98436e-08
 Reference value :  4.98555e-08
 Reference value :  4.98668e-08
 Reference value :  4.98741e-08
 Reference value :  4.98806e-08
 Reference value :  4.98910e-08
 Reference value :  4.98978e-08
 Reference value :  4.99086e-08
 Reference value :  4.99143e-08
 Reference value :  4.99246e-08
 Reference value :  4.99344e-08
 Reference value :  4.99433e-08
 Reference value :  4.99523e-08
 Reference value :  4.99612e-08
 Reference value :  4.99676e-08
 Reference value :  4.99781e-08
 Reference value :  4.99817e-08
 Reference value :  4.99830e-08
 Reference value :  4.99880e-08
 Reference value :  4.99961e-08
 Reference value :  5.00043e-08
 Reference value :  5.00170e-08
 Reference value :  5.00292e-08
 Reference value :  5.00317e-08
 Reference value :  5.00348e-08
 Reference value :  5.00508e-08
 Reference value :  5.00738e-08
 Reference value :  5.01024e-08
 Reference value :  5.01298e-08
 Reference value :  5.01726e-08
 Reference value :  5.02313e-08
 Reference value :  5.03113e-08
 Reference value :  5.03913e-08
 Reference value :  5.04913e-08
 Reference value :  5.05913e-08
 Reference value :  5.06913e-08
 Reference value :  5.07913e-08
 Reference value :  5.08913e-08
 Reference value :  5.09713e-08
 Reference value :  5.10713e-08
 Reference value :  5.11785e-08
 Reference value :  5.11785e-08
 Reference value :  5.11794e-08
 Reference value :  5.11823e-08
 Reference value :  5.11881e-08
 Reference value :  5.11958e-08
 Reference value :  5.12061e-08
 Reference value :  5.12210e-08
 Reference value :  5.12309e-08
 Reference value :  5.12379e-08
 Reference value :  5.12446e-08
 Reference value :  5.12546e-08
 Reference value :  5.12631e-08
 Reference value :  5.12710e-08
 Reference value :  5.12785e-08
 Reference value :  5.12866e-08
 Reference value :  5.12955e-08
 Reference value :  5.13043e-08
 Reference value :  5.13137e-08
 Reference value :  5.13242e-08
 Reference value :  5.13285e-08
 Reference value :  5.13288e-08
 Reference value :  5.13316e-08
 Reference value :  5.13352e-08
 Reference value :  5.13410e-08
 Reference value :  5.13458e-08
 Reference value :  5.13546e-08
 Reference value :  5.13641e-08
 Reference value :  5.13762e-08
 Reference value :  5.13785e-08
 Reference value :  5.13798e-08
 Reference value :  5.13892e-08
 Reference value :  5.13982e-08
 Reference value :  5.14140e-08
 Reference value :  5.14305e-08
 Reference value :  5.14649e-08
 Reference value :  5.15044e-08
 Reference value :  5.15591e-08
 Reference value :  5.16191e-08
 Reference value :  5.16791e-08
 Reference value :  5.17791e-08
 Reference value :  5.18391e-08
 Reference value :  5.19991e-08
 Reference value :  5.20991e-08
 Reference value :  5.22191e-08
 Reference value :  5.23191e-08
 Reference value :  5.23791e-08
 Reference value :  5.24591e-08
 Reference value :  5.25253e-08
 Reference value :  5.25257e-08
 Reference value :  5.25327e-08
 Reference value :  5.25396e-08
 Reference value :  5.25491e-08
 Reference value :  5.25605e-08
 Reference value :  5.25676e-08
 Reference value :  5.25741e-08
 Reference value :  5.25811e-08
 Reference value :  5.25878e-08
 Reference value :  5.25986e-08
 Reference value :  5.26051e-08
 Reference value :  5.26108e-08
 Reference value :  5.26182e-08
 Reference value :  5.26279e-08
 Reference value :  5.26399e-08
 Reference value :  5.26517e-08
 Reference value :  5.26612e-08
 Reference value :  5.26681e-08
 Reference value :  5.26753e-08
 Reference value :  5.26767e-08
 Reference value :  5.26816e-08
 Reference value :  5.26876e-08
 Reference value :  5.26949e-08
 Reference value :  5.27044e-08
 Reference value :  5.27138e-08
 Reference value :  5.27229e-08
 Reference value :  5.27253e-08
 Reference value :  5.27268e-08
 Reference value :  5.27397e-08
 Reference value :  5.27607e-08
 Reference value :  5.27810e-08
 Reference value :  5.28130e-08
 Reference value :  5.28657e-08
 Reference value :  5.29443e-08
 Reference value :  5.30243e-08
 Reference value :  5.31443e-08
 Reference value :  5.32443e-08
 Reference value :  5.33443e-08
 Reference value :  5.34443e-08
 Reference value :  5.35443e-08
 Reference value :  5.36443e-08
 Reference value :  5.37443e-08
 Reference value :  5.38443e-08
 Reference value :  5.38721e-08
 Reference value :  5.38721e-08
 Reference value :  5.38721e-08
 Reference value :  5.38721e-08
 Reference value :  5.38721e-08
 Reference value :  5.38721e-08
 Reference value :  5.38721e-08
 Reference value :  5.38721e-08
 Reference value :  5.38721e-08
 Reference value :  5.38721e-08
 Reference value :  5.38721e-08
 Reference value :  5.38721e-08
 Reference value :  5.38723e-08
 Reference value :  5.38733e-08
 Reference value :  5.38774e-08
 Reference value :  5.38822e-08
 Reference value :  5.38867e-08
 Reference value :  5.38917e-08
 Reference value :  5.38968e-08
 Reference value :  5.39062e-08
 Reference value :  5.39170e-08
 Reference value :  5.39298e-08
 Reference value :  5.39438e-08
 Reference value :  5.39538e-08
 Reference value :  5.39641e-08
 Reference value :  5.39680e-08
 Reference value :  5.39800e-08
 Reference value :  5.39858e-08
 Reference value :  5.39915e-08
 Reference value :  5.40031e-08
 Reference value :  5.40156e-08
 Reference value :  5.40221e-08
 Reference value :  5.40227e-08
 Reference value :  5.40263e-08
 Reference value :  5.40299e-08
 Reference value :  5.40361e-08
 Reference value :  5.40440e-08
 Reference value :  5.40533e-08
 Reference value :  5.40623e-08
 Reference value :  5.40721e-08
 Reference value :  5.40741e-08
 Reference value :  5.40816e-08
 Reference value :  5.40906e-08
 Reference value :  5.41058e-08
 Reference value :  5.41215e-08
 Reference value :  5.41658e-08
 Reference value :  5.42575e-08
 Reference value :  5.43175e-08
 Reference value :  5.43975e-08
 Reference value :  5.44975e-08
 Reference value :  5.45975e-08
 Reference value :  5.46975e-08
 Reference value :  5.47975e-08
 Reference value :  5.48775e-08
 Reference value :  5.49775e-08
 Reference value :  5.50575e-08
 Reference value :  5.51375e-08
 Reference value :  5.52189e-08
 Reference value :  5.52189e-08
 Reference value :  5.52196e-08
 Reference value :  5.52239e-08
 Reference value :  5.52280e-08
 Reference value :  5.52355e-08
 Reference value :  5.52495e-08
 Reference value :  5.52604e-08
 Reference value :  5.52670e-08
 Reference value :  5.52782e-08
 Reference value :  5.52923e-08
 Reference value :  5.53022e-08
 Reference value :  5.53099e-08
 Reference value :  5.53163e-08
 Reference value :  5.53240e-08
 Reference value :  5.53364e-08
 Reference value :  5.53481e-08
 Reference value :  5.53643e-08
 Reference value :  5.53689e-08
 Reference value :  5.53696e-08
 Reference value :  5.53772e-08
 Reference value :  5.53859e-08
 Reference value :  5.53945e-08
 Reference value :  5.54032e-08
 Reference value :  5.54126e-08
 Reference value :  5.54189e-08
 Reference value :  5.54194e-08
 Reference value :  5.54234e-08
 Reference value :  5.54354e-08
 Reference value :  5.54510e-08
 Reference value :  5.54786e-08
 Reference value :  5.55120e-08
 Reference value :  5.55710e-08
 Reference value :  5.56310e-08
 Reference value :  5.56910e-08
 Reference value :  5.57910e-08
 Reference value :  5.58710e-08
 Reference value :  5.59510e-08
 Reference value :  5.60110e-08
 Reference value :  5.60910e-08
 Reference value :  5.61710e-08
 Reference value :  5.62510e-08
 Reference value :  5.63510e-08
 Reference value :  5.64510e-08
 Reference value :  5.65110e-08
 Reference value :  5.65657e-08
 Reference value :  5.65662e-08
 Reference value :  5.65698e-08
 Reference value :  5.65760e-08
 Reference value :  5.65838e-08
 Reference value :  5.65943e-08
 Reference value :  5.66021e-08
 Reference value :  5.66161e-08
 Reference value :  5.66234e-08
 Reference value :  5.66304e-08
 Reference value :  5.66410e-08
 Reference value :  5.66467e-08
 Reference value :  5.66548e-08
 Reference value :  5.66589e-08
 Reference value :  5.66633e-08
 Reference value :  5.66711e-08
 Reference value :  5.66835e-08
 Reference value :  5.66952e-08
 Reference value :  5.67044e-08
 Reference value :  5.67114e-08
 Reference value :  5.67157e-08
 Reference value :  5.67160e-08
 Reference value :  5.67188e-08
 Reference value :  5.67222e-08
 Reference value :  5.67280e-08
 Reference value :  5.67355e-08
 Reference value :  5.67446e-08
 Reference value :  5.67565e-08
 Reference value :  5.67657e-08
 Reference value :  5.67665e-08
 Reference value :  5.67717e-08
 Reference value :  5.67802e-08
 Reference value :  5.67902e-08
 Reference value :  5.68028e-08
 Reference value :  5.68198e-08
 Reference value :  5.68448e-08
 Reference value :  5.69059e-08
 Reference value :  5.69859e-08
 Reference value :  5.70459e-08
 Reference value :  5.71459e-08
 Reference value :  5.72459e-08
 Reference value :  5.73659e-08
 Reference value :  5.74859e-08
 Reference value :  5.75859e-08
 Reference value :  5.76659e-08
 Reference value :  5.77259e-08
 Reference value :  5.78259e-08
 Reference value :  5.78992e-08
 Reference value :  5.79125e-08
 Reference value :  5.79129e-08
 Reference value :  5.79163e-08
 Reference value :  5.79221e-08
 Reference value :  5.79328e-08
 Reference value :  5.79439e-08
 Reference value :  5.79517e-08
 Reference value :  5.79580e-08
 Reference value :  5.79684e-08
 Reference value :  5.79719e-08
 Reference value :  5.79786e-08
 Reference value :  5.79894e-08
 Reference value :  5.79989e-08
 Reference value :  5.80035e-08
 Reference value :  5.80077e-08
 Reference value :  5.80123e-08
 Reference value :  5.80176e-08
 Reference value :  5.80270e-08
 Reference value :  5.80330e-08
 Reference value :  5.80417e-08
 Reference value :  5.80509e-08
 Reference value :  5.80602e-08
 Reference value :  5.80625e-08
 Reference value :  5.80626e-08
 Reference value :  5.80640e-08
 Reference value :  5.80690e-08
 Reference value :  5.80771e-08
 Reference value :  5.80852e-08
 Reference value :  5.80909e-08
 Reference value :  5.80999e-08
 Reference value :  5.81093e-08
 Reference value :  5.81125e-08
 Reference value :  5.81147e-08
 Reference value :  5.81206e-08
 Reference value :  5.81337e-08
 Reference value :  5.81583e-08
 Reference value :  5.81875e-08
 Reference value :  5.82162e-08
 Reference value :  5.82846e-08
 Reference value :  5.83646e-08
 Reference value :  5.84246e-08
 Reference value :  5.85246e-08
 Reference value :  5.86246e-08
 Reference value :  5.87046e-08
 Reference value :  5.87846e-08
 Reference value :  5.89046e-08
 Reference value :  5.89646e-08
 Reference value :  5.90446e-08
 Reference value :  5.91046e-08
 Reference value :  5.92046e-08
 Reference value :  5.92593e-08
 Reference value :  5.92598e-08
 Reference value :  5.92634e-08
 Reference value :  5.92696e-08
 Reference value :  5.92774e-08
 Reference value :  5.92843e-08
 Reference value :  5.92957e-08
 Reference value :  5.93064e-08
 Reference value :  5.93170e-08
 Reference value :  5.93203e-08
 Reference value :  5.93310e-08
 Reference value :  5.93376e-08
 Reference value :  5.93461e-08
 Reference value :  5.93504e-08
 Reference value :  5.93547e-08
 Reference value :  5.93619e-08
 Reference value :  5.93709e-08
 Reference value :  5.93800e-08
 Reference value :  5.93917e-08
 Reference value :  5.94015e-08
 Reference value :  5.94093e-08
 Reference value :  5.94093e-08
 Reference value :  5.94108e-08
 Reference value :  5.94158e-08
 Reference value :  5.94196e-08
 Reference value :  5.94263e-08
 Reference value :  5.94320e-08
 Reference value :  5.94382e-08
 Reference value :  5.94440e-08
 Reference value :  5.94534e-08
 Reference value :  5.94593e-08
 Reference value :  5.94610e-08
 Reference value :  5.94681e-08
 Reference value :  5.94838e-08
 Reference value :  5.95014e-08
 Reference value :  5.95288e-08
 Reference value :  5.95795e-08
 Reference value :  5.96395e-08
 Reference value :  5.97395e-08
 Reference value :  5.97995e-08
 Reference value :  5.98995e-08
 Reference value :  6.00195e-08
 Reference value :  6.00995e-08
 Reference value :  6.01795e-08
 Reference value :  6.02595e-08
 Reference value :  6.03595e-08
 Reference value :  6.04795e-08
 Reference value :  6.05928e-08
 Reference value :  6.06061e-08
 Reference value :  6.06065e-08
 Reference value :  6.06099e-08
 Reference value :  6.06157e-08
 Reference value :  6.06234e-08
 Reference value :  6.06337e-08
 Reference value :  6.06485e-08
 Reference value :  6.06550e-08
 Reference value :  6.06620e-08
 Reference value :  6.06687e-08
 Reference value :  6.06795e-08
 Reference value :  6.06894e-08
 Reference value :  6.06950e-08
 Reference value :  6.06991e-08
 Reference value :  6.07059e-08
 Reference value :  6.07141e-08
 Reference value :  6.07236e-08
 Reference value :  6.07324e-08
 Reference value :  6.07412e-08
 Reference value :  6.07538e-08
 Reference value :  6.07561e-08
 Reference value :  6.07576e-08
 Reference value :  6.07626e-08
 Reference value :  6.07684e-08
 Reference value :  6.07788e-08
 Reference value :  6.07845e-08
 Reference value :  6.07965e-08
 Reference value :  6.08061e-08
 Reference value :  6.08106e-08
 Reference value :  6.08183e-08
 Reference value :  6.08382e-08
 Reference value :  6.08658e-08
 Reference value :  6.08992e-08
 Reference value :  6.09582e-08
No. of Data Rows : 7469
m_ui_ref            =  1.34680e-09 targ=  1.35430e-08 trig=  1.21962e-08
m_spa_in            =  5.38721e-09 targ=  1.75834e-08 trig=  1.21962e-08
m_spb_in            =  4.04040e-09 targ=  1.62366e-08 trig=  1.21962e-08
m_spa_m             =  5.38725e-09 targ=  1.76445e-08 trig=  1.22573e-08
m_spb_m             =  4.04045e-09 targ=  1.62977e-08 trig=  1.22573e-08
m_trise_m           =  7.47801e-11 targ=  1.63359e-08 trig=  1.62611e-08
m_tfall_m           =  7.47830e-11 targ=  1.49891e-08 trig=  1.49143e-08
m_trise_n           =  5.82590e-11 targ=  1.63116e-08 trig=  1.62533e-08
m_dj_ui_m = 3.4897508986e-05
m_vih_m = 2.8270404219e+00
m_vil_m = 1.8202576546e+00
m_vswing_m = 1.0067827673e+00
m_vih_m_frac = 8.5667891574e-01
m_vil_m_frac = 5.5159322867e-01
m_vcm_m_frac = 7.0413598115e-01
m_vswing_s = 1.0368318483e+00
m_vglitch_m = 4.3839160550e-01
m_vswing_n = 1.0090247630e+00
m_vswing_dc = 9.7880190817e-01
m_vcm_dc_frac = 7.1028839689e-01
m_icell_dc = 7.8030328907e-03
m_vgs_mu_max = 1.5668903683e+00
m_vds_mu_max = 1.3695616082e+00
m_vds_mt_max = 6.5343293577e-01
Note: Simulation executed from .control section 

Note: Starting dynamic gmin stepping
Note: Dynamic gmin stepping completed
