
Note: No compatibility mode selected!


Circuit: * tmds-final-mux-eye @ ss_-40c_2.97v_270mbps -- generated by sim/harness, do not edit

Doing analysis at TEMP = -40.000000 and TNOM = 27.000000

Using SPARSE 1.3 as Direct Linear Solver

Initial Transient Solution
--------------------------

Node                                   Voltage
----                                   -------
vdd                                       2.97
avcc                                       3.3
clkp                                     1.782
clkn                                     0.891
d0p                                     2.5245
d0n                                     1.6335
d1p                                     2.5245
d1n                                     1.6335
d0ps                                    1.6335
d0ns                                    2.5245
d1ps                                    1.6335
d1ns                                    2.5245
ckref                                    0.891
win                                          0
winr                                         0
winc                                         0
xmux_m.top                             2.57564
xmux_m.xrc.11                          2.59637
xmux_m.xrc.21                          2.94927
outp_m                                 1.74846
xmux_m.xrlp.11                         1.76919
xmux_m.xrlp.21                         2.55491
outn_m                                 2.57564
xmux_m.xrln.11                         2.57564
xmux_m.xrln.21                         2.57564
xmux_m.ibias                           1.17805
xmux_m.xrref.11                        1.18916
xmux_m.xrref.21                        2.95889
xmux_m.sa                              1.07665
xmux_m.sb                              1.74841
xmux_m.tail                           0.515861
dop_m                                  3.29998
xdrv_m.tail                            1.02395
don_m                                  2.80546
ib_m                                   1.26321
vd_m                                  0.827176
vdn_m                                 0.928368
vdg_m                                        0
xmux_s.top                             2.57564
xmux_s.xrc.11                          2.59637
xmux_s.xrc.21                          2.94927
outp_s                                 2.57564
xmux_s.xrlp.11                         2.57564
xmux_s.xrlp.21                         2.57564
outn_s                                 1.74846
xmux_s.xrln.11                         1.76919
xmux_s.xrln.21                         2.55491
xmux_s.ibias                           1.17805
xmux_s.xrref.11                        1.18916
xmux_s.xrref.21                        2.95889
xmux_s.sa                              1.07665
xmux_s.sb                              1.74841
xmux_s.tail                           0.515861
dop_s                                  2.80546
xdrv_s.tail                            1.02395
don_s                                  3.29998
ib_s                                   1.26321
vd_s                                 -0.827176
vdn_s                                -0.928368
vdg_s                                        0
xmux_n.top                             2.57564
xmux_n.xrc.11                          2.59637
xmux_n.xrc.21                          2.94927
outp_n                                 1.74846
xmux_n.xrlp.11                         1.76919
xmux_n.xrlp.21                         2.55491
outn_n                                 2.57564
xmux_n.xrln.11                         2.57564
xmux_n.xrln.21                         2.57564
xmux_n.ibias                           1.17805
xmux_n.xrref.11                        1.18916
xmux_n.xrref.21                        2.95889
xmux_n.sa                              1.07665
xmux_n.sb                              1.74841
xmux_n.tail                           0.515861
vd_n                                  0.827176
vdn_n                                 0.928368
vdg_n                                        0
d0pz                                    2.5245
d0nz                                    1.6335
clkpz                                    1.782
clknz                                    0.891
vdd_z                                     2.97
xmux_z.top                             2.57564
xmux_z.xrc.11                          2.59637
xmux_z.xrc.21                          2.94927
outp_z                                 1.74846
xmux_z.xrlp.11                         1.76919
xmux_z.xrlp.21                         2.55491
outn_z                                 2.57564
xmux_z.xrln.11                         2.57564
xmux_z.xrln.21                         2.57564
xmux_z.ibias                           1.17805
xmux_z.xrref.11                        1.18916
xmux_z.xrref.21                        2.95889
xmux_z.sa                              1.07665
xmux_z.sb                              1.91221
xmux_z.tail                           0.515861
dop_z                                  3.29998
xdrv_z.tail                            1.02395
don_z                                  2.80546
ib_z                                   1.26321
bvdg_n#branch                                0
bvdg_s#branch                                0
bvdg_m#branch                                0
envd_n#branch                                0
emux_n#branch                                0
envd_s#branch                                0
emux_s#branch                                0
envd_m#branch                                0
emux_m#branch                                0
eckref#branch                                0
vsens_z#branch                      -0.0065985
vclknz#branch                                0
vclkpz#branch                                0
vd0nz#branch                                 0
vd0pz#branch                                 0
vwinc#branch                                 0
vwinr#branch                                 0
vwin#branch                                  0
vd1ns#branch                                 0
vd1ps#branch                                 0
vd0ns#branch                                 0
vd0ps#branch                                 0
vd1n#branch                                  0
vd1p#branch                                  0
vd0n#branch                                  0
vd0p#branch                                  0
vclkn#branch                                 0
vclkp#branch                                 0
vavcc#branch                        -0.0296735
vvdd#branch                         -0.0197955

 Reference value :  0.00000e+00
 Reference value :  1.14560e-09
 Reference value :  2.86560e-09
 Reference value :  3.70632e-09
 Reference value :  3.83753e-09
 Reference value :  3.91879e-09
 Reference value :  4.98925e-09
 Reference value :  6.12925e-09
 Reference value :  7.03804e-09
 Reference value :  7.41993e-09
 Reference value :  7.42522e-09
 Reference value :  7.43574e-09
 Reference value :  7.44791e-09
 Reference value :  7.45923e-09
 Reference value :  7.46675e-09
 Reference value :  7.47395e-09
 Reference value :  7.48526e-09
 Reference value :  7.48858e-09
 Reference value :  7.49432e-09
 Reference value :  7.50283e-09
 Reference value :  7.50699e-09
 Reference value :  7.51157e-09
 Reference value :  7.51952e-09
 Reference value :  7.52555e-09
 Reference value :  7.52835e-09
 Reference value :  7.53425e-09
 Reference value :  7.54021e-09
 Reference value :  7.54982e-09
 Reference value :  7.55741e-09
 Reference value :  7.55744e-09
 Reference value :  7.55816e-09
 Reference value :  7.56201e-09
 Reference value :  7.56544e-09
 Reference value :  7.57146e-09
 Reference value :  7.57884e-09
 Reference value :  7.58870e-09
 Reference value :  7.59890e-09
 Reference value :  7.60741e-09
 Reference value :  7.60747e-09
 Reference value :  7.60881e-09
 Reference value :  7.61307e-09
 Reference value :  7.61922e-09
 Reference value :  7.62580e-09
 Reference value :  7.63724e-09
 Reference value :  7.65167e-09
 Reference value :  7.66346e-09
 Reference value :  7.67788e-09
 Reference value :  7.69613e-09
 Reference value :  7.73664e-09
 Reference value :  7.77664e-09
 Reference value :  7.81664e-09
 Reference value :  7.87664e-09
 Reference value :  7.93664e-09
 Reference value :  8.01664e-09
 Reference value :  8.07664e-09
 Reference value :  8.15664e-09
 Reference value :  8.23664e-09
 Reference value :  8.29664e-09
 Reference value :  8.35664e-09
 Reference value :  8.43664e-09
 Reference value :  8.51664e-09
 Reference value :  8.59664e-09
 Reference value :  8.67664e-09
 Reference value :  8.75664e-09
 Reference value :  8.83664e-09
 Reference value :  8.89664e-09
 Reference value :  8.97664e-09
 Reference value :  9.05664e-09
 Reference value :  9.13664e-09
 Reference value :  9.23664e-09
 Reference value :  9.33664e-09
 Reference value :  9.41664e-09
 Reference value :  9.49664e-09
 Reference value :  9.55664e-09
 Reference value :  9.81664e-09
 Reference value :  9.87664e-09
 Reference value :  9.93664e-09
 Reference value :  1.00966e-08
 Reference value :  1.01766e-08
 Reference value :  1.02366e-08
 Reference value :  1.03166e-08
 Reference value :  1.03966e-08
 Reference value :  1.04566e-08
 Reference value :  1.05366e-08
 Reference value :  1.05966e-08
 Reference value :  1.06766e-08
 Reference value :  1.07566e-08
 Reference value :  1.08366e-08
 Reference value :  1.09166e-08
 Reference value :  1.09966e-08
 Reference value :  1.10766e-08
 Reference value :  1.11111e-08
 Reference value :  1.11114e-08
 Reference value :  1.11136e-08
 Reference value :  1.11173e-08
 Reference value :  1.11237e-08
 Reference value :  1.11290e-08
 Reference value :  1.11396e-08
 Reference value :  1.11518e-08
 Reference value :  1.11593e-08
 Reference value :  1.11670e-08
 Reference value :  1.11740e-08
 Reference value :  1.11851e-08
 Reference value :  1.11925e-08
 Reference value :  1.11988e-08
 Reference value :  1.12045e-08
 Reference value :  1.12087e-08
 Reference value :  1.12131e-08
 Reference value :  1.12205e-08
 Reference value :  1.12295e-08
 Reference value :  1.12353e-08
 Reference value :  1.12441e-08
 Reference value :  1.12537e-08
 Reference value :  1.12611e-08
 Reference value :  1.12611e-08
 Reference value :  1.12619e-08
 Reference value :  1.12657e-08
 Reference value :  1.12692e-08
 Reference value :  1.12752e-08
 Reference value :  1.12826e-08
 Reference value :  1.12924e-08
 Reference value :  1.13026e-08
 Reference value :  1.13111e-08
 Reference value :  1.13111e-08
 Reference value :  1.13119e-08
 Reference value :  1.13176e-08
 Reference value :  1.13310e-08
 Reference value :  1.13484e-08
 Reference value :  1.13698e-08
 Reference value :  1.13940e-08
 Reference value :  1.14274e-08
 Reference value :  1.14812e-08
 Reference value :  1.15212e-08
 Reference value :  1.15812e-08
 Reference value :  1.16412e-08
 Reference value :  1.17012e-08
 Reference value :  1.17612e-08
 Reference value :  1.18412e-08
 Reference value :  1.19012e-08
 Reference value :  1.19612e-08
 Reference value :  1.20212e-08
 Reference value :  1.21012e-08
 Reference value :  1.21812e-08
 Reference value :  1.22412e-08
 Reference value :  1.23012e-08
 Reference value :  1.23612e-08
 Reference value :  1.24212e-08
 Reference value :  1.25012e-08
 Reference value :  1.25612e-08
 Reference value :  1.26212e-08
 Reference value :  1.26812e-08
 Reference value :  1.27612e-08
 Reference value :  1.28412e-08
 Reference value :  1.29212e-08
 Reference value :  1.30012e-08
 Reference value :  1.30612e-08
 Reference value :  1.31412e-08
 Reference value :  1.32212e-08
 Reference value :  1.33012e-08
 Reference value :  1.33812e-08
 Reference value :  1.34612e-08
 Reference value :  1.35212e-08
 Reference value :  1.35812e-08
 Reference value :  1.36612e-08
 Reference value :  1.37212e-08
 Reference value :  1.37812e-08
 Reference value :  1.38612e-08
 Reference value :  1.39212e-08
 Reference value :  1.40012e-08
 Reference value :  1.40812e-08
 Reference value :  1.41812e-08
 Reference value :  1.42612e-08
 Reference value :  1.43412e-08
 Reference value :  1.44212e-08
 Reference value :  1.45012e-08
 Reference value :  1.45812e-08
 Reference value :  1.46612e-08
 Reference value :  1.47412e-08
 Reference value :  1.48148e-08
 Reference value :  1.48149e-08
 Reference value :  1.48160e-08
 Reference value :  1.48189e-08
 Reference value :  1.48229e-08
 Reference value :  1.48273e-08
 Reference value :  1.48357e-08
 Reference value :  1.48470e-08
 Reference value :  1.48592e-08
 Reference value :  1.48705e-08
 Reference value :  1.48776e-08
 Reference value :  1.48848e-08
 Reference value :  1.48927e-08
 Reference value :  1.48960e-08
 Reference value :  1.48989e-08
 Reference value :  1.49017e-08
 Reference value :  1.49102e-08
 Reference value :  1.49123e-08
 Reference value :  1.49144e-08
 Reference value :  1.49215e-08
 Reference value :  1.49269e-08
 Reference value :  1.49330e-08
 Reference value :  1.49388e-08
 Reference value :  1.49447e-08
 Reference value :  1.49508e-08
 Reference value :  1.49572e-08
 Reference value :  1.49626e-08
 Reference value :  1.49648e-08
 Reference value :  1.49650e-08
 Reference value :  1.49663e-08
 Reference value :  1.49711e-08
 Reference value :  1.49747e-08
 Reference value :  1.49789e-08
 Reference value :  1.49836e-08
 Reference value :  1.49893e-08
 Reference value :  1.49994e-08
 Reference value :  1.50100e-08
 Reference value :  1.50148e-08
 Reference value :  1.50151e-08
 Reference value :  1.50176e-08
 Reference value :  1.50266e-08
 Reference value :  1.50332e-08
 Reference value :  1.50406e-08
 Reference value :  1.50538e-08
 Reference value :  1.50646e-08
 Reference value :  1.50776e-08
 Reference value :  1.50938e-08
 Reference value :  1.51280e-08
 Reference value :  1.51841e-08
 Reference value :  1.52441e-08
 Reference value :  1.53041e-08
 Reference value :  1.53641e-08
 Reference value :  1.54441e-08
 Reference value :  1.55241e-08
 Reference value :  1.56041e-08
 Reference value :  1.56841e-08
 Reference value :  1.57641e-08
 Reference value :  1.58641e-08
 Reference value :  1.59441e-08
 Reference value :  1.60241e-08
 Reference value :  1.61041e-08
 Reference value :  1.61841e-08
 Reference value :  1.62641e-08
 Reference value :  1.63441e-08
 Reference value :  1.64441e-08
 Reference value :  1.65241e-08
 Reference value :  1.66041e-08
 Reference value :  1.66841e-08
 Reference value :  1.67641e-08
 Reference value :  1.68441e-08
 Reference value :  1.69241e-08
 Reference value :  1.70041e-08
 Reference value :  1.70841e-08
 Reference value :  1.71641e-08
 Reference value :  1.72441e-08
 Reference value :  1.73241e-08
 Reference value :  1.74041e-08
 Reference value :  1.74841e-08
 Reference value :  1.75641e-08
 Reference value :  1.76241e-08
 Reference value :  1.77041e-08
 Reference value :  1.77841e-08
 Reference value :  1.78641e-08
 Reference value :  1.79441e-08
 Reference value :  1.80241e-08
 Reference value :  1.80841e-08
 Reference value :  1.81641e-08
 Reference value :  1.82441e-08
 Reference value :  1.83241e-08
 Reference value :  1.84041e-08
 Reference value :  1.84641e-08
 Reference value :  1.85185e-08
 Reference value :  1.85188e-08
 Reference value :  1.85210e-08
 Reference value :  1.85227e-08
 Reference value :  1.85288e-08
 Reference value :  1.85365e-08
 Reference value :  1.85470e-08
 Reference value :  1.85551e-08
 Reference value :  1.85631e-08
 Reference value :  1.85744e-08
 Reference value :  1.85814e-08
 Reference value :  1.85925e-08
 Reference value :  1.85999e-08
 Reference value :  1.86062e-08
 Reference value :  1.86119e-08
 Reference value :  1.86161e-08
 Reference value :  1.86205e-08
 Reference value :  1.86279e-08
 Reference value :  1.86340e-08
 Reference value :  1.86397e-08
 Reference value :  1.86486e-08
 Reference value :  1.86547e-08
 Reference value :  1.86644e-08
 Reference value :  1.86685e-08
 Reference value :  1.86687e-08
 Reference value :  1.86700e-08
 Reference value :  1.86731e-08
 Reference value :  1.86766e-08
 Reference value :  1.86804e-08
 Reference value :  1.86848e-08
 Reference value :  1.86900e-08
 Reference value :  1.86998e-08
 Reference value :  1.87066e-08
 Reference value :  1.87137e-08
 Reference value :  1.87185e-08
 Reference value :  1.87186e-08
 Reference value :  1.87201e-08
 Reference value :  1.87293e-08
 Reference value :  1.87384e-08
 Reference value :  1.87494e-08
 Reference value :  1.87629e-08
 Reference value :  1.87847e-08
 Reference value :  1.88110e-08
 Reference value :  1.88348e-08
 Reference value :  1.88686e-08
 Reference value :  1.89286e-08
 Reference value :  1.89686e-08
 Reference value :  1.90086e-08
 Reference value :  1.90886e-08
 Reference value :  1.95086e-08
 Reference value :  1.95686e-08
 Reference value :  1.96486e-08
 Reference value :  1.97086e-08
 Reference value :  1.98286e-08
 Reference value :  1.99086e-08
 Reference value :  1.99686e-08
 Reference value :  2.00286e-08
 Reference value :  2.00886e-08
 Reference value :  2.01686e-08
 Reference value :  2.02486e-08
 Reference value :  2.03086e-08
 Reference value :  2.03686e-08
 Reference value :  2.04286e-08
 Reference value :  2.04886e-08
 Reference value :  2.05686e-08
 Reference value :  2.06286e-08
 Reference value :  2.06886e-08
 Reference value :  2.07686e-08
 Reference value :  2.08286e-08
 Reference value :  2.08886e-08
 Reference value :  2.09486e-08
 Reference value :  2.10086e-08
 Reference value :  2.10886e-08
 Reference value :  2.11486e-08
 Reference value :  2.12286e-08
 Reference value :  2.13086e-08
 Reference value :  2.13886e-08
 Reference value :  2.14486e-08
 Reference value :  2.15086e-08
 Reference value :  2.15686e-08
 Reference value :  2.16486e-08
 Reference value :  2.17086e-08
 Reference value :  2.17886e-08
 Reference value :  2.18486e-08
 Reference value :  2.19086e-08
 Reference value :  2.19886e-08
 Reference value :  2.20686e-08
 Reference value :  2.21486e-08
 Reference value :  2.22347e-08
 Reference value :  2.22400e-08
 Reference value :  2.22506e-08
 Reference value :  2.22586e-08
 Reference value :  2.22702e-08
 Reference value :  2.22779e-08
 Reference value :  2.22850e-08
 Reference value :  2.22961e-08
 Reference value :  2.23034e-08
 Reference value :  2.23091e-08
 Reference value :  2.23176e-08
 Reference value :  2.23218e-08
 Reference value :  2.23289e-08
 Reference value :  2.23375e-08
 Reference value :  2.23432e-08
 Reference value :  2.23521e-08
 Reference value :  2.23613e-08
 Reference value :  2.23701e-08
 Reference value :  2.23722e-08
 Reference value :  2.23726e-08
 Reference value :  2.23753e-08
 Reference value :  2.23785e-08
 Reference value :  2.23841e-08
 Reference value :  2.23910e-08
 Reference value :  2.23999e-08
 Reference value :  2.24103e-08
 Reference value :  2.24198e-08
 Reference value :  2.24222e-08
 Reference value :  2.24229e-08
 Reference value :  2.24279e-08
 Reference value :  2.24371e-08
 Reference value :  2.24481e-08
 Reference value :  2.24612e-08
 Reference value :  2.24783e-08
 Reference value :  2.25012e-08
 Reference value :  2.25354e-08
 Reference value :  2.25715e-08
 Reference value :  2.26315e-08
 Reference value :  2.26915e-08
 Reference value :  2.27515e-08
 Reference value :  2.28115e-08
 Reference value :  2.28715e-08
 Reference value :  2.29315e-08
 Reference value :  2.30115e-08
 Reference value :  2.30915e-08
 Reference value :  2.31715e-08
 Reference value :  2.32315e-08
 Reference value :  2.33115e-08
 Reference value :  2.33915e-08
 Reference value :  2.34715e-08
 Reference value :  2.35515e-08
 Reference value :  2.36315e-08
 Reference value :  2.37115e-08
 Reference value :  2.38115e-08
 Reference value :  2.38915e-08
 Reference value :  2.39715e-08
 Reference value :  2.40515e-08
 Reference value :  2.41115e-08
 Reference value :  2.41915e-08
 Reference value :  2.42715e-08
 Reference value :  2.43515e-08
 Reference value :  2.44315e-08
 Reference value :  2.45115e-08
 Reference value :  2.45915e-08
 Reference value :  2.46715e-08
 Reference value :  2.47315e-08
 Reference value :  2.48115e-08
 Reference value :  2.48915e-08
 Reference value :  2.49715e-08
 Reference value :  2.50315e-08
 Reference value :  2.50915e-08
 Reference value :  2.51715e-08
 Reference value :  2.52315e-08
 Reference value :  2.53115e-08
 Reference value :  2.53715e-08
 Reference value :  2.54515e-08
 Reference value :  2.55315e-08
 Reference value :  2.55915e-08
 Reference value :  2.56715e-08
 Reference value :  2.57515e-08
 Reference value :  2.58315e-08
 Reference value :  2.59087e-08
 Reference value :  2.59259e-08
 Reference value :  2.59262e-08
 Reference value :  2.59284e-08
 Reference value :  2.59321e-08
 Reference value :  2.59363e-08
 Reference value :  2.59411e-08
 Reference value :  2.59469e-08
 Reference value :  2.59583e-08
 Reference value :  2.59705e-08
 Reference value :  2.59780e-08
 Reference value :  2.59855e-08
 Reference value :  2.59926e-08
 Reference value :  2.60040e-08
 Reference value :  2.60073e-08
 Reference value :  2.60103e-08
 Reference value :  2.60166e-08
 Reference value :  2.60215e-08
 Reference value :  2.60256e-08
 Reference value :  2.60327e-08
 Reference value :  2.60414e-08
 Reference value :  2.60443e-08
 Reference value :  2.60501e-08
 Reference value :  2.60560e-08
 Reference value :  2.60653e-08
 Reference value :  2.60739e-08
 Reference value :  2.60759e-08
 Reference value :  2.60761e-08
 Reference value :  2.60775e-08
 Reference value :  2.60822e-08
 Reference value :  2.60878e-08
 Reference value :  2.60948e-08
 Reference value :  2.61037e-08
 Reference value :  2.61140e-08
 Reference value :  2.61235e-08
 Reference value :  2.61260e-08
 Reference value :  2.61267e-08
 Reference value :  2.61324e-08
 Reference value :  2.61458e-08
 Reference value :  2.61632e-08
 Reference value :  2.61846e-08
 Reference value :  2.62088e-08
 Reference value :  2.62422e-08
 Reference value :  2.62960e-08
 Reference value :  2.63560e-08
 Reference value :  2.64160e-08
 Reference value :  2.64760e-08
 Reference value :  2.65560e-08
 Reference value :  2.66360e-08
 Reference value :  2.66960e-08
 Reference value :  2.67760e-08
 Reference value :  2.68560e-08
 Reference value :  2.69160e-08
 Reference value :  2.69960e-08
 Reference value :  2.70760e-08
 Reference value :  2.71560e-08
 Reference value :  2.72360e-08
 Reference value :  2.73160e-08
 Reference value :  2.73960e-08
 Reference value :  2.74760e-08
 Reference value :  2.75360e-08
 Reference value :  2.75960e-08
 Reference value :  2.76560e-08
 Reference value :  2.77360e-08
 Reference value :  2.78160e-08
 Reference value :  2.78960e-08
 Reference value :  2.79760e-08
 Reference value :  2.80360e-08
 Reference value :  2.80960e-08
 Reference value :  2.81560e-08
 Reference value :  2.82160e-08
 Reference value :  2.82760e-08
 Reference value :  2.83560e-08
 Reference value :  2.84360e-08
 Reference value :  2.85160e-08
 Reference value :  2.85760e-08
 Reference value :  2.86360e-08
 Reference value :  2.86960e-08
 Reference value :  2.87560e-08
 Reference value :  2.88360e-08
 Reference value :  2.89160e-08
 Reference value :  2.89960e-08
 Reference value :  2.90760e-08
 Reference value :  2.91560e-08
 Reference value :  2.92360e-08
 Reference value :  2.93160e-08
 Reference value :  2.93960e-08
 Reference value :  2.94760e-08
 Reference value :  2.95560e-08
 Reference value :  2.96296e-08
 Reference value :  2.96297e-08
 Reference value :  2.96309e-08
 Reference value :  2.96341e-08
 Reference value :  2.96411e-08
 Reference value :  2.96507e-08
 Reference value :  2.96610e-08
 Reference value :  2.96687e-08
 Reference value :  2.96723e-08
 Reference value :  2.96839e-08
 Reference value :  2.96915e-08
 Reference value :  2.96986e-08
 Reference value :  2.97063e-08
 Reference value :  2.97128e-08
 Reference value :  2.97187e-08
 Reference value :  2.97242e-08
 Reference value :  2.97265e-08
 Reference value :  2.97312e-08
 Reference value :  2.97361e-08
 Reference value :  2.97447e-08
 Reference value :  2.97505e-08
 Reference value :  2.97565e-08
 Reference value :  2.97625e-08
 Reference value :  2.97722e-08
 Reference value :  2.97776e-08
 Reference value :  2.97796e-08
 Reference value :  2.97798e-08
 Reference value :  2.97812e-08
 Reference value :  2.97860e-08
 Reference value :  2.97916e-08
 Reference value :  2.97986e-08
 Reference value :  2.98076e-08
 Reference value :  2.98145e-08
 Reference value :  2.98251e-08
 Reference value :  2.98296e-08
 Reference value :  2.98297e-08
 Reference value :  2.98303e-08
 Reference value :  2.98353e-08
 Reference value :  2.98445e-08
 Reference value :  2.98555e-08
 Reference value :  2.98687e-08
 Reference value :  2.98794e-08
 Reference value :  2.98925e-08
 Reference value :  2.99086e-08
 Reference value :  2.99280e-08
 Reference value :  2.99713e-08
 Reference value :  3.00000e-08
 Reference value :  3.00010e-08
 Reference value :  3.00015e-08
 Reference value :  3.00054e-08
 Reference value :  3.00368e-08
 Reference value :  3.00768e-08
 Reference value :  3.01368e-08
 Reference value :  3.01768e-08
 Reference value :  3.02568e-08
 Reference value :  3.03168e-08
 Reference value :  3.03968e-08
 Reference value :  3.04568e-08
 Reference value :  3.05168e-08
 Reference value :  3.05768e-08
 Reference value :  3.06368e-08
 Reference value :  3.06968e-08
 Reference value :  3.07768e-08
 Reference value :  3.08568e-08
 Reference value :  3.09368e-08
 Reference value :  3.10168e-08
 Reference value :  3.10968e-08
 Reference value :  3.11768e-08
 Reference value :  3.12368e-08
 Reference value :  3.13168e-08
 Reference value :  3.13968e-08
 Reference value :  3.14768e-08
 Reference value :  3.15568e-08
 Reference value :  3.16368e-08
 Reference value :  3.17168e-08
 Reference value :  3.17968e-08
 Reference value :  3.18768e-08
 Reference value :  3.19568e-08
 Reference value :  3.20368e-08
 Reference value :  3.20968e-08
 Reference value :  3.21568e-08
 Reference value :  3.22168e-08
 Reference value :  3.22768e-08
 Reference value :  3.23568e-08
 Reference value :  3.24368e-08
 Reference value :  3.25168e-08
 Reference value :  3.25968e-08
 Reference value :  3.26768e-08
 Reference value :  3.27368e-08
 Reference value :  3.27968e-08
 Reference value :  3.28568e-08
 Reference value :  3.29368e-08
 Reference value :  3.30168e-08
 Reference value :  3.30968e-08
 Reference value :  3.31968e-08
 Reference value :  3.32968e-08
 Reference value :  3.33334e-08
 Reference value :  3.33336e-08
 Reference value :  3.33360e-08
 Reference value :  3.33377e-08
 Reference value :  3.33439e-08
 Reference value :  3.33487e-08
 Reference value :  3.33547e-08
 Reference value :  3.33622e-08
 Reference value :  3.33703e-08
 Reference value :  3.33783e-08
 Reference value :  3.33896e-08
 Reference value :  3.33966e-08
 Reference value :  3.34038e-08
 Reference value :  3.34152e-08
 Reference value :  3.34181e-08
 Reference value :  3.34210e-08
 Reference value :  3.34268e-08
 Reference value :  3.34292e-08
 Reference value :  3.34340e-08
 Reference value :  3.34412e-08
 Reference value :  3.34468e-08
 Reference value :  3.34529e-08
 Reference value :  3.34589e-08
 Reference value :  3.34682e-08
 Reference value :  3.34780e-08
 Reference value :  3.34833e-08
 Reference value :  3.34836e-08
 Reference value :  3.34853e-08
 Reference value :  3.34885e-08
 Reference value :  3.34940e-08
 Reference value :  3.35005e-08
 Reference value :  3.35059e-08
 Reference value :  3.35261e-08
 Reference value :  3.35333e-08
 Reference value :  3.35335e-08
 Reference value :  3.35361e-08
 Reference value :  3.35435e-08
 Reference value :  3.35525e-08
 Reference value :  3.35691e-08
 Reference value :  3.35826e-08
 Reference value :  3.36053e-08
 Reference value :  3.36332e-08
 Reference value :  3.36594e-08
 Reference value :  3.37112e-08
 Reference value :  3.37712e-08
 Reference value :  3.38112e-08
 Reference value :  3.38912e-08
 Reference value :  3.39712e-08
 Reference value :  3.40512e-08
 Reference value :  3.41112e-08
 Reference value :  3.41912e-08
 Reference value :  3.42712e-08
 Reference value :  3.43512e-08
 Reference value :  3.44312e-08
 Reference value :  3.45112e-08
 Reference value :  3.45912e-08
 Reference value :  3.46712e-08
 Reference value :  3.47512e-08
 Reference value :  3.48312e-08
 Reference value :  3.49112e-08
 Reference value :  3.49912e-08
 Reference value :  3.50712e-08
 Reference value :  3.51512e-08
 Reference value :  3.52312e-08
 Reference value :  3.53112e-08
 Reference value :  3.53912e-08
 Reference value :  3.54512e-08
 Reference value :  3.55312e-08
 Reference value :  3.56112e-08
 Reference value :  3.56912e-08
 Reference value :  3.57712e-08
 Reference value :  3.58512e-08
 Reference value :  3.59312e-08
 Reference value :  3.60112e-08
 Reference value :  3.60912e-08
 Reference value :  3.61712e-08
 Reference value :  3.62512e-08
 Reference value :  3.63312e-08
 Reference value :  3.64112e-08
 Reference value :  3.64912e-08
 Reference value :  3.65712e-08
 Reference value :  3.66712e-08
 Reference value :  3.67512e-08
 Reference value :  3.68512e-08
 Reference value :  3.69312e-08
 Reference value :  3.70112e-08
 Reference value :  3.70371e-08
 Reference value :  3.70375e-08
 Reference value :  3.70407e-08
 Reference value :  3.70446e-08
 Reference value :  3.70513e-08
 Reference value :  3.70570e-08
 Reference value :  3.70682e-08
 Reference value :  3.70800e-08
 Reference value :  3.70875e-08
 Reference value :  3.70993e-08
 Reference value :  3.71063e-08
 Reference value :  3.71175e-08
 Reference value :  3.71233e-08
 Reference value :  3.71293e-08
 Reference value :  3.71343e-08
 Reference value :  3.71367e-08
 Reference value :  3.71441e-08
 Reference value :  3.71526e-08
 Reference value :  3.71584e-08
 Reference value :  3.71675e-08
 Reference value :  3.71771e-08
 Reference value :  3.71870e-08
 Reference value :  3.71871e-08
 Reference value :  3.71884e-08
 Reference value :  3.71913e-08
 Reference value :  3.71967e-08
 Reference value :  3.72031e-08
 Reference value :  3.72112e-08
 Reference value :  3.72214e-08
 Reference value :  3.72318e-08
 Reference value :  3.72371e-08
 Reference value :  3.72378e-08
 Reference value :  3.72429e-08
 Reference value :  3.72523e-08
 Reference value :  3.72632e-08
 Reference value :  3.72765e-08
 Reference value :  3.72937e-08
 Reference value :  3.73169e-08
 Reference value :  3.73507e-08
 Reference value :  3.73975e-08
 Reference value :  3.74569e-08
 Reference value :  3.75169e-08
 Reference value :  3.75969e-08
 Reference value :  3.76769e-08
 Reference value :  3.77569e-08
 Reference value :  3.77781e-08
 Reference value :  3.77788e-08
 Reference value :  3.77798e-08
 Reference value :  3.77966e-08
 Reference value :  3.78945e-08
 Reference value :  3.79745e-08
 Reference value :  3.80545e-08
 Reference value :  3.81313e-08
 Reference value :  3.81488e-08
 Reference value :  3.81496e-08
 Reference value :  3.81580e-08
 Reference value :  3.82249e-08
 Reference value :  3.83049e-08
 Reference value :  3.83849e-08
 Reference value :  3.84849e-08
 Reference value :  3.85649e-08
 Reference value :  3.86449e-08
 Reference value :  3.87249e-08
 Reference value :  3.88049e-08
 Reference value :  3.89049e-08
 Reference value :  3.89849e-08
 Reference value :  3.90849e-08
 Reference value :  3.91649e-08
 Reference value :  3.92449e-08
 Reference value :  3.93249e-08
 Reference value :  3.94049e-08
 Reference value :  3.94849e-08
 Reference value :  3.95649e-08
 Reference value :  3.96296e-08
 Reference value :  3.96306e-08
 Reference value :  3.96311e-08
 Reference value :  3.96395e-08
 Reference value :  3.97064e-08
 Reference value :  3.97864e-08
 Reference value :  3.98464e-08
 Reference value :  3.99264e-08
 Reference value :  4.00064e-08
 Reference value :  4.00864e-08
 Reference value :  4.01664e-08
 Reference value :  4.02464e-08
 Reference value :  4.03264e-08
 Reference value :  4.04064e-08
 Reference value :  4.04864e-08
 Reference value :  4.05664e-08
 Reference value :  4.06464e-08
 Reference value :  4.07236e-08
 Reference value :  4.07408e-08
 Reference value :  4.07420e-08
 Reference value :  4.07449e-08
 Reference value :  4.07511e-08
 Reference value :  4.07587e-08
 Reference value :  4.07692e-08
 Reference value :  4.07814e-08
 Reference value :  4.07928e-08
 Reference value :  4.08002e-08
 Reference value :  4.08074e-08
 Reference value :  4.08188e-08
 Reference value :  4.08251e-08
 Reference value :  4.08310e-08
 Reference value :  4.08366e-08
 Reference value :  4.08414e-08
 Reference value :  4.08486e-08
 Reference value :  4.08573e-08
 Reference value :  4.08634e-08
 Reference value :  4.08723e-08
 Reference value :  4.08821e-08
 Reference value :  4.08907e-08
 Reference value :  4.08908e-08
 Reference value :  4.08912e-08
 Reference value :  4.08942e-08
 Reference value :  4.08995e-08
 Reference value :  4.09056e-08
 Reference value :  4.09133e-08
 Reference value :  4.09233e-08
 Reference value :  4.09336e-08
 Reference value :  4.09407e-08
 Reference value :  4.09409e-08
 Reference value :  4.09435e-08
 Reference value :  4.09504e-08
 Reference value :  4.09643e-08
 Reference value :  4.09759e-08
 Reference value :  4.09965e-08
 Reference value :  4.10201e-08
 Reference value :  4.10514e-08
 Reference value :  4.10805e-08
 Reference value :  4.11364e-08
 Reference value :  4.11964e-08
 Reference value :  4.12564e-08
 Reference value :  4.13364e-08
 Reference value :  4.14164e-08
 Reference value :  4.14964e-08
 Reference value :  4.15764e-08
 Reference value :  4.16564e-08
 Reference value :  4.17364e-08
 Reference value :  4.18164e-08
 Reference value :  4.18522e-08
 Reference value :  4.18533e-08
 Reference value :  4.18707e-08
 Reference value :  4.19686e-08
 Reference value :  4.20486e-08
 Reference value :  4.21286e-08
 Reference value :  4.22086e-08
 Reference value :  4.22886e-08
 Reference value :  4.23686e-08
 Reference value :  4.24686e-08
 Reference value :  4.25486e-08
 Reference value :  4.26286e-08
 Reference value :  4.27086e-08
 Reference value :  4.27886e-08
 Reference value :  4.28686e-08
 Reference value :  4.29486e-08
 Reference value :  4.30286e-08
 Reference value :  4.31086e-08
 Reference value :  4.31686e-08
 Reference value :  4.32486e-08
 Reference value :  4.33210e-08
 Reference value :  4.33340e-08
 Reference value :  4.33348e-08
 Reference value :  4.33432e-08
 Reference value :  4.33901e-08
 Reference value :  4.34701e-08
 Reference value :  4.35501e-08
 Reference value :  4.36301e-08
 Reference value :  4.37101e-08
 Reference value :  4.37901e-08
 Reference value :  4.38701e-08
 Reference value :  4.39501e-08
 Reference value :  4.40301e-08
 Reference value :  4.41101e-08
 Reference value :  4.41701e-08
 Reference value :  4.42501e-08
 Reference value :  4.43301e-08
 Reference value :  4.44101e-08
 Reference value :  4.44445e-08
 Reference value :  4.44447e-08
 Reference value :  4.44469e-08
 Reference value :  4.44506e-08
 Reference value :  4.44571e-08
 Reference value :  4.44654e-08
 Reference value :  4.44768e-08
 Reference value :  4.44851e-08
 Reference value :  4.44964e-08
 Reference value :  4.45039e-08
 Reference value :  4.45111e-08
 Reference value :  4.45225e-08
 Reference value :  4.45287e-08
 Reference value :  4.45346e-08
 Reference value :  4.45403e-08
 Reference value :  4.45426e-08
 Reference value :  4.45474e-08
 Reference value :  4.45549e-08
 Reference value :  4.45644e-08
 Reference value :  4.45705e-08
 Reference value :  4.45797e-08
 Reference value :  4.45896e-08
 Reference value :  4.45945e-08
 Reference value :  4.45947e-08
 Reference value :  4.45977e-08
 Reference value :  4.46029e-08
 Reference value :  4.46091e-08
 Reference value :  4.46167e-08
 Reference value :  4.46266e-08
 Reference value :  4.46368e-08
 Reference value :  4.46444e-08
 Reference value :  4.46445e-08
 Reference value :  4.46458e-08
 Reference value :  4.46703e-08
 Reference value :  4.46835e-08
 Reference value :  4.47005e-08
 Reference value :  4.47234e-08
 Reference value :  4.47569e-08
 Reference value :  4.48032e-08
 Reference value :  4.48625e-08
 Reference value :  4.49025e-08
 Reference value :  4.49625e-08
 Reference value :  4.50425e-08
 Reference value :  4.51225e-08
 Reference value :  4.52025e-08
 Reference value :  4.52825e-08
 Reference value :  4.53625e-08
 Reference value :  4.54425e-08
 Reference value :  4.55225e-08
 Reference value :  4.55557e-08
 Reference value :  4.55566e-08
 Reference value :  4.55576e-08
 Reference value :  4.55923e-08
 Reference value :  4.56723e-08
 Reference value :  4.57523e-08
 Reference value :  4.58323e-08
 Reference value :  4.59123e-08
 Reference value :  4.59723e-08
 Reference value :  4.60523e-08
 Reference value :  4.61323e-08
 Reference value :  4.62123e-08
 Reference value :  4.62923e-08
 Reference value :  4.63523e-08
 Reference value :  4.64123e-08
 Reference value :  4.65123e-08
 Reference value :  4.65923e-08
 Reference value :  4.66723e-08
 Reference value :  4.67523e-08
 Reference value :  4.68323e-08
 Reference value :  4.69323e-08
 Reference value :  4.70123e-08
 Reference value :  4.70373e-08
 Reference value :  4.70382e-08
 Reference value :  4.70424e-08
 Reference value :  4.70938e-08
 Reference value :  4.71738e-08
 Reference value :  4.72538e-08
 Reference value :  4.73338e-08
 Reference value :  4.73938e-08
 Reference value :  4.74738e-08
 Reference value :  4.75538e-08
 Reference value :  4.76338e-08
 Reference value :  4.76938e-08
 Reference value :  4.77538e-08
 Reference value :  4.78338e-08
 Reference value :  4.79138e-08
 Reference value :  4.79938e-08
 Reference value :  4.80738e-08
 Reference value :  4.81481e-08
 Reference value :  4.81482e-08
 Reference value :  4.81494e-08
 Reference value :  4.81523e-08
 Reference value :  4.81585e-08
 Reference value :  4.81661e-08
 Reference value :  4.81766e-08
 Reference value :  4.81888e-08
 Reference value :  4.82002e-08
 Reference value :  4.82077e-08
 Reference value :  4.82148e-08
 Reference value :  4.82262e-08
 Reference value :  4.82325e-08
 Reference value :  4.82384e-08
 Reference value :  4.82440e-08
 Reference value :  4.82488e-08
 Reference value :  4.82560e-08
 Reference value :  4.82647e-08
 Reference value :  4.82708e-08
 Reference value :  4.82797e-08
 Reference value :  4.82895e-08
 Reference value :  4.82981e-08
 Reference value :  4.82982e-08
 Reference value :  4.82991e-08
 Reference value :  4.83016e-08
 Reference value :  4.83069e-08
 Reference value :  4.83130e-08
 Reference value :  4.83207e-08
 Reference value :  4.83307e-08
 Reference value :  4.83410e-08
 Reference value :  4.83482e-08
 Reference value :  4.83495e-08
 Reference value :  4.83578e-08
 Reference value :  4.83717e-08
 Reference value :  4.83898e-08
 Reference value :  4.84113e-08
 Reference value :  4.84367e-08
 Reference value :  4.84728e-08
 Reference value :  4.85238e-08
 Reference value :  4.85638e-08
 Reference value :  4.86238e-08
 Reference value :  4.87038e-08
 Reference value :  4.87838e-08
 Reference value :  4.88638e-08
 Reference value :  4.89438e-08
 Reference value :  4.90238e-08
 Reference value :  4.91238e-08
 Reference value :  4.92038e-08
 Reference value :  4.92594e-08
 Reference value :  4.92603e-08
 Reference value :  4.92624e-08
 Reference value :  4.92960e-08
 Reference value :  4.93760e-08
 Reference value :  4.94560e-08
 Reference value :  4.95160e-08
 Reference value :  4.95960e-08
 Reference value :  4.96560e-08
 Reference value :  4.97360e-08
 Reference value :  4.98160e-08
 Reference value :  4.98960e-08
 Reference value :  4.99760e-08
 Reference value :  5.00360e-08
 Reference value :  5.00960e-08
 Reference value :  5.01560e-08
 Reference value :  5.02360e-08
 Reference value :  5.02960e-08
 Reference value :  5.03760e-08
 Reference value :  5.04560e-08
 Reference value :  5.05360e-08
 Reference value :  5.06160e-08
 Reference value :  5.06960e-08
 Reference value :  5.07407e-08
 Reference value :  5.07417e-08
 Reference value :  5.07422e-08
 Reference value :  5.07506e-08
 Reference value :  5.08175e-08
 Reference value :  5.08975e-08
 Reference value :  5.09775e-08
 Reference value :  5.10575e-08
 Reference value :  5.11375e-08
 Reference value :  5.12175e-08
 Reference value :  5.12975e-08
 Reference value :  5.13775e-08
 Reference value :  5.14575e-08
 Reference value :  5.15375e-08
 Reference value :  5.16175e-08
 Reference value :  5.16975e-08
 Reference value :  5.17775e-08
 Reference value :  5.18519e-08
 Reference value :  5.18519e-08
 Reference value :  5.18531e-08
 Reference value :  5.18560e-08
 Reference value :  5.18622e-08
 Reference value :  5.18670e-08
 Reference value :  5.18763e-08
 Reference value :  5.18842e-08
 Reference value :  5.18964e-08
 Reference value :  5.19077e-08
 Reference value :  5.19148e-08
 Reference value :  5.19220e-08
 Reference value :  5.19332e-08
 Reference value :  5.19390e-08
 Reference value :  5.19477e-08
 Reference value :  5.19523e-08
 Reference value :  5.19572e-08
 Reference value :  5.19623e-08
 Reference value :  5.19719e-08
 Reference value :  5.19809e-08
 Reference value :  5.19904e-08
 Reference value :  5.19970e-08
 Reference value :  5.20019e-08
 Reference value :  5.20021e-08
 Reference value :  5.20036e-08
 Reference value :  5.20051e-08
 Reference value :  5.20086e-08
 Reference value :  5.20143e-08
 Reference value :  5.20188e-08
 Reference value :  5.20241e-08
 Reference value :  5.20340e-08
 Reference value :  5.20443e-08
 Reference value :  5.20499e-08
 Reference value :  5.20519e-08
 Reference value :  5.20525e-08
 Reference value :  5.20575e-08
 Reference value :  5.20637e-08
 Reference value :  5.20703e-08
 Reference value :  5.20817e-08
 Reference value :  5.20909e-08
 Reference value :  5.21079e-08
 Reference value :  5.21223e-08
 Reference value :  5.21518e-08
 Reference value :  5.21781e-08
 Reference value :  5.22106e-08
 Reference value :  5.22699e-08
 Reference value :  5.23099e-08
 Reference value :  5.23699e-08
 Reference value :  5.24499e-08
 Reference value :  5.25099e-08
 Reference value :  5.25699e-08
 Reference value :  5.26499e-08
 Reference value :  5.27299e-08
 Reference value :  5.28099e-08
 Reference value :  5.28899e-08
 Reference value :  5.29630e-08
 Reference value :  5.29636e-08
 Reference value :  5.29642e-08
 Reference value :  5.29684e-08
 Reference value :  5.30197e-08
 Reference value :  5.30797e-08
 Reference value :  5.31397e-08
 Reference value :  5.31997e-08
 Reference value :  5.32797e-08
 Reference value :  5.33597e-08
 Reference value :  5.34397e-08
 Reference value :  5.35197e-08
 Reference value :  5.35997e-08
 Reference value :  5.36797e-08
 Reference value :  5.37397e-08
 Reference value :  5.38197e-08
 Reference value :  5.38997e-08
 Reference value :  5.39797e-08
 Reference value :  5.40597e-08
 Reference value :  5.41397e-08
 Reference value :  5.41997e-08
 Reference value :  5.42797e-08
 Reference value :  5.43597e-08
 Reference value :  5.44197e-08
 Reference value :  5.44447e-08
 Reference value :  5.44457e-08
 Reference value :  5.44476e-08
 Reference value :  5.44633e-08
 Reference value :  5.45212e-08
 Reference value :  5.46012e-08
 Reference value :  5.46612e-08
 Reference value :  5.47212e-08
 Reference value :  5.57347e-08
 Reference value :  5.66490e-08
 Reference value :  5.66677e-08
 Reference value :  5.66682e-08
 Reference value :  5.66855e-08
 Reference value :  5.67634e-08
 Reference value :  5.68234e-08
 Reference value :  5.68834e-08
 Reference value :  5.69634e-08
 Reference value :  5.70434e-08
 Reference value :  5.71234e-08
 Reference value :  5.72034e-08
 Reference value :  5.72634e-08
 Reference value :  5.73234e-08
 Reference value :  5.74034e-08
 Reference value :  5.74834e-08
 Reference value :  5.75634e-08
 Reference value :  5.76234e-08
 Reference value :  5.76834e-08
 Reference value :  5.77434e-08
 Reference value :  5.78234e-08
 Reference value :  5.78834e-08
 Reference value :  5.79834e-08
 Reference value :  5.80434e-08
 Reference value :  5.81034e-08
 Reference value :  5.81482e-08
 Reference value :  5.81491e-08
 Reference value :  5.81496e-08
 Reference value :  5.81580e-08
 Reference value :  5.82249e-08
 Reference value :  5.83049e-08
 Reference value :  5.83849e-08
 Reference value :  5.84649e-08
 Reference value :  5.85186e-08
 Reference value :  5.85196e-08
 Reference value :  5.85217e-08
 Reference value :  5.85374e-08
 Reference value :  5.86153e-08
 Reference value :  5.86953e-08
 Reference value :  5.87753e-08
 Reference value :  5.88353e-08
 Reference value :  5.88953e-08
 Reference value :  5.89553e-08
 Reference value :  5.90553e-08
 Reference value :  5.91353e-08
 Reference value :  5.92153e-08
 Reference value :  5.92593e-08
 Reference value :  5.92593e-08
 Reference value :  5.92602e-08
 Reference value :  5.92647e-08
 Reference value :  5.92666e-08
 Reference value :  5.92709e-08
 Reference value :  5.92789e-08
 Reference value :  5.92900e-08
 Reference value :  5.93018e-08
 Reference value :  5.93134e-08
 Reference value :  5.93251e-08
 Reference value :  5.93364e-08
 Reference value :  5.93428e-08
 Reference value :  5.93487e-08
 Reference value :  5.93543e-08
 Reference value :  5.93589e-08
 Reference value :  5.93664e-08
 Reference value :  5.93749e-08
 Reference value :  5.93808e-08
 Reference value :  5.93899e-08
 Reference value :  5.93994e-08
 Reference value :  5.94093e-08
 Reference value :  5.94093e-08
 Reference value :  5.94096e-08
 Reference value :  5.94119e-08
 Reference value :  5.94135e-08
 Reference value :  5.94170e-08
 Reference value :  5.94229e-08
 Reference value :  5.94276e-08
 Reference value :  5.94332e-08
 Reference value :  5.94434e-08
 Reference value :  5.94538e-08
 Reference value :  5.94593e-08
 Reference value :  5.94601e-08
 Reference value :  5.94653e-08
 Reference value :  5.94747e-08
 Reference value :  5.94856e-08
 Reference value :  5.94942e-08
 Reference value :  5.95100e-08
 Reference value :  5.95308e-08
 Reference value :  5.95609e-08
 Reference value :  5.96031e-08
 Reference value :  5.96402e-08
 Reference value :  5.97002e-08
 Reference value :  5.97602e-08
 Reference value :  5.98202e-08
 Reference value :  5.99002e-08
 Reference value :  5.99802e-08
 Reference value :  6.00602e-08
 Reference value :  6.01402e-08
 Reference value :  6.02202e-08
 Reference value :  6.03002e-08
 Reference value :  6.03802e-08
 Reference value :  6.04602e-08
 Reference value :  6.05402e-08
 Reference value :  6.06202e-08
 Reference value :  6.07002e-08
 Reference value :  6.07802e-08
 Reference value :  6.08602e-08
 Reference value :  6.09202e-08
 Reference value :  6.09802e-08
No. of Data Rows : 4695
m_ui_ref            =  3.70370e-09 targ=  3.71120e-08 trig=  3.34083e-08
m_spa_in            =  1.48148e-08 targ=  4.82231e-08 trig=  3.34083e-08
m_spb_in            =  1.11111e-08 targ=  4.45194e-08 trig=  3.34083e-08
m_spa_m             =  1.48148e-08 targ=  4.82882e-08 trig=  3.34734e-08
m_spb_m             =  1.11111e-08 targ=  4.45845e-08 trig=  3.34734e-08
m_trise_m           =  8.62684e-11 targ=  4.46274e-08 trig=  4.45411e-08
m_tfall_m           =  8.62540e-11 targ=  4.09237e-08 trig=  4.08374e-08
m_trise_n           =  7.15265e-11 targ=  4.46005e-08 trig=  4.45290e-08
m_dj_ui_m = 5.3999995684e-06
m_vih_m = 2.5747614034e+00
m_vil_m = 1.7427317024e+00
m_vswing_m = 8.3202970103e-01
m_vih_m_frac = 8.6692303146e-01
m_vil_m_frac = 5.8677835098e-01
m_vcm_m_frac = 7.2685069683e-01
m_vswing_s = 8.3476598112e-01
m_vglitch_m = 3.7002388174e-01
m_vswing_n = 8.3184919385e-01
m_vswing_dc = 8.2717599702e-01
m_vcm_dc_frac = 7.2796391415e-01
m_icell_dc = 6.5984984762e-03
m_vgs_mu_max = 1.4771621884e+00
m_vds_mu_max = 1.3563857171e+00
m_vds_mt_max = 5.1585842638e-01
Note: Simulation executed from .control section 

