
Note: No compatibility mode selected!


Circuit: * tmds-final-mux-eye @ ss_-40c_3.30v_270mbps -- generated by sim/harness, do not edit

Doing analysis at TEMP = -40.000000 and TNOM = 27.000000

Using SPARSE 1.3 as Direct Linear Solver

Initial Transient Solution
--------------------------

Node                                   Voltage
----                                   -------
vdd                                        3.3
avcc                                       3.3
clkp                                      1.98
clkn                                      0.99
d0p                                      2.805
d0n                                      1.815
d1p                                      2.805
d1n                                      1.815
d0ps                                     1.815
d0ns                                     2.805
d1ps                                     1.815
d1ns                                     2.805
ckref                                     0.99
win                                          0
winr                                         0
winc                                         0
xmux_m.top                             2.83335
xmux_m.xrc.11                          2.85788
xmux_m.xrc.21                          3.27547
outp_m                                 1.85455
xmux_m.xrlp.11                         1.87908
xmux_m.xrlp.21                         2.80883
outn_m                                 2.83335
xmux_m.xrln.11                         2.83335
xmux_m.xrln.21                         2.83335
xmux_m.ibias                           1.20691
xmux_m.xrref.11                        1.21988
xmux_m.xrref.21                        3.28703
xmux_m.sa                              1.27083
xmux_m.sb                              1.85455
xmux_m.tail                           0.653889
dop_m                                      3.3
xdrv_m.tail                            1.24248
don_m                                  2.80044
ib_m                                   1.26321
vd_m                                  0.978802
vdn_m                                 0.988689
vdg_m                                        0
xmux_s.top                             2.83335
xmux_s.xrc.11                          2.85788
xmux_s.xrc.21                          3.27547
outp_s                                 2.83335
xmux_s.xrlp.11                         2.83335
xmux_s.xrlp.21                         2.83335
outn_s                                 1.85455
xmux_s.xrln.11                         1.87908
xmux_s.xrln.21                         2.80883
xmux_s.ibias                           1.20691
xmux_s.xrref.11                        1.21988
xmux_s.xrref.21                        3.28703
xmux_s.sa                              1.27083
xmux_s.sb                              1.85455
xmux_s.tail                           0.653889
dop_s                                  2.80044
xdrv_s.tail                            1.24248
don_s                                      3.3
ib_s                                   1.26321
vd_s                                 -0.978802
vdn_s                                -0.988689
vdg_s                                        0
xmux_n.top                             2.83335
xmux_n.xrc.11                          2.85788
xmux_n.xrc.21                          3.27547
outp_n                                 1.85455
xmux_n.xrlp.11                         1.87908
xmux_n.xrlp.21                         2.80883
outn_n                                 2.83335
xmux_n.xrln.11                         2.83335
xmux_n.xrln.21                         2.83335
xmux_n.ibias                           1.20691
xmux_n.xrref.11                        1.21988
xmux_n.xrref.21                        3.28703
xmux_n.sa                              1.27083
xmux_n.sb                              1.85455
xmux_n.tail                           0.653889
vd_n                                  0.978802
vdn_n                                 0.988689
vdg_n                                        0
d0pz                                     2.805
d0nz                                     1.815
clkpz                                     1.98
clknz                                     0.99
vdd_z                                      3.3
xmux_z.top                             2.83335
xmux_z.xrc.11                          2.85788
xmux_z.xrc.21                          3.27547
outp_z                                 1.85455
xmux_z.xrlp.11                         1.87908
xmux_z.xrlp.21                         2.80883
outn_z                                 2.83335
xmux_z.xrln.11                         2.83335
xmux_z.xrln.21                         2.83335
xmux_z.ibias                           1.20691
xmux_z.xrref.11                        1.21988
xmux_z.xrref.21                        3.28703
xmux_z.sa                              1.27083
xmux_z.sb                              2.18206
xmux_z.tail                           0.653889
dop_z                                      3.3
xdrv_z.tail                            1.24248
don_z                                  2.80044
ib_z                                   1.26321
bvdg_n#branch                                0
bvdg_s#branch                                0
bvdg_m#branch                                0
envd_n#branch                                0
emux_n#branch                                0
envd_s#branch                                0
emux_s#branch                                0
envd_m#branch                                0
emux_m#branch                                0
eckref#branch                                0
vsens_z#branch                     -0.00780303
vclknz#branch                                0
vclkpz#branch                                0
vd0nz#branch                                 0
vd0pz#branch                                 0
vwinc#branch                                 0
vwinr#branch                                 0
vwin#branch                                  0
vd1ns#branch                                 0
vd1ps#branch                                 0
vd0ns#branch                                 0
vd0ps#branch                                 0
vd1n#branch                                  0
vd1p#branch                                  0
vd0n#branch                                  0
vd0p#branch                                  0
vclkn#branch                                 0
vclkp#branch                                 0
vavcc#branch                        -0.0299737
vvdd#branch                         -0.0234091

 Reference value :  0.00000e+00
 Reference value :  3.20000e-12
 Reference value :  6.56000e-11
 Reference value :  2.05600e-10
 Reference value :  2.85600e-10
 Reference value :  3.85600e-10
 Reference value :  4.85600e-10
 Reference value :  5.65600e-10
 Reference value :  6.45600e-10
 Reference value :  7.45600e-10
 Reference value :  8.45600e-10
 Reference value :  9.45600e-10
 Reference value :  1.02560e-09
 Reference value :  1.14560e-09
 Reference value :  1.22560e-09
 Reference value :  1.32560e-09
 Reference value :  1.40560e-09
 Reference value :  1.48560e-09
 Reference value :  1.56560e-09
 Reference value :  1.64560e-09
 Reference value :  1.76560e-09
 Reference value :  1.84560e-09
 Reference value :  1.94560e-09
 Reference value :  2.06560e-09
 Reference value :  2.16560e-09
 Reference value :  2.28560e-09
 Reference value :  2.38560e-09
 Reference value :  2.48560e-09
 Reference value :  2.58560e-09
 Reference value :  2.66560e-09
 Reference value :  2.76560e-09
 Reference value :  2.86560e-09
 Reference value :  2.96560e-09
 Reference value :  3.06560e-09
 Reference value :  3.16560e-09
 Reference value :  3.24560e-09
 Reference value :  3.36560e-09
 Reference value :  3.44560e-09
 Reference value :  3.50560e-09
 Reference value :  3.64560e-09
 Reference value :  3.70372e-09
 Reference value :  3.70400e-09
 Reference value :  3.70618e-09
 Reference value :  3.70991e-09
 Reference value :  3.71654e-09
 Reference value :  3.72459e-09
 Reference value :  3.73322e-09
 Reference value :  3.73957e-09
 Reference value :  3.74658e-09
 Reference value :  3.75680e-09
 Reference value :  3.76379e-09
 Reference value :  3.77394e-09
 Reference value :  3.78393e-09
 Reference value :  3.78958e-09
 Reference value :  3.79665e-09
 Reference value :  3.80070e-09
 Reference value :  3.81022e-09
 Reference value :  3.81885e-09
 Reference value :  3.82448e-09
 Reference value :  3.83585e-09
 Reference value :  3.84855e-09
 Reference value :  3.85370e-09
 Reference value :  3.85375e-09
 Reference value :  3.85549e-09
 Reference value :  3.85872e-09
 Reference value :  3.86646e-09
 Reference value :  3.87698e-09
 Reference value :  3.88280e-09
 Reference value :  3.89499e-09
 Reference value :  3.90373e-09
 Reference value :  3.90460e-09
 Reference value :  3.91107e-09
 Reference value :  3.92900e-09
 Reference value :  3.94801e-09
 Reference value :  3.96915e-09
 Reference value :  3.99468e-09
 Reference value :  4.03356e-09
 Reference value :  4.11092e-09
 Reference value :  4.19092e-09
 Reference value :  4.31092e-09
 Reference value :  4.41092e-09
 Reference value :  4.53092e-09
 Reference value :  4.63092e-09
 Reference value :  4.73092e-09
 Reference value :  4.85092e-09
 Reference value :  4.95092e-09
 Reference value :  5.07092e-09
 Reference value :  5.17092e-09
 Reference value :  5.27092e-09
 Reference value :  5.37092e-09
 Reference value :  5.43092e-09
 Reference value :  5.53092e-09
 Reference value :  5.59092e-09
 Reference value :  5.67092e-09
 Reference value :  5.79092e-09
 Reference value :  5.89092e-09
 Reference value :  5.99092e-09
 Reference value :  6.09092e-09
 Reference value :  6.19092e-09
 Reference value :  6.29092e-09
 Reference value :  6.39092e-09
 Reference value :  6.51092e-09
 Reference value :  6.61092e-09
 Reference value :  6.73092e-09
 Reference value :  6.83092e-09
 Reference value :  6.93092e-09
 Reference value :  7.02398e-09
 Reference value :  7.03769e-09
 Reference value :  7.03909e-09
 Reference value :  7.05589e-09
 Reference value :  7.15381e-09
 Reference value :  7.25381e-09
 Reference value :  7.37381e-09
 Reference value :  7.40746e-09
 Reference value :  7.40855e-09
 Reference value :  7.41338e-09
 Reference value :  7.41997e-09
 Reference value :  7.43225e-09
 Reference value :  7.44740e-09
 Reference value :  7.45061e-09
 Reference value :  7.45722e-09
 Reference value :  7.46448e-09
 Reference value :  7.47109e-09
 Reference value :  7.48197e-09
 Reference value :  7.48793e-09
 Reference value :  7.49328e-09
 Reference value :  7.49807e-09
 Reference value :  7.49998e-09
 Reference value :  7.50411e-09
 Reference value :  7.51378e-09
 Reference value :  7.52600e-09
 Reference value :  7.53169e-09
 Reference value :  7.54030e-09
 Reference value :  7.55330e-09
 Reference value :  7.55742e-09
 Reference value :  7.55899e-09
 Reference value :  7.56391e-09
 Reference value :  7.57209e-09
 Reference value :  7.58322e-09
 Reference value :  7.59528e-09
 Reference value :  7.60454e-09
 Reference value :  7.60760e-09
 Reference value :  7.61338e-09
 Reference value :  7.62836e-09
 Reference value :  7.64447e-09
 Reference value :  7.66835e-09
 Reference value :  7.69646e-09
 Reference value :  7.74488e-09
 Reference value :  7.80488e-09
 Reference value :  7.86488e-09
 Reference value :  7.94488e-09
 Reference value :  8.04488e-09
 Reference value :  8.16488e-09
 Reference value :  8.24488e-09
 Reference value :  8.34488e-09
 Reference value :  8.44488e-09
 Reference value :  8.54488e-09
 Reference value :  8.62488e-09
 Reference value :  8.70488e-09
 Reference value :  8.78488e-09
 Reference value :  8.88488e-09
 Reference value :  8.96488e-09
 Reference value :  9.04488e-09
 Reference value :  9.10488e-09
 Reference value :  9.20488e-09
 Reference value :  9.34488e-09
 Reference value :  9.44488e-09
 Reference value :  9.52488e-09
 Reference value :  9.62488e-09
 Reference value :  9.68488e-09
 Reference value :  9.76488e-09
 Reference value :  9.84488e-09
 Reference value :  9.92488e-09
 Reference value :  1.00049e-08
 Reference value :  1.00849e-08
 Reference value :  1.01649e-08
 Reference value :  1.02849e-08
 Reference value :  1.03449e-08
 Reference value :  1.04449e-08
 Reference value :  1.05249e-08
 Reference value :  1.06449e-08
 Reference value :  1.07249e-08
 Reference value :  1.08449e-08
 Reference value :  1.09449e-08
 Reference value :  1.10049e-08
 Reference value :  1.11111e-08
 Reference value :  1.11111e-08
 Reference value :  1.11113e-08
 Reference value :  1.11130e-08
 Reference value :  1.11186e-08
 Reference value :  1.11255e-08
 Reference value :  1.11350e-08
 Reference value :  1.11463e-08
 Reference value :  1.11532e-08
 Reference value :  1.11630e-08
 Reference value :  1.11703e-08
 Reference value :  1.11805e-08
 Reference value :  1.11905e-08
 Reference value :  1.11963e-08
 Reference value :  1.12016e-08
 Reference value :  1.12036e-08
 Reference value :  1.12098e-08
 Reference value :  1.12202e-08
 Reference value :  1.12324e-08
 Reference value :  1.12410e-08
 Reference value :  1.12468e-08
 Reference value :  1.12534e-08
 Reference value :  1.12611e-08
 Reference value :  1.12611e-08
 Reference value :  1.12619e-08
 Reference value :  1.12676e-08
 Reference value :  1.12758e-08
 Reference value :  1.12809e-08
 Reference value :  1.12868e-08
 Reference value :  1.12928e-08
 Reference value :  1.13052e-08
 Reference value :  1.13111e-08
 Reference value :  1.13113e-08
 Reference value :  1.13190e-08
 Reference value :  1.13372e-08
 Reference value :  1.13565e-08
 Reference value :  1.13776e-08
 Reference value :  1.14036e-08
 Reference value :  1.14434e-08
 Reference value :  1.14815e-08
 Reference value :  1.15615e-08
 Reference value :  1.16415e-08
 Reference value :  1.17415e-08
 Reference value :  1.18415e-08
 Reference value :  1.19215e-08
 Reference value :  1.20215e-08
 Reference value :  1.20815e-08
 Reference value :  1.22015e-08
 Reference value :  1.23215e-08
 Reference value :  1.24215e-08
 Reference value :  1.25015e-08
 Reference value :  1.25615e-08
 Reference value :  1.26615e-08
 Reference value :  1.27615e-08
 Reference value :  1.28615e-08
 Reference value :  1.29615e-08
 Reference value :  1.30415e-08
 Reference value :  1.31215e-08
 Reference value :  1.32015e-08
 Reference value :  1.32815e-08
 Reference value :  1.33615e-08
 Reference value :  1.34415e-08
 Reference value :  1.35615e-08
 Reference value :  1.37215e-08
 Reference value :  1.38615e-08
 Reference value :  1.39815e-08
 Reference value :  1.40815e-08
 Reference value :  1.41615e-08
 Reference value :  1.42615e-08
 Reference value :  1.43615e-08
 Reference value :  1.44215e-08
 Reference value :  1.45215e-08
 Reference value :  1.46415e-08
 Reference value :  1.47415e-08
 Reference value :  1.48148e-08
 Reference value :  1.48149e-08
 Reference value :  1.48154e-08
 Reference value :  1.48188e-08
 Reference value :  1.48250e-08
 Reference value :  1.48359e-08
 Reference value :  1.48472e-08
 Reference value :  1.48580e-08
 Reference value :  1.48682e-08
 Reference value :  1.48752e-08
 Reference value :  1.48819e-08
 Reference value :  1.48926e-08
 Reference value :  1.48978e-08
 Reference value :  1.49033e-08
 Reference value :  1.49074e-08
 Reference value :  1.49136e-08
 Reference value :  1.49240e-08
 Reference value :  1.49361e-08
 Reference value :  1.49448e-08
 Reference value :  1.49537e-08
 Reference value :  1.49627e-08
 Reference value :  1.49648e-08
 Reference value :  1.49656e-08
 Reference value :  1.49696e-08
 Reference value :  1.49731e-08
 Reference value :  1.49819e-08
 Reference value :  1.49937e-08
 Reference value :  1.50058e-08
 Reference value :  1.50148e-08
 Reference value :  1.50149e-08
 Reference value :  1.50165e-08
 Reference value :  1.50236e-08
 Reference value :  1.50358e-08
 Reference value :  1.50519e-08
 Reference value :  1.50687e-08
 Reference value :  1.50931e-08
 Reference value :  1.51168e-08
 Reference value :  1.51723e-08
 Reference value :  1.52323e-08
 Reference value :  1.52723e-08
 Reference value :  1.53323e-08
 Reference value :  1.54123e-08
 Reference value :  1.54923e-08
 Reference value :  1.55723e-08
 Reference value :  1.56523e-08
 Reference value :  1.57323e-08
 Reference value :  1.58123e-08
 Reference value :  1.58923e-08
 Reference value :  1.59723e-08
 Reference value :  1.60523e-08
 Reference value :  1.61323e-08
 Reference value :  1.62123e-08
 Reference value :  1.63123e-08
 Reference value :  1.64123e-08
 Reference value :  1.65123e-08
 Reference value :  1.66123e-08
 Reference value :  1.66923e-08
 Reference value :  1.67923e-08
 Reference value :  1.68923e-08
 Reference value :  1.69923e-08
 Reference value :  1.70723e-08
 Reference value :  1.71523e-08
 Reference value :  1.72123e-08
 Reference value :  1.72723e-08
 Reference value :  1.73323e-08
 Reference value :  1.74123e-08
 Reference value :  1.74923e-08
 Reference value :  1.75723e-08
 Reference value :  1.76723e-08
 Reference value :  1.77523e-08
 Reference value :  1.78323e-08
 Reference value :  1.79123e-08
 Reference value :  1.79923e-08
 Reference value :  1.80723e-08
 Reference value :  1.81523e-08
 Reference value :  1.82323e-08
 Reference value :  1.83123e-08
 Reference value :  1.84323e-08
 Reference value :  1.85054e-08
 Reference value :  1.85186e-08
 Reference value :  1.85194e-08
 Reference value :  1.85240e-08
 Reference value :  1.85281e-08
 Reference value :  1.85358e-08
 Reference value :  1.85462e-08
 Reference value :  1.85574e-08
 Reference value :  1.85637e-08
 Reference value :  1.85742e-08
 Reference value :  1.85810e-08
 Reference value :  1.85917e-08
 Reference value :  1.85979e-08
 Reference value :  1.86037e-08
 Reference value :  1.86110e-08
 Reference value :  1.86151e-08
 Reference value :  1.86220e-08
 Reference value :  1.86309e-08
 Reference value :  1.86398e-08
 Reference value :  1.86484e-08
 Reference value :  1.86574e-08
 Reference value :  1.86685e-08
 Reference value :  1.86686e-08
 Reference value :  1.86701e-08
 Reference value :  1.86750e-08
 Reference value :  1.86809e-08
 Reference value :  1.86883e-08
 Reference value :  1.86942e-08
 Reference value :  1.87003e-08
 Reference value :  1.87093e-08
 Reference value :  1.87155e-08
 Reference value :  1.87186e-08
 Reference value :  1.87206e-08
 Reference value :  1.87264e-08
 Reference value :  1.87394e-08
 Reference value :  1.87568e-08
 Reference value :  1.87778e-08
 Reference value :  1.88015e-08
 Reference value :  1.88347e-08
 Reference value :  1.88889e-08
 Reference value :  1.89489e-08
 Reference value :  1.90089e-08
 Reference value :  1.91089e-08
 Reference value :  1.92089e-08
 Reference value :  1.92889e-08
 Reference value :  1.93689e-08
 Reference value :  1.94489e-08
 Reference value :  1.95289e-08
 Reference value :  1.96089e-08
 Reference value :  1.96889e-08
 Reference value :  1.97889e-08
 Reference value :  1.98489e-08
 Reference value :  1.99289e-08
 Reference value :  2.00289e-08
 Reference value :  2.01089e-08
 Reference value :  2.01889e-08
 Reference value :  2.02689e-08
 Reference value :  2.03689e-08
 Reference value :  2.04689e-08
 Reference value :  2.05689e-08
 Reference value :  2.06689e-08
 Reference value :  2.07489e-08
 Reference value :  2.08289e-08
 Reference value :  2.08889e-08
 Reference value :  2.09689e-08
 Reference value :  2.10489e-08
 Reference value :  2.11289e-08
 Reference value :  2.12089e-08
 Reference value :  2.12889e-08
 Reference value :  2.13889e-08
 Reference value :  2.14489e-08
 Reference value :  2.15089e-08
 Reference value :  2.15889e-08
 Reference value :  2.16489e-08
 Reference value :  2.17289e-08
 Reference value :  2.17889e-08
 Reference value :  2.18689e-08
 Reference value :  2.19689e-08
 Reference value :  2.20489e-08
 Reference value :  2.21489e-08
 Reference value :  2.22222e-08
 Reference value :  2.22228e-08
 Reference value :  2.22245e-08
 Reference value :  2.22282e-08
 Reference value :  2.22348e-08
 Reference value :  2.22402e-08
 Reference value :  2.22507e-08
 Reference value :  2.22622e-08
 Reference value :  2.22720e-08
 Reference value :  2.22793e-08
 Reference value :  2.22859e-08
 Reference value :  2.22967e-08
 Reference value :  2.23027e-08
 Reference value :  2.23107e-08
 Reference value :  2.23148e-08
 Reference value :  2.23210e-08
 Reference value :  2.23285e-08
 Reference value :  2.23378e-08
 Reference value :  2.23464e-08
 Reference value :  2.23551e-08
 Reference value :  2.23646e-08
 Reference value :  2.23722e-08
 Reference value :  2.23724e-08
 Reference value :  2.23754e-08
 Reference value :  2.23806e-08
 Reference value :  2.23893e-08
 Reference value :  2.23980e-08
 Reference value :  2.24041e-08
 Reference value :  2.24132e-08
 Reference value :  2.24222e-08
 Reference value :  2.24223e-08
 Reference value :  2.24231e-08
 Reference value :  2.24282e-08
 Reference value :  2.24398e-08
 Reference value :  2.24506e-08
 Reference value :  2.24643e-08
 Reference value :  2.24832e-08
 Reference value :  2.25113e-08
 Reference value :  2.25797e-08
 Reference value :  2.26397e-08
 Reference value :  2.26997e-08
 Reference value :  2.27597e-08
 Reference value :  2.28597e-08
 Reference value :  2.29397e-08
 Reference value :  2.30197e-08
 Reference value :  2.30997e-08
 Reference value :  2.31797e-08
 Reference value :  2.32797e-08
 Reference value :  2.33597e-08
 Reference value :  2.34597e-08
 Reference value :  2.35397e-08
 Reference value :  2.36197e-08
 Reference value :  2.37197e-08
 Reference value :  2.38397e-08
 Reference value :  2.39197e-08
 Reference value :  2.40397e-08
 Reference value :  2.41397e-08
 Reference value :  2.42197e-08
 Reference value :  2.42997e-08
 Reference value :  2.43997e-08
 Reference value :  2.44997e-08
 Reference value :  2.45797e-08
 Reference value :  2.46597e-08
 Reference value :  2.47397e-08
 Reference value :  2.48397e-08
 Reference value :  2.48997e-08
 Reference value :  2.49997e-08
 Reference value :  2.50797e-08
 Reference value :  2.51397e-08
 Reference value :  2.52197e-08
 Reference value :  2.52997e-08
 Reference value :  2.53797e-08
 Reference value :  2.54597e-08
 Reference value :  2.55397e-08
 Reference value :  2.56197e-08
 Reference value :  2.56997e-08
 Reference value :  2.57797e-08
 Reference value :  2.58397e-08
 Reference value :  2.59128e-08
 Reference value :  2.59259e-08
 Reference value :  2.59264e-08
 Reference value :  2.59297e-08
 Reference value :  2.59334e-08
 Reference value :  2.59403e-08
 Reference value :  2.59462e-08
 Reference value :  2.59573e-08
 Reference value :  2.59680e-08
 Reference value :  2.59745e-08
 Reference value :  2.59816e-08
 Reference value :  2.59884e-08
 Reference value :  2.59991e-08
 Reference value :  2.60024e-08
 Reference value :  2.60053e-08
 Reference value :  2.60081e-08
 Reference value :  2.60164e-08
 Reference value :  2.60203e-08
 Reference value :  2.60270e-08
 Reference value :  2.60350e-08
 Reference value :  2.60444e-08
 Reference value :  2.60558e-08
 Reference value :  2.60648e-08
 Reference value :  2.60738e-08
 Reference value :  2.60759e-08
 Reference value :  2.60767e-08
 Reference value :  2.60807e-08
 Reference value :  2.60843e-08
 Reference value :  2.60906e-08
 Reference value :  2.60986e-08
 Reference value :  2.61046e-08
 Reference value :  2.61136e-08
 Reference value :  2.61230e-08
 Reference value :  2.61260e-08
 Reference value :  2.61270e-08
 Reference value :  2.61302e-08
 Reference value :  2.61378e-08
 Reference value :  2.61520e-08
 Reference value :  2.61713e-08
 Reference value :  2.61925e-08
 Reference value :  2.62089e-08
 Reference value :  2.62290e-08
 Reference value :  2.62763e-08
 Reference value :  2.63363e-08
 Reference value :  2.63963e-08
 Reference value :  2.64763e-08
 Reference value :  2.65763e-08
 Reference value :  2.66763e-08
 Reference value :  2.67563e-08
 Reference value :  2.68563e-08
 Reference value :  2.69363e-08
 Reference value :  2.70363e-08
 Reference value :  2.71163e-08
 Reference value :  2.71963e-08
 Reference value :  2.72763e-08
 Reference value :  2.73563e-08
 Reference value :  2.74363e-08
 Reference value :  2.75563e-08
 Reference value :  2.76763e-08
 Reference value :  2.77763e-08
 Reference value :  2.78563e-08
 Reference value :  2.79763e-08
 Reference value :  2.80763e-08
 Reference value :  2.81763e-08
 Reference value :  2.82563e-08
 Reference value :  2.83363e-08
 Reference value :  2.84163e-08
 Reference value :  2.84963e-08
 Reference value :  2.85963e-08
 Reference value :  2.86963e-08
 Reference value :  2.87763e-08
 Reference value :  2.88763e-08
 Reference value :  2.89563e-08
 Reference value :  2.90363e-08
 Reference value :  2.91163e-08
 Reference value :  2.92163e-08
 Reference value :  2.92963e-08
 Reference value :  2.93763e-08
 Reference value :  2.94363e-08
 Reference value :  2.94963e-08
 Reference value :  2.95763e-08
 Reference value :  2.96296e-08
 Reference value :  2.96296e-08
 Reference value :  2.96299e-08
 Reference value :  2.96319e-08
 Reference value :  2.96361e-08
 Reference value :  2.96409e-08
 Reference value :  2.96469e-08
 Reference value :  2.96568e-08
 Reference value :  2.96635e-08
 Reference value :  2.96705e-08
 Reference value :  2.96770e-08
 Reference value :  2.96878e-08
 Reference value :  2.96910e-08
 Reference value :  2.97017e-08
 Reference value :  2.97052e-08
 Reference value :  2.97108e-08
 Reference value :  2.97161e-08
 Reference value :  2.97211e-08
 Reference value :  2.97256e-08
 Reference value :  2.97302e-08
 Reference value :  2.97353e-08
 Reference value :  2.97443e-08
 Reference value :  2.97502e-08
 Reference value :  2.97588e-08
 Reference value :  2.97682e-08
 Reference value :  2.97752e-08
 Reference value :  2.97796e-08
 Reference value :  2.97796e-08
 Reference value :  2.97800e-08
 Reference value :  2.97831e-08
 Reference value :  2.97864e-08
 Reference value :  2.97923e-08
 Reference value :  2.97999e-08
 Reference value :  2.98090e-08
 Reference value :  2.98155e-08
 Reference value :  2.98255e-08
 Reference value :  2.98296e-08
 Reference value :  2.98297e-08
 Reference value :  2.98309e-08
 Reference value :  2.98349e-08
 Reference value :  2.98432e-08
 Reference value :  2.98495e-08
 Reference value :  2.98609e-08
 Reference value :  2.98702e-08
 Reference value :  2.98817e-08
 Reference value :  2.98960e-08
 Reference value :  2.99124e-08
 Reference value :  2.99454e-08
 Reference value :  2.99895e-08
 Reference value :  3.00003e-08
 Reference value :  3.00012e-08
 Reference value :  3.00054e-08
 Reference value :  3.00368e-08
 Reference value :  3.00768e-08
 Reference value :  3.01168e-08
 Reference value :  3.01768e-08
 Reference value :  3.02368e-08
 Reference value :  3.02968e-08
 Reference value :  3.03568e-08
 Reference value :  3.04368e-08
 Reference value :  3.04968e-08
 Reference value :  3.05768e-08
 Reference value :  3.06368e-08
 Reference value :  3.07168e-08
 Reference value :  3.07968e-08
 Reference value :  3.08768e-08
 Reference value :  3.09568e-08
 Reference value :  3.10168e-08
 Reference value :  3.10968e-08
 Reference value :  3.11768e-08
 Reference value :  3.12368e-08
 Reference value :  3.13168e-08
 Reference value :  3.13968e-08
 Reference value :  3.14568e-08
 Reference value :  3.15168e-08
 Reference value :  3.15968e-08
 Reference value :  3.16768e-08
 Reference value :  3.17368e-08
 Reference value :  3.17968e-08
 Reference value :  3.18768e-08
 Reference value :  3.19368e-08
 Reference value :  3.20168e-08
 Reference value :  3.20968e-08
 Reference value :  3.21568e-08
 Reference value :  3.22168e-08
 Reference value :  3.22968e-08
 Reference value :  3.23768e-08
 Reference value :  3.24568e-08
 Reference value :  3.25368e-08
 Reference value :  3.25968e-08
 Reference value :  3.26768e-08
 Reference value :  3.27368e-08
 Reference value :  3.27968e-08
 Reference value :  3.28768e-08
 Reference value :  3.29568e-08
 Reference value :  3.30368e-08
 Reference value :  3.31168e-08
 Reference value :  3.31968e-08
 Reference value :  3.33358e-08
 Reference value :  3.33395e-08
 Reference value :  3.33461e-08
 Reference value :  3.33548e-08
 Reference value :  3.33660e-08
 Reference value :  3.33734e-08
 Reference value :  3.33800e-08
 Reference value :  3.33905e-08
 Reference value :  3.33971e-08
 Reference value :  3.34080e-08
 Reference value :  3.34141e-08
 Reference value :  3.34195e-08
 Reference value :  3.34243e-08
 Reference value :  3.34284e-08
 Reference value :  3.34355e-08
 Reference value :  3.34436e-08
 Reference value :  3.34492e-08
 Reference value :  3.34550e-08
 Reference value :  3.34639e-08
 Reference value :  3.34736e-08
 Reference value :  3.34833e-08
 Reference value :  3.34834e-08
 Reference value :  3.34839e-08
 Reference value :  3.34871e-08
 Reference value :  3.34907e-08
 Reference value :  3.34969e-08
 Reference value :  3.35018e-08
 Reference value :  3.35078e-08
 Reference value :  3.35174e-08
 Reference value :  3.35238e-08
 Reference value :  3.35302e-08
 Reference value :  3.35334e-08
 Reference value :  3.35345e-08
 Reference value :  3.35416e-08
 Reference value :  3.35501e-08
 Reference value :  3.35658e-08
 Reference value :  3.35856e-08
 Reference value :  3.36079e-08
 Reference value :  3.36259e-08
 Reference value :  3.36497e-08
 Reference value :  3.36821e-08
 Reference value :  3.37213e-08
 Reference value :  3.37813e-08
 Reference value :  3.38213e-08
 Reference value :  3.39013e-08
 Reference value :  3.39613e-08
 Reference value :  3.40213e-08
 Reference value :  3.41413e-08
 Reference value :  3.42013e-08
 Reference value :  3.42613e-08
 Reference value :  3.43413e-08
 Reference value :  3.44213e-08
 Reference value :  3.45013e-08
 Reference value :  3.45613e-08
 Reference value :  3.46213e-08
 Reference value :  3.46813e-08
 Reference value :  3.47613e-08
 Reference value :  3.48413e-08
 Reference value :  3.50613e-08
 Reference value :  3.51413e-08
 Reference value :  3.52213e-08
 Reference value :  3.53213e-08
 Reference value :  3.53813e-08
 Reference value :  3.54613e-08
 Reference value :  3.55413e-08
 Reference value :  3.56213e-08
 Reference value :  3.57013e-08
 Reference value :  3.57813e-08
 Reference value :  3.58613e-08
 Reference value :  3.59413e-08
 Reference value :  3.60213e-08
 Reference value :  3.61013e-08
 Reference value :  3.61813e-08
 Reference value :  3.62613e-08
 Reference value :  3.63413e-08
 Reference value :  3.64413e-08
 Reference value :  3.65213e-08
 Reference value :  3.66013e-08
 Reference value :  3.67013e-08
 Reference value :  3.67813e-08
 Reference value :  3.68613e-08
 Reference value :  3.69613e-08
 Reference value :  3.70371e-08
 Reference value :  3.70373e-08
 Reference value :  3.70395e-08
 Reference value :  3.70432e-08
 Reference value :  3.70497e-08
 Reference value :  3.70584e-08
 Reference value :  3.70697e-08
 Reference value :  3.70770e-08
 Reference value :  3.70836e-08
 Reference value :  3.70940e-08
 Reference value :  3.71006e-08
 Reference value :  3.71115e-08
 Reference value :  3.71175e-08
 Reference value :  3.71229e-08
 Reference value :  3.71282e-08
 Reference value :  3.71330e-08
 Reference value :  3.71377e-08
 Reference value :  3.71455e-08
 Reference value :  3.71515e-08
 Reference value :  3.71572e-08
 Reference value :  3.71658e-08
 Reference value :  3.71755e-08
 Reference value :  3.71847e-08
 Reference value :  3.71871e-08
 Reference value :  3.71875e-08
 Reference value :  3.71904e-08
 Reference value :  3.71938e-08
 Reference value :  3.71997e-08
 Reference value :  3.72072e-08
 Reference value :  3.72164e-08
 Reference value :  3.72259e-08
 Reference value :  3.72326e-08
 Reference value :  3.72371e-08
 Reference value :  3.72373e-08
 Reference value :  3.72397e-08
 Reference value :  3.72449e-08
 Reference value :  3.72538e-08
 Reference value :  3.72642e-08
 Reference value :  3.72776e-08
 Reference value :  3.72891e-08
 Reference value :  3.73124e-08
 Reference value :  3.73474e-08
 Reference value :  3.73777e-08
 Reference value :  3.74157e-08
 Reference value :  3.74557e-08
 Reference value :  3.75157e-08
 Reference value :  3.75557e-08
 Reference value :  3.76357e-08
 Reference value :  3.77157e-08
 Reference value :  3.77667e-08
 Reference value :  3.77781e-08
 Reference value :  3.77788e-08
 Reference value :  3.77798e-08
 Reference value :  3.77966e-08
 Reference value :  3.78545e-08
 Reference value :  3.79345e-08
 Reference value :  3.80145e-08
 Reference value :  3.80945e-08
 Reference value :  3.81482e-08
 Reference value :  3.81492e-08
 Reference value :  3.81513e-08
 Reference value :  3.81849e-08
 Reference value :  3.82649e-08
 Reference value :  3.83449e-08
 Reference value :  3.84249e-08
 Reference value :  3.85049e-08
 Reference value :  3.85649e-08
 Reference value :  3.86449e-08
 Reference value :  3.87249e-08
 Reference value :  3.88049e-08
 Reference value :  3.88649e-08
 Reference value :  3.89249e-08
 Reference value :  3.89849e-08
 Reference value :  3.90649e-08
 Reference value :  3.91449e-08
 Reference value :  3.92249e-08
 Reference value :  3.93049e-08
 Reference value :  3.93649e-08
 Reference value :  3.94249e-08
 Reference value :  3.95049e-08
 Reference value :  3.95649e-08
 Reference value :  3.96296e-08
 Reference value :  3.96303e-08
 Reference value :  3.96311e-08
 Reference value :  3.96350e-08
 Reference value :  3.96864e-08
 Reference value :  3.97664e-08
 Reference value :  3.98264e-08
 Reference value :  3.99064e-08
 Reference value :  3.99664e-08
 Reference value :  4.00264e-08
 Reference value :  4.00864e-08
 Reference value :  4.01664e-08
 Reference value :  4.02464e-08
 Reference value :  4.03264e-08
 Reference value :  4.04064e-08
 Reference value :  4.04864e-08
 Reference value :  4.05664e-08
 Reference value :  4.06464e-08
 Reference value :  4.07236e-08
 Reference value :  4.07408e-08
 Reference value :  4.07410e-08
 Reference value :  4.07419e-08
 Reference value :  4.07447e-08
 Reference value :  4.07510e-08
 Reference value :  4.07587e-08
 Reference value :  4.08014e-08
 Reference value :  4.08046e-08
 Reference value :  4.08156e-08
 Reference value :  4.08188e-08
 Reference value :  4.08216e-08
 Reference value :  4.08242e-08
 Reference value :  4.08318e-08
 Reference value :  4.08338e-08
 Reference value :  4.08359e-08
 Reference value :  4.08405e-08
 Reference value :  4.08482e-08
 Reference value :  4.08540e-08
 Reference value :  4.08597e-08
 Reference value :  4.08683e-08
 Reference value :  4.08744e-08
 Reference value :  4.08811e-08
 Reference value :  4.08907e-08
 Reference value :  4.08908e-08
 Reference value :  4.08919e-08
 Reference value :  4.08945e-08
 Reference value :  4.09020e-08
 Reference value :  4.09091e-08
 Reference value :  4.09184e-08
 Reference value :  4.09278e-08
 Reference value :  4.09376e-08
 Reference value :  4.09408e-08
 Reference value :  4.09419e-08
 Reference value :  4.09492e-08
 Reference value :  4.09624e-08
 Reference value :  4.09797e-08
 Reference value :  4.10004e-08
 Reference value :  4.10242e-08
 Reference value :  4.10578e-08
 Reference value :  4.10903e-08
 Reference value :  4.11294e-08
 Reference value :  4.11894e-08
 Reference value :  4.12494e-08
 Reference value :  4.13294e-08
 Reference value :  4.13894e-08
 Reference value :  4.14494e-08
 Reference value :  4.15294e-08
 Reference value :  4.16094e-08
 Reference value :  4.16894e-08
 Reference value :  4.17694e-08
 Reference value :  4.18294e-08
 Reference value :  4.18520e-08
 Reference value :  4.18529e-08
 Reference value :  4.18533e-08
 Reference value :  4.18617e-08
 Reference value :  4.19286e-08
 Reference value :  4.20086e-08
 Reference value :  4.20686e-08
 Reference value :  4.21486e-08
 Reference value :  4.22286e-08
 Reference value :  4.23086e-08
 Reference value :  4.23886e-08
 Reference value :  4.24686e-08
 Reference value :  4.25286e-08
 Reference value :  4.26086e-08
 Reference value :  4.26886e-08
 Reference value :  4.27686e-08
 Reference value :  4.28486e-08
 Reference value :  4.29286e-08
 Reference value :  4.30286e-08
 Reference value :  4.31286e-08
 Reference value :  4.32086e-08
 Reference value :  4.32686e-08
 Reference value :  4.33333e-08
 Reference value :  4.33343e-08
 Reference value :  4.33354e-08
 Reference value :  4.33522e-08
 Reference value :  4.34301e-08
 Reference value :  4.34901e-08
 Reference value :  4.35701e-08
 Reference value :  4.36301e-08
 Reference value :  4.37101e-08
 Reference value :  4.37901e-08
 Reference value :  4.38701e-08
 Reference value :  4.39501e-08
 Reference value :  4.40301e-08
 Reference value :  4.41101e-08
 Reference value :  4.41901e-08
 Reference value :  4.42701e-08
 Reference value :  4.43701e-08
 Reference value :  4.45596e-08
 Reference value :  4.45654e-08
 Reference value :  4.45742e-08
 Reference value :  4.45839e-08
 Reference value :  4.45908e-08
 Reference value :  4.45945e-08
 Reference value :  4.45946e-08
 Reference value :  4.45976e-08
 Reference value :  4.46029e-08
 Reference value :  4.46094e-08
 Reference value :  4.46175e-08
 Reference value :  4.46269e-08
 Reference value :  4.46365e-08
 Reference value :  4.46445e-08
 Reference value :  4.46448e-08
 Reference value :  4.46471e-08
 Reference value :  4.46553e-08
 Reference value :  4.46643e-08
 Reference value :  4.46757e-08
 Reference value :  4.46904e-08
 Reference value :  4.47110e-08
 Reference value :  4.47419e-08
 Reference value :  4.47692e-08
 Reference value :  4.48231e-08
 Reference value :  4.48831e-08
 Reference value :  4.49431e-08
 Reference value :  4.50031e-08
 Reference value :  4.50831e-08
 Reference value :  4.51631e-08
 Reference value :  4.52431e-08
 Reference value :  4.53031e-08
 Reference value :  4.53831e-08
 Reference value :  4.54831e-08
 Reference value :  4.55556e-08
 Reference value :  4.55562e-08
 Reference value :  4.55570e-08
 Reference value :  4.55654e-08
 Reference value :  4.56123e-08
 Reference value :  4.56923e-08
 Reference value :  4.57723e-08
 Reference value :  4.58523e-08
 Reference value :  4.59323e-08
 Reference value :  4.60123e-08
 Reference value :  4.60923e-08
 Reference value :  4.61723e-08
 Reference value :  4.62523e-08
 Reference value :  4.63323e-08
 Reference value :  4.64123e-08
 Reference value :  4.64923e-08
 Reference value :  4.65723e-08
 Reference value :  4.66323e-08
 Reference value :  4.66923e-08
 Reference value :  4.67723e-08
 Reference value :  4.68323e-08
 Reference value :  4.69123e-08
 Reference value :  4.69923e-08
 Reference value :  4.70370e-08
 Reference value :  4.70380e-08
 Reference value :  4.70391e-08
 Reference value :  4.70938e-08
 Reference value :  4.71738e-08
 Reference value :  4.72538e-08
 Reference value :  4.73338e-08
 Reference value :  4.74138e-08
 Reference value :  4.74938e-08
 Reference value :  4.75538e-08
 Reference value :  4.76138e-08
 Reference value :  4.76938e-08
 Reference value :  4.77738e-08
 Reference value :  4.78538e-08
 Reference value :  4.79138e-08
 Reference value :  4.79938e-08
 Reference value :  4.80738e-08
 Reference value :  4.81481e-08
 Reference value :  4.81482e-08
 Reference value :  4.81484e-08
 Reference value :  4.81505e-08
 Reference value :  4.81542e-08
 Reference value :  4.81607e-08
 Reference value :  4.81693e-08
 Reference value :  4.81804e-08
 Reference value :  4.81915e-08
 Reference value :  4.81981e-08
 Reference value :  4.82054e-08
 Reference value :  4.82120e-08
 Reference value :  4.82230e-08
 Reference value :  4.82290e-08
 Reference value :  4.82344e-08
 Reference value :  4.82392e-08
 Reference value :  4.82433e-08
 Reference value :  4.82504e-08
 Reference value :  4.82585e-08
 Reference value :  4.82614e-08
 Reference value :  4.82672e-08
 Reference value :  4.82729e-08
 Reference value :  4.82787e-08
 Reference value :  4.82885e-08
 Reference value :  4.82951e-08
 Reference value :  4.82982e-08
 Reference value :  4.82984e-08
 Reference value :  4.83004e-08
 Reference value :  4.83037e-08
 Reference value :  4.83094e-08
 Reference value :  4.83140e-08
 Reference value :  4.83193e-08
 Reference value :  4.83289e-08
 Reference value :  4.83385e-08
 Reference value :  4.83481e-08
 Reference value :  4.83482e-08
 Reference value :  4.83493e-08
 Reference value :  4.83566e-08
 Reference value :  4.83651e-08
 Reference value :  4.83808e-08
 Reference value :  4.83939e-08
 Reference value :  4.84078e-08
 Reference value :  4.84317e-08
 Reference value :  4.84652e-08
 Reference value :  4.85168e-08
 Reference value :  4.85568e-08
 Reference value :  4.86168e-08
 Reference value :  4.86768e-08
 Reference value :  4.87568e-08
 Reference value :  4.88368e-08
 Reference value :  4.89168e-08
 Reference value :  4.89968e-08
 Reference value :  4.90768e-08
 Reference value :  4.91568e-08
 Reference value :  4.92368e-08
 Reference value :  4.92596e-08
 Reference value :  4.92605e-08
 Reference value :  4.93560e-08
 Reference value :  4.94360e-08
 Reference value :  4.95160e-08
 Reference value :  4.95760e-08
 Reference value :  4.96360e-08
 Reference value :  4.96960e-08
 Reference value :  4.97760e-08
 Reference value :  4.98560e-08
 Reference value :  4.99160e-08
 Reference value :  4.99960e-08
 Reference value :  5.00560e-08
 Reference value :  5.01160e-08
 Reference value :  5.01760e-08
 Reference value :  5.02560e-08
 Reference value :  5.03360e-08
 Reference value :  5.03960e-08
 Reference value :  5.04760e-08
 Reference value :  5.05560e-08
 Reference value :  5.06160e-08
 Reference value :  5.06760e-08
 Reference value :  5.07407e-08
 Reference value :  5.07417e-08
 Reference value :  5.07422e-08
 Reference value :  5.07462e-08
 Reference value :  5.07975e-08
 Reference value :  5.08575e-08
 Reference value :  5.09175e-08
 Reference value :  5.09775e-08
 Reference value :  5.10575e-08
 Reference value :  5.11375e-08
 Reference value :  5.11975e-08
 Reference value :  5.12775e-08
 Reference value :  5.13375e-08
 Reference value :  5.14175e-08
 Reference value :  5.14975e-08
 Reference value :  5.15775e-08
 Reference value :  5.16375e-08
 Reference value :  5.17175e-08
 Reference value :  5.17975e-08
 Reference value :  5.18519e-08
 Reference value :  5.18519e-08
 Reference value :  5.18524e-08
 Reference value :  5.18542e-08
 Reference value :  5.18579e-08
 Reference value :  5.18644e-08
 Reference value :  5.18698e-08
 Reference value :  5.18804e-08
 Reference value :  5.18881e-08
 Reference value :  5.18948e-08
 Reference value :  5.19014e-08
 Reference value :  5.19086e-08
 Reference value :  5.19153e-08
 Reference value :  5.19222e-08
 Reference value :  5.19294e-08
 Reference value :  5.19347e-08
 Reference value :  5.19431e-08
 Reference value :  5.19482e-08
 Reference value :  5.19530e-08
 Reference value :  5.19610e-08
 Reference value :  5.19670e-08
 Reference value :  5.19757e-08
 Reference value :  5.19846e-08
 Reference value :  5.19947e-08
 Reference value :  5.20019e-08
 Reference value :  5.20019e-08
 Reference value :  5.20026e-08
 Reference value :  5.20066e-08
 Reference value :  5.20124e-08
 Reference value :  5.20192e-08
 Reference value :  5.20280e-08
 Reference value :  5.20374e-08
 Reference value :  5.20473e-08
 Reference value :  5.20519e-08
 Reference value :  5.20522e-08
 Reference value :  5.20545e-08
 Reference value :  5.20597e-08
 Reference value :  5.20686e-08
 Reference value :  5.20790e-08
 Reference value :  5.20925e-08
 Reference value :  5.21106e-08
 Reference value :  5.21376e-08
 Reference value :  5.21766e-08
 Reference value :  5.22305e-08
 Reference value :  5.22905e-08
 Reference value :  5.23305e-08
 Reference value :  5.23705e-08
 Reference value :  5.24305e-08
 Reference value :  5.24905e-08
 Reference value :  5.25705e-08
 Reference value :  5.26505e-08
 Reference value :  5.27305e-08
 Reference value :  5.27905e-08
 Reference value :  5.28705e-08
 Reference value :  5.29305e-08
 Reference value :  5.29633e-08
 Reference value :  5.29640e-08
 Reference value :  5.29650e-08
 Reference value :  5.29729e-08
 Reference value :  5.30397e-08
 Reference value :  5.31197e-08
 Reference value :  5.31997e-08
 Reference value :  5.32797e-08
 Reference value :  5.33597e-08
 Reference value :  5.34397e-08
 Reference value :  5.35197e-08
 Reference value :  5.35997e-08
 Reference value :  5.36797e-08
 Reference value :  5.37597e-08
 Reference value :  5.38797e-08
 Reference value :  5.39597e-08
 Reference value :  5.40397e-08
 Reference value :  5.40997e-08
 Reference value :  5.41797e-08
 Reference value :  5.42597e-08
 Reference value :  5.43197e-08
 Reference value :  5.43797e-08
 Reference value :  5.44444e-08
 Reference value :  5.44451e-08
 Reference value :  5.44459e-08
 Reference value :  5.44543e-08
 Reference value :  5.45212e-08
 Reference value :  5.46012e-08
 Reference value :  5.46612e-08
 Reference value :  5.47212e-08
 Reference value :  5.48012e-08
 Reference value :  5.48812e-08
 Reference value :  5.49612e-08
 Reference value :  5.50412e-08
 Reference value :  5.51212e-08
 Reference value :  5.52012e-08
 Reference value :  5.52612e-08
 Reference value :  5.53412e-08
 Reference value :  5.54212e-08
 Reference value :  5.55012e-08
 Reference value :  5.55556e-08
 Reference value :  5.55558e-08
 Reference value :  5.55567e-08
 Reference value :  5.55595e-08
 Reference value :  5.55636e-08
 Reference value :  5.55707e-08
 Reference value :  5.55804e-08
 Reference value :  5.55878e-08
 Reference value :  5.55989e-08
 Reference value :  5.56055e-08
 Reference value :  5.56128e-08
 Reference value :  5.56466e-08
 Reference value :  5.56507e-08
 Reference value :  5.56578e-08
 Reference value :  5.56630e-08
 Reference value :  5.56688e-08
 Reference value :  5.56716e-08
 Reference value :  5.56803e-08
 Reference value :  5.56892e-08
 Reference value :  5.56994e-08
 Reference value :  5.57056e-08
 Reference value :  5.57058e-08
 Reference value :  5.57078e-08
 Reference value :  5.57111e-08
 Reference value :  5.57168e-08
 Reference value :  5.57239e-08
 Reference value :  5.57332e-08
 Reference value :  5.57426e-08
 Reference value :  5.57524e-08
 Reference value :  5.57556e-08
 Reference value :  5.57567e-08
 Reference value :  5.57640e-08
 Reference value :  5.57772e-08
 Reference value :  5.57945e-08
 Reference value :  5.58152e-08
 Reference value :  5.58391e-08
 Reference value :  5.58726e-08
 Reference value :  5.59243e-08
 Reference value :  5.59843e-08
 Reference value :  5.60443e-08
 Reference value :  5.61243e-08
 Reference value :  5.62043e-08
 Reference value :  5.62843e-08
 Reference value :  5.63643e-08
 Reference value :  5.64243e-08
 Reference value :  5.65043e-08
 Reference value :  5.65843e-08
 Reference value :  5.66555e-08
 Reference value :  5.66670e-08
 Reference value :  5.66766e-08
 Reference value :  5.67634e-08
 Reference value :  5.68434e-08
 Reference value :  5.69234e-08
 Reference value :  5.69834e-08
 Reference value :  5.70634e-08
 Reference value :  5.71434e-08
 Reference value :  5.72234e-08
 Reference value :  5.73034e-08
 Reference value :  5.73634e-08
 Reference value :  5.74234e-08
 Reference value :  5.75834e-08
 Reference value :  5.76634e-08
 Reference value :  5.77234e-08
 Reference value :  5.77834e-08
 Reference value :  5.78434e-08
 Reference value :  5.79234e-08
 Reference value :  5.80034e-08
 Reference value :  5.80834e-08
 Reference value :  5.81481e-08
 Reference value :  5.81488e-08
 Reference value :  5.81494e-08
 Reference value :  5.81536e-08
 Reference value :  5.81849e-08
 Reference value :  5.82449e-08
 Reference value :  5.83049e-08
 Reference value :  5.83649e-08
 Reference value :  5.84449e-08
 Reference value :  5.85186e-08
 Reference value :  5.85196e-08
 Reference value :  5.85217e-08
 Reference value :  5.85374e-08
 Reference value :  5.85953e-08
 Reference value :  5.86753e-08
 Reference value :  5.87553e-08
 Reference value :  5.91553e-08
 Reference value :  5.92353e-08
 Reference value :  5.92593e-08
 Reference value :  5.92595e-08
 Reference value :  5.92610e-08
 Reference value :  5.92666e-08
 Reference value :  5.92734e-08
 Reference value :  5.92793e-08
 Reference value :  5.92865e-08
 Reference value :  5.92942e-08
 Reference value :  5.93014e-08
 Reference value :  5.93079e-08
 Reference value :  5.93150e-08
 Reference value :  5.93185e-08
 Reference value :  5.93252e-08
 Reference value :  5.93358e-08
 Reference value :  5.93413e-08
 Reference value :  5.93466e-08
 Reference value :  5.93519e-08
 Reference value :  5.93565e-08
 Reference value :  5.93638e-08
 Reference value :  5.93724e-08
 Reference value :  5.93752e-08
 Reference value :  5.93839e-08
 Reference value :  5.93929e-08
 Reference value :  5.94031e-08
 Reference value :  5.94093e-08
 Reference value :  5.94093e-08
 Reference value :  5.94105e-08
 Reference value :  5.94133e-08
 Reference value :  5.94189e-08
 Reference value :  5.94255e-08
 Reference value :  5.94341e-08
 Reference value :  5.94404e-08
 Reference value :  5.94467e-08
 Reference value :  5.94533e-08
 Reference value :  5.94593e-08
 Reference value :  5.94597e-08
 Reference value :  5.94629e-08
 Reference value :  5.94683e-08
 Reference value :  5.94772e-08
 Reference value :  5.94880e-08
 Reference value :  5.95018e-08
 Reference value :  5.95138e-08
 Reference value :  5.95385e-08
 Reference value :  5.95751e-08
 Reference value :  5.96068e-08
 Reference value :  5.96655e-08
 Reference value :  5.97055e-08
 Reference value :  5.97655e-08
 Reference value :  5.98455e-08
 Reference value :  5.99255e-08
 Reference value :  6.00055e-08
 Reference value :  6.01055e-08
 Reference value :  6.01855e-08
 Reference value :  6.02655e-08
 Reference value :  6.03455e-08
 Reference value :  6.04255e-08
 Reference value :  6.05055e-08
 Reference value :  6.05855e-08
 Reference value :  6.06655e-08
 Reference value :  6.07455e-08
 Reference value :  6.08255e-08
 Reference value :  6.09255e-08
 Reference value :  6.10000e-08
No. of Data Rows : 4732
m_ui_ref            =  3.70370e-09 targ=  3.71120e-08 trig=  3.34083e-08
m_spa_in            =  1.48148e-08 targ=  4.82231e-08 trig=  3.34083e-08
m_spb_in            =  1.11111e-08 targ=  4.45194e-08 trig=  3.34083e-08
m_spa_m             =  1.48148e-08 targ=  4.82850e-08 trig=  3.34702e-08
m_spb_m             =  1.11111e-08 targ=  4.45813e-08 trig=  3.34702e-08
m_trise_m           =  7.50473e-11 targ=  4.46195e-08 trig=  4.45445e-08
m_tfall_m           =  7.50170e-11 targ=  4.09158e-08 trig=  4.08408e-08
m_trise_n           =  5.89088e-11 targ=  4.45951e-08 trig=  4.45362e-08
m_dj_ui_m = 5.3999995684e-06
m_vih_m = 2.8324924871e+00
m_vil_m = 1.8481715450e+00
m_vswing_m = 9.8432094211e-01
m_vih_m_frac = 8.5833105669e-01
m_vil_m_frac = 5.6005198333e-01
m_vcm_m_frac = 7.0919152388e-01
m_vswing_s = 9.8718662285e-01
m_vglitch_m = 4.2502830149e-01
m_vswing_n = 9.8412443428e-01
m_vswing_dc = 9.7880190817e-01
m_vcm_dc_frac = 7.1028839689e-01
m_icell_dc = 7.8030328905e-03
m_vgs_mu_max = 1.5651435437e+00
m_vds_mu_max = 1.3794617704e+00
m_vds_mt_max = 6.5388608945e-01
Note: Simulation executed from .control section 

Note: Starting dynamic gmin stepping
Note: Dynamic gmin stepping completed
