
Note: No compatibility mode selected!


Circuit: * tmds-final-mux-eye @ ss_125c_2.97v_270mbps -- generated by sim/harness, do not edit

Doing analysis at TEMP = 125.000000 and TNOM = 27.000000

Using SPARSE 1.3 as Direct Linear Solver

Initial Transient Solution
--------------------------

Node                                   Voltage
----                                   -------
vdd                                       2.97
avcc                                       3.3
clkp                                     1.782
clkn                                     0.891
d0p                                     2.5245
d0n                                     1.6335
d1p                                     2.5245
d1n                                     1.6335
d0ps                                    1.6335
d0ns                                    2.5245
d1ps                                    1.6335
d1ns                                    2.5245
ckref                                    0.891
win                                          0
winr                                         0
winc                                         0
xmux_m.top                             2.57942
xmux_m.xrc.11                          2.59605
xmux_m.xrc.21                          2.95338
outp_m                                 1.75122
xmux_m.xrlp.11                         1.76783
xmux_m.xrlp.21                         2.56281
outn_m                                 2.57881
xmux_m.xrln.11                         2.57882
xmux_m.xrln.21                         2.57941
xmux_m.ibias                           1.14427
xmux_m.xrref.11                        1.15325
xmux_m.xrref.21                        2.96101
xmux_m.sa                              1.02861
xmux_m.sb                              1.74934
xmux_m.tail                           0.508375
dop_m                                  3.28865
xdrv_m.tail                           0.957518
don_m                                  2.81869
ib_m                                   1.25994
vd_m                                   0.82759
vdn_m                                 0.928832
vdg_m                                        0
xmux_s.top                             2.57942
xmux_s.xrc.11                          2.59605
xmux_s.xrc.21                          2.95338
outp_s                                 2.57881
xmux_s.xrlp.11                         2.57882
xmux_s.xrlp.21                         2.57941
outn_s                                 1.75122
xmux_s.xrln.11                         1.76783
xmux_s.xrln.21                         2.56281
xmux_s.ibias                           1.14427
xmux_s.xrref.11                        1.15325
xmux_s.xrref.21                        2.96101
xmux_s.sa                              1.02861
xmux_s.sb                              1.74934
xmux_s.tail                           0.508375
dop_s                                  2.81869
xdrv_s.tail                           0.957518
don_s                                  3.28865
ib_s                                   1.25994
vd_s                                  -0.82759
vdn_s                                -0.928832
vdg_s                                        0
xmux_n.top                             2.57942
xmux_n.xrc.11                          2.59605
xmux_n.xrc.21                          2.95338
outp_n                                 1.75122
xmux_n.xrlp.11                         1.76783
xmux_n.xrlp.21                         2.56281
outn_n                                 2.57881
xmux_n.xrln.11                         2.57882
xmux_n.xrln.21                         2.57941
xmux_n.ibias                           1.14427
xmux_n.xrref.11                        1.15325
xmux_n.xrref.21                        2.96101
xmux_n.sa                              1.02861
xmux_n.sb                              1.74934
xmux_n.tail                           0.508375
vd_n                                   0.82759
vdn_n                                 0.928832
vdg_n                                        0
d0pz                                    2.5245
d0nz                                    1.6335
clkpz                                    1.782
clknz                                    0.891
vdd_z                                     2.97
xmux_z.top                             2.57942
xmux_z.xrc.11                          2.59605
xmux_z.xrc.21                          2.95338
outp_z                                 1.75126
xmux_z.xrlp.11                         1.76787
xmux_z.xrlp.21                         2.56281
outn_z                                 2.57876
xmux_z.xrln.11                         2.57878
xmux_z.xrln.21                         2.57941
xmux_z.ibias                           1.14427
xmux_z.xrref.11                        1.15325
xmux_z.xrref.21                        2.96101
xmux_z.sa                              1.02861
xmux_z.sb                               1.9053
xmux_z.tail                           0.508377
dop_z                                  3.28864
xdrv_z.tail                           0.957493
don_z                                   2.8187
ib_z                                   1.25994
bvdg_n#branch                                0
bvdg_s#branch                                0
bvdg_m#branch                                0
envd_n#branch                                0
emux_n#branch                                0
envd_s#branch                                0
emux_s#branch                                0
envd_m#branch                                0
emux_m#branch                                0
eckref#branch                                0
vsens_z#branch                     -0.00675655
vclknz#branch                                0
vclkpz#branch                                0
vd0nz#branch                                 0
vd0pz#branch                                 0
vwinc#branch                                 0
vwinr#branch                                 0
vwin#branch                                  0
vd1ns#branch                                 0
vd1ps#branch                                 0
vd0ns#branch                                 0
vd0ps#branch                                 0
vd1n#branch                                  0
vd1p#branch                                  0
vd0n#branch                                  0
vd0p#branch                                  0
vclkn#branch                                 0
vclkp#branch                                 0
vavcc#branch                        -0.0295597
vvdd#branch                         -0.0202696

 Reference value :  2.96560e-09
 Reference value :  3.98753e-09
 Reference value :  7.40973e-09
 Reference value :  8.56072e-09
 Reference value :  1.12483e-08
 Reference value :  1.32853e-08
 Reference value :  1.50177e-08
 Reference value :  1.81989e-08
 Reference value :  1.89527e-08
 Reference value :  2.22368e-08
 Reference value :  2.37063e-08
 Reference value :  2.60815e-08
 Reference value :  2.87401e-08
 Reference value :  3.00099e-08
 Reference value :  3.31568e-08
 Reference value :  3.45328e-08
 Reference value :  3.71836e-08
 Reference value :  3.90649e-08
 Reference value :  4.09407e-08
 Reference value :  4.35501e-08
 Reference value :  4.49514e-08
 Reference value :  4.80538e-08
 Reference value :  4.93360e-08
 Reference value :  5.18612e-08
 Reference value :  5.31397e-08
 Reference value :  5.57056e-08
 Reference value :  5.75034e-08
 Reference value :  5.93677e-08
No. of Data Rows : 4517
m_ui_ref            =  3.70370e-09 targ=  3.71120e-08 trig=  3.34083e-08
m_spa_in            =  1.48148e-08 targ=  4.82231e-08 trig=  3.34083e-08
m_spb_in            =  1.11111e-08 targ=  4.45194e-08 trig=  3.34083e-08
m_spa_m             =  1.48148e-08 targ=  4.83039e-08 trig=  3.34891e-08
m_spb_m             =  1.11111e-08 targ=  4.46002e-08 trig=  3.34891e-08
m_trise_m           =  9.86832e-11 targ=  4.46539e-08 trig=  4.45552e-08
m_tfall_m           =  9.86729e-11 targ=  4.09502e-08 trig=  4.08515e-08
m_trise_n           =  7.82236e-11 targ=  4.46228e-08 trig=  4.45446e-08
m_dj_ui_m = 5.3999995684e-06
m_vih_m = 2.5773954176e+00
m_vil_m = 1.7465982065e+00
m_vswing_m = 8.3079721116e-01
m_vih_m_frac = 8.6780990493e-01
m_vil_m_frac = 5.8808020420e-01
m_vcm_m_frac = 7.2794505537e-01
m_vswing_s = 8.3472671739e-01
m_vglitch_m = 3.2802665872e-01
m_vswing_n = 8.3070297950e-01
m_vswing_dc = 8.2750465457e-01
m_vcm_dc_frac = 7.2896023740e-01
m_icell_dc = 6.7565520291e-03
m_vgs_mu_max = 1.4995971504e+00
m_vds_mu_max = 1.3088283420e+00
m_vds_mt_max = 5.0836202728e-01
Note: Simulation executed from .control section 

