
Note: No compatibility mode selected!


Circuit: * tmds-final-mux-eye @ ss_27c_3.63v_742p5mbps -- generated by sim/harness, do not edit

Doing analysis at TEMP = 27.000000 and TNOM = 27.000000

Using SPARSE 1.3 as Direct Linear Solver

Initial Transient Solution
--------------------------

Node                                   Voltage
----                                   -------
vdd                                       3.63
avcc                                       3.3
clkp                                     2.178
clkn                                     1.089
d0p                                     3.0855
d0n                                     1.9965
d1p                                     3.0855
d1n                                     1.9965
d0ps                                    1.9965
d0ns                                    3.0855
d1ps                                    1.9965
d1ns                                    3.0855
ckref                                    1.089
win                                          0
winr                                         0
winc                                         0
xmux_m.top                             3.09481
xmux_m.xrc.11                          3.12079
xmux_m.xrc.21                          3.60402
outp_m                                 1.96698
xmux_m.xrlp.11                         1.99295
xmux_m.xrlp.21                         3.06883
outn_m                                 3.09481
xmux_m.xrln.11                         3.09481
xmux_m.xrln.21                         3.09481
xmux_m.ibias                           1.23132
xmux_m.xrref.11                        1.24495
xmux_m.xrref.21                        3.61638
xmux_m.sa                              1.42039
xmux_m.sb                              1.96698
xmux_m.tail                           0.778685
dop_m                                      3.3
xdrv_m.tail                              1.428
don_m                                  2.79678
ib_m                                   1.26269
vd_m                                   1.12783
vdn_m                                  1.03566
vdg_m                                        0
xmux_s.top                             3.09481
xmux_s.xrc.11                          3.12079
xmux_s.xrc.21                          3.60402
outp_s                                 3.09481
xmux_s.xrlp.11                         3.09481
xmux_s.xrlp.21                         3.09481
outn_s                                 1.96698
xmux_s.xrln.11                         1.99295
xmux_s.xrln.21                         3.06883
xmux_s.ibias                           1.23132
xmux_s.xrref.11                        1.24495
xmux_s.xrref.21                        3.61638
xmux_s.sa                              1.42039
xmux_s.sb                              1.96698
xmux_s.tail                           0.778685
dop_s                                  2.79678
xdrv_s.tail                              1.428
don_s                                      3.3
ib_s                                   1.26269
vd_s                                  -1.12783
vdn_s                                 -1.03566
vdg_s                                        0
xmux_n.top                             3.09481
xmux_n.xrc.11                          3.12079
xmux_n.xrc.21                          3.60402
outp_n                                 1.96698
xmux_n.xrlp.11                         1.99295
xmux_n.xrlp.21                         3.06883
outn_n                                 3.09481
xmux_n.xrln.11                         3.09481
xmux_n.xrln.21                         3.09481
xmux_n.ibias                           1.23132
xmux_n.xrref.11                        1.24495
xmux_n.xrref.21                        3.61638
xmux_n.sa                              1.42039
xmux_n.sb                              1.96698
xmux_n.tail                           0.778685
vd_n                                   1.12783
vdn_n                                  1.03566
vdg_n                                        0
d0pz                                    3.0855
d0nz                                    1.9965
clkpz                                    2.178
clknz                                    1.089
vdd_z                                     3.63
xmux_z.top                             3.09481
xmux_z.xrc.11                          3.12079
xmux_z.xrc.21                          3.60402
outp_z                                 1.96698
xmux_z.xrlp.11                         1.99295
xmux_z.xrlp.21                         3.06883
outn_z                                 3.09481
xmux_z.xrln.11                         3.09481
xmux_z.xrln.21                         3.09481
xmux_z.ibias                           1.23132
xmux_z.xrref.11                        1.24495
xmux_z.xrref.21                        3.61638
xmux_z.sa                              1.42039
xmux_z.sb                                2.517
xmux_z.tail                           0.778685
dop_z                                      3.3
xdrv_z.tail                              1.428
don_z                                  2.79678
ib_z                                   1.26269
bvdg_n#branch                                0
bvdg_s#branch                                0
bvdg_m#branch                                0
envd_n#branch                                0
emux_n#branch                                0
envd_s#branch                                0
emux_s#branch                                0
envd_m#branch                                0
emux_m#branch                                0
eckref#branch                                0
vsens_z#branch                     -0.00910673
vclknz#branch                                0
vclkpz#branch                                0
vd0nz#branch                                 0
vd0pz#branch                                 0
vwinc#branch                                 0
vwinr#branch                                 0
vwin#branch                                  0
vd1ns#branch                                 0
vd1ps#branch                                 0
vd0ns#branch                                 0
vd0ps#branch                                 0
vd1n#branch                                  0
vd1p#branch                                  0
vd0n#branch                                  0
vd0p#branch                                  0
vclkn#branch                                 0
vclkp#branch                                 0
vavcc#branch                        -0.0301934
vvdd#branch                         -0.0273202

 Reference value :  0.00000e+00
 Reference value :  1.35377e-09
 Reference value :  1.46230e-09
 Reference value :  2.69480e-09
 Reference value :  3.33374e-09
 Reference value :  4.24051e-09
 Reference value :  5.40800e-09
 Reference value :  5.48362e-09
 Reference value :  5.59149e-09
 Reference value :  6.08187e-09
 Reference value :  6.78937e-09
 Reference value :  6.98089e-09
 Reference value :  7.19005e-09
 Reference value :  7.25005e-09
 Reference value :  7.53005e-09
 Reference value :  7.91005e-09
 Reference value :  8.09870e-09
 Reference value :  8.25999e-09
 Reference value :  9.44242e-09
 Reference value :  9.52952e-09
 Reference value :  9.72532e-09
 Reference value :  1.08214e-08
 Reference value :  1.11540e-08
 Reference value :  1.24211e-08
 Reference value :  1.36680e-08
 Reference value :  1.48457e-08
 Reference value :  1.57607e-08
 Reference value :  1.66424e-08
 Reference value :  1.77084e-08
 Reference value :  1.90054e-08
 Reference value :  2.02633e-08
 Reference value :  2.12805e-08
 Reference value :  2.23439e-08
 Reference value :  2.31952e-08
 Reference value :  2.44541e-08
 Reference value :  2.57585e-08
 Reference value :  2.69559e-08
 Reference value :  2.82829e-08
 Reference value :  2.89608e-08
 Reference value :  2.98948e-08
 Reference value :  3.10280e-08
 Reference value :  3.23285e-08
 Reference value :  3.29777e-08
 Reference value :  3.39680e-08
 Reference value :  3.52119e-08
 Reference value :  3.65231e-08
 Reference value :  3.78605e-08
 Reference value :  3.90986e-08
 Reference value :  4.04043e-08
 Reference value :  4.06158e-08
 Reference value :  4.17525e-08
 Reference value :  4.18646e-08
 Reference value :  4.29880e-08
 Reference value :  4.30996e-08
 Reference value :  4.31938e-08
 Reference value :  4.44906e-08
 Reference value :  4.58043e-08
 Reference value :  4.71381e-08
 Reference value :  4.73381e-08
 Reference value :  4.85490e-08
 Reference value :  4.98318e-08
 Reference value :  5.10688e-08
 Reference value :  5.19536e-08
 Reference value :  5.31624e-08
 Reference value :  5.40225e-08
 Reference value :  5.52991e-08
 Reference value :  5.66189e-08
 Reference value :  5.76059e-08
 Reference value :  5.84300e-08
 Reference value :  5.94459e-08
 Reference value :  6.07676e-08
No. of Data Rows : 7366
m_ui_ref            =  1.34680e-09 targ=  1.35430e-08 trig=  1.21962e-08
m_spa_in            =  5.38721e-09 targ=  1.75834e-08 trig=  1.21962e-08
m_spb_in            =  4.04040e-09 targ=  1.62366e-08 trig=  1.21962e-08
m_spa_m             =  5.38724e-09 targ=  1.76481e-08 trig=  1.22609e-08
m_spb_m             =  4.04045e-09 targ=  1.63013e-08 trig=  1.22609e-08
m_trise_m           =  7.22747e-11 targ=  1.63392e-08 trig=  1.62670e-08
m_tfall_m           =  7.23296e-11 targ=  1.49925e-08 trig=  1.49201e-08
m_trise_n           =  5.51099e-11 targ=  1.63150e-08 trig=  1.62599e-08
m_dj_ui_m = 3.1185008031e-05
m_vih_m = 3.0878103613e+00
m_vil_m = 1.9371044419e+00
m_vswing_m = 1.1507059193e+00
m_vih_m_frac = 8.5063646316e-01
m_vil_m_frac = 5.3363758731e-01
m_vcm_m_frac = 6.9213715962e-01
m_vswing_s = 1.1715486266e+00
m_vglitch_m = 5.2770015018e-01
m_vswing_n = 1.1568676059e+00
m_vswing_dc = 1.1278344129e+00
m_vcm_dc_frac = 6.9721562829e-01
m_icell_dc = 9.1067261948e-03
m_vgs_mu_max = 1.6795842318e+00
m_vds_mu_max = 1.3752172965e+00
m_vds_mt_max = 7.7804971297e-01
Note: Simulation executed from .control section 

