
Note: No compatibility mode selected!


Circuit: * tmds-final-mux-eye @ ss_27c_2.97v_742p5mbps -- generated by sim/harness, do not edit

Doing analysis at TEMP = 27.000000 and TNOM = 27.000000

Using SPARSE 1.3 as Direct Linear Solver

Initial Transient Solution
--------------------------

Node                                   Voltage
----                                   -------
vdd                                       2.97
avcc                                       3.3
clkp                                     1.782
clkn                                     0.891
d0p                                     2.5245
d0n                                     1.6335
d1p                                     2.5245
d1n                                     1.6335
d0ps                                    1.6335
d0ns                                    2.5245
d1ps                                    1.6335
d1ns                                    2.5245
ckref                                    0.891
win                                          0
winr                                         0
winc                                         0
xmux_m.top                             2.57653
xmux_m.xrc.11                          2.59563
xmux_m.xrc.21                           2.9509
outp_m                                 1.74736
xmux_m.xrlp.11                         1.76646
xmux_m.xrlp.21                         2.55743
outn_m                                 2.57653
xmux_m.xrln.11                         2.57653
xmux_m.xrln.21                         2.57653
xmux_m.ibias                            1.1652
xmux_m.xrref.11                        1.17545
xmux_m.xrref.21                        2.95975
xmux_m.sa                              1.05588
xmux_m.sb                              1.74713
xmux_m.tail                           0.512954
dop_m                                  3.29908
xdrv_m.tail                            0.99254
don_m                                  2.80711
ib_m                                   1.26269
vd_m                                  0.829166
vdn_m                                 0.930602
vdg_m                                        0
xmux_s.top                             2.57653
xmux_s.xrc.11                          2.59563
xmux_s.xrc.21                           2.9509
outp_s                                 2.57653
xmux_s.xrlp.11                         2.57653
xmux_s.xrlp.21                         2.57653
outn_s                                 1.74736
xmux_s.xrln.11                         1.76646
xmux_s.xrln.21                         2.55743
xmux_s.ibias                            1.1652
xmux_s.xrref.11                        1.17545
xmux_s.xrref.21                        2.95975
xmux_s.sa                              1.05588
xmux_s.sb                              1.74713
xmux_s.tail                           0.512954
dop_s                                  2.80711
xdrv_s.tail                            0.99254
don_s                                  3.29908
ib_s                                   1.26269
vd_s                                 -0.829166
vdn_s                                -0.930602
vdg_s                                        0
xmux_n.top                             2.57653
xmux_n.xrc.11                          2.59563
xmux_n.xrc.21                           2.9509
outp_n                                 1.74736
xmux_n.xrlp.11                         1.76646
xmux_n.xrlp.21                         2.55743
outn_n                                 2.57653
xmux_n.xrln.11                         2.57653
xmux_n.xrln.21                         2.57653
xmux_n.ibias                            1.1652
xmux_n.xrref.11                        1.17545
xmux_n.xrref.21                        2.95975
xmux_n.sa                              1.05588
xmux_n.sb                              1.74713
xmux_n.tail                           0.512954
vd_n                                  0.829166
vdn_n                                 0.930602
vdg_n                                        0
d0pz                                    2.5245
d0nz                                    1.6335
clkpz                                    1.782
clknz                                    0.891
vdd_z                                     2.97
xmux_z.top                             2.57653
xmux_z.xrc.11                          2.59563
xmux_z.xrc.21                           2.9509
outp_z                                 1.74736
xmux_z.xrlp.11                         1.76646
xmux_z.xrlp.21                         2.55743
outn_z                                 2.57653
xmux_z.xrln.11                         2.57653
xmux_z.xrln.21                         2.57653
xmux_z.ibias                            1.1652
xmux_z.xrref.11                        1.17545
xmux_z.xrref.21                        2.95975
xmux_z.sa                              1.05588
xmux_z.sb                              1.91734
xmux_z.tail                           0.512954
dop_z                                  3.29908
xdrv_z.tail                            0.99254
don_z                                  2.80711
ib_z                                   1.26269
bvdg_n#branch                                0
bvdg_s#branch                                0
bvdg_m#branch                                0
envd_n#branch                                0
emux_n#branch                                0
envd_s#branch                                0
emux_s#branch                                0
envd_m#branch                                0
emux_m#branch                                0
eckref#branch                                0
vsens_z#branch                     -0.00670285
vclknz#branch                                0
vclkpz#branch                                0
vd0nz#branch                                 0
vd0pz#branch                                 0
vwinc#branch                                 0
vwinr#branch                                 0
vwin#branch                                  0
vd1ns#branch                                 0
vd1ps#branch                                 0
vd0ns#branch                                 0
vd0ps#branch                                 0
vd1n#branch                                  0
vd1p#branch                                  0
vd0n#branch                                  0
vd0p#branch                                  0
vclkn#branch                                 0
vclkp#branch                                 0
vavcc#branch                         -0.029629
vvdd#branch                         -0.0201085

 Reference value :  1.49047e-09
 Reference value :  2.80266e-09
 Reference value :  4.14570e-09
 Reference value :  5.46965e-09
 Reference value :  5.51740e-09
 Reference value :  6.82825e-09
 Reference value :  8.17597e-09
 Reference value :  9.52439e-09
 Reference value :  1.08170e-08
 Reference value :  1.20050e-08
 Reference value :  1.26305e-08
 Reference value :  1.37562e-08
 Reference value :  1.50148e-08
 Reference value :  1.63167e-08
 Reference value :  1.76291e-08
 Reference value :  1.88682e-08
 Reference value :  1.97992e-08
 Reference value :  2.06071e-08
 Reference value :  2.17489e-08
 Reference value :  2.30957e-08
 Reference value :  2.44130e-08
 Reference value :  2.57523e-08
 Reference value :  2.69734e-08
 Reference value :  2.83015e-08
 Reference value :  2.94495e-08
 Reference value :  2.97255e-08
 Reference value :  3.10607e-08
 Reference value :  3.15537e-08
 Reference value :  3.26371e-08
 Reference value :  3.38943e-08
 Reference value :  3.51906e-08
 Reference value :  3.53821e-08
 Reference value :  3.54821e-08
 Reference value :  3.65030e-08
 Reference value :  3.68009e-08
 Reference value :  3.76957e-08
 Reference value :  3.78019e-08
 Reference value :  3.79412e-08
 Reference value :  3.79557e-08
 Reference value :  3.79739e-08
 Reference value :  3.79982e-08
 Reference value :  3.80313e-08
 Reference value :  3.80635e-08
 Reference value :  3.81035e-08
 Reference value :  3.81435e-08
 Reference value :  3.82035e-08
 Reference value :  3.82635e-08
 Reference value :  3.83235e-08
 Reference value :  3.89035e-08
 Reference value :  3.89835e-08
 Reference value :  3.90572e-08
 Reference value :  3.90573e-08
 Reference value :  3.90575e-08
 Reference value :  3.90597e-08
 Reference value :  3.90637e-08
 Reference value :  3.90707e-08
 Reference value :  3.90798e-08
 Reference value :  3.90877e-08
 Reference value :  3.90968e-08
 Reference value :  3.91063e-08
 Reference value :  3.91192e-08
 Reference value :  3.98482e-08
 Reference value :  4.08956e-08
 Reference value :  4.21817e-08
 Reference value :  4.33636e-08
 Reference value :  4.42892e-08
 Reference value :  4.50153e-08
 Reference value :  4.62228e-08
 Reference value :  4.73175e-08
 Reference value :  4.86365e-08
 Reference value :  4.99665e-08
 Reference value :  5.11785e-08
 Reference value :  5.22500e-08
 Reference value :  5.32361e-08
 Reference value :  5.40260e-08
 Reference value :  5.53345e-08
 Reference value :  5.66240e-08
 Reference value :  5.79133e-08
 Reference value :  5.90697e-08
 Reference value :  6.04445e-08
No. of Data Rows : 7136
m_ui_ref            =  1.34680e-09 targ=  1.35430e-08 trig=  1.21962e-08
m_spa_in            =  5.38721e-09 targ=  1.75834e-08 trig=  1.21962e-08
m_spb_in            =  4.04040e-09 targ=  1.62366e-08 trig=  1.21962e-08
m_spa_m             =  5.38726e-09 targ=  1.76540e-08 trig=  1.22667e-08
m_spb_m             =  4.04046e-09 targ=  1.63072e-08 trig=  1.22667e-08
m_trise_m           =  8.91643e-11 targ=  1.63537e-08 trig=  1.62645e-08
m_tfall_m           =  8.91684e-11 targ=  1.50069e-08 trig=  1.49177e-08
m_trise_n           =  7.15631e-11 targ=  1.63253e-08 trig=  1.62537e-08
m_dj_ui_m = 4.3065011089e-05
m_vih_m = 2.5701842905e+00
m_vil_m = 1.7247246740e+00
m_vswing_m = 8.4545961654e-01
m_vih_m_frac = 8.6538191599e-01
m_vil_m_frac = 5.8071537844e-01
m_vcm_m_frac = 7.2304876887e-01
m_vswing_s = 8.7915236451e-01
m_vglitch_m = 3.6986462103e-01
m_vswing_n = 8.4959043243e-01
m_vswing_dc = 8.2916539688e-01
m_vcm_dc_frac = 7.2792720165e-01
m_icell_dc = 6.7028457140e-03
m_vgs_mu_max = 1.4888832763e+00
m_vds_mu_max = 1.3270752882e+00
m_vds_mt_max = 5.1242881009e-01
Note: Simulation executed from .control section 

