
Note: Compatibility modes selected: hs a


Circuit: * cml-driver-eye-realmux @ fs_-40c_3.30v_270mbps -- generated by sim/harness, do not edit

Doing analysis at TEMP = -40.000000 and TNOM = 27.000000

Using SPARSE 1.3 as Direct Linear Solver

Initial Transient Solution
--------------------------

Node                                   Voltage
----                                   -------
vdd                                        3.3
avcc                                       3.3
avcclo                                    2.97
avcchi                                    3.63
clkp                                      1.98
clkn                                      0.99
d0p                                      2.805
d0n                                      1.815
d1p                                      2.805
d1n                                      1.815
d0pz                                     2.805
d0nz                                     1.815
clkpz                                     1.98
clknz                                     0.99
ckref                                     0.99
win                                          0
winc                                         0
xmux_c0.top                            2.77715
xmux_c0.xrc.11                         2.80945
xmux_c0.xrc.21                          3.2677
mp_c0                                  1.73379
xmux_c0.xrlp.11                        1.76609
xmux_c0.xrlp.21                        2.74486
mn_c0                                  2.77715
xmux_c0.xrln.11                        2.77715
xmux_c0.xrln.21                        2.77715
xmux_c0.ibias                          1.03983
xmux_c0.xrref.11                        1.0566
xmux_c0.xrref.21                       3.28323
xmux_c0.sa                             1.36848
xmux_c0.sb                             1.73379
xmux_c0.tail                          0.796157
outp_c0                                2.79096
xc0.tail                                1.4307
outn_c0                                    3.3
ib_c0                                  1.04165
vd_c0                                 0.509036
xmux_c1.top                            2.77715
xmux_c1.xrc.11                         2.80945
xmux_c1.xrc.21                          3.2677
mp_c1                                  1.73379
xmux_c1.xrlp.11                        1.76609
xmux_c1.xrlp.21                        2.74486
mn_c1                                  2.77715
xmux_c1.xrln.11                        2.77715
xmux_c1.xrln.21                        2.77715
xmux_c1.ibias                          1.03983
xmux_c1.xrref.11                        1.0566
xmux_c1.xrref.21                       3.28323
xmux_c1.sa                             1.36848
xmux_c1.sb                             1.73379
xmux_c1.tail                          0.796157
outp_c1                                2.79096
xc1.tail                                1.4307
outn_c1                                    3.3
ib_c1                                  1.04165
vd_c1                                 0.509036
muxref                                 1.04336
xmux_c2.top                            2.77715
xmux_c2.xrc.11                         2.80945
xmux_c2.xrc.21                          3.2677
mp_c2                                  1.73379
xmux_c2.xrlp.11                        1.76609
xmux_c2.xrlp.21                        2.74486
mn_c2                                  2.77715
xmux_c2.xrln.11                        2.77715
xmux_c2.xrln.21                        2.77715
xmux_c2.ibias                          1.03983
xmux_c2.xrref.11                        1.0566
xmux_c2.xrref.21                       3.28323
xmux_c2.sa                             1.36848
xmux_c2.sb                             1.73379
xmux_c2.tail                          0.796157
outp_c2                                2.79096
xc2.tail                                1.4307
outn_c2                                    3.3
ib_c2                                  1.04165
vd_c2                                 0.509036
xmux_cmis.top                          2.77715
xmux_cmis.xrc.11                       2.80945
xmux_cmis.xrc.21                        3.2677
mp_cm                                  1.73379
xmux_cmis.xrlp.11                      1.76609
xmux_cmis.xrlp.21                      2.74486
mn_cm                                  2.77715
xmux_cmis.xrln.11                      2.77715
xmux_cmis.xrln.21                      2.77715
xmux_cmis.ibias                        1.03983
xmux_cmis.xrref.11                      1.0566
xmux_cmis.xrref.21                     3.28323
xmux_cmis.sa                           1.36848
xmux_cmis.sb                           1.73379
xmux_cmis.tail                        0.796157
outp_cmis                              2.79096
xcmis.tail                              1.4307
outn_cmis                                  3.3
ib_cmis                                1.04165
vd_cmis                               0.509036
xmux_vlo.top                           2.77715
xmux_vlo.xrc.11                        2.80945
xmux_vlo.xrc.21                         3.2677
mp_vlo                                 1.73379
xmux_vlo.xrlp.11                       1.76609
xmux_vlo.xrlp.21                       2.74486
mn_vlo                                 2.77715
xmux_vlo.xrln.11                       2.77715
xmux_vlo.xrln.21                       2.77715
xmux_vlo.ibias                         1.03983
xmux_vlo.xrref.11                       1.0566
xmux_vlo.xrref.21                      3.28323
xmux_vlo.sa                            1.36848
xmux_vlo.sb                            1.73379
xmux_vlo.tail                         0.796157
outp_vlo                               2.46134
xvlo.tail                              1.41312
outn_vlo                                  2.97
ib_vlo                                 1.04165
xmux_vhi.top                           2.77715
xmux_vhi.xrc.11                        2.80945
xmux_vhi.xrc.21                         3.2677
mp_vhi                                 1.73379
xmux_vhi.xrlp.11                       1.76609
xmux_vhi.xrlp.21                       2.74486
mn_vhi                                 2.77715
xmux_vhi.xrln.11                       2.77715
xmux_vhi.xrln.21                       2.77715
xmux_vhi.ibias                         1.03983
xmux_vhi.xrref.11                       1.0566
xmux_vhi.xrref.21                      3.28323
xmux_vhi.sa                            1.36848
xmux_vhi.sb                            1.73379
xmux_vhi.tail                         0.796157
outp_vhi                               3.12062
xvhi.tail                              1.44726
outn_vhi                                  3.63
ib_vhi                                 1.04165
xmux_z.top                             2.77715
xmux_z.xrc.11                          2.80945
xmux_z.xrc.21                           3.2677
mp_z                                   1.73379
xmux_z.xrlp.11                         1.76609
xmux_z.xrlp.21                         2.74486
mn_z                                   2.77715
xmux_z.xrln.11                         2.77715
xmux_z.xrln.21                         2.77715
xmux_z.ibias                           1.03983
xmux_z.xrref.11                         1.0566
xmux_z.xrref.21                        3.28323
xmux_z.sa                              1.36848
xmux_z.sb                              2.35044
xmux_z.tail                           0.796157
outp_z                                 2.79096
xz.tail                                 1.4307
vss_z                                        0
outn_z                                     3.3
ib_z                                   1.04165
vmuxz                                  1.04336
emuxz#branch                                 0
ediff_cmis#branch                            0
ediff_c2#branch                              0
emuxref#branch                               0
ediff_c1#branch                              0
ediff_c0#branch                              0
eckref#branch                                0
vsens_z#branch                       0.0106807
vwinc#branch                                 0
vwin#branch                                  0
vclknz#branch                                0
vclkpz#branch                                0
vd0nz#branch                                 0
vd0pz#branch                                 0
vd1n#branch                                  0
vd1p#branch                                  0
vd0n#branch                                  0
vd0p#branch                                  0
vclkn#branch                                 0
vclkp#branch                                 0
vavcchi#branch                      -0.0101877
vavcclo#branch                      -0.0101733
vavcc#branch                        -0.0509036
vvdd#branch                         -0.0718621

 Reference value :  0.00000e+00
 Reference value :  3.71940e-09
 Reference value :  5.78848e-09
 Reference value :  7.65646e-09
 Reference value :  1.11604e-08
 Reference value :  1.36869e-08
 Reference value :  1.51994e-08
 Reference value :  1.85914e-08
 Reference value :  2.12940e-08
 Reference value :  2.28867e-08
 Reference value :  2.60172e-08
 Reference value :  2.88799e-08
 Reference value :  3.03756e-08
 Reference value :  3.34173e-08
 Reference value :  3.59995e-08
 Reference value :  3.73839e-08
 Reference value :  4.07452e-08
 Reference value :  4.20686e-08
 Reference value :  4.45553e-08
 Reference value :  4.70424e-08
 Reference value :  4.84956e-08
 Reference value :  5.18647e-08
 Reference value :  5.32597e-08
 Reference value :  5.56717e-08
 Reference value :  5.82249e-08
 Reference value :  5.94864e-08
No. of Data Rows : 4491
m_ui_ref            =  3.70370e-09 targ=  3.71120e-08 trig=  3.34083e-08
m_spa_in            =  1.48148e-08 targ=  4.82231e-08 trig=  3.34083e-08
m_spb_in            =  1.11111e-08 targ=  4.45194e-08 trig=  3.34083e-08
m_spa_c0            =  1.48148e-08 targ=  4.82764e-08 trig=  3.34616e-08
m_spb_c0            =  1.11111e-08 targ=  4.45727e-08 trig=  3.34616e-08
m_trise_c0          =  4.01170e-11 targ=  3.71872e-08 trig=  3.71471e-08
m_tfall_c0          =  4.01156e-11 targ=  4.08909e-08 trig=  4.08508e-08
m_spa_c1            =  1.48148e-08 targ=  4.83121e-08 trig=  3.34973e-08
m_spb_c1            =  1.11111e-08 targ=  4.46084e-08 trig=  3.34973e-08
m_trise_c1          =  1.16726e-10 targ=  3.72807e-08 trig=  3.71639e-08
m_tfall_c1          =  1.16743e-10 targ=  4.09844e-08 trig=  4.08677e-08
m_spa_mux           =  1.48148e-08 targ=  4.82703e-08 trig=  3.34555e-08
m_spb_mux           =  1.11111e-08 targ=  4.45666e-08 trig=  3.34555e-08
m_spa_c2            =  1.48148e-08 targ=  4.83448e-08 trig=  3.35300e-08
m_spb_c2            =  1.11111e-08 targ=  4.46411e-08 trig=  3.35300e-08
m_trise_c2          =  2.19572e-10 targ=  3.73921e-08 trig=  3.71725e-08
m_tfall_c2          =  2.19559e-10 targ=  4.10958e-08 trig=  4.08762e-08
m_spa_cmis          =  1.48148e-08 targ=  4.83250e-08 trig=  3.35101e-08
m_spb_cmis          =  1.11110e-08 targ=  4.46211e-08 trig=  3.35101e-08
m_dj_ui_c0 = 2.6999997844e-06
m_swing_c0 = 5.0995361431e-01
m_vpp_c0 = 5.4340675002e-01
m_vcm_c0 = 3.0450312358e+00
m_dj_ui_c1 = 2.6999997844e-06
m_swing_c1 = 5.1001209483e-01
m_vpp_c1 = 5.2329711641e-01
m_vcm_c1 = 3.0450034069e+00
m_dj_ui_mux = 2.6999997844e-06
m_dj_ui_drv_c1 = 0.0000000000e+00
m_dj_ui_c2 = 5.3999995675e-06
m_swing_c2 = 5.0998225540e-01
m_vpp_c2 = 5.1787533149e-01
m_vcm_c2 = 3.0450118290e+00
m_dj_ui_cmis = 4.3199996543e-05
m_swing_cmis = 5.0998427747e-01
m_swing_avcclo = 5.0964092926e-01
m_vcm_avcclo = 2.7151892740e+00
m_swing_avcchi = 5.1035804094e-01
m_vcm_avcchi = 3.3748302222e+00
m_vgs_sw_max = 1.3553421617e+00
m_vgd_sw_max = 1.9226869884e+00
m_vds_sw_max = 2.2264334375e+00
m_vgs_tail_max = 1.0454872816e+00
m_vds_tail_max = 1.5037725793e+00
m_vmux_dc = 1.0433632802e+00
m_swing_dc = 5.0903556100e-01
m_vcm_dc = 3.0454822189e+00
m_ioff_dc = 1.1023182367e-11
m_itail_dc = 1.0180711242e-02
m_icell_dc = 1.0680711242e-02
Note: Simulation executed from .control section 

Warning: m=xx on .subckt line will override multiplier m hierarchy!

