
Note: Compatibility modes selected: hs a


Circuit: * cml-driver-eye-realmux @ sf_-40c_2.97v_270mbps -- generated by sim/harness, do not edit

Doing analysis at TEMP = -40.000000 and TNOM = 27.000000

Using SPARSE 1.3 as Direct Linear Solver

Initial Transient Solution
--------------------------

Node                                   Voltage
----                                   -------
vdd                                       2.97
avcc                                       3.3
avcclo                                    2.97
avcchi                                    3.63
clkp                                     1.782
clkn                                     0.891
d0p                                     2.5245
d0n                                     1.6335
d1p                                     2.5245
d1n                                     1.6335
d0pz                                    2.5245
d0nz                                    1.6335
clkpz                                    1.782
clknz                                    0.891
ckref                                    0.891
win                                          0
winc                                         0
xmux_c0.top                            2.56782
xmux_c0.xrc.11                         2.59266
xmux_c0.xrc.21                         2.94516
mp_c0                                  1.73332
xmux_c0.xrlp.11                        1.75816
xmux_c0.xrlp.21                        2.54297
mn_c0                                  2.56782
xmux_c0.xrln.11                        2.56782
xmux_c0.xrln.21                        2.56782
xmux_c0.ibias                          1.17513
xmux_c0.xrref.11                       1.18845
xmux_c0.xrref.21                       2.95668
xmux_c0.sa                             1.06388
xmux_c0.sb                              1.7333
xmux_c0.tail                          0.511273
outp_c0                                2.80379
xc0.tail                               1.05999
outn_c0                                3.29999
ib_c0                                  1.22493
vd_c0                                 0.496202
xmux_c1.top                            2.56782
xmux_c1.xrc.11                         2.59266
xmux_c1.xrc.21                         2.94516
mp_c1                                  1.73332
xmux_c1.xrlp.11                        1.75816
xmux_c1.xrlp.21                        2.54297
mn_c1                                  2.56782
xmux_c1.xrln.11                        2.56782
xmux_c1.xrln.21                        2.56782
xmux_c1.ibias                          1.17513
xmux_c1.xrref.11                       1.18845
xmux_c1.xrref.21                       2.95668
xmux_c1.sa                             1.06388
xmux_c1.sb                              1.7333
xmux_c1.tail                          0.511273
outp_c1                                2.80379
xc1.tail                               1.05999
outn_c1                                3.29999
ib_c1                                  1.22493
vd_c1                                 0.496202
muxref                                0.834498
xmux_c2.top                            2.56782
xmux_c2.xrc.11                         2.59266
xmux_c2.xrc.21                         2.94516
mp_c2                                  1.73332
xmux_c2.xrlp.11                        1.75816
xmux_c2.xrlp.21                        2.54297
mn_c2                                  2.56782
xmux_c2.xrln.11                        2.56782
xmux_c2.xrln.21                        2.56782
xmux_c2.ibias                          1.17513
xmux_c2.xrref.11                       1.18845
xmux_c2.xrref.21                       2.95668
xmux_c2.sa                             1.06388
xmux_c2.sb                              1.7333
xmux_c2.tail                          0.511273
outp_c2                                2.80379
xc2.tail                               1.05999
outn_c2                                3.29999
ib_c2                                  1.22493
vd_c2                                 0.496202
xmux_cmis.top                          2.56782
xmux_cmis.xrc.11                       2.59266
xmux_cmis.xrc.21                       2.94516
mp_cm                                  1.73332
xmux_cmis.xrlp.11                      1.75816
xmux_cmis.xrlp.21                      2.54297
mn_cm                                  2.56782
xmux_cmis.xrln.11                      2.56782
xmux_cmis.xrln.21                      2.56782
xmux_cmis.ibias                        1.17513
xmux_cmis.xrref.11                     1.18845
xmux_cmis.xrref.21                     2.95668
xmux_cmis.sa                           1.06388
xmux_cmis.sb                            1.7333
xmux_cmis.tail                        0.511273
outp_cmis                              2.80379
xcmis.tail                             1.05999
outn_cmis                              3.29999
ib_cmis                                1.22493
vd_cmis                               0.496202
xmux_vlo.top                           2.56782
xmux_vlo.xrc.11                        2.59266
xmux_vlo.xrc.21                        2.94516
mp_vlo                                 1.73332
xmux_vlo.xrlp.11                       1.75816
xmux_vlo.xrlp.21                       2.54297
mn_vlo                                 2.56782
xmux_vlo.xrln.11                       2.56782
xmux_vlo.xrln.21                       2.56782
xmux_vlo.ibias                         1.17513
xmux_vlo.xrref.11                      1.18845
xmux_vlo.xrref.21                      2.95668
xmux_vlo.sa                            1.06388
xmux_vlo.sb                             1.7333
xmux_vlo.tail                         0.511273
outp_vlo                               2.47412
xvlo.tail                              1.04664
outn_vlo                               2.96999
ib_vlo                                 1.22493
xmux_vhi.top                           2.56782
xmux_vhi.xrc.11                        2.59266
xmux_vhi.xrc.21                        2.94516
mp_vhi                                 1.73332
xmux_vhi.xrlp.11                       1.75816
xmux_vhi.xrlp.21                       2.54297
mn_vhi                                 2.56782
xmux_vhi.xrln.11                       2.56782
xmux_vhi.xrln.21                       2.56782
xmux_vhi.ibias                         1.17513
xmux_vhi.xrref.11                      1.18845
xmux_vhi.xrref.21                      2.95668
xmux_vhi.sa                            1.06388
xmux_vhi.sb                             1.7333
xmux_vhi.tail                         0.511273
outp_vhi                               3.13346
xvhi.tail                              1.07284
outn_vhi                               3.62999
ib_vhi                                 1.22493
xmux_z.top                             2.56782
xmux_z.xrc.11                          2.59266
xmux_z.xrc.21                          2.94516
mp_z                                   1.73332
xmux_z.xrlp.11                         1.75816
xmux_z.xrlp.21                         2.54297
mn_z                                   2.56782
xmux_z.xrln.11                         2.56782
xmux_z.xrln.21                         2.56782
xmux_z.ibias                           1.17513
xmux_z.xrref.11                        1.18845
xmux_z.xrref.21                        2.95668
xmux_z.sa                              1.06388
xmux_z.sb                              1.92118
xmux_z.tail                           0.511273
outp_z                                 2.80379
xz.tail                                1.05999
vss_z                                        0
outn_z                                 3.29999
ib_z                                   1.22493
vmuxz                                 0.834498
emuxz#branch                                 0
ediff_cmis#branch                            0
ediff_c2#branch                              0
emuxref#branch                               0
ediff_c1#branch                              0
ediff_c0#branch                              0
eckref#branch                                0
vsens_z#branch                       0.0104244
vwinc#branch                                 0
vwin#branch                                  0
vclknz#branch                                0
vclkpz#branch                                0
vd0nz#branch                                 0
vd0pz#branch                                 0
vd1n#branch                                  0
vd1p#branch                                  0
vd0n#branch                                  0
vd0p#branch                                  0
vclkn#branch                                 0
vclkp#branch                                 0
vavcchi#branch                     -0.00993093
vavcclo#branch                     -0.00991782
vavcc#branch                        -0.0496218
vvdd#branch                          -0.055364

 Reference value :  0.00000e+00
 Reference value :  3.72116e-09
 Reference value :  5.27868e-09
 Reference value :  7.56099e-09
 Reference value :  1.11111e-08
 Reference value :  1.26110e-08
 Reference value :  1.49648e-08
 Reference value :  1.82742e-08
 Reference value :  1.98577e-08
 Reference value :  2.23624e-08
 Reference value :  2.57214e-08
 Reference value :  2.70851e-08
 Reference value :  2.97560e-08
 Reference value :  3.25674e-08
 Reference value :  3.38695e-08
 Reference value :  3.71171e-08
 Reference value :  3.91449e-08
 Reference value :  4.09336e-08
 Reference value :  4.42701e-08
 Reference value :  4.55568e-08
 Reference value :  4.82594e-08
 Reference value :  5.07417e-08
 Reference value :  5.22297e-08
 Reference value :  5.55655e-08
 Reference value :  5.72034e-08
 Reference value :  5.93835e-08
No. of Data Rows : 4511
m_ui_ref            =  3.70370e-09 targ=  3.71120e-08 trig=  3.34083e-08
m_spa_in            =  1.48148e-08 targ=  4.82231e-08 trig=  3.34083e-08
m_spb_in            =  1.11111e-08 targ=  4.45194e-08 trig=  3.34083e-08
m_spa_c0            =  1.48148e-08 targ=  4.82871e-08 trig=  3.34722e-08
m_spb_c0            =  1.11111e-08 targ=  4.45834e-08 trig=  3.34722e-08
m_trise_c0          =  -7.37204e-09 targ=  2.97771e-08 trig=  3.71491e-08
m_tfall_c0          =  7.46727e-09 targ=  4.09127e-08 trig=  3.34454e-08
m_spa_c1            =  1.48148e-08 targ=  4.83248e-08 trig=  3.35100e-08
m_spb_c1            =  1.11111e-08 targ=  4.46211e-08 trig=  3.35100e-08
m_trise_c1          =  1.35340e-10 targ=  3.73032e-08 trig=  3.71679e-08
m_tfall_c1          =  1.35319e-10 targ=  4.10069e-08 trig=  4.08716e-08
m_spa_mux           =  1.48148e-08 targ=  4.82802e-08 trig=  3.34654e-08
m_spb_mux           =  1.11111e-08 targ=  4.45765e-08 trig=  3.34654e-08
m_spa_c2            =  1.48148e-08 targ=  4.83577e-08 trig=  3.35429e-08
m_spb_c2            =  1.11111e-08 targ=  4.46540e-08 trig=  3.35429e-08
m_trise_c2          =  2.40095e-10 targ=  3.74177e-08 trig=  3.71776e-08
m_tfall_c2          =  2.40157e-10 targ=  4.11215e-08 trig=  4.08813e-08
m_spa_cmis          =  1.48148e-08 targ=  4.83384e-08 trig=  3.35236e-08
m_spb_cmis          =  1.11104e-08 targ=  4.46339e-08 trig=  3.35236e-08
m_dj_ui_c0 = 2.6999997844e-06
m_swing_c0 = 4.9710363415e-01
m_vpp_c0 = 5.1020331228e-01
m_vcm_c0 = 3.0514496826e+00
m_dj_ui_c1 = 5.3999995675e-06
m_swing_c1 = 4.9713199684e-01
m_vpp_c1 = 5.0261439477e-01
m_vcm_c1 = 3.0514369563e+00
m_dj_ui_mux = 2.6999997844e-06
m_dj_ui_drv_c1 = 2.6999997840e-06
m_dj_ui_c2 = 2.6999997835e-06
m_swing_c2 = 4.9704317988e-01
m_vpp_c2 = 5.0016129819e-01
m_vcm_c2 = 3.0514743164e+00
m_dj_ui_cmis = 1.9979998402e-04
m_swing_cmis = 4.9704337168e-01
m_swing_avcclo = 4.9679982958e-01
m_vcm_avcclo = 2.7216021344e+00
m_swing_avcchi = 4.9746635006e-01
m_vcm_avcchi = 3.3812704567e+00
m_vgs_sw_max = 1.5116843458e+00
m_vgd_sw_max = 1.9184079801e+00
m_vds_sw_max = 2.5709277463e+00
m_vgs_tail_max = 1.2320011916e+00
m_vds_tail_max = 1.1456836939e+00
m_vmux_dc = 8.3449788722e-01
m_swing_dc = 4.9620231296e-01
m_vcm_dc = 3.0518909045e+00
m_ioff_dc = 1.5877962307e-07
m_itail_dc = 9.9243638184e-03
m_icell_dc = 1.0424363819e-02
Note: Simulation executed from .control section 

Warning: m=xx on .subckt line will override multiplier m hierarchy!

