
Note: Compatibility modes selected: hs a


Circuit: * cml-driver-eye-realmux @ sf_27c_2.97v_742p5mbps -- generated by sim/harness, do not edit

Doing analysis at TEMP = 27.000000 and TNOM = 27.000000

Using SPARSE 1.3 as Direct Linear Solver

Initial Transient Solution
--------------------------

Node                                   Voltage
----                                   -------
vdd                                       2.97
avcc                                       3.3
avcclo                                    2.97
avcchi                                    3.63
clkp                                     1.782
clkn                                     0.891
d0p                                     2.5245
d0n                                     1.6335
d1p                                     2.5245
d1n                                     1.6335
d0pz                                    2.5245
d0nz                                    1.6335
clkpz                                    1.782
clknz                                    0.891
ckref                                    0.891
win                                          0
winc                                         0
xmux_c0.top                            2.57127
xmux_c0.xrc.11                         2.59405
xmux_c0.xrc.21                         2.94722
mp_c0                                  1.73943
xmux_c0.xrlp.11                        1.76222
xmux_c0.xrlp.21                        2.54849
mn_c0                                  2.57125
xmux_c0.xrln.11                        2.57125
xmux_c0.xrln.21                        2.57127
xmux_c0.ibias                          1.16693
xmux_c0.xrref.11                       1.17919
xmux_c0.xrref.21                       2.95774
xmux_c0.sa                             1.03879
xmux_c0.sb                             1.73922
xmux_c0.tail                            0.5039
outp_c0                                 2.8049
xc0.tail                               1.03256
outn_c0                                3.29946
ib_c0                                  1.22263
vd_c0                                 0.494564
xmux_c1.top                            2.57127
xmux_c1.xrc.11                         2.59405
xmux_c1.xrc.21                         2.94722
mp_c1                                  1.73943
xmux_c1.xrlp.11                        1.76222
xmux_c1.xrlp.21                        2.54849
mn_c1                                  2.57125
xmux_c1.xrln.11                        2.57125
xmux_c1.xrln.21                        2.57127
xmux_c1.ibias                          1.16693
xmux_c1.xrref.11                       1.17919
xmux_c1.xrref.21                       2.95774
xmux_c1.sa                             1.03879
xmux_c1.sb                             1.73922
xmux_c1.tail                            0.5039
outp_c1                                 2.8049
xc1.tail                               1.03256
outn_c1                                3.29946
ib_c1                                  1.22263
vd_c1                                 0.494564
muxref                                0.831812
xmux_c2.top                            2.57127
xmux_c2.xrc.11                         2.59405
xmux_c2.xrc.21                         2.94722
mp_c2                                  1.73943
xmux_c2.xrlp.11                        1.76222
xmux_c2.xrlp.21                        2.54849
mn_c2                                  2.57125
xmux_c2.xrln.11                        2.57125
xmux_c2.xrln.21                        2.57127
xmux_c2.ibias                          1.16693
xmux_c2.xrref.11                       1.17919
xmux_c2.xrref.21                       2.95774
xmux_c2.sa                             1.03879
xmux_c2.sb                             1.73922
xmux_c2.tail                            0.5039
outp_c2                                 2.8049
xc2.tail                               1.03256
outn_c2                                3.29946
ib_c2                                  1.22263
vd_c2                                 0.494564
xmux_cmis.top                          2.57127
xmux_cmis.xrc.11                       2.59405
xmux_cmis.xrc.21                       2.94722
mp_cm                                  1.73943
xmux_cmis.xrlp.11                      1.76222
xmux_cmis.xrlp.21                      2.54849
mn_cm                                  2.57125
xmux_cmis.xrln.11                      2.57125
xmux_cmis.xrln.21                      2.57127
xmux_cmis.ibias                        1.16693
xmux_cmis.xrref.11                     1.17919
xmux_cmis.xrref.21                     2.95774
xmux_cmis.sa                           1.03879
xmux_cmis.sb                           1.73922
xmux_cmis.tail                          0.5039
outp_cmis                               2.8049
xcmis.tail                             1.03256
outn_cmis                              3.29946
ib_cmis                                1.22263
vd_cmis                               0.494564
xmux_vlo.top                           2.57127
xmux_vlo.xrc.11                        2.59405
xmux_vlo.xrc.21                        2.94722
mp_vlo                                 1.73943
xmux_vlo.xrlp.11                       1.76222
xmux_vlo.xrlp.21                       2.54849
mn_vlo                                 2.57125
xmux_vlo.xrln.11                       2.57125
xmux_vlo.xrln.21                       2.57127
xmux_vlo.ibias                         1.16693
xmux_vlo.xrref.11                      1.17919
xmux_vlo.xrref.21                      2.95774
xmux_vlo.sa                            1.03879
xmux_vlo.sb                            1.73922
xmux_vlo.tail                           0.5039
outp_vlo                                2.4753
xvlo.tail                              1.01879
outn_vlo                               2.96941
ib_vlo                                 1.22263
xmux_vhi.top                           2.57127
xmux_vhi.xrc.11                        2.59405
xmux_vhi.xrc.21                        2.94722
mp_vhi                                 1.73943
xmux_vhi.xrlp.11                       1.76222
xmux_vhi.xrlp.21                       2.54849
mn_vhi                                 2.57125
xmux_vhi.xrln.11                       2.57125
xmux_vhi.xrln.21                       2.57127
xmux_vhi.ibias                         1.16693
xmux_vhi.xrref.11                      1.17919
xmux_vhi.xrref.21                      2.95774
xmux_vhi.sa                            1.03879
xmux_vhi.sb                            1.73922
xmux_vhi.tail                           0.5039
outp_vhi                               3.13452
xvhi.tail                              1.04569
outn_vhi                                3.6295
ib_vhi                                 1.22263
xmux_z.top                             2.57127
xmux_z.xrc.11                          2.59405
xmux_z.xrc.21                          2.94722
mp_z                                   1.73943
xmux_z.xrlp.11                         1.76222
xmux_z.xrlp.21                         2.54849
mn_z                                   2.57125
xmux_z.xrln.11                         2.57125
xmux_z.xrln.21                         2.57127
xmux_z.ibias                           1.16693
xmux_z.xrref.11                        1.17919
xmux_z.xrref.21                        2.95774
xmux_z.sa                              1.03879
xmux_z.sb                               1.9137
xmux_z.tail                             0.5039
outp_z                                  2.8049
xz.tail                                1.03256
vss_z                                        0
outn_z                                 3.29946
ib_z                                   1.22263
vmuxz                                  0.83181
emuxz#branch                                 0
ediff_cmis#branch                            0
ediff_c2#branch                              0
emuxref#branch                               0
ediff_c1#branch                              0
ediff_c0#branch                              0
eckref#branch                                0
vsens_z#branch                       0.0104128
vwinc#branch                                 0
vwin#branch                                  0
vclknz#branch                                0
vclkpz#branch                                0
vd0nz#branch                                 0
vd0pz#branch                                 0
vd1n#branch                                  0
vd1p#branch                                  0
vd0n#branch                                  0
vd0p#branch                                  0
vclkn#branch                                 0
vclkp#branch                                 0
vavcchi#branch                     -0.00991955
vavcclo#branch                     -0.00990587
vavcc#branch                        -0.0495641
vvdd#branch                         -0.0559779

 Reference value :  0.00000e+00
 Reference value :  1.58716e-09
 Reference value :  3.27508e-09
 Reference value :  5.10154e-09
 Reference value :  6.73402e-09
 Reference value :  8.09543e-09
 Reference value :  9.47705e-09
 Reference value :  1.08705e-08
 Reference value :  1.22387e-08
 Reference value :  1.36183e-08
 Reference value :  1.49648e-08
 Reference value :  1.63059e-08
 Reference value :  1.76336e-08
 Reference value :  1.89684e-08
 Reference value :  2.02964e-08
 Reference value :  2.16114e-08
 Reference value :  2.30023e-08
 Reference value :  2.43858e-08
 Reference value :  2.57498e-08
 Reference value :  2.70418e-08
 Reference value :  2.84332e-08
 Reference value :  2.98079e-08
 Reference value :  3.12138e-08
 Reference value :  3.28044e-08
 Reference value :  3.45312e-08
 Reference value :  3.63380e-08
 Reference value :  3.77194e-08
 Reference value :  3.90750e-08
 Reference value :  4.04892e-08
 Reference value :  4.18985e-08
 Reference value :  4.32546e-08
 Reference value :  4.46286e-08
 Reference value :  4.60888e-08
 Reference value :  4.77999e-08
 Reference value :  4.95120e-08
 Reference value :  5.11785e-08
 Reference value :  5.25375e-08
 Reference value :  5.38721e-08
 Reference value :  5.51883e-08
 Reference value :  5.65804e-08
 Reference value :  5.79700e-08
 Reference value :  5.93644e-08
 Reference value :  6.07561e-08
No. of Data Rows : 6666
m_ui_ref            =  1.34680e-09 targ=  1.35430e-08 trig=  1.21962e-08
m_spa_in            =  5.38721e-09 targ=  1.75834e-08 trig=  1.21962e-08
m_spb_in            =  4.04040e-09 targ=  1.62366e-08 trig=  1.21962e-08
m_spa_c0            =  5.38725e-09 targ=  1.76529e-08 trig=  1.22656e-08
m_spb_c0            =  4.04045e-09 targ=  1.63061e-08 trig=  1.22656e-08
m_trise_c0          =  -2.63123e-09 targ=  1.09466e-08 trig=  1.35778e-08
m_tfall_c0          =  2.77081e-09 targ=  1.50018e-08 trig=  1.22310e-08
m_spa_c1            =  5.38725e-09 targ=  1.76920e-08 trig=  1.23048e-08
m_spb_c1            =  4.04045e-09 targ=  1.63452e-08 trig=  1.23048e-08
m_trise_c1          =  -2.61656e-09 targ=  1.09820e-08 trig=  1.35985e-08
m_tfall_c1          =  2.83974e-09 targ=  1.50914e-08 trig=  1.22517e-08
m_spa_mux           =  5.38725e-09 targ=  1.76455e-08 trig=  1.22583e-08
m_spb_mux           =  4.04045e-09 targ=  1.62987e-08 trig=  1.22583e-08
m_spa_c2            =  5.38725e-09 targ=  1.77252e-08 trig=  1.23379e-08
m_spb_c2            =  4.04045e-09 targ=  1.63784e-08 trig=  1.23379e-08
m_trise_c2          =  -2.65791e-09 targ=  1.09516e-08 trig=  1.36096e-08
m_tfall_c2          =  2.94103e-09 targ=  1.52038e-08 trig=  1.22627e-08
m_spa_cmis          =  5.38725e-09 targ=  1.77061e-08 trig=  1.23189e-08
m_spb_cmis          =  4.03946e-09 targ=  1.63583e-08 trig=  1.23189e-08
m_dj_ui_c0 = 3.5640009178e-05
m_swing_c0 = 4.9568382435e-01
m_vpp_c0 = 5.0017942614e-01
m_vcm_c0 = 3.0516803075e+00
m_dj_ui_c1 = 3.2670008412e-05
m_swing_c1 = 4.9560240965e-01
m_vpp_c1 = 4.9742429683e-01
m_vcm_c1 = 3.0516934196e+00
m_dj_ui_mux = 3.5640009178e-05
m_dj_ui_drv_c1 = 3.7125009559e-06
m_dj_ui_c2 = 3.1185008030e-05
m_swing_c2 = 4.9501516591e-01
m_vpp_c2 = 4.9647565950e-01
m_vcm_c2 = 3.0517630733e+00
m_dj_ui_cmis = 7.3433268909e-04
m_swing_cmis = 4.9500948868e-01
m_swing_avcclo = 4.9512932239e-01
m_vcm_avcclo = 2.7218770519e+00
m_swing_avcchi = 4.9603769424e-01
m_vcm_avcchi = 3.3815155653e+00
m_vgs_sw_max = 1.5330765903e+00
m_vgd_sw_max = 1.9069827476e+00
m_vds_sw_max = 2.5975960476e+00
m_vgs_tail_max = 1.2304579796e+00
m_vds_tail_max = 1.1199385165e+00
m_vmux_dc = 8.3181016233e-01
m_swing_dc = 4.9456379490e-01
m_vcm_dc = 3.0521797532e+00
m_ioff_dc = 1.0766986658e-05
m_itail_dc = 9.9128098713e-03
m_icell_dc = 1.0412809896e-02
Note: Simulation executed from .control section 

Warning: m=xx on .subckt line will override multiplier m hierarchy!

