
Note: Compatibility modes selected: hs a


Circuit: * cml-driver-eye-realmux @ sf_27c_3.30v_270mbps -- generated by sim/harness, do not edit

Doing analysis at TEMP = 27.000000 and TNOM = 27.000000

Using SPARSE 1.3 as Direct Linear Solver

Initial Transient Solution
--------------------------

Node                                   Voltage
----                                   -------
vdd                                        3.3
avcc                                       3.3
avcclo                                    2.97
avcchi                                    3.63
clkp                                      1.98
clkn                                      0.99
d0p                                      2.805
d0n                                      1.815
d1p                                      2.805
d1n                                      1.815
d0pz                                     2.805
d0nz                                     1.815
clkpz                                     1.98
clknz                                     0.99
ckref                                     0.99
win                                          0
winc                                         0
xmux_c0.top                            2.82969
xmux_c0.xrc.11                         2.85657
xmux_c0.xrc.21                         3.27313
mp_c0                                  1.84852
xmux_c0.xrlp.11                         1.8754
xmux_c0.xrlp.21                        2.80282
mn_c0                                  2.82968
xmux_c0.xrln.11                        2.82968
xmux_c0.xrln.21                        2.82969
xmux_c0.ibias                          1.20347
xmux_c0.xrref.11                       1.21772
xmux_c0.xrref.21                       3.28574
xmux_c0.sa                             1.21657
xmux_c0.sb                             1.84852
xmux_c0.tail                          0.631748
outp_c0                                2.79944
xc0.tail                               1.24982
outn_c0                                3.29999
ib_c0                                  1.22263
vd_c0                                 0.500551
xmux_c1.top                            2.82969
xmux_c1.xrc.11                         2.85657
xmux_c1.xrc.21                         3.27313
mp_c1                                  1.84852
xmux_c1.xrlp.11                         1.8754
xmux_c1.xrlp.21                        2.80282
mn_c1                                  2.82968
xmux_c1.xrln.11                        2.82968
xmux_c1.xrln.21                        2.82969
xmux_c1.ibias                          1.20347
xmux_c1.xrref.11                       1.21772
xmux_c1.xrref.21                       3.28574
xmux_c1.sa                             1.21657
xmux_c1.sb                             1.84852
xmux_c1.tail                          0.631748
outp_c1                                2.79944
xc1.tail                               1.24982
outn_c1                                3.29999
ib_c1                                  1.22263
vd_c1                                 0.500551
muxref                                0.981156
xmux_c2.top                            2.82969
xmux_c2.xrc.11                         2.85657
xmux_c2.xrc.21                         3.27313
mp_c2                                  1.84852
xmux_c2.xrlp.11                         1.8754
xmux_c2.xrlp.21                        2.80282
mn_c2                                  2.82968
xmux_c2.xrln.11                        2.82968
xmux_c2.xrln.21                        2.82969
xmux_c2.ibias                          1.20347
xmux_c2.xrref.11                       1.21772
xmux_c2.xrref.21                       3.28574
xmux_c2.sa                             1.21657
xmux_c2.sb                             1.84852
xmux_c2.tail                          0.631748
outp_c2                                2.79944
xc2.tail                               1.24982
outn_c2                                3.29999
ib_c2                                  1.22263
vd_c2                                 0.500551
xmux_cmis.top                          2.82969
xmux_cmis.xrc.11                       2.85657
xmux_cmis.xrc.21                       3.27313
mp_cm                                  1.84852
xmux_cmis.xrlp.11                       1.8754
xmux_cmis.xrlp.21                      2.80282
mn_cm                                  2.82968
xmux_cmis.xrln.11                      2.82968
xmux_cmis.xrln.21                      2.82969
xmux_cmis.ibias                        1.20347
xmux_cmis.xrref.11                     1.21772
xmux_cmis.xrref.21                     3.28574
xmux_cmis.sa                           1.21657
xmux_cmis.sb                           1.84852
xmux_cmis.tail                        0.631748
outp_cmis                              2.79944
xcmis.tail                             1.24982
outn_cmis                              3.29999
ib_cmis                                1.22263
vd_cmis                               0.500551
xmux_vlo.top                           2.82969
xmux_vlo.xrc.11                        2.85657
xmux_vlo.xrc.21                        3.27313
mp_vlo                                 1.84852
xmux_vlo.xrlp.11                        1.8754
xmux_vlo.xrlp.21                       2.80282
mn_vlo                                 2.82968
xmux_vlo.xrln.11                       2.82968
xmux_vlo.xrln.21                       2.82969
xmux_vlo.ibias                         1.20347
xmux_vlo.xrref.11                      1.21772
xmux_vlo.xrref.21                      3.28574
xmux_vlo.sa                            1.21657
xmux_vlo.sb                            1.84852
xmux_vlo.tail                         0.631748
outp_vlo                               2.46976
xvlo.tail                              1.23449
outn_vlo                               2.96999
ib_vlo                                 1.22263
xmux_vhi.top                           2.82969
xmux_vhi.xrc.11                        2.85657
xmux_vhi.xrc.21                        3.27313
mp_vhi                                 1.84852
xmux_vhi.xrlp.11                        1.8754
xmux_vhi.xrlp.21                       2.80282
mn_vhi                                 2.82968
xmux_vhi.xrln.11                       2.82968
xmux_vhi.xrln.21                       2.82969
xmux_vhi.ibias                         1.20347
xmux_vhi.xrref.11                      1.21772
xmux_vhi.xrref.21                      3.28574
xmux_vhi.sa                            1.21657
xmux_vhi.sb                            1.84852
xmux_vhi.tail                         0.631748
outp_vhi                               3.12914
xvhi.tail                               1.2641
outn_vhi                               3.62999
ib_vhi                                 1.22263
xmux_z.top                             2.82969
xmux_z.xrc.11                          2.85657
xmux_z.xrc.21                          3.27313
mp_z                                   1.84852
xmux_z.xrlp.11                          1.8754
xmux_z.xrlp.21                         2.80282
mn_z                                   2.82968
xmux_z.xrln.11                         2.82968
xmux_z.xrln.21                         2.82969
xmux_z.ibias                           1.20347
xmux_z.xrref.11                        1.21772
xmux_z.xrref.21                        3.28574
xmux_z.sa                              1.21657
xmux_z.sb                              2.20909
xmux_z.tail                           0.631748
outp_z                                 2.79944
xz.tail                                1.24982
vss_z                                        0
outn_z                                 3.29999
ib_z                                   1.22263
vmuxz                                 0.981155
emuxz#branch                                 0
ediff_cmis#branch                            0
ediff_c2#branch                              0
emuxref#branch                               0
ediff_c1#branch                              0
ediff_c0#branch                              0
eckref#branch                                0
vsens_z#branch                       0.0105114
vwinc#branch                                 0
vwin#branch                                  0
vclknz#branch                                0
vclkpz#branch                                0
vd0nz#branch                                 0
vd0pz#branch                                 0
vd1n#branch                                  0
vd1p#branch                                  0
vd0n#branch                                  0
vd0p#branch                                  0
vclkn#branch                                 0
vclkp#branch                                 0
vavcchi#branch                      -0.0100174
vavcclo#branch                       -0.010005
vavcc#branch                        -0.0500572
vvdd#branch                         -0.0659796

 Reference value :  0.00000e+00
 Reference value :  3.73013e-09
 Reference value :  6.07822e-09
 Reference value :  7.88172e-09
 Reference value :  1.11980e-08
 Reference value :  1.39654e-08
 Reference value :  1.54491e-08
 Reference value :  1.86028e-08
 Reference value :  2.13928e-08
 Reference value :  2.29965e-08
 Reference value :  2.60352e-08
 Reference value :  2.91002e-08
 Reference value :  3.04425e-08
 Reference value :  3.34511e-08
 Reference value :  3.65276e-08
 Reference value :  3.79945e-08
 Reference value :  4.08315e-08
 Reference value :  4.32286e-08
 Reference value :  4.47578e-08
 Reference value :  4.81565e-08
 Reference value :  4.97760e-08
 Reference value :  5.20021e-08
 Reference value :  5.48412e-08
 Reference value :  5.63193e-08
 Reference value :  5.93207e-08
No. of Data Rows : 4434
m_ui_ref            =  3.70370e-09 targ=  3.71120e-08 trig=  3.34083e-08
m_spa_in            =  1.48148e-08 targ=  4.82231e-08 trig=  3.34083e-08
m_spb_in            =  1.11111e-08 targ=  4.45194e-08 trig=  3.34083e-08
m_spa_c0            =  1.48148e-08 targ=  4.82905e-08 trig=  3.34757e-08
m_spb_c0            =  1.11111e-08 targ=  4.45868e-08 trig=  3.34757e-08
m_trise_c0          =  -7.37536e-09 targ=  2.97762e-08 trig=  3.71516e-08
m_tfall_c0          =  7.46953e-09 targ=  4.09174e-08 trig=  3.34479e-08
m_spa_c1            =  1.48148e-08 targ=  4.83288e-08 trig=  3.35139e-08
m_spb_c1            =  1.11111e-08 targ=  4.46251e-08 trig=  3.35139e-08
m_trise_c1          =  1.32802e-10 targ=  3.73040e-08 trig=  3.71712e-08
m_tfall_c1          =  1.32727e-10 targ=  4.10076e-08 trig=  4.08749e-08
m_spa_mux           =  1.48148e-08 targ=  4.82830e-08 trig=  3.34682e-08
m_spb_mux           =  1.11111e-08 targ=  4.45793e-08 trig=  3.34682e-08
m_spa_c2            =  1.48149e-08 targ=  4.83615e-08 trig=  3.35467e-08
m_spb_c2            =  1.11111e-08 targ=  4.46578e-08 trig=  3.35467e-08
m_trise_c2          =  2.35075e-10 targ=  3.74164e-08 trig=  3.71813e-08
m_tfall_c2          =  2.35139e-10 targ=  4.11202e-08 trig=  4.08850e-08
m_spa_cmis          =  1.48148e-08 targ=  4.83423e-08 trig=  3.35275e-08
m_spb_cmis          =  1.11104e-08 targ=  4.46379e-08 trig=  3.35275e-08
m_dj_ui_c0 = 5.3999995684e-06
m_swing_c0 = 5.0157760474e-01
m_vpp_c0 = 5.1677552325e-01
m_vcm_c0 = 3.0492097911e+00
m_dj_ui_c1 = 5.3999995684e-06
m_swing_c1 = 5.0160906859e-01
m_vpp_c1 = 5.0771355421e-01
m_vcm_c1 = 3.0491953519e+00
m_dj_ui_mux = 5.3999995675e-06
m_dj_ui_drv_c1 = 2.6999997840e-06
m_dj_ui_c2 = 1.0799999136e-05
m_swing_c2 = 5.0152928996e-01
m_vpp_c2 = 5.0500463332e-01
m_vcm_c2 = 3.0492286549e+00
m_dj_ui_cmis = 1.9979998402e-04
m_swing_cmis = 5.0152772782e-01
m_swing_avcclo = 5.0127694038e-01
m_vcm_avcclo = 2.7193599436e+00
m_swing_avcchi = 5.0191108150e-01
m_vcm_avcchi = 3.3790453284e+00
m_vgs_sw_max = 1.5836827227e+00
m_vgd_sw_max = 1.8012286495e+00
m_vds_sw_max = 2.3814812946e+00
m_vgs_tail_max = 1.2284882448e+00
m_vds_tail_max = 1.3267374967e+00
m_vmux_dc = 9.8115518193e-01
m_swing_dc = 5.0055125863e-01
m_vcm_dc = 3.0497138307e+00
m_ioff_dc = 2.1080061983e-07
m_itail_dc = 1.0011446774e-02
m_icell_dc = 1.0511446774e-02
Note: Simulation executed from .control section 

Warning: m=xx on .subckt line will override multiplier m hierarchy!

