
Note: Compatibility modes selected: hs a


Circuit: * cml-driver-eye-realmux @ sf_27c_3.63v_742p5mbps -- generated by sim/harness, do not edit

Doing analysis at TEMP = 27.000000 and TNOM = 27.000000

Using SPARSE 1.3 as Direct Linear Solver

Initial Transient Solution
--------------------------

Node                                   Voltage
----                                   -------
vdd                                       3.63
avcc                                       3.3
avcclo                                    2.97
avcchi                                    3.63
clkp                                     2.178
clkn                                     1.089
d0p                                     3.0855
d0n                                     1.9965
d1p                                     3.0855
d1n                                     1.9965
d0pz                                    3.0855
d0nz                                    1.9965
clkpz                                    2.178
clknz                                    1.089
ckref                                    1.089
win                                          0
winc                                         0
xmux_c0.top                            3.08811
xmux_c0.xrc.11                         3.11907
xmux_c0.xrc.21                         3.59904
mp_c0                                  1.95759
xmux_c0.xrlp.11                        1.98855
xmux_c0.xrlp.21                        3.05715
mn_c0                                   3.0881
xmux_c0.xrln.11                         3.0881
xmux_c0.xrln.21                        3.08811
xmux_c0.ibias                          1.23831
xmux_c0.xrref.11                       1.25457
xmux_c0.xrref.21                       3.61374
xmux_c0.sa                             1.38957
xmux_c0.sb                             1.95759
xmux_c0.tail                          0.762289
outp_c0                                2.79514
xc0.tail                               1.46905
outn_c0                                    3.3
ib_c0                                  1.22263
vd_c0                                 0.504856
xmux_c1.top                            3.08811
xmux_c1.xrc.11                         3.11907
xmux_c1.xrc.21                         3.59904
mp_c1                                  1.95759
xmux_c1.xrlp.11                        1.98855
xmux_c1.xrlp.21                        3.05715
mn_c1                                   3.0881
xmux_c1.xrln.11                         3.0881
xmux_c1.xrln.21                        3.08811
xmux_c1.ibias                          1.23831
xmux_c1.xrref.11                       1.25457
xmux_c1.xrref.21                       3.61374
xmux_c1.sa                             1.38957
xmux_c1.sb                             1.95759
xmux_c1.tail                          0.762289
outp_c1                                2.79514
xc1.tail                               1.46905
outn_c1                                    3.3
ib_c1                                  1.22263
vd_c1                                 0.504856
muxref                                 1.13051
xmux_c2.top                            3.08811
xmux_c2.xrc.11                         3.11907
xmux_c2.xrc.21                         3.59904
mp_c2                                  1.95759
xmux_c2.xrlp.11                        1.98855
xmux_c2.xrlp.21                        3.05715
mn_c2                                   3.0881
xmux_c2.xrln.11                         3.0881
xmux_c2.xrln.21                        3.08811
xmux_c2.ibias                          1.23831
xmux_c2.xrref.11                       1.25457
xmux_c2.xrref.21                       3.61374
xmux_c2.sa                             1.38957
xmux_c2.sb                             1.95759
xmux_c2.tail                          0.762289
outp_c2                                2.79514
xc2.tail                               1.46905
outn_c2                                    3.3
ib_c2                                  1.22263
vd_c2                                 0.504856
xmux_cmis.top                          3.08811
xmux_cmis.xrc.11                       3.11907
xmux_cmis.xrc.21                       3.59904
mp_cm                                  1.95759
xmux_cmis.xrlp.11                      1.98855
xmux_cmis.xrlp.21                      3.05715
mn_cm                                   3.0881
xmux_cmis.xrln.11                       3.0881
xmux_cmis.xrln.21                      3.08811
xmux_cmis.ibias                        1.23831
xmux_cmis.xrref.11                     1.25457
xmux_cmis.xrref.21                     3.61374
xmux_cmis.sa                           1.38957
xmux_cmis.sb                           1.95759
xmux_cmis.tail                        0.762289
outp_cmis                              2.79514
xcmis.tail                             1.46905
outn_cmis                                  3.3
ib_cmis                                1.22263
vd_cmis                               0.504856
xmux_vlo.top                           3.08811
xmux_vlo.xrc.11                        3.11907
xmux_vlo.xrc.21                        3.59904
mp_vlo                                 1.95759
xmux_vlo.xrlp.11                       1.98855
xmux_vlo.xrlp.21                       3.05715
mn_vlo                                  3.0881
xmux_vlo.xrln.11                        3.0881
xmux_vlo.xrln.21                       3.08811
xmux_vlo.ibias                         1.23831
xmux_vlo.xrref.11                      1.25457
xmux_vlo.xrref.21                      3.61374
xmux_vlo.sa                            1.38957
xmux_vlo.sb                            1.95759
xmux_vlo.tail                         0.762289
outp_vlo                               2.46547
xvlo.tail                              1.45146
outn_vlo                                  2.97
ib_vlo                                 1.22263
xmux_vhi.top                           3.08811
xmux_vhi.xrc.11                        3.11907
xmux_vhi.xrc.21                        3.59904
mp_vhi                                 1.95759
xmux_vhi.xrlp.11                       1.98855
xmux_vhi.xrlp.21                       3.05715
mn_vhi                                  3.0881
xmux_vhi.xrln.11                        3.0881
xmux_vhi.xrln.21                       3.08811
xmux_vhi.ibias                         1.23831
xmux_vhi.xrref.11                      1.25457
xmux_vhi.xrref.21                      3.61374
xmux_vhi.sa                            1.38957
xmux_vhi.sb                            1.95759
xmux_vhi.tail                         0.762289
outp_vhi                               3.12486
xvhi.tail                              1.48468
outn_vhi                                  3.63
ib_vhi                                 1.22263
xmux_z.top                             3.08811
xmux_z.xrc.11                          3.11907
xmux_z.xrc.21                          3.59904
mp_z                                   1.95759
xmux_z.xrlp.11                         1.98855
xmux_z.xrlp.21                         3.05715
mn_z                                    3.0881
xmux_z.xrln.11                          3.0881
xmux_z.xrln.21                         3.08811
xmux_z.ibias                           1.23831
xmux_z.xrref.11                        1.25457
xmux_z.xrref.21                        3.61374
xmux_z.sa                              1.38957
xmux_z.sb                              2.50764
xmux_z.tail                           0.762289
outp_z                                 2.79514
xz.tail                                1.46905
vss_z                                        0
outn_z                                     3.3
ib_z                                   1.22263
vmuxz                                  1.13051
emuxz#branch                                 0
ediff_cmis#branch                            0
ediff_c2#branch                              0
emuxref#branch                               0
ediff_c1#branch                              0
ediff_c0#branch                              0
eckref#branch                                0
vsens_z#branch                       0.0105971
vwinc#branch                                 0
vwin#branch                                  0
vclknz#branch                                0
vclkpz#branch                                0
vd0nz#branch                                 0
vd0pz#branch                                 0
vd1n#branch                                  0
vd1p#branch                                  0
vd0n#branch                                  0
vd0p#branch                                  0
vclkn#branch                                 0
vclkp#branch                                 0
vavcchi#branch                      -0.0101029
vavcclo#branch                      -0.0100906
vavcc#branch                        -0.0504856
vvdd#branch                         -0.0759851

 Reference value :  0.00000e+00
 Reference value :  1.76383e-09
 Reference value :  3.69006e-09
 Reference value :  5.38830e-09
 Reference value :  6.76534e-09
 Reference value :  8.15138e-09
 Reference value :  9.52955e-09
 Reference value :  1.09252e-08
 Reference value :  1.22715e-08
 Reference value :  1.36217e-08
 Reference value :  1.49214e-08
 Reference value :  1.62470e-08
 Reference value :  1.75696e-08
 Reference value :  1.88838e-08
 Reference value :  2.02117e-08
 Reference value :  2.13562e-08
 Reference value :  2.27041e-08
 Reference value :  2.42118e-08
 Reference value :  2.55893e-08
 Reference value :  2.69360e-08
 Reference value :  2.75703e-08
 Reference value :  2.93585e-08
 Reference value :  3.09764e-08
 Reference value :  3.23546e-08
 Reference value :  3.37406e-08
 Reference value :  3.51466e-08
 Reference value :  3.65210e-08
 Reference value :  3.79173e-08
 Reference value :  3.92844e-08
 Reference value :  4.06745e-08
 Reference value :  4.20714e-08
 Reference value :  4.35107e-08
 Reference value :  4.48176e-08
 Reference value :  4.62845e-08
 Reference value :  4.78113e-08
 Reference value :  4.93182e-08
 Reference value :  5.07450e-08
 Reference value :  5.22318e-08
 Reference value :  5.36587e-08
 Reference value :  5.40688e-08
 Reference value :  5.55540e-08
 Reference value :  5.72184e-08
 Reference value :  5.89291e-08
 Reference value :  6.06083e-08
No. of Data Rows : 6723
m_ui_ref            =  1.34680e-09 targ=  1.35430e-08 trig=  1.21962e-08
m_spa_in            =  5.38721e-09 targ=  1.75834e-08 trig=  1.21962e-08
m_spb_in            =  4.04040e-09 targ=  1.62366e-08 trig=  1.21962e-08
m_spa_c0            =  5.38724e-09 targ=  1.76480e-08 trig=  1.22607e-08
m_spb_c0            =  4.04044e-09 targ=  1.63012e-08 trig=  1.22607e-08
m_trise_c0          =  5.39939e-11 targ=  1.36371e-08 trig=  1.35831e-08
m_tfall_c0          =  5.40071e-11 targ=  1.49839e-08 trig=  1.49299e-08
m_spa_c1            =  5.38724e-09 targ=  1.76854e-08 trig=  1.22981e-08
m_spb_c1            =  4.04044e-09 targ=  1.63386e-08 trig=  1.22981e-08
m_trise_c1          =  1.24570e-10 targ=  1.37267e-08 trig=  1.36021e-08
m_tfall_c1          =  1.24605e-10 targ=  1.50735e-08 trig=  1.49489e-08
m_spa_mux           =  5.38723e-09 targ=  1.76403e-08 trig=  1.22531e-08
m_spb_mux           =  4.04043e-09 targ=  1.62935e-08 trig=  1.22531e-08
m_spa_c2            =  5.38722e-09 targ=  1.77179e-08 trig=  1.23306e-08
m_spb_c2            =  4.04042e-09 targ=  1.63711e-08 trig=  1.23306e-08
m_trise_c2          =  2.26068e-10 targ=  1.38379e-08 trig=  1.36119e-08
m_tfall_c2          =  2.26281e-10 targ=  1.51849e-08 trig=  1.49587e-08
m_spa_cmis          =  5.38722e-09 targ=  1.76986e-08 trig=  1.23114e-08
m_spb_cmis          =  4.03991e-09 targ=  1.63513e-08 trig=  1.23114e-08
m_dj_ui_c0 = 2.3760006118e-05
m_swing_c0 = 5.0748428246e-01
m_vpp_c0 = 5.3341065328e-01
m_vcm_c0 = 3.0463149233e+00
m_dj_ui_c1 = 2.5245006501e-05
m_swing_c1 = 5.0724686890e-01
m_vpp_c1 = 5.1687908342e-01
m_vcm_c1 = 3.0464035114e+00
m_dj_ui_mux = 2.1532505545e-05
m_dj_ui_drv_c1 = 4.4550011467e-06
m_dj_ui_c2 = 1.0395002677e-05
m_swing_c2 = 5.0626693604e-01
m_vpp_c2 = 5.1271807161e-01
m_vcm_c2 = 3.0466839827e+00
m_dj_ui_cmis = 3.8238759846e-04
m_swing_cmis = 5.0626948349e-01
m_swing_avcclo = 5.0688312652e-01
m_vcm_avcclo = 2.7165862372e+00
m_swing_avcchi = 5.0754153507e-01
m_vcm_avcchi = 3.3762556333e+00
m_vgs_sw_max = 1.6246888650e+00
m_vgd_sw_max = 1.6965420903e+00
m_vds_sw_max = 2.1685253101e+00
m_vgs_tail_max = 1.2273273538e+00
m_vds_tail_max = 1.5323641181e+00
m_vmux_dc = 1.1305071273e+00
m_swing_dc = 5.0485577120e-01
m_vcm_dc = 3.0475719737e+00
m_ioff_dc = 2.8144035813e-09
m_itail_dc = 1.0097121053e-02
m_icell_dc = 1.0597121058e-02
Note: Simulation executed from .control section 

Warning: m=xx on .subckt line will override multiplier m hierarchy!

