OpenROAD 26Q3-1080-gab6fd26351 
Features included (+) or not (-): +GPU +GUI +Python
This program is licensed under the BSD-3 license. See the LICENSE file for details.
Components of this program may be licensed under more restrictive licenses which must be honored.
[INFO ODB-0388] unsupported LEF58_EOLENCLOSURE property for layer Via1 :"
  	EOLENCLOSURE 0.34 0.06 ;"
[INFO ODB-0388] unsupported LEF58_EOLENCLOSURE property for layer Via2 :" EOLENCLOSURE 0.34 0.06 ; "
[INFO ODB-0388] unsupported LEF58_EOLENCLOSURE property for layer Via3 :" EOLENCLOSURE 0.34 0.06 ; "
[INFO ODB-0388] unsupported LEF58_EOLENCLOSURE property for layer Via4 :" EOLENCLOSURE 0.34 0.06 ; "
[INFO ODB-0227] LEF file: /Users/rwalters/.volare/gf180mcuD/libs.ref/gf180mcu_fd_sc_mcu9t5v0/techlef/gf180mcu_fd_sc_mcu9t5v0__nom.tlef, created 15 layers, 56 vias
[WARNING ODB-0220] WARNING (LEFPARS-2008): NOWIREEXTENSIONATPIN statement is obsolete in version 5.6 or later.
The NOWIREEXTENSIONATPIN statement will be ignored. See file /Users/rwalters/.volare/gf180mcuD/libs.ref/gf180mcu_fd_sc_mcu9t5v0/lef/gf180mcu_fd_sc_mcu9t5v0.lef at line 2.

[INFO ODB-0227] LEF file: /Users/rwalters/.volare/gf180mcuD/libs.ref/gf180mcu_fd_sc_mcu9t5v0/lef/gf180mcu_fd_sc_mcu9t5v0.lef, created 229 library cells
[INFO ODB-0127] Reading DEF file: /Users/rwalters/GitHub/gf180-tmds-tx/.loom/worktrees/issue-83/flow/tmds_encoder/pnr/tmds_encoder.def
[INFO ODB-0128] Design: tmds_encoder
[INFO ODB-0130]     Created 25 pins.
[INFO ODB-0131]     Created 1037 components and 4926 component-terminals.
[INFO ODB-0132]     Created 2 special nets and 678 connections.
[INFO ODB-0133]     Created 279 nets and 924 connections.
[INFO ODB-0134] Finished DEF file: /Users/rwalters/GitHub/gf180-tmds-tx/.loom/worktrees/issue-83/flow/tmds_encoder/pnr/tmds_encoder.def
=== SETUP_WORST ===
Startpoint: data[1] (input port clocked by clk)
Endpoint: _503_ (rising edge-triggered flip-flop clocked by clk)
Path Group: clk
Path Type: max

    Delay      Time   Description
-------------------------------------------------------------
   0.0000    0.0000   clock clk (rise edge)
   0.0000    0.0000   clock network delay (propagated)
   0.0000    0.0000 ^ input external delay
   1.1204    1.1204 ^ data[1] (in)
   3.5592    4.6796 ^ _261_/Z (gf180mcu_fd_sc_mcu9t5v0__xor3_1)
   2.0394    6.7190 ^ _266_/ZN (gf180mcu_fd_sc_mcu9t5v0__xnor3_1)
   2.4017    9.1207 ^ _268_/Z (gf180mcu_fd_sc_mcu9t5v0__xor2_1)
   1.3233   10.4441 ^ _269_/Z (gf180mcu_fd_sc_mcu9t5v0__and2_1)
   2.8557   13.2997 ^ _288_/ZN (gf180mcu_fd_sc_mcu9t5v0__xnor3_1)
   0.6963   13.9960 v _289_/ZN (gf180mcu_fd_sc_mcu9t5v0__aoi22_1)
   5.4648   19.4608 ^ _292_/ZN (gf180mcu_fd_sc_mcu9t5v0__oai22_1)
   2.0682   21.5290 v _307_/Z (gf180mcu_fd_sc_mcu9t5v0__xor3_1)
   3.1325   24.6615 ^ _315_/ZN (gf180mcu_fd_sc_mcu9t5v0__oai32_1)
   1.0539   25.7154 v _324_/ZN (gf180mcu_fd_sc_mcu9t5v0__aoi21_1)
   5.4562   31.1716 ^ _327_/ZN (gf180mcu_fd_sc_mcu9t5v0__oai22_1)
   1.0703   32.2419 v _330_/ZN (gf180mcu_fd_sc_mcu9t5v0__nand2_1)
   3.0514   35.2933 v _401_/ZN (gf180mcu_fd_sc_mcu9t5v0__xnor3_1)
   1.4809   36.7742 v _402_/Z (gf180mcu_fd_sc_mcu9t5v0__or2_1)
   1.3300   38.1042 ^ _407_/ZN (gf180mcu_fd_sc_mcu9t5v0__nor2_1)
   0.6072   38.7114 v _412_/ZN (gf180mcu_fd_sc_mcu9t5v0__nand2_1)
   2.9595   41.6709 v _419_/Z (gf180mcu_fd_sc_mcu9t5v0__xor3_1)
   0.9949   42.6658 ^ _450_/ZN (gf180mcu_fd_sc_mcu9t5v0__aoi211_1)
   0.6385   43.3043 v _451_/ZN (gf180mcu_fd_sc_mcu9t5v0__aoi211_1)
   0.0000   43.3043 v _503_/D (gf180mcu_fd_sc_mcu9t5v0__dffq_1)
            43.3043   data arrival time

  37.0370   37.0370   clock clk (rise edge)
   0.0033   37.0403   clock network delay (propagated)
   0.0000   37.0403   clock reconvergence pessimism
            37.0403 ^ _503_/CLK (gf180mcu_fd_sc_mcu9t5v0__dffq_1)
  -0.7515   36.2888   library setup time
            36.2888   data required time
-------------------------------------------------------------
            36.2888   data required time
           -43.3043   data arrival time
-------------------------------------------------------------
            -7.0155   slack (VIOLATED)


=== HOLD_WORST ===
Startpoint: ctrl[1] (input port clocked by clk)
Endpoint: _514_ (rising edge-triggered flip-flop clocked by clk)
Path Group: clk
Path Type: min

    Delay      Time   Description
-------------------------------------------------------------
   0.0000    0.0000   clock clk (rise edge)
   0.0000    0.0000   clock network delay (propagated)
   0.0000    0.0000 v input external delay
   0.1308    0.1308 v ctrl[1] (in)
   0.8261    0.9569 ^ _496_/ZN (gf180mcu_fd_sc_mcu9t5v0__aoi21_1)
   0.3518    1.3087 v _497_/ZN (gf180mcu_fd_sc_mcu9t5v0__oai22_1)
   0.0001    1.3088 v _514_/D (gf180mcu_fd_sc_mcu9t5v0__dffq_1)
             1.3088   data arrival time

   0.0000    0.0000   clock clk (rise edge)
   0.0019    0.0019   clock network delay (propagated)
   0.0000    0.0019   clock reconvergence pessimism
             0.0019 ^ _514_/CLK (gf180mcu_fd_sc_mcu9t5v0__dffq_1)
   0.1800    0.1819   library hold time
             0.1819   data required time
-------------------------------------------------------------
             0.1819   data required time
            -1.3088   data arrival time
-------------------------------------------------------------
             1.1269   slack (MET)


=== REG2REG_SETUP ===
Startpoint: _499_ (rising edge-triggered flip-flop clocked by clk)
Endpoint: _503_ (rising edge-triggered flip-flop clocked by clk)
Path Group: clk
Path Type: max

    Delay      Time   Description
-------------------------------------------------------------
   0.0000    0.0000   clock clk (rise edge)
   0.0037    0.0037   clock network delay (propagated)
   0.0000    0.0037 ^ _499_/CLK (gf180mcu_fd_sc_mcu9t5v0__dffq_1)
   2.6513    2.6550 ^ _499_/Q (gf180mcu_fd_sc_mcu9t5v0__dffq_1)
   2.5663    5.2213 v _395_/ZN (gf180mcu_fd_sc_mcu9t5v0__xnor3_1)
   2.9066    8.1279 ^ _400_/ZN (gf180mcu_fd_sc_mcu9t5v0__oai33_1)
   1.0452    9.1731 v _403_/ZN (gf180mcu_fd_sc_mcu9t5v0__aoi21_1)
   1.5668   10.7399 v _406_/Z (gf180mcu_fd_sc_mcu9t5v0__xor2_1)
   1.4427   12.1826 ^ _407_/ZN (gf180mcu_fd_sc_mcu9t5v0__nor2_1)
   0.6072   12.7898 v _412_/ZN (gf180mcu_fd_sc_mcu9t5v0__nand2_1)
   2.9595   15.7492 v _419_/Z (gf180mcu_fd_sc_mcu9t5v0__xor3_1)
   0.9949   16.7442 ^ _450_/ZN (gf180mcu_fd_sc_mcu9t5v0__aoi211_1)
   0.6384   17.3826 v _451_/ZN (gf180mcu_fd_sc_mcu9t5v0__aoi211_1)
   0.0000   17.3827 v _503_/D (gf180mcu_fd_sc_mcu9t5v0__dffq_1)
            17.3827   data arrival time

  37.0370   37.0370   clock clk (rise edge)
   0.0033   37.0403   clock network delay (propagated)
   0.0000   37.0403   clock reconvergence pessimism
            37.0403 ^ _503_/CLK (gf180mcu_fd_sc_mcu9t5v0__dffq_1)
  -0.7515   36.2888   library setup time
            36.2888   data required time
-------------------------------------------------------------
            36.2888   data required time
           -17.3827   data arrival time
-------------------------------------------------------------
            18.9061   slack (MET)


=== REG2REG_HOLD ===
Startpoint: _504_ (rising edge-triggered flip-flop clocked by clk)
Endpoint: _504_ (rising edge-triggered flip-flop clocked by clk)
Path Group: clk
Path Type: min

    Delay      Time   Description
-------------------------------------------------------------
   0.0000    0.0000   clock clk (rise edge)
   0.0032    0.0032   clock network delay (propagated)
   0.0000    0.0032 ^ _504_/CLK (gf180mcu_fd_sc_mcu9t5v0__dffq_1)
   1.8820    1.8852 v _504_/Q (gf180mcu_fd_sc_mcu9t5v0__dffq_1)
   0.7188    2.6040 ^ _491_/ZN (gf180mcu_fd_sc_mcu9t5v0__xnor2_1)
   0.5228    3.1268 v _492_/ZN (gf180mcu_fd_sc_mcu9t5v0__oai211_1)
   0.5036    3.6303 ^ _493_/ZN (gf180mcu_fd_sc_mcu9t5v0__nand2_1)
   0.2770    3.9073 v _494_/ZN (gf180mcu_fd_sc_mcu9t5v0__aoi21_1)
   0.0000    3.9074 v _504_/D (gf180mcu_fd_sc_mcu9t5v0__dffq_1)
             3.9074   data arrival time

   0.0000    0.0000   clock clk (rise edge)
   0.0032    0.0032   clock network delay (propagated)
   0.0000    0.0032   clock reconvergence pessimism
             0.0032 ^ _504_/CLK (gf180mcu_fd_sc_mcu9t5v0__dffq_1)
   0.1921    0.1953   library hold time
             0.1953   data required time
-------------------------------------------------------------
             0.1953   data required time
            -3.9074   data arrival time
-------------------------------------------------------------
             3.7121   slack (MET)


=== WORST_SLACK ===
worst slack max -7.0155
worst slack min 1.1269
=== TNS ===
tns max -72.8503
=== SETUP_VIOLATORS ===
Group                                    Slack
----------------------------------------------
clk                                    -7.0155
clk                                    -6.6116
clk                                    -5.8364
clk                                    -5.8057
clk                                    -5.5692
clk                                    -4.8721
clk                                    -4.7057
clk                                    -4.6864
clk                                    -4.3629
clk                                    -4.0240
clk                                    -3.4805
clk                                    -3.4383
clk                                    -3.4049
clk                                    -3.3668
clk                                    -2.9151
clk                                    -2.7551

=== HOLD_VIOLATORS ===
Group                                    Slack
----------------------------------------------
No paths found.

=== CLOCK_SKEW ===
Clock clk
 0.0040 source latency _501_/CLK ^
-0.0014 target latency _507_/CLK ^
 0.0000 CRPR
--------------
 0.0027 setup skew

=== END ===
