
 /----------------------------------------------------------------------------\
 |  yosys -- Yosys Open SYnthesis Suite                                       |
 |  Copyright (C) 2012 - 2026  Claire Xenia Wolf <claire@yosyshq.com>         |
 |  Distributed under an ISC-like license, type "license" to see terms        |
 \----------------------------------------------------------------------------/
 Yosys 0.68+post (git sha1 UNKNOWN, Release, GNU /usr/local/bin/wrapped-cc/g++ 11.4.0)

-- Running command `read_verilog /Users/rwalters/GitHub/gf180-tmds-tx/.loom/worktrees/issue-115/rtl/tmds_encoder.v
hierarchy -check -top tmds_encoder
proc
opt
fsm
opt
memory
opt
techmap
opt
dfflibmap -liberty /Users/rwalters/.volare/gf180mcuD/libs.ref/gf180mcu_fd_sc_mcu9t5v0/lib/gf180mcu_fd_sc_mcu9t5v0__ss_125C_3v00.lib
abc -liberty /Users/rwalters/.volare/gf180mcuD/libs.ref/gf180mcu_fd_sc_mcu9t5v0/lib/gf180mcu_fd_sc_mcu9t5v0__ss_125C_3v00.lib -constr /Users/rwalters/GitHub/gf180-tmds-tx/.loom/worktrees/issue-115/flow/tmds_encoder/reports/20260817-105547-049c240.synth.constr -script /Users/rwalters/GitHub/gf180-tmds-tx/.loom/worktrees/issue-115/flow/tmds_encoder/reports/20260817-105547-049c240.synth.abc
opt_clean -purge
clean
setundef -zero
stat -liberty /Users/rwalters/.volare/gf180mcuD/libs.ref/gf180mcu_fd_sc_mcu9t5v0/lib/gf180mcu_fd_sc_mcu9t5v0__tt_025C_3v30.lib
select -assert-none t:$_*
check -noinit
write_verilog -noattr /Users/rwalters/GitHub/gf180-tmds-tx/.loom/worktrees/issue-115/flow/tmds_encoder/netlist/tmds_encoder.synth.v
' --

1. Executing Verilog-2005 frontend: /Users/rwalters/GitHub/gf180-tmds-tx/.loom/worktrees/issue-115/rtl/tmds_encoder.v
Parsing Verilog input from `/Users/rwalters/GitHub/gf180-tmds-tx/.loom/worktrees/issue-115/rtl/tmds_encoder.v' to AST representation.
Generating RTLIL representation for module `\tmds_encoder'.
Successfully finished Verilog frontend.

2. Executing HIERARCHY pass (managing design hierarchy).

2.1. Analyzing design hierarchy..
Top module:  \tmds_encoder

2.2. Analyzing design hierarchy..
Top module:  \tmds_encoder
Removed 0 unused modules.

3. Executing PROC pass (convert processes to netlists).

3.1. Executing PROC_CLEAN pass (remove empty switches from decision trees).
Cleaned up 0 empty switches.

3.2. Executing PROC_RMDEAD pass (remove dead branches from decision trees).
Marked 2 switch rules as full_case in process $proc$/Users/rwalters/GitHub/gf180-tmds-tx/.loom/worktrees/issue-115/rtl/tmds_encoder.v:350$54 in module tmds_encoder.
Marked 1 switch rules as full_case in process $proc$/Users/rwalters/GitHub/gf180-tmds-tx/.loom/worktrees/issue-115/rtl/tmds_encoder.v:341$53 in module tmds_encoder.
Marked 1 switch rules as full_case in process $proc$/Users/rwalters/GitHub/gf180-tmds-tx/.loom/worktrees/issue-115/rtl/tmds_encoder.v:297$38 in module tmds_encoder.
Marked 1 switch rules as full_case in process $proc$/Users/rwalters/GitHub/gf180-tmds-tx/.loom/worktrees/issue-115/rtl/tmds_encoder.v:249$31 in module tmds_encoder.
Marked 1 switch rules as full_case in process $proc$/Users/rwalters/GitHub/gf180-tmds-tx/.loom/worktrees/issue-115/rtl/tmds_encoder.v:188$10 in module tmds_encoder.
Removed a total of 0 dead cases.

3.3. Executing PROC_PRUNE pass (remove redundant assignments in processes).
Removed 18 redundant assignments.
Promoted 19 assignments to connections.

3.4. Executing PROC_INIT pass (extract init attributes).

3.5. Executing PROC_ARST pass (detect async resets in processes).

3.6. Executing PROC_ROM pass (convert switches to ROMs).
Converted 0 switches.
<suppressed ~6 debug messages>

3.7. Executing PROC_MUX pass (convert decision trees to multiplexers).
Creating decoders for process `\tmds_encoder.$proc$/Users/rwalters/GitHub/gf180-tmds-tx/.loom/worktrees/issue-115/rtl/tmds_encoder.v:274$74'.
Creating decoders for process `\tmds_encoder.$proc$/Users/rwalters/GitHub/gf180-tmds-tx/.loom/worktrees/issue-115/rtl/tmds_encoder.v:180$57'.
Creating decoders for process `\tmds_encoder.$proc$/Users/rwalters/GitHub/gf180-tmds-tx/.loom/worktrees/issue-115/rtl/tmds_encoder.v:350$54'.
     1/2: $0\cnt[7:0]
     2/2: $0\tmds[9:0]
Creating decoders for process `\tmds_encoder.$proc$/Users/rwalters/GitHub/gf180-tmds-tx/.loom/worktrees/issue-115/rtl/tmds_encoder.v:341$53'.
     1/1: $1\ctrl_code[9:0]
Creating decoders for process `\tmds_encoder.$proc$/Users/rwalters/GitHub/gf180-tmds-tx/.loom/worktrees/issue-115/rtl/tmds_encoder.v:297$38'.
     1/9: $0\ctrl_s3[1:0]
     2/9: $0\de_s3[0:0]
     3/9: $0\qm8_s3[0:0]
     4/9: $0\disp_pos_s3[0:0]
     5/9: $0\disp_zero_s3[0:0]
     6/9: $0\delta_invert_s3[7:0]
     7/9: $0\delta_keep_s3[7:0]
     8/9: $0\word_invert_s3[9:0]
     9/9: $0\word_keep_s3[9:0]
Creating decoders for process `\tmds_encoder.$proc$/Users/rwalters/GitHub/gf180-tmds-tx/.loom/worktrees/issue-115/rtl/tmds_encoder.v:249$31'.
     1/3: $0\ctrl_s2[1:0]
     2/3: $0\de_s2[0:0]
     3/3: $0\qm_s2[8:0]
Creating decoders for process `\tmds_encoder.$proc$/Users/rwalters/GitHub/gf180-tmds-tx/.loom/worktrees/issue-115/rtl/tmds_encoder.v:188$10'.
     1/4: $0\ctrl_s1[1:0]
     2/4: $0\de_s1[0:0]
     3/4: $0\use_xnor_s1[0:0]
     4/4: $0\d_s1[7:0]

3.8. Executing PROC_DLATCH pass (convert process syncs to latches).
No latch inferred for signal `\tmds_encoder.\popcount8$func$/Users/rwalters/GitHub/gf180-tmds-tx/.loom/worktrees/issue-115/rtl/tmds_encoder.v:274$2.$result' from process `\tmds_encoder.$proc$/Users/rwalters/GitHub/gf180-tmds-tx/.loom/worktrees/issue-115/rtl/tmds_encoder.v:274$74'.
No latch inferred for signal `\tmds_encoder.\popcount8$func$/Users/rwalters/GitHub/gf180-tmds-tx/.loom/worktrees/issue-115/rtl/tmds_encoder.v:180$1.$result' from process `\tmds_encoder.$proc$/Users/rwalters/GitHub/gf180-tmds-tx/.loom/worktrees/issue-115/rtl/tmds_encoder.v:180$57'.
No latch inferred for signal `\tmds_encoder.\ctrl_code' from process `\tmds_encoder.$proc$/Users/rwalters/GitHub/gf180-tmds-tx/.loom/worktrees/issue-115/rtl/tmds_encoder.v:341$53'.

3.9. Executing PROC_DFF pass (convert process syncs to FFs).
Creating register for signal `\tmds_encoder.\tmds' using process `\tmds_encoder.$proc$/Users/rwalters/GitHub/gf180-tmds-tx/.loom/worktrees/issue-115/rtl/tmds_encoder.v:350$54'.
  created $dff cell `$procdff$156' with positive edge clock.
Creating register for signal `\tmds_encoder.\cnt' using process `\tmds_encoder.$proc$/Users/rwalters/GitHub/gf180-tmds-tx/.loom/worktrees/issue-115/rtl/tmds_encoder.v:350$54'.
  created $dff cell `$procdff$157' with positive edge clock.
Creating register for signal `\tmds_encoder.\word_keep_s3' using process `\tmds_encoder.$proc$/Users/rwalters/GitHub/gf180-tmds-tx/.loom/worktrees/issue-115/rtl/tmds_encoder.v:297$38'.
  created $dff cell `$procdff$158' with positive edge clock.
Creating register for signal `\tmds_encoder.\word_invert_s3' using process `\tmds_encoder.$proc$/Users/rwalters/GitHub/gf180-tmds-tx/.loom/worktrees/issue-115/rtl/tmds_encoder.v:297$38'.
  created $dff cell `$procdff$159' with positive edge clock.
Creating register for signal `\tmds_encoder.\delta_keep_s3' using process `\tmds_encoder.$proc$/Users/rwalters/GitHub/gf180-tmds-tx/.loom/worktrees/issue-115/rtl/tmds_encoder.v:297$38'.
  created $dff cell `$procdff$160' with positive edge clock.
Creating register for signal `\tmds_encoder.\delta_invert_s3' using process `\tmds_encoder.$proc$/Users/rwalters/GitHub/gf180-tmds-tx/.loom/worktrees/issue-115/rtl/tmds_encoder.v:297$38'.
  created $dff cell `$procdff$161' with positive edge clock.
Creating register for signal `\tmds_encoder.\disp_zero_s3' using process `\tmds_encoder.$proc$/Users/rwalters/GitHub/gf180-tmds-tx/.loom/worktrees/issue-115/rtl/tmds_encoder.v:297$38'.
  created $dff cell `$procdff$162' with positive edge clock.
Creating register for signal `\tmds_encoder.\disp_pos_s3' using process `\tmds_encoder.$proc$/Users/rwalters/GitHub/gf180-tmds-tx/.loom/worktrees/issue-115/rtl/tmds_encoder.v:297$38'.
  created $dff cell `$procdff$163' with positive edge clock.
Creating register for signal `\tmds_encoder.\qm8_s3' using process `\tmds_encoder.$proc$/Users/rwalters/GitHub/gf180-tmds-tx/.loom/worktrees/issue-115/rtl/tmds_encoder.v:297$38'.
  created $dff cell `$procdff$164' with positive edge clock.
Creating register for signal `\tmds_encoder.\de_s3' using process `\tmds_encoder.$proc$/Users/rwalters/GitHub/gf180-tmds-tx/.loom/worktrees/issue-115/rtl/tmds_encoder.v:297$38'.
  created $dff cell `$procdff$165' with positive edge clock.
Creating register for signal `\tmds_encoder.\ctrl_s3' using process `\tmds_encoder.$proc$/Users/rwalters/GitHub/gf180-tmds-tx/.loom/worktrees/issue-115/rtl/tmds_encoder.v:297$38'.
  created $dff cell `$procdff$166' with positive edge clock.
Creating register for signal `\tmds_encoder.\qm_s2' using process `\tmds_encoder.$proc$/Users/rwalters/GitHub/gf180-tmds-tx/.loom/worktrees/issue-115/rtl/tmds_encoder.v:249$31'.
  created $dff cell `$procdff$167' with positive edge clock.
Creating register for signal `\tmds_encoder.\de_s2' using process `\tmds_encoder.$proc$/Users/rwalters/GitHub/gf180-tmds-tx/.loom/worktrees/issue-115/rtl/tmds_encoder.v:249$31'.
  created $dff cell `$procdff$168' with positive edge clock.
Creating register for signal `\tmds_encoder.\ctrl_s2' using process `\tmds_encoder.$proc$/Users/rwalters/GitHub/gf180-tmds-tx/.loom/worktrees/issue-115/rtl/tmds_encoder.v:249$31'.
  created $dff cell `$procdff$169' with positive edge clock.
Creating register for signal `\tmds_encoder.\d_s1' using process `\tmds_encoder.$proc$/Users/rwalters/GitHub/gf180-tmds-tx/.loom/worktrees/issue-115/rtl/tmds_encoder.v:188$10'.
  created $dff cell `$procdff$170' with positive edge clock.
Creating register for signal `\tmds_encoder.\use_xnor_s1' using process `\tmds_encoder.$proc$/Users/rwalters/GitHub/gf180-tmds-tx/.loom/worktrees/issue-115/rtl/tmds_encoder.v:188$10'.
  created $dff cell `$procdff$171' with positive edge clock.
Creating register for signal `\tmds_encoder.\de_s1' using process `\tmds_encoder.$proc$/Users/rwalters/GitHub/gf180-tmds-tx/.loom/worktrees/issue-115/rtl/tmds_encoder.v:188$10'.
  created $dff cell `$procdff$172' with positive edge clock.
Creating register for signal `\tmds_encoder.\ctrl_s1' using process `\tmds_encoder.$proc$/Users/rwalters/GitHub/gf180-tmds-tx/.loom/worktrees/issue-115/rtl/tmds_encoder.v:188$10'.
  created $dff cell `$procdff$173' with positive edge clock.

3.10. Executing PROC_MEMWR pass (convert process memory writes to cells).

3.11. Executing PROC_CLEAN pass (remove empty switches from decision trees).
Removing empty process `tmds_encoder.$proc$/Users/rwalters/GitHub/gf180-tmds-tx/.loom/worktrees/issue-115/rtl/tmds_encoder.v:274$74'.
Removing empty process `tmds_encoder.$proc$/Users/rwalters/GitHub/gf180-tmds-tx/.loom/worktrees/issue-115/rtl/tmds_encoder.v:180$57'.
Found and cleaned up 2 empty switches in `\tmds_encoder.$proc$/Users/rwalters/GitHub/gf180-tmds-tx/.loom/worktrees/issue-115/rtl/tmds_encoder.v:350$54'.
Removing empty process `tmds_encoder.$proc$/Users/rwalters/GitHub/gf180-tmds-tx/.loom/worktrees/issue-115/rtl/tmds_encoder.v:350$54'.
Found and cleaned up 1 empty switch in `\tmds_encoder.$proc$/Users/rwalters/GitHub/gf180-tmds-tx/.loom/worktrees/issue-115/rtl/tmds_encoder.v:341$53'.
Removing empty process `tmds_encoder.$proc$/Users/rwalters/GitHub/gf180-tmds-tx/.loom/worktrees/issue-115/rtl/tmds_encoder.v:341$53'.
Found and cleaned up 1 empty switch in `\tmds_encoder.$proc$/Users/rwalters/GitHub/gf180-tmds-tx/.loom/worktrees/issue-115/rtl/tmds_encoder.v:297$38'.
Removing empty process `tmds_encoder.$proc$/Users/rwalters/GitHub/gf180-tmds-tx/.loom/worktrees/issue-115/rtl/tmds_encoder.v:297$38'.
Found and cleaned up 1 empty switch in `\tmds_encoder.$proc$/Users/rwalters/GitHub/gf180-tmds-tx/.loom/worktrees/issue-115/rtl/tmds_encoder.v:249$31'.
Removing empty process `tmds_encoder.$proc$/Users/rwalters/GitHub/gf180-tmds-tx/.loom/worktrees/issue-115/rtl/tmds_encoder.v:249$31'.
Found and cleaned up 1 empty switch in `\tmds_encoder.$proc$/Users/rwalters/GitHub/gf180-tmds-tx/.loom/worktrees/issue-115/rtl/tmds_encoder.v:188$10'.
Removing empty process `tmds_encoder.$proc$/Users/rwalters/GitHub/gf180-tmds-tx/.loom/worktrees/issue-115/rtl/tmds_encoder.v:188$10'.
Cleaned up 6 empty switches.

3.12. Executing OPT_EXPR pass (perform const folding).
Optimizing module tmds_encoder.
<suppressed ~4 debug messages>

4. Executing OPT pass (performing simple optimizations).

4.1. Executing OPT_EXPR pass (perform const folding).
Optimizing module tmds_encoder.

4.2. Executing OPT_MERGE pass (detect identical cells).
Finding identical cells in module `\tmds_encoder'.
Computing hashes of 102 cells of `\tmds_encoder'.
Finding duplicate cells in `\tmds_encoder'.
Removed a total of 0 cells.

4.3. Executing OPT_MUXTREE pass (detect dead branches in mux trees).
Running muxtree optimizer on module \tmds_encoder..
  Creating internal representation of mux trees.
  Evaluating internal representation of mux trees.
  Analyzing evaluation results.
Removed 0 multiplexer ports.
<suppressed ~47 debug messages>

4.4. Executing OPT_REDUCE pass (consolidate $*mux and $reduce_* inputs).
  Optimizing cells in module \tmds_encoder.
Performed a total of 0 changes.

4.5. Executing OPT_MERGE pass (detect identical cells).
Finding identical cells in module `\tmds_encoder'.
Computing hashes of 102 cells of `\tmds_encoder'.
Finding duplicate cells in `\tmds_encoder'.
Removed a total of 0 cells.

4.6. Executing OPT_DFF pass (perform DFF optimizations).
Adding SRST signal on $procdff$173 ($dff) from module tmds_encoder (D = \ctrl, Q = \ctrl_s1, rval = 2'00).
Adding SRST signal on $procdff$156 ($dff) from module tmds_encoder (D = $procmux$98_Y, Q = \tmds, rval = 10'1101010100).
Adding SRST signal on $procdff$157 ($dff) from module tmds_encoder (D = $ternary$/Users/rwalters/GitHub/gf180-tmds-tx/.loom/worktrees/issue-115/rtl/tmds_encoder.v:356$56_Y, Q = \cnt, rval = 8'00000000).
Adding SRST signal on $procdff$158 ($dff) from module tmds_encoder (D = \qm_s2, Q = \word_keep_s3 [8:0], rval = 9'000000000).
Adding SRST signal on $procdff$159 ($dff) from module tmds_encoder (D = { \qm_s2 [8] $not$/Users/rwalters/GitHub/gf180-tmds-tx/.loom/worktrees/issue-115/rtl/tmds_encoder.v:278$33_Y }, Q = \word_invert_s3 [8:0], rval = 9'000000000).
Adding SRST signal on $procdff$160 ($dff) from module tmds_encoder (D = $sub$/Users/rwalters/GitHub/gf180-tmds-tx/.loom/worktrees/issue-115/rtl/tmds_encoder.v:284$35_Y, Q = \delta_keep_s3, rval = 8'00000000).
Adding SRST signal on $procdff$161 ($dff) from module tmds_encoder (D = $sub$/Users/rwalters/GitHub/gf180-tmds-tx/.loom/worktrees/issue-115/rtl/tmds_encoder.v:285$37_Y, Q = \delta_invert_s3, rval = 8'00000000).
Adding SRST signal on $procdff$162 ($dff) from module tmds_encoder (D = $eq$/Users/rwalters/GitHub/gf180-tmds-tx/.loom/worktrees/issue-115/rtl/tmds_encoder.v:313$39_Y, Q = \disp_zero_s3, rval = 1'0).
Adding SRST signal on $procdff$163 ($dff) from module tmds_encoder (D = $gt$/Users/rwalters/GitHub/gf180-tmds-tx/.loom/worktrees/issue-115/rtl/tmds_encoder.v:314$40_Y, Q = \disp_pos_s3, rval = 1'0).
Adding SRST signal on $procdff$164 ($dff) from module tmds_encoder (D = \qm_s2 [8], Q = \qm8_s3, rval = 1'0).
Adding SRST signal on $procdff$165 ($dff) from module tmds_encoder (D = \de_s2, Q = \de_s3, rval = 1'0).
Adding SRST signal on $procdff$166 ($dff) from module tmds_encoder (D = \ctrl_s2, Q = \ctrl_s3, rval = 2'00).
Adding SRST signal on $procdff$167 ($dff) from module tmds_encoder (D = { $not$/Users/rwalters/GitHub/gf180-tmds-tx/.loom/worktrees/issue-115/rtl/tmds_encoder.v:243$30_Y $xor$/Users/rwalters/GitHub/gf180-tmds-tx/.loom/worktrees/issue-115/rtl/tmds_encoder.v:243$29_Y }, Q = \qm_s2, rval = 9'000000000).
Adding SRST signal on $procdff$168 ($dff) from module tmds_encoder (D = \de_s1, Q = \de_s2, rval = 1'0).
Adding SRST signal on $procdff$169 ($dff) from module tmds_encoder (D = \ctrl_s1, Q = \ctrl_s2, rval = 2'00).
Adding SRST signal on $procdff$170 ($dff) from module tmds_encoder (D = \data, Q = \d_s1, rval = 8'00000000).
Adding SRST signal on $procdff$171 ($dff) from module tmds_encoder (D = $logic_or$/Users/rwalters/GitHub/gf180-tmds-tx/.loom/worktrees/issue-115/rtl/tmds_encoder.v:181$9_Y, Q = \use_xnor_s1, rval = 1'0).
Adding SRST signal on $procdff$172 ($dff) from module tmds_encoder (D = \de, Q = \de_s1, rval = 1'0).

4.7. Executing OPT_CLEAN pass (remove unused cells and wires).
Finding unused cells or wires in module \tmds_encoder..
Removed 17 unused cells and 113 unused wires.
<suppressed ~18 debug messages>

4.8. Executing OPT_EXPR pass (perform const folding).
Optimizing module tmds_encoder.

4.9. Rerunning OPT passes. (Maybe there is more to do..)

4.10. Executing OPT_MUXTREE pass (detect dead branches in mux trees).
Running muxtree optimizer on module \tmds_encoder..
  Creating internal representation of mux trees.
  Evaluating internal representation of mux trees.
  Analyzing evaluation results.
Removed 0 multiplexer ports.
<suppressed ~16 debug messages>

4.11. Executing OPT_REDUCE pass (consolidate $*mux and $reduce_* inputs).
  Optimizing cells in module \tmds_encoder.
Performed a total of 0 changes.

4.12. Executing OPT_MERGE pass (detect identical cells).
Finding identical cells in module `\tmds_encoder'.
Computing hashes of 89 cells of `\tmds_encoder'.
Finding duplicate cells in `\tmds_encoder'.
Removed a total of 0 cells.

4.13. Executing OPT_DFF pass (perform DFF optimizations).

4.14. Executing OPT_CLEAN pass (remove unused cells and wires).
Finding unused cells or wires in module \tmds_encoder..

4.15. Executing OPT_EXPR pass (perform const folding).
Optimizing module tmds_encoder.

4.16. Finished fast OPT passes. (There is nothing left to do.)

5. Executing FSM pass (extract and optimize FSM).

5.1. Executing FSM_DETECT pass (finding FSMs in design).

5.2. Executing FSM_EXTRACT pass (extracting FSM from design).

5.3. Executing FSM_OPT pass (simple optimizations of FSMs).

5.4. Executing OPT_CLEAN pass (remove unused cells and wires).
Finding unused cells or wires in module \tmds_encoder..

5.5. Executing FSM_OPT pass (simple optimizations of FSMs).

5.6. Executing FSM_RECODE pass (re-assigning FSM state encoding).

5.7. Executing FSM_INFO pass (dumping all available information on FSM cells).

5.8. Executing FSM_MAP pass (mapping FSMs to basic logic).

6. Executing OPT pass (performing simple optimizations).

6.1. Executing OPT_EXPR pass (perform const folding).
Optimizing module tmds_encoder.

6.2. Executing OPT_MERGE pass (detect identical cells).
Finding identical cells in module `\tmds_encoder'.
Computing hashes of 89 cells of `\tmds_encoder'.
Finding duplicate cells in `\tmds_encoder'.
Removed a total of 0 cells.

6.3. Executing OPT_MUXTREE pass (detect dead branches in mux trees).
Running muxtree optimizer on module \tmds_encoder..
  Creating internal representation of mux trees.
  Evaluating internal representation of mux trees.
  Analyzing evaluation results.
Removed 0 multiplexer ports.
<suppressed ~16 debug messages>

6.4. Executing OPT_REDUCE pass (consolidate $*mux and $reduce_* inputs).
  Optimizing cells in module \tmds_encoder.
Performed a total of 0 changes.

6.5. Executing OPT_MERGE pass (detect identical cells).
Finding identical cells in module `\tmds_encoder'.
Computing hashes of 89 cells of `\tmds_encoder'.
Finding duplicate cells in `\tmds_encoder'.
Removed a total of 0 cells.

6.6. Executing OPT_DFF pass (perform DFF optimizations).

6.7. Executing OPT_CLEAN pass (remove unused cells and wires).
Finding unused cells or wires in module \tmds_encoder..

6.8. Executing OPT_EXPR pass (perform const folding).
Optimizing module tmds_encoder.

6.9. Finished fast OPT passes. (There is nothing left to do.)

7. Executing MEMORY pass.

7.1. Executing OPT_MEM pass (optimize memories).
Performed a total of 0 transformations.

7.2. Executing OPT_MEM_PRIORITY pass (removing unnecessary memory write priority relations).
Performed a total of 0 transformations.

7.3. Executing OPT_MEM_FEEDBACK pass (finding memory read-to-write feedback paths).

7.4. Executing MEMORY_BMUX2ROM pass (converting muxes to ROMs).

7.5. Executing MEMORY_DFF pass (merging $dff cells to $memrd).

7.6. Executing OPT_CLEAN pass (remove unused cells and wires).
Finding unused cells or wires in module \tmds_encoder..

7.7. Executing MEMORY_SHARE pass (consolidating $memrd/$memwr cells).

7.8. Executing OPT_MEM_WIDEN pass (optimize memories where all ports are wide).
Performed a total of 0 transformations.

7.9. Executing OPT_CLEAN pass (remove unused cells and wires).
Finding unused cells or wires in module \tmds_encoder..

7.10. Executing MEMORY_COLLECT pass (generating $mem cells).

7.11. Executing MEMORY_MAP pass (converting memories to logic and flip-flops).

8. Executing OPT pass (performing simple optimizations).

8.1. Executing OPT_EXPR pass (perform const folding).
Optimizing module tmds_encoder.

8.2. Executing OPT_MERGE pass (detect identical cells).
Finding identical cells in module `\tmds_encoder'.
Computing hashes of 89 cells of `\tmds_encoder'.
Finding duplicate cells in `\tmds_encoder'.
Removed a total of 0 cells.

8.3. Executing OPT_MUXTREE pass (detect dead branches in mux trees).
Running muxtree optimizer on module \tmds_encoder..
  Creating internal representation of mux trees.
  Evaluating internal representation of mux trees.
  Analyzing evaluation results.
Removed 0 multiplexer ports.
<suppressed ~16 debug messages>

8.4. Executing OPT_REDUCE pass (consolidate $*mux and $reduce_* inputs).
  Optimizing cells in module \tmds_encoder.
Performed a total of 0 changes.

8.5. Executing OPT_MERGE pass (detect identical cells).
Finding identical cells in module `\tmds_encoder'.
Computing hashes of 89 cells of `\tmds_encoder'.
Finding duplicate cells in `\tmds_encoder'.
Removed a total of 0 cells.

8.6. Executing OPT_DFF pass (perform DFF optimizations).

8.7. Executing OPT_CLEAN pass (remove unused cells and wires).
Finding unused cells or wires in module \tmds_encoder..

8.8. Executing OPT_EXPR pass (perform const folding).
Optimizing module tmds_encoder.

8.9. Finished fast OPT passes. (There is nothing left to do.)

9. Executing TECHMAP pass (map to technology primitives).

9.1. Executing Verilog-2005 frontend: /OpenROAD-flow-scripts/tools/install/yosys/bin/../share/yosys/techmap.v
Parsing Verilog input from `/OpenROAD-flow-scripts/tools/install/yosys/bin/../share/yosys/techmap.v' to AST representation.
Generating RTLIL representation for module `\_90_simplemap_bool_ops'.
Generating RTLIL representation for module `\_90_simplemap_reduce_ops'.
Generating RTLIL representation for module `\_90_simplemap_logic_ops'.
Generating RTLIL representation for module `\_90_simplemap_compare_ops'.
Generating RTLIL representation for module `\_90_simplemap_various'.
Generating RTLIL representation for module `\_90_simplemap_registers'.
Generating RTLIL representation for module `\_90_shift_ops_shr_shl_sshl_sshr'.
Generating RTLIL representation for module `\_90_shift_shiftx'.
Generating RTLIL representation for module `\_90_fa'.
Generating RTLIL representation for module `\_90_lcu_brent_kung'.
Generating RTLIL representation for module `\_90_alu'.
Generating RTLIL representation for module `\_90_macc'.
Generating RTLIL representation for module `\_90_alumacc'.
Generating RTLIL representation for module `$__div_mod_u'.
Generating RTLIL representation for module `$__div_mod_trunc'.
Generating RTLIL representation for module `\_90_div'.
Generating RTLIL representation for module `\_90_mod'.
Generating RTLIL representation for module `$__div_mod_floor'.
Generating RTLIL representation for module `\_90_divfloor'.
Generating RTLIL representation for module `\_90_modfloor'.
Generating RTLIL representation for module `\_90_pow'.
Generating RTLIL representation for module `\_90_demux'.
Generating RTLIL representation for module `\_90_lut'.
Generating RTLIL representation for module `$connect'.
Generating RTLIL representation for module `$input_port'.
Successfully finished Verilog frontend.

9.2. Continuing TECHMAP pass.
Using extmapper simplemap for cells of type $sdff.
Using extmapper simplemap for cells of type $dff.
Using extmapper simplemap for cells of type $reduce_or.
Using extmapper simplemap for cells of type $not.
Running "alumacc" on wrapper $extern:wrap:$gt:Y_WIDTH=1:B_WIDTH=4:A_WIDTH=4:B_SIGNED=0:A_SIGNED=0:394426c56d1a028ba8fdd5469b163e04011def47.
Using template $extern:wrap:$gt:Y_WIDTH=1:B_WIDTH=4:A_WIDTH=4:B_SIGNED=0:A_SIGNED=0:394426c56d1a028ba8fdd5469b163e04011def47 for cells of type $extern:wrap:$gt:Y_WIDTH=1:B_WIDTH=4:A_WIDTH=4:B_SIGNED=0:A_SIGNED=0:394426c56d1a028ba8fdd5469b163e04011def47.
Using extmapper simplemap for cells of type $eq.
Using extmapper simplemap for cells of type $logic_and.
Using extmapper simplemap for cells of type $logic_or.
Using extmapper simplemap for cells of type $xor.
Running "alumacc" on wrapper $extern:wrap:$sub:Y_WIDTH=8:B_WIDTH=8:A_WIDTH=8:B_SIGNED=1:A_SIGNED=1:394426c56d1a028ba8fdd5469b163e04011def47.
Using template $extern:wrap:$sub:Y_WIDTH=8:B_WIDTH=8:A_WIDTH=8:B_SIGNED=1:A_SIGNED=1:394426c56d1a028ba8fdd5469b163e04011def47 for cells of type $extern:wrap:$sub:Y_WIDTH=8:B_WIDTH=8:A_WIDTH=8:B_SIGNED=1:A_SIGNED=1:394426c56d1a028ba8fdd5469b163e04011def47.
Using extmapper simplemap for cells of type $mux.
Using extmapper simplemap for cells of type $logic_not.
Running "alumacc" on wrapper $extern:wrap:$gt:Y_WIDTH=1:B_WIDTH=8:A_WIDTH=8:B_SIGNED=1:A_SIGNED=1:394426c56d1a028ba8fdd5469b163e04011def47.
Using template $extern:wrap:$gt:Y_WIDTH=1:B_WIDTH=8:A_WIDTH=8:B_SIGNED=1:A_SIGNED=1:394426c56d1a028ba8fdd5469b163e04011def47 for cells of type $extern:wrap:$gt:Y_WIDTH=1:B_WIDTH=8:A_WIDTH=8:B_SIGNED=1:A_SIGNED=1:394426c56d1a028ba8fdd5469b163e04011def47.
Using extmapper simplemap for cells of type $and.
Using extmapper simplemap for cells of type $or.
Running "alumacc" on wrapper $extern:wrap:$add:Y_WIDTH=8:B_WIDTH=8:A_WIDTH=8:B_SIGNED=1:A_SIGNED=1:394426c56d1a028ba8fdd5469b163e04011def47.
Using template $extern:wrap:$add:Y_WIDTH=8:B_WIDTH=8:A_WIDTH=8:B_SIGNED=1:A_SIGNED=1:394426c56d1a028ba8fdd5469b163e04011def47 for cells of type $extern:wrap:$add:Y_WIDTH=8:B_WIDTH=8:A_WIDTH=8:B_SIGNED=1:A_SIGNED=1:394426c56d1a028ba8fdd5469b163e04011def47.
Running "alumacc" on wrapper $extern:wrap:$add:Y_WIDTH=2:B_WIDTH=1:A_WIDTH=1:B_SIGNED=0:A_SIGNED=0:394426c56d1a028ba8fdd5469b163e04011def47.
Using template $extern:wrap:$add:Y_WIDTH=2:B_WIDTH=1:A_WIDTH=1:B_SIGNED=0:A_SIGNED=0:394426c56d1a028ba8fdd5469b163e04011def47 for cells of type $extern:wrap:$add:Y_WIDTH=2:B_WIDTH=1:A_WIDTH=1:B_SIGNED=0:A_SIGNED=0:394426c56d1a028ba8fdd5469b163e04011def47.
Running "alumacc" on wrapper $extern:wrap:$add:Y_WIDTH=3:B_WIDTH=2:A_WIDTH=2:B_SIGNED=0:A_SIGNED=0:394426c56d1a028ba8fdd5469b163e04011def47.
Using template $extern:wrap:$add:Y_WIDTH=3:B_WIDTH=2:A_WIDTH=2:B_SIGNED=0:A_SIGNED=0:394426c56d1a028ba8fdd5469b163e04011def47 for cells of type $extern:wrap:$add:Y_WIDTH=3:B_WIDTH=2:A_WIDTH=2:B_SIGNED=0:A_SIGNED=0:394426c56d1a028ba8fdd5469b163e04011def47.
Running "alumacc" on wrapper $extern:wrap:$add:Y_WIDTH=4:B_WIDTH=3:A_WIDTH=3:B_SIGNED=0:A_SIGNED=0:394426c56d1a028ba8fdd5469b163e04011def47.
Using template $extern:wrap:$add:Y_WIDTH=4:B_WIDTH=3:A_WIDTH=3:B_SIGNED=0:A_SIGNED=0:394426c56d1a028ba8fdd5469b163e04011def47 for cells of type $extern:wrap:$add:Y_WIDTH=4:B_WIDTH=3:A_WIDTH=3:B_SIGNED=0:A_SIGNED=0:394426c56d1a028ba8fdd5469b163e04011def47.
Using extmapper simplemap for cells of type $pmux.
Using extmapper simplemap for cells of type $reduce_and.
Using template $paramod$1d1e68f77481583066c6d429218f48ea9d5739b3\_90_alu for cells of type $alu.
Using template $paramod$649fc39eef2451024566705288528c8671211199\_90_alu for cells of type $alu.
Using template $paramod$0563fff2c395e9892f21c131fa33d5e0ad144e72\_90_alu for cells of type $alu.
Using template $paramod$740b056ede97228d3eae64ea2fdc81f0a33e0fe7\_90_alu for cells of type $alu.
Using template $paramod$08c2d337fba0d8fba53e35b89be96dd105931d9e\_90_alu for cells of type $alu.
Using template $paramod\_90_fa\WIDTH=32'00000000000000000000000000000010 for cells of type $fa.
Using template $paramod\_90_lcu_brent_kung\WIDTH=32'00000000000000000000000000000010 for cells of type $lcu.
Using extmapper simplemap for cells of type $pos.
Using template $paramod\_90_fa\WIDTH=32'00000000000000000000000000000011 for cells of type $fa.
Using template $paramod\_90_lcu_brent_kung\WIDTH=32'00000000000000000000000000000011 for cells of type $lcu.
Using template $paramod\_90_fa\WIDTH=32'00000000000000000000000000000100 for cells of type $fa.
Using template $paramod\_90_lcu_brent_kung\WIDTH=32'00000000000000000000000000000100 for cells of type $lcu.
Using template $paramod\_90_fa\WIDTH=32'00000000000000000000000000001000 for cells of type $fa.
Using template $paramod\_90_lcu_brent_kung\WIDTH=32'00000000000000000000000000001000 for cells of type $lcu.
No more expansions possible.
<suppressed ~1422 debug messages>

10. Executing OPT pass (performing simple optimizations).

10.1. Executing OPT_EXPR pass (perform const folding).
Optimizing module tmds_encoder.
<suppressed ~831 debug messages>

10.2. Executing OPT_MERGE pass (detect identical cells).
Finding identical cells in module `\tmds_encoder'.
Computing hashes of 562 cells of `\tmds_encoder'.
Finding duplicate cells in `\tmds_encoder'.
Computing hashes of 528 cells of `\tmds_encoder'.
Finding duplicate cells in `\tmds_encoder'.
Computing hashes of 516 cells of `\tmds_encoder'.
Finding duplicate cells in `\tmds_encoder'.
Computing hashes of 514 cells of `\tmds_encoder'.
Finding duplicate cells in `\tmds_encoder'.
<suppressed ~144 debug messages>
Removed a total of 48 cells.

10.3. Executing OPT_MUXTREE pass (detect dead branches in mux trees).
Running muxtree optimizer on module \tmds_encoder..
  Creating internal representation of mux trees.
  No muxes found in this module.
Removed 0 multiplexer ports.

10.4. Executing OPT_REDUCE pass (consolidate $*mux and $reduce_* inputs).
  Optimizing cells in module \tmds_encoder.
Performed a total of 0 changes.

10.5. Executing OPT_MERGE pass (detect identical cells).
Finding identical cells in module `\tmds_encoder'.
Computing hashes of 514 cells of `\tmds_encoder'.
Finding duplicate cells in `\tmds_encoder'.
Removed a total of 0 cells.

10.6. Executing OPT_DFF pass (perform DFF optimizations).
Setting constant 0-bit at position 0 on $auto$ff.cc:337:slice$305 ($_SDFF_PP0_) from module tmds_encoder.
Setting constant 0-bit at position 0 on $auto$ff.cc:337:slice$323 ($_DFF_P_) from module tmds_encoder.

10.7. Executing OPT_CLEAN pass (remove unused cells and wires).
Finding unused cells or wires in module \tmds_encoder..
Removed 82 unused cells and 1164 unused wires.
<suppressed ~83 debug messages>

10.8. Executing OPT_EXPR pass (perform const folding).
Optimizing module tmds_encoder.
<suppressed ~10 debug messages>

10.9. Rerunning OPT passes. (Maybe there is more to do..)

10.10. Executing OPT_MUXTREE pass (detect dead branches in mux trees).
Running muxtree optimizer on module \tmds_encoder..
  Creating internal representation of mux trees.
  No muxes found in this module.
Removed 0 multiplexer ports.

10.11. Executing OPT_REDUCE pass (consolidate $*mux and $reduce_* inputs).
  Optimizing cells in module \tmds_encoder.
Performed a total of 0 changes.

10.12. Executing OPT_MERGE pass (detect identical cells).
Finding identical cells in module `\tmds_encoder'.
Computing hashes of 420 cells of `\tmds_encoder'.
Finding duplicate cells in `\tmds_encoder'.
Removed a total of 0 cells.

10.13. Executing OPT_DFF pass (perform DFF optimizations).

10.14. Executing OPT_CLEAN pass (remove unused cells and wires).
Finding unused cells or wires in module \tmds_encoder..
Removed 0 unused cells and 2 unused wires.
<suppressed ~1 debug messages>

10.15. Executing OPT_EXPR pass (perform const folding).
Optimizing module tmds_encoder.

10.16. Rerunning OPT passes. (Maybe there is more to do..)

10.17. Executing OPT_MUXTREE pass (detect dead branches in mux trees).
Running muxtree optimizer on module \tmds_encoder..
  Creating internal representation of mux trees.
  No muxes found in this module.
Removed 0 multiplexer ports.

10.18. Executing OPT_REDUCE pass (consolidate $*mux and $reduce_* inputs).
  Optimizing cells in module \tmds_encoder.
Performed a total of 0 changes.

10.19. Executing OPT_MERGE pass (detect identical cells).
Finding identical cells in module `\tmds_encoder'.
Computing hashes of 420 cells of `\tmds_encoder'.
Finding duplicate cells in `\tmds_encoder'.
Removed a total of 0 cells.

10.20. Executing OPT_DFF pass (perform DFF optimizations).
Handling D = Q on $auto$ff.cc:337:slice$336 ($_SDFF_PP0_) from module tmds_encoder (conecting SRST instead).
Setting constant 0-bit at position 0 on $auto$ff.cc:337:slice$336 ($_DFFE_PP_) from module tmds_encoder.

10.21. Executing OPT_CLEAN pass (remove unused cells and wires).
Finding unused cells or wires in module \tmds_encoder..

10.22. Executing OPT_EXPR pass (perform const folding).
Optimizing module tmds_encoder.
<suppressed ~3 debug messages>

10.23. Rerunning OPT passes. (Maybe there is more to do..)

10.24. Executing OPT_MUXTREE pass (detect dead branches in mux trees).
Running muxtree optimizer on module \tmds_encoder..
  Creating internal representation of mux trees.
  No muxes found in this module.
Removed 0 multiplexer ports.

10.25. Executing OPT_REDUCE pass (consolidate $*mux and $reduce_* inputs).
  Optimizing cells in module \tmds_encoder.
Performed a total of 0 changes.

10.26. Executing OPT_MERGE pass (detect identical cells).
Finding identical cells in module `\tmds_encoder'.
Computing hashes of 416 cells of `\tmds_encoder'.
Finding duplicate cells in `\tmds_encoder'.
Removed a total of 0 cells.

10.27. Executing OPT_DFF pass (perform DFF optimizations).

10.28. Executing OPT_CLEAN pass (remove unused cells and wires).
Finding unused cells or wires in module \tmds_encoder..

10.29. Executing OPT_EXPR pass (perform const folding).
Optimizing module tmds_encoder.

10.30. Finished fast OPT passes. (There is nothing left to do.)

11. Executing DFFLIBMAP pass (mapping DFF cells to sequential cells from liberty file).
  cell gf180mcu_fd_sc_mcu9t5v0__dffnq_1 (noninv, pins=3, area=84.67) is a direct match for cell type $_DFF_N_.
  cell gf180mcu_fd_sc_mcu9t5v0__dffq_1 (noninv, pins=3, area=79.03) is a direct match for cell type $_DFF_P_.
  cell gf180mcu_fd_sc_mcu9t5v0__dffnrnq_1 (noninv, pins=4, area=90.32) is a direct match for cell type $_DFF_NN0_.
  cell gf180mcu_fd_sc_mcu9t5v0__dffnsnq_1 (noninv, pins=4, area=101.61) is a direct match for cell type $_DFF_NN1_.
  cell gf180mcu_fd_sc_mcu9t5v0__dffrnq_1 (noninv, pins=4, area=90.32) is a direct match for cell type $_DFF_PN0_.
  cell gf180mcu_fd_sc_mcu9t5v0__dffsnq_1 (noninv, pins=4, area=101.61) is a direct match for cell type $_DFF_PN1_.
  cell gf180mcu_fd_sc_mcu9t5v0__dffnrsnq_1 (noninv, pins=5, area=107.25) is a direct match for cell type $_DFFSR_NNN_.
  cell gf180mcu_fd_sc_mcu9t5v0__dffrsnq_1 (noninv, pins=5, area=104.43) is a direct match for cell type $_DFFSR_PNN_.
  final dff cell mappings:
    \gf180mcu_fd_sc_mcu9t5v0__dffnq_1 _DFF_N_ (.CLKN( C), .D( D), .Q( Q));
    \gf180mcu_fd_sc_mcu9t5v0__dffq_1 _DFF_P_ (.CLK( C), .D( D), .Q( Q));
    \gf180mcu_fd_sc_mcu9t5v0__dffnrnq_1 _DFF_NN0_ (.CLKN( C), .D( D), .Q( Q), .RN( R));
    \gf180mcu_fd_sc_mcu9t5v0__dffnsnq_1 _DFF_NN1_ (.CLKN( C), .D( D), .Q( Q), .SETN( R));
    unmapped dff cell: $_DFF_NP0_
    unmapped dff cell: $_DFF_NP1_
    \gf180mcu_fd_sc_mcu9t5v0__dffrnq_1 _DFF_PN0_ (.CLK( C), .D( D), .Q( Q), .RN( R));
    \gf180mcu_fd_sc_mcu9t5v0__dffsnq_1 _DFF_PN1_ (.CLK( C), .D( D), .Q( Q), .SETN( R));
    unmapped dff cell: $_DFF_PP0_
    unmapped dff cell: $_DFF_PP1_
    unmapped dff cell: $_DFFE_NN_
    unmapped dff cell: $_DFFE_NP_
    unmapped dff cell: $_DFFE_PN_
    unmapped dff cell: $_DFFE_PP_
    \gf180mcu_fd_sc_mcu9t5v0__dffnrsnq_1 _DFFSR_NNN_ (.CLKN( C), .D( D), .Q( Q), .RN( R), .SETN( S));
    unmapped dff cell: $_DFFSR_NNP_
    unmapped dff cell: $_DFFSR_NPN_
    unmapped dff cell: $_DFFSR_NPP_
    \gf180mcu_fd_sc_mcu9t5v0__dffrsnq_1 _DFFSR_PNN_ (.CLK( C), .D( D), .Q( Q), .RN( R), .SETN( S));
    unmapped dff cell: $_DFFSR_PNP_
    unmapped dff cell: $_DFFSR_PPN_
    unmapped dff cell: $_DFFSR_PPP_

11.1. Executing DFFLEGALIZE pass (convert FFs to types supported by the target).
<suppressed ~12 debug messages>
Mapping DFF cells in module `\tmds_encoder':
  mapped 78 $_DFF_P_ cells to \gf180mcu_fd_sc_mcu9t5v0__dffq_1 cells.

12. Executing ABC pass (technology mapping using ABC).

12.1. Extracting gate netlist of module `\tmds_encoder' to `<abc-temp-dir>/input.blif'..

12.1.1. Executed ABC.
Extracted 415 gates and 497 wires to a netlist network with 80 inputs and 78 outputs.
Running ABC script: <abc-temp-dir>/abc.script
ABC: UC Berkeley, ABC 1.01 (compiled 0 0)
ABC: abc 01> empty
ABC: abc 01> source <abc-temp-dir>/abc.script
ABC: + read_blif <abc-temp-dir>/input.blif 
ABC: + read_scl /tmp/yosys-liberty-scl-cache/yosys_merged_04a7478b.scl 
ABC: Warning: Detected 6 multi-output cells (for example, "gf180mcu_fd_sc_mcu9t5v0__addf_1").
ABC: + read_constr -v /Users/rwalters/GitHub/gf180-tmds-tx/.loom/worktrees/issue-115/flow/tmds_encoder/reports/20260817-105547-049c240.synth.constr 
ABC: Setting driving cell to be "gf180mcu_fd_sc_mcu9t5v0__inv_1".
ABC: Setting output load to be 27.252001.
ABC: + source /Users/rwalters/GitHub/gf180-tmds-tx/.loom/worktrees/issue-115/flow/tmds_encoder/reports/20260817-105547-049c240.synth.abc 
ABC: Warning: The network is combinational (run "fraig" or "fraig_sweep").
ABC: WireLoad = "none"  Gates =    264 (  4.9 %)   Cap = 17.7 ff (  7.8 %)   Area =     6135.90 ( 80.3 %)   Delay =  9942.64 ps  ( 12.5 %)               
ABC: Path  0 --       3 : 0    6 pi                                A =   0.00  Df = 668.8 -336.8 ps  S =1298.4 ps  Cin =  0.0 ff  Cout =  41.2 ff  Cmax =   0.0 ff  G =    0  
ABC: Path  1 --     213 : 2    3 gf180mcu_fd_sc_mcu9t5v0__xor2_1   A =  33.87  Df =2231.9 -433.0 ps  S =1568.9 ps  Cin = 10.6 ff  Cout =  18.4 ff  Cmax = 221.7 ff  G =  174  
ABC: Path  2 --     215 : 5    3 gf180mcu_fd_sc_mcu9t5v0__aoi221_1 A =  31.05  Df =4307.5-1644.1 ps  S =2525.5 ps  Cin =  6.4 ff  Cout =  16.7 ff  Cmax = 174.4 ff  G =  261  
ABC: Path  3 --     217 : 4    3 gf180mcu_fd_sc_mcu9t5v0__oai31_1  A =  28.22  Df =5332.3 -636.9 ps  S =2740.7 ps  Cin =  6.6 ff  Cout =  23.5 ff  Cmax = 143.4 ff  G =  355  
ABC: Path  4 --     220 : 4    3 gf180mcu_fd_sc_mcu9t5v0__oai211_1 A =  28.22  Df =6561.5 -804.4 ps  S =1477.7 ps  Cin =  6.4 ff  Cout =  17.4 ff  Cmax = 220.2 ff  G =  274  
ABC: Path  5 --     375 : 3    1 gf180mcu_fd_sc_mcu9t5v0__aoi21_1  A =  22.58  Df =6853.6 -251.9 ps  S = 783.1 ps  Cin =  6.6 ff  Cout =   3.5 ff  Cmax = 222.5 ff  G =   53  
ABC: Path  6 --     376 : 3    1 gf180mcu_fd_sc_mcu9t5v0__or3_1    A =  31.05  Df =8574.1 -258.6 ps  S = 503.0 ps  Cin =  3.6 ff  Cout =   6.8 ff  Cmax = 460.1 ff  G =  191  
ABC: Path  7 --     377 : 3    1 gf180mcu_fd_sc_mcu9t5v0__aoi21_1  A =  22.58  Df =9942.6-1031.8 ps  S =2037.8 ps  Cin =  6.6 ff  Cout =  27.3 ff  Cmax = 222.5 ff  G =  412  
ABC: Start-point = pi2 (\cnt [2]).  End-point = po62 ($auto$rtlil.cc:3513:MuxGate$2072).
ABC: + write_blif <abc-temp-dir>/output.blif 
ABC: 
ABC: YOSYS_ABC_DONE 

12.1.2. Re-integrating ABC results.
ABC RESULTS:   gf180mcu_fd_sc_mcu9t5v0__and2_1 cells:       40
ABC RESULTS:   gf180mcu_fd_sc_mcu9t5v0__and3_1 cells:        3
ABC RESULTS:   gf180mcu_fd_sc_mcu9t5v0__and4_1 cells:        3
ABC RESULTS:   gf180mcu_fd_sc_mcu9t5v0__aoi211_1 cells:        4
ABC RESULTS:   gf180mcu_fd_sc_mcu9t5v0__aoi21_1 cells:       20
ABC RESULTS:   gf180mcu_fd_sc_mcu9t5v0__aoi221_1 cells:        1
ABC RESULTS:   gf180mcu_fd_sc_mcu9t5v0__aoi22_1 cells:        4
ABC RESULTS:   gf180mcu_fd_sc_mcu9t5v0__buf_1 cells:        9
ABC RESULTS:   gf180mcu_fd_sc_mcu9t5v0__clkinv_1 cells:        4
ABC RESULTS:   gf180mcu_fd_sc_mcu9t5v0__mux2_1 cells:        1
ABC RESULTS:   gf180mcu_fd_sc_mcu9t5v0__nand2_1 cells:       42
ABC RESULTS:   gf180mcu_fd_sc_mcu9t5v0__nand3_1 cells:        8
ABC RESULTS:   gf180mcu_fd_sc_mcu9t5v0__nor2_1 cells:       43
ABC RESULTS:   gf180mcu_fd_sc_mcu9t5v0__nor3_1 cells:        3
ABC RESULTS:   gf180mcu_fd_sc_mcu9t5v0__nor3_2 cells:        1
ABC RESULTS:   gf180mcu_fd_sc_mcu9t5v0__nor4_1 cells:        1
ABC RESULTS:   gf180mcu_fd_sc_mcu9t5v0__oai211_1 cells:        5
ABC RESULTS:   gf180mcu_fd_sc_mcu9t5v0__oai211_2 cells:        1
ABC RESULTS:   gf180mcu_fd_sc_mcu9t5v0__oai21_1 cells:       13
ABC RESULTS:   gf180mcu_fd_sc_mcu9t5v0__oai22_1 cells:        3
ABC RESULTS:   gf180mcu_fd_sc_mcu9t5v0__oai31_1 cells:        3
ABC RESULTS:   gf180mcu_fd_sc_mcu9t5v0__or2_1 cells:        7
ABC RESULTS:   gf180mcu_fd_sc_mcu9t5v0__or2_2 cells:        1
ABC RESULTS:   gf180mcu_fd_sc_mcu9t5v0__or3_1 cells:        3
ABC RESULTS:   gf180mcu_fd_sc_mcu9t5v0__or4_1 cells:        1
ABC RESULTS:   gf180mcu_fd_sc_mcu9t5v0__xnor2_1 cells:       19
ABC RESULTS:   gf180mcu_fd_sc_mcu9t5v0__xor2_1 cells:       15
ABC RESULTS:   gf180mcu_fd_sc_mcu9t5v0__xor3_1 cells:        6
ABC RESULTS:        internal signals:      339
ABC RESULTS:           input signals:       80
ABC RESULTS:          output signals:       78
Removing temp directory.
Removing global temp directory.

13. Executing OPT_CLEAN pass (remove unused cells and wires).
Finding unused cells or wires in module \tmds_encoder..
Removed 0 unused cells and 351 unused wires.
<suppressed ~34 debug messages>

14. Executing SETUNDEF pass (replace undef values with defined constants).

15. Printing statistics.

=== tmds_encoder ===

        +----------Local Count, excluding submodules.
        |        +-Local Area, excluding submodules.
        |        | 
      287        - wires
      370        - wire bits
       23        - public wires
       97        - public wire bits
        6        - ports
       23        - port bits
      342 1.23E+04 cells
       40  903.168   gf180mcu_fd_sc_mcu9t5v0__and2_1
        3   84.672   gf180mcu_fd_sc_mcu9t5v0__and3_1
        3   93.139   gf180mcu_fd_sc_mcu9t5v0__and4_1
        4  112.896   gf180mcu_fd_sc_mcu9t5v0__aoi211_1
       20  451.584   gf180mcu_fd_sc_mcu9t5v0__aoi21_1
        1   31.046   gf180mcu_fd_sc_mcu9t5v0__aoi221_1
        4  101.606   gf180mcu_fd_sc_mcu9t5v0__aoi22_1
        9   152.41   gf180mcu_fd_sc_mcu9t5v0__buf_1
        4   45.158   gf180mcu_fd_sc_mcu9t5v0__clkinv_1
       78 6.16E+03   gf180mcu_fd_sc_mcu9t5v0__dffq_1
        1   36.691   gf180mcu_fd_sc_mcu9t5v0__mux2_1
       42  592.704   gf180mcu_fd_sc_mcu9t5v0__nand2_1
        8  158.054   gf180mcu_fd_sc_mcu9t5v0__nand3_1
       43  728.179   gf180mcu_fd_sc_mcu9t5v0__nor2_1
        3   67.738   gf180mcu_fd_sc_mcu9t5v0__nor3_1
        1   39.514   gf180mcu_fd_sc_mcu9t5v0__nor3_2
        1   28.224   gf180mcu_fd_sc_mcu9t5v0__nor4_1
        5   141.12   gf180mcu_fd_sc_mcu9t5v0__oai211_1
        1   47.981   gf180mcu_fd_sc_mcu9t5v0__oai211_2
       13   293.53   gf180mcu_fd_sc_mcu9t5v0__oai21_1
        3   84.672   gf180mcu_fd_sc_mcu9t5v0__oai22_1
        3   84.672   gf180mcu_fd_sc_mcu9t5v0__oai31_1
        7  158.054   gf180mcu_fd_sc_mcu9t5v0__or2_1
        1   28.224   gf180mcu_fd_sc_mcu9t5v0__or2_2
        3   93.139   gf180mcu_fd_sc_mcu9t5v0__or3_1
        1   36.691   gf180mcu_fd_sc_mcu9t5v0__or4_1
       19  643.507   gf180mcu_fd_sc_mcu9t5v0__xnor2_1
       15  508.032   gf180mcu_fd_sc_mcu9t5v0__xor2_1
        6  389.491   gf180mcu_fd_sc_mcu9t5v0__xor3_1

   Chip area for module '\tmds_encoder': 12300.019200
     of which used for sequential elements: 6164.121600 (50.11%)

16. Executing CHECK pass (checking for obvious problems).
Checking module tmds_encoder...
Warning: Wire tmds_encoder.\tmds [9] is used but has no driver.
Warning: Wire tmds_encoder.\tmds [8] is used but has no driver.
Warning: Wire tmds_encoder.\tmds [7] is used but has no driver.
Warning: Wire tmds_encoder.\tmds [6] is used but has no driver.
Warning: Wire tmds_encoder.\tmds [5] is used but has no driver.
Warning: Wire tmds_encoder.\tmds [4] is used but has no driver.
Warning: Wire tmds_encoder.\tmds [3] is used but has no driver.
Warning: Wire tmds_encoder.\tmds [2] is used but has no driver.
Warning: Wire tmds_encoder.\tmds [1] is used but has no driver.
Warning: Wire tmds_encoder.\tmds [0] is used but has no driver.
Found and reported 10 problems.

17. Executing Verilog backend.

17.1. Executing BMUXMAP pass.

17.2. Executing DEMUXMAP pass.
Dumping module `\tmds_encoder'.

Warnings: 10 unique messages, 10 total
End of script. Logfile hash: fd17468c7b, time: 2.12s, user: 0.35s, system: 0.03s, MEM: 88.77 MB peak
Yosys 0.68+post (git sha1 UNKNOWN, Release, GNU /usr/local/bin/wrapped-cc/g++ 11.4.0)
Time spent: 85% 1x abc (1 sec), 2% 1x stat (0 sec), ...
