OpenROAD 26Q3-1278-g4421880472 
Features included (+) or not (-): +GPU +GUI +Python
This program is licensed under the BSD-3 license. See the LICENSE file for details.
Components of this program may be licensed under more restrictive licenses which must be honored.
[INFO ODB-0388] unsupported LEF58_EOLENCLOSURE property for layer Via1 :"
  	EOLENCLOSURE 0.34 0.06 ;"
[INFO ODB-0388] unsupported LEF58_EOLENCLOSURE property for layer Via2 :" EOLENCLOSURE 0.34 0.06 ; "
[INFO ODB-0388] unsupported LEF58_EOLENCLOSURE property for layer Via3 :" EOLENCLOSURE 0.34 0.06 ; "
[INFO ODB-0388] unsupported LEF58_EOLENCLOSURE property for layer Via4 :" EOLENCLOSURE 0.34 0.06 ; "
[INFO ODB-0227] LEF file: /Users/rwalters/.volare/gf180mcuD/libs.ref/gf180mcu_fd_sc_mcu9t5v0/techlef/gf180mcu_fd_sc_mcu9t5v0__nom.tlef, created 15 layers, 56 vias
[WARNING ODB-0220] WARNING (LEFPARS-2008): NOWIREEXTENSIONATPIN statement is obsolete in version 5.6 or later.
The NOWIREEXTENSIONATPIN statement will be ignored. See file /Users/rwalters/.volare/gf180mcuD/libs.ref/gf180mcu_fd_sc_mcu9t5v0/lef/gf180mcu_fd_sc_mcu9t5v0.lef at line 2.

[INFO ODB-0227] LEF file: /Users/rwalters/.volare/gf180mcuD/libs.ref/gf180mcu_fd_sc_mcu9t5v0/lef/gf180mcu_fd_sc_mcu9t5v0.lef, created 229 library cells
[INFO ODB-0127] Reading DEF file: /Users/rwalters/GitHub/gf180-tmds-tx/.loom/worktrees/issue-115/flow/tmds_encoder/pnr/tmds_encoder.def
[INFO ODB-0128] Design: tmds_encoder
[INFO ODB-0130]     Created 25 pins.
[INFO ODB-0131]     Created 1339 components and 6352 component-terminals.
[INFO ODB-0132]     Created 2 special nets and 866 connections.
[INFO ODB-0133]     Created 375 nets and 1171 connections.
[INFO ODB-0134] Finished DEF file: /Users/rwalters/GitHub/gf180-tmds-tx/.loom/worktrees/issue-115/flow/tmds_encoder/pnr/tmds_encoder.def
=== SETUP_WORST ===
Startpoint: _592_ (rising edge-triggered flip-flop clocked by clk)
Endpoint: _599_ (rising edge-triggered flip-flop clocked by clk)
Path Group: clk
Path Type: max

    Delay      Time   Description
-------------------------------------------------------------
   0.0000    0.0000   clock clk (rise edge)
   1.4037    1.4037   clock network delay (propagated)
   0.0000    1.4037 ^ _592_/CLK (gf180mcu_fd_sc_mcu9t5v0__dffq_1)
   2.5246    3.9282 ^ _592_/Q (gf180mcu_fd_sc_mcu9t5v0__dffq_1)
   1.0286    4.9568 v _274_/ZN (gf180mcu_fd_sc_mcu9t5v0__nor4_1)
   1.8892    6.8460 ^ _275_/ZN (gf180mcu_fd_sc_mcu9t5v0__aoi21_1)
   0.5484    7.3945 v _281_/ZN (gf180mcu_fd_sc_mcu9t5v0__nor2_1)
   2.1339    9.5284 ^ _282_/ZN (gf180mcu_fd_sc_mcu9t5v0__aoi21_1)
   2.4806   12.0090 ^ _287_/Z (gf180mcu_fd_sc_mcu9t5v0__buf_1)
   0.3292   12.3382 v _290_/ZN (gf180mcu_fd_sc_mcu9t5v0__nand2_1)
   0.7851   13.1233 ^ _292_/ZN (gf180mcu_fd_sc_mcu9t5v0__nand3_1)
   0.8019   13.9253 ^ _293_/Z (gf180mcu_fd_sc_mcu9t5v0__and2_1)
   0.0002   13.9254 ^ _599_/D (gf180mcu_fd_sc_mcu9t5v0__dffq_1)
            13.9254   data arrival time

  37.0370   37.0370   clock clk (rise edge)
   1.3972   38.4342   clock network delay (propagated)
   0.0000   38.4342   clock reconvergence pessimism
            38.4342 ^ _599_/CLK (gf180mcu_fd_sc_mcu9t5v0__dffq_1)
  -0.6599   37.7743   library setup time
            37.7743   data required time
-------------------------------------------------------------
            37.7743   data required time
           -13.9254   data arrival time
-------------------------------------------------------------
            23.8489   slack (MET)


=== HOLD_WORST ===
Startpoint: rst (input port clocked by clk)
Endpoint: _587_ (rising edge-triggered flip-flop clocked by clk)
Path Group: clk
Path Type: min

    Delay      Time   Description
-------------------------------------------------------------
   0.0000    0.0000   clock clk (rise edge)
   0.0000    0.0000   clock network delay (propagated)
   0.0000    0.0000 ^ input external delay
   0.2279    0.2279 ^ rst (in)
   0.9981    1.2260 v _264_/ZN (gf180mcu_fd_sc_mcu9t5v0__clkinv_1)
   0.9645    2.1905 ^ _375_/ZN (gf180mcu_fd_sc_mcu9t5v0__oai211_1)
   0.3879    2.5783 v _376_/ZN (gf180mcu_fd_sc_mcu9t5v0__aoi21_1)
   0.0000    2.5784 v _587_/D (gf180mcu_fd_sc_mcu9t5v0__dffq_1)
             2.5784   data arrival time

   0.0000    0.0000   clock clk (rise edge)
   1.4039    1.4039   clock network delay (propagated)
   0.0000    1.4039   clock reconvergence pessimism
             1.4039 ^ _587_/CLK (gf180mcu_fd_sc_mcu9t5v0__dffq_1)
   0.2630    1.6669   library hold time
             1.6669   data required time
-------------------------------------------------------------
             1.6669   data required time
            -2.5784   data arrival time
-------------------------------------------------------------
             0.9115   slack (MET)


=== REG2REG_SETUP ===
Startpoint: _592_ (rising edge-triggered flip-flop clocked by clk)
Endpoint: _599_ (rising edge-triggered flip-flop clocked by clk)
Path Group: clk
Path Type: max

    Delay      Time   Description
-------------------------------------------------------------
   0.0000    0.0000   clock clk (rise edge)
   1.4037    1.4037   clock network delay (propagated)
   0.0000    1.4037 ^ _592_/CLK (gf180mcu_fd_sc_mcu9t5v0__dffq_1)
   2.5246    3.9282 ^ _592_/Q (gf180mcu_fd_sc_mcu9t5v0__dffq_1)
   1.0286    4.9568 v _274_/ZN (gf180mcu_fd_sc_mcu9t5v0__nor4_1)
   1.8892    6.8460 ^ _275_/ZN (gf180mcu_fd_sc_mcu9t5v0__aoi21_1)
   0.5484    7.3945 v _281_/ZN (gf180mcu_fd_sc_mcu9t5v0__nor2_1)
   2.1339    9.5284 ^ _282_/ZN (gf180mcu_fd_sc_mcu9t5v0__aoi21_1)
   2.4806   12.0090 ^ _287_/Z (gf180mcu_fd_sc_mcu9t5v0__buf_1)
   0.3292   12.3382 v _290_/ZN (gf180mcu_fd_sc_mcu9t5v0__nand2_1)
   0.7851   13.1233 ^ _292_/ZN (gf180mcu_fd_sc_mcu9t5v0__nand3_1)
   0.8019   13.9253 ^ _293_/Z (gf180mcu_fd_sc_mcu9t5v0__and2_1)
   0.0002   13.9254 ^ _599_/D (gf180mcu_fd_sc_mcu9t5v0__dffq_1)
            13.9254   data arrival time

  37.0370   37.0370   clock clk (rise edge)
   1.3972   38.4342   clock network delay (propagated)
   0.0000   38.4342   clock reconvergence pessimism
            38.4342 ^ _599_/CLK (gf180mcu_fd_sc_mcu9t5v0__dffq_1)
  -0.6599   37.7743   library setup time
            37.7743   data required time
-------------------------------------------------------------
            37.7743   data required time
           -13.9254   data arrival time
-------------------------------------------------------------
            23.8489   slack (MET)


=== REG2REG_HOLD ===
Startpoint: _538_ (rising edge-triggered flip-flop clocked by clk)
Endpoint: _550_ (rising edge-triggered flip-flop clocked by clk)
Path Group: clk
Path Type: min

    Delay      Time   Description
-------------------------------------------------------------
   0.0000    0.0000   clock clk (rise edge)
   1.4031    1.4031   clock network delay (propagated)
   0.0000    1.4031 ^ _538_/CLK (gf180mcu_fd_sc_mcu9t5v0__dffq_1)
   1.6199    3.0229 v _538_/Q (gf180mcu_fd_sc_mcu9t5v0__dffq_1)
   0.7055    3.7284 v _443_/Z (gf180mcu_fd_sc_mcu9t5v0__and2_1)
   0.0001    3.7285 v _550_/D (gf180mcu_fd_sc_mcu9t5v0__dffq_1)
             3.7285   data arrival time

   0.0000    0.0000   clock clk (rise edge)
   1.4100    1.4100   clock network delay (propagated)
   0.0000    1.4100   clock reconvergence pessimism
             1.4100 ^ _550_/CLK (gf180mcu_fd_sc_mcu9t5v0__dffq_1)
   0.2754    1.6853   library hold time
             1.6853   data required time
-------------------------------------------------------------
             1.6853   data required time
            -3.7285   data arrival time
-------------------------------------------------------------
             2.0431   slack (MET)


=== WORST_SLACK ===
worst slack max 23.8489
worst slack min 0.9115
=== TNS ===
tns max 0.0000
=== SETUP_VIOLATORS ===
Group                                    Slack
----------------------------------------------
No paths found.

=== HOLD_VIOLATORS ===
Group                                    Slack
----------------------------------------------
No paths found.

=== CLOCK_SKEW ===
Clock clk
 1.4093 source latency _552_/CLK ^
-1.3931 target latency _593_/CLK ^
 0.0000 CRPR
--------------
 0.0162 setup skew

=== END ===
