OpenROAD 26Q3-1080-gab6fd26351 
Features included (+) or not (-): +GPU +GUI +Python
This program is licensed under the BSD-3 license. See the LICENSE file for details.
Components of this program may be licensed under more restrictive licenses which must be honored.
[INFO ODB-0388] unsupported LEF58_EOLENCLOSURE property for layer Via1 :"
  	EOLENCLOSURE 0.34 0.06 ;"
[INFO ODB-0388] unsupported LEF58_EOLENCLOSURE property for layer Via2 :" EOLENCLOSURE 0.34 0.06 ; "
[INFO ODB-0388] unsupported LEF58_EOLENCLOSURE property for layer Via3 :" EOLENCLOSURE 0.34 0.06 ; "
[INFO ODB-0388] unsupported LEF58_EOLENCLOSURE property for layer Via4 :" EOLENCLOSURE 0.34 0.06 ; "
[INFO ODB-0227] LEF file: /Users/rwalters/.volare/gf180mcuD/libs.ref/gf180mcu_fd_sc_mcu9t5v0/techlef/gf180mcu_fd_sc_mcu9t5v0__nom.tlef, created 15 layers, 56 vias
[WARNING ODB-0220] WARNING (LEFPARS-2008): NOWIREEXTENSIONATPIN statement is obsolete in version 5.6 or later.
The NOWIREEXTENSIONATPIN statement will be ignored. See file /Users/rwalters/.volare/gf180mcuD/libs.ref/gf180mcu_fd_sc_mcu9t5v0/lef/gf180mcu_fd_sc_mcu9t5v0.lef at line 2.

[INFO ODB-0227] LEF file: /Users/rwalters/.volare/gf180mcuD/libs.ref/gf180mcu_fd_sc_mcu9t5v0/lef/gf180mcu_fd_sc_mcu9t5v0.lef, created 229 library cells
[INFO ODB-0127] Reading DEF file: /Users/rwalters/GitHub/gf180-tmds-tx/.loom/worktrees/issue-110/flow/tmds_encoder/pnr/tmds_encoder.def
[INFO ODB-0128] Design: tmds_encoder
[INFO ODB-0130]     Created 25 pins.
[INFO ODB-0131]     Created 1102 components and 5277 component-terminals.
[INFO ODB-0132]     Created 2 special nets and 744 connections.
[INFO ODB-0133]     Created 325 nets and 1028 connections.
[INFO ODB-0134] Finished DEF file: /Users/rwalters/GitHub/gf180-tmds-tx/.loom/worktrees/issue-110/flow/tmds_encoder/pnr/tmds_encoder.def
=== SETUP_WORST ===
Startpoint: data[0] (input port clocked by clk)
Endpoint: _532_ (rising edge-triggered flip-flop clocked by clk)
Path Group: clk
Path Type: max

    Delay      Time   Description
-------------------------------------------------------------
   0.0000    0.0000   clock clk (rise edge)
   0.0000    0.0000   clock network delay (propagated)
   0.0000    0.0000 v input external delay
   0.1977    0.1977 v data[0] (in)
   2.4834    2.6812 v hold12/Z (gf180mcu_fd_sc_mcu9t5v0__dlyc_1)
   0.8306    3.5117 v _457_/Z (gf180mcu_fd_sc_mcu9t5v0__xor2_1)
   0.7936    4.3053 v _458_/Z (gf180mcu_fd_sc_mcu9t5v0__xor2_1)
   0.5931    4.8984 v _459_/ZN (gf180mcu_fd_sc_mcu9t5v0__xnor2_1)
   2.4060    7.3044 v hold14/Z (gf180mcu_fd_sc_mcu9t5v0__dlyc_1)
   0.3735    7.6779 ^ _466_/ZN (gf180mcu_fd_sc_mcu9t5v0__clkinv_1)
   0.1633    7.8412 v _467_/ZN (gf180mcu_fd_sc_mcu9t5v0__nand2_1)
   0.4852    8.3264 ^ _468_/ZN (gf180mcu_fd_sc_mcu9t5v0__oai21_1)
   0.9233    9.2497 ^ _474_/Z (gf180mcu_fd_sc_mcu9t5v0__xor2_1)
   0.5147    9.7644 ^ _487_/ZN (gf180mcu_fd_sc_mcu9t5v0__xnor2_1)
   0.2585   10.0229 v _488_/ZN (gf180mcu_fd_sc_mcu9t5v0__nor3_1)
   1.2512   11.2740 ^ _489_/ZN (gf180mcu_fd_sc_mcu9t5v0__nor2_1)
   0.6090   11.8831 ^ _493_/ZN (gf180mcu_fd_sc_mcu9t5v0__xnor2_1)
   0.1903   12.0733 v _494_/ZN (gf180mcu_fd_sc_mcu9t5v0__nor2_1)
   2.3125   14.3858 v hold5/Z (gf180mcu_fd_sc_mcu9t5v0__dlyc_1)
   0.0001   14.3860 v _532_/D (gf180mcu_fd_sc_mcu9t5v0__dffq_1)
            14.3860   data arrival time

  13.4680   13.4680   clock clk (rise edge)
   1.2990   14.7670   clock network delay (propagated)
   0.0000   14.7670   clock reconvergence pessimism
            14.7670 ^ _532_/CLK (gf180mcu_fd_sc_mcu9t5v0__dffq_1)
  -0.1208   14.6462   library setup time
            14.6462   data required time
-------------------------------------------------------------
            14.6462   data required time
           -14.3860   data arrival time
-------------------------------------------------------------
             0.2603   slack (MET)


=== HOLD_WORST ===
Startpoint: data[0] (input port clocked by clk)
Endpoint: _528_ (rising edge-triggered flip-flop clocked by clk)
Path Group: clk
Path Type: min

    Delay      Time   Description
-------------------------------------------------------------
   0.0000    0.0000   clock clk (rise edge)
   0.0000    0.0000   clock network delay (propagated)
   0.0000    0.0000 v input external delay
   0.1977    0.1977 v data[0] (in)
   0.2553    0.4531 ^ _485_/ZN (gf180mcu_fd_sc_mcu9t5v0__nand2_1)
   0.2131    0.6662 v _488_/ZN (gf180mcu_fd_sc_mcu9t5v0__nor3_1)
   1.2350    1.9012 ^ _489_/ZN (gf180mcu_fd_sc_mcu9t5v0__nor2_1)
   0.0901    1.9913 v _500_/ZN (gf180mcu_fd_sc_mcu9t5v0__aoi21_1)
   0.0000    1.9913 v _528_/D (gf180mcu_fd_sc_mcu9t5v0__dffq_1)
             1.9913   data arrival time

   0.0000    0.0000   clock clk (rise edge)
   1.2982    1.2982   clock network delay (propagated)
   0.0000    1.2982   clock reconvergence pessimism
             1.2982 ^ _528_/CLK (gf180mcu_fd_sc_mcu9t5v0__dffq_1)
   0.2448    1.5430   library hold time
             1.5430   data required time
-------------------------------------------------------------
             1.5430   data required time
            -1.9913   data arrival time
-------------------------------------------------------------
             0.4483   slack (MET)


=== REG2REG_SETUP ===
Startpoint: _528_ (rising edge-triggered flip-flop clocked by clk)
Endpoint: _542_ (rising edge-triggered flip-flop clocked by clk)
Path Group: clk
Path Type: max

    Delay      Time   Description
-------------------------------------------------------------
   0.0000    0.0000   clock clk (rise edge)
   1.2982    1.2982   clock network delay (propagated)
   0.0000    1.2982 ^ _528_/CLK (gf180mcu_fd_sc_mcu9t5v0__dffq_1)
   1.1264    2.4246 ^ _528_/Q (gf180mcu_fd_sc_mcu9t5v0__dffq_1)
   1.5814    4.0060 v _271_/Z (gf180mcu_fd_sc_mcu9t5v0__xor3_2)
   0.7154    4.7215 v _272_/ZN (gf180mcu_fd_sc_mcu9t5v0__xnor3_1)
   1.0033    5.7247 ^ _277_/ZN (gf180mcu_fd_sc_mcu9t5v0__xnor3_2)
   0.2761    6.0008 v _278_/ZN (gf180mcu_fd_sc_mcu9t5v0__nor2_1)
   1.0077    7.0085 ^ _293_/ZN (gf180mcu_fd_sc_mcu9t5v0__nor4_1)
   0.4022    7.4108 v _299_/ZN (gf180mcu_fd_sc_mcu9t5v0__nor2_1)
   1.4204    8.8312 ^ _307_/ZN (gf180mcu_fd_sc_mcu9t5v0__nor3_2)
   0.4264    9.2576 v _341_/ZN (gf180mcu_fd_sc_mcu9t5v0__oai21_4)
   0.6672    9.9248 v _359_/ZN (gf180mcu_fd_sc_mcu9t5v0__xnor2_1)
   0.9755   10.9003 ^ _360_/ZN (gf180mcu_fd_sc_mcu9t5v0__aoi211_1)
   0.3998   11.3002 v _361_/ZN (gf180mcu_fd_sc_mcu9t5v0__oai22_1)
   0.4654   11.7655 ^ _517_/ZN (gf180mcu_fd_sc_mcu9t5v0__aoi21_1)
   0.2963   12.0618 v _519_/ZN (gf180mcu_fd_sc_mcu9t5v0__oai32_1)
   0.4686   12.5305 ^ _520_/ZN (gf180mcu_fd_sc_mcu9t5v0__aoi21_1)
   0.0001   12.5306 ^ _542_/D (gf180mcu_fd_sc_mcu9t5v0__dffq_1)
            12.5306   data arrival time

  13.4680   13.4680   clock clk (rise edge)
   1.3406   14.8086   clock network delay (propagated)
   0.0000   14.8086   clock reconvergence pessimism
            14.8086 ^ _542_/CLK (gf180mcu_fd_sc_mcu9t5v0__dffq_1)
  -0.2598   14.5487   library setup time
            14.5487   data required time
-------------------------------------------------------------
            14.5487   data required time
           -12.5306   data arrival time
-------------------------------------------------------------
             2.0182   slack (MET)


=== REG2REG_HOLD ===
Startpoint: _524_ (rising edge-triggered flip-flop clocked by clk)
Endpoint: _552_ (rising edge-triggered flip-flop clocked by clk)
Path Group: clk
Path Type: min

    Delay      Time   Description
-------------------------------------------------------------
   0.0000    0.0000   clock clk (rise edge)
   1.3474    1.3474   clock network delay (propagated)
   0.0000    1.3474 ^ _524_/CLK (gf180mcu_fd_sc_mcu9t5v0__dffq_1)
   1.0995    2.4470 v _524_/Q (gf180mcu_fd_sc_mcu9t5v0__dffq_1)
   0.2274    2.6743 ^ _522_/ZN (gf180mcu_fd_sc_mcu9t5v0__nand2_1)
   0.2250    2.8993 v _523_/ZN (gf180mcu_fd_sc_mcu9t5v0__oai211_1)
   0.0001    2.8995 v _552_/D (gf180mcu_fd_sc_mcu9t5v0__dffq_1)
             2.8995   data arrival time

   0.0000    0.0000   clock clk (rise edge)
   1.3473    1.3473   clock network delay (propagated)
   0.0000    1.3473   clock reconvergence pessimism
             1.3473 ^ _552_/CLK (gf180mcu_fd_sc_mcu9t5v0__dffq_1)
   0.2376    1.5849   library hold time
             1.5849   data required time
-------------------------------------------------------------
             1.5849   data required time
            -2.8995   data arrival time
-------------------------------------------------------------
             1.3146   slack (MET)


=== WORST_SLACK ===
worst slack max 0.2603
worst slack min 0.4483
=== TNS ===
tns max 0.0000
=== SETUP_VIOLATORS ===
Group                                    Slack
----------------------------------------------
No paths found.

=== HOLD_VIOLATORS ===
Group                                    Slack
----------------------------------------------
No paths found.

=== CLOCK_SKEW ===
Clock clk
 1.3475 source latency _540_/CLK ^
-1.2482 target latency _550_/CLK ^
 0.0000 CRPR
--------------
 0.0993 setup skew

=== END ===
