OpenROAD 26Q3-1278-g4421880472 
Features included (+) or not (-): +GPU +GUI +Python
This program is licensed under the BSD-3 license. See the LICENSE file for details.
Components of this program may be licensed under more restrictive licenses which must be honored.
[INFO ODB-0388] unsupported LEF58_EOLENCLOSURE property for layer Via1 :"
  	EOLENCLOSURE 0.34 0.06 ;"
[INFO ODB-0388] unsupported LEF58_EOLENCLOSURE property for layer Via2 :" EOLENCLOSURE 0.34 0.06 ; "
[INFO ODB-0388] unsupported LEF58_EOLENCLOSURE property for layer Via3 :" EOLENCLOSURE 0.34 0.06 ; "
[INFO ODB-0388] unsupported LEF58_EOLENCLOSURE property for layer Via4 :" EOLENCLOSURE 0.34 0.06 ; "
[INFO ODB-0227] LEF file: /root/.volare/gf180mcuD/libs.ref/gf180mcu_fd_sc_mcu9t5v0/techlef/gf180mcu_fd_sc_mcu9t5v0__nom.tlef, created 15 layers, 56 vias
[WARNING ODB-0220] WARNING (LEFPARS-2008): NOWIREEXTENSIONATPIN statement is obsolete in version 5.6 or later.
The NOWIREEXTENSIONATPIN statement will be ignored. See file /root/.volare/gf180mcuD/libs.ref/gf180mcu_fd_sc_mcu9t5v0/lef/gf180mcu_fd_sc_mcu9t5v0.lef at line 2.

[INFO ODB-0227] LEF file: /root/.volare/gf180mcuD/libs.ref/gf180mcu_fd_sc_mcu9t5v0/lef/gf180mcu_fd_sc_mcu9t5v0.lef, created 229 library cells
[INFO ODB-0127] Reading DEF file: /Users/rwalters/GitHub/gf180-tmds-tx/.loom/worktrees/issue-100/flow/tmds_encoder/pnr/tmds_encoder.def
[INFO ODB-0128] Design: tmds_encoder
[INFO ODB-0130]     Created 25 pins.
[INFO ODB-0131]     Created 1076 components and 5120 component-terminals.
[INFO ODB-0132]     Created 2 special nets and 700 connections.
[INFO ODB-0133]     Created 302 nets and 971 connections.
[INFO ODB-0134] Finished DEF file: /Users/rwalters/GitHub/gf180-tmds-tx/.loom/worktrees/issue-100/flow/tmds_encoder/pnr/tmds_encoder.def
=== SETUP_WORST ===
Startpoint: data[1] (input port clocked by clk)
Endpoint: _515_ (rising edge-triggered flip-flop clocked by clk)
Path Group: clk
Path Type: max

    Delay      Time   Description
-------------------------------------------------------------
   0.0000    0.0000   clock clk (rise edge)
   0.0000    0.0000   clock network delay (propagated)
   0.0000    0.0000 ^ input external delay
   0.2961    0.2961 ^ data[1] (in)
   0.8935    1.1896 v _257_/Z (gf180mcu_fd_sc_mcu9t5v0__xor3_2)
   0.6559    1.8455 ^ _258_/ZN (gf180mcu_fd_sc_mcu9t5v0__xnor3_2)
   0.4739    2.3195 v _259_/Z (gf180mcu_fd_sc_mcu9t5v0__xor2_2)
   0.4586    2.7780 ^ _260_/Z (gf180mcu_fd_sc_mcu9t5v0__xor2_2)
   0.4268    3.2048 ^ _282_/ZN (gf180mcu_fd_sc_mcu9t5v0__xnor2_1)
   0.3016    3.5064 v _283_/ZN (gf180mcu_fd_sc_mcu9t5v0__nand2_1)
   0.3708    3.8773 ^ _293_/ZN (gf180mcu_fd_sc_mcu9t5v0__oai22_4)
   0.3145    4.1918 ^ _294_/Z (gf180mcu_fd_sc_mcu9t5v0__buf_4)
   0.4272    4.6190 ^ _308_/ZN (gf180mcu_fd_sc_mcu9t5v0__xnor2_1)
   0.2126    4.8317 v _310_/ZN (gf180mcu_fd_sc_mcu9t5v0__oai21_2)
   0.9029    5.7346 v _315_/Z (gf180mcu_fd_sc_mcu9t5v0__xor3_1)
   0.4652    6.1997 v _393_/ZN (gf180mcu_fd_sc_mcu9t5v0__xnor3_1)
   0.5955    6.7952 ^ _400_/ZN (gf180mcu_fd_sc_mcu9t5v0__oai33_2)
   0.2593    7.0545 v _405_/ZN (gf180mcu_fd_sc_mcu9t5v0__aoi21_1)
   0.4938    7.5483 v _408_/Z (gf180mcu_fd_sc_mcu9t5v0__xor2_1)
   0.2199    7.7682 ^ _409_/ZN (gf180mcu_fd_sc_mcu9t5v0__nor2_4)
   0.1424    7.9106 v _415_/ZN (gf180mcu_fd_sc_mcu9t5v0__nand2_1)
   0.7869    8.6975 v _421_/Z (gf180mcu_fd_sc_mcu9t5v0__xor3_1)
   0.5034    9.2009 ^ _447_/ZN (gf180mcu_fd_sc_mcu9t5v0__aoi211_1)
   0.1838    9.3847 v _448_/ZN (gf180mcu_fd_sc_mcu9t5v0__aoi211_2)
   0.0001    9.3848 v _515_/D (gf180mcu_fd_sc_mcu9t5v0__dffq_1)
             9.3848   data arrival time

  37.0370   37.0370   clock clk (rise edge)
   0.8099   37.8469   clock network delay (propagated)
   0.0000   37.8469   clock reconvergence pessimism
            37.8469 ^ _515_/CLK (gf180mcu_fd_sc_mcu9t5v0__dffq_1)
  -0.0916   37.7553   library setup time
            37.7553   data required time
-------------------------------------------------------------
            37.7553   data required time
            -9.3848   data arrival time
-------------------------------------------------------------
            28.3705   slack (MET)


=== HOLD_WORST ===
Startpoint: data[6] (input port clocked by clk)
Endpoint: _523_ (rising edge-triggered flip-flop clocked by clk)
Path Group: clk
Path Type: min

    Delay      Time   Description
-------------------------------------------------------------
   0.0000    0.0000   clock clk (rise edge)
   0.0000    0.0000   clock network delay (propagated)
   0.0000    0.0000 v input external delay
   0.2060    0.2060 v data[6] (in)
   0.3934    0.5994 v _260_/Z (gf180mcu_fd_sc_mcu9t5v0__xor2_2)
   0.1827    0.7821 ^ _343_/ZN (gf180mcu_fd_sc_mcu9t5v0__xnor2_1)
   0.0995    0.8816 v _344_/ZN (gf180mcu_fd_sc_mcu9t5v0__nand2_1)
   0.1839    1.0655 ^ _345_/ZN (gf180mcu_fd_sc_mcu9t5v0__oai211_1)
   0.0906    1.1561 v _346_/ZN (gf180mcu_fd_sc_mcu9t5v0__nand2_1)
   0.0001    1.1562 v _523_/D (gf180mcu_fd_sc_mcu9t5v0__dffq_1)
             1.1562   data arrival time

   0.0000    0.0000   clock clk (rise edge)
   0.7427    0.7427   clock network delay (propagated)
   0.0000    0.7427   clock reconvergence pessimism
             0.7427 ^ _523_/CLK (gf180mcu_fd_sc_mcu9t5v0__dffq_1)
   0.1528    0.8955   library hold time
             0.8955   data required time
-------------------------------------------------------------
             0.8955   data required time
            -1.1562   data arrival time
-------------------------------------------------------------
             0.2607   slack (MET)


=== REG2REG_SETUP ===
Startpoint: _511_ (rising edge-triggered flip-flop clocked by clk)
Endpoint: _515_ (rising edge-triggered flip-flop clocked by clk)
Path Group: clk
Path Type: max

    Delay      Time   Description
-------------------------------------------------------------
   0.0000    0.0000   clock clk (rise edge)
   0.8095    0.8095   clock network delay (propagated)
   0.0000    0.8095 ^ _511_/CLK (gf180mcu_fd_sc_mcu9t5v0__dffq_1)
   0.8053    1.6148 v _511_/Q (gf180mcu_fd_sc_mcu9t5v0__dffq_1)
   0.8542    2.4691 v _393_/ZN (gf180mcu_fd_sc_mcu9t5v0__xnor3_1)
   0.5955    3.0645 ^ _400_/ZN (gf180mcu_fd_sc_mcu9t5v0__oai33_2)
   0.2593    3.3239 v _405_/ZN (gf180mcu_fd_sc_mcu9t5v0__aoi21_1)
   0.4938    3.8176 v _408_/Z (gf180mcu_fd_sc_mcu9t5v0__xor2_1)
   0.2199    4.0376 ^ _409_/ZN (gf180mcu_fd_sc_mcu9t5v0__nor2_4)
   0.1424    4.1799 v _415_/ZN (gf180mcu_fd_sc_mcu9t5v0__nand2_1)
   0.7869    4.9668 v _421_/Z (gf180mcu_fd_sc_mcu9t5v0__xor3_1)
   0.5034    5.4703 ^ _447_/ZN (gf180mcu_fd_sc_mcu9t5v0__aoi211_1)
   0.1838    5.6540 v _448_/ZN (gf180mcu_fd_sc_mcu9t5v0__aoi211_2)
   0.0001    5.6542 v _515_/D (gf180mcu_fd_sc_mcu9t5v0__dffq_1)
             5.6542   data arrival time

  37.0370   37.0370   clock clk (rise edge)
   0.8099   37.8469   clock network delay (propagated)
   0.0000   37.8469   clock reconvergence pessimism
            37.8469 ^ _515_/CLK (gf180mcu_fd_sc_mcu9t5v0__dffq_1)
  -0.0916   37.7553   library setup time
            37.7553   data required time
-------------------------------------------------------------
            37.7553   data required time
            -5.6542   data arrival time
-------------------------------------------------------------
            32.1012   slack (MET)


=== REG2REG_HOLD ===
Startpoint: _516_ (rising edge-triggered flip-flop clocked by clk)
Endpoint: _516_ (rising edge-triggered flip-flop clocked by clk)
Path Group: clk
Path Type: min

    Delay      Time   Description
-------------------------------------------------------------
   0.0000    0.0000   clock clk (rise edge)
   0.8098    0.8098   clock network delay (propagated)
   0.0000    0.8098 ^ _516_/CLK (gf180mcu_fd_sc_mcu9t5v0__dffq_1)
   0.6788    1.4886 v _516_/Q (gf180mcu_fd_sc_mcu9t5v0__dffq_1)
   0.2037    1.6923 ^ _501_/ZN (gf180mcu_fd_sc_mcu9t5v0__xnor2_1)
   0.1422    1.8345 v _503_/ZN (gf180mcu_fd_sc_mcu9t5v0__oai211_1)
   0.1497    1.9842 ^ _504_/ZN (gf180mcu_fd_sc_mcu9t5v0__nand2_1)
   0.0832    2.0674 v _505_/ZN (gf180mcu_fd_sc_mcu9t5v0__aoi21_1)
   0.0000    2.0675 v _516_/D (gf180mcu_fd_sc_mcu9t5v0__dffq_1)
             2.0675   data arrival time

   0.0000    0.0000   clock clk (rise edge)
   0.8098    0.8098   clock network delay (propagated)
   0.0000    0.8098   clock reconvergence pessimism
             0.8098 ^ _516_/CLK (gf180mcu_fd_sc_mcu9t5v0__dffq_1)
   0.1613    0.9710   library hold time
             0.9710   data required time
-------------------------------------------------------------
             0.9710   data required time
            -2.0675   data arrival time
-------------------------------------------------------------
             1.0964   slack (MET)


=== WORST_SLACK ===
worst slack max 28.3705
worst slack min 0.2607
=== TNS ===
tns max 0.0000
=== SETUP_VIOLATORS ===
Group                                    Slack
----------------------------------------------
No paths found.

=== HOLD_VIOLATORS ===
Group                                    Slack
----------------------------------------------
No paths found.

=== CLOCK_SKEW ===
Clock clk
 0.8102 source latency _512_/CLK ^
-0.7422 target latency _522_/CLK ^
 0.0000 CRPR
--------------
 0.0679 setup skew

=== END ===
