
Note: Compatibility modes selected: hs a


Circuit: * cml-driver-eye-realmux @ tt_-40c_3.30v_270mbps -- generated by sim/harness, do not edit

Doing analysis at TEMP = -40.000000 and TNOM = 27.000000

Using SPARSE 1.3 as Direct Linear Solver

Initial Transient Solution
--------------------------

Node                                   Voltage
----                                   -------
vdd                                        3.3
avcc                                       3.3
avcclo                                    2.97
avcchi                                    3.63
clkp                                      1.98
clkn                                      0.99
d0p                                      2.805
d0n                                      1.815
d1p                                      2.805
d1n                                      1.815
d0pz                                     2.805
d0nz                                     1.815
clkpz                                     1.98
clknz                                     0.99
ckref                                     0.99
win                                          0
winc                                         0
xmux_c0.top                              2.801
xmux_c0.xrc.11                         2.83182
xmux_c0.xrc.21                         3.26918
mp_c0                                  1.76561
xmux_c0.xrlp.11                        1.79643
xmux_c0.xrlp.21                        2.77018
mn_c0                                    2.801
xmux_c0.xrln.11                          2.801
xmux_c0.xrln.21                          2.801
xmux_c0.ibias                          1.12283
xmux_c0.xrref.11                       1.13898
xmux_c0.xrref.21                       3.28385
xmux_c0.sa                             1.31554
xmux_c0.sb                             1.76561
xmux_c0.tail                           0.72151
outp_c0                                2.79502
xc0.tail                               1.35624
outn_c0                                    3.3
ib_c0                                  1.13262
vd_c0                                 0.504984
xmux_c1.top                              2.801
xmux_c1.xrc.11                         2.83182
xmux_c1.xrc.21                         3.26918
mp_c1                                  1.76561
xmux_c1.xrlp.11                        1.79643
xmux_c1.xrlp.21                        2.77018
mn_c1                                    2.801
xmux_c1.xrln.11                          2.801
xmux_c1.xrln.21                          2.801
xmux_c1.ibias                          1.12283
xmux_c1.xrref.11                       1.13898
xmux_c1.xrref.21                       3.28385
xmux_c1.sa                             1.31554
xmux_c1.sb                             1.76561
xmux_c1.tail                           0.72151
outp_c1                                2.79502
xc1.tail                               1.35624
outn_c1                                    3.3
ib_c1                                  1.13262
vd_c1                                 0.504984
muxref                                 1.03539
xmux_c2.top                              2.801
xmux_c2.xrc.11                         2.83182
xmux_c2.xrc.21                         3.26918
mp_c2                                  1.76561
xmux_c2.xrlp.11                        1.79643
xmux_c2.xrlp.21                        2.77018
mn_c2                                    2.801
xmux_c2.xrln.11                          2.801
xmux_c2.xrln.21                          2.801
xmux_c2.ibias                          1.12283
xmux_c2.xrref.11                       1.13898
xmux_c2.xrref.21                       3.28385
xmux_c2.sa                             1.31554
xmux_c2.sb                             1.76561
xmux_c2.tail                           0.72151
outp_c2                                2.79502
xc2.tail                               1.35624
outn_c2                                    3.3
ib_c2                                  1.13262
vd_c2                                 0.504984
xmux_cmis.top                            2.801
xmux_cmis.xrc.11                       2.83182
xmux_cmis.xrc.21                       3.26918
mp_cm                                  1.76561
xmux_cmis.xrlp.11                      1.79643
xmux_cmis.xrlp.21                      2.77018
mn_cm                                    2.801
xmux_cmis.xrln.11                        2.801
xmux_cmis.xrln.21                        2.801
xmux_cmis.ibias                        1.12283
xmux_cmis.xrref.11                     1.13898
xmux_cmis.xrref.21                     3.28385
xmux_cmis.sa                           1.31554
xmux_cmis.sb                           1.76561
xmux_cmis.tail                         0.72151
outp_cmis                              2.79502
xcmis.tail                             1.35624
outn_cmis                                  3.3
ib_cmis                                1.13262
vd_cmis                               0.504984
xmux_vlo.top                             2.801
xmux_vlo.xrc.11                        2.83182
xmux_vlo.xrc.21                        3.26918
mp_vlo                                 1.76561
xmux_vlo.xrlp.11                       1.79643
xmux_vlo.xrlp.21                       2.77018
mn_vlo                                   2.801
xmux_vlo.xrln.11                         2.801
xmux_vlo.xrln.21                         2.801
xmux_vlo.ibias                         1.12283
xmux_vlo.xrref.11                      1.13898
xmux_vlo.xrref.21                      3.28385
xmux_vlo.sa                            1.31554
xmux_vlo.sb                            1.76561
xmux_vlo.tail                          0.72151
outp_vlo                               2.46535
xvlo.tail                              1.34022
outn_vlo                                  2.97
ib_vlo                                 1.13262
xmux_vhi.top                             2.801
xmux_vhi.xrc.11                        2.83182
xmux_vhi.xrc.21                        3.26918
mp_vhi                                 1.76561
xmux_vhi.xrlp.11                       1.79643
xmux_vhi.xrlp.21                       2.77018
mn_vhi                                   2.801
xmux_vhi.xrln.11                         2.801
xmux_vhi.xrln.21                         2.801
xmux_vhi.ibias                         1.12283
xmux_vhi.xrref.11                      1.13898
xmux_vhi.xrref.21                      3.28385
xmux_vhi.sa                            1.31554
xmux_vhi.sb                            1.76561
xmux_vhi.tail                          0.72151
outp_vhi                                3.1247
xvhi.tail                              1.37136
outn_vhi                                  3.63
ib_vhi                                 1.13262
xmux_z.top                               2.801
xmux_z.xrc.11                          2.83182
xmux_z.xrc.21                          3.26918
mp_z                                   1.76561
xmux_z.xrlp.11                         1.79643
xmux_z.xrlp.21                         2.77018
mn_z                                     2.801
xmux_z.xrln.11                           2.801
xmux_z.xrln.21                           2.801
xmux_z.ibias                           1.12283
xmux_z.xrref.11                        1.13898
xmux_z.xrref.21                        3.28385
xmux_z.sa                              1.31554
xmux_z.sb                              2.27789
xmux_z.tail                            0.72151
outp_z                                 2.79502
xz.tail                                1.35624
vss_z                                        0
outn_z                                     3.3
ib_z                                   1.13262
vmuxz                                  1.03539
emuxz#branch                                 0
ediff_cmis#branch                            0
ediff_c2#branch                              0
emuxref#branch                               0
ediff_c1#branch                              0
ediff_c0#branch                              0
eckref#branch                                0
vsens_z#branch                       0.0105997
vwinc#branch                                 0
vwin#branch                                  0
vclknz#branch                                0
vclkpz#branch                                0
vd0nz#branch                                 0
vd0pz#branch                                 0
vd1n#branch                                  0
vd1p#branch                                  0
vd0n#branch                                  0
vd0p#branch                                  0
vclkn#branch                                 0
vclkp#branch                                 0
vavcchi#branch                       -0.010106
vavcclo#branch                      -0.0100929
vavcc#branch                        -0.0504984
vvdd#branch                         -0.0686156

 Reference value :  0.00000e+00
 Reference value :  3.73113e-09
 Reference value :  5.82560e-09
 Reference value :  7.59243e-09
 Reference value :  1.11283e-08
 Reference value :  1.32092e-08
 Reference value :  1.50047e-08
 Reference value :  1.85412e-08
 Reference value :  2.05559e-08
 Reference value :  2.24010e-08
 Reference value :  2.59354e-08
 Reference value :  2.79678e-08
 Reference value :  2.98297e-08
 Reference value :  3.33336e-08
 Reference value :  3.46425e-08
 Reference value :  3.71543e-08
 Reference value :  3.96311e-08
 Reference value :  4.09792e-08
 Reference value :  4.44446e-08
 Reference value :  4.55744e-08
 Reference value :  4.82360e-08
 Reference value :  5.07407e-08
 Reference value :  5.20663e-08
 Reference value :  5.55556e-08
 Reference value :  5.66687e-08
 Reference value :  5.93341e-08
No. of Data Rows : 4501
m_ui_ref            =  3.70370e-09 targ=  3.71120e-08 trig=  3.34083e-08
m_spa_in            =  1.48148e-08 targ=  4.82231e-08 trig=  3.34083e-08
m_spb_in            =  1.11111e-08 targ=  4.45194e-08 trig=  3.34083e-08
m_spa_c0            =  1.48148e-08 targ=  4.82805e-08 trig=  3.34657e-08
m_spb_c0            =  1.11111e-08 targ=  4.45768e-08 trig=  3.34657e-08
m_trise_c0          =  4.44568e-11 targ=  3.71939e-08 trig=  3.71495e-08
m_tfall_c0          =  4.44570e-11 targ=  4.08976e-08 trig=  4.08532e-08
m_spa_c1            =  1.48148e-08 targ=  4.83169e-08 trig=  3.35021e-08
m_spb_c1            =  1.11111e-08 targ=  4.46132e-08 trig=  3.35021e-08
m_trise_c1          =  1.21241e-10 targ=  3.72881e-08 trig=  3.71669e-08
m_tfall_c1          =  1.21241e-10 targ=  4.09918e-08 trig=  4.08706e-08
m_spa_mux           =  1.48148e-08 targ=  4.82740e-08 trig=  3.34592e-08
m_spb_mux           =  1.11111e-08 targ=  4.45703e-08 trig=  3.34592e-08
m_spa_c2            =  1.48148e-08 targ=  4.83497e-08 trig=  3.35348e-08
m_spb_c2            =  1.11111e-08 targ=  4.46459e-08 trig=  3.35348e-08
m_trise_c2          =  2.24639e-10 targ=  3.74002e-08 trig=  3.71756e-08
m_tfall_c2          =  2.24635e-10 targ=  4.11039e-08 trig=  4.08793e-08
m_spa_cmis          =  1.48148e-08 targ=  4.83299e-08 trig=  3.35151e-08
m_spb_cmis          =  1.11108e-08 targ=  4.46259e-08 trig=  3.35151e-08
m_dj_ui_c0 = 2.6999997844e-06
m_swing_c0 = 5.0607542000e-01
m_vpp_c0 = 5.3707217824e-01
m_vcm_c0 = 3.0469716754e+00
m_dj_ui_c1 = 2.6999997844e-06
m_swing_c1 = 5.0614016198e-01
m_vpp_c1 = 5.1880653169e-01
m_vcm_c1 = 3.0469408525e+00
m_dj_ui_mux = 2.6999997844e-06
m_dj_ui_drv_c1 = 0.0000000000e+00
m_dj_ui_c2 = 0.0000000000e+00
m_swing_c2 = 5.0610846116e-01
m_vpp_c2 = 5.1359726467e-01
m_vcm_c2 = 3.0469495330e+00
m_dj_ui_cmis = 8.6399993088e-05
m_swing_cmis = 5.0611036520e-01
m_swing_avcclo = 5.0580600333e-01
m_vcm_avcclo = 2.7171082537e+00
m_swing_avcchi = 5.0645241490e-01
m_vcm_avcchi = 3.3767844876e+00
m_vgs_sw_max = 1.4550184840e+00
m_vgd_sw_max = 1.8918688278e+00
m_vds_sw_max = 2.2815794213e+00
m_vgs_tail_max = 1.1371402452e+00
m_vds_tail_max = 1.4290746064e+00
m_vmux_dc = 1.0353898155e+00
m_swing_dc = 5.0498407919e-01
m_vcm_dc = 3.0475079589e+00
m_ioff_dc = 3.0388802585e-11
m_itail_dc = 1.0099681645e-02
m_icell_dc = 1.0599681645e-02
Note: Simulation executed from .control section 

Warning: m=xx on .subckt line will override multiplier m hierarchy!

