
Note: Compatibility modes selected: hs a


Circuit: * cml-driver-eye-realmux @ tt_-40c_2.97v_742p5mbps -- generated by sim/harness, do not edit

Doing analysis at TEMP = -40.000000 and TNOM = 27.000000

Using SPARSE 1.3 as Direct Linear Solver

Initial Transient Solution
--------------------------

Node                                   Voltage
----                                   -------
vdd                                       2.97
avcc                                       3.3
avcclo                                    2.97
avcchi                                    3.63
clkp                                     1.782
clkn                                     0.891
d0p                                     2.5245
d0n                                     1.6335
d1p                                     2.5245
d1n                                     1.6335
d0pz                                    2.5245
d0nz                                    1.6335
clkpz                                    1.782
clknz                                    0.891
ckref                                    0.891
win                                          0
winc                                         0
xmux_c0.top                            2.54454
xmux_c0.xrc.11                         2.57082
xmux_c0.xrc.21                         2.94372
mp_c0                                  1.66176
xmux_c0.xrlp.11                        1.68804
xmux_c0.xrlp.21                        2.51826
mn_c0                                  2.54454
xmux_c0.xrln.11                        2.54454
xmux_c0.xrln.21                        2.54454
xmux_c0.ibias                          1.09327
xmux_c0.xrref.11                        1.1072
xmux_c0.xrref.21                       2.95608
xmux_c0.sa                             1.13101
xmux_c0.sb                             1.66176
xmux_c0.tail                           0.58302
outp_c0                                 2.7999
xc0.tail                               1.13695
outn_c0                                    3.3
ib_c0                                  1.13262
vd_c0                                 0.500102
xmux_c1.top                            2.54454
xmux_c1.xrc.11                         2.57082
xmux_c1.xrc.21                         2.94372
mp_c1                                  1.66176
xmux_c1.xrlp.11                        1.68804
xmux_c1.xrlp.21                        2.51826
mn_c1                                  2.54454
xmux_c1.xrln.11                        2.54454
xmux_c1.xrln.21                        2.54454
xmux_c1.ibias                          1.09327
xmux_c1.xrref.11                        1.1072
xmux_c1.xrref.21                       2.95608
xmux_c1.sa                             1.13101
xmux_c1.sb                             1.66176
xmux_c1.tail                           0.58302
outp_c1                                 2.7999
xc1.tail                               1.13695
outn_c1                                    3.3
ib_c1                                  1.13262
vd_c1                                 0.500102
muxref                                0.882787
xmux_c2.top                            2.54454
xmux_c2.xrc.11                         2.57082
xmux_c2.xrc.21                         2.94372
mp_c2                                  1.66176
xmux_c2.xrlp.11                        1.68804
xmux_c2.xrlp.21                        2.51826
mn_c2                                  2.54454
xmux_c2.xrln.11                        2.54454
xmux_c2.xrln.21                        2.54454
xmux_c2.ibias                          1.09327
xmux_c2.xrref.11                        1.1072
xmux_c2.xrref.21                       2.95608
xmux_c2.sa                             1.13101
xmux_c2.sb                             1.66176
xmux_c2.tail                           0.58302
outp_c2                                 2.7999
xc2.tail                               1.13695
outn_c2                                    3.3
ib_c2                                  1.13262
vd_c2                                 0.500102
xmux_cmis.top                          2.54454
xmux_cmis.xrc.11                       2.57082
xmux_cmis.xrc.21                       2.94372
mp_cm                                  1.66176
xmux_cmis.xrlp.11                      1.68804
xmux_cmis.xrlp.21                      2.51826
mn_cm                                  2.54454
xmux_cmis.xrln.11                      2.54454
xmux_cmis.xrln.21                      2.54454
xmux_cmis.ibias                        1.09327
xmux_cmis.xrref.11                      1.1072
xmux_cmis.xrref.21                     2.95608
xmux_cmis.sa                           1.13101
xmux_cmis.sb                           1.66176
xmux_cmis.tail                         0.58302
outp_cmis                               2.7999
xcmis.tail                             1.13695
outn_cmis                                  3.3
ib_cmis                                1.13262
vd_cmis                               0.500102
xmux_vlo.top                           2.54454
xmux_vlo.xrc.11                        2.57082
xmux_vlo.xrc.21                        2.94372
mp_vlo                                 1.66176
xmux_vlo.xrlp.11                       1.68804
xmux_vlo.xrlp.21                       2.51826
mn_vlo                                 2.54454
xmux_vlo.xrln.11                       2.54454
xmux_vlo.xrln.21                       2.54454
xmux_vlo.ibias                         1.09327
xmux_vlo.xrref.11                       1.1072
xmux_vlo.xrref.21                      2.95608
xmux_vlo.sa                            1.13101
xmux_vlo.sb                            1.66176
xmux_vlo.tail                          0.58302
outp_vlo                               2.47025
xvlo.tail                              1.12233
outn_vlo                                  2.97
ib_vlo                                 1.13262
xmux_vhi.top                           2.54454
xmux_vhi.xrc.11                        2.57082
xmux_vhi.xrc.21                        2.94372
mp_vhi                                 1.66176
xmux_vhi.xrlp.11                       1.68804
xmux_vhi.xrlp.21                       2.51826
mn_vhi                                 2.54454
xmux_vhi.xrln.11                       2.54454
xmux_vhi.xrln.21                       2.54454
xmux_vhi.ibias                         1.09327
xmux_vhi.xrref.11                       1.1072
xmux_vhi.xrref.21                      2.95608
xmux_vhi.sa                            1.13101
xmux_vhi.sb                            1.66176
xmux_vhi.tail                          0.58302
outp_vhi                               3.12956
xvhi.tail                              1.15101
outn_vhi                                  3.63
ib_vhi                                 1.13262
xmux_z.top                             2.54454
xmux_z.xrc.11                          2.57082
xmux_z.xrc.21                          2.94372
mp_z                                   1.66176
xmux_z.xrlp.11                         1.68804
xmux_z.xrlp.21                         2.51826
mn_z                                   2.54454
xmux_z.xrln.11                         2.54454
xmux_z.xrln.21                         2.54454
xmux_z.ibias                           1.09327
xmux_z.xrref.11                         1.1072
xmux_z.xrref.21                        2.95608
xmux_z.sa                              1.13101
xmux_z.sb                              1.99596
xmux_z.tail                            0.58302
outp_z                                  2.7999
xz.tail                                1.13695
vss_z                                        0
outn_z                                     3.3
ib_z                                   1.13262
vmuxz                                 0.882787
emuxz#branch                                 0
ediff_cmis#branch                            0
ediff_c2#branch                              0
emuxref#branch                               0
ediff_c1#branch                              0
ediff_c0#branch                              0
eckref#branch                                0
vsens_z#branch                       0.0105021
vwinc#branch                                 0
vwin#branch                                  0
vclknz#branch                                0
vclkpz#branch                                0
vd0nz#branch                                 0
vd0pz#branch                                 0
vd1n#branch                                  0
vd1p#branch                                  0
vd0n#branch                                  0
vd0p#branch                                  0
vclkn#branch                                 0
vclkp#branch                                 0
vavcchi#branch                      -0.0100089
vavcclo#branch                      -0.0099951
vavcc#branch                        -0.0500103
vvdd#branch                         -0.0585339

 Reference value :  0.00000e+00
 Reference value :  1.54014e-09
 Reference value :  2.92412e-09
 Reference value :  4.48165e-09
 Reference value :  5.87163e-09
 Reference value :  7.33954e-09
 Reference value :  8.82524e-09
 Reference value :  1.03331e-08
 Reference value :  1.14830e-08
 Reference value :  1.28577e-08
 Reference value :  1.39288e-08
 Reference value :  1.51051e-08
 Reference value :  1.63556e-08
 Reference value :  1.76654e-08
 Reference value :  1.89929e-08
 Reference value :  2.02964e-08
 Reference value :  2.15960e-08
 Reference value :  2.29658e-08
 Reference value :  2.43259e-08
 Reference value :  2.56772e-08
 Reference value :  2.69417e-08
 Reference value :  2.83072e-08
 Reference value :  2.96758e-08
 Reference value :  3.10330e-08
 Reference value :  3.23863e-08
 Reference value :  3.37431e-08
 Reference value :  3.51039e-08
 Reference value :  3.64749e-08
 Reference value :  3.78426e-08
 Reference value :  3.91579e-08
 Reference value :  4.05238e-08
 Reference value :  4.18698e-08
 Reference value :  4.32408e-08
 Reference value :  4.45944e-08
 Reference value :  4.59416e-08
 Reference value :  4.72985e-08
 Reference value :  4.86772e-08
 Reference value :  5.00286e-08
 Reference value :  5.14148e-08
 Reference value :  5.27885e-08
 Reference value :  5.39939e-08
 Reference value :  5.53619e-08
 Reference value :  5.67159e-08
 Reference value :  5.80692e-08
 Reference value :  5.94454e-08
 Reference value :  6.08078e-08
No. of Data Rows : 6886
m_ui_ref            =  1.34680e-09 targ=  1.35430e-08 trig=  1.21962e-08
m_spa_in            =  5.38721e-09 targ=  1.75834e-08 trig=  1.21962e-08
m_spb_in            =  4.04040e-09 targ=  1.62366e-08 trig=  1.21962e-08
m_spa_c0            =  5.38724e-09 targ=  1.76425e-08 trig=  1.22552e-08
m_spb_c0            =  4.04043e-09 targ=  1.62957e-08 trig=  1.22552e-08
m_trise_c0          =  -2.68689e-09 targ=  1.08919e-08 trig=  1.35787e-08
m_tfall_c0          =  2.74562e-09 targ=  1.49775e-08 trig=  1.22319e-08
m_spa_c1            =  5.38724e-09 targ=  1.76795e-08 trig=  1.22923e-08
m_spb_c1            =  4.04044e-09 targ=  1.63327e-08 trig=  1.22923e-08
m_trise_c1          =  1.27904e-10 targ=  1.37248e-08 trig=  1.35969e-08
m_tfall_c1          =  1.27819e-10 targ=  1.50715e-08 trig=  1.49437e-08
m_spa_mux           =  5.38724e-09 targ=  1.76360e-08 trig=  1.22488e-08
m_spb_mux           =  4.04044e-09 targ=  1.62892e-08 trig=  1.22488e-08
m_spa_c2            =  5.38725e-09 targ=  1.77124e-08 trig=  1.23251e-08
m_spb_c2            =  4.04044e-09 targ=  1.63656e-08 trig=  1.23251e-08
m_trise_c2          =  2.32089e-10 targ=  1.38383e-08 trig=  1.36062e-08
m_tfall_c2          =  2.32062e-10 targ=  1.51851e-08 trig=  1.49530e-08
m_spa_cmis          =  5.38724e-09 targ=  1.76928e-08 trig=  1.23056e-08
m_spb_cmis          =  4.03988e-09 targ=  1.63455e-08 trig=  1.23056e-08
m_dj_ui_c0 = 2.2275005736e-05
m_swing_c0 = 5.0215200942e-01
m_vpp_c0 = 5.2186113901e-01
m_vcm_c0 = 3.0489926864e+00
m_dj_ui_c1 = 2.5245006501e-05
m_swing_c1 = 5.0193474079e-01
m_vpp_c1 = 5.1037879706e-01
m_vcm_c1 = 3.0490548145e+00
m_dj_ui_mux = 2.4502506310e-05
m_dj_ui_drv_c1 = 7.4250019143e-07
m_dj_ui_c2 = 3.0442507839e-05
m_swing_c2 = 5.0111670042e-01
m_vpp_c2 = 5.0679472787e-01
m_vcm_c2 = 3.0492686978e+00
m_dj_ui_cmis = 4.1208760611e-04
m_swing_cmis = 5.0111895477e-01
m_swing_avcclo = 5.0158045981e-01
m_vcm_avcclo = 2.7192325196e+00
m_swing_avcchi = 5.0228464356e-01
m_vcm_avcchi = 3.3788794462e+00
m_vgs_sw_max = 1.4137992296e+00
m_vgd_sw_max = 1.9920977593e+00
m_vds_sw_max = 2.4942706941e+00
m_vgs_tail_max = 1.1378704485e+00
m_vds_tail_max = 1.2072973271e+00
m_vmux_dc = 8.8278693762e-01
m_swing_dc = 5.0010216300e-01
m_vcm_dc = 3.0499484701e+00
m_ioff_dc = 8.9680391913e-09
m_itail_dc = 1.0002061196e-02
m_icell_dc = 1.0502061219e-02
Note: Simulation executed from .control section 

Warning: m=xx on .subckt line will override multiplier m hierarchy!

