
Note: Compatibility modes selected: hs a


Circuit: * cml-driver-eye-realmux @ tt_-40c_3.63v_270mbps -- generated by sim/harness, do not edit

Doing analysis at TEMP = -40.000000 and TNOM = 27.000000

Using SPARSE 1.3 as Direct Linear Solver

Initial Transient Solution
--------------------------

Node                                   Voltage
----                                   -------
vdd                                       3.63
avcc                                       3.3
avcclo                                    2.97
avcchi                                    3.63
clkp                                     2.178
clkn                                     1.089
d0p                                     3.0855
d0n                                     1.9965
d1p                                     3.0855
d1n                                     1.9965
d0pz                                    3.0855
d0nz                                    1.9965
clkpz                                    2.178
clknz                                    1.089
ckref                                    1.089
win                                          0
winc                                         0
xmux_c0.top                            3.05701
xmux_c0.xrc.11                         3.09241
xmux_c0.xrc.21                         3.59461
mp_c0                                  1.86811
xmux_c0.xrlp.11                         1.9035
xmux_c0.xrlp.21                        3.02162
mn_c0                                  3.05701
xmux_c0.xrln.11                        3.05701
xmux_c0.xrln.21                        3.05701
xmux_c0.ibias                          1.15104
xmux_c0.xrref.11                       1.16943
xmux_c0.xrref.21                       3.61161
xmux_c0.sa                             1.48263
xmux_c0.sb                             1.86811
xmux_c0.tail                          0.861389
outp_c0                                2.79058
xc0.tail                               1.57629
outn_c0                                    3.3
ib_c0                                  1.13262
vd_c0                                 0.509416
xmux_c1.top                            3.05701
xmux_c1.xrc.11                         3.09241
xmux_c1.xrc.21                         3.59461
mp_c1                                  1.86811
xmux_c1.xrlp.11                         1.9035
xmux_c1.xrlp.21                        3.02162
mn_c1                                  3.05701
xmux_c1.xrln.11                        3.05701
xmux_c1.xrln.21                        3.05701
xmux_c1.ibias                          1.15104
xmux_c1.xrref.11                       1.16943
xmux_c1.xrref.21                       3.61161
xmux_c1.sa                             1.48263
xmux_c1.sb                             1.86811
xmux_c1.tail                          0.861389
outp_c1                                2.79058
xc1.tail                               1.57629
outn_c1                                    3.3
ib_c1                                  1.13262
vd_c1                                 0.509416
muxref                                  1.1889
xmux_c2.top                            3.05701
xmux_c2.xrc.11                         3.09241
xmux_c2.xrc.21                         3.59461
mp_c2                                  1.86811
xmux_c2.xrlp.11                         1.9035
xmux_c2.xrlp.21                        3.02162
mn_c2                                  3.05701
xmux_c2.xrln.11                        3.05701
xmux_c2.xrln.21                        3.05701
xmux_c2.ibias                          1.15104
xmux_c2.xrref.11                       1.16943
xmux_c2.xrref.21                       3.61161
xmux_c2.sa                             1.48263
xmux_c2.sb                             1.86811
xmux_c2.tail                          0.861389
outp_c2                                2.79058
xc2.tail                               1.57629
outn_c2                                    3.3
ib_c2                                  1.13262
vd_c2                                 0.509416
xmux_cmis.top                          3.05701
xmux_cmis.xrc.11                       3.09241
xmux_cmis.xrc.21                       3.59461
mp_cm                                  1.86811
xmux_cmis.xrlp.11                       1.9035
xmux_cmis.xrlp.21                      3.02162
mn_cm                                  3.05701
xmux_cmis.xrln.11                      3.05701
xmux_cmis.xrln.21                      3.05701
xmux_cmis.ibias                        1.15104
xmux_cmis.xrref.11                     1.16943
xmux_cmis.xrref.21                     3.61161
xmux_cmis.sa                           1.48263
xmux_cmis.sb                           1.86811
xmux_cmis.tail                        0.861389
outp_cmis                              2.79058
xcmis.tail                             1.57629
outn_cmis                                  3.3
ib_cmis                                1.13262
vd_cmis                               0.509416
xmux_vlo.top                           3.05701
xmux_vlo.xrc.11                        3.09241
xmux_vlo.xrc.21                        3.59461
mp_vlo                                 1.86811
xmux_vlo.xrlp.11                        1.9035
xmux_vlo.xrlp.21                       3.02162
mn_vlo                                 3.05701
xmux_vlo.xrln.11                       3.05701
xmux_vlo.xrln.21                       3.05701
xmux_vlo.ibias                         1.15104
xmux_vlo.xrref.11                      1.16943
xmux_vlo.xrref.21                      3.61161
xmux_vlo.sa                            1.48263
xmux_vlo.sb                            1.86811
xmux_vlo.tail                         0.861389
outp_vlo                               2.46094
xvlo.tail                              1.55821
outn_vlo                                  2.97
ib_vlo                                 1.13262
xmux_vhi.top                           3.05701
xmux_vhi.xrc.11                        3.09241
xmux_vhi.xrc.21                        3.59461
mp_vhi                                 1.86811
xmux_vhi.xrlp.11                        1.9035
xmux_vhi.xrlp.21                       3.02162
mn_vhi                                 3.05701
xmux_vhi.xrln.11                       3.05701
xmux_vhi.xrln.21                       3.05701
xmux_vhi.ibias                         1.15104
xmux_vhi.xrref.11                      1.16943
xmux_vhi.xrref.21                      3.61161
xmux_vhi.sa                            1.48263
xmux_vhi.sb                            1.86811
xmux_vhi.tail                         0.861389
outp_vhi                               3.12027
xvhi.tail                              1.59268
outn_vhi                                  3.63
ib_vhi                                 1.13262
xmux_z.top                             3.05701
xmux_z.xrc.11                          3.09241
xmux_z.xrc.21                          3.59461
mp_z                                   1.86811
xmux_z.xrlp.11                          1.9035
xmux_z.xrlp.21                         3.02162
mn_z                                   3.05701
xmux_z.xrln.11                         3.05701
xmux_z.xrln.21                         3.05701
xmux_z.ibias                           1.15104
xmux_z.xrref.11                        1.16943
xmux_z.xrref.21                        3.61161
xmux_z.sa                              1.48263
xmux_z.sb                              2.54201
xmux_z.tail                           0.861389
outp_z                                 2.79058
xz.tail                                1.57629
vss_z                                        0
outn_z                                     3.3
ib_z                                   1.13262
vmuxz                                   1.1889
emuxz#branch                                 0
ediff_cmis#branch                            0
ediff_c2#branch                              0
emuxref#branch                               0
ediff_c1#branch                              0
ediff_c0#branch                              0
eckref#branch                                0
vsens_z#branch                       0.0106883
vwinc#branch                                 0
vwin#branch                                  0
vclknz#branch                                0
vclkpz#branch                                0
vd0nz#branch                                 0
vd0pz#branch                                 0
vd1n#branch                                  0
vd1p#branch                                  0
vd0n#branch                                  0
vd0p#branch                                  0
vclkn#branch                                 0
vclkp#branch                                 0
vavcchi#branch                      -0.0101946
vavcclo#branch                      -0.0101813
vavcc#branch                        -0.0509416
vvdd#branch                         -0.0787566

 Reference value :  0.00000e+00
 Reference value :  3.72689e-09
 Reference value :  5.77481e-09
 Reference value :  7.59023e-09
 Reference value :  1.11309e-08
 Reference value :  1.32023e-08
 Reference value :  1.49976e-08
 Reference value :  1.85444e-08
 Reference value :  2.06297e-08
 Reference value :  2.24137e-08
 Reference value :  2.59486e-08
 Reference value :  2.80371e-08
 Reference value :  2.98301e-08
 Reference value :  3.33335e-08
 Reference value :  3.46042e-08
 Reference value :  3.71480e-08
 Reference value :  3.96303e-08
 Reference value :  4.09557e-08
 Reference value :  4.43901e-08
 Reference value :  4.55316e-08
 Reference value :  4.82315e-08
 Reference value :  5.04560e-08
 Reference value :  5.20140e-08
 Reference value :  5.51212e-08
 Reference value :  5.63227e-08
 Reference value :  5.93102e-08
No. of Data Rows : 4539
m_ui_ref            =  3.70370e-09 targ=  3.71120e-08 trig=  3.34083e-08
m_spa_in            =  1.48148e-08 targ=  4.82231e-08 trig=  3.34083e-08
m_spb_in            =  1.11111e-08 targ=  4.45194e-08 trig=  3.34083e-08
m_spa_c0            =  1.48148e-08 targ=  4.82789e-08 trig=  3.34640e-08
m_spb_c0            =  1.11111e-08 targ=  4.45751e-08 trig=  3.34640e-08
m_trise_c0          =  3.96828e-11 targ=  3.71894e-08 trig=  3.71497e-08
m_tfall_c0          =  3.96761e-11 targ=  4.08931e-08 trig=  4.08534e-08
m_spa_c1            =  1.48148e-08 targ=  4.83145e-08 trig=  3.34996e-08
m_spb_c1            =  1.11111e-08 targ=  4.46108e-08 trig=  3.34996e-08
m_trise_c1          =  1.15604e-10 targ=  3.72821e-08 trig=  3.71665e-08
m_tfall_c1          =  1.15720e-10 targ=  4.09859e-08 trig=  4.08702e-08
m_spa_mux           =  1.48148e-08 targ=  4.82722e-08 trig=  3.34574e-08
m_spb_mux           =  1.11111e-08 targ=  4.45685e-08 trig=  3.34574e-08
m_spa_c2            =  1.48148e-08 targ=  4.83470e-08 trig=  3.35322e-08
m_spb_c2            =  1.11111e-08 targ=  4.46433e-08 trig=  3.35322e-08
m_trise_c2          =  2.18180e-10 targ=  3.73931e-08 trig=  3.71750e-08
m_tfall_c2          =  2.18441e-10 targ=  4.10971e-08 trig=  4.08787e-08
m_spa_cmis          =  1.48148e-08 targ=  4.83273e-08 trig=  3.35125e-08
m_spb_cmis          =  1.11110e-08 targ=  4.46234e-08 trig=  3.35125e-08
m_dj_ui_c0 = 2.6999997844e-06
m_swing_c0 = 5.1058953232e-01
m_vpp_c0 = 5.5033143627e-01
m_vcm_c0 = 3.0447163287e+00
m_dj_ui_c1 = 2.6999997844e-06
m_swing_c1 = 5.1066493881e-01
m_vpp_c1 = 5.2508335660e-01
m_vcm_c1 = 3.0446804995e+00
m_dj_ui_mux = 2.6999997844e-06
m_dj_ui_drv_c1 = 0.0000000000e+00
m_dj_ui_c2 = 5.3999995684e-06
m_swing_c2 = 5.1064767810e-01
m_vpp_c2 = 5.1913409752e-01
m_vcm_c2 = 3.0446808525e+00
m_dj_ui_cmis = 4.3199996543e-05
m_swing_cmis = 5.1064980996e-01
m_swing_avcclo = 5.1030895134e-01
m_vcm_avcclo = 2.7148589118e+00
m_swing_avcchi = 5.1097674315e-01
m_vcm_avcchi = 3.3745242949e+00
m_vgs_sw_max = 1.4903118999e+00
m_vgd_sw_max = 1.7916183699e+00
m_vds_sw_max = 2.1230000170e+00
m_vgs_tail_max = 1.1366854637e+00
m_vds_tail_max = 1.6482747341e+00
m_vmux_dc = 1.1889019090e+00
m_swing_dc = 5.0941554712e-01
m_vcm_dc = 3.0452922263e+00
m_ioff_dc = 3.3112534936e-12
m_itail_dc = 1.0188310949e-02
m_icell_dc = 1.0688310949e-02
Note: Simulation executed from .control section 

Warning: m=xx on .subckt line will override multiplier m hierarchy!

