
Note: Compatibility modes selected: hs a


Circuit: * cml-driver-eye-realmux @ tt_27c_3.63v_742p5mbps -- generated by sim/harness, do not edit

Doing analysis at TEMP = 27.000000 and TNOM = 27.000000

Using SPARSE 1.3 as Direct Linear Solver

Initial Transient Solution
--------------------------

Node                                   Voltage
----                                   -------
vdd                                       3.63
avcc                                       3.3
avcclo                                    2.97
avcchi                                    3.63
clkp                                     2.178
clkn                                     1.089
d0p                                     3.0855
d0n                                     1.9965
d1p                                     3.0855
d1n                                     1.9965
d0pz                                    3.0855
d0nz                                    1.9965
clkpz                                    2.178
clknz                                    1.089
ckref                                    1.089
win                                          0
winc                                         0
xmux_c0.top                            3.06355
xmux_c0.xrc.11                         3.09592
xmux_c0.xrc.21                         3.59763
mp_c0                                  1.88182
xmux_c0.xrlp.11                        1.91418
xmux_c0.xrlp.21                        3.03118
mn_c0                                  3.06351
xmux_c0.xrln.11                        3.06351
xmux_c0.xrln.21                        3.06355
xmux_c0.ibias                           1.1523
xmux_c0.xrref.11                       1.16915
xmux_c0.xrref.21                       3.61315
xmux_c0.sa                             1.43063
xmux_c0.sb                             1.88182
xmux_c0.tail                          0.839589
outp_c0                                2.79134
xc0.tail                                1.5499
outn_c0                                    3.3
ib_c0                                  1.12784
vd_c0                                 0.508659
xmux_c1.top                            3.06355
xmux_c1.xrc.11                         3.09592
xmux_c1.xrc.21                         3.59763
mp_c1                                  1.88182
xmux_c1.xrlp.11                        1.91418
xmux_c1.xrlp.21                        3.03118
mn_c1                                  3.06351
xmux_c1.xrln.11                        3.06351
xmux_c1.xrln.21                        3.06355
xmux_c1.ibias                           1.1523
xmux_c1.xrref.11                       1.16915
xmux_c1.xrref.21                       3.61315
xmux_c1.sa                             1.43063
xmux_c1.sb                             1.88182
xmux_c1.tail                          0.839589
outp_c1                                2.79134
xc1.tail                                1.5499
outn_c1                                    3.3
ib_c1                                  1.12784
vd_c1                                 0.508659
muxref                                 1.18169
xmux_c2.top                            3.06355
xmux_c2.xrc.11                         3.09592
xmux_c2.xrc.21                         3.59763
mp_c2                                  1.88182
xmux_c2.xrlp.11                        1.91418
xmux_c2.xrlp.21                        3.03118
mn_c2                                  3.06351
xmux_c2.xrln.11                        3.06351
xmux_c2.xrln.21                        3.06355
xmux_c2.ibias                           1.1523
xmux_c2.xrref.11                       1.16915
xmux_c2.xrref.21                       3.61315
xmux_c2.sa                             1.43063
xmux_c2.sb                             1.88182
xmux_c2.tail                          0.839589
outp_c2                                2.79134
xc2.tail                                1.5499
outn_c2                                    3.3
ib_c2                                  1.12784
vd_c2                                 0.508659
xmux_cmis.top                          3.06355
xmux_cmis.xrc.11                       3.09592
xmux_cmis.xrc.21                       3.59763
mp_cm                                  1.88182
xmux_cmis.xrlp.11                      1.91418
xmux_cmis.xrlp.21                      3.03118
mn_cm                                  3.06351
xmux_cmis.xrln.11                      3.06351
xmux_cmis.xrln.21                      3.06355
xmux_cmis.ibias                         1.1523
xmux_cmis.xrref.11                     1.16915
xmux_cmis.xrref.21                     3.61315
xmux_cmis.sa                           1.43063
xmux_cmis.sb                           1.88182
xmux_cmis.tail                        0.839589
outp_cmis                              2.79134
xcmis.tail                              1.5499
outn_cmis                                  3.3
ib_cmis                                1.12784
vd_cmis                               0.508659
xmux_vlo.top                           3.06355
xmux_vlo.xrc.11                        3.09592
xmux_vlo.xrc.21                        3.59763
mp_vlo                                 1.88182
xmux_vlo.xrlp.11                       1.91418
xmux_vlo.xrlp.21                       3.03118
mn_vlo                                 3.06351
xmux_vlo.xrln.11                       3.06351
xmux_vlo.xrln.21                       3.06355
xmux_vlo.ibias                          1.1523
xmux_vlo.xrref.11                      1.16915
xmux_vlo.xrref.21                      3.61315
xmux_vlo.sa                            1.43063
xmux_vlo.sb                            1.88182
xmux_vlo.tail                         0.839589
outp_vlo                                2.4617
xvlo.tail                              1.53046
outn_vlo                                  2.97
ib_vlo                                 1.12784
xmux_vhi.top                           3.06355
xmux_vhi.xrc.11                        3.09592
xmux_vhi.xrc.21                        3.59763
mp_vhi                                 1.88182
xmux_vhi.xrlp.11                       1.91418
xmux_vhi.xrlp.21                       3.03118
mn_vhi                                 3.06351
xmux_vhi.xrln.11                       3.06351
xmux_vhi.xrln.21                       3.06355
xmux_vhi.ibias                          1.1523
xmux_vhi.xrref.11                      1.16915
xmux_vhi.xrref.21                      3.61315
xmux_vhi.sa                            1.43063
xmux_vhi.sb                            1.88182
xmux_vhi.tail                         0.839589
outp_vhi                               3.12103
xvhi.tail                                1.567
outn_vhi                                  3.63
ib_vhi                                 1.12784
xmux_z.top                             3.06355
xmux_z.xrc.11                          3.09592
xmux_z.xrc.21                          3.59763
mp_z                                   1.88182
xmux_z.xrlp.11                         1.91418
xmux_z.xrlp.21                         3.03118
mn_z                                   3.06351
xmux_z.xrln.11                         3.06351
xmux_z.xrln.21                         3.06355
xmux_z.ibias                            1.1523
xmux_z.xrref.11                        1.16915
xmux_z.xrref.21                        3.61315
xmux_z.sa                              1.43063
xmux_z.sb                              2.58692
xmux_z.tail                           0.839589
outp_z                                 2.79134
xz.tail                                 1.5499
vss_z                                        0
outn_z                                     3.3
ib_z                                   1.12784
vmuxz                                  1.18169
emuxz#branch                                 0
ediff_cmis#branch                            0
ediff_c2#branch                              0
emuxref#branch                               0
ediff_c1#branch                              0
ediff_c0#branch                              0
eckref#branch                                0
vsens_z#branch                       0.0106732
vwinc#branch                                 0
vwin#branch                                  0
vclknz#branch                                0
vclkpz#branch                                0
vd0nz#branch                                 0
vd0pz#branch                                 0
vd1n#branch                                  0
vd1p#branch                                  0
vd0n#branch                                  0
vd0p#branch                                  0
vclkn#branch                                 0
vclkp#branch                                 0
vavcchi#branch                      -0.0101795
vavcclo#branch                       -0.010166
vavcc#branch                        -0.0508659
vvdd#branch                         -0.0793942

 Reference value :  0.00000e+00
 Reference value :  1.74977e-09
 Reference value :  3.69619e-09
 Reference value :  5.38815e-09
 Reference value :  6.78871e-09
 Reference value :  8.21776e-09
 Reference value :  9.60031e-09
 Reference value :  1.10066e-08
 Reference value :  1.23509e-08
 Reference value :  1.37210e-08
 Reference value :  1.49688e-08
 Reference value :  1.63049e-08
 Reference value :  1.76019e-08
 Reference value :  1.89189e-08
 Reference value :  2.02270e-08
 Reference value :  2.14362e-08
 Reference value :  2.28442e-08
 Reference value :  2.42274e-08
 Reference value :  2.55892e-08
 Reference value :  2.69360e-08
 Reference value :  2.71074e-08
 Reference value :  2.86226e-08
 Reference value :  3.04890e-08
 Reference value :  3.23232e-08
 Reference value :  3.36972e-08
 Reference value :  3.51007e-08
 Reference value :  3.65157e-08
 Reference value :  3.78981e-08
 Reference value :  3.92210e-08
 Reference value :  4.05684e-08
 Reference value :  4.19293e-08
 Reference value :  4.32819e-08
 Reference value :  4.46512e-08
 Reference value :  4.60545e-08
 Reference value :  4.74114e-08
 Reference value :  4.88283e-08
 Reference value :  5.01994e-08
 Reference value :  5.17218e-08
 Reference value :  5.30679e-08
 Reference value :  5.39654e-08
 Reference value :  5.53383e-08
 Reference value :  5.67213e-08
 Reference value :  5.81798e-08
 Reference value :  6.01606e-08
No. of Data Rows : 6733
m_ui_ref            =  1.34680e-09 targ=  1.35430e-08 trig=  1.21962e-08
m_spa_in            =  5.38721e-09 targ=  1.75834e-08 trig=  1.21962e-08
m_spb_in            =  4.04040e-09 targ=  1.62366e-08 trig=  1.21962e-08
m_spa_c0            =  5.38723e-09 targ=  1.76442e-08 trig=  1.22570e-08
m_spb_c0            =  4.04042e-09 targ=  1.62974e-08 trig=  1.22570e-08
m_trise_c0          =  4.79765e-11 targ=  1.36298e-08 trig=  1.35818e-08
m_tfall_c0          =  4.79983e-11 targ=  1.49766e-08 trig=  1.49286e-08
m_spa_c1            =  5.38724e-09 targ=  1.76808e-08 trig=  1.22935e-08
m_spb_c1            =  4.04043e-09 targ=  1.63340e-08 trig=  1.22935e-08
m_trise_c1          =  1.18203e-10 targ=  1.37184e-08 trig=  1.36002e-08
m_tfall_c1          =  1.18208e-10 targ=  1.50652e-08 trig=  1.49470e-08
m_spa_mux           =  5.38723e-09 targ=  1.76371e-08 trig=  1.22499e-08
m_spb_mux           =  4.04043e-09 targ=  1.62903e-08 trig=  1.22499e-08
m_spa_c2            =  5.38725e-09 targ=  1.77130e-08 trig=  1.23257e-08
m_spb_c2            =  4.04045e-09 targ=  1.63662e-08 trig=  1.23257e-08
m_trise_c2          =  2.19511e-10 targ=  1.38291e-08 trig=  1.36095e-08
m_tfall_c2          =  2.19375e-10 targ=  1.51757e-08 trig=  1.49563e-08
m_spa_cmis          =  5.38722e-09 targ=  1.76937e-08 trig=  1.23065e-08
m_spb_cmis          =  4.04009e-09 targ=  1.63466e-08 trig=  1.23065e-08
m_dj_ui_c0 = 1.5592504015e-05
m_swing_c0 = 5.1164655675e-01
m_vpp_c0 = 5.4702106563e-01
m_vcm_c0 = 3.0442162796e+00
m_dj_ui_c1 = 2.2275005736e-05
m_swing_c1 = 5.1121739673e-01
m_vpp_c1 = 5.2150900203e-01
m_vcm_c1 = 3.0444156319e+00
m_dj_ui_mux = 1.6335004207e-05
m_dj_ui_drv_c1 = 5.9400015296e-06
m_dj_ui_c2 = 3.1185008030e-05
m_swing_c2 = 5.1004227739e-01
m_vpp_c2 = 5.1695146901e-01
m_vcm_c2 = 3.0448034854e+00
m_dj_ui_cmis = 2.4725256367e-04
m_swing_cmis = 5.1004451033e-01
m_swing_avcclo = 5.1081137508e-01
m_vcm_avcclo = 2.7146193729e+00
m_swing_avcchi = 5.1154143320e-01
m_vcm_avcchi = 3.3742530837e+00
m_vgs_sw_max = 1.5173679158e+00
m_vgd_sw_max = 1.7704187088e+00
m_vds_sw_max = 2.1380232710e+00
m_vgs_tail_max = 1.1315318738e+00
m_vds_tail_max = 1.6092612287e+00
m_vmux_dc = 1.1816926292e+00
m_swing_dc = 5.0865940719e-01
m_vcm_dc = 3.0456702854e+00
m_ioff_dc = 2.1949945861e-10
m_itail_dc = 1.0173188583e-02
m_icell_dc = 1.0673188600e-02
Note: Simulation executed from .control section 

Warning: m=xx on .subckt line will override multiplier m hierarchy!

