
Note: Compatibility modes selected: hs a


Circuit: * cml-driver-eye-realmux @ tt_27c_2.97v_270mbps -- generated by sim/harness, do not edit

Doing analysis at TEMP = 27.000000 and TNOM = 27.000000

Using SPARSE 1.3 as Direct Linear Solver

Initial Transient Solution
--------------------------

Node                                   Voltage
----                                   -------
vdd                                       2.97
avcc                                       3.3
avcclo                                    2.97
avcchi                                    3.63
clkp                                     1.782
clkn                                     0.891
d0p                                     2.5245
d0n                                     1.6335
d1p                                     2.5245
d1n                                     1.6335
d0pz                                    2.5245
d0nz                                    1.6335
clkpz                                    1.782
clknz                                    0.891
ckref                                    0.891
win                                          0
winc                                         0
xmux_c0.top                             2.5473
xmux_c0.xrc.11                         2.57145
xmux_c0.xrc.21                         2.94585
mp_c0                                  1.66545
xmux_c0.xrlp.11                         1.6896
xmux_c0.xrlp.21                        2.52314
mn_c0                                  2.54726
xmux_c0.xrln.11                        2.54727
xmux_c0.xrln.21                         2.5473
xmux_c0.ibias                          1.08449
xmux_c0.xrref.11                       1.09731
xmux_c0.xrref.21                       2.95718
xmux_c0.sa                             1.10315
xmux_c0.sb                             1.66545
xmux_c0.tail                          0.575377
outp_c0                                2.80044
xc0.tail                               1.11191
outn_c0                                3.29994
ib_c0                                  1.12784
vd_c0                                 0.499497
xmux_c1.top                             2.5473
xmux_c1.xrc.11                         2.57145
xmux_c1.xrc.21                         2.94585
mp_c1                                  1.66545
xmux_c1.xrlp.11                         1.6896
xmux_c1.xrlp.21                        2.52314
mn_c1                                  2.54726
xmux_c1.xrln.11                        2.54727
xmux_c1.xrln.21                         2.5473
xmux_c1.ibias                          1.08449
xmux_c1.xrref.11                       1.09731
xmux_c1.xrref.21                       2.95718
xmux_c1.sa                             1.10315
xmux_c1.sb                             1.66545
xmux_c1.tail                          0.575377
outp_c1                                2.80044
xc1.tail                               1.11191
outn_c1                                3.29994
ib_c1                                  1.12784
vd_c1                                 0.499497
muxref                                0.881816
xmux_c2.top                             2.5473
xmux_c2.xrc.11                         2.57145
xmux_c2.xrc.21                         2.94585
mp_c2                                  1.66545
xmux_c2.xrlp.11                         1.6896
xmux_c2.xrlp.21                        2.52314
mn_c2                                  2.54726
xmux_c2.xrln.11                        2.54727
xmux_c2.xrln.21                         2.5473
xmux_c2.ibias                          1.08449
xmux_c2.xrref.11                       1.09731
xmux_c2.xrref.21                       2.95718
xmux_c2.sa                             1.10315
xmux_c2.sb                             1.66545
xmux_c2.tail                          0.575377
outp_c2                                2.80044
xc2.tail                               1.11191
outn_c2                                3.29994
ib_c2                                  1.12784
vd_c2                                 0.499497
xmux_cmis.top                           2.5473
xmux_cmis.xrc.11                       2.57145
xmux_cmis.xrc.21                       2.94585
mp_cm                                  1.66545
xmux_cmis.xrlp.11                       1.6896
xmux_cmis.xrlp.21                      2.52314
mn_cm                                  2.54726
xmux_cmis.xrln.11                      2.54727
xmux_cmis.xrln.21                       2.5473
xmux_cmis.ibias                        1.08449
xmux_cmis.xrref.11                     1.09731
xmux_cmis.xrref.21                     2.95718
xmux_cmis.sa                           1.10315
xmux_cmis.sb                           1.66545
xmux_cmis.tail                        0.575377
outp_cmis                              2.80044
xcmis.tail                             1.11191
outn_cmis                              3.29994
ib_cmis                                1.12784
vd_cmis                               0.499497
xmux_vlo.top                            2.5473
xmux_vlo.xrc.11                        2.57145
xmux_vlo.xrc.21                        2.94585
mp_vlo                                 1.66545
xmux_vlo.xrlp.11                        1.6896
xmux_vlo.xrlp.21                       2.52314
mn_vlo                                 2.54726
xmux_vlo.xrln.11                       2.54727
xmux_vlo.xrln.21                        2.5473
xmux_vlo.ibias                         1.08449
xmux_vlo.xrref.11                      1.09731
xmux_vlo.xrref.21                      2.95718
xmux_vlo.sa                            1.10315
xmux_vlo.sb                            1.66545
xmux_vlo.tail                         0.575377
outp_vlo                               2.47081
xvlo.tail                              1.09678
outn_vlo                               2.96993
ib_vlo                                 1.12784
xmux_vhi.top                            2.5473
xmux_vhi.xrc.11                        2.57145
xmux_vhi.xrc.21                        2.94585
mp_vhi                                 1.66545
xmux_vhi.xrlp.11                        1.6896
xmux_vhi.xrlp.21                       2.52314
mn_vhi                                 2.54726
xmux_vhi.xrln.11                       2.54727
xmux_vhi.xrln.21                        2.5473
xmux_vhi.ibias                         1.08449
xmux_vhi.xrref.11                      1.09731
xmux_vhi.xrref.21                      2.95718
xmux_vhi.sa                            1.10315
xmux_vhi.sb                            1.66545
xmux_vhi.tail                         0.575377
outp_vhi                               3.13009
xvhi.tail                              1.12633
outn_vhi                               3.62994
ib_vhi                                 1.12784
xmux_z.top                              2.5473
xmux_z.xrc.11                          2.57145
xmux_z.xrc.21                          2.94585
mp_z                                   1.66545
xmux_z.xrlp.11                          1.6896
xmux_z.xrlp.21                         2.52314
mn_z                                   2.54726
xmux_z.xrln.11                         2.54727
xmux_z.xrln.21                          2.5473
xmux_z.ibias                           1.08449
xmux_z.xrref.11                        1.09731
xmux_z.xrref.21                        2.95718
xmux_z.sa                              1.10315
xmux_z.sb                              1.98887
xmux_z.tail                           0.575377
outp_z                                 2.80044
xz.tail                                1.11191
vss_z                                        0
outn_z                                 3.29994
ib_z                                   1.12784
vmuxz                                 0.881814
emuxz#branch                                 0
ediff_cmis#branch                            0
ediff_c2#branch                              0
emuxref#branch                               0
ediff_c1#branch                              0
ediff_c0#branch                              0
eckref#branch                                0
vsens_z#branch                       0.0104925
vwinc#branch                                 0
vwin#branch                                  0
vclknz#branch                                0
vclkpz#branch                                0
vd0nz#branch                                 0
vd0pz#branch                                 0
vd1n#branch                                  0
vd1p#branch                                  0
vd0n#branch                                  0
vd0p#branch                                  0
vclkn#branch                                 0
vclkp#branch                                 0
vavcchi#branch                     -0.00999941
vavcclo#branch                     -0.00998526
vavcc#branch                        -0.0499625
vvdd#branch                         -0.0593034

 Reference value :  0.00000e+00
 Reference value :  3.72419e-09
 Reference value :  5.88394e-09
 Reference value :  7.64910e-09
 Reference value :  1.11443e-08
 Reference value :  1.34723e-08
 Reference value :  1.51104e-08
 Reference value :  1.85676e-08
 Reference value :  2.09790e-08
 Reference value :  2.26330e-08
 Reference value :  2.59865e-08
 Reference value :  2.85071e-08
 Reference value :  2.99696e-08
 Reference value :  3.34037e-08
 Reference value :  3.57709e-08
 Reference value :  3.74715e-08
 Reference value :  4.07520e-08
 Reference value :  4.24686e-08
 Reference value :  4.46023e-08
 Reference value :  4.76338e-08
 Reference value :  4.92603e-08
 Reference value :  5.19602e-08
 Reference value :  5.44476e-08
 Reference value :  5.60213e-08
 Reference value :  5.92651e-08
No. of Data Rows : 4408
m_ui_ref            =  3.70370e-09 targ=  3.71120e-08 trig=  3.34083e-08
m_spa_in            =  1.48148e-08 targ=  4.82231e-08 trig=  3.34083e-08
m_spb_in            =  1.11111e-08 targ=  4.45194e-08 trig=  3.34083e-08
m_spa_c0            =  1.48148e-08 targ=  4.82889e-08 trig=  3.34740e-08
m_spb_c0            =  1.11111e-08 targ=  4.45852e-08 trig=  3.34740e-08
m_trise_c0          =  -7.36939e-09 targ=  2.97793e-08 trig=  3.71487e-08
m_tfall_c0          =  7.47191e-09 targ=  4.09169e-08 trig=  3.34450e-08
m_spa_c1            =  1.48148e-08 targ=  4.83272e-08 trig=  3.35124e-08
m_spb_c1            =  1.11111e-08 targ=  4.46235e-08 trig=  3.35124e-08
m_trise_c1          =  1.34899e-10 targ=  3.73034e-08 trig=  3.71685e-08
m_tfall_c1          =  1.34742e-10 targ=  4.10069e-08 trig=  4.08722e-08
m_spa_mux           =  1.48148e-08 targ=  4.82820e-08 trig=  3.34671e-08
m_spb_mux           =  1.11111e-08 targ=  4.45782e-08 trig=  3.34671e-08
m_spa_c2            =  1.48148e-08 targ=  4.83600e-08 trig=  3.35451e-08
m_spb_c2            =  1.11111e-08 targ=  4.46563e-08 trig=  3.35451e-08
m_trise_c2          =  2.37005e-10 targ=  3.74158e-08 trig=  3.71788e-08
m_tfall_c2          =  2.37145e-10 targ=  4.11196e-08 trig=  4.08825e-08
m_spa_cmis          =  1.48148e-08 targ=  4.83408e-08 trig=  3.35260e-08
m_spb_cmis          =  1.11103e-08 targ=  4.46363e-08 trig=  3.35260e-08
m_dj_ui_c0 = 2.6999997844e-06
m_swing_c0 = 5.0033436045e-01
m_vpp_c0 = 5.1055534855e-01
m_vcm_c0 = 3.0497757743e+00
m_dj_ui_c1 = 2.6999997835e-06
m_swing_c1 = 5.0035819369e-01
m_vpp_c1 = 5.0419173183e-01
m_vcm_c1 = 3.0497651127e+00
m_dj_ui_mux = 5.3999995675e-06
m_dj_ui_drv_c1 = 2.6999997844e-06
m_dj_ui_c2 = 8.0999993519e-06
m_swing_c2 = 5.0027444381e-01
m_vpp_c2 = 5.0236514611e-01
m_vcm_c2 = 3.0498009104e+00
m_dj_ui_cmis = 2.2139998229e-04
m_swing_cmis = 5.0027259930e-01
m_swing_avcclo = 4.9997339501e-01
m_vcm_avcclo = 2.7199490372e+00
m_swing_avcchi = 5.0072173262e-01
m_vcm_avcchi = 3.3795895599e+00
m_vgs_sw_max = 1.4351631870e+00
m_vgd_sw_max = 1.9815142705e+00
m_vds_sw_max = 2.5173312946e+00
m_vgs_tail_max = 1.1336312086e+00
m_vds_tail_max = 1.1916055116e+00
m_vmux_dc = 8.8181427909e-01
m_swing_dc = 4.9949710551e-01
m_vcm_dc = 3.0501876899e+00
m_ioff_dc = 1.2751467039e-06
m_itail_dc = 9.9924924037e-03
m_icell_dc = 1.0492492404e-02
Note: Simulation executed from .control section 

Warning: m=xx on .subckt line will override multiplier m hierarchy!

