
Note: Compatibility modes selected: hs a


Circuit: * cml-driver-eye-realmux @ tt_27c_3.30v_270mbps -- generated by sim/harness, do not edit

Doing analysis at TEMP = 27.000000 and TNOM = 27.000000

Using SPARSE 1.3 as Direct Linear Solver

Initial Transient Solution
--------------------------

Node                                   Voltage
----                                   -------
vdd                                        3.3
avcc                                       3.3
avcclo                                    2.97
avcchi                                    3.63
clkp                                      1.98
clkn                                      0.99
d0p                                      2.805
d0n                                      1.815
d1p                                      2.805
d1n                                      1.815
d0pz                                     2.805
d0nz                                     1.815
clkpz                                     1.98
clknz                                     0.99
ckref                                     0.99
win                                          0
winc                                         0
xmux_c0.top                            2.80558
xmux_c0.xrc.11                         2.83383
xmux_c0.xrc.21                         3.27175
mp_c0                                  1.77409
xmux_c0.xrlp.11                        1.80234
xmux_c0.xrlp.21                        2.77732
mn_c0                                  2.80555
xmux_c0.xrln.11                        2.80555
xmux_c0.xrln.21                        2.80557
xmux_c0.ibias                          1.11918
xmux_c0.xrref.11                       1.13401
xmux_c0.xrref.21                       3.28517
xmux_c0.sa                             1.27473
xmux_c0.sb                             1.77409
xmux_c0.tail                          0.706838
outp_c0                                2.79558
xc0.tail                               1.33046
outn_c0                                    3.3
ib_c0                                  1.12784
vd_c0                                 0.504415
xmux_c1.top                            2.80558
xmux_c1.xrc.11                         2.83383
xmux_c1.xrc.21                         3.27175
mp_c1                                  1.77409
xmux_c1.xrlp.11                        1.80234
xmux_c1.xrlp.21                        2.77732
mn_c1                                  2.80555
xmux_c1.xrln.11                        2.80555
xmux_c1.xrln.21                        2.80557
xmux_c1.ibias                          1.11918
xmux_c1.xrref.11                       1.13401
xmux_c1.xrref.21                       3.28517
xmux_c1.sa                             1.27473
xmux_c1.sb                             1.77409
xmux_c1.tail                          0.706838
outp_c1                                2.79558
xc1.tail                               1.33046
outn_c1                                    3.3
ib_c1                                  1.12784
vd_c1                                 0.504415
muxref                                 1.03146
xmux_c2.top                            2.80558
xmux_c2.xrc.11                         2.83383
xmux_c2.xrc.21                         3.27175
mp_c2                                  1.77409
xmux_c2.xrlp.11                        1.80234
xmux_c2.xrlp.21                        2.77732
mn_c2                                  2.80555
xmux_c2.xrln.11                        2.80555
xmux_c2.xrln.21                        2.80557
xmux_c2.ibias                          1.11918
xmux_c2.xrref.11                       1.13401
xmux_c2.xrref.21                       3.28517
xmux_c2.sa                             1.27473
xmux_c2.sb                             1.77409
xmux_c2.tail                          0.706838
outp_c2                                2.79558
xc2.tail                               1.33046
outn_c2                                    3.3
ib_c2                                  1.12784
vd_c2                                 0.504415
xmux_cmis.top                          2.80558
xmux_cmis.xrc.11                       2.83383
xmux_cmis.xrc.21                       3.27175
mp_cm                                  1.77409
xmux_cmis.xrlp.11                      1.80234
xmux_cmis.xrlp.21                      2.77732
mn_cm                                  2.80555
xmux_cmis.xrln.11                      2.80555
xmux_cmis.xrln.21                      2.80557
xmux_cmis.ibias                        1.11918
xmux_cmis.xrref.11                     1.13401
xmux_cmis.xrref.21                     3.28517
xmux_cmis.sa                           1.27473
xmux_cmis.sb                           1.77409
xmux_cmis.tail                        0.706838
outp_cmis                              2.79558
xcmis.tail                             1.33046
outn_cmis                                  3.3
ib_cmis                                1.12784
vd_cmis                               0.504415
xmux_vlo.top                           2.80558
xmux_vlo.xrc.11                        2.83383
xmux_vlo.xrc.21                        3.27175
mp_vlo                                 1.77409
xmux_vlo.xrlp.11                       1.80234
xmux_vlo.xrlp.21                       2.77732
mn_vlo                                 2.80555
xmux_vlo.xrln.11                       2.80555
xmux_vlo.xrln.21                       2.80557
xmux_vlo.ibias                         1.11918
xmux_vlo.xrref.11                      1.13401
xmux_vlo.xrref.21                      3.28517
xmux_vlo.sa                            1.27473
xmux_vlo.sb                            1.77409
xmux_vlo.tail                         0.706838
outp_vlo                               2.46593
xvlo.tail                              1.31365
outn_vlo                                  2.97
ib_vlo                                 1.12784
xmux_vhi.top                           2.80558
xmux_vhi.xrc.11                        2.83383
xmux_vhi.xrc.21                        3.27175
mp_vhi                                 1.77409
xmux_vhi.xrlp.11                       1.80234
xmux_vhi.xrlp.21                       2.77732
mn_vhi                                 2.80555
xmux_vhi.xrln.11                       2.80555
xmux_vhi.xrln.21                       2.80557
xmux_vhi.ibias                         1.11918
xmux_vhi.xrref.11                      1.13401
xmux_vhi.xrref.21                      3.28517
xmux_vhi.sa                            1.27473
xmux_vhi.sb                            1.77409
xmux_vhi.tail                         0.706838
outp_vhi                               3.12527
xvhi.tail                              1.34607
outn_vhi                                  3.63
ib_vhi                                 1.12784
xmux_z.top                             2.80558
xmux_z.xrc.11                          2.83383
xmux_z.xrc.21                          3.27175
mp_z                                   1.77409
xmux_z.xrlp.11                         1.80234
xmux_z.xrlp.21                         2.77732
mn_z                                   2.80555
xmux_z.xrln.11                         2.80555
xmux_z.xrln.21                         2.80557
xmux_z.ibias                           1.11918
xmux_z.xrref.11                        1.13401
xmux_z.xrref.21                        3.28517
xmux_z.sa                              1.27473
xmux_z.sb                              2.28711
xmux_z.tail                           0.706838
outp_z                                 2.79558
xz.tail                                1.33046
vss_z                                        0
outn_z                                     3.3
ib_z                                   1.12784
vmuxz                                  1.03145
emuxz#branch                                 0
ediff_cmis#branch                            0
ediff_c2#branch                              0
emuxref#branch                               0
ediff_c1#branch                              0
ediff_c0#branch                              0
eckref#branch                                0
vsens_z#branch                       0.0105883
vwinc#branch                                 0
vwin#branch                                  0
vclknz#branch                                0
vclkpz#branch                                0
vd0nz#branch                                 0
vd0pz#branch                                 0
vd1n#branch                                  0
vd1p#branch                                  0
vd0n#branch                                  0
vd0p#branch                                  0
vclkn#branch                                 0
vclkp#branch                                 0
vavcchi#branch                      -0.0100947
vavcclo#branch                      -0.0100814
vavcc#branch                        -0.0504417
vvdd#branch                         -0.0693273

 Reference value :  0.00000e+00
 Reference value :  3.71770e-09
 Reference value :  5.94436e-09
 Reference value :  7.66505e-09
 Reference value :  1.11640e-08
 Reference value :  1.38121e-08
 Reference value :  1.55953e-08
 Reference value :  1.86371e-08
 Reference value :  2.17214e-08
 Reference value :  2.34444e-08
 Reference value :  2.60764e-08
 Reference value :  2.95865e-08
 Reference value :  3.10322e-08
 Reference value :  3.34905e-08
 Reference value :  3.69402e-08
 Reference value :  3.80945e-08
 Reference value :  4.08177e-08
 Reference value :  4.31686e-08
 Reference value :  4.46689e-08
 Reference value :  4.81482e-08
 Reference value :  4.94160e-08
 Reference value :  5.19642e-08
 Reference value :  5.44633e-08
 Reference value :  5.59714e-08
 Reference value :  5.92602e-08
No. of Data Rows : 4421
m_ui_ref            =  3.70370e-09 targ=  3.71120e-08 trig=  3.34083e-08
m_spa_in            =  1.48148e-08 targ=  4.82231e-08 trig=  3.34083e-08
m_spb_in            =  1.11111e-08 targ=  4.45194e-08 trig=  3.34083e-08
m_spa_c0            =  1.48148e-08 targ=  4.82863e-08 trig=  3.34715e-08
m_spb_c0            =  1.11111e-08 targ=  4.45826e-08 trig=  3.34715e-08
m_trise_c0          =  5.41284e-11 targ=  3.72049e-08 trig=  3.71508e-08
m_tfall_c0          =  5.41345e-11 targ=  4.09086e-08 trig=  4.08545e-08
m_spa_c1            =  1.48148e-08 targ=  4.83238e-08 trig=  3.35089e-08
m_spb_c1            =  1.11111e-08 targ=  4.46200e-08 trig=  3.35089e-08
m_trise_c1          =  1.25105e-10 targ=  3.72948e-08 trig=  3.71697e-08
m_tfall_c1          =  1.25167e-10 targ=  4.09986e-08 trig=  4.08734e-08
m_spa_mux           =  1.48148e-08 targ=  4.82793e-08 trig=  3.34645e-08
m_spb_mux           =  1.11111e-08 targ=  4.45756e-08 trig=  3.34645e-08
m_spa_c2            =  1.48148e-08 targ=  4.83563e-08 trig=  3.35414e-08
m_spb_c2            =  1.11111e-08 targ=  4.46526e-08 trig=  3.35414e-08
m_trise_c2          =  2.27281e-10 targ=  3.74066e-08 trig=  3.71794e-08
m_tfall_c2          =  2.27436e-10 targ=  4.11105e-08 trig=  4.08831e-08
m_spa_cmis          =  1.48148e-08 targ=  4.83370e-08 trig=  3.35222e-08
m_spb_cmis          =  1.11106e-08 targ=  4.46328e-08 trig=  3.35222e-08
m_dj_ui_c0 = 5.3999995684e-06
m_swing_c0 = 5.0544882058e-01
m_vpp_c0 = 5.2718139022e-01
m_vcm_c0 = 3.0472829164e+00
m_dj_ui_c1 = 2.6999997844e-06
m_swing_c1 = 5.0549264237e-01
m_vpp_c1 = 5.1420460278e-01
m_vcm_c1 = 3.0472621840e+00
m_dj_ui_mux = 5.3999995675e-06
m_dj_ui_drv_c1 = 2.6999997840e-06
m_dj_ui_c2 = 8.0999993519e-06
m_swing_c2 = 5.0543800736e-01
m_vpp_c2 = 5.1047134625e-01
m_vcm_c2 = 3.0472834706e+00
m_dj_ui_cmis = 1.4309998855e-04
m_swing_cmis = 5.0543760602e-01
m_swing_avcclo = 5.0514442331e-01
m_vcm_avcclo = 2.7174364047e+00
m_swing_avcchi = 5.0580965033e-01
m_vcm_avcchi = 3.3771035841e+00
m_vgs_sw_max = 1.4801331708e+00
m_vgd_sw_max = 1.8758779004e+00
m_vds_sw_max = 2.2993696606e+00
m_vgs_tail_max = 1.1321315637e+00
m_vds_tail_max = 1.3992368062e+00
m_vmux_dc = 1.0314549891e+00
m_swing_dc = 5.0441516940e-01
m_vcm_dc = 3.0477915036e+00
m_ioff_dc = 1.8233170520e-08
m_itail_dc = 1.0088339854e-02
m_icell_dc = 1.0588339855e-02
Note: Simulation executed from .control section 

Warning: m=xx on .subckt line will override multiplier m hierarchy!

