
Note: Compatibility modes selected: hs a


Circuit: * tmds-final-mux-eye @ ff_-40c_2.97v_270mbps -- generated by sim/harness, do not edit

Doing analysis at TEMP = -40.000000 and TNOM = 27.000000

Using SPARSE 1.3 as Direct Linear Solver

Initial Transient Solution
--------------------------

Node                                   Voltage
----                                   -------
vdd                                       2.97
avcc                                       3.3
clkp                                     1.782
clkn                                     0.891
d0p                                     2.5245
d0n                                     1.6335
d1p                                     2.5245
d1n                                     1.6335
d0ps                                    1.6335
d0ns                                    2.5245
d1ps                                    1.6335
d1ns                                    2.5245
ckref                                    0.891
win                                          0
winr                                         0
winc                                         0
xmux_m.top                             2.51128
xmux_m.xrc.11                          2.54564
xmux_m.xrc.21                          2.93564
outp_m                                 1.57425
xmux_m.xrlp.11                         1.60861
xmux_m.xrlp.21                         2.47692
outn_m                                 2.51128
xmux_m.xrln.11                         2.51128
xmux_m.xrln.21                         2.51128
xmux_m.ibias                           1.01773
xmux_m.xrref.11                        1.03576
xmux_m.xrref.21                        2.95196
xmux_m.sa                              1.15549
xmux_m.sb                              1.57425
xmux_m.tail                           0.638421
dop_m                                      3.3
xdrv_m.tail                            1.24321
don_m                                  2.79406
ib_m                                   1.00454
vd_m                                  0.937028
vdn_m                                  1.05166
vdg_m                                        0
xmux_s.top                             2.51128
xmux_s.xrc.11                          2.54564
xmux_s.xrc.21                          2.93564
outp_s                                 2.51128
xmux_s.xrlp.11                         2.51128
xmux_s.xrlp.21                         2.51128
outn_s                                 1.57425
xmux_s.xrln.11                         1.60861
xmux_s.xrln.21                         2.47692
xmux_s.ibias                           1.01773
xmux_s.xrref.11                        1.03576
xmux_s.xrref.21                        2.95196
xmux_s.sa                              1.15549
xmux_s.sb                              1.57425
xmux_s.tail                           0.638421
dop_s                                  2.79406
xdrv_s.tail                            1.24321
don_s                                      3.3
ib_s                                   1.00454
vd_s                                 -0.937028
vdn_s                                 -1.05166
vdg_s                                        0
xmux_n.top                             2.51128
xmux_n.xrc.11                          2.54564
xmux_n.xrc.21                          2.93564
outp_n                                 1.57425
xmux_n.xrlp.11                         1.60861
xmux_n.xrlp.21                         2.47692
outn_n                                 2.51128
xmux_n.xrln.11                         2.51128
xmux_n.xrln.21                         2.51128
xmux_n.ibias                           1.01773
xmux_n.xrref.11                        1.03576
xmux_n.xrref.21                        2.95196
xmux_n.sa                              1.15549
xmux_n.sb                              1.57425
xmux_n.tail                           0.638421
vd_n                                  0.937028
vdn_n                                  1.05166
vdg_n                                        0
d0pz                                    2.5245
d0nz                                    1.6335
clkpz                                    1.782
clknz                                    0.891
vdd_z                                     2.97
xmux_z.top                             2.51128
xmux_z.xrc.11                          2.54564
xmux_z.xrc.21                          2.93564
outp_z                                 1.57425
xmux_z.xrlp.11                         1.60861
xmux_z.xrlp.21                         2.47692
outn_z                                 2.51128
xmux_z.xrln.11                         2.51128
xmux_z.xrln.21                         2.51128
xmux_z.ibias                           1.01773
xmux_z.xrref.11                        1.03576
xmux_z.xrref.21                        2.95196
xmux_z.sa                              1.15549
xmux_z.sb                              2.06331
xmux_z.tail                           0.638421
dop_z                                      3.3
xdrv_z.tail                            1.24321
don_z                                  2.79406
ib_z                                   1.00454
bvdg_n#branch                                0
bvdg_s#branch                                0
bvdg_m#branch                                0
envd_n#branch                                0
emux_n#branch                                0
envd_s#branch                                0
emux_s#branch                                0
envd_m#branch                                0
emux_m#branch                                0
eckref#branch                                0
vsens_z#branch                      -0.0109272
vclknz#branch                                0
vclkpz#branch                                0
vd0nz#branch                                 0
vd0pz#branch                                 0
vwinc#branch                                 0
vwinr#branch                                 0
vwin#branch                                  0
vd1ns#branch                                 0
vd1ps#branch                                 0
vd0ns#branch                                 0
vd0ps#branch                                 0
vd1n#branch                                  0
vd1p#branch                                  0
vd0n#branch                                  0
vd0p#branch                                  0
vclkn#branch                                 0
vclkp#branch                                 0
vavcc#branch                        -0.0303563
vvdd#branch                         -0.0327816

 Reference value :  0.00000e+00
 Reference value :  4.97746e-09
 Reference value :  9.63453e-09
 Reference value :  1.47998e-08
 Reference value :  1.86129e-08
 Reference value :  2.24222e-08
 Reference value :  2.72797e-08
 Reference value :  3.14168e-08
 Reference value :  3.64069e-08
 Reference value :  4.04864e-08
 Reference value :  4.44475e-08
 Reference value :  4.82078e-08
 Reference value :  5.19432e-08
 Reference value :  5.57077e-08
 Reference value :  5.94353e-08
No. of Data Rows : 4731
m_ui_ref            =  3.70370e-09 targ=  3.71120e-08 trig=  3.34083e-08
m_spa_in            =  1.48148e-08 targ=  4.82231e-08 trig=  3.34083e-08
m_spb_in            =  1.11111e-08 targ=  4.45194e-08 trig=  3.34083e-08
m_spa_m             =  1.48148e-08 targ=  4.82662e-08 trig=  3.34514e-08
m_spb_m             =  1.11111e-08 targ=  4.45625e-08 trig=  3.34514e-08
m_trise_m           =  5.31862e-11 targ=  4.45898e-08 trig=  4.45366e-08
m_tfall_m           =  5.31847e-11 targ=  4.08860e-08 trig=  4.08329e-08
m_trise_n           =  4.28638e-11 targ=  4.45754e-08 trig=  4.45326e-08
m_dj_ui_m = 2.6999997844e-06
m_vih_m = 2.5108036714e+00
m_vil_m = 1.5719389411e+00
m_vswing_m = 9.3886473034e-01
m_vih_m_frac = 8.4538844156e-01
m_vil_m_frac = 5.2927237074e-01
m_vcm_m_frac = 6.8733039637e-01
m_vswing_s = 9.3945683365e-01
m_vglitch_m = 5.9132811405e-01
m_vswing_n = 9.3882823061e-01
m_vswing_dc = 9.3702758817e-01
m_vcm_dc_frac = 6.8779933898e-01
m_icell_dc = 1.0927190552e-02
m_vgs_mu_max = 1.3893416980e+00
m_vds_mu_max = 1.0772974712e+00
m_vds_mt_max = 6.3841876219e-01
Note: Simulation executed from .control section 

Warning: m=xx on .subckt line will override multiplier m hierarchy!

