
Note: Compatibility modes selected: hs a


Circuit: * tmds-final-mux-eye @ ff_125c_3.30v_742p5mbps -- generated by sim/harness, do not edit

Doing analysis at TEMP = 125.000000 and TNOM = 27.000000

Using SPARSE 1.3 as Direct Linear Solver

Initial Transient Solution
--------------------------

Node                                   Voltage
----                                   -------
vdd                                        3.3
avcc                                       3.3
clkp                                      1.98
clkn                                      0.99
d0p                                      2.805
d0n                                      1.815
d1p                                      2.805
d1n                                      1.815
d0ps                                     1.815
d0ns                                     2.805
d1ps                                     1.815
d1ns                                     2.805
ckref                                     0.99
win                                          0
winr                                         0
winc                                         0
xmux_m.top                             2.78614
xmux_m.xrc.11                          2.81761
xmux_m.xrc.21                          3.26853
outp_m                                 1.73871
xmux_m.xrlp.11                         1.76961
xmux_m.xrlp.21                         2.75525
outn_m                                 2.76668
xmux_m.xrln.11                         2.76726
xmux_m.xrln.21                         2.78557
xmux_m.ibias                           1.05017
xmux_m.xrref.11                         1.0667
xmux_m.xrref.21                        3.28347
xmux_m.sa                               1.2108
xmux_m.sb                              1.73861
xmux_m.tail                           0.708799
dop_m                                  3.29994
xdrv_m.tail                            1.40308
don_m                                  2.79025
ib_m                                  0.980829
vd_m                                   1.02797
vdn_m                                  1.03835
vdg_m                                        0
xmux_s.top                             2.78614
xmux_s.xrc.11                          2.81761
xmux_s.xrc.21                          3.26853
outp_s                                 2.76668
xmux_s.xrlp.11                         2.76726
xmux_s.xrlp.21                         2.78557
outn_s                                 1.73871
xmux_s.xrln.11                         1.76961
xmux_s.xrln.21                         2.75525
xmux_s.ibias                           1.05017
xmux_s.xrref.11                         1.0667
xmux_s.xrref.21                        3.28347
xmux_s.sa                               1.2108
xmux_s.sb                              1.73861
xmux_s.tail                           0.708799
dop_s                                  2.79025
xdrv_s.tail                            1.40308
don_s                                  3.29994
ib_s                                  0.980829
vd_s                                  -1.02797
vdn_s                                 -1.03835
vdg_s                                        0
xmux_n.top                             2.78614
xmux_n.xrc.11                          2.81761
xmux_n.xrc.21                          3.26853
outp_n                                 1.73871
xmux_n.xrlp.11                         1.76961
xmux_n.xrlp.21                         2.75525
outn_n                                 2.76668
xmux_n.xrln.11                         2.76726
xmux_n.xrln.21                         2.78557
xmux_n.ibias                           1.05017
xmux_n.xrref.11                         1.0667
xmux_n.xrref.21                        3.28347
xmux_n.sa                               1.2108
xmux_n.sb                              1.73861
xmux_n.tail                           0.708799
vd_n                                   1.02797
vdn_n                                  1.03835
vdg_n                                        0
d0pz                                     2.805
d0nz                                     1.815
clkpz                                     1.98
clknz                                     0.99
vdd_z                                      3.3
xmux_z.top                             2.78614
xmux_z.xrc.11                          2.81761
xmux_z.xrc.21                          3.26853
outp_z                                  1.7389
xmux_z.xrlp.11                         1.76979
xmux_z.xrlp.21                         2.75525
outn_z                                 2.76648
xmux_z.xrln.11                         2.76706
xmux_z.xrln.21                         2.78556
xmux_z.ibias                           1.05017
xmux_z.xrref.11                         1.0667
xmux_z.xrref.21                        3.28347
xmux_z.sa                              1.21091
xmux_z.sb                               2.2862
xmux_z.tail                           0.708854
dop_z                                  3.29993
xdrv_z.tail                            1.40291
don_z                                  2.79025
ib_z                                  0.980829
bvdg_n#branch                                0
bvdg_s#branch                                0
bvdg_m#branch                                0
envd_n#branch                                0
emux_n#branch                                0
envd_s#branch                                0
emux_s#branch                                0
envd_m#branch                                0
emux_m#branch                                0
eckref#branch                                0
vsens_z#branch                      -0.0127713
vclknz#branch                                0
vclkpz#branch                                0
vd0nz#branch                                 0
vd0pz#branch                                 0
vwinc#branch                                 0
vwinr#branch                                 0
vwin#branch                                  0
vd1ns#branch                                 0
vd1ps#branch                                 0
vd0ns#branch                                 0
vd0ps#branch                                 0
vd1n#branch                                  0
vd1p#branch                                  0
vd0n#branch                                  0
vd0p#branch                                  0
vclkn#branch                                 0
vclkp#branch                                 0
vavcc#branch                        -0.0305889
vvdd#branch                         -0.0383138

 Reference value :  3.20000e-12
 Reference value :  3.25415e-09
 Reference value :  5.92343e-09
 Reference value :  8.53689e-09
 Reference value :  1.11290e-08
 Reference value :  1.37869e-08
 Reference value :  1.63443e-08
 Reference value :  1.89978e-08
 Reference value :  2.15501e-08
 Reference value :  2.42703e-08
 Reference value :  2.69360e-08
 Reference value :  2.84845e-08
 Reference value :  3.11766e-08
 Reference value :  3.38704e-08
 Reference value :  3.66193e-08
 Reference value :  3.92573e-08
 Reference value :  4.19366e-08
 Reference value :  4.46446e-08
 Reference value :  4.73484e-08
 Reference value :  5.00317e-08
 Reference value :  5.27256e-08
 Reference value :  5.49243e-08
 Reference value :  5.75419e-08
 Reference value :  6.02553e-08
No. of Data Rows : 7013
m_ui_ref            =  1.34680e-09 targ=  1.35430e-08 trig=  1.21962e-08
m_spa_in            =  5.38721e-09 targ=  1.75834e-08 trig=  1.21962e-08
m_spb_in            =  4.04040e-09 targ=  1.62366e-08 trig=  1.21962e-08
m_spa_m             =  5.38722e-09 targ=  1.76345e-08 trig=  1.22473e-08
m_spb_m             =  4.04042e-09 targ=  1.62877e-08 trig=  1.22473e-08
m_trise_m           =  6.25570e-11 targ=  1.63204e-08 trig=  1.62579e-08
m_tfall_m           =  6.25547e-11 targ=  1.49736e-08 trig=  1.49111e-08
m_trise_n           =  5.36821e-11 targ=  1.63059e-08 trig=  1.62522e-08
m_dj_ui_m = 1.1880003059e-05
m_vih_m = 2.7626718905e+00
m_vil_m = 1.7301342357e+00
m_vswing_m = 1.0325376548e+00
m_vih_m_frac = 8.3717330016e-01
m_vil_m_frac = 5.2428310173e-01
m_vcm_m_frac = 6.8072839650e-01
m_vswing_s = 1.0423767080e+00
m_vglitch_m = 6.1417371985e-01
m_vswing_n = 1.0344813543e+00
m_vswing_dc = 1.0275822969e+00
m_vcm_dc_frac = 6.8263406180e-01
m_icell_dc = 1.2771344373e-02
m_vgs_mu_max = 1.5991686125e+00
m_vds_mu_max = 1.0204104167e+00
m_vds_mt_max = 7.1009320473e-01
Note: Simulation executed from .control section 

Warning: m=xx on .subckt line will override multiplier m hierarchy!

