
Note: Compatibility modes selected: hs a


Circuit: * tmds-final-mux-eye @ ff_125c_3.63v_270mbps -- generated by sim/harness, do not edit

Doing analysis at TEMP = 125.000000 and TNOM = 27.000000

Using SPARSE 1.3 as Direct Linear Solver

Initial Transient Solution
--------------------------

Node                                   Voltage
----                                   -------
vdd                                       3.63
avcc                                       3.3
clkp                                     2.178
clkn                                     1.089
d0p                                     3.0855
d0n                                     1.9965
d1p                                     3.0855
d1n                                     1.9965
d0ps                                    1.9965
d0ns                                    3.0855
d1ps                                    1.9965
d1ns                                    3.0855
ckref                                    1.089
win                                          0
winr                                         0
winc                                         0
xmux_m.top                             3.04549
xmux_m.xrc.11                          3.08128
xmux_m.xrc.21                          3.59421
outp_m                                 1.86359
xmux_m.xrlp.11                         1.89845
xmux_m.xrlp.21                         3.01063
outn_m                                 3.01379
xmux_m.xrln.11                         3.01473
xmux_m.xrln.21                         3.04455
xmux_m.ibias                           1.09224
xmux_m.xrref.11                        1.11089
xmux_m.xrref.21                        3.61136
xmux_m.sa                              1.34629
xmux_m.sb                              1.86355
xmux_m.tail                           0.823652
dop_m                                      3.3
xdrv_m.tail                            1.61051
don_m                                  2.78633
ib_m                                  0.980829
vd_m                                    1.1502
vdn_m                                   1.0562
vdg_m                                        0
xmux_s.top                             3.04549
xmux_s.xrc.11                          3.08128
xmux_s.xrc.21                          3.59421
outp_s                                 3.01379
xmux_s.xrlp.11                         3.01473
xmux_s.xrlp.21                         3.04455
outn_s                                 1.86359
xmux_s.xrln.11                         1.89845
xmux_s.xrln.21                         3.01063
xmux_s.ibias                           1.09224
xmux_s.xrref.11                        1.11089
xmux_s.xrref.21                        3.61136
xmux_s.sa                              1.34629
xmux_s.sb                              1.86355
xmux_s.tail                           0.823652
dop_s                                  2.78633
xdrv_s.tail                            1.61051
don_s                                      3.3
ib_s                                  0.980829
vd_s                                   -1.1502
vdn_s                                  -1.0562
vdg_s                                        0
xmux_n.top                             3.04549
xmux_n.xrc.11                          3.08128
xmux_n.xrc.21                          3.59421
outp_n                                 1.86359
xmux_n.xrlp.11                         1.89845
xmux_n.xrlp.21                         3.01063
outn_n                                 3.01379
xmux_n.xrln.11                         3.01473
xmux_n.xrln.21                         3.04455
xmux_n.ibias                           1.09224
xmux_n.xrref.11                        1.11089
xmux_n.xrref.21                        3.61136
xmux_n.sa                              1.34629
xmux_n.sb                              1.86355
xmux_n.tail                           0.823652
vd_n                                    1.1502
vdn_n                                   1.0562
vdg_n                                        0
d0pz                                    3.0855
d0nz                                    1.9965
clkpz                                    2.178
clknz                                    1.089
vdd_z                                     3.63
xmux_z.top                             3.04548
xmux_z.xrc.11                          3.08128
xmux_z.xrc.21                          3.59421
outp_z                                 1.86369
xmux_z.xrlp.11                         1.89855
xmux_z.xrlp.21                         3.01063
outn_z                                 3.01368
xmux_z.xrln.11                         3.01462
xmux_z.xrln.21                         3.04455
xmux_z.ibias                           1.09224
xmux_z.xrref.11                        1.11089
xmux_z.xrref.21                        3.61136
xmux_z.sa                              1.34635
xmux_z.sb                              2.56725
xmux_z.tail                            0.82369
dop_z                                      3.3
xdrv_z.tail                            1.61042
don_z                                  2.78633
ib_z                                  0.980829
bvdg_n#branch                                0
bvdg_s#branch                                0
bvdg_m#branch                                0
envd_n#branch                                0
emux_n#branch                                0
envd_s#branch                                0
emux_s#branch                                0
envd_m#branch                                0
emux_m#branch                                0
eckref#branch                                0
vsens_z#branch                      -0.0145215
vclknz#branch                                0
vclkpz#branch                                0
vd0nz#branch                                 0
vd0pz#branch                                 0
vwinc#branch                                 0
vwinr#branch                                 0
vwin#branch                                  0
vd1ns#branch                                 0
vd1ps#branch                                 0
vd0ns#branch                                 0
vd0ps#branch                                 0
vd1n#branch                                  0
vd1p#branch                                  0
vd0n#branch                                  0
vd0p#branch                                  0
vclkn#branch                                 0
vclkp#branch                                 0
vavcc#branch                        -0.0308204
vvdd#branch                         -0.0435642

 Reference value :  0.00000e+00
 Reference value :  5.42272e-09
 Reference value :  1.02294e-08
 Reference value :  1.48861e-08
 Reference value :  1.88427e-08
 Reference value :  2.36941e-08
 Reference value :  2.90649e-08
 Reference value :  3.33494e-08
 Reference value :  3.72222e-08
 Reference value :  4.10063e-08
 Reference value :  4.53915e-08
 Reference value :  4.97560e-08
 Reference value :  5.44457e-08
 Reference value :  5.89753e-08
No. of Data Rows : 4592
m_ui_ref            =  3.70370e-09 targ=  3.71120e-08 trig=  3.34083e-08
m_spa_in            =  1.48148e-08 targ=  4.82231e-08 trig=  3.34083e-08
m_spb_in            =  1.11111e-08 targ=  4.45194e-08 trig=  3.34083e-08
m_spa_m             =  1.48148e-08 targ=  4.82732e-08 trig=  3.34584e-08
m_spb_m             =  1.11111e-08 targ=  4.45695e-08 trig=  3.34584e-08
m_trise_m           =  5.92620e-11 targ=  4.46006e-08 trig=  4.45414e-08
m_tfall_m           =  5.92466e-11 targ=  4.08969e-08 trig=  4.08377e-08
m_trise_n           =  5.01713e-11 targ=  4.45864e-08 trig=  4.45362e-08
m_dj_ui_m = 2.6999997835e-06
m_vih_m = 3.0130220924e+00
m_vil_m = 1.8619403039e+00
m_vswing_m = 1.1510817885e+00
m_vih_m_frac = 8.3003363427e-01
m_vil_m_frac = 5.1293121320e-01
m_vcm_m_frac = 6.7148242127e-01
m_vswing_s = 1.1521670072e+00
m_vglitch_m = 6.6189866571e-01
m_vswing_n = 1.1511369778e+00
m_vswing_dc = 1.1499928240e+00
m_vcm_dc_frac = 6.7181498425e-01
m_icell_dc = 1.4521459294e-02
m_vgs_mu_max = 1.7441425467e+00
m_vds_mu_max = 1.0459822298e+00
m_vds_mt_max = 8.2875260181e-01
Note: Simulation executed from .control section 

Warning: m=xx on .subckt line will override multiplier m hierarchy!

