
Note: Compatibility modes selected: hs a


Circuit: * tmds-final-mux-eye @ ff_27c_3.63v_742p5mbps -- generated by sim/harness, do not edit

Doing analysis at TEMP = 27.000000 and TNOM = 27.000000

Using SPARSE 1.3 as Direct Linear Solver

Initial Transient Solution
--------------------------

Node                                   Voltage
----                                   -------
vdd                                       3.63
avcc                                       3.3
clkp                                     2.178
clkn                                     1.089
d0p                                     3.0855
d0n                                     1.9965
d1p                                     3.0855
d1n                                     1.9965
d0ps                                    1.9965
d0ns                                    3.0855
d1ps                                    1.9965
d1ns                                    3.0855
ckref                                    1.089
win                                          0
winr                                         0
winc                                         0
xmux_m.top                              3.0307
xmux_m.xrc.11                          3.07232
xmux_m.xrc.21                          3.58838
outp_m                                 1.80129
xmux_m.xrlp.11                         1.84281
xmux_m.xrlp.21                         2.98918
outn_m                                 3.02789
xmux_m.xrln.11                         3.02799
xmux_m.xrln.21                         3.03061
xmux_m.ibias                           1.08619
xmux_m.xrref.11                        1.10774
xmux_m.xrref.21                        3.60845
xmux_m.sa                              1.39064
xmux_m.sb                              1.80129
xmux_m.tail                           0.876281
dop_m                                      3.3
xdrv_m.tail                            1.66157
don_m                                  2.78557
ib_m                                  0.995812
vd_m                                    1.2266
vdn_m                                  1.12636
vdg_m                                        0
xmux_s.top                              3.0307
xmux_s.xrc.11                          3.07232
xmux_s.xrc.21                          3.58838
outp_s                                 3.02789
xmux_s.xrlp.11                         3.02799
xmux_s.xrlp.21                         3.03061
outn_s                                 1.80129
xmux_s.xrln.11                         1.84281
xmux_s.xrln.21                         2.98918
xmux_s.ibias                           1.08619
xmux_s.xrref.11                        1.10774
xmux_s.xrref.21                        3.60845
xmux_s.sa                              1.39064
xmux_s.sb                              1.80129
xmux_s.tail                           0.876281
dop_s                                  2.78557
xdrv_s.tail                            1.66157
don_s                                      3.3
ib_s                                  0.995812
vd_s                                   -1.2266
vdn_s                                 -1.12636
vdg_s                                        0
xmux_n.top                              3.0307
xmux_n.xrc.11                          3.07232
xmux_n.xrc.21                          3.58838
outp_n                                 1.80129
xmux_n.xrlp.11                         1.84281
xmux_n.xrlp.21                         2.98918
outn_n                                 3.02789
xmux_n.xrln.11                         3.02799
xmux_n.xrln.21                         3.03061
xmux_n.ibias                           1.08619
xmux_n.xrref.11                        1.10774
xmux_n.xrref.21                        3.60845
xmux_n.sa                              1.39064
xmux_n.sb                              1.80129
xmux_n.tail                           0.876281
vd_n                                    1.2266
vdn_n                                  1.12636
vdg_n                                        0
d0pz                                    3.0855
d0nz                                    1.9965
clkpz                                    2.178
clknz                                    1.089
vdd_z                                     3.63
xmux_z.top                              3.0307
xmux_z.xrc.11                          3.07232
xmux_z.xrc.21                          3.58838
outp_z                                 1.80129
xmux_z.xrlp.11                         1.84281
xmux_z.xrlp.21                         2.98918
outn_z                                 3.02789
xmux_z.xrln.11                         3.02799
xmux_z.xrln.21                         3.03061
xmux_z.ibias                           1.08619
xmux_z.xrref.11                        1.10774
xmux_z.xrref.21                        3.60845
xmux_z.sa                              1.39064
xmux_z.sb                              2.63032
xmux_z.tail                           0.876281
dop_z                                      3.3
xdrv_z.tail                            1.66157
don_z                                  2.78557
ib_z                                  0.995812
bvdg_n#branch                                0
bvdg_s#branch                                0
bvdg_m#branch                                0
envd_n#branch                                0
emux_n#branch                                0
envd_s#branch                                0
emux_s#branch                                0
envd_m#branch                                0
emux_m#branch                                0
eckref#branch                                0
vsens_z#branch                      -0.0145794
vclknz#branch                                0
vclkpz#branch                                0
vd0nz#branch                                 0
vd0pz#branch                                 0
vwinc#branch                                 0
vwinr#branch                                 0
vwin#branch                                  0
vd1ns#branch                                 0
vd1ps#branch                                 0
vd0ns#branch                                 0
vd0ps#branch                                 0
vd1n#branch                                  0
vd1p#branch                                  0
vd0n#branch                                  0
vd0p#branch                                  0
vclkn#branch                                 0
vclkp#branch                                 0
vavcc#branch                        -0.0308658
vvdd#branch                         -0.0437381

 Reference value :  0.00000e+00
 Reference value :  2.84114e-09
 Reference value :  5.48010e-09
 Reference value :  8.10719e-09
 Reference value :  1.04216e-08
 Reference value :  1.22900e-08
 Reference value :  1.48764e-08
 Reference value :  1.65667e-08
 Reference value :  1.89620e-08
 Reference value :  2.10628e-08
 Reference value :  2.30489e-08
 Reference value :  2.56801e-08
 Reference value :  2.71364e-08
 Reference value :  2.99768e-08
 Reference value :  3.24972e-08
 Reference value :  3.51526e-08
 Reference value :  3.77770e-08
 Reference value :  4.01186e-08
 Reference value :  4.19569e-08
 Reference value :  4.45855e-08
 Reference value :  4.71633e-08
 Reference value :  4.91972e-08
 Reference value :  5.13522e-08
 Reference value :  5.38733e-08
 Reference value :  5.53940e-08
 Reference value :  5.80522e-08
 Reference value :  6.06548e-08
No. of Data Rows : 7598
m_ui_ref            =  1.34680e-09 targ=  1.35430e-08 trig=  1.21962e-08
m_spa_in            =  5.38721e-09 targ=  1.75834e-08 trig=  1.21962e-08
m_spb_in            =  4.04040e-09 targ=  1.62366e-08 trig=  1.21962e-08
m_spa_m             =  5.38722e-09 targ=  1.76276e-08 trig=  1.22404e-08
m_spb_m             =  4.04042e-09 targ=  1.62808e-08 trig=  1.22404e-08
m_trise_m           =  5.13871e-11 targ=  1.63077e-08 trig=  1.62563e-08
m_tfall_m           =  5.13835e-11 targ=  1.49609e-08 trig=  1.49095e-08
m_trise_n           =  4.20253e-11 targ=  1.62940e-08 trig=  1.62520e-08
m_dj_ui_m = 1.1137502868e-05
m_vih_m = 3.0242383251e+00
m_vil_m = 1.7845800922e+00
m_vswing_m = 1.2396582329e+00
m_vih_m_frac = 8.3312350553e-01
m_vil_m_frac = 4.9161986010e-01
m_vcm_m_frac = 6.6237213886e-01
m_vswing_s = 1.2540999091e+00
m_vglitch_m = 7.2268836077e-01
m_vswing_n = 1.2421606391e+00
m_vswing_dc = 1.2266038236e+00
m_vcm_dc_frac = 6.6517648484e-01
m_icell_dc = 1.4579370444e-02
m_vgs_mu_max = 1.7073995713e+00
m_vds_mu_max = 1.0602749544e+00
m_vds_mt_max = 8.7593735341e-01
Note: Simulation executed from .control section 

Warning: m=xx on .subckt line will override multiplier m hierarchy!

