
Note: Compatibility modes selected: hs a


Circuit: * tmds-final-mux-eye @ ff_27c_2.97v_742p5mbps -- generated by sim/harness, do not edit

Doing analysis at TEMP = 27.000000 and TNOM = 27.000000

Using SPARSE 1.3 as Direct Linear Solver

Initial Transient Solution
--------------------------

Node                                   Voltage
----                                   -------
vdd                                       2.97
avcc                                       3.3
clkp                                     1.782
clkn                                     0.891
d0p                                     2.5245
d0n                                     1.6335
d1p                                     2.5245
d1n                                     1.6335
d0ps                                    1.6335
d0ns                                    2.5245
d1ps                                    1.6335
d1ns                                    2.5245
ckref                                    0.891
win                                          0
winr                                         0
winc                                         0
xmux_m.top                             2.51702
xmux_m.xrc.11                          2.54847
xmux_m.xrc.21                          2.93854
outp_m                                 1.58607
xmux_m.xrlp.11                         1.61751
xmux_m.xrlp.21                         2.48558
outn_m                                 2.51658
xmux_m.xrln.11                         2.51659
xmux_m.xrln.21                           2.517
xmux_m.ibias                            1.0145
xmux_m.xrref.11                        1.03106
xmux_m.xrref.21                        2.95344
xmux_m.sa                              1.11615
xmux_m.sb                              1.58607
xmux_m.tail                           0.622947
dop_m                                      3.3
xdrv_m.tail                             1.2255
don_m                                  2.79437
ib_m                                  0.995812
vd_m                                  0.930502
vdn_m                                  1.04433
vdg_m                                        0
xmux_s.top                             2.51702
xmux_s.xrc.11                          2.54847
xmux_s.xrc.21                          2.93854
outp_s                                 2.51658
xmux_s.xrlp.11                         2.51659
xmux_s.xrlp.21                           2.517
outn_s                                 1.58607
xmux_s.xrln.11                         1.61751
xmux_s.xrln.21                         2.48558
xmux_s.ibias                            1.0145
xmux_s.xrref.11                        1.03106
xmux_s.xrref.21                        2.95344
xmux_s.sa                              1.11615
xmux_s.sb                              1.58607
xmux_s.tail                           0.622947
dop_s                                  2.79437
xdrv_s.tail                             1.2255
don_s                                      3.3
ib_s                                  0.995812
vd_s                                 -0.930502
vdn_s                                 -1.04433
vdg_s                                        0
xmux_n.top                             2.51702
xmux_n.xrc.11                          2.54847
xmux_n.xrc.21                          2.93854
outp_n                                 1.58607
xmux_n.xrlp.11                         1.61751
xmux_n.xrlp.21                         2.48558
outn_n                                 2.51658
xmux_n.xrln.11                         2.51659
xmux_n.xrln.21                           2.517
xmux_n.ibias                            1.0145
xmux_n.xrref.11                        1.03106
xmux_n.xrref.21                        2.95344
xmux_n.sa                              1.11615
xmux_n.sb                              1.58607
xmux_n.tail                           0.622947
vd_n                                  0.930502
vdn_n                                  1.04433
vdg_n                                        0
d0pz                                    2.5245
d0nz                                    1.6335
clkpz                                    1.782
clknz                                    0.891
vdd_z                                     2.97
xmux_z.top                             2.51702
xmux_z.xrc.11                          2.54847
xmux_z.xrc.21                          2.93854
outp_z                                 1.58608
xmux_z.xrlp.11                         1.61752
xmux_z.xrlp.21                         2.48558
outn_z                                 2.51657
xmux_z.xrln.11                         2.51659
xmux_z.xrln.21                           2.517
xmux_z.ibias                            1.0145
xmux_z.xrref.11                        1.03106
xmux_z.xrref.21                        2.95344
xmux_z.sa                              1.11616
xmux_z.sb                              2.04392
xmux_z.tail                           0.622947
dop_z                                      3.3
xdrv_z.tail                             1.2255
don_z                                  2.79437
ib_z                                  0.995812
bvdg_n#branch                                0
bvdg_s#branch                                0
bvdg_m#branch                                0
envd_n#branch                                0
emux_n#branch                                0
envd_s#branch                                0
emux_s#branch                                0
envd_m#branch                                0
emux_m#branch                                0
eckref#branch                                0
vsens_z#branch                      -0.0110289
vclknz#branch                                0
vclkpz#branch                                0
vd0nz#branch                                 0
vd0pz#branch                                 0
vwinc#branch                                 0
vwinr#branch                                 0
vwin#branch                                  0
vd1ns#branch                                 0
vd1ps#branch                                 0
vd0ns#branch                                 0
vd0ps#branch                                 0
vd1n#branch                                  0
vd1p#branch                                  0
vd0n#branch                                  0
vd0p#branch                                  0
vclkn#branch                                 0
vclkp#branch                                 0
vavcc#branch                         -0.030338
vvdd#branch                         -0.0330868

 Reference value :  0.00000e+00
 Reference value :  2.84970e-09
 Reference value :  5.49333e-09
 Reference value :  8.12419e-09
 Reference value :  1.07744e-08
 Reference value :  1.27039e-08
 Reference value :  1.50024e-08
 Reference value :  1.75679e-08
 Reference value :  1.97360e-08
 Reference value :  2.17234e-08
 Reference value :  2.43883e-08
 Reference value :  2.69377e-08
 Reference value :  2.85299e-08
 Reference value :  3.11612e-08
 Reference value :  3.38201e-08
 Reference value :  3.64359e-08
 Reference value :  3.90647e-08
 Reference value :  4.16578e-08
 Reference value :  4.41114e-08
 Reference value :  4.62650e-08
 Reference value :  4.87987e-08
 Reference value :  5.13896e-08
 Reference value :  5.39260e-08
 Reference value :  5.61741e-08
 Reference value :  5.84683e-08
 Reference value :  6.08064e-08
No. of Data Rows : 7267
m_ui_ref            =  1.34680e-09 targ=  1.35430e-08 trig=  1.21962e-08
m_spa_in            =  5.38721e-09 targ=  1.75834e-08 trig=  1.21962e-08
m_spb_in            =  4.04040e-09 targ=  1.62366e-08 trig=  1.21962e-08
m_spa_m             =  5.38723e-09 targ=  1.76305e-08 trig=  1.22432e-08
m_spb_m             =  4.04043e-09 targ=  1.62837e-08 trig=  1.22432e-08
m_trise_m           =  5.83661e-11 targ=  1.63137e-08 trig=  1.62553e-08
m_tfall_m           =  5.83622e-11 targ=  1.49669e-08 trig=  1.49086e-08
m_trise_n           =  4.89641e-11 targ=  1.62993e-08 trig=  1.62503e-08
m_dj_ui_m = 1.7820004588e-05
m_vih_m = 2.5133004917e+00
m_vil_m = 1.5694403162e+00
m_vswing_m = 9.4386017553e-01
m_vih_m_frac = 8.4622912179e-01
m_vil_m_frac = 5.2843108290e-01
m_vcm_m_frac = 6.8733024256e-01
m_vswing_s = 9.5169813362e-01
m_vglitch_m = 5.7367234374e-01
m_vswing_n = 9.4467552955e-01
m_vswing_dc = 9.3049641904e-01
m_vcm_dc_frac = 6.9068187025e-01
m_icell_dc = 1.1028947050e-02
m_vgs_mu_max = 1.4192683652e+00
m_vds_mu_max = 1.0437517958e+00
m_vds_mt_max = 6.2271500881e-01
Note: Simulation executed from .control section 

Warning: m=xx on .subckt line will override multiplier m hierarchy!

