
Note: Compatibility modes selected: hs a


Circuit: * cml-driver-eye-mask @ ff_-40c_2.97v_270mbps -- generated by sim/harness, do not edit

Doing analysis at TEMP = -40.000000 and TNOM = 27.000000

Using SPARSE 1.3 as Direct Linear Solver

Initial Transient Solution
--------------------------

Node                                   Voltage
----                                   -------
avcc                                       3.3
inp                                     2.5245
inn                                     1.6335
inref                                    0.891
comb1_0                                      0
comb0_0                                      0
comb1_1                                      0
comb0_1                                      0
comb1_2                                      0
comb0_2                                      0
comb1_3                                      0
comb0_3                                      0
comb1_4                                      0
comb0_4                                      0
comb1_5                                      0
comb0_5                                      0
comb1_6                                      0
comb0_6                                      0
comb1_7                                      0
comb0_7                                      0
outp_c0                                 2.7938
xc0.tail                               1.25455
outn_c0                                    3.3
ib_c0                                  1.00454
vd_c0                                 0.506201
outp_c1                                 2.7938
xc1.tail                               1.25455
outn_c1                                    3.3
ib_c1                                  1.00454
vd_c1                                 0.506201
outp_c2                                 2.7938
xc2.tail                               1.25455
outn_c2                                    3.3
ib_c2                                  1.00454
vd_c2                                 0.506201
ediff_c2#branch                              0
ediff_c1#branch                              0
ediff_c0#branch                              0
einref#branch                                0
vcomb0_7#branch                              0
vcomb1_7#branch                              0
vcomb0_6#branch                              0
vcomb1_6#branch                              0
vcomb0_5#branch                              0
vcomb1_5#branch                              0
vcomb0_4#branch                              0
vcomb1_4#branch                              0
vcomb0_3#branch                              0
vcomb1_3#branch                              0
vcomb0_2#branch                              0
vcomb1_2#branch                              0
vcomb0_1#branch                              0
vcomb1_1#branch                              0
vcomb0_0#branch                              0
vcomb1_0#branch                              0
vinn#branch                                  0
vinp#branch                                  0
vavcc#branch                         -0.030372

 Reference value :  1.11496e-08
 Reference value :  1.06572e-07
 Reference value :  1.85167e-07
 Reference value :  2.42166e-07
 Reference value :  3.00906e-07
 Reference value :  3.61595e-07
 Reference value :  4.22208e-07
 Reference value :  4.77858e-07
 Reference value :  5.24060e-07
No. of Data Rows : 31585
m_ui_ref            =  3.70370e-09 targ=  7.44741e-09 trig=  3.74370e-09
m_height_c0_0 = -8.112708626e-01
m_height_c0_1 = 1.0124012792e+00
m_height_c0_2 = 1.0124012792e+00
m_height_c0_3 = 1.0124012792e+00
m_height_c0_4 = 1.0124012792e+00
m_height_c0_5 = 1.0124012792e+00
m_height_c0_6 = 1.0124012792e+00
m_height_c0_7 = 1.0124012792e+00
m_eyeh_max_c0 = 1.0124012792e+00
m_eyemask_margin_c0 = 1.0124012792e+00
m_height_c1_0 = -9.725408225e-01
m_height_c1_1 = 1.0124012792e+00
m_height_c1_2 = 1.0124012792e+00
m_height_c1_3 = 1.0124012792e+00
m_height_c1_4 = 1.0124012792e+00
m_height_c1_5 = 1.0124012792e+00
m_height_c1_6 = 1.0124012792e+00
m_height_c1_7 = 1.0124012792e+00
m_eyeh_max_c1 = 1.0124012792e+00
m_eyemask_margin_c1 = 1.0124012792e+00
m_height_c2_0 = -9.906661395e-01
m_height_c2_1 = 9.8953494629e-01
m_height_c2_2 = 1.0124012792e+00
m_height_c2_3 = 1.0124012792e+00
m_height_c2_4 = 1.0124012792e+00
m_height_c2_5 = 1.0124012792e+00
m_height_c2_6 = 1.0124012792e+00
m_height_c2_7 = 1.0124012792e+00
m_eyeh_max_c2 = 1.0124012792e+00
m_eyemask_margin_c2 = 1.0124012792e+00
Note: Simulation executed from .control section 

Warning: m=xx on .subckt line will override multiplier m hierarchy!

