
Note: Compatibility modes selected: hs a


Circuit: * cml-driver-eye-mask @ sf_27c_2.97v_742p5mbps -- generated by sim/harness, do not edit

Doing analysis at TEMP = 27.000000 and TNOM = 27.000000

Using SPARSE 1.3 as Direct Linear Solver

Initial Transient Solution
--------------------------

Node                                   Voltage
----                                   -------
avcc                                       3.3
inp                                     2.5245
inn                                     1.6335
inref                                    0.891
comb1_0                                      0
comb0_0                                      0
comb1_1                                      0
comb0_1                                      0
comb1_2                                      0
comb0_2                                      0
comb1_3                                      0
comb0_3                                      0
comb1_4                                      0
comb0_4                                      0
comb1_5                                      0
comb0_5                                      0
comb1_6                                      0
comb0_6                                      0
comb1_7                                      0
comb0_7                                      0
outp_c0                                2.80547
xc0.tail                              0.993053
outn_c0                                3.29989
ib_c0                                  1.22263
vd_c0                                 0.494417
outp_c1                                2.80547
xc1.tail                              0.993053
outn_c1                                3.29989
ib_c1                                  1.22263
vd_c1                                 0.494417
outp_c2                                2.80547
xc2.tail                              0.993053
outn_c2                                3.29989
ib_c2                                  1.22263
vd_c2                                 0.494417
ediff_c2#branch                              0
ediff_c1#branch                              0
ediff_c0#branch                              0
einref#branch                                0
vcomb0_7#branch                              0
vcomb1_7#branch                              0
vcomb0_6#branch                              0
vcomb1_6#branch                              0
vcomb0_5#branch                              0
vcomb1_5#branch                              0
vcomb0_4#branch                              0
vcomb1_4#branch                              0
vcomb0_3#branch                              0
vcomb1_3#branch                              0
vcomb0_2#branch                              0
vcomb1_2#branch                              0
vcomb0_1#branch                              0
vcomb1_1#branch                              0
vcomb0_0#branch                              0
vcomb1_0#branch                              0
vinn#branch                                  0
vinp#branch                                  0
vavcc#branch                         -0.029678

 Reference value :  0.00000e+00
 Reference value :  3.19087e-08
 Reference value :  5.52389e-08
 Reference value :  7.37304e-08
 Reference value :  9.19392e-08
 Reference value :  1.10102e-07
 Reference value :  1.29357e-07
 Reference value :  1.45466e-07
 Reference value :  1.62103e-07
 Reference value :  1.79161e-07
 Reference value :  1.95811e-07
 Reference value :  2.22298e-07
 Reference value :  2.69360e-07
 Reference value :  3.11088e-07
 Reference value :  3.59598e-07
 Reference value :  3.98802e-07
No. of Data Rows : 32859
m_ui_ref            =  1.34680e-09 targ=  2.73360e-09 trig=  1.38680e-09
m_height_c0_0 = -8.082338645e-01
m_height_c0_1 = 9.8883438050e-01
m_height_c0_2 = 9.8883437968e-01
m_height_c0_3 = 9.8883437910e-01
m_height_c0_4 = 9.8883437867e-01
m_height_c0_5 = 9.8883437838e-01
m_height_c0_6 = 9.8883437816e-01
m_height_c0_7 = 9.8883437801e-01
m_eyeh_max_c0 = 9.8883438050e-01
m_eyemask_margin_c0 = 9.8883437816e-01
m_height_c1_0 = -9.613203254e-01
m_height_c1_1 = 8.7077772337e-01
m_height_c1_2 = 9.8740013075e-01
m_height_c1_3 = 9.8883437913e-01
m_height_c1_4 = 9.8883437870e-01
m_height_c1_5 = 9.8883437840e-01
m_height_c1_6 = 9.8883437818e-01
m_height_c1_7 = 9.8883437802e-01
m_eyeh_max_c1 = 9.8883437913e-01
m_eyemask_margin_c1 = 9.8740013075e-01
m_height_c2_0 = -9.743234734e-01
m_height_c2_1 = 5.2122555319e-01
m_height_c2_2 = 8.9987640749e-01
m_height_c2_3 = 9.7334900880e-01
m_height_c2_4 = 9.8715962145e-01
m_height_c2_5 = 9.8883437838e-01
m_height_c2_6 = 9.8883437816e-01
m_height_c2_7 = 9.8883437801e-01
m_eyeh_max_c2 = 9.8883437838e-01
m_eyemask_margin_c2 = 8.9987640749e-01

Warning: m=xx on .subckt line will override multiplier m hierarchy!

doAnalyses: TRAN:  Timestep too small; time = 4.0404e-07, timestep = 5e-23: trouble with node "vinn#branch"


tran simulation(s) aborted
Error: incomplete or empty netlist
       or no ".plot", ".print", or ".fourier" lines in batch mode;
no simulations run!
