
Note: Compatibility modes selected: hs a


Circuit: * cml-driver-eye-mask @ ss_-40c_2.97v_742p5mbps -- generated by sim/harness, do not edit

Doing analysis at TEMP = -40.000000 and TNOM = 27.000000

Using SPARSE 1.3 as Direct Linear Solver

Initial Transient Solution
--------------------------

Node                                   Voltage
----                                   -------
avcc                                       3.3
inp                                     2.5245
inn                                     1.6335
inref                                    0.891
comb1_0                                      0
comb0_0                                      0
comb1_1                                      0
comb0_1                                      0
comb1_2                                      0
comb0_2                                      0
comb1_3                                      0
comb0_3                                      0
comb1_4                                      0
comb0_4                                      0
comb1_5                                      0
comb0_5                                      0
comb1_6                                      0
comb0_6                                      0
comb1_7                                      0
comb0_7                                      0
outp_c0                                2.80653
xc0.tail                              0.980828
outn_c0                                    3.3
ib_c0                                  1.26321
vd_c0                                 0.493463
outp_c1                                2.80653
xc1.tail                              0.980828
outn_c1                                    3.3
ib_c1                                  1.26321
vd_c1                                 0.493463
outp_c2                                2.80653
xc2.tail                              0.980828
outn_c2                                    3.3
ib_c2                                  1.26321
vd_c2                                 0.493463
ediff_c2#branch                              0
ediff_c1#branch                              0
ediff_c0#branch                              0
einref#branch                                0
vcomb0_7#branch                              0
vcomb1_7#branch                              0
vcomb0_6#branch                              0
vcomb1_6#branch                              0
vcomb0_5#branch                              0
vcomb1_5#branch                              0
vcomb0_4#branch                              0
vcomb1_4#branch                              0
vcomb0_3#branch                              0
vcomb1_3#branch                              0
vcomb0_2#branch                              0
vcomb1_2#branch                              0
vcomb0_1#branch                              0
vcomb1_1#branch                              0
vcomb0_0#branch                              0
vcomb1_0#branch                              0
vinn#branch                                  0
vinp#branch                                  0
vavcc#branch                         -0.029608

 Reference value :  1.51279e-09
 Reference value :  4.85048e-08
 Reference value :  8.08536e-08
 Reference value :  1.06738e-07
 Reference value :  1.35532e-07
 Reference value :  1.61131e-07
 Reference value :  1.85916e-07
 Reference value :  2.19590e-07
 Reference value :  2.84180e-07
 Reference value :  3.46709e-07
 Reference value :  3.99835e-07
No. of Data Rows : 33649
m_ui_ref            =  1.34680e-09 targ=  2.73360e-09 trig=  1.38680e-09
m_height_c0_0 = -8.190844735e-01
m_height_c0_1 = 9.8692652185e-01
m_height_c0_2 = 9.8692652161e-01
m_height_c0_3 = 9.8692652143e-01
m_height_c0_4 = 9.8692652131e-01
m_height_c0_5 = 9.8692652124e-01
m_height_c0_6 = 9.8692652118e-01
m_height_c0_7 = 9.8692652114e-01
m_eyeh_max_c0 = 9.8692652185e-01
m_eyemask_margin_c0 = 9.8692652118e-01
m_height_c1_0 = -9.588131787e-01
m_height_c1_1 = 8.7440142894e-01
m_height_c1_2 = 9.8692652164e-01
m_height_c1_3 = 9.8692652145e-01
m_height_c1_4 = 9.8692652133e-01
m_height_c1_5 = 9.8692652125e-01
m_height_c1_6 = 9.8692652119e-01
m_height_c1_7 = 9.8692652115e-01
m_eyeh_max_c1 = 9.8692652164e-01
m_eyemask_margin_c1 = 9.8692652115e-01
m_height_c2_0 = -9.720361691e-01
m_height_c2_1 = 5.2675664849e-01
m_height_c2_2 = 9.0093655759e-01
m_height_c2_3 = 9.7290239701e-01
m_height_c2_4 = 9.8606953792e-01
m_height_c2_5 = 9.8692652125e-01
m_height_c2_6 = 9.8692652119e-01
m_height_c2_7 = 9.8692652115e-01
m_eyeh_max_c2 = 9.8692652125e-01
m_eyemask_margin_c2 = 9.0093655759e-01

Warning: m=xx on .subckt line will override multiplier m hierarchy!

doAnalyses: TRAN:  Timestep too small; time = 4.0404e-07, timestep = 5e-23: trouble with node "vinn#branch"


tran simulation(s) aborted
Error: incomplete or empty netlist
       or no ".plot", ".print", or ".fourier" lines in batch mode;
no simulations run!
