
Note: Compatibility modes selected: hs a


Circuit: * cml-driver-eye-mask @ ss_125c_2.97v_270mbps -- generated by sim/harness, do not edit

Doing analysis at TEMP = 125.000000 and TNOM = 27.000000

Using SPARSE 1.3 as Direct Linear Solver

Initial Transient Solution
--------------------------

Node                                   Voltage
----                                   -------
avcc                                       3.3
inp                                     2.5245
inn                                     1.6335
inref                                    0.891
comb1_0                                      0
comb0_0                                      0
comb1_1                                      0
comb0_1                                      0
comb1_2                                      0
comb0_2                                      0
comb1_3                                      0
comb0_3                                      0
comb1_4                                      0
comb0_4                                      0
comb1_5                                      0
comb0_5                                      0
comb1_6                                      0
comb0_6                                      0
comb1_7                                      0
comb0_7                                      0
outp_c0                                2.81392
xc0.tail                              0.906804
outn_c0                                3.29499
ib_c0                                  1.25994
vd_c0                                 0.481068
outp_c1                                2.81392
xc1.tail                              0.906804
outn_c1                                3.29499
ib_c1                                  1.25994
vd_c1                                 0.481068
outp_c2                                2.81392
xc2.tail                              0.906804
outn_c2                                3.29499
ib_c2                                  1.25994
vd_c2                                 0.481068
ediff_c2#branch                              0
ediff_c1#branch                              0
ediff_c0#branch                              0
einref#branch                                0
vcomb0_7#branch                              0
vcomb1_7#branch                              0
vcomb0_6#branch                              0
vcomb1_6#branch                              0
vcomb0_5#branch                              0
vcomb1_5#branch                              0
vcomb0_4#branch                              0
vcomb1_4#branch                              0
vcomb0_3#branch                              0
vcomb1_3#branch                              0
vcomb0_2#branch                              0
vcomb1_2#branch                              0
vcomb0_1#branch                              0
vcomb1_1#branch                              0
vcomb0_0#branch                              0
vcomb1_0#branch                              0
vinn#branch                                  0
vinp#branch                                  0
vavcc#branch                        -0.0294658

 Reference value :  1.48195e-08
 Reference value :  1.07389e-07
 Reference value :  1.85185e-07
 Reference value :  2.51832e-07
 Reference value :  3.13556e-07
 Reference value :  3.76639e-07
 Reference value :  4.27062e-07
 Reference value :  4.81481e-07
 Reference value :  5.35641e-07
No. of Data Rows : 30333
m_ui_ref            =  3.70370e-09 targ=  7.44741e-09 trig=  3.74370e-09
m_height_c0_0 = -7.525602152e-01
m_height_c0_1 = 9.6213550219e-01
m_height_c0_2 = 9.6213550219e-01
m_height_c0_3 = 9.6213550219e-01
m_height_c0_4 = 9.6213550219e-01
m_height_c0_5 = 9.6213550219e-01
m_height_c0_6 = 9.6213550219e-01
m_height_c0_7 = 9.6213550219e-01
m_eyeh_max_c0 = 9.6213550219e-01
m_eyemask_margin_c0 = 9.6213550219e-01
m_height_c1_0 = -9.324679039e-01
m_height_c1_1 = 9.6213550218e-01
m_height_c1_2 = 9.6213550218e-01
m_height_c1_3 = 9.6213550218e-01
m_height_c1_4 = 9.6213550218e-01
m_height_c1_5 = 9.6213550218e-01
m_height_c1_6 = 9.6213550218e-01
m_height_c1_7 = 9.6213550218e-01
m_eyeh_max_c1 = 9.6213550218e-01
m_eyemask_margin_c1 = 9.6213550218e-01
m_height_c2_0 = -9.464075204e-01
m_height_c2_1 = 9.3646964988e-01
m_height_c2_2 = 9.6213550219e-01
m_height_c2_3 = 9.6213550219e-01
m_height_c2_4 = 9.6213550219e-01
m_height_c2_5 = 9.6213550219e-01
m_height_c2_6 = 9.6213550219e-01
m_height_c2_7 = 9.6213550219e-01
m_eyeh_max_c2 = 9.6213550219e-01
m_eyemask_margin_c2 = 9.6213550219e-01
Note: Simulation executed from .control section 

Warning: m=xx on .subckt line will override multiplier m hierarchy!

