
Note: Compatibility modes selected: hs a


Circuit: * cml-driver-eye-mask @ ss_27c_3.30v_742p5mbps -- generated by sim/harness, do not edit

Doing analysis at TEMP = 27.000000 and TNOM = 27.000000

Using SPARSE 1.3 as Direct Linear Solver

Initial Transient Solution
--------------------------

Node                                   Voltage
----                                   -------
avcc                                       3.3
inp                                      2.805
inn                                      1.815
inref                                     0.99
comb1_0                                      0
comb0_0                                      0
comb1_1                                      0
comb0_1                                      0
comb1_2                                      0
comb0_2                                      0
comb1_3                                      0
comb0_3                                      0
comb1_4                                      0
comb0_4                                      0
comb1_5                                      0
comb0_5                                      0
comb1_6                                      0
comb0_6                                      0
comb1_7                                      0
comb0_7                                      0
outp_c0                                2.80169
xc0.tail                               1.18317
outn_c0                                3.29999
ib_c0                                  1.26269
vd_c0                                 0.498293
outp_c1                                2.80169
xc1.tail                               1.18317
outn_c1                                3.29999
ib_c1                                  1.26269
vd_c1                                 0.498293
outp_c2                                2.80169
xc2.tail                               1.18317
outn_c2                                3.29999
ib_c2                                  1.26269
vd_c2                                 0.498293
ediff_c2#branch                              0
ediff_c1#branch                              0
ediff_c0#branch                              0
einref#branch                                0
vcomb0_7#branch                              0
vcomb1_7#branch                              0
vcomb0_6#branch                              0
vcomb1_6#branch                              0
vcomb0_5#branch                              0
vcomb1_5#branch                              0
vcomb0_4#branch                              0
vcomb1_4#branch                              0
vcomb0_3#branch                              0
vcomb1_3#branch                              0
vcomb0_2#branch                              0
vcomb1_2#branch                              0
vcomb0_1#branch                              0
vcomb1_1#branch                              0
vcomb0_0#branch                              0
vcomb1_0#branch                              0
vinn#branch                                  0
vinp#branch                                  0
vavcc#branch                        -0.0298994

 Reference value :  2.72662e-09
 Reference value :  4.81411e-08
 Reference value :  7.76641e-08
 Reference value :  1.06249e-07
 Reference value :  1.37444e-07
 Reference value :  1.63798e-07
 Reference value :  1.88560e-07
 Reference value :  2.24966e-07
 Reference value :  2.96426e-07
 Reference value :  3.58277e-07
No. of Data Rows : 33327
m_ui_ref            =  1.34680e-09 targ=  2.73360e-09 trig=  1.38680e-09
m_height_c0_0 = -8.365524207e-01
m_height_c0_1 = 9.9658677301e-01
m_height_c0_2 = 9.9658677133e-01
m_height_c0_3 = 9.9658677011e-01
m_height_c0_4 = 9.9658676923e-01
m_height_c0_5 = 9.9658676859e-01
m_height_c0_6 = 9.9658676814e-01
m_height_c0_7 = 9.9658676780e-01
m_eyeh_max_c0 = 9.9658677301e-01
m_eyemask_margin_c0 = 9.9658676814e-01
m_height_c1_0 = -9.730922358e-01
m_height_c1_1 = 8.7992417866e-01
m_height_c1_2 = 9.9591800348e-01
m_height_c1_3 = 9.9658677020e-01
m_height_c1_4 = 9.9658676930e-01
m_height_c1_5 = 9.9658676865e-01
m_height_c1_6 = 9.9658676818e-01
m_height_c1_7 = 9.9658676783e-01
m_eyeh_max_c1 = 9.9658677020e-01
m_eyemask_margin_c1 = 9.9591800348e-01
m_height_c2_0 = -9.843654869e-01
m_height_c2_1 = 5.2716064245e-01
m_height_c2_2 = 9.0757612879e-01
m_height_c2_3 = 9.8154484707e-01
m_height_c2_4 = 9.9537287819e-01
m_height_c2_5 = 9.9658676862e-01
m_height_c2_6 = 9.9658676816e-01
m_height_c2_7 = 9.9658676782e-01
m_eyeh_max_c2 = 9.9658676862e-01
m_eyemask_margin_c2 = 9.0757612879e-01

Warning: m=xx on .subckt line will override multiplier m hierarchy!

doAnalyses: TRAN:  Timestep too small; time = 4.0404e-07, timestep = 5e-23: trouble with node "vinn#branch"


tran simulation(s) aborted
Error: incomplete or empty netlist
       or no ".plot", ".print", or ".fourier" lines in batch mode;
no simulations run!
